=== RUN   TestConvert_AllPaths
=== RUN   TestConvert_AllPaths/NP3ΓåÆXMP
    converter_test.go:77: Γ£ô Converted np3 ΓåÆ xmp successfully (16 files found, tested: Agfa Ultra 100.np3, 978 bytes ΓåÆ 1484 bytes)
=== RUN   TestConvert_AllPaths/NP3ΓåÆLRTemplate
    converter_test.go:77: Γ£ô Converted np3 ΓåÆ lrtemplate successfully (16 files found, tested: Agfa Ultra 100.np3, 978 bytes ΓåÆ 332 bytes)
=== RUN   TestConvert_AllPaths/XMPΓåÆNP3
    converter_test.go:77: Γ£ô Converted xmp ΓåÆ np3 successfully (913 files found, tested: --FL MASTER-FUJI 160NS-Original.xmp, 5438 bytes ΓåÆ 1050 bytes)
=== RUN   TestConvert_AllPaths/XMPΓåÆLRTemplate
    converter_test.go:77: Γ£ô Converted xmp ΓåÆ lrtemplate successfully (913 files found, tested: --FL MASTER-FUJI 160NS-Original.xmp, 5438 bytes ΓåÆ 399 bytes)
=== RUN   TestConvert_AllPaths/LRTemplateΓåÆNP3
    converter_test.go:77: Γ£ô Converted lrtemplate ΓåÆ np3 successfully (527 files found, tested: 00. E - auto tone.lrtemplate, 387 bytes ΓåÆ 1050 bytes)
=== RUN   TestConvert_AllPaths/LRTemplateΓåÆXMP
    converter_test.go:77: Γ£ô Converted lrtemplate ΓåÆ xmp successfully (527 files found, tested: 00. E - auto tone.lrtemplate, 387 bytes ΓåÆ 1191 bytes)
=== RUN   TestConvert_AllPaths/CostyleΓåÆXMP
    converter_test.go:77: Γ£ô Converted costyle ΓåÆ xmp successfully (84 files found, tested: sample1-portrait.costyle, 813 bytes ΓåÆ 1222 bytes)
=== RUN   TestConvert_AllPaths/CostyleΓåÆNP3
    converter_test.go:77: Γ£ô Converted costyle ΓåÆ np3 successfully (84 files found, tested: sample1-portrait.costyle, 813 bytes ΓåÆ 1050 bytes)
=== RUN   TestConvert_AllPaths/XMPΓåÆCostyle
    converter_test.go:77: Γ£ô Converted xmp ΓåÆ costyle successfully (913 files found, tested: --FL MASTER-FUJI 160NS-Original.xmp, 5438 bytes ΓåÆ 202 bytes)
=== RUN   TestConvert_AllPaths/NP3ΓåÆCostyle
    converter_test.go:77: Γ£ô Converted np3 ΓåÆ costyle successfully (16 files found, tested: Agfa Ultra 100.np3, 978 bytes ΓåÆ 266 bytes)
--- PASS: TestConvert_AllPaths (0.03s)
    --- PASS: TestConvert_AllPaths/NP3ΓåÆXMP (0.00s)
    --- PASS: TestConvert_AllPaths/NP3ΓåÆLRTemplate (0.00s)
    --- PASS: TestConvert_AllPaths/XMPΓåÆNP3 (0.00s)
    --- PASS: TestConvert_AllPaths/XMPΓåÆLRTemplate (0.00s)
    --- PASS: TestConvert_AllPaths/LRTemplateΓåÆNP3 (0.00s)
    --- PASS: TestConvert_AllPaths/LRTemplateΓåÆXMP (0.00s)
    --- PASS: TestConvert_AllPaths/CostyleΓåÆXMP (0.00s)
    --- PASS: TestConvert_AllPaths/CostyleΓåÆNP3 (0.00s)
    --- PASS: TestConvert_AllPaths/XMPΓåÆCostyle (0.00s)
    --- PASS: TestConvert_AllPaths/NP3ΓåÆCostyle (0.00s)
=== RUN   TestConvert_InvalidFormat
=== RUN   TestConvert_InvalidFormat/Invalid_from_format
=== RUN   TestConvert_InvalidFormat/Invalid_to_format
=== RUN   TestConvert_InvalidFormat/Empty_from_(will_detect_np3)
--- PASS: TestConvert_InvalidFormat (0.00s)
    --- PASS: TestConvert_InvalidFormat/Invalid_from_format (0.00s)
    --- PASS: TestConvert_InvalidFormat/Invalid_to_format (0.00s)
    --- PASS: TestConvert_InvalidFormat/Empty_from_(will_detect_np3) (0.00s)
=== RUN   TestConvert_CorruptedInput
=== RUN   TestConvert_CorruptedInput/NP3_wrong_size
=== RUN   TestConvert_CorruptedInput/XMP_invalid_XML
=== RUN   TestConvert_CorruptedInput/lrtemplate_invalid_Lua
--- PASS: TestConvert_CorruptedInput (0.00s)
    --- PASS: TestConvert_CorruptedInput/NP3_wrong_size (0.00s)
    --- PASS: TestConvert_CorruptedInput/XMP_invalid_XML (0.00s)
    --- PASS: TestConvert_CorruptedInput/lrtemplate_invalid_Lua (0.00s)
=== RUN   TestConvert_AutoDetect
=== RUN   TestConvert_AutoDetect/Auto-detect_NP3
=== RUN   TestConvert_AutoDetect/Auto-detect_XMP
=== RUN   TestConvert_AutoDetect/Auto-detect_lrtemplate
--- PASS: TestConvert_AutoDetect (0.00s)
    --- PASS: TestConvert_AutoDetect/Auto-detect_NP3 (0.00s)
    --- PASS: TestConvert_AutoDetect/Auto-detect_XMP (0.00s)
    --- PASS: TestConvert_AutoDetect/Auto-detect_lrtemplate (0.00s)
=== RUN   TestDetectFormat_NP3
--- PASS: TestDetectFormat_NP3 (0.00s)
=== RUN   TestDetectFormat_XMP
--- PASS: TestDetectFormat_XMP (0.00s)
=== RUN   TestDetectFormat_LRTemplate
--- PASS: TestDetectFormat_LRTemplate (0.00s)
=== RUN   TestDetectFormat_Costyle
--- PASS: TestDetectFormat_Costyle (0.00s)
=== RUN   TestDetectFormat_Costylepack
--- PASS: TestDetectFormat_Costylepack (0.00s)
=== RUN   TestDetectFormat_Invalid
=== RUN   TestDetectFormat_Invalid/Empty_file
=== RUN   TestDetectFormat_Invalid/Random_data
=== RUN   TestDetectFormat_Invalid/Too_small_NP3
=== RUN   TestDetectFormat_Invalid/XML_without_namespace
--- PASS: TestDetectFormat_Invalid (0.00s)
    --- PASS: TestDetectFormat_Invalid/Empty_file (0.00s)
    --- PASS: TestDetectFormat_Invalid/Random_data (0.00s)
    --- PASS: TestDetectFormat_Invalid/Too_small_NP3 (0.00s)
    --- PASS: TestDetectFormat_Invalid/XML_without_namespace (0.00s)
=== RUN   TestConversionError_Wrapping
--- PASS: TestConversionError_Wrapping (0.00s)
=== RUN   TestConversionError_Warnings
--- PASS: TestConversionError_Warnings (0.00s)
=== RUN   TestRoundTrip
    converter_test.go:395: Γ£ô Round-trip conversion accuracy delegated to format-specific tests
--- PASS: TestRoundTrip (0.00s)
=== RUN   TestConvert_ThreadSafety
    converter_test.go:455: Γ£ô 100 concurrent conversions completed successfully
--- PASS: TestConvert_ThreadSafety (0.00s)
=== RUN   TestRoundTrip_NP3_XMP_NP3
=== PAUSE TestRoundTrip_NP3_XMP_NP3
=== RUN   TestRoundTrip_XMP_NP3_XMP
=== PAUSE TestRoundTrip_XMP_NP3_XMP
=== RUN   TestRoundTrip_NP3_lrtemplate_NP3
=== PAUSE TestRoundTrip_NP3_lrtemplate_NP3
=== RUN   TestRoundTrip_XMP_lrtemplate_XMP
=== PAUSE TestRoundTrip_XMP_lrtemplate_XMP
=== RUN   TestRoundTrip_lrtemplate_NP3_lrtemplate
=== PAUSE TestRoundTrip_lrtemplate_NP3_lrtemplate
=== RUN   TestRoundTrip_lrtemplate_XMP_lrtemplate
=== PAUSE TestRoundTrip_lrtemplate_XMP_lrtemplate
=== CONT  TestRoundTrip_NP3_XMP_NP3
=== CONT  TestRoundTrip_XMP_lrtemplate_XMP
=== CONT  TestRoundTrip_XMP_NP3_XMP
=== CONT  TestRoundTrip_NP3_lrtemplate_NP3
=== CONT  TestRoundTrip_lrtemplate_XMP_lrtemplate
=== CONT  TestRoundTrip_lrtemplate_NP3_lrtemplate
=== NAME  TestRoundTrip_NP3_XMP_NP3
    roundtrip_test.go:34: Testing NP3 ΓåÆ XMP ΓåÆ NP3 with 62 files
=== RUN   TestRoundTrip_NP3_XMP_NP3/Agfa_Ultra_100.np3
=== PAUSE TestRoundTrip_NP3_XMP_NP3/Agfa_Ultra_100.np3
=== RUN   TestRoundTrip_NP3_XMP_NP3/Cubano.np3
=== PAUSE TestRoundTrip_NP3_XMP_NP3/Cubano.np3
=== RUN   TestRoundTrip_NP3_XMP_NP3/Ferrania_Solaris_100.np3
=== PAUSE TestRoundTrip_NP3_XMP_NP3/Ferrania_Solaris_100.np3
=== RUN   TestRoundTrip_NP3_XMP_NP3/Fujifilm_Pro_400H.np3
=== PAUSE TestRoundTrip_NP3_XMP_NP3/Fujifilm_Pro_400H.np3
=== RUN   TestRoundTrip_NP3_XMP_NP3/Fujifilm_Provia_100F.np3
=== PAUSE TestRoundTrip_NP3_XMP_NP3/Fujifilm_Provia_100F.np3
=== RUN   TestRoundTrip_NP3_XMP_NP3/Kodachrome_64.np3
=== PAUSE TestRoundTrip_NP3_XMP_NP3/Kodachrome_64.np3
=== RUN   TestRoundTrip_NP3_XMP_NP3/Kodak_Ektar_100.np3
=== PAUSE TestRoundTrip_NP3_XMP_NP3/Kodak_Ektar_100.np3
=== RUN   TestRoundTrip_NP3_XMP_NP3/Kodak_Gold_200.np3
=== PAUSE TestRoundTrip_NP3_XMP_NP3/Kodak_Gold_200.np3
=== RUN   TestRoundTrip_NP3_XMP_NP3/Kodak_Portra_160.np3
=== PAUSE TestRoundTrip_NP3_XMP_NP3/Kodak_Portra_160.np3
=== RUN   TestRoundTrip_NP3_XMP_NP3/Kodak_Portra_400.np3
=== PAUSE TestRoundTrip_NP3_XMP_NP3/Kodak_Portra_400.np3
=== RUN   TestRoundTrip_NP3_XMP_NP3/Kodak_Portra_800.np3
=== PAUSE TestRoundTrip_NP3_XMP_NP3/Kodak_Portra_800.np3
=== RUN   TestRoundTrip_NP3_XMP_NP3/Leica_Standard.np3
=== PAUSE TestRoundTrip_NP3_XMP_NP3/Leica_Standard.np3
=== RUN   TestRoundTrip_NP3_XMP_NP3/Leica_Vivid.np3
=== PAUSE TestRoundTrip_NP3_XMP_NP3/Leica_Vivid.np3
=== RUN   TestRoundTrip_NP3_XMP_NP3/LoFi.np3
=== PAUSE TestRoundTrip_NP3_XMP_NP3/LoFi.np3
=== RUN   TestRoundTrip_NP3_XMP_NP3/Lomo_100.np3
=== PAUSE TestRoundTrip_NP3_XMP_NP3/Lomo_100.np3
=== RUN   TestRoundTrip_NP3_XMP_NP3/White_Lotus_Season_3.np3
=== PAUSE TestRoundTrip_NP3_XMP_NP3/White_Lotus_Season_3.np3
=== RUN   TestRoundTrip_NP3_XMP_NP3/MONO-CRUNCH.NP3
=== PAUSE TestRoundTrip_NP3_XMP_NP3/MONO-CRUNCH.NP3
=== RUN   TestRoundTrip_NP3_XMP_NP3/MONO-FADE.NP3
=== PAUSE TestRoundTrip_NP3_XMP_NP3/MONO-FADE.NP3
=== RUN   TestRoundTrip_NP3_XMP_NP3/L-BRS.NP3
=== PAUSE TestRoundTrip_NP3_XMP_NP3/L-BRS.NP3
=== RUN   TestRoundTrip_NP3_XMP_NP3/L-CHR.NP3
=== PAUSE TestRoundTrip_NP3_XMP_NP3/L-CHR.NP3
=== RUN   TestRoundTrip_NP3_XMP_NP3/L-CLS.NP3
=== PAUSE TestRoundTrip_NP3_XMP_NP3/L-CLS.NP3
=== RUN   TestRoundTrip_NP3_XMP_NP3/L-CNT.NP3
=== PAUSE TestRoundTrip_NP3_XMP_NP3/L-CNT.NP3
=== RUN   TestRoundTrip_NP3_XMP_NP3/L-ETN.NP3
=== PAUSE TestRoundTrip_NP3_XMP_NP3/L-ETN.NP3
=== RUN   TestRoundTrip_NP3_XMP_NP3/MGA_AcrosLike_FC.NP3
=== PAUSE TestRoundTrip_NP3_XMP_NP3/MGA_AcrosLike_FC.NP3
=== RUN   TestRoundTrip_NP3_XMP_NP3/MGA_BW_Portrait_FC.NP3
=== PAUSE TestRoundTrip_NP3_XMP_NP3/MGA_BW_Portrait_FC.NP3
=== RUN   TestRoundTrip_NP3_XMP_NP3/MGA_Everyday_Chrome.NP3
=== PAUSE TestRoundTrip_NP3_XMP_NP3/MGA_Everyday_Chrome.NP3
=== RUN   TestRoundTrip_NP3_XMP_NP3/MGA_EverydayChromeW.NP3
=== NAME  TestRoundTrip_NP3_lrtemplate_NP3
    roundtrip_test.go:167: Testing NP3 ΓåÆ lrtemplate ΓåÆ NP3 with 62 files
=== PAUSE TestRoundTrip_NP3_XMP_NP3/MGA_EverydayChromeW.NP3
=== RUN   TestRoundTrip_NP3_XMP_NP3/MGA_Futurist_FC.NP3
=== RUN   TestRoundTrip_NP3_lrtemplate_NP3/Agfa_Ultra_100.np3
=== PAUSE TestRoundTrip_NP3_lrtemplate_NP3/Agfa_Ultra_100.np3
=== PAUSE TestRoundTrip_NP3_XMP_NP3/MGA_Futurist_FC.NP3
=== RUN   TestRoundTrip_NP3_lrtemplate_NP3/Cubano.np3
=== PAUSE TestRoundTrip_NP3_lrtemplate_NP3/Cubano.np3
=== RUN   TestRoundTrip_NP3_XMP_NP3/MGA_HCM-Street.NP3
=== RUN   TestRoundTrip_NP3_lrtemplate_NP3/Ferrania_Solaris_100.np3
=== PAUSE TestRoundTrip_NP3_lrtemplate_NP3/Ferrania_Solaris_100.np3
=== RUN   TestRoundTrip_NP3_lrtemplate_NP3/Fujifilm_Pro_400H.np3
=== PAUSE TestRoundTrip_NP3_XMP_NP3/MGA_HCM-Street.NP3
=== PAUSE TestRoundTrip_NP3_lrtemplate_NP3/Fujifilm_Pro_400H.np3
=== RUN   TestRoundTrip_NP3_XMP_NP3/MGA_In-An-Instant.NP3
=== RUN   TestRoundTrip_NP3_lrtemplate_NP3/Fujifilm_Provia_100F.np3
=== PAUSE TestRoundTrip_NP3_XMP_NP3/MGA_In-An-Instant.NP3
=== PAUSE TestRoundTrip_NP3_lrtemplate_NP3/Fujifilm_Provia_100F.np3
=== RUN   TestRoundTrip_NP3_XMP_NP3/MGA_In-An-InstantBW.NP3
=== RUN   TestRoundTrip_NP3_lrtemplate_NP3/Kodachrome_64.np3
=== PAUSE TestRoundTrip_NP3_XMP_NP3/MGA_In-An-InstantBW.NP3
=== PAUSE TestRoundTrip_NP3_lrtemplate_NP3/Kodachrome_64.np3
=== RUN   TestRoundTrip_NP3_XMP_NP3/MGA_Klassic_Khrome.NP3
=== PAUSE TestRoundTrip_NP3_XMP_NP3/MGA_Klassic_Khrome.NP3
=== RUN   TestRoundTrip_NP3_lrtemplate_NP3/Kodak_Ektar_100.np3
=== RUN   TestRoundTrip_NP3_XMP_NP3/MGA_Kodachrome_2025.NP3
=== PAUSE TestRoundTrip_NP3_XMP_NP3/MGA_Kodachrome_2025.NP3
=== PAUSE TestRoundTrip_NP3_lrtemplate_NP3/Kodak_Ektar_100.np3
=== RUN   TestRoundTrip_NP3_XMP_NP3/MGA_LeicaMono_FC.NP3
=== PAUSE TestRoundTrip_NP3_XMP_NP3/MGA_LeicaMono_FC.NP3
=== RUN   TestRoundTrip_NP3_lrtemplate_NP3/Kodak_Gold_200.np3
=== PAUSE TestRoundTrip_NP3_lrtemplate_NP3/Kodak_Gold_200.np3
=== RUN   TestRoundTrip_NP3_XMP_NP3/MGA_MonoFilmic_FC.NP3
=== RUN   TestRoundTrip_NP3_lrtemplate_NP3/Kodak_Portra_160.np3
=== PAUSE TestRoundTrip_NP3_XMP_NP3/MGA_MonoFilmic_FC.NP3
=== PAUSE TestRoundTrip_NP3_lrtemplate_NP3/Kodak_Portra_160.np3
=== RUN   TestRoundTrip_NP3_XMP_NP3/MGA_Natural_FC.NP3
=== RUN   TestRoundTrip_NP3_lrtemplate_NP3/Kodak_Portra_400.np3
=== PAUSE TestRoundTrip_NP3_lrtemplate_NP3/Kodak_Portra_400.np3
=== PAUSE TestRoundTrip_NP3_XMP_NP3/MGA_Natural_FC.NP3
=== RUN   TestRoundTrip_NP3_lrtemplate_NP3/Kodak_Portra_800.np3
=== PAUSE TestRoundTrip_NP3_lrtemplate_NP3/Kodak_Portra_800.np3
=== RUN   TestRoundTrip_NP3_lrtemplate_NP3/Leica_Standard.np3
=== RUN   TestRoundTrip_NP3_XMP_NP3/MGA_Nostalgic_FC.NP3
=== PAUSE TestRoundTrip_NP3_lrtemplate_NP3/Leica_Standard.np3
=== PAUSE TestRoundTrip_NP3_XMP_NP3/MGA_Nostalgic_FC.NP3
=== RUN   TestRoundTrip_NP3_lrtemplate_NP3/Leica_Vivid.np3
=== PAUSE TestRoundTrip_NP3_lrtemplate_NP3/Leica_Vivid.np3
=== RUN   TestRoundTrip_NP3_XMP_NP3/MGA_Nostalgic_Past.NP3
=== RUN   TestRoundTrip_NP3_lrtemplate_NP3/LoFi.np3
=== PAUSE TestRoundTrip_NP3_lrtemplate_NP3/LoFi.np3
=== PAUSE TestRoundTrip_NP3_XMP_NP3/MGA_Nostalgic_Past.NP3
=== RUN   TestRoundTrip_NP3_XMP_NP3/MGA_OldFilmish_FC.NP3
=== PAUSE TestRoundTrip_NP3_XMP_NP3/MGA_OldFilmish_FC.NP3
=== RUN   TestRoundTrip_NP3_XMP_NP3/MGA_OldSchool_RTP.NP3
=== PAUSE TestRoundTrip_NP3_XMP_NP3/MGA_OldSchool_RTP.NP3
=== RUN   TestRoundTrip_NP3_XMP_NP3/MGA_Paintry_FC.NP3
=== PAUSE TestRoundTrip_NP3_XMP_NP3/MGA_Paintry_FC.NP3
=== RUN   TestRoundTrip_NP3_lrtemplate_NP3/Lomo_100.np3
=== RUN   TestRoundTrip_NP3_XMP_NP3/MGA_Portra-Fade_FC.NP3
=== PAUSE TestRoundTrip_NP3_XMP_NP3/MGA_Portra-Fade_FC.NP3
=== RUN   TestRoundTrip_NP3_XMP_NP3/MGA_Portra-Ish_FC.NP3
=== PAUSE TestRoundTrip_NP3_lrtemplate_NP3/Lomo_100.np3
=== PAUSE TestRoundTrip_NP3_XMP_NP3/MGA_Portra-Ish_FC.NP3
=== RUN   TestRoundTrip_NP3_XMP_NP3/MGA_Retrofy_2.NP3
=== PAUSE TestRoundTrip_NP3_XMP_NP3/MGA_Retrofy_2.NP3
=== RUN   TestRoundTrip_NP3_lrtemplate_NP3/White_Lotus_Season_3.np3
=== RUN   TestRoundTrip_NP3_XMP_NP3/MGA_Retrofy.NP3
=== PAUSE TestRoundTrip_NP3_lrtemplate_NP3/White_Lotus_Season_3.np3
=== PAUSE TestRoundTrip_NP3_XMP_NP3/MGA_Retrofy.NP3
=== RUN   TestRoundTrip_NP3_lrtemplate_NP3/MONO-CRUNCH.NP3
=== PAUSE TestRoundTrip_NP3_lrtemplate_NP3/MONO-CRUNCH.NP3
=== RUN   TestRoundTrip_NP3_XMP_NP3/MGA_Sandstorm.NP3
=== RUN   TestRoundTrip_NP3_lrtemplate_NP3/MONO-FADE.NP3
=== PAUSE TestRoundTrip_NP3_lrtemplate_NP3/MONO-FADE.NP3
=== RUN   TestRoundTrip_NP3_lrtemplate_NP3/L-BRS.NP3
=== PAUSE TestRoundTrip_NP3_lrtemplate_NP3/L-BRS.NP3
=== PAUSE TestRoundTrip_NP3_XMP_NP3/MGA_Sandstorm.NP3
=== RUN   TestRoundTrip_NP3_lrtemplate_NP3/L-CHR.NP3
=== RUN   TestRoundTrip_NP3_XMP_NP3/MGA_Slide_2.NP3
=== PAUSE TestRoundTrip_NP3_lrtemplate_NP3/L-CHR.NP3
=== PAUSE TestRoundTrip_NP3_XMP_NP3/MGA_Slide_2.NP3
=== RUN   TestRoundTrip_NP3_XMP_NP3/MGA_Slide.NP3
=== PAUSE TestRoundTrip_NP3_XMP_NP3/MGA_Slide.NP3
=== RUN   TestRoundTrip_NP3_XMP_NP3/MGA_Summer_Memories.NP3
=== PAUSE TestRoundTrip_NP3_XMP_NP3/MGA_Summer_Memories.NP3
=== RUN   TestRoundTrip_NP3_XMP_NP3/MGA_TriX.NP3
=== RUN   TestRoundTrip_NP3_lrtemplate_NP3/L-CLS.NP3
=== PAUSE TestRoundTrip_NP3_XMP_NP3/MGA_TriX.NP3
=== RUN   TestRoundTrip_NP3_XMP_NP3/MGA_WEZZY.NP3
=== PAUSE TestRoundTrip_NP3_lrtemplate_NP3/L-CLS.NP3
=== PAUSE TestRoundTrip_NP3_XMP_NP3/MGA_WEZZY.NP3
=== RUN   TestRoundTrip_NP3_lrtemplate_NP3/L-CNT.NP3
=== PAUSE TestRoundTrip_NP3_lrtemplate_NP3/L-CNT.NP3
=== RUN   TestRoundTrip_NP3_XMP_NP3/Agfa_Optima.NP3
=== RUN   TestRoundTrip_NP3_lrtemplate_NP3/L-ETN.NP3
=== PAUSE TestRoundTrip_NP3_XMP_NP3/Agfa_Optima.NP3
=== RUN   TestRoundTrip_NP3_XMP_NP3/Cinematic_Film_250D.NP3
=== PAUSE TestRoundTrip_NP3_lrtemplate_NP3/L-ETN.NP3
=== PAUSE TestRoundTrip_NP3_XMP_NP3/Cinematic_Film_250D.NP3
=== RUN   TestRoundTrip_NP3_lrtemplate_NP3/MGA_AcrosLike_FC.NP3
=== RUN   TestRoundTrip_NP3_XMP_NP3/Downshift.NP3
=== PAUSE TestRoundTrip_NP3_XMP_NP3/Downshift.NP3
=== PAUSE TestRoundTrip_NP3_lrtemplate_NP3/MGA_AcrosLike_FC.NP3
=== RUN   TestRoundTrip_NP3_lrtemplate_NP3/MGA_BW_Portrait_FC.NP3
=== RUN   TestRoundTrip_NP3_XMP_NP3/Hawthorn.NP3
=== PAUSE TestRoundTrip_NP3_XMP_NP3/Hawthorn.NP3
=== PAUSE TestRoundTrip_NP3_lrtemplate_NP3/MGA_BW_Portrait_FC.NP3
=== RUN   TestRoundTrip_NP3_XMP_NP3/LUX_Chrome.NP3
=== RUN   TestRoundTrip_NP3_lrtemplate_NP3/MGA_Everyday_Chrome.NP3
=== PAUSE TestRoundTrip_NP3_XMP_NP3/LUX_Chrome.NP3
=== PAUSE TestRoundTrip_NP3_lrtemplate_NP3/MGA_Everyday_Chrome.NP3
=== RUN   TestRoundTrip_NP3_XMP_NP3/Modern_Kodachrome.NP3
=== RUN   TestRoundTrip_NP3_lrtemplate_NP3/MGA_EverydayChromeW.NP3
=== PAUSE TestRoundTrip_NP3_XMP_NP3/Modern_Kodachrome.NP3
=== PAUSE TestRoundTrip_NP3_lrtemplate_NP3/MGA_EverydayChromeW.NP3
=== RUN   TestRoundTrip_NP3_XMP_NP3/Superia_Premium_400.NP3
=== PAUSE TestRoundTrip_NP3_XMP_NP3/Superia_Premium_400.NP3
=== RUN   TestRoundTrip_NP3_XMP_NP3/Versa_Negative_Std.NP3
=== RUN   TestRoundTrip_NP3_lrtemplate_NP3/MGA_Futurist_FC.NP3
=== PAUSE TestRoundTrip_NP3_XMP_NP3/Versa_Negative_Std.NP3
=== PAUSE TestRoundTrip_NP3_lrtemplate_NP3/MGA_Futurist_FC.NP3
=== RUN   TestRoundTrip_NP3_XMP_NP3/Versa_Positive_Std.NP3
=== PAUSE TestRoundTrip_NP3_XMP_NP3/Versa_Positive_Std.NP3
=== RUN   TestRoundTrip_NP3_lrtemplate_NP3/MGA_HCM-Street.NP3
=== RUN   TestRoundTrip_NP3_XMP_NP3/Versa_Retro_Std.NP3
=== PAUSE TestRoundTrip_NP3_XMP_NP3/Versa_Retro_Std.NP3
=== PAUSE TestRoundTrip_NP3_lrtemplate_NP3/MGA_HCM-Street.NP3
=== RUN   TestRoundTrip_NP3_lrtemplate_NP3/MGA_In-An-Instant.NP3
=== PAUSE TestRoundTrip_NP3_lrtemplate_NP3/MGA_In-An-Instant.NP3
=== RUN   TestRoundTrip_NP3_XMP_NP3/Ricoh_GRiiix.NP3
=== RUN   TestRoundTrip_NP3_lrtemplate_NP3/MGA_In-An-InstantBW.NP3
=== PAUSE TestRoundTrip_NP3_XMP_NP3/Ricoh_GRiiix.NP3
=== PAUSE TestRoundTrip_NP3_lrtemplate_NP3/MGA_In-An-InstantBW.NP3
=== RUN   TestRoundTrip_NP3_lrtemplate_NP3/MGA_Klassic_Khrome.NP3
=== CONT  TestRoundTrip_NP3_XMP_NP3/Versa_Positive_Std.NP3
=== CONT  TestRoundTrip_NP3_XMP_NP3/Agfa_Ultra_100.np3
=== CONT  TestRoundTrip_NP3_XMP_NP3/MGA_In-An-InstantBW.NP3
=== CONT  TestRoundTrip_NP3_XMP_NP3/White_Lotus_Season_3.np3
=== CONT  TestRoundTrip_NP3_XMP_NP3/MGA_Sandstorm.NP3
=== CONT  TestRoundTrip_NP3_XMP_NP3/MGA_AcrosLike_FC.NP3
=== CONT  TestRoundTrip_NP3_XMP_NP3/MGA_Futurist_FC.NP3
=== CONT  TestRoundTrip_NP3_XMP_NP3/MGA_OldFilmish_FC.NP3
=== CONT  TestRoundTrip_NP3_XMP_NP3/MGA_Portra-Ish_FC.NP3
=== CONT  TestRoundTrip_NP3_XMP_NP3/L-ETN.NP3
=== CONT  TestRoundTrip_NP3_XMP_NP3/MGA_Retrofy.NP3
=== CONT  TestRoundTrip_NP3_XMP_NP3/MGA_Portra-Fade_FC.NP3
=== CONT  TestRoundTrip_NP3_XMP_NP3/Modern_Kodachrome.NP3
=== CONT  TestRoundTrip_NP3_XMP_NP3/Lomo_100.np3
=== NAME  TestRoundTrip_NP3_XMP_NP3/MGA_OldFilmish_FC.NP3
    roundtrip_test.go:77: Clarity outside typical range: orig=95 (expected loss, see docs/known-conversion-limitations.md)
=== CONT  TestRoundTrip_NP3_XMP_NP3/Ricoh_GRiiix.NP3
=== CONT  TestRoundTrip_NP3_XMP_NP3/LoFi.np3
=== CONT  TestRoundTrip_NP3_XMP_NP3/Leica_Vivid.np3
=== PAUSE TestRoundTrip_NP3_lrtemplate_NP3/MGA_Klassic_Khrome.NP3
=== CONT  TestRoundTrip_NP3_XMP_NP3/Versa_Retro_Std.NP3
=== CONT  TestRoundTrip_NP3_XMP_NP3/Versa_Negative_Std.NP3
=== CONT  TestRoundTrip_NP3_XMP_NP3/MGA_Nostalgic_Past.NP3
=== CONT  TestRoundTrip_NP3_XMP_NP3/MGA_In-An-Instant.NP3
=== CONT  TestRoundTrip_NP3_XMP_NP3/Superia_Premium_400.NP3
=== CONT  TestRoundTrip_NP3_XMP_NP3/MGA_Natural_FC.NP3
=== RUN   TestRoundTrip_NP3_lrtemplate_NP3/MGA_Kodachrome_2025.NP3
=== PAUSE TestRoundTrip_NP3_lrtemplate_NP3/MGA_Kodachrome_2025.NP3
=== NAME  TestRoundTrip_lrtemplate_NP3_lrtemplate
    roundtrip_test.go:294: Testing lrtemplate ΓåÆ NP3 ΓåÆ lrtemplate with 527 files
=== NAME  TestRoundTrip_NP3_XMP_NP3/MGA_Retrofy.NP3
    roundtrip_test.go:77: Clarity outside typical range: orig=100 (expected loss, see docs/known-conversion-limitations.md)
=== CONT  TestRoundTrip_NP3_XMP_NP3/Kodak_Portra_800.np3
=== CONT  TestRoundTrip_NP3_XMP_NP3/Leica_Standard.np3
=== CONT  TestRoundTrip_NP3_XMP_NP3/Ferrania_Solaris_100.np3
=== CONT  TestRoundTrip_NP3_XMP_NP3/MGA_MonoFilmic_FC.NP3
=== RUN   TestRoundTrip_NP3_lrtemplate_NP3/MGA_LeicaMono_FC.NP3
=== RUN   TestRoundTrip_lrtemplate_NP3_lrtemplate/00._E_-_auto_tone.lrtemplate
=== PAUSE TestRoundTrip_NP3_lrtemplate_NP3/MGA_LeicaMono_FC.NP3
=== PAUSE TestRoundTrip_lrtemplate_NP3_lrtemplate/00._E_-_auto_tone.lrtemplate
=== CONT  TestRoundTrip_NP3_XMP_NP3/Cubano.np3
=== RUN   TestRoundTrip_lrtemplate_NP3_lrtemplate/00._E_-_auto_wb.lrtemplate
=== RUN   TestRoundTrip_NP3_lrtemplate_NP3/MGA_MonoFilmic_FC.NP3
=== CONT  TestRoundTrip_NP3_XMP_NP3/MGA_LeicaMono_FC.NP3
=== CONT  TestRoundTrip_NP3_XMP_NP3/Kodak_Portra_400.np3
=== CONT  TestRoundTrip_NP3_XMP_NP3/MGA_Kodachrome_2025.NP3
=== CONT  TestRoundTrip_NP3_XMP_NP3/Kodak_Portra_160.np3
=== CONT  TestRoundTrip_NP3_XMP_NP3/MGA_Klassic_Khrome.NP3
=== NAME  TestRoundTrip_NP3_XMP_NP3/Ricoh_GRiiix.NP3
    roundtrip_test.go:77: Highlights: orig=-41 (expected loss: NP3 doesn't support this parameter)
=== NAME  TestRoundTrip_NP3_XMP_NP3/MGA_LeicaMono_FC.NP3
    roundtrip_test.go:77: Clarity outside typical range: orig=80 (expected loss, see docs/known-conversion-limitations.md)
=== CONT  TestRoundTrip_NP3_XMP_NP3/L-BRS.NP3
=== CONT  TestRoundTrip_NP3_XMP_NP3/MONO-FADE.NP3
=== NAME  TestRoundTrip_NP3_XMP_NP3/Ricoh_GRiiix.NP3
    roundtrip_test.go:77: Shadows: orig=10 (expected loss: NP3 doesn't support this parameter)
    roundtrip_test.go:77: Whites: orig=-60 (expected loss: NP3 doesn't support this parameter)
    roundtrip_test.go:77: Blacks: orig=-50 (expected loss: NP3 doesn't support this parameter)
=== CONT  TestRoundTrip_NP3_XMP_NP3/MONO-CRUNCH.NP3
=== CONT  TestRoundTrip_NP3_XMP_NP3/L-CHR.NP3
=== CONT  TestRoundTrip_NP3_XMP_NP3/Kodak_Ektar_100.np3
=== CONT  TestRoundTrip_NP3_XMP_NP3/Kodachrome_64.np3
=== CONT  TestRoundTrip_NP3_XMP_NP3/MGA_EverydayChromeW.NP3
=== CONT  TestRoundTrip_NP3_XMP_NP3/Fujifilm_Provia_100F.np3
=== CONT  TestRoundTrip_NP3_XMP_NP3/Fujifilm_Pro_400H.np3
=== CONT  TestRoundTrip_NP3_XMP_NP3/MGA_BW_Portrait_FC.NP3
=== CONT  TestRoundTrip_NP3_XMP_NP3/MGA_Everyday_Chrome.NP3
=== CONT  TestRoundTrip_NP3_XMP_NP3/LUX_Chrome.NP3
=== CONT  TestRoundTrip_NP3_XMP_NP3/Agfa_Optima.NP3
=== NAME  TestRoundTrip_NP3_XMP_NP3/Modern_Kodachrome.NP3
    roundtrip_test.go:77: Highlights: orig=-25 (expected loss: NP3 doesn't support this parameter)
    roundtrip_test.go:77: Shadows: orig=-22 (expected loss: NP3 doesn't support this parameter)
    roundtrip_test.go:77: Whites: orig=10 (expected loss: NP3 doesn't support this parameter)
=== CONT  TestRoundTrip_NP3_XMP_NP3/MGA_Nostalgic_FC.NP3
=== NAME  TestRoundTrip_lrtemplate_XMP_lrtemplate
    roundtrip_test.go:355: Testing lrtemplate ΓåÆ XMP ΓåÆ lrtemplate with 527 files
=== CONT  TestRoundTrip_NP3_XMP_NP3/L-CNT.NP3
=== RUN   TestRoundTrip_lrtemplate_XMP_lrtemplate/00._E_-_auto_tone.lrtemplate
=== PAUSE TestRoundTrip_lrtemplate_NP3_lrtemplate/00._E_-_auto_wb.lrtemplate
=== PAUSE TestRoundTrip_NP3_lrtemplate_NP3/MGA_MonoFilmic_FC.NP3
=== RUN   TestRoundTrip_lrtemplate_NP3_lrtemplate/00._E_-_grain_x.lrtemplate
=== PAUSE TestRoundTrip_lrtemplate_NP3_lrtemplate/00._E_-_grain_x.lrtemplate
=== NAME  TestRoundTrip_NP3_XMP_NP3/Leica_Standard.np3
    roundtrip_test.go:77: Highlights: orig=-5 (expected loss: NP3 doesn't support this parameter)
=== CONT  TestRoundTrip_NP3_XMP_NP3/Cinematic_Film_250D.NP3
=== RUN   TestRoundTrip_NP3_lrtemplate_NP3/MGA_Natural_FC.NP3
=== NAME  TestRoundTrip_NP3_XMP_NP3/Leica_Standard.np3
    roundtrip_test.go:77: Shadows: orig=-20 (expected loss: NP3 doesn't support this parameter)
=== CONT  TestRoundTrip_NP3_XMP_NP3/Kodak_Gold_200.np3
=== NAME  TestRoundTrip_NP3_XMP_NP3/Leica_Vivid.np3
    roundtrip_test.go:77: Shadows: orig=-25 (expected loss: NP3 doesn't support this parameter)
    roundtrip_test.go:77: Whites: orig=5 (expected loss: NP3 doesn't support this parameter)
=== CONT  TestRoundTrip_NP3_XMP_NP3/MGA_WEZZY.NP3
=== CONT  TestRoundTrip_NP3_XMP_NP3/MGA_TriX.NP3
=== NAME  TestRoundTrip_NP3_XMP_NP3/MGA_EverydayChromeW.NP3
    roundtrip_test.go:77: Highlights: orig=20 (expected loss: NP3 doesn't support this parameter)
    roundtrip_test.go:77: Shadows: orig=-10 (expected loss: NP3 doesn't support this parameter)
=== CONT  TestRoundTrip_NP3_XMP_NP3/Downshift.NP3
=== CONT  TestRoundTrip_NP3_XMP_NP3/Hawthorn.NP3
=== CONT  TestRoundTrip_NP3_XMP_NP3/MGA_Summer_Memories.NP3
=== NAME  TestRoundTrip_NP3_XMP_NP3/Modern_Kodachrome.NP3
    roundtrip_test.go:77: Blacks: orig=-34 (expected loss: NP3 doesn't support this parameter)
=== PAUSE TestRoundTrip_lrtemplate_XMP_lrtemplate/00._E_-_auto_tone.lrtemplate
=== CONT  TestRoundTrip_NP3_XMP_NP3/MGA_Retrofy_2.NP3
=== NAME  TestRoundTrip_NP3_XMP_NP3/MGA_Everyday_Chrome.NP3
    roundtrip_test.go:77: Highlights: orig=20 (expected loss: NP3 doesn't support this parameter)
=== RUN   TestRoundTrip_lrtemplate_NP3_lrtemplate/00._E_-_o_.lrtemplate
=== CONT  TestRoundTrip_NP3_XMP_NP3/L-CLS.NP3
=== PAUSE TestRoundTrip_NP3_lrtemplate_NP3/MGA_Natural_FC.NP3
=== NAME  TestRoundTrip_NP3_XMP_NP3/Leica_Standard.np3
    roundtrip_test.go:77: Whites: orig=10 (expected loss: NP3 doesn't support this parameter)
=== CONT  TestRoundTrip_NP3_XMP_NP3/MGA_Paintry_FC.NP3
=== NAME  TestRoundTrip_NP3_XMP_NP3/MGA_Everyday_Chrome.NP3
    roundtrip_test.go:77: Shadows: orig=-10 (expected loss: NP3 doesn't support this parameter)
    roundtrip_test.go:77: Whites: orig=25 (expected loss: NP3 doesn't support this parameter)
    roundtrip_test.go:77: Blacks: orig=-10 (expected loss: NP3 doesn't support this parameter)
=== PAUSE TestRoundTrip_lrtemplate_NP3_lrtemplate/00._E_-_o_.lrtemplate
=== RUN   TestRoundTrip_NP3_lrtemplate_NP3/MGA_Nostalgic_FC.NP3
=== PAUSE TestRoundTrip_NP3_lrtemplate_NP3/MGA_Nostalgic_FC.NP3
=== RUN   TestRoundTrip_lrtemplate_NP3_lrtemplate/01._E_-_Kodak_Portra_+_i.lrtemplate
=== RUN   TestRoundTrip_NP3_lrtemplate_NP3/MGA_Nostalgic_Past.NP3
=== NAME  TestRoundTrip_NP3_XMP_NP3/Leica_Vivid.np3
    roundtrip_test.go:77: Blacks: orig=-10 (expected loss: NP3 doesn't support this parameter)
=== CONT  TestRoundTrip_NP3_XMP_NP3/MGA_Slide.NP3
=== CONT  TestRoundTrip_NP3_XMP_NP3/MGA_HCM-Street.NP3
=== CONT  TestRoundTrip_NP3_XMP_NP3/MGA_OldSchool_RTP.NP3
=== CONT  TestRoundTrip_NP3_XMP_NP3/MGA_Slide_2.NP3
=== NAME  TestRoundTrip_NP3_XMP_NP3/MGA_EverydayChromeW.NP3
    roundtrip_test.go:77: Whites: orig=25 (expected loss: NP3 doesn't support this parameter)
    roundtrip_test.go:77: Blacks: orig=-10 (expected loss: NP3 doesn't support this parameter)
=== RUN   TestRoundTrip_lrtemplate_XMP_lrtemplate/00._E_-_auto_wb.lrtemplate
=== PAUSE TestRoundTrip_lrtemplate_NP3_lrtemplate/01._E_-_Kodak_Portra_+_i.lrtemplate
=== PAUSE TestRoundTrip_NP3_lrtemplate_NP3/MGA_Nostalgic_Past.NP3
=== NAME  TestRoundTrip_NP3_XMP_NP3/Leica_Standard.np3
    roundtrip_test.go:77: Blacks: orig=-10 (expected loss: NP3 doesn't support this parameter)
=== NAME  TestRoundTrip_NP3_XMP_NP3/MGA_Paintry_FC.NP3
    roundtrip_test.go:77: Clarity outside typical range: orig=100 (expected loss, see docs/known-conversion-limitations.md)
=== NAME  TestRoundTrip_NP3_XMP_NP3/MGA_Retrofy_2.NP3
    roundtrip_test.go:77: Clarity outside typical range: orig=100 (expected loss, see docs/known-conversion-limitations.md)
=== NAME  TestRoundTrip_NP3_XMP_NP3/MGA_Paintry_FC.NP3
    roundtrip_test.go:77: Shadows: orig=-33 (expected loss: NP3 doesn't support this parameter)
=== PAUSE TestRoundTrip_lrtemplate_XMP_lrtemplate/00._E_-_auto_wb.lrtemplate
=== RUN   TestRoundTrip_lrtemplate_XMP_lrtemplate/00._E_-_grain_x.lrtemplate
=== RUN   TestRoundTrip_lrtemplate_NP3_lrtemplate/02._E_-_Kodak_Portra_+_ii.lrtemplate
--- PASS: TestRoundTrip_NP3_XMP_NP3 (0.00s)
    --- PASS: TestRoundTrip_NP3_XMP_NP3/MGA_AcrosLike_FC.NP3 (0.00s)
    --- PASS: TestRoundTrip_NP3_XMP_NP3/White_Lotus_Season_3.np3 (0.00s)
    --- PASS: TestRoundTrip_NP3_XMP_NP3/MGA_Portra-Ish_FC.NP3 (0.00s)
    --- PASS: TestRoundTrip_NP3_XMP_NP3/Agfa_Ultra_100.np3 (0.00s)
    --- PASS: TestRoundTrip_NP3_XMP_NP3/MGA_Futurist_FC.NP3 (0.00s)
    --- PASS: TestRoundTrip_NP3_XMP_NP3/MGA_Portra-Fade_FC.NP3 (0.00s)
    --- PASS: TestRoundTrip_NP3_XMP_NP3/MGA_OldFilmish_FC.NP3 (0.00s)
    --- PASS: TestRoundTrip_NP3_XMP_NP3/MGA_Sandstorm.NP3 (0.00s)
    --- PASS: TestRoundTrip_NP3_XMP_NP3/Lomo_100.np3 (0.00s)
    --- PASS: TestRoundTrip_NP3_XMP_NP3/MGA_Retrofy.NP3 (0.00s)
    --- PASS: TestRoundTrip_NP3_XMP_NP3/MGA_Nostalgic_Past.NP3 (0.00s)
    --- PASS: TestRoundTrip_NP3_XMP_NP3/Versa_Negative_Std.NP3 (0.00s)
    --- PASS: TestRoundTrip_NP3_XMP_NP3/MGA_Natural_FC.NP3 (0.00s)
    --- PASS: TestRoundTrip_NP3_XMP_NP3/L-ETN.NP3 (0.00s)
    --- PASS: TestRoundTrip_NP3_XMP_NP3/Superia_Premium_400.NP3 (0.00s)
    --- PASS: TestRoundTrip_NP3_XMP_NP3/Versa_Positive_Std.NP3 (0.00s)
    --- PASS: TestRoundTrip_NP3_XMP_NP3/MGA_In-An-InstantBW.NP3 (0.00s)
    --- PASS: TestRoundTrip_NP3_XMP_NP3/LoFi.np3 (0.00s)
    --- PASS: TestRoundTrip_NP3_XMP_NP3/Versa_Retro_Std.NP3 (0.00s)
    --- PASS: TestRoundTrip_NP3_XMP_NP3/Kodak_Portra_800.np3 (0.00s)
    --- PASS: TestRoundTrip_NP3_XMP_NP3/MGA_In-An-Instant.NP3 (0.00s)
    --- PASS: TestRoundTrip_NP3_XMP_NP3/Ferrania_Solaris_100.np3 (0.00s)
    --- PASS: TestRoundTrip_NP3_XMP_NP3/MGA_MonoFilmic_FC.NP3 (0.00s)
    --- PASS: TestRoundTrip_NP3_XMP_NP3/MGA_LeicaMono_FC.NP3 (0.00s)
    --- PASS: TestRoundTrip_NP3_XMP_NP3/Cubano.np3 (0.00s)
    --- PASS: TestRoundTrip_NP3_XMP_NP3/Ricoh_GRiiix.NP3 (0.00s)
    --- PASS: TestRoundTrip_NP3_XMP_NP3/Kodak_Portra_400.np3 (0.00s)
    --- PASS: TestRoundTrip_NP3_XMP_NP3/Kodak_Portra_160.np3 (0.00s)
    --- PASS: TestRoundTrip_NP3_XMP_NP3/MGA_Kodachrome_2025.NP3 (0.00s)
    --- PASS: TestRoundTrip_NP3_XMP_NP3/Kodachrome_64.np3 (0.00s)
    --- PASS: TestRoundTrip_NP3_XMP_NP3/MONO-CRUNCH.NP3 (0.00s)
    --- PASS: TestRoundTrip_NP3_XMP_NP3/L-BRS.NP3 (0.00s)
    --- PASS: TestRoundTrip_NP3_XMP_NP3/MGA_Klassic_Khrome.NP3 (0.00s)
    --- PASS: TestRoundTrip_NP3_XMP_NP3/MONO-FADE.NP3 (0.00s)
    --- PASS: TestRoundTrip_NP3_XMP_NP3/Fujifilm_Provia_100F.np3 (0.00s)
    --- PASS: TestRoundTrip_NP3_XMP_NP3/L-CHR.NP3 (0.00s)
    --- PASS: TestRoundTrip_NP3_XMP_NP3/Fujifilm_Pro_400H.np3 (0.00s)
    --- PASS: TestRoundTrip_NP3_XMP_NP3/Kodak_Ektar_100.np3 (0.00s)
    --- PASS: TestRoundTrip_NP3_XMP_NP3/MGA_BW_Portrait_FC.NP3 (0.00s)
    --- PASS: TestRoundTrip_NP3_XMP_NP3/MGA_Nostalgic_FC.NP3 (0.00s)
    --- PASS: TestRoundTrip_NP3_XMP_NP3/Agfa_Optima.NP3 (0.00s)
    --- PASS: TestRoundTrip_NP3_XMP_NP3/L-CNT.NP3 (0.00s)
    --- PASS: TestRoundTrip_NP3_XMP_NP3/LUX_Chrome.NP3 (0.00s)
    --- PASS: TestRoundTrip_NP3_XMP_NP3/Kodak_Gold_200.np3 (0.00s)
    --- PASS: TestRoundTrip_NP3_XMP_NP3/Cinematic_Film_250D.NP3 (0.00s)
    --- PASS: TestRoundTrip_NP3_XMP_NP3/MGA_WEZZY.NP3 (0.00s)
    --- PASS: TestRoundTrip_NP3_XMP_NP3/MGA_Everyday_Chrome.NP3 (0.00s)
    --- PASS: TestRoundTrip_NP3_XMP_NP3/Modern_Kodachrome.NP3 (0.01s)
    --- PASS: TestRoundTrip_NP3_XMP_NP3/Leica_Vivid.np3 (0.00s)
    --- PASS: TestRoundTrip_NP3_XMP_NP3/MGA_TriX.NP3 (0.00s)
    --- PASS: TestRoundTrip_NP3_XMP_NP3/MGA_EverydayChromeW.NP3 (0.00s)
    --- PASS: TestRoundTrip_NP3_XMP_NP3/Downshift.NP3 (0.00s)
    --- PASS: TestRoundTrip_NP3_XMP_NP3/L-CLS.NP3 (0.00s)
    --- PASS: TestRoundTrip_NP3_XMP_NP3/Hawthorn.NP3 (0.00s)
    --- PASS: TestRoundTrip_NP3_XMP_NP3/MGA_Slide.NP3 (0.00s)
    --- PASS: TestRoundTrip_NP3_XMP_NP3/MGA_Summer_Memories.NP3 (0.00s)
    --- PASS: TestRoundTrip_NP3_XMP_NP3/MGA_OldSchool_RTP.NP3 (0.00s)
    --- PASS: TestRoundTrip_NP3_XMP_NP3/MGA_Slide_2.NP3 (0.00s)
    --- PASS: TestRoundTrip_NP3_XMP_NP3/Leica_Standard.np3 (0.00s)
    --- PASS: TestRoundTrip_NP3_XMP_NP3/MGA_Retrofy_2.NP3 (0.00s)
    --- PASS: TestRoundTrip_NP3_XMP_NP3/MGA_Paintry_FC.NP3 (0.00s)
    --- PASS: TestRoundTrip_NP3_XMP_NP3/MGA_HCM-Street.NP3 (0.00s)
=== PAUSE TestRoundTrip_lrtemplate_NP3_lrtemplate/02._E_-_Kodak_Portra_+_ii.lrtemplate
=== PAUSE TestRoundTrip_lrtemplate_XMP_lrtemplate/00._E_-_grain_x.lrtemplate
=== RUN   TestRoundTrip_NP3_lrtemplate_NP3/MGA_OldFilmish_FC.NP3
=== RUN   TestRoundTrip_lrtemplate_NP3_lrtemplate/03._E_-_Kodak_Portra_+_iii.lrtemplate
=== PAUSE TestRoundTrip_NP3_lrtemplate_NP3/MGA_OldFilmish_FC.NP3
=== PAUSE TestRoundTrip_lrtemplate_NP3_lrtemplate/03._E_-_Kodak_Portra_+_iii.lrtemplate
=== RUN   TestRoundTrip_lrtemplate_XMP_lrtemplate/00._E_-_o_.lrtemplate
=== RUN   TestRoundTrip_NP3_lrtemplate_NP3/MGA_OldSchool_RTP.NP3
=== PAUSE TestRoundTrip_NP3_lrtemplate_NP3/MGA_OldSchool_RTP.NP3
=== RUN   TestRoundTrip_lrtemplate_NP3_lrtemplate/04._E_-_Kodak_Portra_+_iiii.lrtemplate
=== RUN   TestRoundTrip_NP3_lrtemplate_NP3/MGA_Paintry_FC.NP3
=== PAUSE TestRoundTrip_lrtemplate_NP3_lrtemplate/04._E_-_Kodak_Portra_+_iiii.lrtemplate
=== PAUSE TestRoundTrip_NP3_lrtemplate_NP3/MGA_Paintry_FC.NP3
=== RUN   TestRoundTrip_lrtemplate_NP3_lrtemplate/05._E_-_Kodak_Portra_+_iiiii.lrtemplate
=== RUN   TestRoundTrip_NP3_lrtemplate_NP3/MGA_Portra-Fade_FC.NP3
=== PAUSE TestRoundTrip_lrtemplate_XMP_lrtemplate/00._E_-_o_.lrtemplate
=== PAUSE TestRoundTrip_NP3_lrtemplate_NP3/MGA_Portra-Fade_FC.NP3
=== RUN   TestRoundTrip_NP3_lrtemplate_NP3/MGA_Portra-Ish_FC.NP3
=== RUN   TestRoundTrip_lrtemplate_XMP_lrtemplate/01._E_-_Kodak_Portra_+_i.lrtemplate
=== PAUSE TestRoundTrip_lrtemplate_NP3_lrtemplate/05._E_-_Kodak_Portra_+_iiiii.lrtemplate
=== PAUSE TestRoundTrip_lrtemplate_XMP_lrtemplate/01._E_-_Kodak_Portra_+_i.lrtemplate
=== PAUSE TestRoundTrip_NP3_lrtemplate_NP3/MGA_Portra-Ish_FC.NP3
=== RUN   TestRoundTrip_lrtemplate_XMP_lrtemplate/02._E_-_Kodak_Portra_+_ii.lrtemplate
=== RUN   TestRoundTrip_lrtemplate_NP3_lrtemplate/06._E_-_Kodak_Portra_+_fade.lrtemplate
=== PAUSE TestRoundTrip_lrtemplate_XMP_lrtemplate/02._E_-_Kodak_Portra_+_ii.lrtemplate
=== PAUSE TestRoundTrip_lrtemplate_NP3_lrtemplate/06._E_-_Kodak_Portra_+_fade.lrtemplate
=== RUN   TestRoundTrip_lrtemplate_XMP_lrtemplate/03._E_-_Kodak_Portra_+_iii.lrtemplate
=== RUN   TestRoundTrip_NP3_lrtemplate_NP3/MGA_Retrofy_2.NP3
=== PAUSE TestRoundTrip_lrtemplate_XMP_lrtemplate/03._E_-_Kodak_Portra_+_iii.lrtemplate
=== RUN   TestRoundTrip_lrtemplate_NP3_lrtemplate/07._E_-_Kodak_Portra_+_cool.lrtemplate
=== RUN   TestRoundTrip_lrtemplate_XMP_lrtemplate/04._E_-_Kodak_Portra_+_iiii.lrtemplate
=== PAUSE TestRoundTrip_lrtemplate_NP3_lrtemplate/07._E_-_Kodak_Portra_+_cool.lrtemplate
=== RUN   TestRoundTrip_lrtemplate_NP3_lrtemplate/08._E_-_Kodak_Portra_+_warm.lrtemplate
=== PAUSE TestRoundTrip_NP3_lrtemplate_NP3/MGA_Retrofy_2.NP3
=== PAUSE TestRoundTrip_lrtemplate_NP3_lrtemplate/08._E_-_Kodak_Portra_+_warm.lrtemplate
=== RUN   TestRoundTrip_NP3_lrtemplate_NP3/MGA_Retrofy.NP3
=== NAME  TestRoundTrip_XMP_lrtemplate_XMP
    roundtrip_test.go:233: Testing XMP ΓåÆ lrtemplate ΓåÆ XMP with 962 files
=== PAUSE TestRoundTrip_NP3_lrtemplate_NP3/MGA_Retrofy.NP3
=== RUN   TestRoundTrip_lrtemplate_NP3_lrtemplate/09._E_-_Kodak_Portra_+_punch.lrtemplate
=== RUN   TestRoundTrip_XMP_lrtemplate_XMP/--FL_MASTER-FUJI_160NS-Original.xmp
=== PAUSE TestRoundTrip_XMP_lrtemplate_XMP/--FL_MASTER-FUJI_160NS-Original.xmp
=== PAUSE TestRoundTrip_lrtemplate_NP3_lrtemplate/09._E_-_Kodak_Portra_+_punch.lrtemplate
=== RUN   TestRoundTrip_XMP_lrtemplate_XMP/--FL_MASTER-FUJI_160NS-Pushed-F.xmp
=== PAUSE TestRoundTrip_XMP_lrtemplate_XMP/--FL_MASTER-FUJI_160NS-Pushed-F.xmp
=== RUN   TestRoundTrip_lrtemplate_NP3_lrtemplate/10._E_-_Kodak_160_+_i.lrtemplate
=== RUN   TestRoundTrip_XMP_lrtemplate_XMP/--FL_MASTER-FUJI_160NS-Pushed-N.xmp
=== PAUSE TestRoundTrip_lrtemplate_NP3_lrtemplate/10._E_-_Kodak_160_+_i.lrtemplate
=== RUN   TestRoundTrip_NP3_lrtemplate_NP3/MGA_Sandstorm.NP3
=== RUN   TestRoundTrip_lrtemplate_NP3_lrtemplate/11._E_-_Kodak_160_+_ii.lrtemplate
=== PAUSE TestRoundTrip_NP3_lrtemplate_NP3/MGA_Sandstorm.NP3
=== PAUSE TestRoundTrip_lrtemplate_NP3_lrtemplate/11._E_-_Kodak_160_+_ii.lrtemplate
=== RUN   TestRoundTrip_NP3_lrtemplate_NP3/MGA_Slide_2.NP3
=== RUN   TestRoundTrip_lrtemplate_NP3_lrtemplate/12._E_-_Kodak_160_+_iii.lrtemplate
=== PAUSE TestRoundTrip_lrtemplate_NP3_lrtemplate/12._E_-_Kodak_160_+_iii.lrtemplate
=== PAUSE TestRoundTrip_NP3_lrtemplate_NP3/MGA_Slide_2.NP3
=== PAUSE TestRoundTrip_XMP_lrtemplate_XMP/--FL_MASTER-FUJI_160NS-Pushed-N.xmp
=== RUN   TestRoundTrip_lrtemplate_NP3_lrtemplate/13._E_-_Kodak_160_+_iiii.lrtemplate
=== RUN   TestRoundTrip_XMP_lrtemplate_XMP/--FL_MASTER-FUJI_400H-Original.xmp
=== PAUSE TestRoundTrip_XMP_lrtemplate_XMP/--FL_MASTER-FUJI_400H-Original.xmp
=== RUN   TestRoundTrip_XMP_lrtemplate_XMP/--FL_MASTER-FUJI_400H-Pushed-F.xmp
=== PAUSE TestRoundTrip_lrtemplate_NP3_lrtemplate/13._E_-_Kodak_160_+_iiii.lrtemplate
=== PAUSE TestRoundTrip_XMP_lrtemplate_XMP/--FL_MASTER-FUJI_400H-Pushed-F.xmp
=== RUN   TestRoundTrip_XMP_lrtemplate_XMP/--FL_MASTER-FUJI_400H-Pushed-N.xmp
=== RUN   TestRoundTrip_NP3_lrtemplate_NP3/MGA_Slide.NP3
=== RUN   TestRoundTrip_lrtemplate_NP3_lrtemplate/14._E_-_Kodak_160_+_iiiii.lrtemplate
=== PAUSE TestRoundTrip_NP3_lrtemplate_NP3/MGA_Slide.NP3
=== RUN   TestRoundTrip_NP3_lrtemplate_NP3/MGA_Summer_Memories.NP3
=== PAUSE TestRoundTrip_lrtemplate_NP3_lrtemplate/14._E_-_Kodak_160_+_iiiii.lrtemplate
=== PAUSE TestRoundTrip_NP3_lrtemplate_NP3/MGA_Summer_Memories.NP3
=== RUN   TestRoundTrip_NP3_lrtemplate_NP3/MGA_TriX.NP3
=== RUN   TestRoundTrip_lrtemplate_NP3_lrtemplate/15._E_-_Kodak_160_+_fade.lrtemplate
=== PAUSE TestRoundTrip_lrtemplate_NP3_lrtemplate/15._E_-_Kodak_160_+_fade.lrtemplate
=== PAUSE TestRoundTrip_lrtemplate_XMP_lrtemplate/04._E_-_Kodak_Portra_+_iiii.lrtemplate
=== RUN   TestRoundTrip_lrtemplate_NP3_lrtemplate/16._E_-_Kodak_160_+_cool.lrtemplate
=== RUN   TestRoundTrip_lrtemplate_XMP_lrtemplate/05._E_-_Kodak_Portra_+_iiiii.lrtemplate
=== PAUSE TestRoundTrip_XMP_lrtemplate_XMP/--FL_MASTER-FUJI_400H-Pushed-N.xmp
=== PAUSE TestRoundTrip_lrtemplate_NP3_lrtemplate/16._E_-_Kodak_160_+_cool.lrtemplate
=== RUN   TestRoundTrip_XMP_lrtemplate_XMP/--FL_MASTER-FUJI_800Z-Original.xmp
=== PAUSE TestRoundTrip_lrtemplate_XMP_lrtemplate/05._E_-_Kodak_Portra_+_iiiii.lrtemplate
=== RUN   TestRoundTrip_lrtemplate_NP3_lrtemplate/17._E_-_Kodak_160_+_warm.lrtemplate
=== PAUSE TestRoundTrip_lrtemplate_NP3_lrtemplate/17._E_-_Kodak_160_+_warm.lrtemplate
=== RUN   TestRoundTrip_lrtemplate_NP3_lrtemplate/18._E_-_Kodak_160_+_punch.lrtemplate
=== PAUSE TestRoundTrip_NP3_lrtemplate_NP3/MGA_TriX.NP3
=== RUN   TestRoundTrip_NP3_lrtemplate_NP3/MGA_WEZZY.NP3
=== RUN   TestRoundTrip_lrtemplate_XMP_lrtemplate/06._E_-_Kodak_Portra_+_fade.lrtemplate
=== PAUSE TestRoundTrip_lrtemplate_XMP_lrtemplate/06._E_-_Kodak_Portra_+_fade.lrtemplate
=== PAUSE TestRoundTrip_lrtemplate_NP3_lrtemplate/18._E_-_Kodak_160_+_punch.lrtemplate
=== PAUSE TestRoundTrip_XMP_lrtemplate_XMP/--FL_MASTER-FUJI_800Z-Original.xmp
=== RUN   TestRoundTrip_lrtemplate_NP3_lrtemplate/19._E_-_Kodak_400_+_i.lrtemplate
=== RUN   TestRoundTrip_XMP_lrtemplate_XMP/--FL_MASTER-FUJI_800Z-Pushed-F.xmp
=== PAUSE TestRoundTrip_lrtemplate_NP3_lrtemplate/19._E_-_Kodak_400_+_i.lrtemplate
=== PAUSE TestRoundTrip_XMP_lrtemplate_XMP/--FL_MASTER-FUJI_800Z-Pushed-F.xmp
=== RUN   TestRoundTrip_lrtemplate_NP3_lrtemplate/20._E_-_Kodak_400_+_ii.lrtemplate
=== PAUSE TestRoundTrip_NP3_lrtemplate_NP3/MGA_WEZZY.NP3
=== PAUSE TestRoundTrip_lrtemplate_NP3_lrtemplate/20._E_-_Kodak_400_+_ii.lrtemplate
=== RUN   TestRoundTrip_lrtemplate_NP3_lrtemplate/21._E_-_Kodak_400_+_iii.lrtemplate
=== RUN   TestRoundTrip_NP3_lrtemplate_NP3/Agfa_Optima.NP3
=== PAUSE TestRoundTrip_lrtemplate_NP3_lrtemplate/21._E_-_Kodak_400_+_iii.lrtemplate
=== PAUSE TestRoundTrip_NP3_lrtemplate_NP3/Agfa_Optima.NP3
=== RUN   TestRoundTrip_lrtemplate_XMP_lrtemplate/07._E_-_Kodak_Portra_+_cool.lrtemplate
=== RUN   TestRoundTrip_NP3_lrtemplate_NP3/Cinematic_Film_250D.NP3
=== PAUSE TestRoundTrip_lrtemplate_XMP_lrtemplate/07._E_-_Kodak_Portra_+_cool.lrtemplate
=== PAUSE TestRoundTrip_NP3_lrtemplate_NP3/Cinematic_Film_250D.NP3
=== RUN   TestRoundTrip_lrtemplate_XMP_lrtemplate/08._E_-_Kodak_Portra_+_warm.lrtemplate
=== RUN   TestRoundTrip_XMP_lrtemplate_XMP/--FL_MASTER-FUJI_800Z-Pushed-N.xmp
=== PAUSE TestRoundTrip_lrtemplate_XMP_lrtemplate/08._E_-_Kodak_Portra_+_warm.lrtemplate
=== PAUSE TestRoundTrip_XMP_lrtemplate_XMP/--FL_MASTER-FUJI_800Z-Pushed-N.xmp
=== RUN   TestRoundTrip_lrtemplate_XMP_lrtemplate/09._E_-_Kodak_Portra_+_punch.lrtemplate
=== RUN   TestRoundTrip_NP3_lrtemplate_NP3/Downshift.NP3
=== PAUSE TestRoundTrip_lrtemplate_XMP_lrtemplate/09._E_-_Kodak_Portra_+_punch.lrtemplate
=== PAUSE TestRoundTrip_NP3_lrtemplate_NP3/Downshift.NP3
=== RUN   TestRoundTrip_lrtemplate_XMP_lrtemplate/10._E_-_Kodak_160_+_i.lrtemplate
=== RUN   TestRoundTrip_NP3_lrtemplate_NP3/Hawthorn.NP3
=== PAUSE TestRoundTrip_lrtemplate_XMP_lrtemplate/10._E_-_Kodak_160_+_i.lrtemplate
=== PAUSE TestRoundTrip_NP3_lrtemplate_NP3/Hawthorn.NP3
=== RUN   TestRoundTrip_lrtemplate_XMP_lrtemplate/11._E_-_Kodak_160_+_ii.lrtemplate
=== PAUSE TestRoundTrip_lrtemplate_XMP_lrtemplate/11._E_-_Kodak_160_+_ii.lrtemplate
=== RUN   TestRoundTrip_NP3_lrtemplate_NP3/LUX_Chrome.NP3
=== RUN   TestRoundTrip_XMP_lrtemplate_XMP/--FL_MASTER-FUJI_ILFORD_HP5.xmp
=== PAUSE TestRoundTrip_NP3_lrtemplate_NP3/LUX_Chrome.NP3
=== PAUSE TestRoundTrip_XMP_lrtemplate_XMP/--FL_MASTER-FUJI_ILFORD_HP5.xmp
=== RUN   TestRoundTrip_NP3_lrtemplate_NP3/Modern_Kodachrome.NP3
=== PAUSE TestRoundTrip_NP3_lrtemplate_NP3/Modern_Kodachrome.NP3
=== RUN   TestRoundTrip_XMP_lrtemplate_XMP/--MASTER_PACK_DEVELOPMENT_TOOLS------------.xmp
=== RUN   TestRoundTrip_NP3_lrtemplate_NP3/Superia_Premium_400.NP3
=== PAUSE TestRoundTrip_XMP_lrtemplate_XMP/--MASTER_PACK_DEVELOPMENT_TOOLS------------.xmp
=== PAUSE TestRoundTrip_NP3_lrtemplate_NP3/Superia_Premium_400.NP3
=== RUN   TestRoundTrip_lrtemplate_XMP_lrtemplate/12._E_-_Kodak_160_+_iii.lrtemplate
=== RUN   TestRoundTrip_XMP_lrtemplate_XMP/-ADD_FILM_GRAINS.xmp
=== RUN   TestRoundTrip_NP3_lrtemplate_NP3/Versa_Negative_Std.NP3
=== PAUSE TestRoundTrip_XMP_lrtemplate_XMP/-ADD_FILM_GRAINS.xmp
=== RUN   TestRoundTrip_XMP_lrtemplate_XMP/-REDUCE_COLORS_SATURATION.xmp
=== PAUSE TestRoundTrip_lrtemplate_XMP_lrtemplate/12._E_-_Kodak_160_+_iii.lrtemplate
=== PAUSE TestRoundTrip_XMP_lrtemplate_XMP/-REDUCE_COLORS_SATURATION.xmp
=== PAUSE TestRoundTrip_NP3_lrtemplate_NP3/Versa_Negative_Std.NP3
=== RUN   TestRoundTrip_XMP_lrtemplate_XMP/-SMOOTHER_DETAILS.xmp
=== RUN   TestRoundTrip_NP3_lrtemplate_NP3/Versa_Positive_Std.NP3
=== PAUSE TestRoundTrip_NP3_lrtemplate_NP3/Versa_Positive_Std.NP3
=== PAUSE TestRoundTrip_XMP_lrtemplate_XMP/-SMOOTHER_DETAILS.xmp
=== RUN   TestRoundTrip_NP3_lrtemplate_NP3/Versa_Retro_Std.NP3
=== RUN   TestRoundTrip_XMP_lrtemplate_XMP/AGF_-_Chrome_RSX_++++.xmp
=== RUN   TestRoundTrip_lrtemplate_NP3_lrtemplate/22._E_-_Kodak_400_+_iiii.lrtemplate
=== PAUSE TestRoundTrip_NP3_lrtemplate_NP3/Versa_Retro_Std.NP3
=== PAUSE TestRoundTrip_lrtemplate_NP3_lrtemplate/22._E_-_Kodak_400_+_iiii.lrtemplate
=== RUN   TestRoundTrip_NP3_lrtemplate_NP3/Ricoh_GRiiix.NP3
=== PAUSE TestRoundTrip_NP3_lrtemplate_NP3/Ricoh_GRiiix.NP3
=== RUN   TestRoundTrip_lrtemplate_XMP_lrtemplate/13._E_-_Kodak_160_+_iiii.lrtemplate
=== PAUSE TestRoundTrip_XMP_lrtemplate_XMP/AGF_-_Chrome_RSX_++++.xmp
=== PAUSE TestRoundTrip_lrtemplate_XMP_lrtemplate/13._E_-_Kodak_160_+_iiii.lrtemplate
=== CONT  TestRoundTrip_NP3_lrtemplate_NP3/Ricoh_GRiiix.NP3
=== CONT  TestRoundTrip_NP3_lrtemplate_NP3/LUX_Chrome.NP3
=== CONT  TestRoundTrip_NP3_lrtemplate_NP3/Kodak_Portra_800.np3
=== NAME  TestRoundTrip_XMP_NP3_XMP
    roundtrip_test.go:101: Testing XMP ΓåÆ NP3 ΓåÆ XMP with 962 files
=== RUN   TestRoundTrip_XMP_NP3_XMP/--FL_MASTER-FUJI_160NS-Original.xmp
=== CONT  TestRoundTrip_NP3_lrtemplate_NP3/Agfa_Ultra_100.np3
=== PAUSE TestRoundTrip_XMP_NP3_XMP/--FL_MASTER-FUJI_160NS-Original.xmp
=== RUN   TestRoundTrip_XMP_NP3_XMP/--FL_MASTER-FUJI_160NS-Pushed-F.xmp
=== CONT  TestRoundTrip_NP3_lrtemplate_NP3/Versa_Positive_Std.NP3
=== CONT  TestRoundTrip_NP3_lrtemplate_NP3/Kodak_Portra_400.np3
=== CONT  TestRoundTrip_NP3_lrtemplate_NP3/Versa_Negative_Std.NP3
=== CONT  TestRoundTrip_NP3_lrtemplate_NP3/Superia_Premium_400.NP3
=== RUN   TestRoundTrip_lrtemplate_NP3_lrtemplate/23._E_-_Kodak_400_+_iiiii.lrtemplate
=== CONT  TestRoundTrip_NP3_lrtemplate_NP3/Modern_Kodachrome.NP3
=== CONT  TestRoundTrip_NP3_lrtemplate_NP3/MGA_HCM-Street.NP3
=== CONT  TestRoundTrip_NP3_lrtemplate_NP3/MGA_Futurist_FC.NP3
=== RUN   TestRoundTrip_XMP_lrtemplate_XMP/AGF_-_Chrome_RSX_+++.xmp
=== CONT  TestRoundTrip_NP3_lrtemplate_NP3/MGA_EverydayChromeW.NP3
=== CONT  TestRoundTrip_NP3_lrtemplate_NP3/MGA_Everyday_Chrome.NP3
=== PAUSE TestRoundTrip_XMP_lrtemplate_XMP/AGF_-_Chrome_RSX_+++.xmp
=== RUN   TestRoundTrip_XMP_lrtemplate_XMP/AGF_-_Chrome_RSX_++.xmp
=== PAUSE TestRoundTrip_XMP_lrtemplate_XMP/AGF_-_Chrome_RSX_++.xmp
=== RUN   TestRoundTrip_XMP_lrtemplate_XMP/AGF_-_Chrome_RSX_+.xmp
=== CONT  TestRoundTrip_NP3_lrtemplate_NP3/MGA_AcrosLike_FC.NP3
=== PAUSE TestRoundTrip_XMP_lrtemplate_XMP/AGF_-_Chrome_RSX_+.xmp
=== NAME  TestRoundTrip_NP3_lrtemplate_NP3/MGA_EverydayChromeW.NP3
    roundtrip_test.go:210: Highlights: orig=20 (expected loss: NP3 doesn't support this parameter)
=== NAME  TestRoundTrip_NP3_lrtemplate_NP3/Ricoh_GRiiix.NP3
    roundtrip_test.go:210: Highlights: orig=-41 (expected loss: NP3 doesn't support this parameter)
=== RUN   TestRoundTrip_lrtemplate_XMP_lrtemplate/14._E_-_Kodak_160_+_iiiii.lrtemplate
=== CONT  TestRoundTrip_NP3_lrtemplate_NP3/Cinematic_Film_250D.NP3
=== CONT  TestRoundTrip_NP3_lrtemplate_NP3/Fujifilm_Pro_400H.np3
=== PAUSE TestRoundTrip_lrtemplate_XMP_lrtemplate/14._E_-_Kodak_160_+_iiiii.lrtemplate
=== CONT  TestRoundTrip_NP3_lrtemplate_NP3/L-CLS.NP3
=== CONT  TestRoundTrip_NP3_lrtemplate_NP3/Kodak_Portra_160.np3
=== CONT  TestRoundTrip_NP3_lrtemplate_NP3/Versa_Retro_Std.NP3
=== PAUSE TestRoundTrip_XMP_NP3_XMP/--FL_MASTER-FUJI_160NS-Pushed-F.xmp
=== PAUSE TestRoundTrip_lrtemplate_NP3_lrtemplate/23._E_-_Kodak_400_+_iiiii.lrtemplate
=== CONT  TestRoundTrip_NP3_lrtemplate_NP3/MGA_Portra-Ish_FC.NP3
=== CONT  TestRoundTrip_NP3_lrtemplate_NP3/Kodak_Ektar_100.np3
=== CONT  TestRoundTrip_NP3_lrtemplate_NP3/MGA_TriX.NP3
=== CONT  TestRoundTrip_NP3_lrtemplate_NP3/Kodak_Gold_200.np3
=== NAME  TestRoundTrip_NP3_lrtemplate_NP3/MGA_EverydayChromeW.NP3
    roundtrip_test.go:210: Shadows: orig=-10 (expected loss: NP3 doesn't support this parameter)
    roundtrip_test.go:210: Whites: orig=25 (expected loss: NP3 doesn't support this parameter)
    roundtrip_test.go:210: Blacks: orig=-10 (expected loss: NP3 doesn't support this parameter)
=== CONT  TestRoundTrip_NP3_lrtemplate_NP3/Hawthorn.NP3
=== CONT  TestRoundTrip_NP3_lrtemplate_NP3/MGA_Summer_Memories.NP3
=== RUN   TestRoundTrip_XMP_lrtemplate_XMP/AGF_-_Chrome_RSX_-_boost.xmp
=== CONT  TestRoundTrip_NP3_lrtemplate_NP3/L-ETN.NP3
=== PAUSE TestRoundTrip_XMP_lrtemplate_XMP/AGF_-_Chrome_RSX_-_boost.xmp
=== CONT  TestRoundTrip_NP3_lrtemplate_NP3/Cubano.np3
=== CONT  TestRoundTrip_NP3_lrtemplate_NP3/L-CNT.NP3
=== CONT  TestRoundTrip_NP3_lrtemplate_NP3/MGA_BW_Portrait_FC.NP3
=== CONT  TestRoundTrip_NP3_lrtemplate_NP3/Kodachrome_64.np3
=== CONT  TestRoundTrip_NP3_lrtemplate_NP3/Downshift.NP3
=== CONT  TestRoundTrip_NP3_lrtemplate_NP3/Fujifilm_Provia_100F.np3
=== NAME  TestRoundTrip_NP3_lrtemplate_NP3/Ricoh_GRiiix.NP3
    roundtrip_test.go:210: Shadows: orig=10 (expected loss: NP3 doesn't support this parameter)
=== RUN   TestRoundTrip_lrtemplate_XMP_lrtemplate/15._E_-_Kodak_160_+_fade.lrtemplate
=== NAME  TestRoundTrip_NP3_lrtemplate_NP3/Modern_Kodachrome.NP3
    roundtrip_test.go:210: Highlights: orig=-25 (expected loss: NP3 doesn't support this parameter)
=== RUN   TestRoundTrip_XMP_NP3_XMP/--FL_MASTER-FUJI_160NS-Pushed-N.xmp
=== CONT  TestRoundTrip_NP3_lrtemplate_NP3/Agfa_Optima.NP3
=== CONT  TestRoundTrip_NP3_lrtemplate_NP3/Ferrania_Solaris_100.np3
=== NAME  TestRoundTrip_NP3_lrtemplate_NP3/Ricoh_GRiiix.NP3
    roundtrip_test.go:210: Whites: orig=-60 (expected loss: NP3 doesn't support this parameter)
=== PAUSE TestRoundTrip_lrtemplate_XMP_lrtemplate/15._E_-_Kodak_160_+_fade.lrtemplate
=== CONT  TestRoundTrip_NP3_lrtemplate_NP3/MGA_WEZZY.NP3
=== NAME  TestRoundTrip_NP3_lrtemplate_NP3/MGA_Everyday_Chrome.NP3
    roundtrip_test.go:210: Highlights: orig=20 (expected loss: NP3 doesn't support this parameter)
=== CONT  TestRoundTrip_NP3_lrtemplate_NP3/Lomo_100.np3
=== CONT  TestRoundTrip_NP3_lrtemplate_NP3/MGA_Slide.NP3
=== CONT  TestRoundTrip_NP3_lrtemplate_NP3/MGA_Slide_2.NP3
=== RUN   TestRoundTrip_XMP_lrtemplate_XMP/AGF_-_Chrome_RSX_-_cool.xmp
=== CONT  TestRoundTrip_NP3_lrtemplate_NP3/MGA_Paintry_FC.NP3
=== CONT  TestRoundTrip_NP3_lrtemplate_NP3/MGA_LeicaMono_FC.NP3
=== PAUSE TestRoundTrip_XMP_lrtemplate_XMP/AGF_-_Chrome_RSX_-_cool.xmp
=== RUN   TestRoundTrip_XMP_lrtemplate_XMP/AGF_-_Chrome_RSX_-_film.xmp
=== PAUSE TestRoundTrip_XMP_lrtemplate_XMP/AGF_-_Chrome_RSX_-_film.xmp
=== CONT  TestRoundTrip_NP3_lrtemplate_NP3/White_Lotus_Season_3.np3
=== RUN   TestRoundTrip_lrtemplate_NP3_lrtemplate/24._E_-_Kodak_400_+_fade.lrtemplate
=== CONT  TestRoundTrip_NP3_lrtemplate_NP3/L-CHR.NP3
=== NAME  TestRoundTrip_NP3_lrtemplate_NP3/Modern_Kodachrome.NP3
    roundtrip_test.go:210: Shadows: orig=-22 (expected loss: NP3 doesn't support this parameter)
=== CONT  TestRoundTrip_NP3_lrtemplate_NP3/L-BRS.NP3
=== PAUSE TestRoundTrip_XMP_NP3_XMP/--FL_MASTER-FUJI_160NS-Pushed-N.xmp
=== NAME  TestRoundTrip_NP3_lrtemplate_NP3/Ricoh_GRiiix.NP3
    roundtrip_test.go:210: Blacks: orig=-50 (expected loss: NP3 doesn't support this parameter)
=== RUN   TestRoundTrip_XMP_NP3_XMP/--FL_MASTER-FUJI_400H-Original.xmp
=== CONT  TestRoundTrip_NP3_lrtemplate_NP3/MGA_OldSchool_RTP.NP3
=== CONT  TestRoundTrip_NP3_lrtemplate_NP3/MONO-FADE.NP3
=== CONT  TestRoundTrip_NP3_lrtemplate_NP3/MGA_MonoFilmic_FC.NP3
=== PAUSE TestRoundTrip_XMP_NP3_XMP/--FL_MASTER-FUJI_400H-Original.xmp
=== RUN   TestRoundTrip_XMP_NP3_XMP/--FL_MASTER-FUJI_400H-Pushed-F.xmp
=== CONT  TestRoundTrip_NP3_lrtemplate_NP3/MGA_OldFilmish_FC.NP3
=== CONT  TestRoundTrip_NP3_lrtemplate_NP3/MGA_Kodachrome_2025.NP3
=== CONT  TestRoundTrip_NP3_lrtemplate_NP3/MGA_Retrofy.NP3
=== CONT  TestRoundTrip_NP3_lrtemplate_NP3/MGA_Klassic_Khrome.NP3
=== NAME  TestRoundTrip_NP3_lrtemplate_NP3/MGA_LeicaMono_FC.NP3
    roundtrip_test.go:210: Clarity outside typical range: orig=80 (expected loss, see docs/known-conversion-limitations.md)
=== CONT  TestRoundTrip_NP3_lrtemplate_NP3/Leica_Standard.np3
=== CONT  TestRoundTrip_NP3_lrtemplate_NP3/MGA_In-An-InstantBW.NP3
=== CONT  TestRoundTrip_NP3_lrtemplate_NP3/MONO-CRUNCH.NP3
=== CONT  TestRoundTrip_NP3_lrtemplate_NP3/MGA_Retrofy_2.NP3
=== CONT  TestRoundTrip_NP3_lrtemplate_NP3/LoFi.np3
=== CONT  TestRoundTrip_NP3_lrtemplate_NP3/MGA_Natural_FC.NP3
=== RUN   TestRoundTrip_lrtemplate_XMP_lrtemplate/16._E_-_Kodak_160_+_cool.lrtemplate
=== CONT  TestRoundTrip_NP3_lrtemplate_NP3/MGA_Portra-Fade_FC.NP3
=== NAME  TestRoundTrip_NP3_lrtemplate_NP3/MGA_Everyday_Chrome.NP3
    roundtrip_test.go:210: Shadows: orig=-10 (expected loss: NP3 doesn't support this parameter)
=== CONT  TestRoundTrip_NP3_lrtemplate_NP3/MGA_Sandstorm.NP3
=== RUN   TestRoundTrip_XMP_lrtemplate_XMP/AGF_-_Chrome_RSX_-_warm.xmp
=== PAUSE TestRoundTrip_XMP_lrtemplate_XMP/AGF_-_Chrome_RSX_-_warm.xmp
=== RUN   TestRoundTrip_XMP_lrtemplate_XMP/AGF_-_Chrome_RSX.xmp
=== PAUSE TestRoundTrip_XMP_lrtemplate_XMP/AGF_-_Chrome_RSX.xmp
=== RUN   TestRoundTrip_XMP_lrtemplate_XMP/AGF_-_Optima_100_++++.xmp
=== PAUSE TestRoundTrip_XMP_lrtemplate_XMP/AGF_-_Optima_100_++++.xmp
=== NAME  TestRoundTrip_NP3_lrtemplate_NP3/MGA_Everyday_Chrome.NP3
    roundtrip_test.go:210: Whites: orig=25 (expected loss: NP3 doesn't support this parameter)
=== PAUSE TestRoundTrip_lrtemplate_XMP_lrtemplate/16._E_-_Kodak_160_+_cool.lrtemplate
=== RUN   TestRoundTrip_XMP_lrtemplate_XMP/AGF_-_Optima_100_+++.xmp
=== NAME  TestRoundTrip_NP3_lrtemplate_NP3/MGA_Everyday_Chrome.NP3
    roundtrip_test.go:210: Blacks: orig=-10 (expected loss: NP3 doesn't support this parameter)
=== PAUSE TestRoundTrip_XMP_lrtemplate_XMP/AGF_-_Optima_100_+++.xmp
=== RUN   TestRoundTrip_lrtemplate_XMP_lrtemplate/17._E_-_Kodak_160_+_warm.lrtemplate
=== PAUSE TestRoundTrip_lrtemplate_XMP_lrtemplate/17._E_-_Kodak_160_+_warm.lrtemplate
=== RUN   TestRoundTrip_lrtemplate_XMP_lrtemplate/18._E_-_Kodak_160_+_punch.lrtemplate
=== PAUSE TestRoundTrip_lrtemplate_NP3_lrtemplate/24._E_-_Kodak_400_+_fade.lrtemplate
=== NAME  TestRoundTrip_NP3_lrtemplate_NP3/Leica_Standard.np3
    roundtrip_test.go:210: Highlights: orig=-5 (expected loss: NP3 doesn't support this parameter)
=== NAME  TestRoundTrip_NP3_lrtemplate_NP3/Modern_Kodachrome.NP3
    roundtrip_test.go:210: Whites: orig=10 (expected loss: NP3 doesn't support this parameter)
=== PAUSE TestRoundTrip_XMP_NP3_XMP/--FL_MASTER-FUJI_400H-Pushed-F.xmp
=== NAME  TestRoundTrip_NP3_lrtemplate_NP3/MGA_Paintry_FC.NP3
    roundtrip_test.go:210: Clarity outside typical range: orig=100 (expected loss, see docs/known-conversion-limitations.md)
=== CONT  TestRoundTrip_NP3_lrtemplate_NP3/MGA_Nostalgic_Past.NP3
=== CONT  TestRoundTrip_NP3_lrtemplate_NP3/MGA_Nostalgic_FC.NP3
=== CONT  TestRoundTrip_NP3_lrtemplate_NP3/MGA_In-An-Instant.NP3
=== NAME  TestRoundTrip_NP3_lrtemplate_NP3/Modern_Kodachrome.NP3
    roundtrip_test.go:210: Blacks: orig=-34 (expected loss: NP3 doesn't support this parameter)
=== NAME  TestRoundTrip_NP3_lrtemplate_NP3/MGA_Paintry_FC.NP3
    roundtrip_test.go:210: Shadows: orig=-33 (expected loss: NP3 doesn't support this parameter)
=== NAME  TestRoundTrip_NP3_lrtemplate_NP3/MGA_Retrofy.NP3
    roundtrip_test.go:210: Clarity outside typical range: orig=100 (expected loss, see docs/known-conversion-limitations.md)
=== RUN   TestRoundTrip_XMP_lrtemplate_XMP/AGF_-_Optima_100_++.xmp
=== PAUSE TestRoundTrip_XMP_lrtemplate_XMP/AGF_-_Optima_100_++.xmp
=== RUN   TestRoundTrip_XMP_lrtemplate_XMP/AGF_-_Optima_100_+.xmp
=== PAUSE TestRoundTrip_XMP_lrtemplate_XMP/AGF_-_Optima_100_+.xmp
=== NAME  TestRoundTrip_NP3_lrtemplate_NP3/MGA_Retrofy_2.NP3
    roundtrip_test.go:210: Clarity outside typical range: orig=100 (expected loss, see docs/known-conversion-limitations.md)
=== RUN   TestRoundTrip_XMP_lrtemplate_XMP/AGF_-_Optima_100_-_boost.xmp
=== PAUSE TestRoundTrip_lrtemplate_XMP_lrtemplate/18._E_-_Kodak_160_+_punch.lrtemplate
=== NAME  TestRoundTrip_NP3_lrtemplate_NP3/MGA_OldFilmish_FC.NP3
    roundtrip_test.go:210: Clarity outside typical range: orig=95 (expected loss, see docs/known-conversion-limitations.md)
=== RUN   TestRoundTrip_XMP_NP3_XMP/--FL_MASTER-FUJI_400H-Pushed-N.xmp
=== CONT  TestRoundTrip_NP3_lrtemplate_NP3/Leica_Vivid.np3
=== NAME  TestRoundTrip_NP3_lrtemplate_NP3/Leica_Standard.np3
    roundtrip_test.go:210: Shadows: orig=-20 (expected loss: NP3 doesn't support this parameter)
    roundtrip_test.go:210: Whites: orig=10 (expected loss: NP3 doesn't support this parameter)
    roundtrip_test.go:210: Blacks: orig=-10 (expected loss: NP3 doesn't support this parameter)
=== RUN   TestRoundTrip_lrtemplate_NP3_lrtemplate/25._E_-_Kodak_400_+_cool.lrtemplate
=== PAUSE TestRoundTrip_XMP_lrtemplate_XMP/AGF_-_Optima_100_-_boost.xmp
=== RUN   TestRoundTrip_XMP_lrtemplate_XMP/AGF_-_Optima_100_-_cool.xmp
=== RUN   TestRoundTrip_lrtemplate_XMP_lrtemplate/19._E_-_Kodak_400_+_i.lrtemplate
=== PAUSE TestRoundTrip_XMP_lrtemplate_XMP/AGF_-_Optima_100_-_cool.xmp
=== RUN   TestRoundTrip_XMP_lrtemplate_XMP/AGF_-_Optima_100_-_film.xmp
=== PAUSE TestRoundTrip_XMP_lrtemplate_XMP/AGF_-_Optima_100_-_film.xmp
=== PAUSE TestRoundTrip_lrtemplate_XMP_lrtemplate/19._E_-_Kodak_400_+_i.lrtemplate
=== RUN   TestRoundTrip_XMP_lrtemplate_XMP/AGF_-_Optima_100_-_warm.xmp
=== PAUSE TestRoundTrip_XMP_lrtemplate_XMP/AGF_-_Optima_100_-_warm.xmp
=== PAUSE TestRoundTrip_XMP_NP3_XMP/--FL_MASTER-FUJI_400H-Pushed-N.xmp
=== PAUSE TestRoundTrip_lrtemplate_NP3_lrtemplate/25._E_-_Kodak_400_+_cool.lrtemplate
=== RUN   TestRoundTrip_XMP_NP3_XMP/--FL_MASTER-FUJI_800Z-Original.xmp
=== PAUSE TestRoundTrip_XMP_NP3_XMP/--FL_MASTER-FUJI_800Z-Original.xmp
=== RUN   TestRoundTrip_lrtemplate_NP3_lrtemplate/26._E_-_Kodak_400_+_warm.lrtemplate
=== RUN   TestRoundTrip_XMP_NP3_XMP/--FL_MASTER-FUJI_800Z-Pushed-F.xmp
=== PAUSE TestRoundTrip_XMP_NP3_XMP/--FL_MASTER-FUJI_800Z-Pushed-F.xmp
=== PAUSE TestRoundTrip_lrtemplate_NP3_lrtemplate/26._E_-_Kodak_400_+_warm.lrtemplate
=== RUN   TestRoundTrip_XMP_NP3_XMP/--FL_MASTER-FUJI_800Z-Pushed-N.xmp
=== RUN   TestRoundTrip_lrtemplate_XMP_lrtemplate/20._E_-_Kodak_400_+_ii.lrtemplate
=== RUN   TestRoundTrip_XMP_lrtemplate_XMP/AGF_-_Optima_100.xmp
=== PAUSE TestRoundTrip_lrtemplate_XMP_lrtemplate/20._E_-_Kodak_400_+_ii.lrtemplate
=== RUN   TestRoundTrip_lrtemplate_XMP_lrtemplate/21._E_-_Kodak_400_+_iii.lrtemplate
=== PAUSE TestRoundTrip_XMP_lrtemplate_XMP/AGF_-_Optima_100.xmp
=== PAUSE TestRoundTrip_lrtemplate_XMP_lrtemplate/21._E_-_Kodak_400_+_iii.lrtemplate
=== RUN   TestRoundTrip_XMP_lrtemplate_XMP/AGF_-_Portrait_160_++++.xmp
=== RUN   TestRoundTrip_lrtemplate_XMP_lrtemplate/22._E_-_Kodak_400_+_iiii.lrtemplate
=== PAUSE TestRoundTrip_XMP_NP3_XMP/--FL_MASTER-FUJI_800Z-Pushed-N.xmp
=== NAME  TestRoundTrip_NP3_lrtemplate_NP3/Leica_Vivid.np3
    roundtrip_test.go:210: Shadows: orig=-25 (expected loss: NP3 doesn't support this parameter)
    roundtrip_test.go:210: Whites: orig=5 (expected loss: NP3 doesn't support this parameter)
=== RUN   TestRoundTrip_lrtemplate_NP3_lrtemplate/27._E_-_Kodak_400_+_punch.lrtemplate
=== NAME  TestRoundTrip_NP3_lrtemplate_NP3/Leica_Vivid.np3
    roundtrip_test.go:210: Blacks: orig=-10 (expected loss: NP3 doesn't support this parameter)
=== PAUSE TestRoundTrip_XMP_lrtemplate_XMP/AGF_-_Portrait_160_++++.xmp
=== RUN   TestRoundTrip_XMP_lrtemplate_XMP/AGF_-_Portrait_160_+++.xmp
--- PASS: TestRoundTrip_NP3_lrtemplate_NP3 (0.01s)
    --- PASS: TestRoundTrip_NP3_lrtemplate_NP3/Kodak_Portra_400.np3 (0.00s)
    --- PASS: TestRoundTrip_NP3_lrtemplate_NP3/Agfa_Ultra_100.np3 (0.00s)
    --- PASS: TestRoundTrip_NP3_lrtemplate_NP3/LUX_Chrome.NP3 (0.00s)
    --- PASS: TestRoundTrip_NP3_lrtemplate_NP3/Superia_Premium_400.NP3 (0.00s)
    --- PASS: TestRoundTrip_NP3_lrtemplate_NP3/Versa_Negative_Std.NP3 (0.00s)
    --- PASS: TestRoundTrip_NP3_lrtemplate_NP3/Versa_Positive_Std.NP3 (0.00s)
    --- PASS: TestRoundTrip_NP3_lrtemplate_NP3/MGA_HCM-Street.NP3 (0.00s)
    --- PASS: TestRoundTrip_NP3_lrtemplate_NP3/Kodak_Portra_800.np3 (0.00s)
    --- PASS: TestRoundTrip_NP3_lrtemplate_NP3/MGA_Futurist_FC.NP3 (0.00s)
    --- PASS: TestRoundTrip_NP3_lrtemplate_NP3/Fujifilm_Pro_400H.np3 (0.00s)
    --- PASS: TestRoundTrip_NP3_lrtemplate_NP3/L-CLS.NP3 (0.00s)
    --- PASS: TestRoundTrip_NP3_lrtemplate_NP3/Versa_Retro_Std.NP3 (0.00s)
    --- PASS: TestRoundTrip_NP3_lrtemplate_NP3/Kodak_Portra_160.np3 (0.00s)
    --- PASS: TestRoundTrip_NP3_lrtemplate_NP3/MGA_EverydayChromeW.NP3 (0.00s)
    --- PASS: TestRoundTrip_NP3_lrtemplate_NP3/Cinematic_Film_250D.NP3 (0.00s)
    --- PASS: TestRoundTrip_NP3_lrtemplate_NP3/MGA_Portra-Ish_FC.NP3 (0.00s)
    --- PASS: TestRoundTrip_NP3_lrtemplate_NP3/MGA_AcrosLike_FC.NP3 (0.00s)
    --- PASS: TestRoundTrip_NP3_lrtemplate_NP3/Kodak_Ektar_100.np3 (0.00s)
    --- PASS: TestRoundTrip_NP3_lrtemplate_NP3/Kodak_Gold_200.np3 (0.00s)
    --- PASS: TestRoundTrip_NP3_lrtemplate_NP3/MGA_Summer_Memories.NP3 (0.00s)
    --- PASS: TestRoundTrip_NP3_lrtemplate_NP3/Hawthorn.NP3 (0.00s)
    --- PASS: TestRoundTrip_NP3_lrtemplate_NP3/L-CNT.NP3 (0.00s)
    --- PASS: TestRoundTrip_NP3_lrtemplate_NP3/Agfa_Optima.NP3 (0.00s)
    --- PASS: TestRoundTrip_NP3_lrtemplate_NP3/Cubano.np3 (0.00s)
    --- PASS: TestRoundTrip_NP3_lrtemplate_NP3/MGA_BW_Portrait_FC.NP3 (0.00s)
    --- PASS: TestRoundTrip_NP3_lrtemplate_NP3/Fujifilm_Provia_100F.np3 (0.00s)
    --- PASS: TestRoundTrip_NP3_lrtemplate_NP3/Ferrania_Solaris_100.np3 (0.00s)
    --- PASS: TestRoundTrip_NP3_lrtemplate_NP3/L-ETN.NP3 (0.00s)
    --- PASS: TestRoundTrip_NP3_lrtemplate_NP3/MGA_TriX.NP3 (0.00s)
    --- PASS: TestRoundTrip_NP3_lrtemplate_NP3/Downshift.NP3 (0.00s)
    --- PASS: TestRoundTrip_NP3_lrtemplate_NP3/Kodachrome_64.np3 (0.00s)
    --- PASS: TestRoundTrip_NP3_lrtemplate_NP3/MGA_Slide.NP3 (0.00s)
    --- PASS: TestRoundTrip_NP3_lrtemplate_NP3/Ricoh_GRiiix.NP3 (0.00s)
    --- PASS: TestRoundTrip_NP3_lrtemplate_NP3/MGA_Slide_2.NP3 (0.00s)
    --- PASS: TestRoundTrip_NP3_lrtemplate_NP3/MGA_WEZZY.NP3 (0.00s)
    --- PASS: TestRoundTrip_NP3_lrtemplate_NP3/L-CHR.NP3 (0.00s)
    --- PASS: TestRoundTrip_NP3_lrtemplate_NP3/Lomo_100.np3 (0.00s)
    --- PASS: TestRoundTrip_NP3_lrtemplate_NP3/L-BRS.NP3 (0.00s)
    --- PASS: TestRoundTrip_NP3_lrtemplate_NP3/MONO-FADE.NP3 (0.00s)
    --- PASS: TestRoundTrip_NP3_lrtemplate_NP3/MGA_MonoFilmic_FC.NP3 (0.00s)
    --- PASS: TestRoundTrip_NP3_lrtemplate_NP3/MGA_OldSchool_RTP.NP3 (0.00s)
    --- PASS: TestRoundTrip_NP3_lrtemplate_NP3/MGA_LeicaMono_FC.NP3 (0.00s)
    --- PASS: TestRoundTrip_NP3_lrtemplate_NP3/MGA_Kodachrome_2025.NP3 (0.00s)
    --- PASS: TestRoundTrip_NP3_lrtemplate_NP3/White_Lotus_Season_3.np3 (0.00s)
    --- PASS: TestRoundTrip_NP3_lrtemplate_NP3/MGA_Klassic_Khrome.NP3 (0.00s)
    --- PASS: TestRoundTrip_NP3_lrtemplate_NP3/MGA_Everyday_Chrome.NP3 (0.00s)
    --- PASS: TestRoundTrip_NP3_lrtemplate_NP3/MGA_Portra-Fade_FC.NP3 (0.00s)
    --- PASS: TestRoundTrip_NP3_lrtemplate_NP3/MONO-CRUNCH.NP3 (0.00s)
    --- PASS: TestRoundTrip_NP3_lrtemplate_NP3/Modern_Kodachrome.NP3 (0.00s)
    --- PASS: TestRoundTrip_NP3_lrtemplate_NP3/MGA_Sandstorm.NP3 (0.00s)
    --- PASS: TestRoundTrip_NP3_lrtemplate_NP3/MGA_In-An-InstantBW.NP3 (0.00s)
    --- PASS: TestRoundTrip_NP3_lrtemplate_NP3/MGA_Natural_FC.NP3 (0.00s)
    --- PASS: TestRoundTrip_NP3_lrtemplate_NP3/MGA_Paintry_FC.NP3 (0.00s)
    --- PASS: TestRoundTrip_NP3_lrtemplate_NP3/MGA_Retrofy.NP3 (0.00s)
    --- PASS: TestRoundTrip_NP3_lrtemplate_NP3/MGA_Retrofy_2.NP3 (0.00s)
    --- PASS: TestRoundTrip_NP3_lrtemplate_NP3/LoFi.np3 (0.00s)
    --- PASS: TestRoundTrip_NP3_lrtemplate_NP3/MGA_Nostalgic_Past.NP3 (0.00s)
    --- PASS: TestRoundTrip_NP3_lrtemplate_NP3/MGA_In-An-Instant.NP3 (0.00s)
    --- PASS: TestRoundTrip_NP3_lrtemplate_NP3/MGA_OldFilmish_FC.NP3 (0.00s)
    --- PASS: TestRoundTrip_NP3_lrtemplate_NP3/MGA_Nostalgic_FC.NP3 (0.00s)
    --- PASS: TestRoundTrip_NP3_lrtemplate_NP3/Leica_Standard.np3 (0.00s)
    --- PASS: TestRoundTrip_NP3_lrtemplate_NP3/Leica_Vivid.np3 (0.00s)
=== RUN   TestRoundTrip_XMP_NP3_XMP/--FL_MASTER-FUJI_ILFORD_HP5.xmp
=== PAUSE TestRoundTrip_XMP_NP3_XMP/--FL_MASTER-FUJI_ILFORD_HP5.xmp
=== PAUSE TestRoundTrip_lrtemplate_XMP_lrtemplate/22._E_-_Kodak_400_+_iiii.lrtemplate
=== RUN   TestRoundTrip_XMP_NP3_XMP/--MASTER_PACK_DEVELOPMENT_TOOLS------------.xmp
=== PAUSE TestRoundTrip_XMP_NP3_XMP/--MASTER_PACK_DEVELOPMENT_TOOLS------------.xmp
=== RUN   TestRoundTrip_lrtemplate_XMP_lrtemplate/23._E_-_Kodak_400_+_iiiii.lrtemplate
=== PAUSE TestRoundTrip_lrtemplate_NP3_lrtemplate/27._E_-_Kodak_400_+_punch.lrtemplate
=== RUN   TestRoundTrip_lrtemplate_NP3_lrtemplate/28._E_-_Kodak_800_+_i.lrtemplate
=== PAUSE TestRoundTrip_XMP_lrtemplate_XMP/AGF_-_Portrait_160_+++.xmp
=== PAUSE TestRoundTrip_lrtemplate_NP3_lrtemplate/28._E_-_Kodak_800_+_i.lrtemplate
=== RUN   TestRoundTrip_XMP_lrtemplate_XMP/AGF_-_Portrait_160_++.xmp
=== RUN   TestRoundTrip_lrtemplate_NP3_lrtemplate/29._E_-_Kodak_800_+_ii.lrtemplate
=== PAUSE TestRoundTrip_XMP_lrtemplate_XMP/AGF_-_Portrait_160_++.xmp
=== RUN   TestRoundTrip_XMP_NP3_XMP/-ADD_FILM_GRAINS.xmp
=== RUN   TestRoundTrip_XMP_lrtemplate_XMP/AGF_-_Portrait_160_+.xmp
=== PAUSE TestRoundTrip_lrtemplate_XMP_lrtemplate/23._E_-_Kodak_400_+_iiiii.lrtemplate
=== PAUSE TestRoundTrip_XMP_lrtemplate_XMP/AGF_-_Portrait_160_+.xmp
=== PAUSE TestRoundTrip_lrtemplate_NP3_lrtemplate/29._E_-_Kodak_800_+_ii.lrtemplate
=== RUN   TestRoundTrip_lrtemplate_XMP_lrtemplate/24._E_-_Kodak_400_+_fade.lrtemplate
=== RUN   TestRoundTrip_XMP_lrtemplate_XMP/AGF_-_Portrait_160_-_boost.xmp
=== RUN   TestRoundTrip_lrtemplate_NP3_lrtemplate/30._E_-_Kodak_800_+_iii.lrtemplate
=== PAUSE TestRoundTrip_XMP_lrtemplate_XMP/AGF_-_Portrait_160_-_boost.xmp
=== PAUSE TestRoundTrip_lrtemplate_NP3_lrtemplate/30._E_-_Kodak_800_+_iii.lrtemplate
=== RUN   TestRoundTrip_XMP_lrtemplate_XMP/AGF_-_Portrait_160_-_cool.xmp
=== PAUSE TestRoundTrip_XMP_NP3_XMP/-ADD_FILM_GRAINS.xmp
=== PAUSE TestRoundTrip_lrtemplate_XMP_lrtemplate/24._E_-_Kodak_400_+_fade.lrtemplate
=== RUN   TestRoundTrip_XMP_NP3_XMP/-REDUCE_COLORS_SATURATION.xmp
=== RUN   TestRoundTrip_lrtemplate_XMP_lrtemplate/25._E_-_Kodak_400_+_cool.lrtemplate
=== PAUSE TestRoundTrip_XMP_NP3_XMP/-REDUCE_COLORS_SATURATION.xmp
=== PAUSE TestRoundTrip_lrtemplate_XMP_lrtemplate/25._E_-_Kodak_400_+_cool.lrtemplate
=== RUN   TestRoundTrip_lrtemplate_XMP_lrtemplate/26._E_-_Kodak_400_+_warm.lrtemplate
=== RUN   TestRoundTrip_XMP_NP3_XMP/-SMOOTHER_DETAILS.xmp
=== PAUSE TestRoundTrip_lrtemplate_XMP_lrtemplate/26._E_-_Kodak_400_+_warm.lrtemplate
=== PAUSE TestRoundTrip_XMP_NP3_XMP/-SMOOTHER_DETAILS.xmp
=== PAUSE TestRoundTrip_XMP_lrtemplate_XMP/AGF_-_Portrait_160_-_cool.xmp
=== RUN   TestRoundTrip_XMP_NP3_XMP/AGF_-_Chrome_RSX_++++.xmp
=== PAUSE TestRoundTrip_XMP_NP3_XMP/AGF_-_Chrome_RSX_++++.xmp
=== RUN   TestRoundTrip_lrtemplate_NP3_lrtemplate/31._E_-_Kodak_800_+_iiii.lrtemplate
=== RUN   TestRoundTrip_XMP_lrtemplate_XMP/AGF_-_Portrait_160_-_film.xmp
=== PAUSE TestRoundTrip_lrtemplate_NP3_lrtemplate/31._E_-_Kodak_800_+_iiii.lrtemplate
=== PAUSE TestRoundTrip_XMP_lrtemplate_XMP/AGF_-_Portrait_160_-_film.xmp
=== RUN   TestRoundTrip_lrtemplate_NP3_lrtemplate/32._E_-_Kodak_800_+_iiiii.lrtemplate
=== RUN   TestRoundTrip_XMP_lrtemplate_XMP/AGF_-_Portrait_160_-_warm.xmp
=== PAUSE TestRoundTrip_XMP_lrtemplate_XMP/AGF_-_Portrait_160_-_warm.xmp
=== RUN   TestRoundTrip_XMP_lrtemplate_XMP/AGF_-_Portrait_160.xmp
=== RUN   TestRoundTrip_lrtemplate_XMP_lrtemplate/27._E_-_Kodak_400_+_punch.lrtemplate
=== PAUSE TestRoundTrip_lrtemplate_XMP_lrtemplate/27._E_-_Kodak_400_+_punch.lrtemplate
=== PAUSE TestRoundTrip_lrtemplate_NP3_lrtemplate/32._E_-_Kodak_800_+_iiiii.lrtemplate
=== RUN   TestRoundTrip_lrtemplate_XMP_lrtemplate/28._E_-_Kodak_800_+_i.lrtemplate
=== PAUSE TestRoundTrip_lrtemplate_XMP_lrtemplate/28._E_-_Kodak_800_+_i.lrtemplate
=== RUN   TestRoundTrip_XMP_NP3_XMP/AGF_-_Chrome_RSX_+++.xmp
=== RUN   TestRoundTrip_lrtemplate_XMP_lrtemplate/29._E_-_Kodak_800_+_ii.lrtemplate
=== PAUSE TestRoundTrip_XMP_NP3_XMP/AGF_-_Chrome_RSX_+++.xmp
=== PAUSE TestRoundTrip_lrtemplate_XMP_lrtemplate/29._E_-_Kodak_800_+_ii.lrtemplate
=== RUN   TestRoundTrip_lrtemplate_XMP_lrtemplate/30._E_-_Kodak_800_+_iii.lrtemplate
=== RUN   TestRoundTrip_XMP_NP3_XMP/AGF_-_Chrome_RSX_++.xmp
=== PAUSE TestRoundTrip_lrtemplate_XMP_lrtemplate/30._E_-_Kodak_800_+_iii.lrtemplate
=== PAUSE TestRoundTrip_XMP_NP3_XMP/AGF_-_Chrome_RSX_++.xmp
=== RUN   TestRoundTrip_lrtemplate_NP3_lrtemplate/33._E_-_Kodak_800_+_fade.lrtemplate
=== RUN   TestRoundTrip_XMP_NP3_XMP/AGF_-_Chrome_RSX_+.xmp
=== PAUSE TestRoundTrip_lrtemplate_NP3_lrtemplate/33._E_-_Kodak_800_+_fade.lrtemplate
=== PAUSE TestRoundTrip_XMP_NP3_XMP/AGF_-_Chrome_RSX_+.xmp
=== PAUSE TestRoundTrip_XMP_lrtemplate_XMP/AGF_-_Portrait_160.xmp
=== RUN   TestRoundTrip_XMP_NP3_XMP/AGF_-_Chrome_RSX_-_boost.xmp
=== RUN   TestRoundTrip_lrtemplate_NP3_lrtemplate/34._E_-_Kodak_800_+_cool.lrtemplate
=== PAUSE TestRoundTrip_XMP_NP3_XMP/AGF_-_Chrome_RSX_-_boost.xmp
=== PAUSE TestRoundTrip_lrtemplate_NP3_lrtemplate/34._E_-_Kodak_800_+_cool.lrtemplate
=== RUN   TestRoundTrip_lrtemplate_XMP_lrtemplate/31._E_-_Kodak_800_+_iiii.lrtemplate
=== PAUSE TestRoundTrip_lrtemplate_XMP_lrtemplate/31._E_-_Kodak_800_+_iiii.lrtemplate
=== RUN   TestRoundTrip_lrtemplate_XMP_lrtemplate/32._E_-_Kodak_800_+_iiiii.lrtemplate
=== PAUSE TestRoundTrip_lrtemplate_XMP_lrtemplate/32._E_-_Kodak_800_+_iiiii.lrtemplate
=== RUN   TestRoundTrip_XMP_lrtemplate_XMP/AGF_-_Ultra_100_++++.xmp
=== RUN   TestRoundTrip_XMP_NP3_XMP/AGF_-_Chrome_RSX_-_cool.xmp
=== PAUSE TestRoundTrip_XMP_lrtemplate_XMP/AGF_-_Ultra_100_++++.xmp
=== RUN   TestRoundTrip_XMP_lrtemplate_XMP/AGF_-_Ultra_100_+++.xmp
=== PAUSE TestRoundTrip_XMP_NP3_XMP/AGF_-_Chrome_RSX_-_cool.xmp
=== PAUSE TestRoundTrip_XMP_lrtemplate_XMP/AGF_-_Ultra_100_+++.xmp
=== RUN   TestRoundTrip_XMP_NP3_XMP/AGF_-_Chrome_RSX_-_film.xmp
=== RUN   TestRoundTrip_XMP_lrtemplate_XMP/AGF_-_Ultra_100_++.xmp
=== PAUSE TestRoundTrip_XMP_NP3_XMP/AGF_-_Chrome_RSX_-_film.xmp
=== PAUSE TestRoundTrip_XMP_lrtemplate_XMP/AGF_-_Ultra_100_++.xmp
=== RUN   TestRoundTrip_XMP_NP3_XMP/AGF_-_Chrome_RSX_-_warm.xmp
=== RUN   TestRoundTrip_XMP_lrtemplate_XMP/AGF_-_Ultra_100_+.xmp
=== PAUSE TestRoundTrip_XMP_NP3_XMP/AGF_-_Chrome_RSX_-_warm.xmp
=== RUN   TestRoundTrip_lrtemplate_XMP_lrtemplate/33._E_-_Kodak_800_+_fade.lrtemplate
=== RUN   TestRoundTrip_lrtemplate_NP3_lrtemplate/35._E_-_Kodak_800_+_warm.lrtemplate
=== PAUSE TestRoundTrip_lrtemplate_XMP_lrtemplate/33._E_-_Kodak_800_+_fade.lrtemplate
=== PAUSE TestRoundTrip_XMP_lrtemplate_XMP/AGF_-_Ultra_100_+.xmp
=== RUN   TestRoundTrip_XMP_lrtemplate_XMP/AGF_-_Ultra_100_-_boost.xmp
=== RUN   TestRoundTrip_lrtemplate_XMP_lrtemplate/34._E_-_Kodak_800_+_cool.lrtemplate
=== PAUSE TestRoundTrip_XMP_lrtemplate_XMP/AGF_-_Ultra_100_-_boost.xmp
=== PAUSE TestRoundTrip_lrtemplate_XMP_lrtemplate/34._E_-_Kodak_800_+_cool.lrtemplate
=== RUN   TestRoundTrip_XMP_lrtemplate_XMP/AGF_-_Ultra_100_-_cool.xmp
=== RUN   TestRoundTrip_lrtemplate_XMP_lrtemplate/35._E_-_Kodak_800_+_warm.lrtemplate
=== PAUSE TestRoundTrip_lrtemplate_XMP_lrtemplate/35._E_-_Kodak_800_+_warm.lrtemplate
=== PAUSE TestRoundTrip_lrtemplate_NP3_lrtemplate/35._E_-_Kodak_800_+_warm.lrtemplate
=== RUN   TestRoundTrip_lrtemplate_XMP_lrtemplate/36._E_-_Kodak_800_+_punch.lrtemplate
=== PAUSE TestRoundTrip_lrtemplate_XMP_lrtemplate/36._E_-_Kodak_800_+_punch.lrtemplate
=== RUN   TestRoundTrip_lrtemplate_NP3_lrtemplate/36._E_-_Kodak_800_+_punch.lrtemplate
=== RUN   TestRoundTrip_lrtemplate_XMP_lrtemplate/37._E_-_Kodak_Echrome_+_i.lrtemplate
=== RUN   TestRoundTrip_XMP_NP3_XMP/AGF_-_Chrome_RSX.xmp
=== PAUSE TestRoundTrip_lrtemplate_NP3_lrtemplate/36._E_-_Kodak_800_+_punch.lrtemplate
=== PAUSE TestRoundTrip_XMP_NP3_XMP/AGF_-_Chrome_RSX.xmp
=== RUN   TestRoundTrip_lrtemplate_NP3_lrtemplate/37._E_-_Kodak_Echrome_+_i.lrtemplate
=== PAUSE TestRoundTrip_lrtemplate_NP3_lrtemplate/37._E_-_Kodak_Echrome_+_i.lrtemplate
=== RUN   TestRoundTrip_lrtemplate_NP3_lrtemplate/38._E_-_Kodak_Echrome_+_ii.lrtemplate
=== RUN   TestRoundTrip_XMP_NP3_XMP/AGF_-_Optima_100_++++.xmp
=== PAUSE TestRoundTrip_lrtemplate_NP3_lrtemplate/38._E_-_Kodak_Echrome_+_ii.lrtemplate
=== RUN   TestRoundTrip_lrtemplate_NP3_lrtemplate/39._E_-_Kodak_Echrome_+_iii.lrtemplate
=== PAUSE TestRoundTrip_XMP_NP3_XMP/AGF_-_Optima_100_++++.xmp
=== PAUSE TestRoundTrip_lrtemplate_NP3_lrtemplate/39._E_-_Kodak_Echrome_+_iii.lrtemplate
=== PAUSE TestRoundTrip_lrtemplate_XMP_lrtemplate/37._E_-_Kodak_Echrome_+_i.lrtemplate
=== RUN   TestRoundTrip_XMP_NP3_XMP/AGF_-_Optima_100_+++.xmp
=== RUN   TestRoundTrip_lrtemplate_XMP_lrtemplate/38._E_-_Kodak_Echrome_+_ii.lrtemplate
=== PAUSE TestRoundTrip_XMP_NP3_XMP/AGF_-_Optima_100_+++.xmp
=== PAUSE TestRoundTrip_XMP_lrtemplate_XMP/AGF_-_Ultra_100_-_cool.xmp
=== RUN   TestRoundTrip_lrtemplate_NP3_lrtemplate/40._E_-_Kodak_Echrome_+_iiii.lrtemplate
=== PAUSE TestRoundTrip_lrtemplate_NP3_lrtemplate/40._E_-_Kodak_Echrome_+_iiii.lrtemplate
=== RUN   TestRoundTrip_XMP_NP3_XMP/AGF_-_Optima_100_++.xmp
=== RUN   TestRoundTrip_lrtemplate_NP3_lrtemplate/41._E_-_Kodak_Echrome_+_iiiii.lrtemplate
=== PAUSE TestRoundTrip_lrtemplate_NP3_lrtemplate/41._E_-_Kodak_Echrome_+_iiiii.lrtemplate
=== PAUSE TestRoundTrip_XMP_NP3_XMP/AGF_-_Optima_100_++.xmp
=== RUN   TestRoundTrip_lrtemplate_NP3_lrtemplate/42._E_-_Kodak_Echrome_+_fade.lrtemplate
=== PAUSE TestRoundTrip_lrtemplate_NP3_lrtemplate/42._E_-_Kodak_Echrome_+_fade.lrtemplate
=== PAUSE TestRoundTrip_lrtemplate_XMP_lrtemplate/38._E_-_Kodak_Echrome_+_ii.lrtemplate
=== RUN   TestRoundTrip_lrtemplate_NP3_lrtemplate/43._E_-_Kodak_Echrome_+_cool.lrtemplate
=== RUN   TestRoundTrip_lrtemplate_XMP_lrtemplate/39._E_-_Kodak_Echrome_+_iii.lrtemplate
=== PAUSE TestRoundTrip_lrtemplate_NP3_lrtemplate/43._E_-_Kodak_Echrome_+_cool.lrtemplate
=== PAUSE TestRoundTrip_lrtemplate_XMP_lrtemplate/39._E_-_Kodak_Echrome_+_iii.lrtemplate
=== RUN   TestRoundTrip_lrtemplate_XMP_lrtemplate/40._E_-_Kodak_Echrome_+_iiii.lrtemplate
=== RUN   TestRoundTrip_lrtemplate_NP3_lrtemplate/44._E_-_Kodak_Echrome_+_warm.lrtemplate
=== PAUSE TestRoundTrip_lrtemplate_XMP_lrtemplate/40._E_-_Kodak_Echrome_+_iiii.lrtemplate
=== RUN   TestRoundTrip_XMP_lrtemplate_XMP/AGF_-_Ultra_100_-_film.xmp
=== PAUSE TestRoundTrip_XMP_lrtemplate_XMP/AGF_-_Ultra_100_-_film.xmp
=== RUN   TestRoundTrip_XMP_lrtemplate_XMP/AGF_-_Ultra_100_-_warm.xmp
=== RUN   TestRoundTrip_XMP_NP3_XMP/AGF_-_Optima_100_+.xmp
=== PAUSE TestRoundTrip_XMP_lrtemplate_XMP/AGF_-_Ultra_100_-_warm.xmp
=== PAUSE TestRoundTrip_XMP_NP3_XMP/AGF_-_Optima_100_+.xmp
=== PAUSE TestRoundTrip_lrtemplate_NP3_lrtemplate/44._E_-_Kodak_Echrome_+_warm.lrtemplate
=== RUN   TestRoundTrip_XMP_lrtemplate_XMP/AGF_-_Ultra_100.xmp
=== RUN   TestRoundTrip_XMP_NP3_XMP/AGF_-_Optima_100_-_boost.xmp
=== PAUSE TestRoundTrip_XMP_lrtemplate_XMP/AGF_-_Ultra_100.xmp
=== PAUSE TestRoundTrip_XMP_NP3_XMP/AGF_-_Optima_100_-_boost.xmp
=== RUN   TestRoundTrip_XMP_lrtemplate_XMP/AGF_-_Vista_Plus_++++.xmp
=== RUN   TestRoundTrip_XMP_NP3_XMP/AGF_-_Optima_100_-_cool.xmp
=== PAUSE TestRoundTrip_XMP_lrtemplate_XMP/AGF_-_Vista_Plus_++++.xmp
=== PAUSE TestRoundTrip_XMP_NP3_XMP/AGF_-_Optima_100_-_cool.xmp
=== RUN   TestRoundTrip_XMP_lrtemplate_XMP/AGF_-_Vista_Plus_+++.xmp
=== RUN   TestRoundTrip_XMP_NP3_XMP/AGF_-_Optima_100_-_film.xmp
=== PAUSE TestRoundTrip_XMP_lrtemplate_XMP/AGF_-_Vista_Plus_+++.xmp
=== RUN   TestRoundTrip_XMP_lrtemplate_XMP/AGF_-_Vista_Plus_++.xmp
=== PAUSE TestRoundTrip_XMP_lrtemplate_XMP/AGF_-_Vista_Plus_++.xmp
=== RUN   TestRoundTrip_lrtemplate_XMP_lrtemplate/41._E_-_Kodak_Echrome_+_iiiii.lrtemplate
=== PAUSE TestRoundTrip_lrtemplate_XMP_lrtemplate/41._E_-_Kodak_Echrome_+_iiiii.lrtemplate
=== RUN   TestRoundTrip_lrtemplate_NP3_lrtemplate/45._E_-_Kodak_Echrome_+_punch.lrtemplate
=== RUN   TestRoundTrip_lrtemplate_XMP_lrtemplate/42._E_-_Kodak_Echrome_+_fade.lrtemplate
=== PAUSE TestRoundTrip_lrtemplate_XMP_lrtemplate/42._E_-_Kodak_Echrome_+_fade.lrtemplate
=== PAUSE TestRoundTrip_lrtemplate_NP3_lrtemplate/45._E_-_Kodak_Echrome_+_punch.lrtemplate
=== PAUSE TestRoundTrip_XMP_NP3_XMP/AGF_-_Optima_100_-_film.xmp
=== RUN   TestRoundTrip_lrtemplate_NP3_lrtemplate/46._E_-_Kodak_E64_+_i.lrtemplate
=== PAUSE TestRoundTrip_lrtemplate_NP3_lrtemplate/46._E_-_Kodak_E64_+_i.lrtemplate
=== RUN   TestRoundTrip_XMP_NP3_XMP/AGF_-_Optima_100_-_warm.xmp
=== RUN   TestRoundTrip_lrtemplate_NP3_lrtemplate/47._E_-_Kodak_E64_+_ii.lrtemplate
=== PAUSE TestRoundTrip_XMP_NP3_XMP/AGF_-_Optima_100_-_warm.xmp
=== RUN   TestRoundTrip_XMP_lrtemplate_XMP/AGF_-_Vista_Plus_+.xmp
=== PAUSE TestRoundTrip_XMP_lrtemplate_XMP/AGF_-_Vista_Plus_+.xmp
=== RUN   TestRoundTrip_lrtemplate_XMP_lrtemplate/43._E_-_Kodak_Echrome_+_cool.lrtemplate
=== RUN   TestRoundTrip_XMP_lrtemplate_XMP/AGF_-_Vista_Plus_-_boost.xmp
=== PAUSE TestRoundTrip_lrtemplate_XMP_lrtemplate/43._E_-_Kodak_Echrome_+_cool.lrtemplate
=== PAUSE TestRoundTrip_XMP_lrtemplate_XMP/AGF_-_Vista_Plus_-_boost.xmp
=== PAUSE TestRoundTrip_lrtemplate_NP3_lrtemplate/47._E_-_Kodak_E64_+_ii.lrtemplate
=== RUN   TestRoundTrip_lrtemplate_XMP_lrtemplate/44._E_-_Kodak_Echrome_+_warm.lrtemplate
=== RUN   TestRoundTrip_XMP_lrtemplate_XMP/AGF_-_Vista_Plus_-_cool.xmp
=== RUN   TestRoundTrip_lrtemplate_NP3_lrtemplate/48._E_-_Kodak_E64_+_iii.lrtemplate
=== PAUSE TestRoundTrip_XMP_lrtemplate_XMP/AGF_-_Vista_Plus_-_cool.xmp
=== RUN   TestRoundTrip_XMP_lrtemplate_XMP/AGF_-_Vista_Plus_-_film.xmp
=== PAUSE TestRoundTrip_lrtemplate_XMP_lrtemplate/44._E_-_Kodak_Echrome_+_warm.lrtemplate
=== PAUSE TestRoundTrip_XMP_lrtemplate_XMP/AGF_-_Vista_Plus_-_film.xmp
=== PAUSE TestRoundTrip_lrtemplate_NP3_lrtemplate/48._E_-_Kodak_E64_+_iii.lrtemplate
=== RUN   TestRoundTrip_XMP_lrtemplate_XMP/AGF_-_Vista_Plus_-_warm.xmp
=== RUN   TestRoundTrip_lrtemplate_NP3_lrtemplate/49._E_-_Kodak_E64_+_iiii.lrtemplate
=== PAUSE TestRoundTrip_XMP_lrtemplate_XMP/AGF_-_Vista_Plus_-_warm.xmp
=== RUN   TestRoundTrip_XMP_NP3_XMP/AGF_-_Optima_100.xmp
=== PAUSE TestRoundTrip_XMP_NP3_XMP/AGF_-_Optima_100.xmp
=== RUN   TestRoundTrip_lrtemplate_XMP_lrtemplate/45._E_-_Kodak_Echrome_+_punch.lrtemplate
=== RUN   TestRoundTrip_XMP_NP3_XMP/AGF_-_Portrait_160_++++.xmp
=== PAUSE TestRoundTrip_lrtemplate_XMP_lrtemplate/45._E_-_Kodak_Echrome_+_punch.lrtemplate
=== RUN   TestRoundTrip_XMP_lrtemplate_XMP/AGF_-_Vista_Plus.xmp
=== RUN   TestRoundTrip_lrtemplate_XMP_lrtemplate/46._E_-_Kodak_E64_+_i.lrtemplate
=== PAUSE TestRoundTrip_lrtemplate_NP3_lrtemplate/49._E_-_Kodak_E64_+_iiii.lrtemplate
=== PAUSE TestRoundTrip_XMP_lrtemplate_XMP/AGF_-_Vista_Plus.xmp
=== RUN   TestRoundTrip_lrtemplate_NP3_lrtemplate/50._E_-_Kodak_E64_+_iiiii.lrtemplate
=== RUN   TestRoundTrip_XMP_lrtemplate_XMP/COLOR_-_Lavender.xmp
=== PAUSE TestRoundTrip_XMP_lrtemplate_XMP/COLOR_-_Lavender.xmp
=== PAUSE TestRoundTrip_lrtemplate_NP3_lrtemplate/50._E_-_Kodak_E64_+_iiiii.lrtemplate
=== RUN   TestRoundTrip_XMP_lrtemplate_XMP/COLOR_-_Morning.xmp
=== RUN   TestRoundTrip_lrtemplate_NP3_lrtemplate/51._E_-_Kodak_E64_+_fade.lrtemplate
=== PAUSE TestRoundTrip_XMP_lrtemplate_XMP/COLOR_-_Morning.xmp
=== RUN   TestRoundTrip_XMP_lrtemplate_XMP/COLOR_-_Neutral.xmp
=== PAUSE TestRoundTrip_XMP_NP3_XMP/AGF_-_Portrait_160_++++.xmp
=== PAUSE TestRoundTrip_XMP_lrtemplate_XMP/COLOR_-_Neutral.xmp
=== RUN   TestRoundTrip_XMP_NP3_XMP/AGF_-_Portrait_160_+++.xmp
=== RUN   TestRoundTrip_XMP_lrtemplate_XMP/COLOR_-_Pastel_Rouge.xmp
=== PAUSE TestRoundTrip_lrtemplate_XMP_lrtemplate/46._E_-_Kodak_E64_+_i.lrtemplate
=== PAUSE TestRoundTrip_lrtemplate_NP3_lrtemplate/51._E_-_Kodak_E64_+_fade.lrtemplate
=== PAUSE TestRoundTrip_XMP_lrtemplate_XMP/COLOR_-_Pastel_Rouge.xmp
=== RUN   TestRoundTrip_lrtemplate_NP3_lrtemplate/52._E_-_Kodak_E64_+_cool.lrtemplate
=== RUN   TestRoundTrip_XMP_lrtemplate_XMP/COLOR_-_Sea_Breeze.xmp
=== RUN   TestRoundTrip_lrtemplate_XMP_lrtemplate/47._E_-_Kodak_E64_+_ii.lrtemplate
=== PAUSE TestRoundTrip_lrtemplate_NP3_lrtemplate/52._E_-_Kodak_E64_+_cool.lrtemplate
=== PAUSE TestRoundTrip_lrtemplate_XMP_lrtemplate/47._E_-_Kodak_E64_+_ii.lrtemplate
=== PAUSE TestRoundTrip_XMP_NP3_XMP/AGF_-_Portrait_160_+++.xmp
=== PAUSE TestRoundTrip_XMP_lrtemplate_XMP/COLOR_-_Sea_Breeze.xmp
=== RUN   TestRoundTrip_XMP_lrtemplate_XMP/COLOR_-_Spearmint.xmp
=== RUN   TestRoundTrip_lrtemplate_NP3_lrtemplate/53._E_-_Kodak_E64_+_warm.lrtemplate
=== RUN   TestRoundTrip_lrtemplate_XMP_lrtemplate/48._E_-_Kodak_E64_+_iii.lrtemplate
=== PAUSE TestRoundTrip_lrtemplate_NP3_lrtemplate/53._E_-_Kodak_E64_+_warm.lrtemplate
=== RUN   TestRoundTrip_lrtemplate_NP3_lrtemplate/54._E_-_Kodak_E64_+_punch.lrtemplate
=== PAUSE TestRoundTrip_lrtemplate_XMP_lrtemplate/48._E_-_Kodak_E64_+_iii.lrtemplate
=== PAUSE TestRoundTrip_lrtemplate_NP3_lrtemplate/54._E_-_Kodak_E64_+_punch.lrtemplate
=== RUN   TestRoundTrip_lrtemplate_XMP_lrtemplate/49._E_-_Kodak_E64_+_iiii.lrtemplate
=== RUN   TestRoundTrip_lrtemplate_NP3_lrtemplate/55._E_-_Kodak_E100_+_i.lrtemplate
=== PAUSE TestRoundTrip_lrtemplate_XMP_lrtemplate/49._E_-_Kodak_E64_+_iiii.lrtemplate
=== PAUSE TestRoundTrip_lrtemplate_NP3_lrtemplate/55._E_-_Kodak_E100_+_i.lrtemplate
=== PAUSE TestRoundTrip_XMP_lrtemplate_XMP/COLOR_-_Spearmint.xmp
=== RUN   TestRoundTrip_XMP_NP3_XMP/AGF_-_Portrait_160_++.xmp
=== RUN   TestRoundTrip_XMP_lrtemplate_XMP/COLOR_-_Warm_Light.xmp
=== PAUSE TestRoundTrip_XMP_NP3_XMP/AGF_-_Portrait_160_++.xmp
=== PAUSE TestRoundTrip_XMP_lrtemplate_XMP/COLOR_-_Warm_Light.xmp
=== RUN   TestRoundTrip_XMP_NP3_XMP/AGF_-_Portrait_160_+.xmp
=== RUN   TestRoundTrip_XMP_lrtemplate_XMP/CONTRAST_-_High.xmp
=== PAUSE TestRoundTrip_XMP_NP3_XMP/AGF_-_Portrait_160_+.xmp
=== PAUSE TestRoundTrip_XMP_lrtemplate_XMP/CONTRAST_-_High.xmp
=== RUN   TestRoundTrip_lrtemplate_XMP_lrtemplate/50._E_-_Kodak_E64_+_iiiii.lrtemplate
=== RUN   TestRoundTrip_XMP_lrtemplate_XMP/CONTRAST_-_Low.xmp
=== PAUSE TestRoundTrip_lrtemplate_XMP_lrtemplate/50._E_-_Kodak_E64_+_iiiii.lrtemplate
=== RUN   TestRoundTrip_lrtemplate_NP3_lrtemplate/56._E_-_Kodak_E100_+_ii.lrtemplate
=== RUN   TestRoundTrip_lrtemplate_XMP_lrtemplate/51._E_-_Kodak_E64_+_fade.lrtemplate
=== PAUSE TestRoundTrip_lrtemplate_NP3_lrtemplate/56._E_-_Kodak_E100_+_ii.lrtemplate
=== PAUSE TestRoundTrip_lrtemplate_XMP_lrtemplate/51._E_-_Kodak_E64_+_fade.lrtemplate
=== RUN   TestRoundTrip_lrtemplate_NP3_lrtemplate/57._E_-_Kodak_E100_+_iii.lrtemplate
=== PAUSE TestRoundTrip_lrtemplate_NP3_lrtemplate/57._E_-_Kodak_E100_+_iii.lrtemplate
=== RUN   TestRoundTrip_lrtemplate_XMP_lrtemplate/52._E_-_Kodak_E64_+_cool.lrtemplate
=== PAUSE TestRoundTrip_XMP_lrtemplate_XMP/CONTRAST_-_Low.xmp
=== PAUSE TestRoundTrip_lrtemplate_XMP_lrtemplate/52._E_-_Kodak_E64_+_cool.lrtemplate
=== RUN   TestRoundTrip_lrtemplate_NP3_lrtemplate/58._E_-_Kodak_E100_+_iiii.lrtemplate
=== RUN   TestRoundTrip_XMP_lrtemplate_XMP/CONTRAST_-_Mid.xmp
=== PAUSE TestRoundTrip_lrtemplate_NP3_lrtemplate/58._E_-_Kodak_E100_+_iiii.lrtemplate
=== PAUSE TestRoundTrip_XMP_lrtemplate_XMP/CONTRAST_-_Mid.xmp
=== RUN   TestRoundTrip_XMP_NP3_XMP/AGF_-_Portrait_160_-_boost.xmp
=== RUN   TestRoundTrip_lrtemplate_NP3_lrtemplate/59._E_-_Kodak_E100_+_iiiii.lrtemplate
=== PAUSE TestRoundTrip_XMP_NP3_XMP/AGF_-_Portrait_160_-_boost.xmp
=== RUN   TestRoundTrip_XMP_lrtemplate_XMP/DETAIL_-_High.xmp
=== RUN   TestRoundTrip_XMP_NP3_XMP/AGF_-_Portrait_160_-_cool.xmp
=== PAUSE TestRoundTrip_XMP_lrtemplate_XMP/DETAIL_-_High.xmp
=== PAUSE TestRoundTrip_lrtemplate_NP3_lrtemplate/59._E_-_Kodak_E100_+_iiiii.lrtemplate
=== PAUSE TestRoundTrip_XMP_NP3_XMP/AGF_-_Portrait_160_-_cool.xmp
=== RUN   TestRoundTrip_XMP_lrtemplate_XMP/DETAIL_-_Low.xmp
=== RUN   TestRoundTrip_lrtemplate_NP3_lrtemplate/60._E_-_Kodak_E100_+_fade.lrtemplate
=== RUN   TestRoundTrip_XMP_NP3_XMP/AGF_-_Portrait_160_-_film.xmp
=== PAUSE TestRoundTrip_lrtemplate_NP3_lrtemplate/60._E_-_Kodak_E100_+_fade.lrtemplate
=== PAUSE TestRoundTrip_XMP_NP3_XMP/AGF_-_Portrait_160_-_film.xmp
=== RUN   TestRoundTrip_XMP_NP3_XMP/AGF_-_Portrait_160_-_warm.xmp
=== RUN   TestRoundTrip_lrtemplate_NP3_lrtemplate/61._E_-_Kodak_E100_+_cool.lrtemplate
=== PAUSE TestRoundTrip_XMP_lrtemplate_XMP/DETAIL_-_Low.xmp
=== PAUSE TestRoundTrip_lrtemplate_NP3_lrtemplate/61._E_-_Kodak_E100_+_cool.lrtemplate
=== RUN   TestRoundTrip_XMP_lrtemplate_XMP/DETAIL_-_Mid.xmp
=== RUN   TestRoundTrip_lrtemplate_XMP_lrtemplate/53._E_-_Kodak_E64_+_warm.lrtemplate
=== RUN   TestRoundTrip_lrtemplate_NP3_lrtemplate/62._E_-_Kodak_E100_+_warm.lrtemplate
=== PAUSE TestRoundTrip_lrtemplate_NP3_lrtemplate/62._E_-_Kodak_E100_+_warm.lrtemplate
=== RUN   TestRoundTrip_lrtemplate_NP3_lrtemplate/63._E_-_Kodak_E100_+_punch.lrtemplate
=== PAUSE TestRoundTrip_XMP_NP3_XMP/AGF_-_Portrait_160_-_warm.xmp
=== PAUSE TestRoundTrip_lrtemplate_NP3_lrtemplate/63._E_-_Kodak_E100_+_punch.lrtemplate
=== RUN   TestRoundTrip_XMP_NP3_XMP/AGF_-_Portrait_160.xmp
=== PAUSE TestRoundTrip_XMP_NP3_XMP/AGF_-_Portrait_160.xmp
=== RUN   TestRoundTrip_lrtemplate_NP3_lrtemplate/64._E_-_Kodak_E200_+_i.lrtemplate
=== RUN   TestRoundTrip_XMP_NP3_XMP/AGF_-_Ultra_100_++++.xmp
=== PAUSE TestRoundTrip_lrtemplate_XMP_lrtemplate/53._E_-_Kodak_E64_+_warm.lrtemplate
=== RUN   TestRoundTrip_lrtemplate_XMP_lrtemplate/54._E_-_Kodak_E64_+_punch.lrtemplate
=== PAUSE TestRoundTrip_XMP_lrtemplate_XMP/DETAIL_-_Mid.xmp
=== PAUSE TestRoundTrip_lrtemplate_XMP_lrtemplate/54._E_-_Kodak_E64_+_punch.lrtemplate
=== PAUSE TestRoundTrip_lrtemplate_NP3_lrtemplate/64._E_-_Kodak_E200_+_i.lrtemplate
=== PAUSE TestRoundTrip_XMP_NP3_XMP/AGF_-_Ultra_100_++++.xmp
=== RUN   TestRoundTrip_XMP_lrtemplate_XMP/EXPOSURE__-_1.xmp
=== RUN   TestRoundTrip_XMP_NP3_XMP/AGF_-_Ultra_100_+++.xmp
=== PAUSE TestRoundTrip_XMP_lrtemplate_XMP/EXPOSURE__-_1.xmp
=== PAUSE TestRoundTrip_XMP_NP3_XMP/AGF_-_Ultra_100_+++.xmp
=== RUN   TestRoundTrip_lrtemplate_XMP_lrtemplate/55._E_-_Kodak_E100_+_i.lrtemplate
=== RUN   TestRoundTrip_XMP_NP3_XMP/AGF_-_Ultra_100_++.xmp
=== PAUSE TestRoundTrip_lrtemplate_XMP_lrtemplate/55._E_-_Kodak_E100_+_i.lrtemplate
=== RUN   TestRoundTrip_lrtemplate_XMP_lrtemplate/56._E_-_Kodak_E100_+_ii.lrtemplate
=== RUN   TestRoundTrip_lrtemplate_NP3_lrtemplate/65._E_-_Kodak_E200_+_ii.lrtemplate
=== PAUSE TestRoundTrip_lrtemplate_XMP_lrtemplate/56._E_-_Kodak_E100_+_ii.lrtemplate
=== RUN   TestRoundTrip_lrtemplate_XMP_lrtemplate/57._E_-_Kodak_E100_+_iii.lrtemplate
=== PAUSE TestRoundTrip_lrtemplate_XMP_lrtemplate/57._E_-_Kodak_E100_+_iii.lrtemplate
=== PAUSE TestRoundTrip_XMP_NP3_XMP/AGF_-_Ultra_100_++.xmp
=== PAUSE TestRoundTrip_lrtemplate_NP3_lrtemplate/65._E_-_Kodak_E200_+_ii.lrtemplate
=== RUN   TestRoundTrip_lrtemplate_NP3_lrtemplate/66._E_-_Kodak_E200_+_iii.lrtemplate
=== RUN   TestRoundTrip_XMP_NP3_XMP/AGF_-_Ultra_100_+.xmp
=== PAUSE TestRoundTrip_lrtemplate_NP3_lrtemplate/66._E_-_Kodak_E200_+_iii.lrtemplate
=== RUN   TestRoundTrip_XMP_lrtemplate_XMP/EXPOSURE__-_2.xmp
=== RUN   TestRoundTrip_lrtemplate_NP3_lrtemplate/67._E_-_Kodak_E200_+_iiii.lrtemplate
=== PAUSE TestRoundTrip_XMP_NP3_XMP/AGF_-_Ultra_100_+.xmp
=== PAUSE TestRoundTrip_XMP_lrtemplate_XMP/EXPOSURE__-_2.xmp
=== RUN   TestRoundTrip_XMP_NP3_XMP/AGF_-_Ultra_100_-_boost.xmp
=== RUN   TestRoundTrip_XMP_lrtemplate_XMP/EXPOSURE__0.xmp
=== RUN   TestRoundTrip_lrtemplate_XMP_lrtemplate/58._E_-_Kodak_E100_+_iiii.lrtemplate
=== PAUSE TestRoundTrip_lrtemplate_NP3_lrtemplate/67._E_-_Kodak_E200_+_iiii.lrtemplate
=== PAUSE TestRoundTrip_XMP_lrtemplate_XMP/EXPOSURE__0.xmp
=== RUN   TestRoundTrip_lrtemplate_NP3_lrtemplate/68._E_-_Kodak_E200_+_iiiii.lrtemplate
=== RUN   TestRoundTrip_XMP_lrtemplate_XMP/EXPOSURE_+_1.xmp
=== PAUSE TestRoundTrip_lrtemplate_NP3_lrtemplate/68._E_-_Kodak_E200_+_iiiii.lrtemplate
=== PAUSE TestRoundTrip_XMP_NP3_XMP/AGF_-_Ultra_100_-_boost.xmp
=== RUN   TestRoundTrip_lrtemplate_NP3_lrtemplate/69._E_-_Kodak_E200_+_fade.lrtemplate
=== RUN   TestRoundTrip_XMP_NP3_XMP/AGF_-_Ultra_100_-_cool.xmp
=== PAUSE TestRoundTrip_XMP_lrtemplate_XMP/EXPOSURE_+_1.xmp
=== PAUSE TestRoundTrip_XMP_NP3_XMP/AGF_-_Ultra_100_-_cool.xmp
=== RUN   TestRoundTrip_XMP_NP3_XMP/AGF_-_Ultra_100_-_film.xmp
=== PAUSE TestRoundTrip_XMP_NP3_XMP/AGF_-_Ultra_100_-_film.xmp
=== PAUSE TestRoundTrip_lrtemplate_XMP_lrtemplate/58._E_-_Kodak_E100_+_iiii.lrtemplate
=== RUN   TestRoundTrip_XMP_NP3_XMP/AGF_-_Ultra_100_-_warm.xmp
=== RUN   TestRoundTrip_lrtemplate_XMP_lrtemplate/59._E_-_Kodak_E100_+_iiiii.lrtemplate
=== PAUSE TestRoundTrip_XMP_NP3_XMP/AGF_-_Ultra_100_-_warm.xmp
=== RUN   TestRoundTrip_XMP_NP3_XMP/AGF_-_Ultra_100.xmp
=== PAUSE TestRoundTrip_XMP_NP3_XMP/AGF_-_Ultra_100.xmp
=== PAUSE TestRoundTrip_lrtemplate_XMP_lrtemplate/59._E_-_Kodak_E100_+_iiiii.lrtemplate
=== RUN   TestRoundTrip_XMP_NP3_XMP/AGF_-_Vista_Plus_++++.xmp
=== RUN   TestRoundTrip_lrtemplate_XMP_lrtemplate/60._E_-_Kodak_E100_+_fade.lrtemplate
=== PAUSE TestRoundTrip_lrtemplate_XMP_lrtemplate/60._E_-_Kodak_E100_+_fade.lrtemplate
=== RUN   TestRoundTrip_lrtemplate_XMP_lrtemplate/61._E_-_Kodak_E100_+_cool.lrtemplate
=== PAUSE TestRoundTrip_XMP_NP3_XMP/AGF_-_Vista_Plus_++++.xmp
=== RUN   TestRoundTrip_XMP_lrtemplate_XMP/EXPOSURE_+_2.xmp
=== RUN   TestRoundTrip_XMP_NP3_XMP/AGF_-_Vista_Plus_+++.xmp
=== PAUSE TestRoundTrip_XMP_lrtemplate_XMP/EXPOSURE_+_2.xmp
=== RUN   TestRoundTrip_XMP_lrtemplate_XMP/FINISH_-_Basic.xmp
=== PAUSE TestRoundTrip_XMP_NP3_XMP/AGF_-_Vista_Plus_+++.xmp
=== PAUSE TestRoundTrip_XMP_lrtemplate_XMP/FINISH_-_Basic.xmp
=== RUN   TestRoundTrip_XMP_NP3_XMP/AGF_-_Vista_Plus_++.xmp
=== PAUSE TestRoundTrip_lrtemplate_XMP_lrtemplate/61._E_-_Kodak_E100_+_cool.lrtemplate
=== PAUSE TestRoundTrip_XMP_NP3_XMP/AGF_-_Vista_Plus_++.xmp
=== PAUSE TestRoundTrip_lrtemplate_NP3_lrtemplate/69._E_-_Kodak_E200_+_fade.lrtemplate
=== RUN   TestRoundTrip_lrtemplate_XMP_lrtemplate/62._E_-_Kodak_E100_+_warm.lrtemplate
=== RUN   TestRoundTrip_XMP_NP3_XMP/AGF_-_Vista_Plus_+.xmp
=== PAUSE TestRoundTrip_lrtemplate_XMP_lrtemplate/62._E_-_Kodak_E100_+_warm.lrtemplate
=== RUN   TestRoundTrip_lrtemplate_NP3_lrtemplate/70._E_-_Kodak_E200_+_cool.lrtemplate
=== RUN   TestRoundTrip_lrtemplate_XMP_lrtemplate/63._E_-_Kodak_E100_+_punch.lrtemplate
=== PAUSE TestRoundTrip_XMP_NP3_XMP/AGF_-_Vista_Plus_+.xmp
=== PAUSE TestRoundTrip_lrtemplate_XMP_lrtemplate/63._E_-_Kodak_E100_+_punch.lrtemplate
=== RUN   TestRoundTrip_XMP_NP3_XMP/AGF_-_Vista_Plus_-_boost.xmp
=== RUN   TestRoundTrip_lrtemplate_XMP_lrtemplate/64._E_-_Kodak_E200_+_i.lrtemplate
=== RUN   TestRoundTrip_XMP_lrtemplate_XMP/FINISH_-_Bright.xmp
=== PAUSE TestRoundTrip_lrtemplate_XMP_lrtemplate/64._E_-_Kodak_E200_+_i.lrtemplate
=== RUN   TestRoundTrip_lrtemplate_XMP_lrtemplate/65._E_-_Kodak_E200_+_ii.lrtemplate
=== PAUSE TestRoundTrip_XMP_lrtemplate_XMP/FINISH_-_Bright.xmp
=== PAUSE TestRoundTrip_XMP_NP3_XMP/AGF_-_Vista_Plus_-_boost.xmp
=== RUN   TestRoundTrip_XMP_lrtemplate_XMP/FINISH_-_Film.xmp
=== PAUSE TestRoundTrip_lrtemplate_NP3_lrtemplate/70._E_-_Kodak_E200_+_cool.lrtemplate
=== RUN   TestRoundTrip_XMP_NP3_XMP/AGF_-_Vista_Plus_-_cool.xmp
=== RUN   TestRoundTrip_lrtemplate_NP3_lrtemplate/71._E_-_Kodak_E200_+_warm.lrtemplate
=== PAUSE TestRoundTrip_XMP_NP3_XMP/AGF_-_Vista_Plus_-_cool.xmp
=== PAUSE TestRoundTrip_XMP_lrtemplate_XMP/FINISH_-_Film.xmp
=== RUN   TestRoundTrip_XMP_NP3_XMP/AGF_-_Vista_Plus_-_film.xmp
=== RUN   TestRoundTrip_XMP_lrtemplate_XMP/FINISH_-_Retro.xmp
=== PAUSE TestRoundTrip_XMP_NP3_XMP/AGF_-_Vista_Plus_-_film.xmp
=== RUN   TestRoundTrip_XMP_NP3_XMP/AGF_-_Vista_Plus_-_warm.xmp
=== PAUSE TestRoundTrip_XMP_NP3_XMP/AGF_-_Vista_Plus_-_warm.xmp
=== PAUSE TestRoundTrip_lrtemplate_NP3_lrtemplate/71._E_-_Kodak_E200_+_warm.lrtemplate
=== RUN   TestRoundTrip_XMP_NP3_XMP/AGF_-_Vista_Plus.xmp
=== RUN   TestRoundTrip_lrtemplate_NP3_lrtemplate/72._E_-_Kodak_E200_+_punch.lrtemplate
=== PAUSE TestRoundTrip_XMP_lrtemplate_XMP/FINISH_-_Retro.xmp
=== RUN   TestRoundTrip_XMP_lrtemplate_XMP/FINISH_-_Strong.xmp
=== PAUSE TestRoundTrip_lrtemplate_XMP_lrtemplate/65._E_-_Kodak_E200_+_ii.lrtemplate
=== PAUSE TestRoundTrip_XMP_NP3_XMP/AGF_-_Vista_Plus.xmp
=== RUN   TestRoundTrip_XMP_NP3_XMP/COLOR_-_Lavender.xmp
=== PAUSE TestRoundTrip_XMP_lrtemplate_XMP/FINISH_-_Strong.xmp
=== PAUSE TestRoundTrip_XMP_NP3_XMP/COLOR_-_Lavender.xmp
=== RUN   TestRoundTrip_XMP_lrtemplate_XMP/FINISH_-_Vintage.xmp
=== RUN   TestRoundTrip_XMP_NP3_XMP/COLOR_-_Morning.xmp
=== PAUSE TestRoundTrip_lrtemplate_NP3_lrtemplate/72._E_-_Kodak_E200_+_punch.lrtemplate
=== PAUSE TestRoundTrip_XMP_NP3_XMP/COLOR_-_Morning.xmp
=== RUN   TestRoundTrip_lrtemplate_NP3_lrtemplate/73._E_-_Kodak_Gold_+_i.lrtemplate
=== RUN   TestRoundTrip_XMP_NP3_XMP/COLOR_-_Neutral.xmp
=== PAUSE TestRoundTrip_lrtemplate_NP3_lrtemplate/73._E_-_Kodak_Gold_+_i.lrtemplate
=== PAUSE TestRoundTrip_XMP_NP3_XMP/COLOR_-_Neutral.xmp
=== RUN   TestRoundTrip_lrtemplate_NP3_lrtemplate/74._E_-_Kodak_Gold_+_ii.lrtemplate
=== RUN   TestRoundTrip_XMP_NP3_XMP/COLOR_-_Pastel_Rouge.xmp
=== PAUSE TestRoundTrip_lrtemplate_NP3_lrtemplate/74._E_-_Kodak_Gold_+_ii.lrtemplate
=== RUN   TestRoundTrip_lrtemplate_NP3_lrtemplate/75._E_-_Kodak_Gold_+_iii.lrtemplate
=== RUN   TestRoundTrip_lrtemplate_XMP_lrtemplate/66._E_-_Kodak_E200_+_iii.lrtemplate
=== PAUSE TestRoundTrip_lrtemplate_NP3_lrtemplate/75._E_-_Kodak_Gold_+_iii.lrtemplate
=== PAUSE TestRoundTrip_lrtemplate_XMP_lrtemplate/66._E_-_Kodak_E200_+_iii.lrtemplate
=== RUN   TestRoundTrip_lrtemplate_NP3_lrtemplate/76._E_-_Kodak_Gold_+_iiii.lrtemplate
=== RUN   TestRoundTrip_lrtemplate_XMP_lrtemplate/67._E_-_Kodak_E200_+_iiii.lrtemplate
=== PAUSE TestRoundTrip_XMP_lrtemplate_XMP/FINISH_-_Vintage.xmp
=== PAUSE TestRoundTrip_lrtemplate_XMP_lrtemplate/67._E_-_Kodak_E200_+_iiii.lrtemplate
=== RUN   TestRoundTrip_XMP_lrtemplate_XMP/FINISH_-_Washed.xmp
=== RUN   TestRoundTrip_lrtemplate_XMP_lrtemplate/68._E_-_Kodak_E200_+_iiiii.lrtemplate
=== PAUSE TestRoundTrip_XMP_lrtemplate_XMP/FINISH_-_Washed.xmp
=== RUN   TestRoundTrip_XMP_lrtemplate_XMP/LIGHTING_-_As_Shot.xmp
=== PAUSE TestRoundTrip_XMP_NP3_XMP/COLOR_-_Pastel_Rouge.xmp
=== PAUSE TestRoundTrip_XMP_lrtemplate_XMP/LIGHTING_-_As_Shot.xmp
=== PAUSE TestRoundTrip_lrtemplate_NP3_lrtemplate/76._E_-_Kodak_Gold_+_iiii.lrtemplate
=== RUN   TestRoundTrip_XMP_NP3_XMP/COLOR_-_Sea_Breeze.xmp
=== PAUSE TestRoundTrip_lrtemplate_XMP_lrtemplate/68._E_-_Kodak_E200_+_iiiii.lrtemplate
=== PAUSE TestRoundTrip_XMP_NP3_XMP/COLOR_-_Sea_Breeze.xmp
=== RUN   TestRoundTrip_XMP_lrtemplate_XMP/LIGHTING_-_Auto_Set.xmp
=== PAUSE TestRoundTrip_XMP_lrtemplate_XMP/LIGHTING_-_Auto_Set.xmp
=== RUN   TestRoundTrip_lrtemplate_NP3_lrtemplate/77._E_-_Kodak_Gold_+_iiiii.lrtemplate
=== RUN   TestRoundTrip_lrtemplate_XMP_lrtemplate/69._E_-_Kodak_E200_+_fade.lrtemplate
=== PAUSE TestRoundTrip_lrtemplate_NP3_lrtemplate/77._E_-_Kodak_Gold_+_iiiii.lrtemplate
=== RUN   TestRoundTrip_XMP_lrtemplate_XMP/LIGHTING_-_Cloudy.xmp
=== RUN   TestRoundTrip_lrtemplate_NP3_lrtemplate/78._E_-_Kodak_Gold_+_fade.lrtemplate
=== RUN   TestRoundTrip_XMP_NP3_XMP/COLOR_-_Spearmint.xmp
=== PAUSE TestRoundTrip_lrtemplate_NP3_lrtemplate/78._E_-_Kodak_Gold_+_fade.lrtemplate
=== PAUSE TestRoundTrip_lrtemplate_XMP_lrtemplate/69._E_-_Kodak_E200_+_fade.lrtemplate
=== RUN   TestRoundTrip_lrtemplate_NP3_lrtemplate/79._E_-_Kodak_Gold_+_cool.lrtemplate
=== RUN   TestRoundTrip_lrtemplate_XMP_lrtemplate/70._E_-_Kodak_E200_+_cool.lrtemplate
=== PAUSE TestRoundTrip_XMP_lrtemplate_XMP/LIGHTING_-_Cloudy.xmp
=== RUN   TestRoundTrip_XMP_lrtemplate_XMP/LIGHTING_-_Daylight.xmp
=== PAUSE TestRoundTrip_XMP_NP3_XMP/COLOR_-_Spearmint.xmp
=== RUN   TestRoundTrip_XMP_NP3_XMP/COLOR_-_Warm_Light.xmp
=== PAUSE TestRoundTrip_lrtemplate_NP3_lrtemplate/79._E_-_Kodak_Gold_+_cool.lrtemplate
=== PAUSE TestRoundTrip_XMP_lrtemplate_XMP/LIGHTING_-_Daylight.xmp
=== PAUSE TestRoundTrip_lrtemplate_XMP_lrtemplate/70._E_-_Kodak_E200_+_cool.lrtemplate
=== RUN   TestRoundTrip_XMP_lrtemplate_XMP/LIGHTING_-_Flash.xmp
=== RUN   TestRoundTrip_lrtemplate_XMP_lrtemplate/71._E_-_Kodak_E200_+_warm.lrtemplate
=== PAUSE TestRoundTrip_XMP_lrtemplate_XMP/LIGHTING_-_Flash.xmp
=== RUN   TestRoundTrip_XMP_lrtemplate_XMP/LIGHTING_-_Fluorescent.xmp
=== PAUSE TestRoundTrip_lrtemplate_XMP_lrtemplate/71._E_-_Kodak_E200_+_warm.lrtemplate
=== RUN   TestRoundTrip_lrtemplate_XMP_lrtemplate/72._E_-_Kodak_E200_+_punch.lrtemplate
=== RUN   TestRoundTrip_lrtemplate_NP3_lrtemplate/80._E_-_Kodak_Gold_+_warm.lrtemplate
=== PAUSE TestRoundTrip_lrtemplate_XMP_lrtemplate/72._E_-_Kodak_E200_+_punch.lrtemplate
=== PAUSE TestRoundTrip_lrtemplate_NP3_lrtemplate/80._E_-_Kodak_Gold_+_warm.lrtemplate
=== RUN   TestRoundTrip_lrtemplate_XMP_lrtemplate/73._E_-_Kodak_Gold_+_i.lrtemplate
=== PAUSE TestRoundTrip_lrtemplate_XMP_lrtemplate/73._E_-_Kodak_Gold_+_i.lrtemplate
=== RUN   TestRoundTrip_lrtemplate_NP3_lrtemplate/81._E_-_Kodak_Gold_+_punch.lrtemplate
=== RUN   TestRoundTrip_lrtemplate_XMP_lrtemplate/74._E_-_Kodak_Gold_+_ii.lrtemplate
=== PAUSE TestRoundTrip_lrtemplate_NP3_lrtemplate/81._E_-_Kodak_Gold_+_punch.lrtemplate
=== PAUSE TestRoundTrip_XMP_lrtemplate_XMP/LIGHTING_-_Fluorescent.xmp
=== RUN   TestRoundTrip_lrtemplate_NP3_lrtemplate/82._E_-_Kodak_Ektar_+_i.lrtemplate
=== RUN   TestRoundTrip_XMP_lrtemplate_XMP/LIGHTING_-_Shade.xmp
=== PAUSE TestRoundTrip_lrtemplate_XMP_lrtemplate/74._E_-_Kodak_Gold_+_ii.lrtemplate
=== PAUSE TestRoundTrip_lrtemplate_NP3_lrtemplate/82._E_-_Kodak_Ektar_+_i.lrtemplate
=== RUN   TestRoundTrip_lrtemplate_XMP_lrtemplate/75._E_-_Kodak_Gold_+_iii.lrtemplate
=== PAUSE TestRoundTrip_XMP_NP3_XMP/COLOR_-_Warm_Light.xmp
=== PAUSE TestRoundTrip_lrtemplate_XMP_lrtemplate/75._E_-_Kodak_Gold_+_iii.lrtemplate
=== RUN   TestRoundTrip_lrtemplate_NP3_lrtemplate/83._E_-_Kodak_Ektar_+_ii.lrtemplate
=== RUN   TestRoundTrip_XMP_NP3_XMP/CONTRAST_-_High.xmp
=== RUN   TestRoundTrip_lrtemplate_XMP_lrtemplate/76._E_-_Kodak_Gold_+_iiii.lrtemplate
=== PAUSE TestRoundTrip_lrtemplate_NP3_lrtemplate/83._E_-_Kodak_Ektar_+_ii.lrtemplate
=== RUN   TestRoundTrip_lrtemplate_NP3_lrtemplate/84._E_-_Kodak_Ektar_+_iii.lrtemplate
=== PAUSE TestRoundTrip_XMP_NP3_XMP/CONTRAST_-_High.xmp
=== RUN   TestRoundTrip_XMP_NP3_XMP/CONTRAST_-_Low.xmp
=== PAUSE TestRoundTrip_lrtemplate_XMP_lrtemplate/76._E_-_Kodak_Gold_+_iiii.lrtemplate
=== PAUSE TestRoundTrip_lrtemplate_NP3_lrtemplate/84._E_-_Kodak_Ektar_+_iii.lrtemplate
=== PAUSE TestRoundTrip_XMP_NP3_XMP/CONTRAST_-_Low.xmp
=== RUN   TestRoundTrip_lrtemplate_NP3_lrtemplate/85._E_-_Kodak_Ektar_+_iiii.lrtemplate
=== RUN   TestRoundTrip_XMP_NP3_XMP/CONTRAST_-_Mid.xmp
=== RUN   TestRoundTrip_lrtemplate_XMP_lrtemplate/77._E_-_Kodak_Gold_+_iiiii.lrtemplate
=== PAUSE TestRoundTrip_XMP_lrtemplate_XMP/LIGHTING_-_Shade.xmp
=== PAUSE TestRoundTrip_lrtemplate_XMP_lrtemplate/77._E_-_Kodak_Gold_+_iiiii.lrtemplate
=== PAUSE TestRoundTrip_lrtemplate_NP3_lrtemplate/85._E_-_Kodak_Ektar_+_iiii.lrtemplate
=== RUN   TestRoundTrip_lrtemplate_XMP_lrtemplate/78._E_-_Kodak_Gold_+_fade.lrtemplate
=== RUN   TestRoundTrip_lrtemplate_NP3_lrtemplate/86._E_-_Kodak_Ektar_+_iiiii.lrtemplate
=== PAUSE TestRoundTrip_XMP_NP3_XMP/CONTRAST_-_Mid.xmp
=== RUN   TestRoundTrip_XMP_NP3_XMP/DETAIL_-_High.xmp
=== PAUSE TestRoundTrip_lrtemplate_XMP_lrtemplate/78._E_-_Kodak_Gold_+_fade.lrtemplate
=== RUN   TestRoundTrip_XMP_lrtemplate_XMP/LIGHTING_-_Tungsten.xmp
=== RUN   TestRoundTrip_lrtemplate_XMP_lrtemplate/79._E_-_Kodak_Gold_+_cool.lrtemplate
=== PAUSE TestRoundTrip_XMP_lrtemplate_XMP/LIGHTING_-_Tungsten.xmp
=== RUN   TestRoundTrip_XMP_lrtemplate_XMP/Lens_off.xmp
=== PAUSE TestRoundTrip_XMP_NP3_XMP/DETAIL_-_High.xmp
=== PAUSE TestRoundTrip_XMP_lrtemplate_XMP/Lens_off.xmp
=== RUN   TestRoundTrip_XMP_NP3_XMP/DETAIL_-_Low.xmp
=== RUN   TestRoundTrip_XMP_lrtemplate_XMP/Lens_on.xmp
=== PAUSE TestRoundTrip_lrtemplate_XMP_lrtemplate/79._E_-_Kodak_Gold_+_cool.lrtemplate
=== PAUSE TestRoundTrip_XMP_NP3_XMP/DETAIL_-_Low.xmp
=== PAUSE TestRoundTrip_XMP_lrtemplate_XMP/Lens_on.xmp
=== RUN   TestRoundTrip_lrtemplate_XMP_lrtemplate/80._E_-_Kodak_Gold_+_warm.lrtemplate
=== PAUSE TestRoundTrip_lrtemplate_NP3_lrtemplate/86._E_-_Kodak_Ektar_+_iiiii.lrtemplate
=== RUN   TestRoundTrip_XMP_NP3_XMP/DETAIL_-_Mid.xmp
=== RUN   TestRoundTrip_lrtemplate_NP3_lrtemplate/87._E_-_Kodak_Ektar_+_fade.lrtemplate
=== PAUSE TestRoundTrip_lrtemplate_XMP_lrtemplate/80._E_-_Kodak_Gold_+_warm.lrtemplate
=== PAUSE TestRoundTrip_XMP_NP3_XMP/DETAIL_-_Mid.xmp
=== RUN   TestRoundTrip_lrtemplate_XMP_lrtemplate/81._E_-_Kodak_Gold_+_punch.lrtemplate
=== RUN   TestRoundTrip_XMP_NP3_XMP/EXPOSURE__-_1.xmp
=== PAUSE TestRoundTrip_XMP_NP3_XMP/EXPOSURE__-_1.xmp
=== RUN   TestRoundTrip_XMP_lrtemplate_XMP/SHARPEN_-_High.xmp
=== RUN   TestRoundTrip_XMP_NP3_XMP/EXPOSURE__-_2.xmp
=== PAUSE TestRoundTrip_XMP_lrtemplate_XMP/SHARPEN_-_High.xmp
=== PAUSE TestRoundTrip_XMP_NP3_XMP/EXPOSURE__-_2.xmp
=== PAUSE TestRoundTrip_lrtemplate_NP3_lrtemplate/87._E_-_Kodak_Ektar_+_fade.lrtemplate
=== RUN   TestRoundTrip_XMP_lrtemplate_XMP/SHARPEN_-_Low.xmp
=== RUN   TestRoundTrip_XMP_NP3_XMP/EXPOSURE__0.xmp
=== PAUSE TestRoundTrip_XMP_lrtemplate_XMP/SHARPEN_-_Low.xmp
=== PAUSE TestRoundTrip_lrtemplate_XMP_lrtemplate/81._E_-_Kodak_Gold_+_punch.lrtemplate
=== RUN   TestRoundTrip_XMP_lrtemplate_XMP/SHARPEN_-_Mid.xmp
=== PAUSE TestRoundTrip_XMP_lrtemplate_XMP/SHARPEN_-_Mid.xmp
=== RUN   TestRoundTrip_XMP_lrtemplate_XMP/VIBRANCE__-_Low.xmp
=== PAUSE TestRoundTrip_XMP_lrtemplate_XMP/VIBRANCE__-_Low.xmp
=== RUN   TestRoundTrip_lrtemplate_XMP_lrtemplate/82._E_-_Kodak_Ektar_+_i.lrtemplate
=== RUN   TestRoundTrip_lrtemplate_NP3_lrtemplate/88._E_-_Kodak_Ektar_+_cool.lrtemplate
=== PAUSE TestRoundTrip_lrtemplate_NP3_lrtemplate/88._E_-_Kodak_Ektar_+_cool.lrtemplate
=== PAUSE TestRoundTrip_XMP_NP3_XMP/EXPOSURE__0.xmp
=== RUN   TestRoundTrip_XMP_lrtemplate_XMP/VIBRANCE__-_Mid.xmp
=== RUN   TestRoundTrip_XMP_NP3_XMP/EXPOSURE_+_1.xmp
=== PAUSE TestRoundTrip_lrtemplate_XMP_lrtemplate/82._E_-_Kodak_Ektar_+_i.lrtemplate
=== RUN   TestRoundTrip_lrtemplate_NP3_lrtemplate/89._E_-_Kodak_Ektar_+_warm.lrtemplate
=== RUN   TestRoundTrip_lrtemplate_XMP_lrtemplate/83._E_-_Kodak_Ektar_+_ii.lrtemplate
=== PAUSE TestRoundTrip_XMP_NP3_XMP/EXPOSURE_+_1.xmp
=== PAUSE TestRoundTrip_lrtemplate_NP3_lrtemplate/89._E_-_Kodak_Ektar_+_warm.lrtemplate
=== RUN   TestRoundTrip_XMP_NP3_XMP/EXPOSURE_+_2.xmp
=== RUN   TestRoundTrip_lrtemplate_NP3_lrtemplate/90._E_-_Kodak_Ektar_+_punch.lrtemplate
=== PAUSE TestRoundTrip_XMP_NP3_XMP/EXPOSURE_+_2.xmp
=== PAUSE TestRoundTrip_lrtemplate_NP3_lrtemplate/90._E_-_Kodak_Ektar_+_punch.lrtemplate
=== RUN   TestRoundTrip_XMP_NP3_XMP/FINISH_-_Basic.xmp
=== RUN   TestRoundTrip_lrtemplate_NP3_lrtemplate/91._E_-_Kodak_Elite_+_i.lrtemplate
=== PAUSE TestRoundTrip_XMP_NP3_XMP/FINISH_-_Basic.xmp
=== RUN   TestRoundTrip_XMP_NP3_XMP/FINISH_-_Bright.xmp
=== PAUSE TestRoundTrip_lrtemplate_NP3_lrtemplate/91._E_-_Kodak_Elite_+_i.lrtemplate
=== PAUSE TestRoundTrip_lrtemplate_XMP_lrtemplate/83._E_-_Kodak_Ektar_+_ii.lrtemplate
=== RUN   TestRoundTrip_lrtemplate_NP3_lrtemplate/92._E_-_Kodak_Elite_+_ii.lrtemplate
=== RUN   TestRoundTrip_lrtemplate_XMP_lrtemplate/84._E_-_Kodak_Ektar_+_iii.lrtemplate
=== PAUSE TestRoundTrip_XMP_NP3_XMP/FINISH_-_Bright.xmp
=== PAUSE TestRoundTrip_XMP_lrtemplate_XMP/VIBRANCE__-_Mid.xmp
=== RUN   TestRoundTrip_XMP_NP3_XMP/FINISH_-_Film.xmp
=== PAUSE TestRoundTrip_lrtemplate_NP3_lrtemplate/92._E_-_Kodak_Elite_+_ii.lrtemplate
=== RUN   TestRoundTrip_lrtemplate_NP3_lrtemplate/93._E_-_Kodak_Elite_+_iii.lrtemplate
=== PAUSE TestRoundTrip_lrtemplate_NP3_lrtemplate/93._E_-_Kodak_Elite_+_iii.lrtemplate
=== PAUSE TestRoundTrip_lrtemplate_XMP_lrtemplate/84._E_-_Kodak_Ektar_+_iii.lrtemplate
=== RUN   TestRoundTrip_XMP_lrtemplate_XMP/VIBRANCE_-__High.xmp
=== PAUSE TestRoundTrip_XMP_lrtemplate_XMP/VIBRANCE_-__High.xmp
=== PAUSE TestRoundTrip_XMP_NP3_XMP/FINISH_-_Film.xmp
=== RUN   TestRoundTrip_lrtemplate_NP3_lrtemplate/94._E_-_Kodak_Elite_+_iiii.lrtemplate
=== PAUSE TestRoundTrip_lrtemplate_NP3_lrtemplate/94._E_-_Kodak_Elite_+_iiii.lrtemplate
=== RUN   TestRoundTrip_lrtemplate_XMP_lrtemplate/85._E_-_Kodak_Ektar_+_iiii.lrtemplate
=== RUN   TestRoundTrip_XMP_lrtemplate_XMP/auto_tone___.xmp
=== PAUSE TestRoundTrip_lrtemplate_XMP_lrtemplate/85._E_-_Kodak_Ektar_+_iiii.lrtemplate
=== RUN   TestRoundTrip_lrtemplate_NP3_lrtemplate/95._E_-_Kodak_Elite_+_iiiii.lrtemplate
=== PAUSE TestRoundTrip_XMP_lrtemplate_XMP/auto_tone___.xmp
=== PAUSE TestRoundTrip_lrtemplate_NP3_lrtemplate/95._E_-_Kodak_Elite_+_iiiii.lrtemplate
=== RUN   TestRoundTrip_XMP_lrtemplate_XMP/auto_wb___.xmp
=== RUN   TestRoundTrip_lrtemplate_NP3_lrtemplate/96._E_-_Kodak_Elite_+_fade.lrtemplate
=== PAUSE TestRoundTrip_XMP_lrtemplate_XMP/auto_wb___.xmp
=== PAUSE TestRoundTrip_lrtemplate_NP3_lrtemplate/96._E_-_Kodak_Elite_+_fade.lrtemplate
=== RUN   TestRoundTrip_XMP_lrtemplate_XMP/o_.xmp
=== PAUSE TestRoundTrip_XMP_lrtemplate_XMP/o_.xmp
=== RUN   TestRoundTrip_lrtemplate_NP3_lrtemplate/97._E_-_Kodak_Elite_+_cool.lrtemplate
=== RUN   TestRoundTrip_XMP_lrtemplate_XMP/o.xmp
=== RUN   TestRoundTrip_XMP_NP3_XMP/FINISH_-_Retro.xmp
=== PAUSE TestRoundTrip_XMP_NP3_XMP/FINISH_-_Retro.xmp
=== RUN   TestRoundTrip_lrtemplate_XMP_lrtemplate/86._E_-_Kodak_Ektar_+_iiiii.lrtemplate
=== RUN   TestRoundTrip_XMP_NP3_XMP/FINISH_-_Strong.xmp
=== PAUSE TestRoundTrip_lrtemplate_NP3_lrtemplate/97._E_-_Kodak_Elite_+_cool.lrtemplate
=== PAUSE TestRoundTrip_XMP_NP3_XMP/FINISH_-_Strong.xmp
=== RUN   TestRoundTrip_XMP_NP3_XMP/FINISH_-_Vintage.xmp
=== RUN   TestRoundTrip_lrtemplate_NP3_lrtemplate/98._E_-_Kodak_Elite_+_warm.lrtemplate
=== PAUSE TestRoundTrip_XMP_NP3_XMP/FINISH_-_Vintage.xmp
=== RUN   TestRoundTrip_XMP_NP3_XMP/FINISH_-_Washed.xmp
=== PAUSE TestRoundTrip_lrtemplate_NP3_lrtemplate/98._E_-_Kodak_Elite_+_warm.lrtemplate
=== PAUSE TestRoundTrip_XMP_NP3_XMP/FINISH_-_Washed.xmp
=== RUN   TestRoundTrip_lrtemplate_NP3_lrtemplate/99._E_-_Kodak_Elite_+_punch.lrtemplate
=== RUN   TestRoundTrip_XMP_NP3_XMP/LIGHTING_-_As_Shot.xmp
=== PAUSE TestRoundTrip_lrtemplate_NP3_lrtemplate/99._E_-_Kodak_Elite_+_punch.lrtemplate
=== PAUSE TestRoundTrip_XMP_lrtemplate_XMP/o.xmp
=== RUN   TestRoundTrip_lrtemplate_NP3_lrtemplate/o_-_00_-_o.lrtemplate
=== PAUSE TestRoundTrip_lrtemplate_XMP_lrtemplate/86._E_-_Kodak_Ektar_+_iiiii.lrtemplate
=== RUN   TestRoundTrip_lrtemplate_XMP_lrtemplate/87._E_-_Kodak_Ektar_+_fade.lrtemplate
=== PAUSE TestRoundTrip_XMP_NP3_XMP/LIGHTING_-_As_Shot.xmp
=== PAUSE TestRoundTrip_lrtemplate_NP3_lrtemplate/o_-_00_-_o.lrtemplate
=== RUN   TestRoundTrip_XMP_NP3_XMP/LIGHTING_-_Auto_Set.xmp
=== RUN   TestRoundTrip_lrtemplate_NP3_lrtemplate/o_-_01._Lens_on.lrtemplate
=== PAUSE TestRoundTrip_lrtemplate_XMP_lrtemplate/87._E_-_Kodak_Ektar_+_fade.lrtemplate
=== PAUSE TestRoundTrip_XMP_NP3_XMP/LIGHTING_-_Auto_Set.xmp
=== PAUSE TestRoundTrip_lrtemplate_NP3_lrtemplate/o_-_01._Lens_on.lrtemplate
=== RUN   TestRoundTrip_XMP_lrtemplate_XMP/o_1.xmp
=== PAUSE TestRoundTrip_XMP_lrtemplate_XMP/o_1.xmp
=== RUN   TestRoundTrip_lrtemplate_XMP_lrtemplate/88._E_-_Kodak_Ektar_+_cool.lrtemplate
=== RUN   TestRoundTrip_XMP_lrtemplate_XMP/o_2.xmp
=== PAUSE TestRoundTrip_lrtemplate_XMP_lrtemplate/88._E_-_Kodak_Ektar_+_cool.lrtemplate
=== RUN   TestRoundTrip_XMP_NP3_XMP/LIGHTING_-_Cloudy.xmp
=== PAUSE TestRoundTrip_XMP_lrtemplate_XMP/o_2.xmp
=== RUN   TestRoundTrip_lrtemplate_NP3_lrtemplate/o_-_02._Lens_off.lrtemplate
=== PAUSE TestRoundTrip_XMP_NP3_XMP/LIGHTING_-_Cloudy.xmp
=== PAUSE TestRoundTrip_lrtemplate_NP3_lrtemplate/o_-_02._Lens_off.lrtemplate
=== RUN   TestRoundTrip_lrtemplate_XMP_lrtemplate/89._E_-_Kodak_Ektar_+_warm.lrtemplate
=== RUN   TestRoundTrip_lrtemplate_NP3_lrtemplate/o_-_03_-_o.lrtemplate
=== RUN   TestRoundTrip_XMP_lrtemplate_XMP/o_3.xmp
=== PAUSE TestRoundTrip_lrtemplate_XMP_lrtemplate/89._E_-_Kodak_Ektar_+_warm.lrtemplate
=== PAUSE TestRoundTrip_lrtemplate_NP3_lrtemplate/o_-_03_-_o.lrtemplate
=== PAUSE TestRoundTrip_XMP_lrtemplate_XMP/o_3.xmp
=== RUN   TestRoundTrip_XMP_NP3_XMP/LIGHTING_-_Daylight.xmp
=== RUN   TestRoundTrip_lrtemplate_NP3_lrtemplate/o_-_04._EXPOSURE__-_2.lrtemplate
=== RUN   TestRoundTrip_lrtemplate_XMP_lrtemplate/90._E_-_Kodak_Ektar_+_punch.lrtemplate
=== PAUSE TestRoundTrip_lrtemplate_NP3_lrtemplate/o_-_04._EXPOSURE__-_2.lrtemplate
=== PAUSE TestRoundTrip_lrtemplate_XMP_lrtemplate/90._E_-_Kodak_Ektar_+_punch.lrtemplate
=== RUN   TestRoundTrip_lrtemplate_NP3_lrtemplate/o_-_05._EXPOSURE__-_1.lrtemplate
=== RUN   TestRoundTrip_XMP_lrtemplate_XMP/o_4.xmp
=== PAUSE TestRoundTrip_lrtemplate_NP3_lrtemplate/o_-_05._EXPOSURE__-_1.lrtemplate
=== PAUSE TestRoundTrip_XMP_NP3_XMP/LIGHTING_-_Daylight.xmp
=== RUN   TestRoundTrip_XMP_NP3_XMP/LIGHTING_-_Flash.xmp
=== RUN   TestRoundTrip_lrtemplate_NP3_lrtemplate/o_-_06._EXPOSURE__0.lrtemplate
=== PAUSE TestRoundTrip_XMP_lrtemplate_XMP/o_4.xmp
=== RUN   TestRoundTrip_lrtemplate_XMP_lrtemplate/91._E_-_Kodak_Elite_+_i.lrtemplate
=== RUN   TestRoundTrip_XMP_lrtemplate_XMP/o_5.xmp
=== PAUSE TestRoundTrip_XMP_lrtemplate_XMP/o_5.xmp
=== PAUSE TestRoundTrip_lrtemplate_XMP_lrtemplate/91._E_-_Kodak_Elite_+_i.lrtemplate
=== RUN   TestRoundTrip_XMP_lrtemplate_XMP/o_6.xmp
=== RUN   TestRoundTrip_lrtemplate_XMP_lrtemplate/92._E_-_Kodak_Elite_+_ii.lrtemplate
=== PAUSE TestRoundTrip_XMP_lrtemplate_XMP/o_6.xmp
=== PAUSE TestRoundTrip_lrtemplate_XMP_lrtemplate/92._E_-_Kodak_Elite_+_ii.lrtemplate
=== RUN   TestRoundTrip_XMP_lrtemplate_XMP/o_7.xmp
=== RUN   TestRoundTrip_lrtemplate_XMP_lrtemplate/93._E_-_Kodak_Elite_+_iii.lrtemplate
=== PAUSE TestRoundTrip_lrtemplate_XMP_lrtemplate/93._E_-_Kodak_Elite_+_iii.lrtemplate
=== RUN   TestRoundTrip_lrtemplate_XMP_lrtemplate/94._E_-_Kodak_Elite_+_iiii.lrtemplate
=== PAUSE TestRoundTrip_lrtemplate_XMP_lrtemplate/94._E_-_Kodak_Elite_+_iiii.lrtemplate
=== PAUSE TestRoundTrip_XMP_lrtemplate_XMP/o_7.xmp
=== RUN   TestRoundTrip_XMP_lrtemplate_XMP/o_8.xmp
=== PAUSE TestRoundTrip_XMP_NP3_XMP/LIGHTING_-_Flash.xmp
=== PAUSE TestRoundTrip_XMP_lrtemplate_XMP/o_8.xmp
=== PAUSE TestRoundTrip_lrtemplate_NP3_lrtemplate/o_-_06._EXPOSURE__0.lrtemplate
=== RUN   TestRoundTrip_XMP_lrtemplate_XMP/o_9.xmp
=== RUN   TestRoundTrip_lrtemplate_XMP_lrtemplate/95._E_-_Kodak_Elite_+_iiiii.lrtemplate
=== RUN   TestRoundTrip_XMP_NP3_XMP/LIGHTING_-_Fluorescent.xmp
=== PAUSE TestRoundTrip_lrtemplate_XMP_lrtemplate/95._E_-_Kodak_Elite_+_iiiii.lrtemplate
=== RUN   TestRoundTrip_lrtemplate_XMP_lrtemplate/96._E_-_Kodak_Elite_+_fade.lrtemplate
=== PAUSE TestRoundTrip_lrtemplate_XMP_lrtemplate/96._E_-_Kodak_Elite_+_fade.lrtemplate
=== PAUSE TestRoundTrip_XMP_NP3_XMP/LIGHTING_-_Fluorescent.xmp
=== RUN   TestRoundTrip_lrtemplate_XMP_lrtemplate/97._E_-_Kodak_Elite_+_cool.lrtemplate
=== RUN   TestRoundTrip_XMP_NP3_XMP/LIGHTING_-_Shade.xmp
=== PAUSE TestRoundTrip_XMP_NP3_XMP/LIGHTING_-_Shade.xmp
=== RUN   TestRoundTrip_XMP_NP3_XMP/LIGHTING_-_Tungsten.xmp
=== PAUSE TestRoundTrip_lrtemplate_XMP_lrtemplate/97._E_-_Kodak_Elite_+_cool.lrtemplate
=== PAUSE TestRoundTrip_XMP_lrtemplate_XMP/o_9.xmp
=== PAUSE TestRoundTrip_XMP_NP3_XMP/LIGHTING_-_Tungsten.xmp
=== RUN   TestRoundTrip_lrtemplate_NP3_lrtemplate/o_-_07._EXPOSURE_+_1.lrtemplate
=== RUN   TestRoundTrip_XMP_NP3_XMP/Lens_off.xmp
=== PAUSE TestRoundTrip_lrtemplate_NP3_lrtemplate/o_-_07._EXPOSURE_+_1.lrtemplate
=== RUN   TestRoundTrip_lrtemplate_NP3_lrtemplate/o_-_08._EXPOSURE_+_2.lrtemplate
=== PAUSE TestRoundTrip_XMP_NP3_XMP/Lens_off.xmp
=== RUN   TestRoundTrip_lrtemplate_XMP_lrtemplate/98._E_-_Kodak_Elite_+_warm.lrtemplate
=== PAUSE TestRoundTrip_lrtemplate_NP3_lrtemplate/o_-_08._EXPOSURE_+_2.lrtemplate
=== RUN   TestRoundTrip_XMP_NP3_XMP/Lens_on.xmp
=== RUN   TestRoundTrip_lrtemplate_NP3_lrtemplate/o_-_09_-_o.lrtemplate
=== PAUSE TestRoundTrip_lrtemplate_XMP_lrtemplate/98._E_-_Kodak_Elite_+_warm.lrtemplate
=== PAUSE TestRoundTrip_lrtemplate_NP3_lrtemplate/o_-_09_-_o.lrtemplate
=== RUN   TestRoundTrip_XMP_lrtemplate_XMP/COLOR_-_Lavender.xmp#01
=== RUN   TestRoundTrip_lrtemplate_XMP_lrtemplate/99._E_-_Kodak_Elite_+_punch.lrtemplate
=== PAUSE TestRoundTrip_XMP_lrtemplate_XMP/COLOR_-_Lavender.xmp#01
=== PAUSE TestRoundTrip_lrtemplate_XMP_lrtemplate/99._E_-_Kodak_Elite_+_punch.lrtemplate
=== RUN   TestRoundTrip_XMP_lrtemplate_XMP/COLOR_-_Morning.xmp#01
=== RUN   TestRoundTrip_lrtemplate_XMP_lrtemplate/o_-_00_-_o.lrtemplate
=== RUN   TestRoundTrip_lrtemplate_NP3_lrtemplate/o_-_10._CONTRAST_-_Low.lrtemplate
=== PAUSE TestRoundTrip_lrtemplate_NP3_lrtemplate/o_-_10._CONTRAST_-_Low.lrtemplate
=== PAUSE TestRoundTrip_XMP_NP3_XMP/Lens_on.xmp
=== RUN   TestRoundTrip_lrtemplate_NP3_lrtemplate/o_-_11._CONTRAST_-_Mid.lrtemplate
=== RUN   TestRoundTrip_XMP_NP3_XMP/SHARPEN_-_High.xmp
=== PAUSE TestRoundTrip_lrtemplate_NP3_lrtemplate/o_-_11._CONTRAST_-_Mid.lrtemplate
=== PAUSE TestRoundTrip_XMP_NP3_XMP/SHARPEN_-_High.xmp
=== RUN   TestRoundTrip_lrtemplate_NP3_lrtemplate/o_-_12._CONTRAST_-_High.lrtemplate
=== PAUSE TestRoundTrip_lrtemplate_NP3_lrtemplate/o_-_12._CONTRAST_-_High.lrtemplate
=== RUN   TestRoundTrip_lrtemplate_NP3_lrtemplate/o_-_13_-_o.lrtemplate
=== PAUSE TestRoundTrip_XMP_lrtemplate_XMP/COLOR_-_Morning.xmp#01
=== RUN   TestRoundTrip_XMP_lrtemplate_XMP/COLOR_-_Neutral.xmp#01
=== PAUSE TestRoundTrip_lrtemplate_NP3_lrtemplate/o_-_13_-_o.lrtemplate
=== RUN   TestRoundTrip_lrtemplate_NP3_lrtemplate/o_-_14._DETAIL_-_Low.lrtemplate
=== PAUSE TestRoundTrip_XMP_lrtemplate_XMP/COLOR_-_Neutral.xmp#01
=== PAUSE TestRoundTrip_lrtemplate_XMP_lrtemplate/o_-_00_-_o.lrtemplate
=== RUN   TestRoundTrip_XMP_lrtemplate_XMP/COLOR_-_Pastel_Rouge.xmp#01
=== PAUSE TestRoundTrip_XMP_lrtemplate_XMP/COLOR_-_Pastel_Rouge.xmp#01
=== RUN   TestRoundTrip_lrtemplate_XMP_lrtemplate/o_-_01._Lens_on.lrtemplate
=== RUN   TestRoundTrip_XMP_lrtemplate_XMP/COLOR_-_Sea_Breeze.xmp#01
=== PAUSE TestRoundTrip_lrtemplate_NP3_lrtemplate/o_-_14._DETAIL_-_Low.lrtemplate
=== PAUSE TestRoundTrip_lrtemplate_XMP_lrtemplate/o_-_01._Lens_on.lrtemplate
=== RUN   TestRoundTrip_lrtemplate_XMP_lrtemplate/o_-_02._Lens_off.lrtemplate
=== PAUSE TestRoundTrip_XMP_lrtemplate_XMP/COLOR_-_Sea_Breeze.xmp#01
=== RUN   TestRoundTrip_lrtemplate_NP3_lrtemplate/o_-_15._DETAIL_-_Mid.lrtemplate
=== RUN   TestRoundTrip_XMP_lrtemplate_XMP/COLOR_-_Spearmint.xmp#01
=== PAUSE TestRoundTrip_lrtemplate_XMP_lrtemplate/o_-_02._Lens_off.lrtemplate
=== PAUSE TestRoundTrip_XMP_lrtemplate_XMP/COLOR_-_Spearmint.xmp#01
=== RUN   TestRoundTrip_lrtemplate_XMP_lrtemplate/o_-_03_-_o.lrtemplate
=== RUN   TestRoundTrip_XMP_lrtemplate_XMP/COLOR_-_Warm_Light.xmp#01
=== PAUSE TestRoundTrip_lrtemplate_XMP_lrtemplate/o_-_03_-_o.lrtemplate
=== PAUSE TestRoundTrip_XMP_lrtemplate_XMP/COLOR_-_Warm_Light.xmp#01
=== RUN   TestRoundTrip_lrtemplate_XMP_lrtemplate/o_-_04._EXPOSURE__-_2.lrtemplate
=== RUN   TestRoundTrip_XMP_lrtemplate_XMP/CONTRAST_-_High.xmp#01
=== PAUSE TestRoundTrip_XMP_lrtemplate_XMP/CONTRAST_-_High.xmp#01
=== PAUSE TestRoundTrip_lrtemplate_XMP_lrtemplate/o_-_04._EXPOSURE__-_2.lrtemplate
=== RUN   TestRoundTrip_XMP_lrtemplate_XMP/CONTRAST_-_Low.xmp#01
=== RUN   TestRoundTrip_lrtemplate_XMP_lrtemplate/o_-_05._EXPOSURE__-_1.lrtemplate
=== PAUSE TestRoundTrip_XMP_lrtemplate_XMP/CONTRAST_-_Low.xmp#01
=== PAUSE TestRoundTrip_lrtemplate_XMP_lrtemplate/o_-_05._EXPOSURE__-_1.lrtemplate
=== PAUSE TestRoundTrip_lrtemplate_NP3_lrtemplate/o_-_15._DETAIL_-_Mid.lrtemplate
=== RUN   TestRoundTrip_lrtemplate_XMP_lrtemplate/o_-_06._EXPOSURE__0.lrtemplate
=== RUN   TestRoundTrip_XMP_NP3_XMP/SHARPEN_-_Low.xmp
=== PAUSE TestRoundTrip_lrtemplate_XMP_lrtemplate/o_-_06._EXPOSURE__0.lrtemplate
=== RUN   TestRoundTrip_lrtemplate_NP3_lrtemplate/o_-_16._DETAIL_-_High.lrtemplate
=== PAUSE TestRoundTrip_XMP_NP3_XMP/SHARPEN_-_Low.xmp
=== RUN   TestRoundTrip_lrtemplate_XMP_lrtemplate/o_-_07._EXPOSURE_+_1.lrtemplate
=== RUN   TestRoundTrip_XMP_NP3_XMP/SHARPEN_-_Mid.xmp
=== PAUSE TestRoundTrip_lrtemplate_NP3_lrtemplate/o_-_16._DETAIL_-_High.lrtemplate
=== PAUSE TestRoundTrip_XMP_NP3_XMP/SHARPEN_-_Mid.xmp
=== RUN   TestRoundTrip_XMP_lrtemplate_XMP/CONTRAST_-_Mid.xmp#01
=== RUN   TestRoundTrip_XMP_NP3_XMP/VIBRANCE__-_Low.xmp
=== PAUSE TestRoundTrip_XMP_lrtemplate_XMP/CONTRAST_-_Mid.xmp#01
=== RUN   TestRoundTrip_lrtemplate_NP3_lrtemplate/o_-_17_-_o.lrtemplate
=== RUN   TestRoundTrip_XMP_lrtemplate_XMP/DETAIL_-_High.xmp#01
=== PAUSE TestRoundTrip_XMP_lrtemplate_XMP/DETAIL_-_High.xmp#01
=== PAUSE TestRoundTrip_lrtemplate_NP3_lrtemplate/o_-_17_-_o.lrtemplate
=== PAUSE TestRoundTrip_XMP_NP3_XMP/VIBRANCE__-_Low.xmp
=== RUN   TestRoundTrip_lrtemplate_NP3_lrtemplate/o_-_18._SHARPEN_-_Low.lrtemplate
=== PAUSE TestRoundTrip_lrtemplate_NP3_lrtemplate/o_-_18._SHARPEN_-_Low.lrtemplate
=== RUN   TestRoundTrip_lrtemplate_NP3_lrtemplate/o_-_19._SHARPEN_-_Mid.lrtemplate
=== PAUSE TestRoundTrip_lrtemplate_NP3_lrtemplate/o_-_19._SHARPEN_-_Mid.lrtemplate
=== RUN   TestRoundTrip_XMP_lrtemplate_XMP/DETAIL_-_Low.xmp#01
=== RUN   TestRoundTrip_XMP_NP3_XMP/VIBRANCE__-_Mid.xmp
=== PAUSE TestRoundTrip_XMP_NP3_XMP/VIBRANCE__-_Mid.xmp
=== RUN   TestRoundTrip_XMP_NP3_XMP/VIBRANCE_-__High.xmp
=== PAUSE TestRoundTrip_lrtemplate_XMP_lrtemplate/o_-_07._EXPOSURE_+_1.lrtemplate
=== PAUSE TestRoundTrip_XMP_NP3_XMP/VIBRANCE_-__High.xmp
=== RUN   TestRoundTrip_lrtemplate_XMP_lrtemplate/o_-_08._EXPOSURE_+_2.lrtemplate
=== PAUSE TestRoundTrip_lrtemplate_XMP_lrtemplate/o_-_08._EXPOSURE_+_2.lrtemplate
=== RUN   TestRoundTrip_XMP_NP3_XMP/auto_tone___.xmp
=== PAUSE TestRoundTrip_XMP_NP3_XMP/auto_tone___.xmp
=== PAUSE TestRoundTrip_XMP_lrtemplate_XMP/DETAIL_-_Low.xmp#01
=== RUN   TestRoundTrip_XMP_NP3_XMP/auto_wb___.xmp
=== RUN   TestRoundTrip_XMP_lrtemplate_XMP/DETAIL_-_Mid.xmp#01
=== PAUSE TestRoundTrip_XMP_NP3_XMP/auto_wb___.xmp
=== PAUSE TestRoundTrip_XMP_lrtemplate_XMP/DETAIL_-_Mid.xmp#01
=== RUN   TestRoundTrip_XMP_NP3_XMP/o_.xmp
=== RUN   TestRoundTrip_XMP_lrtemplate_XMP/EXPOSURE__-_1.xmp#01
=== PAUSE TestRoundTrip_XMP_NP3_XMP/o_.xmp
=== RUN   TestRoundTrip_XMP_NP3_XMP/o.xmp
=== RUN   TestRoundTrip_lrtemplate_NP3_lrtemplate/o_-_20._SHARPEN_-_High.lrtemplate
=== PAUSE TestRoundTrip_XMP_lrtemplate_XMP/EXPOSURE__-_1.xmp#01
=== RUN   TestRoundTrip_XMP_lrtemplate_XMP/EXPOSURE__-_2.xmp#01
=== RUN   TestRoundTrip_lrtemplate_XMP_lrtemplate/o_-_09_-_o.lrtemplate
=== PAUSE TestRoundTrip_XMP_lrtemplate_XMP/EXPOSURE__-_2.xmp#01
=== RUN   TestRoundTrip_XMP_lrtemplate_XMP/EXPOSURE__0.xmp#01
=== PAUSE TestRoundTrip_XMP_lrtemplate_XMP/EXPOSURE__0.xmp#01
=== PAUSE TestRoundTrip_XMP_NP3_XMP/o.xmp
=== RUN   TestRoundTrip_XMP_lrtemplate_XMP/EXPOSURE_+_1.xmp#01
=== RUN   TestRoundTrip_XMP_NP3_XMP/o_1.xmp
=== PAUSE TestRoundTrip_XMP_NP3_XMP/o_1.xmp
=== PAUSE TestRoundTrip_XMP_lrtemplate_XMP/EXPOSURE_+_1.xmp#01
=== RUN   TestRoundTrip_XMP_NP3_XMP/o_2.xmp
=== RUN   TestRoundTrip_XMP_lrtemplate_XMP/EXPOSURE_+_2.xmp#01
=== PAUSE TestRoundTrip_XMP_NP3_XMP/o_2.xmp
=== PAUSE TestRoundTrip_XMP_lrtemplate_XMP/EXPOSURE_+_2.xmp#01
=== RUN   TestRoundTrip_XMP_NP3_XMP/o_3.xmp
=== RUN   TestRoundTrip_XMP_lrtemplate_XMP/FINISH_-_Basic.xmp#01
=== PAUSE TestRoundTrip_XMP_NP3_XMP/o_3.xmp
=== PAUSE TestRoundTrip_XMP_lrtemplate_XMP/FINISH_-_Basic.xmp#01
=== PAUSE TestRoundTrip_lrtemplate_NP3_lrtemplate/o_-_20._SHARPEN_-_High.lrtemplate
=== RUN   TestRoundTrip_XMP_lrtemplate_XMP/FINISH_-_Bright.xmp#01
=== PAUSE TestRoundTrip_lrtemplate_XMP_lrtemplate/o_-_09_-_o.lrtemplate
=== PAUSE TestRoundTrip_XMP_lrtemplate_XMP/FINISH_-_Bright.xmp#01
=== RUN   TestRoundTrip_lrtemplate_NP3_lrtemplate/o_-_21_-_o.lrtemplate
=== RUN   TestRoundTrip_lrtemplate_XMP_lrtemplate/o_-_10._CONTRAST_-_Low.lrtemplate
=== PAUSE TestRoundTrip_lrtemplate_NP3_lrtemplate/o_-_21_-_o.lrtemplate
=== PAUSE TestRoundTrip_lrtemplate_XMP_lrtemplate/o_-_10._CONTRAST_-_Low.lrtemplate
=== RUN   TestRoundTrip_lrtemplate_NP3_lrtemplate/o_-_22._VIBRANCE__-_Low.lrtemplate
=== RUN   TestRoundTrip_lrtemplate_XMP_lrtemplate/o_-_11._CONTRAST_-_Mid.lrtemplate
=== PAUSE TestRoundTrip_lrtemplate_NP3_lrtemplate/o_-_22._VIBRANCE__-_Low.lrtemplate
=== RUN   TestRoundTrip_XMP_NP3_XMP/o_4.xmp
=== RUN   TestRoundTrip_lrtemplate_NP3_lrtemplate/o_-_23._VIBRANCE__-_Mid.lrtemplate
=== PAUSE TestRoundTrip_XMP_NP3_XMP/o_4.xmp
=== RUN   TestRoundTrip_XMP_NP3_XMP/o_5.xmp
=== PAUSE TestRoundTrip_lrtemplate_NP3_lrtemplate/o_-_23._VIBRANCE__-_Mid.lrtemplate
=== PAUSE TestRoundTrip_XMP_NP3_XMP/o_5.xmp
=== RUN   TestRoundTrip_XMP_lrtemplate_XMP/FINISH_-_Film.xmp#01
=== RUN   TestRoundTrip_lrtemplate_NP3_lrtemplate/o_-_24._VIBRANCE_-__High.lrtemplate
=== PAUSE TestRoundTrip_XMP_lrtemplate_XMP/FINISH_-_Film.xmp#01
=== PAUSE TestRoundTrip_lrtemplate_NP3_lrtemplate/o_-_24._VIBRANCE_-__High.lrtemplate
=== RUN   TestRoundTrip_XMP_lrtemplate_XMP/FINISH_-_Retro.xmp#01
=== RUN   TestRoundTrip_lrtemplate_NP3_lrtemplate/o_-_25_-_o.lrtemplate
=== RUN   TestRoundTrip_XMP_NP3_XMP/o_6.xmp
=== PAUSE TestRoundTrip_lrtemplate_NP3_lrtemplate/o_-_25_-_o.lrtemplate
=== RUN   TestRoundTrip_lrtemplate_NP3_lrtemplate/o_-_26._FINISH_-_Film.lrtemplate
=== PAUSE TestRoundTrip_XMP_NP3_XMP/o_6.xmp
=== PAUSE TestRoundTrip_lrtemplate_XMP_lrtemplate/o_-_11._CONTRAST_-_Mid.lrtemplate
=== RUN   TestRoundTrip_XMP_NP3_XMP/o_7.xmp
=== PAUSE TestRoundTrip_XMP_NP3_XMP/o_7.xmp
=== RUN   TestRoundTrip_XMP_NP3_XMP/o_8.xmp
=== PAUSE TestRoundTrip_lrtemplate_NP3_lrtemplate/o_-_26._FINISH_-_Film.lrtemplate
=== PAUSE TestRoundTrip_XMP_NP3_XMP/o_8.xmp
=== RUN   TestRoundTrip_XMP_NP3_XMP/o_9.xmp
=== PAUSE TestRoundTrip_XMP_NP3_XMP/o_9.xmp
=== PAUSE TestRoundTrip_XMP_lrtemplate_XMP/FINISH_-_Retro.xmp#01
=== RUN   TestRoundTrip_XMP_NP3_XMP/COLOR_-_Lavender.xmp#01
=== RUN   TestRoundTrip_XMP_lrtemplate_XMP/FINISH_-_Strong.xmp#01
=== PAUSE TestRoundTrip_XMP_lrtemplate_XMP/FINISH_-_Strong.xmp#01
=== PAUSE TestRoundTrip_XMP_NP3_XMP/COLOR_-_Lavender.xmp#01
=== RUN   TestRoundTrip_XMP_lrtemplate_XMP/FINISH_-_Vintage.xmp#01
=== RUN   TestRoundTrip_XMP_NP3_XMP/COLOR_-_Morning.xmp#01
=== PAUSE TestRoundTrip_XMP_lrtemplate_XMP/FINISH_-_Vintage.xmp#01
=== RUN   TestRoundTrip_lrtemplate_NP3_lrtemplate/o_-_27._FINISH_-_Basic.lrtemplate
=== RUN   TestRoundTrip_XMP_lrtemplate_XMP/FINISH_-_Washed.xmp#01
=== PAUSE TestRoundTrip_lrtemplate_NP3_lrtemplate/o_-_27._FINISH_-_Basic.lrtemplate
=== PAUSE TestRoundTrip_XMP_lrtemplate_XMP/FINISH_-_Washed.xmp#01
=== RUN   TestRoundTrip_lrtemplate_NP3_lrtemplate/o_-_28._FINISH_-_Strong.lrtemplate
=== RUN   TestRoundTrip_XMP_lrtemplate_XMP/FUJ_-_Astia_100F_++++.xmp
=== PAUSE TestRoundTrip_lrtemplate_NP3_lrtemplate/o_-_28._FINISH_-_Strong.lrtemplate
=== PAUSE TestRoundTrip_XMP_lrtemplate_XMP/FUJ_-_Astia_100F_++++.xmp
=== RUN   TestRoundTrip_lrtemplate_NP3_lrtemplate/o_-_29._FINISH_-_Vintage.lrtemplate
=== PAUSE TestRoundTrip_lrtemplate_NP3_lrtemplate/o_-_29._FINISH_-_Vintage.lrtemplate
=== RUN   TestRoundTrip_XMP_lrtemplate_XMP/FUJ_-_Astia_100F_+++.xmp
=== RUN   TestRoundTrip_lrtemplate_NP3_lrtemplate/o_-_30._FINISH_-_Washed.lrtemplate
=== PAUSE TestRoundTrip_lrtemplate_NP3_lrtemplate/o_-_30._FINISH_-_Washed.lrtemplate
=== PAUSE TestRoundTrip_XMP_lrtemplate_XMP/FUJ_-_Astia_100F_+++.xmp
=== RUN   TestRoundTrip_lrtemplate_XMP_lrtemplate/o_-_12._CONTRAST_-_High.lrtemplate
=== PAUSE TestRoundTrip_lrtemplate_XMP_lrtemplate/o_-_12._CONTRAST_-_High.lrtemplate
=== RUN   TestRoundTrip_lrtemplate_NP3_lrtemplate/o_-_31._FINISH_-_Bright.lrtemplate
=== RUN   TestRoundTrip_lrtemplate_XMP_lrtemplate/o_-_13_-_o.lrtemplate
=== PAUSE TestRoundTrip_lrtemplate_XMP_lrtemplate/o_-_13_-_o.lrtemplate
=== PAUSE TestRoundTrip_XMP_NP3_XMP/COLOR_-_Morning.xmp#01
=== RUN   TestRoundTrip_lrtemplate_XMP_lrtemplate/o_-_14._DETAIL_-_Low.lrtemplate
=== PAUSE TestRoundTrip_lrtemplate_NP3_lrtemplate/o_-_31._FINISH_-_Bright.lrtemplate
=== PAUSE TestRoundTrip_lrtemplate_XMP_lrtemplate/o_-_14._DETAIL_-_Low.lrtemplate
=== RUN   TestRoundTrip_XMP_lrtemplate_XMP/FUJ_-_Astia_100F_++.xmp
=== RUN   TestRoundTrip_lrtemplate_XMP_lrtemplate/o_-_15._DETAIL_-_Mid.lrtemplate
=== RUN   TestRoundTrip_lrtemplate_NP3_lrtemplate/o_-_32._FINISH_-_Retro.lrtemplate
=== PAUSE TestRoundTrip_XMP_lrtemplate_XMP/FUJ_-_Astia_100F_++.xmp
=== RUN   TestRoundTrip_XMP_lrtemplate_XMP/FUJ_-_Astia_100F_+.xmp
=== PAUSE TestRoundTrip_XMP_lrtemplate_XMP/FUJ_-_Astia_100F_+.xmp
=== PAUSE TestRoundTrip_lrtemplate_NP3_lrtemplate/o_-_32._FINISH_-_Retro.lrtemplate
=== RUN   TestRoundTrip_XMP_NP3_XMP/COLOR_-_Neutral.xmp#01
=== PAUSE TestRoundTrip_XMP_NP3_XMP/COLOR_-_Neutral.xmp#01
=== PAUSE TestRoundTrip_lrtemplate_XMP_lrtemplate/o_-_15._DETAIL_-_Mid.lrtemplate
=== RUN   TestRoundTrip_XMP_NP3_XMP/COLOR_-_Pastel_Rouge.xmp#01
=== PAUSE TestRoundTrip_XMP_NP3_XMP/COLOR_-_Pastel_Rouge.xmp#01
=== RUN   TestRoundTrip_lrtemplate_XMP_lrtemplate/o_-_16._DETAIL_-_High.lrtemplate
=== RUN   TestRoundTrip_XMP_NP3_XMP/COLOR_-_Sea_Breeze.xmp#01
=== PAUSE TestRoundTrip_XMP_NP3_XMP/COLOR_-_Sea_Breeze.xmp#01
=== PAUSE TestRoundTrip_lrtemplate_XMP_lrtemplate/o_-_16._DETAIL_-_High.lrtemplate
=== RUN   TestRoundTrip_XMP_NP3_XMP/COLOR_-_Spearmint.xmp#01
=== RUN   TestRoundTrip_lrtemplate_XMP_lrtemplate/o_-_17_-_o.lrtemplate
=== PAUSE TestRoundTrip_XMP_NP3_XMP/COLOR_-_Spearmint.xmp#01
=== RUN   TestRoundTrip_XMP_NP3_XMP/COLOR_-_Warm_Light.xmp#01
=== RUN   TestRoundTrip_lrtemplate_NP3_lrtemplate/o_-_33_-_o.lrtemplate
=== PAUSE TestRoundTrip_lrtemplate_NP3_lrtemplate/o_-_33_-_o.lrtemplate
=== PAUSE TestRoundTrip_lrtemplate_XMP_lrtemplate/o_-_17_-_o.lrtemplate
=== RUN   TestRoundTrip_lrtemplate_NP3_lrtemplate/o_-_34._COLOR_-_Neutral.lrtemplate
=== RUN   TestRoundTrip_XMP_lrtemplate_XMP/FUJ_-_Astia_100F_-_boost.xmp
=== PAUSE TestRoundTrip_XMP_NP3_XMP/COLOR_-_Warm_Light.xmp#01
=== PAUSE TestRoundTrip_lrtemplate_NP3_lrtemplate/o_-_34._COLOR_-_Neutral.lrtemplate
=== PAUSE TestRoundTrip_XMP_lrtemplate_XMP/FUJ_-_Astia_100F_-_boost.xmp
=== RUN   TestRoundTrip_lrtemplate_NP3_lrtemplate/o_-_35._COLOR_-_Morning.lrtemplate
=== RUN   TestRoundTrip_XMP_NP3_XMP/CONTRAST_-_High.xmp#01
=== RUN   TestRoundTrip_lrtemplate_XMP_lrtemplate/o_-_18._SHARPEN_-_Low.lrtemplate
=== PAUSE TestRoundTrip_lrtemplate_NP3_lrtemplate/o_-_35._COLOR_-_Morning.lrtemplate
=== RUN   TestRoundTrip_XMP_lrtemplate_XMP/FUJ_-_Astia_100F_-_cool.xmp
=== PAUSE TestRoundTrip_XMP_lrtemplate_XMP/FUJ_-_Astia_100F_-_cool.xmp
=== PAUSE TestRoundTrip_XMP_NP3_XMP/CONTRAST_-_High.xmp#01
=== RUN   TestRoundTrip_XMP_lrtemplate_XMP/FUJ_-_Astia_100F_-_film.xmp
=== PAUSE TestRoundTrip_lrtemplate_XMP_lrtemplate/o_-_18._SHARPEN_-_Low.lrtemplate
=== PAUSE TestRoundTrip_XMP_lrtemplate_XMP/FUJ_-_Astia_100F_-_film.xmp
=== RUN   TestRoundTrip_lrtemplate_NP3_lrtemplate/o_-_36._COLOR_-_Lavender.lrtemplate
=== RUN   TestRoundTrip_XMP_lrtemplate_XMP/FUJ_-_Astia_100F_-_warm.xmp
=== RUN   TestRoundTrip_XMP_NP3_XMP/CONTRAST_-_Low.xmp#01
=== PAUSE TestRoundTrip_XMP_lrtemplate_XMP/FUJ_-_Astia_100F_-_warm.xmp
=== PAUSE TestRoundTrip_lrtemplate_NP3_lrtemplate/o_-_36._COLOR_-_Lavender.lrtemplate
=== RUN   TestRoundTrip_XMP_lrtemplate_XMP/FUJ_-_Astia_100F.xmp
=== RUN   TestRoundTrip_lrtemplate_NP3_lrtemplate/o_-_37._COLOR_-_Spearmint.lrtemplate
=== PAUSE TestRoundTrip_XMP_lrtemplate_XMP/FUJ_-_Astia_100F.xmp
=== RUN   TestRoundTrip_XMP_lrtemplate_XMP/FUJ_-_Color_100_++++.xmp
=== RUN   TestRoundTrip_lrtemplate_XMP_lrtemplate/o_-_19._SHARPEN_-_Mid.lrtemplate
=== PAUSE TestRoundTrip_lrtemplate_XMP_lrtemplate/o_-_19._SHARPEN_-_Mid.lrtemplate
=== PAUSE TestRoundTrip_XMP_NP3_XMP/CONTRAST_-_Low.xmp#01
=== PAUSE TestRoundTrip_XMP_lrtemplate_XMP/FUJ_-_Color_100_++++.xmp
=== RUN   TestRoundTrip_XMP_NP3_XMP/CONTRAST_-_Mid.xmp#01
=== RUN   TestRoundTrip_XMP_lrtemplate_XMP/FUJ_-_Color_100_+++.xmp
=== PAUSE TestRoundTrip_XMP_lrtemplate_XMP/FUJ_-_Color_100_+++.xmp
=== PAUSE TestRoundTrip_lrtemplate_NP3_lrtemplate/o_-_37._COLOR_-_Spearmint.lrtemplate
=== PAUSE TestRoundTrip_XMP_NP3_XMP/CONTRAST_-_Mid.xmp#01
=== RUN   TestRoundTrip_lrtemplate_NP3_lrtemplate/o_-_38._COLOR_-_Sea_Breeze.lrtemplate
=== RUN   TestRoundTrip_XMP_NP3_XMP/DETAIL_-_High.xmp#01
=== RUN   TestRoundTrip_lrtemplate_XMP_lrtemplate/o_-_20._SHARPEN_-_High.lrtemplate
=== PAUSE TestRoundTrip_lrtemplate_NP3_lrtemplate/o_-_38._COLOR_-_Sea_Breeze.lrtemplate
=== PAUSE TestRoundTrip_XMP_NP3_XMP/DETAIL_-_High.xmp#01
=== RUN   TestRoundTrip_lrtemplate_NP3_lrtemplate/o_-_39._COLOR_-_Warm_Light.lrtemplate
=== PAUSE TestRoundTrip_lrtemplate_XMP_lrtemplate/o_-_20._SHARPEN_-_High.lrtemplate
=== RUN   TestRoundTrip_XMP_lrtemplate_XMP/FUJ_-_Color_100_++.xmp
=== RUN   TestRoundTrip_XMP_NP3_XMP/DETAIL_-_Low.xmp#01
=== RUN   TestRoundTrip_lrtemplate_XMP_lrtemplate/o_-_21_-_o.lrtemplate
=== PAUSE TestRoundTrip_XMP_NP3_XMP/DETAIL_-_Low.xmp#01
=== PAUSE TestRoundTrip_lrtemplate_XMP_lrtemplate/o_-_21_-_o.lrtemplate
=== RUN   TestRoundTrip_lrtemplate_XMP_lrtemplate/o_-_22._VIBRANCE__-_Low.lrtemplate
=== RUN   TestRoundTrip_XMP_NP3_XMP/DETAIL_-_Mid.xmp#01
=== PAUSE TestRoundTrip_XMP_NP3_XMP/DETAIL_-_Mid.xmp#01
=== PAUSE TestRoundTrip_XMP_lrtemplate_XMP/FUJ_-_Color_100_++.xmp
=== RUN   TestRoundTrip_XMP_NP3_XMP/EXPOSURE__-_1.xmp#01
=== RUN   TestRoundTrip_XMP_lrtemplate_XMP/FUJ_-_Color_100_+.xmp
=== PAUSE TestRoundTrip_XMP_NP3_XMP/EXPOSURE__-_1.xmp#01
=== PAUSE TestRoundTrip_lrtemplate_NP3_lrtemplate/o_-_39._COLOR_-_Warm_Light.lrtemplate
=== PAUSE TestRoundTrip_XMP_lrtemplate_XMP/FUJ_-_Color_100_+.xmp
=== PAUSE TestRoundTrip_lrtemplate_XMP_lrtemplate/o_-_22._VIBRANCE__-_Low.lrtemplate
=== RUN   TestRoundTrip_lrtemplate_NP3_lrtemplate/o_-_40._COLOR_-_Pastel_Rouge.lrtemplate
=== RUN   TestRoundTrip_XMP_NP3_XMP/EXPOSURE__-_2.xmp#01
=== PAUSE TestRoundTrip_lrtemplate_NP3_lrtemplate/o_-_40._COLOR_-_Pastel_Rouge.lrtemplate
=== RUN   TestRoundTrip_lrtemplate_NP3_lrtemplate/o_-_41_-_o.lrtemplate
=== RUN   TestRoundTrip_lrtemplate_XMP_lrtemplate/o_-_23._VIBRANCE__-_Mid.lrtemplate
=== PAUSE TestRoundTrip_lrtemplate_NP3_lrtemplate/o_-_41_-_o.lrtemplate
=== RUN   TestRoundTrip_lrtemplate_NP3_lrtemplate/o_-_42._LIGHTING_-_Auto_Set.lrtemplate
=== PAUSE TestRoundTrip_lrtemplate_XMP_lrtemplate/o_-_23._VIBRANCE__-_Mid.lrtemplate
=== RUN   TestRoundTrip_lrtemplate_XMP_lrtemplate/o_-_24._VIBRANCE_-__High.lrtemplate
=== PAUSE TestRoundTrip_lrtemplate_XMP_lrtemplate/o_-_24._VIBRANCE_-__High.lrtemplate
=== RUN   TestRoundTrip_XMP_lrtemplate_XMP/FUJ_-_Color_100_-_boost.xmp
=== RUN   TestRoundTrip_lrtemplate_XMP_lrtemplate/o_-_25_-_o.lrtemplate
=== PAUSE TestRoundTrip_XMP_lrtemplate_XMP/FUJ_-_Color_100_-_boost.xmp
=== RUN   TestRoundTrip_XMP_lrtemplate_XMP/FUJ_-_Color_100_-_cool.xmp
=== PAUSE TestRoundTrip_XMP_NP3_XMP/EXPOSURE__-_2.xmp#01
=== PAUSE TestRoundTrip_XMP_lrtemplate_XMP/FUJ_-_Color_100_-_cool.xmp
=== PAUSE TestRoundTrip_lrtemplate_XMP_lrtemplate/o_-_25_-_o.lrtemplate
=== PAUSE TestRoundTrip_lrtemplate_NP3_lrtemplate/o_-_42._LIGHTING_-_Auto_Set.lrtemplate
=== RUN   TestRoundTrip_lrtemplate_XMP_lrtemplate/o_-_26._FINISH_-_Film.lrtemplate
=== RUN   TestRoundTrip_lrtemplate_NP3_lrtemplate/o_-_43._LIGHTING_-_As_Shot.lrtemplate
=== RUN   TestRoundTrip_XMP_NP3_XMP/EXPOSURE__0.xmp#01
=== PAUSE TestRoundTrip_lrtemplate_XMP_lrtemplate/o_-_26._FINISH_-_Film.lrtemplate
=== PAUSE TestRoundTrip_XMP_NP3_XMP/EXPOSURE__0.xmp#01
=== PAUSE TestRoundTrip_lrtemplate_NP3_lrtemplate/o_-_43._LIGHTING_-_As_Shot.lrtemplate
=== RUN   TestRoundTrip_XMP_NP3_XMP/EXPOSURE_+_1.xmp#01
=== RUN   TestRoundTrip_lrtemplate_NP3_lrtemplate/o_-_44._LIGHTING_-_Flash.lrtemplate
=== RUN   TestRoundTrip_XMP_lrtemplate_XMP/FUJ_-_Color_100_-_film.xmp
=== RUN   TestRoundTrip_lrtemplate_XMP_lrtemplate/o_-_27._FINISH_-_Basic.lrtemplate
=== PAUSE TestRoundTrip_XMP_lrtemplate_XMP/FUJ_-_Color_100_-_film.xmp
=== RUN   TestRoundTrip_XMP_lrtemplate_XMP/FUJ_-_Color_100_-_warm.xmp
=== PAUSE TestRoundTrip_XMP_NP3_XMP/EXPOSURE_+_1.xmp#01
=== PAUSE TestRoundTrip_XMP_lrtemplate_XMP/FUJ_-_Color_100_-_warm.xmp
=== RUN   TestRoundTrip_XMP_NP3_XMP/EXPOSURE_+_2.xmp#01
=== PAUSE TestRoundTrip_XMP_NP3_XMP/EXPOSURE_+_2.xmp#01
=== RUN   TestRoundTrip_XMP_NP3_XMP/FINISH_-_Basic.xmp#01
=== RUN   TestRoundTrip_XMP_lrtemplate_XMP/FUJ_-_Color_100.xmp
=== PAUSE TestRoundTrip_XMP_NP3_XMP/FINISH_-_Basic.xmp#01
=== RUN   TestRoundTrip_XMP_NP3_XMP/FINISH_-_Bright.xmp#01
=== PAUSE TestRoundTrip_lrtemplate_NP3_lrtemplate/o_-_44._LIGHTING_-_Flash.lrtemplate
=== PAUSE TestRoundTrip_XMP_lrtemplate_XMP/FUJ_-_Color_100.xmp
=== PAUSE TestRoundTrip_lrtemplate_XMP_lrtemplate/o_-_27._FINISH_-_Basic.lrtemplate
=== RUN   TestRoundTrip_lrtemplate_NP3_lrtemplate/o_-_45._LIGHTING_-_Shade.lrtemplate
=== RUN   TestRoundTrip_XMP_lrtemplate_XMP/FUJ_-_Fortia_50_++++.xmp
=== RUN   TestRoundTrip_lrtemplate_XMP_lrtemplate/o_-_28._FINISH_-_Strong.lrtemplate
=== PAUSE TestRoundTrip_XMP_NP3_XMP/FINISH_-_Bright.xmp#01
=== PAUSE TestRoundTrip_XMP_lrtemplate_XMP/FUJ_-_Fortia_50_++++.xmp
=== PAUSE TestRoundTrip_lrtemplate_XMP_lrtemplate/o_-_28._FINISH_-_Strong.lrtemplate
=== RUN   TestRoundTrip_XMP_lrtemplate_XMP/FUJ_-_Fortia_50_+++.xmp
=== PAUSE TestRoundTrip_XMP_lrtemplate_XMP/FUJ_-_Fortia_50_+++.xmp
=== RUN   TestRoundTrip_lrtemplate_XMP_lrtemplate/o_-_29._FINISH_-_Vintage.lrtemplate
=== RUN   TestRoundTrip_XMP_lrtemplate_XMP/FUJ_-_Fortia_50_++.xmp
=== PAUSE TestRoundTrip_lrtemplate_XMP_lrtemplate/o_-_29._FINISH_-_Vintage.lrtemplate
=== RUN   TestRoundTrip_XMP_NP3_XMP/FINISH_-_Film.xmp#01
=== PAUSE TestRoundTrip_XMP_lrtemplate_XMP/FUJ_-_Fortia_50_++.xmp
=== RUN   TestRoundTrip_XMP_lrtemplate_XMP/FUJ_-_Fortia_50_+.xmp
=== PAUSE TestRoundTrip_lrtemplate_NP3_lrtemplate/o_-_45._LIGHTING_-_Shade.lrtemplate
=== RUN   TestRoundTrip_lrtemplate_NP3_lrtemplate/o_-_46._LIGHTING_-_Cloudy.lrtemplate
=== RUN   TestRoundTrip_lrtemplate_XMP_lrtemplate/o_-_30._FINISH_-_Washed.lrtemplate
=== PAUSE TestRoundTrip_lrtemplate_NP3_lrtemplate/o_-_46._LIGHTING_-_Cloudy.lrtemplate
=== PAUSE TestRoundTrip_XMP_NP3_XMP/FINISH_-_Film.xmp#01
=== RUN   TestRoundTrip_lrtemplate_NP3_lrtemplate/o_-_47._LIGHTING_-_Daylight.lrtemplate
=== RUN   TestRoundTrip_XMP_NP3_XMP/FINISH_-_Retro.xmp#01
=== PAUSE TestRoundTrip_lrtemplate_NP3_lrtemplate/o_-_47._LIGHTING_-_Daylight.lrtemplate
=== PAUSE TestRoundTrip_XMP_NP3_XMP/FINISH_-_Retro.xmp#01
=== PAUSE TestRoundTrip_lrtemplate_XMP_lrtemplate/o_-_30._FINISH_-_Washed.lrtemplate
=== RUN   TestRoundTrip_XMP_NP3_XMP/FINISH_-_Strong.xmp#01
=== RUN   TestRoundTrip_lrtemplate_XMP_lrtemplate/o_-_31._FINISH_-_Bright.lrtemplate
=== PAUSE TestRoundTrip_XMP_NP3_XMP/FINISH_-_Strong.xmp#01
=== PAUSE TestRoundTrip_lrtemplate_XMP_lrtemplate/o_-_31._FINISH_-_Bright.lrtemplate
=== RUN   TestRoundTrip_XMP_NP3_XMP/FINISH_-_Vintage.xmp#01
=== RUN   TestRoundTrip_lrtemplate_XMP_lrtemplate/o_-_32._FINISH_-_Retro.lrtemplate
=== PAUSE TestRoundTrip_XMP_NP3_XMP/FINISH_-_Vintage.xmp#01
=== PAUSE TestRoundTrip_lrtemplate_XMP_lrtemplate/o_-_32._FINISH_-_Retro.lrtemplate
=== RUN   TestRoundTrip_lrtemplate_XMP_lrtemplate/o_-_33_-_o.lrtemplate
=== PAUSE TestRoundTrip_XMP_lrtemplate_XMP/FUJ_-_Fortia_50_+.xmp
=== PAUSE TestRoundTrip_lrtemplate_XMP_lrtemplate/o_-_33_-_o.lrtemplate
=== RUN   TestRoundTrip_lrtemplate_XMP_lrtemplate/o_-_34._COLOR_-_Neutral.lrtemplate
=== RUN   TestRoundTrip_lrtemplate_NP3_lrtemplate/o_-_48._LIGHTING_-_Tungsten.lrtemplate
=== PAUSE TestRoundTrip_lrtemplate_XMP_lrtemplate/o_-_34._COLOR_-_Neutral.lrtemplate
=== RUN   TestRoundTrip_XMP_NP3_XMP/FINISH_-_Washed.xmp#01
=== RUN   TestRoundTrip_lrtemplate_XMP_lrtemplate/o_-_35._COLOR_-_Morning.lrtemplate
=== PAUSE TestRoundTrip_lrtemplate_XMP_lrtemplate/o_-_35._COLOR_-_Morning.lrtemplate
=== PAUSE TestRoundTrip_lrtemplate_NP3_lrtemplate/o_-_48._LIGHTING_-_Tungsten.lrtemplate
=== RUN   TestRoundTrip_lrtemplate_XMP_lrtemplate/o_-_36._COLOR_-_Lavender.lrtemplate
=== PAUSE TestRoundTrip_XMP_NP3_XMP/FINISH_-_Washed.xmp#01
=== RUN   TestRoundTrip_XMP_lrtemplate_XMP/FUJ_-_Fortia_50_-_boost.xmp
=== RUN   TestRoundTrip_XMP_NP3_XMP/FUJ_-_Astia_100F_++++.xmp
=== PAUSE TestRoundTrip_XMP_NP3_XMP/FUJ_-_Astia_100F_++++.xmp
=== PAUSE TestRoundTrip_lrtemplate_XMP_lrtemplate/o_-_36._COLOR_-_Lavender.lrtemplate
=== RUN   TestRoundTrip_lrtemplate_NP3_lrtemplate/o_-_49._LIGHTING_-_Fluorescent.lrtemplate
=== RUN   TestRoundTrip_XMP_NP3_XMP/FUJ_-_Astia_100F_+++.xmp
=== RUN   TestRoundTrip_lrtemplate_XMP_lrtemplate/o_-_37._COLOR_-_Spearmint.lrtemplate
=== PAUSE TestRoundTrip_XMP_lrtemplate_XMP/FUJ_-_Fortia_50_-_boost.xmp
=== PAUSE TestRoundTrip_XMP_NP3_XMP/FUJ_-_Astia_100F_+++.xmp
=== RUN   TestRoundTrip_XMP_lrtemplate_XMP/FUJ_-_Fortia_50_-_cool.xmp
=== RUN   TestRoundTrip_XMP_NP3_XMP/FUJ_-_Astia_100F_++.xmp
=== PAUSE TestRoundTrip_XMP_NP3_XMP/FUJ_-_Astia_100F_++.xmp
=== PAUSE TestRoundTrip_XMP_lrtemplate_XMP/FUJ_-_Fortia_50_-_cool.xmp
=== RUN   TestRoundTrip_XMP_NP3_XMP/FUJ_-_Astia_100F_+.xmp
=== PAUSE TestRoundTrip_XMP_NP3_XMP/FUJ_-_Astia_100F_+.xmp
=== PAUSE TestRoundTrip_lrtemplate_XMP_lrtemplate/o_-_37._COLOR_-_Spearmint.lrtemplate
=== RUN   TestRoundTrip_lrtemplate_XMP_lrtemplate/o_-_38._COLOR_-_Sea_Breeze.lrtemplate
=== PAUSE TestRoundTrip_lrtemplate_NP3_lrtemplate/o_-_49._LIGHTING_-_Fluorescent.lrtemplate
=== PAUSE TestRoundTrip_lrtemplate_XMP_lrtemplate/o_-_38._COLOR_-_Sea_Breeze.lrtemplate
=== RUN   TestRoundTrip_lrtemplate_XMP_lrtemplate/o_-_39._COLOR_-_Warm_Light.lrtemplate
=== PAUSE TestRoundTrip_lrtemplate_XMP_lrtemplate/o_-_39._COLOR_-_Warm_Light.lrtemplate
=== RUN   TestRoundTrip_lrtemplate_NP3_lrtemplate/o_-_50_-_o.lrtemplate
=== RUN   TestRoundTrip_lrtemplate_XMP_lrtemplate/o_-_40._COLOR_-_Pastel_Rouge.lrtemplate
=== PAUSE TestRoundTrip_lrtemplate_NP3_lrtemplate/o_-_50_-_o.lrtemplate
=== RUN   TestRoundTrip_XMP_lrtemplate_XMP/FUJ_-_Fortia_50_-_film.xmp
=== PAUSE TestRoundTrip_lrtemplate_XMP_lrtemplate/o_-_40._COLOR_-_Pastel_Rouge.lrtemplate
=== RUN   TestRoundTrip_lrtemplate_XMP_lrtemplate/o_-_41_-_o.lrtemplate
=== PAUSE TestRoundTrip_lrtemplate_XMP_lrtemplate/o_-_41_-_o.lrtemplate
=== RUN   TestRoundTrip_lrtemplate_XMP_lrtemplate/o_-_42._LIGHTING_-_Auto_Set.lrtemplate
=== RUN   TestRoundTrip_XMP_NP3_XMP/FUJ_-_Astia_100F_-_boost.xmp
=== PAUSE TestRoundTrip_XMP_lrtemplate_XMP/FUJ_-_Fortia_50_-_film.xmp
=== RUN   TestRoundTrip_lrtemplate_NP3_lrtemplate/00._E_-_auto_tone__.lrtemplate
=== PAUSE TestRoundTrip_lrtemplate_XMP_lrtemplate/o_-_42._LIGHTING_-_Auto_Set.lrtemplate
=== RUN   TestRoundTrip_XMP_lrtemplate_XMP/FUJ_-_Fortia_50_-_warm.xmp
=== PAUSE TestRoundTrip_lrtemplate_NP3_lrtemplate/00._E_-_auto_tone__.lrtemplate
=== PAUSE TestRoundTrip_XMP_NP3_XMP/FUJ_-_Astia_100F_-_boost.xmp
=== RUN   TestRoundTrip_lrtemplate_NP3_lrtemplate/00._E_-_auto_wb__.lrtemplate
=== RUN   TestRoundTrip_XMP_NP3_XMP/FUJ_-_Astia_100F_-_cool.xmp
=== PAUSE TestRoundTrip_lrtemplate_NP3_lrtemplate/00._E_-_auto_wb__.lrtemplate
=== RUN   TestRoundTrip_lrtemplate_XMP_lrtemplate/o_-_43._LIGHTING_-_As_Shot.lrtemplate
=== RUN   TestRoundTrip_lrtemplate_NP3_lrtemplate/00._E_-_grain_x_.lrtemplate
=== PAUSE TestRoundTrip_XMP_NP3_XMP/FUJ_-_Astia_100F_-_cool.xmp
=== RUN   TestRoundTrip_XMP_NP3_XMP/FUJ_-_Astia_100F_-_film.xmp
=== PAUSE TestRoundTrip_lrtemplate_XMP_lrtemplate/o_-_43._LIGHTING_-_As_Shot.lrtemplate
=== PAUSE TestRoundTrip_XMP_NP3_XMP/FUJ_-_Astia_100F_-_film.xmp
=== RUN   TestRoundTrip_XMP_NP3_XMP/FUJ_-_Astia_100F_-_warm.xmp
=== PAUSE TestRoundTrip_XMP_lrtemplate_XMP/FUJ_-_Fortia_50_-_warm.xmp
=== PAUSE TestRoundTrip_XMP_NP3_XMP/FUJ_-_Astia_100F_-_warm.xmp
=== RUN   TestRoundTrip_XMP_NP3_XMP/FUJ_-_Astia_100F.xmp
=== PAUSE TestRoundTrip_lrtemplate_NP3_lrtemplate/00._E_-_grain_x_.lrtemplate
=== RUN   TestRoundTrip_lrtemplate_XMP_lrtemplate/o_-_44._LIGHTING_-_Flash.lrtemplate
=== RUN   TestRoundTrip_lrtemplate_NP3_lrtemplate/00._E_-_o__.lrtemplate
=== RUN   TestRoundTrip_XMP_lrtemplate_XMP/FUJ_-_Fortia_50.xmp
=== PAUSE TestRoundTrip_XMP_lrtemplate_XMP/FUJ_-_Fortia_50.xmp
=== PAUSE TestRoundTrip_XMP_NP3_XMP/FUJ_-_Astia_100F.xmp
=== RUN   TestRoundTrip_XMP_lrtemplate_XMP/FUJ_-_Negative_++++.xmp
=== PAUSE TestRoundTrip_lrtemplate_XMP_lrtemplate/o_-_44._LIGHTING_-_Flash.lrtemplate
=== RUN   TestRoundTrip_XMP_NP3_XMP/FUJ_-_Color_100_++++.xmp
=== PAUSE TestRoundTrip_lrtemplate_NP3_lrtemplate/00._E_-_o__.lrtemplate
=== RUN   TestRoundTrip_lrtemplate_XMP_lrtemplate/o_-_45._LIGHTING_-_Shade.lrtemplate
=== RUN   TestRoundTrip_lrtemplate_NP3_lrtemplate/01._E_-_Fuji_160_+_i.lrtemplate
=== PAUSE TestRoundTrip_lrtemplate_XMP_lrtemplate/o_-_45._LIGHTING_-_Shade.lrtemplate
=== PAUSE TestRoundTrip_lrtemplate_NP3_lrtemplate/01._E_-_Fuji_160_+_i.lrtemplate
=== RUN   TestRoundTrip_lrtemplate_XMP_lrtemplate/o_-_46._LIGHTING_-_Cloudy.lrtemplate
=== RUN   TestRoundTrip_lrtemplate_NP3_lrtemplate/02._E_-_Fuji_160_+_ii.lrtemplate
=== PAUSE TestRoundTrip_lrtemplate_XMP_lrtemplate/o_-_46._LIGHTING_-_Cloudy.lrtemplate
=== PAUSE TestRoundTrip_XMP_lrtemplate_XMP/FUJ_-_Negative_++++.xmp
=== PAUSE TestRoundTrip_lrtemplate_NP3_lrtemplate/02._E_-_Fuji_160_+_ii.lrtemplate
=== RUN   TestRoundTrip_lrtemplate_NP3_lrtemplate/03._E_-_Fuji_160_+_iii.lrtemplate
=== PAUSE TestRoundTrip_XMP_NP3_XMP/FUJ_-_Color_100_++++.xmp
=== RUN   TestRoundTrip_XMP_NP3_XMP/FUJ_-_Color_100_+++.xmp
=== RUN   TestRoundTrip_lrtemplate_XMP_lrtemplate/o_-_47._LIGHTING_-_Daylight.lrtemplate
=== PAUSE TestRoundTrip_XMP_NP3_XMP/FUJ_-_Color_100_+++.xmp
=== RUN   TestRoundTrip_XMP_lrtemplate_XMP/FUJ_-_Negative_+++.xmp
=== RUN   TestRoundTrip_XMP_NP3_XMP/FUJ_-_Color_100_++.xmp
=== PAUSE TestRoundTrip_lrtemplate_XMP_lrtemplate/o_-_47._LIGHTING_-_Daylight.lrtemplate
=== PAUSE TestRoundTrip_XMP_lrtemplate_XMP/FUJ_-_Negative_+++.xmp
=== RUN   TestRoundTrip_lrtemplate_XMP_lrtemplate/o_-_48._LIGHTING_-_Tungsten.lrtemplate
=== RUN   TestRoundTrip_XMP_lrtemplate_XMP/FUJ_-_Negative_++.xmp
=== PAUSE TestRoundTrip_lrtemplate_XMP_lrtemplate/o_-_48._LIGHTING_-_Tungsten.lrtemplate
=== PAUSE TestRoundTrip_XMP_lrtemplate_XMP/FUJ_-_Negative_++.xmp
=== PAUSE TestRoundTrip_XMP_NP3_XMP/FUJ_-_Color_100_++.xmp
=== PAUSE TestRoundTrip_lrtemplate_NP3_lrtemplate/03._E_-_Fuji_160_+_iii.lrtemplate
=== RUN   TestRoundTrip_XMP_NP3_XMP/FUJ_-_Color_100_+.xmp
=== PAUSE TestRoundTrip_XMP_NP3_XMP/FUJ_-_Color_100_+.xmp
=== RUN   TestRoundTrip_lrtemplate_XMP_lrtemplate/o_-_49._LIGHTING_-_Fluorescent.lrtemplate
=== RUN   TestRoundTrip_XMP_NP3_XMP/FUJ_-_Color_100_-_boost.xmp
=== PAUSE TestRoundTrip_XMP_NP3_XMP/FUJ_-_Color_100_-_boost.xmp
=== PAUSE TestRoundTrip_lrtemplate_XMP_lrtemplate/o_-_49._LIGHTING_-_Fluorescent.lrtemplate
=== RUN   TestRoundTrip_lrtemplate_NP3_lrtemplate/04._E_-_Fuji_160_+_iiii.lrtemplate
=== RUN   TestRoundTrip_XMP_lrtemplate_XMP/FUJ_-_Negative_+.xmp
=== RUN   TestRoundTrip_XMP_NP3_XMP/FUJ_-_Color_100_-_cool.xmp
=== PAUSE TestRoundTrip_XMP_lrtemplate_XMP/FUJ_-_Negative_+.xmp
=== RUN   TestRoundTrip_XMP_lrtemplate_XMP/FUJ_-_Negative_-_boost.xmp
=== PAUSE TestRoundTrip_XMP_NP3_XMP/FUJ_-_Color_100_-_cool.xmp
=== RUN   TestRoundTrip_lrtemplate_XMP_lrtemplate/o_-_50_-_o.lrtemplate
=== RUN   TestRoundTrip_XMP_NP3_XMP/FUJ_-_Color_100_-_film.xmp
=== PAUSE TestRoundTrip_lrtemplate_XMP_lrtemplate/o_-_50_-_o.lrtemplate
=== RUN   TestRoundTrip_lrtemplate_XMP_lrtemplate/00._E_-_auto_tone__.lrtemplate
=== PAUSE TestRoundTrip_lrtemplate_XMP_lrtemplate/00._E_-_auto_tone__.lrtemplate
=== PAUSE TestRoundTrip_XMP_NP3_XMP/FUJ_-_Color_100_-_film.xmp
=== RUN   TestRoundTrip_lrtemplate_XMP_lrtemplate/00._E_-_auto_wb__.lrtemplate
=== PAUSE TestRoundTrip_lrtemplate_XMP_lrtemplate/00._E_-_auto_wb__.lrtemplate
=== RUN   TestRoundTrip_XMP_NP3_XMP/FUJ_-_Color_100_-_warm.xmp
=== PAUSE TestRoundTrip_XMP_lrtemplate_XMP/FUJ_-_Negative_-_boost.xmp
=== PAUSE TestRoundTrip_XMP_NP3_XMP/FUJ_-_Color_100_-_warm.xmp
=== RUN   TestRoundTrip_XMP_NP3_XMP/FUJ_-_Color_100.xmp
=== RUN   TestRoundTrip_XMP_lrtemplate_XMP/FUJ_-_Negative_-_cool.xmp
=== PAUSE TestRoundTrip_XMP_NP3_XMP/FUJ_-_Color_100.xmp
=== PAUSE TestRoundTrip_lrtemplate_NP3_lrtemplate/04._E_-_Fuji_160_+_iiii.lrtemplate
=== RUN   TestRoundTrip_lrtemplate_NP3_lrtemplate/05._E_-_Fuji_160_+_iiiii.lrtemplate
=== PAUSE TestRoundTrip_lrtemplate_NP3_lrtemplate/05._E_-_Fuji_160_+_iiiii.lrtemplate
=== RUN   TestRoundTrip_lrtemplate_XMP_lrtemplate/00._E_-_grain_x_.lrtemplate
=== RUN   TestRoundTrip_XMP_NP3_XMP/FUJ_-_Fortia_50_++++.xmp
=== PAUSE TestRoundTrip_XMP_lrtemplate_XMP/FUJ_-_Negative_-_cool.xmp
=== PAUSE TestRoundTrip_XMP_NP3_XMP/FUJ_-_Fortia_50_++++.xmp
=== RUN   TestRoundTrip_XMP_lrtemplate_XMP/FUJ_-_Negative_-_film.xmp
=== RUN   TestRoundTrip_lrtemplate_NP3_lrtemplate/06._E_-_Fuji_160_+_fade.lrtemplate
=== PAUSE TestRoundTrip_lrtemplate_NP3_lrtemplate/06._E_-_Fuji_160_+_fade.lrtemplate
=== RUN   TestRoundTrip_lrtemplate_NP3_lrtemplate/07._E_-_Fuji_160_+_cool.lrtemplate
=== PAUSE TestRoundTrip_lrtemplate_XMP_lrtemplate/00._E_-_grain_x_.lrtemplate
=== PAUSE TestRoundTrip_lrtemplate_NP3_lrtemplate/07._E_-_Fuji_160_+_cool.lrtemplate
=== RUN   TestRoundTrip_lrtemplate_NP3_lrtemplate/08._E_-_Fuji_160_+_warm.lrtemplate
=== PAUSE TestRoundTrip_lrtemplate_NP3_lrtemplate/08._E_-_Fuji_160_+_warm.lrtemplate
=== RUN   TestRoundTrip_lrtemplate_XMP_lrtemplate/00._E_-_o__.lrtemplate
=== PAUSE TestRoundTrip_lrtemplate_XMP_lrtemplate/00._E_-_o__.lrtemplate
=== PAUSE TestRoundTrip_XMP_lrtemplate_XMP/FUJ_-_Negative_-_film.xmp
=== RUN   TestRoundTrip_XMP_NP3_XMP/FUJ_-_Fortia_50_+++.xmp
=== PAUSE TestRoundTrip_XMP_NP3_XMP/FUJ_-_Fortia_50_+++.xmp
=== RUN   TestRoundTrip_XMP_NP3_XMP/FUJ_-_Fortia_50_++.xmp
=== PAUSE TestRoundTrip_XMP_NP3_XMP/FUJ_-_Fortia_50_++.xmp
=== RUN   TestRoundTrip_XMP_NP3_XMP/FUJ_-_Fortia_50_+.xmp
=== RUN   TestRoundTrip_XMP_lrtemplate_XMP/FUJ_-_Negative_-_warm.xmp
=== RUN   TestRoundTrip_lrtemplate_XMP_lrtemplate/01._E_-_Fuji_160_+_i.lrtemplate
=== PAUSE TestRoundTrip_XMP_lrtemplate_XMP/FUJ_-_Negative_-_warm.xmp
=== PAUSE TestRoundTrip_lrtemplate_XMP_lrtemplate/01._E_-_Fuji_160_+_i.lrtemplate
=== RUN   TestRoundTrip_XMP_lrtemplate_XMP/FUJ_-_Negative.xmp
=== RUN   TestRoundTrip_lrtemplate_NP3_lrtemplate/09._E_-_Fuji_160_+_punch.lrtemplate
=== PAUSE TestRoundTrip_XMP_lrtemplate_XMP/FUJ_-_Negative.xmp
=== RUN   TestRoundTrip_XMP_lrtemplate_XMP/FUJ_-_PRO_160_++++.xmp
=== PAUSE TestRoundTrip_lrtemplate_NP3_lrtemplate/09._E_-_Fuji_160_+_punch.lrtemplate
=== RUN   TestRoundTrip_lrtemplate_NP3_lrtemplate/10._E_-_Fuji_Velvia_+_i.lrtemplate
=== PAUSE TestRoundTrip_lrtemplate_NP3_lrtemplate/10._E_-_Fuji_Velvia_+_i.lrtemplate
=== PAUSE TestRoundTrip_XMP_lrtemplate_XMP/FUJ_-_PRO_160_++++.xmp
=== RUN   TestRoundTrip_lrtemplate_XMP_lrtemplate/02._E_-_Fuji_160_+_ii.lrtemplate
=== RUN   TestRoundTrip_lrtemplate_NP3_lrtemplate/11._E_-_Fuji_Velvia_+_ii.lrtemplate
=== PAUSE TestRoundTrip_XMP_NP3_XMP/FUJ_-_Fortia_50_+.xmp
=== PAUSE TestRoundTrip_lrtemplate_XMP_lrtemplate/02._E_-_Fuji_160_+_ii.lrtemplate
=== RUN   TestRoundTrip_XMP_lrtemplate_XMP/FUJ_-_PRO_160_+++.xmp
=== PAUSE TestRoundTrip_lrtemplate_NP3_lrtemplate/11._E_-_Fuji_Velvia_+_ii.lrtemplate
=== RUN   TestRoundTrip_lrtemplate_XMP_lrtemplate/03._E_-_Fuji_160_+_iii.lrtemplate
=== PAUSE TestRoundTrip_XMP_lrtemplate_XMP/FUJ_-_PRO_160_+++.xmp
=== RUN   TestRoundTrip_lrtemplate_NP3_lrtemplate/12._E_-_Fuji_Velvia_+_iii.lrtemplate
=== PAUSE TestRoundTrip_lrtemplate_XMP_lrtemplate/03._E_-_Fuji_160_+_iii.lrtemplate
=== RUN   TestRoundTrip_XMP_lrtemplate_XMP/FUJ_-_PRO_160_++.xmp
=== PAUSE TestRoundTrip_lrtemplate_NP3_lrtemplate/12._E_-_Fuji_Velvia_+_iii.lrtemplate
=== RUN   TestRoundTrip_lrtemplate_NP3_lrtemplate/13._E_-_Fuji_Velvia_+_iiii.lrtemplate
=== PAUSE TestRoundTrip_XMP_lrtemplate_XMP/FUJ_-_PRO_160_++.xmp
=== PAUSE TestRoundTrip_lrtemplate_NP3_lrtemplate/13._E_-_Fuji_Velvia_+_iiii.lrtemplate
=== RUN   TestRoundTrip_XMP_lrtemplate_XMP/FUJ_-_PRO_160_+.xmp
=== RUN   TestRoundTrip_lrtemplate_NP3_lrtemplate/14._E_-_Fuji_Velvia_+_iiiii.lrtemplate
=== RUN   TestRoundTrip_XMP_NP3_XMP/FUJ_-_Fortia_50_-_boost.xmp
=== RUN   TestRoundTrip_lrtemplate_XMP_lrtemplate/04._E_-_Fuji_160_+_iiii.lrtemplate
=== PAUSE TestRoundTrip_lrtemplate_NP3_lrtemplate/14._E_-_Fuji_Velvia_+_iiiii.lrtemplate
=== PAUSE TestRoundTrip_lrtemplate_XMP_lrtemplate/04._E_-_Fuji_160_+_iiii.lrtemplate
=== RUN   TestRoundTrip_lrtemplate_NP3_lrtemplate/15._E_-_Fuji_Velvia_+_fade.lrtemplate
=== RUN   TestRoundTrip_lrtemplate_XMP_lrtemplate/05._E_-_Fuji_160_+_iiiii.lrtemplate
=== PAUSE TestRoundTrip_lrtemplate_NP3_lrtemplate/15._E_-_Fuji_Velvia_+_fade.lrtemplate
=== PAUSE TestRoundTrip_lrtemplate_XMP_lrtemplate/05._E_-_Fuji_160_+_iiiii.lrtemplate
=== PAUSE TestRoundTrip_XMP_NP3_XMP/FUJ_-_Fortia_50_-_boost.xmp
=== PAUSE TestRoundTrip_XMP_lrtemplate_XMP/FUJ_-_PRO_160_+.xmp
=== RUN   TestRoundTrip_lrtemplate_NP3_lrtemplate/16._E_-_Fuji_Velvia_+_cool.lrtemplate
=== RUN   TestRoundTrip_lrtemplate_XMP_lrtemplate/06._E_-_Fuji_160_+_fade.lrtemplate
=== RUN   TestRoundTrip_XMP_lrtemplate_XMP/FUJ_-_PRO_160_-_boost.xmp
=== PAUSE TestRoundTrip_lrtemplate_NP3_lrtemplate/16._E_-_Fuji_Velvia_+_cool.lrtemplate
=== PAUSE TestRoundTrip_XMP_lrtemplate_XMP/FUJ_-_PRO_160_-_boost.xmp
=== RUN   TestRoundTrip_lrtemplate_NP3_lrtemplate/17._E_-_Fuji_Velvia_+_warm.lrtemplate
=== RUN   TestRoundTrip_XMP_lrtemplate_XMP/FUJ_-_PRO_160_-_cool.xmp
=== PAUSE TestRoundTrip_lrtemplate_NP3_lrtemplate/17._E_-_Fuji_Velvia_+_warm.lrtemplate
=== PAUSE TestRoundTrip_XMP_lrtemplate_XMP/FUJ_-_PRO_160_-_cool.xmp
=== PAUSE TestRoundTrip_lrtemplate_XMP_lrtemplate/06._E_-_Fuji_160_+_fade.lrtemplate
=== RUN   TestRoundTrip_lrtemplate_NP3_lrtemplate/18._E_-_Fuji_Velvia_+_punch.lrtemplate
=== RUN   TestRoundTrip_lrtemplate_XMP_lrtemplate/07._E_-_Fuji_160_+_cool.lrtemplate
=== PAUSE TestRoundTrip_lrtemplate_XMP_lrtemplate/07._E_-_Fuji_160_+_cool.lrtemplate
=== PAUSE TestRoundTrip_lrtemplate_NP3_lrtemplate/18._E_-_Fuji_Velvia_+_punch.lrtemplate
=== RUN   TestRoundTrip_lrtemplate_XMP_lrtemplate/08._E_-_Fuji_160_+_warm.lrtemplate
=== RUN   TestRoundTrip_XMP_NP3_XMP/FUJ_-_Fortia_50_-_cool.xmp
=== PAUSE TestRoundTrip_XMP_NP3_XMP/FUJ_-_Fortia_50_-_cool.xmp
=== RUN   TestRoundTrip_XMP_NP3_XMP/FUJ_-_Fortia_50_-_film.xmp
=== RUN   TestRoundTrip_XMP_lrtemplate_XMP/FUJ_-_PRO_160_-_film.xmp
=== PAUSE TestRoundTrip_XMP_NP3_XMP/FUJ_-_Fortia_50_-_film.xmp
=== PAUSE TestRoundTrip_XMP_lrtemplate_XMP/FUJ_-_PRO_160_-_film.xmp
=== RUN   TestRoundTrip_lrtemplate_NP3_lrtemplate/19._E_-_Fuji_Sensia_+_i.lrtemplate
=== RUN   TestRoundTrip_XMP_NP3_XMP/FUJ_-_Fortia_50_-_warm.xmp
=== RUN   TestRoundTrip_XMP_lrtemplate_XMP/FUJ_-_PRO_160_-_warm.xmp
=== PAUSE TestRoundTrip_XMP_NP3_XMP/FUJ_-_Fortia_50_-_warm.xmp
=== PAUSE TestRoundTrip_lrtemplate_NP3_lrtemplate/19._E_-_Fuji_Sensia_+_i.lrtemplate
=== RUN   TestRoundTrip_XMP_NP3_XMP/FUJ_-_Fortia_50.xmp
=== RUN   TestRoundTrip_lrtemplate_NP3_lrtemplate/20._E_-_Fuji_Sensia_+_ii.lrtemplate
=== PAUSE TestRoundTrip_XMP_NP3_XMP/FUJ_-_Fortia_50.xmp
=== PAUSE TestRoundTrip_lrtemplate_NP3_lrtemplate/20._E_-_Fuji_Sensia_+_ii.lrtemplate
=== RUN   TestRoundTrip_XMP_NP3_XMP/FUJ_-_Negative_++++.xmp
=== PAUSE TestRoundTrip_XMP_lrtemplate_XMP/FUJ_-_PRO_160_-_warm.xmp
=== PAUSE TestRoundTrip_XMP_NP3_XMP/FUJ_-_Negative_++++.xmp
=== RUN   TestRoundTrip_XMP_lrtemplate_XMP/FUJ_-_PRO_160.xmp
=== RUN   TestRoundTrip_XMP_NP3_XMP/FUJ_-_Negative_+++.xmp
=== PAUSE TestRoundTrip_XMP_lrtemplate_XMP/FUJ_-_PRO_160.xmp
=== RUN   TestRoundTrip_XMP_lrtemplate_XMP/FUJ_-_Provia_100F_++++.xmp
=== PAUSE TestRoundTrip_XMP_NP3_XMP/FUJ_-_Negative_+++.xmp
=== PAUSE TestRoundTrip_XMP_lrtemplate_XMP/FUJ_-_Provia_100F_++++.xmp
=== RUN   TestRoundTrip_lrtemplate_NP3_lrtemplate/21._E_-_Fuji_Sensia_+_iii.lrtemplate
=== RUN   TestRoundTrip_XMP_lrtemplate_XMP/FUJ_-_Provia_100F_+++.xmp
=== PAUSE TestRoundTrip_lrtemplate_NP3_lrtemplate/21._E_-_Fuji_Sensia_+_iii.lrtemplate
=== PAUSE TestRoundTrip_XMP_lrtemplate_XMP/FUJ_-_Provia_100F_+++.xmp
=== RUN   TestRoundTrip_lrtemplate_NP3_lrtemplate/22._E_-_Fuji_Sensia_+_iiii-2.lrtemplate
=== PAUSE TestRoundTrip_lrtemplate_NP3_lrtemplate/22._E_-_Fuji_Sensia_+_iiii-2.lrtemplate
=== RUN   TestRoundTrip_XMP_lrtemplate_XMP/FUJ_-_Provia_100F_++.xmp
=== PAUSE TestRoundTrip_XMP_lrtemplate_XMP/FUJ_-_Provia_100F_++.xmp
=== RUN   TestRoundTrip_XMP_NP3_XMP/FUJ_-_Negative_++.xmp
=== RUN   TestRoundTrip_XMP_lrtemplate_XMP/FUJ_-_Provia_100F_+.xmp
=== PAUSE TestRoundTrip_XMP_NP3_XMP/FUJ_-_Negative_++.xmp
=== PAUSE TestRoundTrip_lrtemplate_XMP_lrtemplate/08._E_-_Fuji_160_+_warm.lrtemplate
=== RUN   TestRoundTrip_XMP_NP3_XMP/FUJ_-_Negative_+.xmp
=== RUN   TestRoundTrip_lrtemplate_NP3_lrtemplate/23._E_-_Fuji_Sensia_+_iiiii.lrtemplate
=== PAUSE TestRoundTrip_lrtemplate_NP3_lrtemplate/23._E_-_Fuji_Sensia_+_iiiii.lrtemplate
=== PAUSE TestRoundTrip_XMP_lrtemplate_XMP/FUJ_-_Provia_100F_+.xmp
=== RUN   TestRoundTrip_lrtemplate_NP3_lrtemplate/24._E_-_Fuji_Sensia_+_fade.lrtemplate
=== RUN   TestRoundTrip_lrtemplate_XMP_lrtemplate/09._E_-_Fuji_160_+_punch.lrtemplate
=== PAUSE TestRoundTrip_lrtemplate_NP3_lrtemplate/24._E_-_Fuji_Sensia_+_fade.lrtemplate
=== RUN   TestRoundTrip_lrtemplate_NP3_lrtemplate/25._E_-_Fuji_Sensia_+_cool.lrtemplate
=== PAUSE TestRoundTrip_lrtemplate_XMP_lrtemplate/09._E_-_Fuji_160_+_punch.lrtemplate
=== PAUSE TestRoundTrip_lrtemplate_NP3_lrtemplate/25._E_-_Fuji_Sensia_+_cool.lrtemplate
=== PAUSE TestRoundTrip_XMP_NP3_XMP/FUJ_-_Negative_+.xmp
=== RUN   TestRoundTrip_lrtemplate_NP3_lrtemplate/26._E_-_Fuji_Sensia_+_warm.lrtemplate
=== RUN   TestRoundTrip_XMP_NP3_XMP/FUJ_-_Negative_-_boost.xmp
=== RUN   TestRoundTrip_XMP_lrtemplate_XMP/FUJ_-_Provia_100F_-_boost.xmp
=== RUN   TestRoundTrip_lrtemplate_XMP_lrtemplate/10._E_-_Fuji_Velvia_+_i.lrtemplate
=== PAUSE TestRoundTrip_XMP_lrtemplate_XMP/FUJ_-_Provia_100F_-_boost.xmp
=== PAUSE TestRoundTrip_lrtemplate_NP3_lrtemplate/26._E_-_Fuji_Sensia_+_warm.lrtemplate
=== PAUSE TestRoundTrip_lrtemplate_XMP_lrtemplate/10._E_-_Fuji_Velvia_+_i.lrtemplate
=== PAUSE TestRoundTrip_XMP_NP3_XMP/FUJ_-_Negative_-_boost.xmp
=== RUN   TestRoundTrip_XMP_lrtemplate_XMP/FUJ_-_Provia_100F_-_cool.xmp
=== RUN   TestRoundTrip_lrtemplate_XMP_lrtemplate/11._E_-_Fuji_Velvia_+_ii.lrtemplate
=== RUN   TestRoundTrip_XMP_NP3_XMP/FUJ_-_Negative_-_cool.xmp
=== RUN   TestRoundTrip_lrtemplate_NP3_lrtemplate/27._E_-_Fuji_Sensia_+_punch.lrtemplate
=== PAUSE TestRoundTrip_XMP_NP3_XMP/FUJ_-_Negative_-_cool.xmp
=== PAUSE TestRoundTrip_XMP_lrtemplate_XMP/FUJ_-_Provia_100F_-_cool.xmp
=== PAUSE TestRoundTrip_lrtemplate_NP3_lrtemplate/27._E_-_Fuji_Sensia_+_punch.lrtemplate
=== RUN   TestRoundTrip_XMP_NP3_XMP/FUJ_-_Negative_-_film.xmp
=== RUN   TestRoundTrip_XMP_lrtemplate_XMP/FUJ_-_Provia_100F_-_film.xmp
=== RUN   TestRoundTrip_lrtemplate_NP3_lrtemplate/28._E_-_Fuji_Provia_+_i.lrtemplate
=== PAUSE TestRoundTrip_lrtemplate_NP3_lrtemplate/28._E_-_Fuji_Provia_+_i.lrtemplate
=== PAUSE TestRoundTrip_XMP_lrtemplate_XMP/FUJ_-_Provia_100F_-_film.xmp
=== PAUSE TestRoundTrip_XMP_NP3_XMP/FUJ_-_Negative_-_film.xmp
=== RUN   TestRoundTrip_lrtemplate_NP3_lrtemplate/29._E_-_Fuji_Provia_+_ii.lrtemplate
=== PAUSE TestRoundTrip_lrtemplate_XMP_lrtemplate/11._E_-_Fuji_Velvia_+_ii.lrtemplate
=== RUN   TestRoundTrip_lrtemplate_XMP_lrtemplate/12._E_-_Fuji_Velvia_+_iii.lrtemplate
=== PAUSE TestRoundTrip_lrtemplate_NP3_lrtemplate/29._E_-_Fuji_Provia_+_ii.lrtemplate
=== PAUSE TestRoundTrip_lrtemplate_XMP_lrtemplate/12._E_-_Fuji_Velvia_+_iii.lrtemplate
=== RUN   TestRoundTrip_XMP_lrtemplate_XMP/FUJ_-_Provia_100F_-_warm.xmp
=== PAUSE TestRoundTrip_XMP_lrtemplate_XMP/FUJ_-_Provia_100F_-_warm.xmp
=== RUN   TestRoundTrip_lrtemplate_NP3_lrtemplate/30._E_-_Fuji_Provia_+_iii.lrtemplate
=== RUN   TestRoundTrip_XMP_lrtemplate_XMP/FUJ_-_Provia_100F.xmp
=== PAUSE TestRoundTrip_lrtemplate_NP3_lrtemplate/30._E_-_Fuji_Provia_+_iii.lrtemplate
=== RUN   TestRoundTrip_XMP_NP3_XMP/FUJ_-_Negative_-_warm.xmp
=== RUN   TestRoundTrip_lrtemplate_NP3_lrtemplate/31._E_-_Fuji_Provia_+_iiii.lrtemplate
=== PAUSE TestRoundTrip_XMP_lrtemplate_XMP/FUJ_-_Provia_100F.xmp
=== RUN   TestRoundTrip_XMP_lrtemplate_XMP/FUJ_-_Sensia_100_++++.xmp
=== RUN   TestRoundTrip_lrtemplate_XMP_lrtemplate/13._E_-_Fuji_Velvia_+_iiii.lrtemplate
=== PAUSE TestRoundTrip_XMP_lrtemplate_XMP/FUJ_-_Sensia_100_++++.xmp
=== PAUSE TestRoundTrip_XMP_NP3_XMP/FUJ_-_Negative_-_warm.xmp
=== PAUSE TestRoundTrip_lrtemplate_XMP_lrtemplate/13._E_-_Fuji_Velvia_+_iiii.lrtemplate
=== RUN   TestRoundTrip_XMP_lrtemplate_XMP/FUJ_-_Sensia_100_+++.xmp
=== RUN   TestRoundTrip_XMP_NP3_XMP/FUJ_-_Negative.xmp
=== PAUSE TestRoundTrip_lrtemplate_NP3_lrtemplate/31._E_-_Fuji_Provia_+_iiii.lrtemplate
=== RUN   TestRoundTrip_lrtemplate_XMP_lrtemplate/14._E_-_Fuji_Velvia_+_iiiii.lrtemplate
=== PAUSE TestRoundTrip_XMP_NP3_XMP/FUJ_-_Negative.xmp
=== PAUSE TestRoundTrip_lrtemplate_XMP_lrtemplate/14._E_-_Fuji_Velvia_+_iiiii.lrtemplate
=== RUN   TestRoundTrip_XMP_NP3_XMP/FUJ_-_PRO_160_++++.xmp
=== RUN   TestRoundTrip_lrtemplate_XMP_lrtemplate/15._E_-_Fuji_Velvia_+_fade.lrtemplate
=== PAUSE TestRoundTrip_XMP_NP3_XMP/FUJ_-_PRO_160_++++.xmp
=== RUN   TestRoundTrip_XMP_NP3_XMP/FUJ_-_PRO_160_+++.xmp
=== PAUSE TestRoundTrip_XMP_lrtemplate_XMP/FUJ_-_Sensia_100_+++.xmp
=== PAUSE TestRoundTrip_XMP_NP3_XMP/FUJ_-_PRO_160_+++.xmp
=== RUN   TestRoundTrip_XMP_lrtemplate_XMP/FUJ_-_Sensia_100_++.xmp
=== RUN   TestRoundTrip_XMP_NP3_XMP/FUJ_-_PRO_160_++.xmp
=== PAUSE TestRoundTrip_XMP_lrtemplate_XMP/FUJ_-_Sensia_100_++.xmp
=== RUN   TestRoundTrip_lrtemplate_NP3_lrtemplate/32._E_-_Fuji_Provia_+_iiiii.lrtemplate
=== PAUSE TestRoundTrip_XMP_NP3_XMP/FUJ_-_PRO_160_++.xmp
=== RUN   TestRoundTrip_XMP_lrtemplate_XMP/FUJ_-_Sensia_100_+.xmp
=== RUN   TestRoundTrip_XMP_NP3_XMP/FUJ_-_PRO_160_+.xmp
=== PAUSE TestRoundTrip_lrtemplate_NP3_lrtemplate/32._E_-_Fuji_Provia_+_iiiii.lrtemplate
=== RUN   TestRoundTrip_lrtemplate_NP3_lrtemplate/33._E_-_Fuji_Provia_+_fade.lrtemplate
=== PAUSE TestRoundTrip_XMP_lrtemplate_XMP/FUJ_-_Sensia_100_+.xmp
=== PAUSE TestRoundTrip_lrtemplate_NP3_lrtemplate/33._E_-_Fuji_Provia_+_fade.lrtemplate
=== RUN   TestRoundTrip_XMP_lrtemplate_XMP/FUJ_-_Sensia_100_-_boost.xmp
=== PAUSE TestRoundTrip_XMP_lrtemplate_XMP/FUJ_-_Sensia_100_-_boost.xmp
=== PAUSE TestRoundTrip_XMP_NP3_XMP/FUJ_-_PRO_160_+.xmp
=== RUN   TestRoundTrip_XMP_lrtemplate_XMP/FUJ_-_Sensia_100_-_cool.xmp
=== RUN   TestRoundTrip_XMP_NP3_XMP/FUJ_-_PRO_160_-_boost.xmp
=== PAUSE TestRoundTrip_XMP_NP3_XMP/FUJ_-_PRO_160_-_boost.xmp
=== PAUSE TestRoundTrip_lrtemplate_XMP_lrtemplate/15._E_-_Fuji_Velvia_+_fade.lrtemplate
=== RUN   TestRoundTrip_XMP_NP3_XMP/FUJ_-_PRO_160_-_cool.xmp
=== RUN   TestRoundTrip_lrtemplate_XMP_lrtemplate/16._E_-_Fuji_Velvia_+_cool.lrtemplate
=== PAUSE TestRoundTrip_XMP_lrtemplate_XMP/FUJ_-_Sensia_100_-_cool.xmp
=== PAUSE TestRoundTrip_XMP_NP3_XMP/FUJ_-_PRO_160_-_cool.xmp
=== RUN   TestRoundTrip_XMP_lrtemplate_XMP/FUJ_-_Sensia_100_-_film.xmp
=== RUN   TestRoundTrip_XMP_NP3_XMP/FUJ_-_PRO_160_-_film.xmp
=== PAUSE TestRoundTrip_XMP_lrtemplate_XMP/FUJ_-_Sensia_100_-_film.xmp
=== RUN   TestRoundTrip_XMP_lrtemplate_XMP/FUJ_-_Sensia_100_-_warm.xmp
=== RUN   TestRoundTrip_lrtemplate_NP3_lrtemplate/34._E_-_Fuji_Provia_+_cool.lrtemplate
=== PAUSE TestRoundTrip_XMP_lrtemplate_XMP/FUJ_-_Sensia_100_-_warm.xmp
=== RUN   TestRoundTrip_XMP_lrtemplate_XMP/FUJ_-_Sensia_100.xmp
=== PAUSE TestRoundTrip_XMP_NP3_XMP/FUJ_-_PRO_160_-_film.xmp
=== PAUSE TestRoundTrip_XMP_lrtemplate_XMP/FUJ_-_Sensia_100.xmp
=== RUN   TestRoundTrip_XMP_NP3_XMP/FUJ_-_PRO_160_-_warm.xmp
=== PAUSE TestRoundTrip_lrtemplate_XMP_lrtemplate/16._E_-_Fuji_Velvia_+_cool.lrtemplate
=== PAUSE TestRoundTrip_lrtemplate_NP3_lrtemplate/34._E_-_Fuji_Provia_+_cool.lrtemplate
=== PAUSE TestRoundTrip_XMP_NP3_XMP/FUJ_-_PRO_160_-_warm.xmp
=== RUN   TestRoundTrip_lrtemplate_NP3_lrtemplate/35._E_-_Fuji_Provia_+_warm.lrtemplate
=== RUN   TestRoundTrip_XMP_NP3_XMP/FUJ_-_PRO_160.xmp
=== PAUSE TestRoundTrip_XMP_NP3_XMP/FUJ_-_PRO_160.xmp
=== RUN   TestRoundTrip_XMP_NP3_XMP/FUJ_-_Provia_100F_++++.xmp
=== RUN   TestRoundTrip_lrtemplate_XMP_lrtemplate/17._E_-_Fuji_Velvia_+_warm.lrtemplate
=== RUN   TestRoundTrip_XMP_lrtemplate_XMP/FUJ_-_Superia_400_++++.xmp
=== PAUSE TestRoundTrip_XMP_lrtemplate_XMP/FUJ_-_Superia_400_++++.xmp
=== PAUSE TestRoundTrip_lrtemplate_NP3_lrtemplate/35._E_-_Fuji_Provia_+_warm.lrtemplate
=== RUN   TestRoundTrip_XMP_lrtemplate_XMP/FUJ_-_Superia_400_+++.xmp
=== RUN   TestRoundTrip_lrtemplate_NP3_lrtemplate/36._E_-_Fuji_Provia_+_punch.lrtemplate
=== PAUSE TestRoundTrip_lrtemplate_NP3_lrtemplate/36._E_-_Fuji_Provia_+_punch.lrtemplate
=== PAUSE TestRoundTrip_lrtemplate_XMP_lrtemplate/17._E_-_Fuji_Velvia_+_warm.lrtemplate
=== PAUSE TestRoundTrip_XMP_NP3_XMP/FUJ_-_Provia_100F_++++.xmp
=== RUN   TestRoundTrip_lrtemplate_NP3_lrtemplate/37._E_-_Fuji_Astia_+_i.lrtemplate
=== RUN   TestRoundTrip_XMP_NP3_XMP/FUJ_-_Provia_100F_+++.xmp
=== PAUSE TestRoundTrip_lrtemplate_NP3_lrtemplate/37._E_-_Fuji_Astia_+_i.lrtemplate
=== PAUSE TestRoundTrip_XMP_lrtemplate_XMP/FUJ_-_Superia_400_+++.xmp
=== RUN   TestRoundTrip_lrtemplate_XMP_lrtemplate/18._E_-_Fuji_Velvia_+_punch.lrtemplate
=== PAUSE TestRoundTrip_XMP_NP3_XMP/FUJ_-_Provia_100F_+++.xmp
=== PAUSE TestRoundTrip_lrtemplate_XMP_lrtemplate/18._E_-_Fuji_Velvia_+_punch.lrtemplate
=== RUN   TestRoundTrip_XMP_NP3_XMP/FUJ_-_Provia_100F_++.xmp
=== PAUSE TestRoundTrip_XMP_NP3_XMP/FUJ_-_Provia_100F_++.xmp
=== RUN   TestRoundTrip_lrtemplate_XMP_lrtemplate/19._E_-_Fuji_Sensia_+_i.lrtemplate
=== RUN   TestRoundTrip_XMP_NP3_XMP/FUJ_-_Provia_100F_+.xmp
=== PAUSE TestRoundTrip_lrtemplate_XMP_lrtemplate/19._E_-_Fuji_Sensia_+_i.lrtemplate
=== PAUSE TestRoundTrip_XMP_NP3_XMP/FUJ_-_Provia_100F_+.xmp
=== RUN   TestRoundTrip_lrtemplate_XMP_lrtemplate/20._E_-_Fuji_Sensia_+_ii.lrtemplate
=== RUN   TestRoundTrip_lrtemplate_NP3_lrtemplate/38._E_-_Fuji_Astia_+_ii.lrtemplate
=== PAUSE TestRoundTrip_lrtemplate_XMP_lrtemplate/20._E_-_Fuji_Sensia_+_ii.lrtemplate
=== RUN   TestRoundTrip_lrtemplate_XMP_lrtemplate/21._E_-_Fuji_Sensia_+_iii.lrtemplate
=== PAUSE TestRoundTrip_lrtemplate_NP3_lrtemplate/38._E_-_Fuji_Astia_+_ii.lrtemplate
=== PAUSE TestRoundTrip_lrtemplate_XMP_lrtemplate/21._E_-_Fuji_Sensia_+_iii.lrtemplate
=== RUN   TestRoundTrip_XMP_NP3_XMP/FUJ_-_Provia_100F_-_boost.xmp
=== RUN   TestRoundTrip_lrtemplate_XMP_lrtemplate/22._E_-_Fuji_Sensia_+_iiii-2.lrtemplate
=== PAUSE TestRoundTrip_lrtemplate_XMP_lrtemplate/22._E_-_Fuji_Sensia_+_iiii-2.lrtemplate
=== RUN   TestRoundTrip_lrtemplate_XMP_lrtemplate/23._E_-_Fuji_Sensia_+_iiiii.lrtemplate
=== RUN   TestRoundTrip_XMP_lrtemplate_XMP/FUJ_-_Superia_400_++.xmp
=== RUN   TestRoundTrip_lrtemplate_NP3_lrtemplate/39._E_-_Fuji_Astia_+_iii.lrtemplate
=== PAUSE TestRoundTrip_XMP_NP3_XMP/FUJ_-_Provia_100F_-_boost.xmp
=== PAUSE TestRoundTrip_lrtemplate_NP3_lrtemplate/39._E_-_Fuji_Astia_+_iii.lrtemplate
=== PAUSE TestRoundTrip_lrtemplate_XMP_lrtemplate/23._E_-_Fuji_Sensia_+_iiiii.lrtemplate
=== RUN   TestRoundTrip_lrtemplate_NP3_lrtemplate/40._E_-_Fuji_Astia_+_iiii.lrtemplate
=== PAUSE TestRoundTrip_lrtemplate_NP3_lrtemplate/40._E_-_Fuji_Astia_+_iiii.lrtemplate
=== RUN   TestRoundTrip_lrtemplate_XMP_lrtemplate/24._E_-_Fuji_Sensia_+_fade.lrtemplate
=== RUN   TestRoundTrip_lrtemplate_NP3_lrtemplate/41._E_-_Fuji_Astia_+_iiiii.lrtemplate
=== RUN   TestRoundTrip_XMP_NP3_XMP/FUJ_-_Provia_100F_-_cool.xmp
=== PAUSE TestRoundTrip_lrtemplate_XMP_lrtemplate/24._E_-_Fuji_Sensia_+_fade.lrtemplate
=== RUN   TestRoundTrip_lrtemplate_XMP_lrtemplate/25._E_-_Fuji_Sensia_+_cool.lrtemplate
=== PAUSE TestRoundTrip_lrtemplate_NP3_lrtemplate/41._E_-_Fuji_Astia_+_iiiii.lrtemplate
=== PAUSE TestRoundTrip_lrtemplate_XMP_lrtemplate/25._E_-_Fuji_Sensia_+_cool.lrtemplate
=== PAUSE TestRoundTrip_XMP_lrtemplate_XMP/FUJ_-_Superia_400_++.xmp
=== RUN   TestRoundTrip_lrtemplate_XMP_lrtemplate/26._E_-_Fuji_Sensia_+_warm.lrtemplate
=== PAUSE TestRoundTrip_lrtemplate_XMP_lrtemplate/26._E_-_Fuji_Sensia_+_warm.lrtemplate
=== RUN   TestRoundTrip_XMP_lrtemplate_XMP/FUJ_-_Superia_400_+.xmp
=== RUN   TestRoundTrip_lrtemplate_XMP_lrtemplate/27._E_-_Fuji_Sensia_+_punch.lrtemplate
=== PAUSE TestRoundTrip_XMP_NP3_XMP/FUJ_-_Provia_100F_-_cool.xmp
=== PAUSE TestRoundTrip_lrtemplate_XMP_lrtemplate/27._E_-_Fuji_Sensia_+_punch.lrtemplate
=== RUN   TestRoundTrip_lrtemplate_XMP_lrtemplate/28._E_-_Fuji_Provia_+_i.lrtemplate
=== RUN   TestRoundTrip_XMP_NP3_XMP/FUJ_-_Provia_100F_-_film.xmp
=== PAUSE TestRoundTrip_lrtemplate_XMP_lrtemplate/28._E_-_Fuji_Provia_+_i.lrtemplate
=== PAUSE TestRoundTrip_XMP_lrtemplate_XMP/FUJ_-_Superia_400_+.xmp
=== PAUSE TestRoundTrip_XMP_NP3_XMP/FUJ_-_Provia_100F_-_film.xmp
=== RUN   TestRoundTrip_XMP_lrtemplate_XMP/FUJ_-_Superia_400_-_boost.xmp
=== RUN   TestRoundTrip_lrtemplate_XMP_lrtemplate/29._E_-_Fuji_Provia_+_ii.lrtemplate
=== RUN   TestRoundTrip_XMP_NP3_XMP/FUJ_-_Provia_100F_-_warm.xmp
=== RUN   TestRoundTrip_lrtemplate_NP3_lrtemplate/42._E_-_Fuji_Astia_+_fade.lrtemplate
=== PAUSE TestRoundTrip_XMP_lrtemplate_XMP/FUJ_-_Superia_400_-_boost.xmp
=== PAUSE TestRoundTrip_XMP_NP3_XMP/FUJ_-_Provia_100F_-_warm.xmp
=== PAUSE TestRoundTrip_lrtemplate_NP3_lrtemplate/42._E_-_Fuji_Astia_+_fade.lrtemplate
=== PAUSE TestRoundTrip_lrtemplate_XMP_lrtemplate/29._E_-_Fuji_Provia_+_ii.lrtemplate
=== RUN   TestRoundTrip_XMP_NP3_XMP/FUJ_-_Provia_100F.xmp
=== RUN   TestRoundTrip_lrtemplate_NP3_lrtemplate/43._E_-_Fuji_Astia_+_cool.lrtemplate
=== RUN   TestRoundTrip_lrtemplate_XMP_lrtemplate/30._E_-_Fuji_Provia_+_iii.lrtemplate
=== PAUSE TestRoundTrip_XMP_NP3_XMP/FUJ_-_Provia_100F.xmp
=== PAUSE TestRoundTrip_lrtemplate_XMP_lrtemplate/30._E_-_Fuji_Provia_+_iii.lrtemplate
=== PAUSE TestRoundTrip_lrtemplate_NP3_lrtemplate/43._E_-_Fuji_Astia_+_cool.lrtemplate
=== RUN   TestRoundTrip_XMP_lrtemplate_XMP/FUJ_-_Superia_400_-_cool.xmp
=== RUN   TestRoundTrip_lrtemplate_NP3_lrtemplate/44._E_-_Fuji_Astia_+_warm.lrtemplate
=== PAUSE TestRoundTrip_XMP_lrtemplate_XMP/FUJ_-_Superia_400_-_cool.xmp
=== PAUSE TestRoundTrip_lrtemplate_NP3_lrtemplate/44._E_-_Fuji_Astia_+_warm.lrtemplate
=== RUN   TestRoundTrip_XMP_lrtemplate_XMP/FUJ_-_Superia_400_-_film.xmp
=== RUN   TestRoundTrip_lrtemplate_NP3_lrtemplate/45._E_-_Fuji_Astia_+_punch.lrtemplate
=== PAUSE TestRoundTrip_XMP_lrtemplate_XMP/FUJ_-_Superia_400_-_film.xmp
=== PAUSE TestRoundTrip_lrtemplate_NP3_lrtemplate/45._E_-_Fuji_Astia_+_punch.lrtemplate
=== RUN   TestRoundTrip_XMP_lrtemplate_XMP/FUJ_-_Superia_400_-_warm.xmp
=== RUN   TestRoundTrip_lrtemplate_XMP_lrtemplate/31._E_-_Fuji_Provia_+_iiii.lrtemplate
=== RUN   TestRoundTrip_lrtemplate_NP3_lrtemplate/46._E_-_Fuji_Fortia_+_i.lrtemplate
=== PAUSE TestRoundTrip_XMP_lrtemplate_XMP/FUJ_-_Superia_400_-_warm.xmp
=== RUN   TestRoundTrip_XMP_NP3_XMP/FUJ_-_Sensia_100_++++.xmp
=== PAUSE TestRoundTrip_lrtemplate_NP3_lrtemplate/46._E_-_Fuji_Fortia_+_i.lrtemplate
=== PAUSE TestRoundTrip_XMP_NP3_XMP/FUJ_-_Sensia_100_++++.xmp
=== RUN   TestRoundTrip_lrtemplate_NP3_lrtemplate/47._E_-_Fuji_Fortia_+_ii.lrtemplate
=== PAUSE TestRoundTrip_lrtemplate_XMP_lrtemplate/31._E_-_Fuji_Provia_+_iiii.lrtemplate
=== RUN   TestRoundTrip_XMP_NP3_XMP/FUJ_-_Sensia_100_+++.xmp
=== RUN   TestRoundTrip_XMP_lrtemplate_XMP/FUJ_-_Superia_400.xmp
=== PAUSE TestRoundTrip_XMP_NP3_XMP/FUJ_-_Sensia_100_+++.xmp
=== PAUSE TestRoundTrip_lrtemplate_NP3_lrtemplate/47._E_-_Fuji_Fortia_+_ii.lrtemplate
=== RUN   TestRoundTrip_lrtemplate_XMP_lrtemplate/32._E_-_Fuji_Provia_+_iiiii.lrtemplate
=== PAUSE TestRoundTrip_lrtemplate_XMP_lrtemplate/32._E_-_Fuji_Provia_+_iiiii.lrtemplate
=== PAUSE TestRoundTrip_XMP_lrtemplate_XMP/FUJ_-_Superia_400.xmp
=== RUN   TestRoundTrip_XMP_NP3_XMP/FUJ_-_Sensia_100_++.xmp
=== RUN   TestRoundTrip_lrtemplate_NP3_lrtemplate/48._E_-_Fuji_Fortia_+_iii.lrtemplate
=== PAUSE TestRoundTrip_XMP_NP3_XMP/FUJ_-_Sensia_100_++.xmp
=== RUN   TestRoundTrip_lrtemplate_XMP_lrtemplate/33._E_-_Fuji_Provia_+_fade.lrtemplate
=== RUN   TestRoundTrip_XMP_NP3_XMP/FUJ_-_Sensia_100_+.xmp
=== RUN   TestRoundTrip_XMP_lrtemplate_XMP/FUJ_-_Superia_800_++++.xmp
=== PAUSE TestRoundTrip_XMP_NP3_XMP/FUJ_-_Sensia_100_+.xmp
=== PAUSE TestRoundTrip_lrtemplate_NP3_lrtemplate/48._E_-_Fuji_Fortia_+_iii.lrtemplate
=== PAUSE TestRoundTrip_XMP_lrtemplate_XMP/FUJ_-_Superia_800_++++.xmp
=== RUN   TestRoundTrip_lrtemplate_NP3_lrtemplate/49._E_-_Fuji_Fortia_+_iiii.lrtemplate
=== RUN   TestRoundTrip_XMP_lrtemplate_XMP/FUJ_-_Superia_800_+++.xmp
=== PAUSE TestRoundTrip_lrtemplate_NP3_lrtemplate/49._E_-_Fuji_Fortia_+_iiii.lrtemplate
=== PAUSE TestRoundTrip_lrtemplate_XMP_lrtemplate/33._E_-_Fuji_Provia_+_fade.lrtemplate
=== RUN   TestRoundTrip_lrtemplate_NP3_lrtemplate/50._E_-_Fuji_Fortia_+_iiiii.lrtemplate
=== RUN   TestRoundTrip_lrtemplate_XMP_lrtemplate/34._E_-_Fuji_Provia_+_cool.lrtemplate
=== RUN   TestRoundTrip_XMP_NP3_XMP/FUJ_-_Sensia_100_-_boost.xmp
=== PAUSE TestRoundTrip_XMP_NP3_XMP/FUJ_-_Sensia_100_-_boost.xmp
=== PAUSE TestRoundTrip_XMP_lrtemplate_XMP/FUJ_-_Superia_800_+++.xmp
=== RUN   TestRoundTrip_XMP_NP3_XMP/FUJ_-_Sensia_100_-_cool.xmp
=== PAUSE TestRoundTrip_lrtemplate_XMP_lrtemplate/34._E_-_Fuji_Provia_+_cool.lrtemplate
=== RUN   TestRoundTrip_XMP_lrtemplate_XMP/FUJ_-_Superia_800_++.xmp
=== PAUSE TestRoundTrip_XMP_NP3_XMP/FUJ_-_Sensia_100_-_cool.xmp
=== RUN   TestRoundTrip_lrtemplate_XMP_lrtemplate/35._E_-_Fuji_Provia_+_warm.lrtemplate
=== RUN   TestRoundTrip_XMP_NP3_XMP/FUJ_-_Sensia_100_-_film.xmp
=== PAUSE TestRoundTrip_XMP_lrtemplate_XMP/FUJ_-_Superia_800_++.xmp
=== PAUSE TestRoundTrip_XMP_NP3_XMP/FUJ_-_Sensia_100_-_film.xmp
=== PAUSE TestRoundTrip_lrtemplate_XMP_lrtemplate/35._E_-_Fuji_Provia_+_warm.lrtemplate
=== RUN   TestRoundTrip_XMP_lrtemplate_XMP/FUJ_-_Superia_800_+.xmp
=== RUN   TestRoundTrip_lrtemplate_XMP_lrtemplate/36._E_-_Fuji_Provia_+_punch.lrtemplate
=== PAUSE TestRoundTrip_XMP_lrtemplate_XMP/FUJ_-_Superia_800_+.xmp
=== PAUSE TestRoundTrip_lrtemplate_NP3_lrtemplate/50._E_-_Fuji_Fortia_+_iiiii.lrtemplate
=== RUN   TestRoundTrip_lrtemplate_NP3_lrtemplate/51._E_-_Fuji_Fortia_+_fade.lrtemplate
=== RUN   TestRoundTrip_XMP_lrtemplate_XMP/FUJ_-_Superia_800_-_boost.xmp
=== PAUSE TestRoundTrip_lrtemplate_XMP_lrtemplate/36._E_-_Fuji_Provia_+_punch.lrtemplate
=== PAUSE TestRoundTrip_XMP_lrtemplate_XMP/FUJ_-_Superia_800_-_boost.xmp
=== RUN   TestRoundTrip_XMP_lrtemplate_XMP/FUJ_-_Superia_800_-_cool.xmp
=== RUN   TestRoundTrip_lrtemplate_XMP_lrtemplate/37._E_-_Fuji_Astia_+_i.lrtemplate
=== PAUSE TestRoundTrip_XMP_lrtemplate_XMP/FUJ_-_Superia_800_-_cool.xmp
=== RUN   TestRoundTrip_XMP_lrtemplate_XMP/FUJ_-_Superia_800_-_film.xmp
=== RUN   TestRoundTrip_XMP_NP3_XMP/FUJ_-_Sensia_100_-_warm.xmp
=== PAUSE TestRoundTrip_XMP_lrtemplate_XMP/FUJ_-_Superia_800_-_film.xmp
=== RUN   TestRoundTrip_XMP_lrtemplate_XMP/FUJ_-_Superia_800_-_warm.xmp
=== PAUSE TestRoundTrip_XMP_lrtemplate_XMP/FUJ_-_Superia_800_-_warm.xmp
=== RUN   TestRoundTrip_XMP_lrtemplate_XMP/FUJ_-_Superia_800.xmp
=== PAUSE TestRoundTrip_XMP_lrtemplate_XMP/FUJ_-_Superia_800.xmp
=== PAUSE TestRoundTrip_lrtemplate_NP3_lrtemplate/51._E_-_Fuji_Fortia_+_fade.lrtemplate
=== PAUSE TestRoundTrip_lrtemplate_XMP_lrtemplate/37._E_-_Fuji_Astia_+_i.lrtemplate
=== RUN   TestRoundTrip_lrtemplate_NP3_lrtemplate/52._E_-_Fuji_Fortia_+_cool.lrtemplate
=== RUN   TestRoundTrip_lrtemplate_XMP_lrtemplate/38._E_-_Fuji_Astia_+_ii.lrtemplate
=== PAUSE TestRoundTrip_lrtemplate_NP3_lrtemplate/52._E_-_Fuji_Fortia_+_cool.lrtemplate
=== PAUSE TestRoundTrip_XMP_NP3_XMP/FUJ_-_Sensia_100_-_warm.xmp
=== PAUSE TestRoundTrip_lrtemplate_XMP_lrtemplate/38._E_-_Fuji_Astia_+_ii.lrtemplate
=== RUN   TestRoundTrip_lrtemplate_NP3_lrtemplate/53._E_-_Fuji_Fortia_+_warm.lrtemplate
=== RUN   TestRoundTrip_XMP_NP3_XMP/FUJ_-_Sensia_100.xmp
=== PAUSE TestRoundTrip_lrtemplate_NP3_lrtemplate/53._E_-_Fuji_Fortia_+_warm.lrtemplate
=== PAUSE TestRoundTrip_XMP_NP3_XMP/FUJ_-_Sensia_100.xmp
=== RUN   TestRoundTrip_lrtemplate_XMP_lrtemplate/39._E_-_Fuji_Astia_+_iii.lrtemplate
=== RUN   TestRoundTrip_XMP_NP3_XMP/FUJ_-_Superia_400_++++.xmp
=== RUN   TestRoundTrip_XMP_lrtemplate_XMP/FUJ_-_Velvia_100_++++.xmp
=== PAUSE TestRoundTrip_lrtemplate_XMP_lrtemplate/39._E_-_Fuji_Astia_+_iii.lrtemplate
=== PAUSE TestRoundTrip_XMP_lrtemplate_XMP/FUJ_-_Velvia_100_++++.xmp
=== RUN   TestRoundTrip_lrtemplate_XMP_lrtemplate/40._E_-_Fuji_Astia_+_iiii.lrtemplate
=== RUN   TestRoundTrip_XMP_lrtemplate_XMP/FUJ_-_Velvia_100_+++.xmp
=== PAUSE TestRoundTrip_XMP_NP3_XMP/FUJ_-_Superia_400_++++.xmp
=== PAUSE TestRoundTrip_lrtemplate_XMP_lrtemplate/40._E_-_Fuji_Astia_+_iiii.lrtemplate
=== RUN   TestRoundTrip_lrtemplate_XMP_lrtemplate/41._E_-_Fuji_Astia_+_iiiii.lrtemplate
=== PAUSE TestRoundTrip_XMP_lrtemplate_XMP/FUJ_-_Velvia_100_+++.xmp
=== PAUSE TestRoundTrip_lrtemplate_XMP_lrtemplate/41._E_-_Fuji_Astia_+_iiiii.lrtemplate
=== RUN   TestRoundTrip_XMP_lrtemplate_XMP/FUJ_-_Velvia_100_++.xmp
=== RUN   TestRoundTrip_lrtemplate_NP3_lrtemplate/54._E_-_Fuji_Fortia_+_punch.lrtemplate
=== PAUSE TestRoundTrip_lrtemplate_NP3_lrtemplate/54._E_-_Fuji_Fortia_+_punch.lrtemplate
=== RUN   TestRoundTrip_XMP_NP3_XMP/FUJ_-_Superia_400_+++.xmp
=== RUN   TestRoundTrip_lrtemplate_NP3_lrtemplate/55._E_-_Fuji_XPro_+_i.lrtemplate
=== RUN   TestRoundTrip_lrtemplate_XMP_lrtemplate/42._E_-_Fuji_Astia_+_fade.lrtemplate
=== PAUSE TestRoundTrip_XMP_NP3_XMP/FUJ_-_Superia_400_+++.xmp
=== PAUSE TestRoundTrip_XMP_lrtemplate_XMP/FUJ_-_Velvia_100_++.xmp
=== PAUSE TestRoundTrip_lrtemplate_XMP_lrtemplate/42._E_-_Fuji_Astia_+_fade.lrtemplate
=== RUN   TestRoundTrip_lrtemplate_XMP_lrtemplate/43._E_-_Fuji_Astia_+_cool.lrtemplate
=== PAUSE TestRoundTrip_lrtemplate_XMP_lrtemplate/43._E_-_Fuji_Astia_+_cool.lrtemplate
=== RUN   TestRoundTrip_XMP_lrtemplate_XMP/FUJ_-_Velvia_100_+.xmp
=== RUN   TestRoundTrip_lrtemplate_XMP_lrtemplate/44._E_-_Fuji_Astia_+_warm.lrtemplate
=== PAUSE TestRoundTrip_lrtemplate_NP3_lrtemplate/55._E_-_Fuji_XPro_+_i.lrtemplate
=== PAUSE TestRoundTrip_lrtemplate_XMP_lrtemplate/44._E_-_Fuji_Astia_+_warm.lrtemplate
=== PAUSE TestRoundTrip_XMP_lrtemplate_XMP/FUJ_-_Velvia_100_+.xmp
=== RUN   TestRoundTrip_lrtemplate_NP3_lrtemplate/56._E_-_Fuji_XPro_+_ii.lrtemplate
=== RUN   TestRoundTrip_XMP_lrtemplate_XMP/FUJ_-_Velvia_100_-_boost.xmp
=== PAUSE TestRoundTrip_lrtemplate_NP3_lrtemplate/56._E_-_Fuji_XPro_+_ii.lrtemplate
=== RUN   TestRoundTrip_lrtemplate_NP3_lrtemplate/57._E_-_Fuji_XPro_+_iii.lrtemplate
=== RUN   TestRoundTrip_lrtemplate_XMP_lrtemplate/45._E_-_Fuji_Astia_+_punch.lrtemplate
=== PAUSE TestRoundTrip_XMP_lrtemplate_XMP/FUJ_-_Velvia_100_-_boost.xmp
=== RUN   TestRoundTrip_XMP_lrtemplate_XMP/FUJ_-_Velvia_100_-_cool.xmp
=== PAUSE TestRoundTrip_lrtemplate_NP3_lrtemplate/57._E_-_Fuji_XPro_+_iii.lrtemplate
=== PAUSE TestRoundTrip_XMP_lrtemplate_XMP/FUJ_-_Velvia_100_-_cool.xmp
=== RUN   TestRoundTrip_XMP_NP3_XMP/FUJ_-_Superia_400_++.xmp
=== RUN   TestRoundTrip_XMP_lrtemplate_XMP/FUJ_-_Velvia_100_-_film.xmp
=== PAUSE TestRoundTrip_XMP_NP3_XMP/FUJ_-_Superia_400_++.xmp
=== PAUSE TestRoundTrip_XMP_lrtemplate_XMP/FUJ_-_Velvia_100_-_film.xmp
=== RUN   TestRoundTrip_lrtemplate_NP3_lrtemplate/58._E_-_Fuji_XPro_+_iiii.lrtemplate
=== PAUSE TestRoundTrip_lrtemplate_XMP_lrtemplate/45._E_-_Fuji_Astia_+_punch.lrtemplate
=== RUN   TestRoundTrip_lrtemplate_XMP_lrtemplate/46._E_-_Fuji_Fortia_+_i.lrtemplate
=== RUN   TestRoundTrip_XMP_lrtemplate_XMP/FUJ_-_Velvia_100_-_warm.xmp
=== PAUSE TestRoundTrip_XMP_lrtemplate_XMP/FUJ_-_Velvia_100_-_warm.xmp
=== PAUSE TestRoundTrip_lrtemplate_XMP_lrtemplate/46._E_-_Fuji_Fortia_+_i.lrtemplate
=== RUN   TestRoundTrip_XMP_NP3_XMP/FUJ_-_Superia_400_+.xmp
=== RUN   TestRoundTrip_lrtemplate_XMP_lrtemplate/47._E_-_Fuji_Fortia_+_ii.lrtemplate
=== PAUSE TestRoundTrip_lrtemplate_XMP_lrtemplate/47._E_-_Fuji_Fortia_+_ii.lrtemplate
=== PAUSE TestRoundTrip_lrtemplate_NP3_lrtemplate/58._E_-_Fuji_XPro_+_iiii.lrtemplate
=== RUN   TestRoundTrip_XMP_lrtemplate_XMP/FUJ_-_Velvia_100.xmp
=== RUN   TestRoundTrip_lrtemplate_NP3_lrtemplate/59._E_-_Fuji_XPro_+_iiiii.lrtemplate
=== PAUSE TestRoundTrip_XMP_lrtemplate_XMP/FUJ_-_Velvia_100.xmp
=== PAUSE TestRoundTrip_XMP_NP3_XMP/FUJ_-_Superia_400_+.xmp
=== RUN   TestRoundTrip_XMP_lrtemplate_XMP/FUJ_-_XPro_++++.xmp
=== RUN   TestRoundTrip_XMP_NP3_XMP/FUJ_-_Superia_400_-_boost.xmp
=== RUN   TestRoundTrip_lrtemplate_XMP_lrtemplate/48._E_-_Fuji_Fortia_+_iii.lrtemplate
=== PAUSE TestRoundTrip_XMP_NP3_XMP/FUJ_-_Superia_400_-_boost.xmp
=== RUN   TestRoundTrip_XMP_NP3_XMP/FUJ_-_Superia_400_-_cool.xmp
=== PAUSE TestRoundTrip_XMP_NP3_XMP/FUJ_-_Superia_400_-_cool.xmp
=== PAUSE TestRoundTrip_lrtemplate_XMP_lrtemplate/48._E_-_Fuji_Fortia_+_iii.lrtemplate
=== RUN   TestRoundTrip_XMP_NP3_XMP/FUJ_-_Superia_400_-_film.xmp
=== PAUSE TestRoundTrip_XMP_lrtemplate_XMP/FUJ_-_XPro_++++.xmp
=== PAUSE TestRoundTrip_XMP_NP3_XMP/FUJ_-_Superia_400_-_film.xmp
=== RUN   TestRoundTrip_XMP_NP3_XMP/FUJ_-_Superia_400_-_warm.xmp
=== PAUSE TestRoundTrip_XMP_NP3_XMP/FUJ_-_Superia_400_-_warm.xmp
=== RUN   TestRoundTrip_XMP_lrtemplate_XMP/FUJ_-_XPro_+++.xmp
=== PAUSE TestRoundTrip_lrtemplate_NP3_lrtemplate/59._E_-_Fuji_XPro_+_iiiii.lrtemplate
=== RUN   TestRoundTrip_lrtemplate_NP3_lrtemplate/60._E_-_Fuji_XPro_+_fade.lrtemplate
=== RUN   TestRoundTrip_lrtemplate_XMP_lrtemplate/49._E_-_Fuji_Fortia_+_iiii.lrtemplate
=== PAUSE TestRoundTrip_lrtemplate_NP3_lrtemplate/60._E_-_Fuji_XPro_+_fade.lrtemplate
=== RUN   TestRoundTrip_lrtemplate_NP3_lrtemplate/61._E_-_Fuji_XPro_+_cool.lrtemplate
=== RUN   TestRoundTrip_XMP_NP3_XMP/FUJ_-_Superia_400.xmp
=== PAUSE TestRoundTrip_XMP_NP3_XMP/FUJ_-_Superia_400.xmp
=== PAUSE TestRoundTrip_XMP_lrtemplate_XMP/FUJ_-_XPro_+++.xmp
=== RUN   TestRoundTrip_XMP_NP3_XMP/FUJ_-_Superia_800_++++.xmp
=== RUN   TestRoundTrip_XMP_lrtemplate_XMP/FUJ_-_XPro_++.xmp
=== PAUSE TestRoundTrip_lrtemplate_XMP_lrtemplate/49._E_-_Fuji_Fortia_+_iiii.lrtemplate
=== PAUSE TestRoundTrip_XMP_lrtemplate_XMP/FUJ_-_XPro_++.xmp
=== RUN   TestRoundTrip_lrtemplate_XMP_lrtemplate/50._E_-_Fuji_Fortia_+_iiiii.lrtemplate
=== PAUSE TestRoundTrip_XMP_NP3_XMP/FUJ_-_Superia_800_++++.xmp
=== RUN   TestRoundTrip_XMP_lrtemplate_XMP/FUJ_-_XPro_+.xmp
=== RUN   TestRoundTrip_XMP_NP3_XMP/FUJ_-_Superia_800_+++.xmp
=== PAUSE TestRoundTrip_lrtemplate_NP3_lrtemplate/61._E_-_Fuji_XPro_+_cool.lrtemplate
=== PAUSE TestRoundTrip_XMP_lrtemplate_XMP/FUJ_-_XPro_+.xmp
=== RUN   TestRoundTrip_lrtemplate_NP3_lrtemplate/62._E_-_Fuji_XPro_+_warm.lrtemplate
=== PAUSE TestRoundTrip_lrtemplate_XMP_lrtemplate/50._E_-_Fuji_Fortia_+_iiiii.lrtemplate
=== PAUSE TestRoundTrip_lrtemplate_NP3_lrtemplate/62._E_-_Fuji_XPro_+_warm.lrtemplate
=== RUN   TestRoundTrip_lrtemplate_NP3_lrtemplate/63._E_-_Fuji_XPro_+_punch.lrtemplate
=== PAUSE TestRoundTrip_XMP_NP3_XMP/FUJ_-_Superia_800_+++.xmp
=== PAUSE TestRoundTrip_lrtemplate_NP3_lrtemplate/63._E_-_Fuji_XPro_+_punch.lrtemplate
=== RUN   TestRoundTrip_XMP_NP3_XMP/FUJ_-_Superia_800_++.xmp
=== RUN   TestRoundTrip_lrtemplate_NP3_lrtemplate/64._E_-_Fuji_Negative_+_i.lrtemplate
=== PAUSE TestRoundTrip_XMP_NP3_XMP/FUJ_-_Superia_800_++.xmp
=== PAUSE TestRoundTrip_lrtemplate_NP3_lrtemplate/64._E_-_Fuji_Negative_+_i.lrtemplate
=== RUN   TestRoundTrip_XMP_NP3_XMP/FUJ_-_Superia_800_+.xmp
=== RUN   TestRoundTrip_lrtemplate_NP3_lrtemplate/65._E_-_Fuji_Negative_+_ii.lrtemplate
=== RUN   TestRoundTrip_XMP_lrtemplate_XMP/FUJ_-_XPro_-_boost.xmp
=== PAUSE TestRoundTrip_lrtemplate_NP3_lrtemplate/65._E_-_Fuji_Negative_+_ii.lrtemplate
=== RUN   TestRoundTrip_lrtemplate_NP3_lrtemplate/66._E_-_Fuji_Negative_+_iii.lrtemplate
=== PAUSE TestRoundTrip_lrtemplate_NP3_lrtemplate/66._E_-_Fuji_Negative_+_iii.lrtemplate
=== PAUSE TestRoundTrip_XMP_NP3_XMP/FUJ_-_Superia_800_+.xmp
=== RUN   TestRoundTrip_XMP_NP3_XMP/FUJ_-_Superia_800_-_boost.xmp
=== PAUSE TestRoundTrip_XMP_NP3_XMP/FUJ_-_Superia_800_-_boost.xmp
=== RUN   TestRoundTrip_lrtemplate_NP3_lrtemplate/67._E_-_Fuji_Negative_+_iiii.lrtemplate
=== RUN   TestRoundTrip_XMP_NP3_XMP/FUJ_-_Superia_800_-_cool.xmp
=== PAUSE TestRoundTrip_lrtemplate_NP3_lrtemplate/67._E_-_Fuji_Negative_+_iiii.lrtemplate
=== PAUSE TestRoundTrip_XMP_lrtemplate_XMP/FUJ_-_XPro_-_boost.xmp
=== RUN   TestRoundTrip_lrtemplate_NP3_lrtemplate/68._E_-_Fuji_Negative_+_iiiii.lrtemplate
=== RUN   TestRoundTrip_XMP_lrtemplate_XMP/FUJ_-_XPro_-_cool.xmp
=== RUN   TestRoundTrip_lrtemplate_XMP_lrtemplate/51._E_-_Fuji_Fortia_+_fade.lrtemplate
=== PAUSE TestRoundTrip_XMP_lrtemplate_XMP/FUJ_-_XPro_-_cool.xmp
=== PAUSE TestRoundTrip_lrtemplate_NP3_lrtemplate/68._E_-_Fuji_Negative_+_iiiii.lrtemplate
=== PAUSE TestRoundTrip_lrtemplate_XMP_lrtemplate/51._E_-_Fuji_Fortia_+_fade.lrtemplate
=== PAUSE TestRoundTrip_XMP_NP3_XMP/FUJ_-_Superia_800_-_cool.xmp
=== RUN   TestRoundTrip_lrtemplate_XMP_lrtemplate/52._E_-_Fuji_Fortia_+_cool.lrtemplate
=== RUN   TestRoundTrip_XMP_NP3_XMP/FUJ_-_Superia_800_-_film.xmp
=== PAUSE TestRoundTrip_lrtemplate_XMP_lrtemplate/52._E_-_Fuji_Fortia_+_cool.lrtemplate
=== RUN   TestRoundTrip_XMP_lrtemplate_XMP/FUJ_-_XPro_-_film.xmp
=== RUN   TestRoundTrip_lrtemplate_XMP_lrtemplate/53._E_-_Fuji_Fortia_+_warm.lrtemplate
=== PAUSE TestRoundTrip_XMP_lrtemplate_XMP/FUJ_-_XPro_-_film.xmp
=== RUN   TestRoundTrip_lrtemplate_NP3_lrtemplate/69._E_-_Fuji_Negative_+_fade.lrtemplate
=== RUN   TestRoundTrip_XMP_lrtemplate_XMP/FUJ_-_XPro_-_warm.xmp
=== PAUSE TestRoundTrip_lrtemplate_XMP_lrtemplate/53._E_-_Fuji_Fortia_+_warm.lrtemplate
=== PAUSE TestRoundTrip_XMP_NP3_XMP/FUJ_-_Superia_800_-_film.xmp
=== PAUSE TestRoundTrip_lrtemplate_NP3_lrtemplate/69._E_-_Fuji_Negative_+_fade.lrtemplate
=== RUN   TestRoundTrip_XMP_NP3_XMP/FUJ_-_Superia_800_-_warm.xmp
=== RUN   TestRoundTrip_lrtemplate_NP3_lrtemplate/70._E_-_Fuji_Negative_+_cool.lrtemplate
=== PAUSE TestRoundTrip_XMP_NP3_XMP/FUJ_-_Superia_800_-_warm.xmp
=== PAUSE TestRoundTrip_XMP_lrtemplate_XMP/FUJ_-_XPro_-_warm.xmp
=== PAUSE TestRoundTrip_lrtemplate_NP3_lrtemplate/70._E_-_Fuji_Negative_+_cool.lrtemplate
=== RUN   TestRoundTrip_XMP_lrtemplate_XMP/FUJ_-_XPro.xmp
=== RUN   TestRoundTrip_lrtemplate_NP3_lrtemplate/71._E_-_Fuji_Negative_+_warm.lrtemplate
=== RUN   TestRoundTrip_lrtemplate_XMP_lrtemplate/54._E_-_Fuji_Fortia_+_punch.lrtemplate
=== PAUSE TestRoundTrip_lrtemplate_NP3_lrtemplate/71._E_-_Fuji_Negative_+_warm.lrtemplate
=== RUN   TestRoundTrip_lrtemplate_NP3_lrtemplate/72._E_-_Fuji_Negative_+_punch.lrtemplate
=== PAUSE TestRoundTrip_lrtemplate_NP3_lrtemplate/72._E_-_Fuji_Negative_+_punch.lrtemplate
=== PAUSE TestRoundTrip_lrtemplate_XMP_lrtemplate/54._E_-_Fuji_Fortia_+_punch.lrtemplate
=== RUN   TestRoundTrip_lrtemplate_XMP_lrtemplate/55._E_-_Fuji_XPro_+_i.lrtemplate
=== PAUSE TestRoundTrip_XMP_lrtemplate_XMP/FUJ_-_XPro.xmp
=== RUN   TestRoundTrip_XMP_lrtemplate_XMP/LIGHTING_-_As_Shot.xmp#01
=== RUN   TestRoundTrip_XMP_NP3_XMP/FUJ_-_Superia_800.xmp
=== PAUSE TestRoundTrip_XMP_lrtemplate_XMP/LIGHTING_-_As_Shot.xmp#01
=== RUN   TestRoundTrip_lrtemplate_NP3_lrtemplate/73._E_-_Fuji_100_+_i.lrtemplate
=== PAUSE TestRoundTrip_XMP_NP3_XMP/FUJ_-_Superia_800.xmp
=== PAUSE TestRoundTrip_lrtemplate_XMP_lrtemplate/55._E_-_Fuji_XPro_+_i.lrtemplate
=== RUN   TestRoundTrip_XMP_NP3_XMP/FUJ_-_Velvia_100_++++.xmp
=== RUN   TestRoundTrip_XMP_lrtemplate_XMP/LIGHTING_-_Auto_Set.xmp#01
=== RUN   TestRoundTrip_lrtemplate_XMP_lrtemplate/56._E_-_Fuji_XPro_+_ii.lrtemplate
=== PAUSE TestRoundTrip_XMP_lrtemplate_XMP/LIGHTING_-_Auto_Set.xmp#01
=== PAUSE TestRoundTrip_XMP_NP3_XMP/FUJ_-_Velvia_100_++++.xmp
=== RUN   TestRoundTrip_XMP_lrtemplate_XMP/LIGHTING_-_Cloudy.xmp#01
=== RUN   TestRoundTrip_XMP_NP3_XMP/FUJ_-_Velvia_100_+++.xmp
=== PAUSE TestRoundTrip_lrtemplate_XMP_lrtemplate/56._E_-_Fuji_XPro_+_ii.lrtemplate
=== PAUSE TestRoundTrip_XMP_lrtemplate_XMP/LIGHTING_-_Cloudy.xmp#01
=== RUN   TestRoundTrip_lrtemplate_XMP_lrtemplate/57._E_-_Fuji_XPro_+_iii.lrtemplate
=== PAUSE TestRoundTrip_lrtemplate_NP3_lrtemplate/73._E_-_Fuji_100_+_i.lrtemplate
=== PAUSE TestRoundTrip_XMP_NP3_XMP/FUJ_-_Velvia_100_+++.xmp
=== PAUSE TestRoundTrip_lrtemplate_XMP_lrtemplate/57._E_-_Fuji_XPro_+_iii.lrtemplate
=== RUN   TestRoundTrip_XMP_lrtemplate_XMP/LIGHTING_-_Daylight.xmp#01
=== PAUSE TestRoundTrip_XMP_lrtemplate_XMP/LIGHTING_-_Daylight.xmp#01
=== RUN   TestRoundTrip_XMP_NP3_XMP/FUJ_-_Velvia_100_++.xmp
=== PAUSE TestRoundTrip_XMP_NP3_XMP/FUJ_-_Velvia_100_++.xmp
=== RUN   TestRoundTrip_XMP_NP3_XMP/FUJ_-_Velvia_100_+.xmp
=== RUN   TestRoundTrip_lrtemplate_NP3_lrtemplate/74._E_-_Fuji_100_+_ii.lrtemplate
=== PAUSE TestRoundTrip_XMP_NP3_XMP/FUJ_-_Velvia_100_+.xmp
=== RUN   TestRoundTrip_XMP_NP3_XMP/FUJ_-_Velvia_100_-_boost.xmp
=== PAUSE TestRoundTrip_lrtemplate_NP3_lrtemplate/74._E_-_Fuji_100_+_ii.lrtemplate
=== RUN   TestRoundTrip_lrtemplate_XMP_lrtemplate/58._E_-_Fuji_XPro_+_iiii.lrtemplate
=== RUN   TestRoundTrip_lrtemplate_NP3_lrtemplate/75._E_-_Fuji_100_+_iii.lrtemplate
=== PAUSE TestRoundTrip_XMP_NP3_XMP/FUJ_-_Velvia_100_-_boost.xmp
=== PAUSE TestRoundTrip_lrtemplate_XMP_lrtemplate/58._E_-_Fuji_XPro_+_iiii.lrtemplate
=== RUN   TestRoundTrip_XMP_NP3_XMP/FUJ_-_Velvia_100_-_cool.xmp
=== PAUSE TestRoundTrip_XMP_NP3_XMP/FUJ_-_Velvia_100_-_cool.xmp
=== RUN   TestRoundTrip_lrtemplate_XMP_lrtemplate/59._E_-_Fuji_XPro_+_iiiii.lrtemplate
=== RUN   TestRoundTrip_XMP_lrtemplate_XMP/LIGHTING_-_Flash.xmp#01
=== PAUSE TestRoundTrip_lrtemplate_XMP_lrtemplate/59._E_-_Fuji_XPro_+_iiiii.lrtemplate
=== PAUSE TestRoundTrip_XMP_lrtemplate_XMP/LIGHTING_-_Flash.xmp#01
=== RUN   TestRoundTrip_lrtemplate_XMP_lrtemplate/60._E_-_Fuji_XPro_+_fade.lrtemplate
=== RUN   TestRoundTrip_XMP_NP3_XMP/FUJ_-_Velvia_100_-_film.xmp
=== RUN   TestRoundTrip_XMP_lrtemplate_XMP/LIGHTING_-_Fluorescent.xmp#01
=== PAUSE TestRoundTrip_lrtemplate_XMP_lrtemplate/60._E_-_Fuji_XPro_+_fade.lrtemplate
=== RUN   TestRoundTrip_lrtemplate_XMP_lrtemplate/61._E_-_Fuji_XPro_+_cool.lrtemplate
=== PAUSE TestRoundTrip_lrtemplate_NP3_lrtemplate/75._E_-_Fuji_100_+_iii.lrtemplate
=== PAUSE TestRoundTrip_XMP_lrtemplate_XMP/LIGHTING_-_Fluorescent.xmp#01
=== PAUSE TestRoundTrip_lrtemplate_XMP_lrtemplate/61._E_-_Fuji_XPro_+_cool.lrtemplate
=== PAUSE TestRoundTrip_XMP_NP3_XMP/FUJ_-_Velvia_100_-_film.xmp
=== RUN   TestRoundTrip_XMP_lrtemplate_XMP/LIGHTING_-_Shade.xmp#01
=== RUN   TestRoundTrip_XMP_NP3_XMP/FUJ_-_Velvia_100_-_warm.xmp
=== RUN   TestRoundTrip_lrtemplate_NP3_lrtemplate/76._E_-_Fuji_100_+_iiii.lrtemplate
=== PAUSE TestRoundTrip_XMP_lrtemplate_XMP/LIGHTING_-_Shade.xmp#01
=== PAUSE TestRoundTrip_lrtemplate_NP3_lrtemplate/76._E_-_Fuji_100_+_iiii.lrtemplate
=== RUN   TestRoundTrip_XMP_lrtemplate_XMP/LIGHTING_-_Tungsten.xmp#01
=== RUN   TestRoundTrip_lrtemplate_NP3_lrtemplate/77._E_-_Fuji_100_+_iiiii.lrtemplate
=== RUN   TestRoundTrip_lrtemplate_XMP_lrtemplate/62._E_-_Fuji_XPro_+_warm.lrtemplate
=== PAUSE TestRoundTrip_XMP_NP3_XMP/FUJ_-_Velvia_100_-_warm.xmp
=== PAUSE TestRoundTrip_XMP_lrtemplate_XMP/LIGHTING_-_Tungsten.xmp#01
=== RUN   TestRoundTrip_XMP_lrtemplate_XMP/Lens_off.xmp#01
=== PAUSE TestRoundTrip_lrtemplate_XMP_lrtemplate/62._E_-_Fuji_XPro_+_warm.lrtemplate
=== RUN   TestRoundTrip_XMP_NP3_XMP/FUJ_-_Velvia_100.xmp
=== PAUSE TestRoundTrip_XMP_lrtemplate_XMP/Lens_off.xmp#01
=== RUN   TestRoundTrip_lrtemplate_XMP_lrtemplate/63._E_-_Fuji_XPro_+_punch.lrtemplate
=== RUN   TestRoundTrip_XMP_lrtemplate_XMP/Lens_on.xmp#01
=== PAUSE TestRoundTrip_XMP_lrtemplate_XMP/Lens_on.xmp#01
=== PAUSE TestRoundTrip_lrtemplate_XMP_lrtemplate/63._E_-_Fuji_XPro_+_punch.lrtemplate
=== RUN   TestRoundTrip_XMP_lrtemplate_XMP/SHARPEN_-_High.xmp#01
=== PAUSE TestRoundTrip_XMP_lrtemplate_XMP/SHARPEN_-_High.xmp#01
=== PAUSE TestRoundTrip_XMP_NP3_XMP/FUJ_-_Velvia_100.xmp
=== RUN   TestRoundTrip_lrtemplate_XMP_lrtemplate/64._E_-_Fuji_Negative_+_i.lrtemplate
=== RUN   TestRoundTrip_XMP_NP3_XMP/FUJ_-_XPro_++++.xmp
=== PAUSE TestRoundTrip_lrtemplate_XMP_lrtemplate/64._E_-_Fuji_Negative_+_i.lrtemplate
=== PAUSE TestRoundTrip_XMP_NP3_XMP/FUJ_-_XPro_++++.xmp
=== RUN   TestRoundTrip_lrtemplate_XMP_lrtemplate/65._E_-_Fuji_Negative_+_ii.lrtemplate
=== RUN   TestRoundTrip_XMP_lrtemplate_XMP/SHARPEN_-_Low.xmp#01
=== PAUSE TestRoundTrip_lrtemplate_XMP_lrtemplate/65._E_-_Fuji_Negative_+_ii.lrtemplate
=== RUN   TestRoundTrip_lrtemplate_XMP_lrtemplate/66._E_-_Fuji_Negative_+_iii.lrtemplate
=== RUN   TestRoundTrip_XMP_NP3_XMP/FUJ_-_XPro_+++.xmp
=== PAUSE TestRoundTrip_XMP_lrtemplate_XMP/SHARPEN_-_Low.xmp#01
=== PAUSE TestRoundTrip_XMP_NP3_XMP/FUJ_-_XPro_+++.xmp
=== PAUSE TestRoundTrip_lrtemplate_XMP_lrtemplate/66._E_-_Fuji_Negative_+_iii.lrtemplate
=== RUN   TestRoundTrip_XMP_NP3_XMP/FUJ_-_XPro_++.xmp
=== PAUSE TestRoundTrip_lrtemplate_NP3_lrtemplate/77._E_-_Fuji_100_+_iiiii.lrtemplate
=== RUN   TestRoundTrip_lrtemplate_XMP_lrtemplate/67._E_-_Fuji_Negative_+_iiii.lrtemplate
=== PAUSE TestRoundTrip_XMP_NP3_XMP/FUJ_-_XPro_++.xmp
=== RUN   TestRoundTrip_lrtemplate_NP3_lrtemplate/78._E_-_Fuji_100_+_fade.lrtemplate
=== RUN   TestRoundTrip_XMP_NP3_XMP/FUJ_-_XPro_+.xmp
=== PAUSE TestRoundTrip_lrtemplate_XMP_lrtemplate/67._E_-_Fuji_Negative_+_iiii.lrtemplate
=== PAUSE TestRoundTrip_XMP_NP3_XMP/FUJ_-_XPro_+.xmp
=== RUN   TestRoundTrip_lrtemplate_XMP_lrtemplate/68._E_-_Fuji_Negative_+_iiiii.lrtemplate
=== RUN   TestRoundTrip_XMP_NP3_XMP/FUJ_-_XPro_-_boost.xmp
=== PAUSE TestRoundTrip_lrtemplate_NP3_lrtemplate/78._E_-_Fuji_100_+_fade.lrtemplate
=== PAUSE TestRoundTrip_XMP_NP3_XMP/FUJ_-_XPro_-_boost.xmp
=== RUN   TestRoundTrip_lrtemplate_NP3_lrtemplate/79._E_-_Fuji_100_+_cool.lrtemplate
=== RUN   TestRoundTrip_XMP_lrtemplate_XMP/SHARPEN_-_Mid.xmp#01
=== PAUSE TestRoundTrip_lrtemplate_NP3_lrtemplate/79._E_-_Fuji_100_+_cool.lrtemplate
=== PAUSE TestRoundTrip_XMP_lrtemplate_XMP/SHARPEN_-_Mid.xmp#01
=== RUN   TestRoundTrip_XMP_lrtemplate_XMP/VIBRANCE__-_Low.xmp#01
=== PAUSE TestRoundTrip_XMP_lrtemplate_XMP/VIBRANCE__-_Low.xmp#01
=== RUN   TestRoundTrip_XMP_lrtemplate_XMP/VIBRANCE__-_Mid.xmp#01
=== PAUSE TestRoundTrip_lrtemplate_XMP_lrtemplate/68._E_-_Fuji_Negative_+_iiiii.lrtemplate
=== PAUSE TestRoundTrip_XMP_lrtemplate_XMP/VIBRANCE__-_Mid.xmp#01
=== RUN   TestRoundTrip_XMP_NP3_XMP/FUJ_-_XPro_-_cool.xmp
=== RUN   TestRoundTrip_lrtemplate_NP3_lrtemplate/80._E_-_Fuji_100_+_warm.lrtemplate
=== PAUSE TestRoundTrip_XMP_NP3_XMP/FUJ_-_XPro_-_cool.xmp
=== RUN   TestRoundTrip_XMP_NP3_XMP/FUJ_-_XPro_-_film.xmp
=== RUN   TestRoundTrip_XMP_lrtemplate_XMP/VIBRANCE_-__High.xmp#01
=== PAUSE TestRoundTrip_lrtemplate_NP3_lrtemplate/80._E_-_Fuji_100_+_warm.lrtemplate
=== RUN   TestRoundTrip_lrtemplate_NP3_lrtemplate/81._E_-_Fuji_100_+_punch.lrtemplate
=== RUN   TestRoundTrip_lrtemplate_XMP_lrtemplate/69._E_-_Fuji_Negative_+_fade.lrtemplate
=== PAUSE TestRoundTrip_lrtemplate_NP3_lrtemplate/81._E_-_Fuji_100_+_punch.lrtemplate
=== PAUSE TestRoundTrip_XMP_lrtemplate_XMP/VIBRANCE_-__High.xmp#01
=== RUN   TestRoundTrip_lrtemplate_NP3_lrtemplate/82._E_-_Fuji_400_+_i.lrtemplate
=== PAUSE TestRoundTrip_lrtemplate_XMP_lrtemplate/69._E_-_Fuji_Negative_+_fade.lrtemplate
=== RUN   TestRoundTrip_XMP_lrtemplate_XMP/auto_tone__.xmp
=== RUN   TestRoundTrip_lrtemplate_XMP_lrtemplate/70._E_-_Fuji_Negative_+_cool.lrtemplate
=== PAUSE TestRoundTrip_XMP_lrtemplate_XMP/auto_tone__.xmp
=== PAUSE TestRoundTrip_XMP_NP3_XMP/FUJ_-_XPro_-_film.xmp
=== RUN   TestRoundTrip_XMP_lrtemplate_XMP/auto_wb__.xmp
=== RUN   TestRoundTrip_XMP_NP3_XMP/FUJ_-_XPro_-_warm.xmp
=== PAUSE TestRoundTrip_XMP_NP3_XMP/FUJ_-_XPro_-_warm.xmp
=== PAUSE TestRoundTrip_XMP_lrtemplate_XMP/auto_wb__.xmp
=== RUN   TestRoundTrip_XMP_NP3_XMP/FUJ_-_XPro.xmp
=== RUN   TestRoundTrip_XMP_lrtemplate_XMP/o__.xmp
=== PAUSE TestRoundTrip_lrtemplate_NP3_lrtemplate/82._E_-_Fuji_400_+_i.lrtemplate
=== PAUSE TestRoundTrip_XMP_lrtemplate_XMP/o__.xmp
=== RUN   TestRoundTrip_lrtemplate_NP3_lrtemplate/83._E_-_Fuji_400_+_ii.lrtemplate
=== RUN   TestRoundTrip_XMP_lrtemplate_XMP/o.xmp#01
=== PAUSE TestRoundTrip_XMP_lrtemplate_XMP/o.xmp#01
=== RUN   TestRoundTrip_XMP_lrtemplate_XMP/o_1.xmp#01
=== PAUSE TestRoundTrip_lrtemplate_NP3_lrtemplate/83._E_-_Fuji_400_+_ii.lrtemplate
=== PAUSE TestRoundTrip_XMP_lrtemplate_XMP/o_1.xmp#01
=== RUN   TestRoundTrip_lrtemplate_NP3_lrtemplate/84._E_-_Fuji_400_+_iii.lrtemplate
=== RUN   TestRoundTrip_XMP_lrtemplate_XMP/o_2.xmp#01
=== PAUSE TestRoundTrip_XMP_lrtemplate_XMP/o_2.xmp#01
=== PAUSE TestRoundTrip_lrtemplate_NP3_lrtemplate/84._E_-_Fuji_400_+_iii.lrtemplate
=== PAUSE TestRoundTrip_lrtemplate_XMP_lrtemplate/70._E_-_Fuji_Negative_+_cool.lrtemplate
=== PAUSE TestRoundTrip_XMP_NP3_XMP/FUJ_-_XPro.xmp
=== RUN   TestRoundTrip_lrtemplate_XMP_lrtemplate/71._E_-_Fuji_Negative_+_warm.lrtemplate
=== RUN   TestRoundTrip_XMP_NP3_XMP/LIGHTING_-_As_Shot.xmp#01
=== RUN   TestRoundTrip_XMP_lrtemplate_XMP/o_3.xmp#01
=== PAUSE TestRoundTrip_lrtemplate_XMP_lrtemplate/71._E_-_Fuji_Negative_+_warm.lrtemplate
=== PAUSE TestRoundTrip_XMP_NP3_XMP/LIGHTING_-_As_Shot.xmp#01
=== PAUSE TestRoundTrip_XMP_lrtemplate_XMP/o_3.xmp#01
=== RUN   TestRoundTrip_XMP_NP3_XMP/LIGHTING_-_Auto_Set.xmp#01
=== RUN   TestRoundTrip_XMP_lrtemplate_XMP/o_4.xmp#01
=== PAUSE TestRoundTrip_XMP_NP3_XMP/LIGHTING_-_Auto_Set.xmp#01
=== RUN   TestRoundTrip_XMP_NP3_XMP/LIGHTING_-_Cloudy.xmp#01
=== RUN   TestRoundTrip_lrtemplate_NP3_lrtemplate/85._E_-_Fuji_400_+_iiii.lrtemplate
=== PAUSE TestRoundTrip_XMP_lrtemplate_XMP/o_4.xmp#01
=== RUN   TestRoundTrip_XMP_lrtemplate_XMP/o_5.xmp#01
=== RUN   TestRoundTrip_lrtemplate_XMP_lrtemplate/72._E_-_Fuji_Negative_+_punch.lrtemplate
=== PAUSE TestRoundTrip_XMP_NP3_XMP/LIGHTING_-_Cloudy.xmp#01
=== PAUSE TestRoundTrip_lrtemplate_XMP_lrtemplate/72._E_-_Fuji_Negative_+_punch.lrtemplate
=== RUN   TestRoundTrip_XMP_NP3_XMP/LIGHTING_-_Daylight.xmp#01
=== PAUSE TestRoundTrip_XMP_lrtemplate_XMP/o_5.xmp#01
=== RUN   TestRoundTrip_lrtemplate_XMP_lrtemplate/73._E_-_Fuji_100_+_i.lrtemplate
=== PAUSE TestRoundTrip_XMP_NP3_XMP/LIGHTING_-_Daylight.xmp#01
=== PAUSE TestRoundTrip_lrtemplate_NP3_lrtemplate/85._E_-_Fuji_400_+_iiii.lrtemplate
=== RUN   TestRoundTrip_XMP_lrtemplate_XMP/o_6.xmp#01
=== PAUSE TestRoundTrip_lrtemplate_XMP_lrtemplate/73._E_-_Fuji_100_+_i.lrtemplate
=== RUN   TestRoundTrip_lrtemplate_NP3_lrtemplate/86._E_-_Fuji_400_+_iiiii.lrtemplate
=== RUN   TestRoundTrip_XMP_NP3_XMP/LIGHTING_-_Flash.xmp#01
=== PAUSE TestRoundTrip_XMP_lrtemplate_XMP/o_6.xmp#01
=== PAUSE TestRoundTrip_XMP_NP3_XMP/LIGHTING_-_Flash.xmp#01
=== PAUSE TestRoundTrip_lrtemplate_NP3_lrtemplate/86._E_-_Fuji_400_+_iiiii.lrtemplate
=== RUN   TestRoundTrip_XMP_NP3_XMP/LIGHTING_-_Fluorescent.xmp#01
=== RUN   TestRoundTrip_lrtemplate_NP3_lrtemplate/87._E_-_Fuji_400_+_fade.lrtemplate
=== PAUSE TestRoundTrip_lrtemplate_NP3_lrtemplate/87._E_-_Fuji_400_+_fade.lrtemplate
=== PAUSE TestRoundTrip_XMP_NP3_XMP/LIGHTING_-_Fluorescent.xmp#01
=== RUN   TestRoundTrip_XMP_NP3_XMP/LIGHTING_-_Shade.xmp#01
=== RUN   TestRoundTrip_lrtemplate_XMP_lrtemplate/74._E_-_Fuji_100_+_ii.lrtemplate
=== RUN   TestRoundTrip_XMP_lrtemplate_XMP/o_7.xmp#01
=== RUN   TestRoundTrip_lrtemplate_NP3_lrtemplate/88._E_-_Fuji_400_+_cool.lrtemplate
=== PAUSE TestRoundTrip_lrtemplate_XMP_lrtemplate/74._E_-_Fuji_100_+_ii.lrtemplate
=== PAUSE TestRoundTrip_lrtemplate_NP3_lrtemplate/88._E_-_Fuji_400_+_cool.lrtemplate
=== PAUSE TestRoundTrip_XMP_NP3_XMP/LIGHTING_-_Shade.xmp#01
=== RUN   TestRoundTrip_lrtemplate_NP3_lrtemplate/89._E_-_Fuji_400_+_warm.lrtemplate
=== PAUSE TestRoundTrip_XMP_lrtemplate_XMP/o_7.xmp#01
=== RUN   TestRoundTrip_XMP_lrtemplate_XMP/o_8.xmp#01
=== PAUSE TestRoundTrip_XMP_lrtemplate_XMP/o_8.xmp#01
=== RUN   TestRoundTrip_lrtemplate_XMP_lrtemplate/75._E_-_Fuji_100_+_iii.lrtemplate
=== RUN   TestRoundTrip_XMP_lrtemplate_XMP/o_9.xmp#01
=== PAUSE TestRoundTrip_lrtemplate_XMP_lrtemplate/75._E_-_Fuji_100_+_iii.lrtemplate
=== PAUSE TestRoundTrip_XMP_lrtemplate_XMP/o_9.xmp#01
=== PAUSE TestRoundTrip_lrtemplate_NP3_lrtemplate/89._E_-_Fuji_400_+_warm.lrtemplate
=== RUN   TestRoundTrip_lrtemplate_XMP_lrtemplate/76._E_-_Fuji_100_+_iiii.lrtemplate
=== RUN   TestRoundTrip_lrtemplate_NP3_lrtemplate/90._E_-_Fuji_400_+_punch.lrtemplate
=== RUN   TestRoundTrip_XMP_lrtemplate_XMP/AGF_-_Chrome_RSX_++++.xmp#01
=== PAUSE TestRoundTrip_XMP_lrtemplate_XMP/AGF_-_Chrome_RSX_++++.xmp#01
=== PAUSE TestRoundTrip_lrtemplate_XMP_lrtemplate/76._E_-_Fuji_100_+_iiii.lrtemplate
=== PAUSE TestRoundTrip_lrtemplate_NP3_lrtemplate/90._E_-_Fuji_400_+_punch.lrtemplate
=== RUN   TestRoundTrip_lrtemplate_NP3_lrtemplate/91._E_-_Fuji_800_+_i.lrtemplate
=== RUN   TestRoundTrip_XMP_NP3_XMP/LIGHTING_-_Tungsten.xmp#01
=== PAUSE TestRoundTrip_lrtemplate_NP3_lrtemplate/91._E_-_Fuji_800_+_i.lrtemplate
=== PAUSE TestRoundTrip_XMP_NP3_XMP/LIGHTING_-_Tungsten.xmp#01
=== RUN   TestRoundTrip_lrtemplate_NP3_lrtemplate/92._E_-_Fuji_800_+_ii.lrtemplate
=== RUN   TestRoundTrip_XMP_NP3_XMP/Lens_off.xmp#01
=== RUN   TestRoundTrip_lrtemplate_XMP_lrtemplate/77._E_-_Fuji_100_+_iiiii.lrtemplate
=== PAUSE TestRoundTrip_lrtemplate_NP3_lrtemplate/92._E_-_Fuji_800_+_ii.lrtemplate
=== PAUSE TestRoundTrip_XMP_NP3_XMP/Lens_off.xmp#01
=== RUN   TestRoundTrip_XMP_NP3_XMP/Lens_on.xmp#01
=== RUN   TestRoundTrip_lrtemplate_NP3_lrtemplate/93._E_-_Fuji_800_+_iii.lrtemplate
=== PAUSE TestRoundTrip_XMP_NP3_XMP/Lens_on.xmp#01
=== PAUSE TestRoundTrip_lrtemplate_NP3_lrtemplate/93._E_-_Fuji_800_+_iii.lrtemplate
=== RUN   TestRoundTrip_XMP_lrtemplate_XMP/AGF_-_Chrome_RSX_+++.xmp#01
=== RUN   TestRoundTrip_XMP_NP3_XMP/SHARPEN_-_High.xmp#01
=== PAUSE TestRoundTrip_XMP_lrtemplate_XMP/AGF_-_Chrome_RSX_+++.xmp#01
=== PAUSE TestRoundTrip_XMP_NP3_XMP/SHARPEN_-_High.xmp#01
=== RUN   TestRoundTrip_XMP_lrtemplate_XMP/AGF_-_Chrome_RSX_++.xmp#01
=== RUN   TestRoundTrip_XMP_NP3_XMP/SHARPEN_-_Low.xmp#01
=== PAUSE TestRoundTrip_XMP_lrtemplate_XMP/AGF_-_Chrome_RSX_++.xmp#01
=== PAUSE TestRoundTrip_XMP_NP3_XMP/SHARPEN_-_Low.xmp#01
=== PAUSE TestRoundTrip_lrtemplate_XMP_lrtemplate/77._E_-_Fuji_100_+_iiiii.lrtemplate
=== RUN   TestRoundTrip_lrtemplate_NP3_lrtemplate/94._E_-_Fuji_800_+_iiii.lrtemplate
=== RUN   TestRoundTrip_XMP_lrtemplate_XMP/AGF_-_Chrome_RSX_+.xmp#01
=== RUN   TestRoundTrip_lrtemplate_XMP_lrtemplate/78._E_-_Fuji_100_+_fade.lrtemplate
=== PAUSE TestRoundTrip_XMP_lrtemplate_XMP/AGF_-_Chrome_RSX_+.xmp#01
=== RUN   TestRoundTrip_XMP_NP3_XMP/SHARPEN_-_Mid.xmp#01
=== PAUSE TestRoundTrip_lrtemplate_NP3_lrtemplate/94._E_-_Fuji_800_+_iiii.lrtemplate
=== RUN   TestRoundTrip_lrtemplate_NP3_lrtemplate/95._E_-_Fuji_800_+_iiiii.lrtemplate
=== RUN   TestRoundTrip_XMP_lrtemplate_XMP/AGF_-_Chrome_RSX_-_boost.xmp#01
=== PAUSE TestRoundTrip_lrtemplate_XMP_lrtemplate/78._E_-_Fuji_100_+_fade.lrtemplate
=== RUN   TestRoundTrip_lrtemplate_XMP_lrtemplate/79._E_-_Fuji_100_+_cool.lrtemplate
=== PAUSE TestRoundTrip_XMP_NP3_XMP/SHARPEN_-_Mid.xmp#01
=== RUN   TestRoundTrip_XMP_NP3_XMP/VIBRANCE__-_Low.xmp#01
=== PAUSE TestRoundTrip_XMP_NP3_XMP/VIBRANCE__-_Low.xmp#01
=== RUN   TestRoundTrip_XMP_NP3_XMP/VIBRANCE__-_Mid.xmp#01
=== PAUSE TestRoundTrip_XMP_NP3_XMP/VIBRANCE__-_Mid.xmp#01
=== RUN   TestRoundTrip_XMP_NP3_XMP/VIBRANCE_-__High.xmp#01
=== PAUSE TestRoundTrip_XMP_lrtemplate_XMP/AGF_-_Chrome_RSX_-_boost.xmp#01
=== PAUSE TestRoundTrip_lrtemplate_XMP_lrtemplate/79._E_-_Fuji_100_+_cool.lrtemplate
=== PAUSE TestRoundTrip_XMP_NP3_XMP/VIBRANCE_-__High.xmp#01
=== PAUSE TestRoundTrip_lrtemplate_NP3_lrtemplate/95._E_-_Fuji_800_+_iiiii.lrtemplate
=== RUN   TestRoundTrip_lrtemplate_XMP_lrtemplate/80._E_-_Fuji_100_+_warm.lrtemplate
=== RUN   TestRoundTrip_XMP_NP3_XMP/auto_tone__.xmp
=== RUN   TestRoundTrip_lrtemplate_NP3_lrtemplate/96._E_-_Fuji_800_+_fade.lrtemplate
=== PAUSE TestRoundTrip_lrtemplate_NP3_lrtemplate/96._E_-_Fuji_800_+_fade.lrtemplate
=== PAUSE TestRoundTrip_XMP_NP3_XMP/auto_tone__.xmp
=== RUN   TestRoundTrip_XMP_lrtemplate_XMP/AGF_-_Chrome_RSX_-_cool.xmp#01
=== PAUSE TestRoundTrip_lrtemplate_XMP_lrtemplate/80._E_-_Fuji_100_+_warm.lrtemplate
=== RUN   TestRoundTrip_lrtemplate_NP3_lrtemplate/97._E_-_Fuji_800_+_cool.lrtemplate
=== RUN   TestRoundTrip_lrtemplate_XMP_lrtemplate/81._E_-_Fuji_100_+_punch.lrtemplate
=== PAUSE TestRoundTrip_XMP_lrtemplate_XMP/AGF_-_Chrome_RSX_-_cool.xmp#01
=== PAUSE TestRoundTrip_lrtemplate_NP3_lrtemplate/97._E_-_Fuji_800_+_cool.lrtemplate
=== RUN   TestRoundTrip_XMP_NP3_XMP/auto_wb__.xmp
=== PAUSE TestRoundTrip_lrtemplate_XMP_lrtemplate/81._E_-_Fuji_100_+_punch.lrtemplate
=== RUN   TestRoundTrip_lrtemplate_XMP_lrtemplate/82._E_-_Fuji_400_+_i.lrtemplate
=== RUN   TestRoundTrip_XMP_lrtemplate_XMP/AGF_-_Chrome_RSX_-_film.xmp#01
=== PAUSE TestRoundTrip_lrtemplate_XMP_lrtemplate/82._E_-_Fuji_400_+_i.lrtemplate
=== RUN   TestRoundTrip_lrtemplate_XMP_lrtemplate/83._E_-_Fuji_400_+_ii.lrtemplate
=== PAUSE TestRoundTrip_XMP_lrtemplate_XMP/AGF_-_Chrome_RSX_-_film.xmp#01
=== RUN   TestRoundTrip_lrtemplate_NP3_lrtemplate/98._E_-_Fuji_800_+_warm.lrtemplate
=== PAUSE TestRoundTrip_XMP_NP3_XMP/auto_wb__.xmp
=== PAUSE TestRoundTrip_lrtemplate_XMP_lrtemplate/83._E_-_Fuji_400_+_ii.lrtemplate
=== RUN   TestRoundTrip_XMP_NP3_XMP/o__.xmp
=== RUN   TestRoundTrip_XMP_lrtemplate_XMP/AGF_-_Chrome_RSX_-_warm.xmp#01
=== PAUSE TestRoundTrip_XMP_NP3_XMP/o__.xmp
=== PAUSE TestRoundTrip_lrtemplate_NP3_lrtemplate/98._E_-_Fuji_800_+_warm.lrtemplate
=== PAUSE TestRoundTrip_XMP_lrtemplate_XMP/AGF_-_Chrome_RSX_-_warm.xmp#01
=== RUN   TestRoundTrip_lrtemplate_XMP_lrtemplate/84._E_-_Fuji_400_+_iii.lrtemplate
=== RUN   TestRoundTrip_XMP_NP3_XMP/o.xmp#01
=== RUN   TestRoundTrip_lrtemplate_NP3_lrtemplate/99._E_-_Fuji_800_+_punch.lrtemplate
=== PAUSE TestRoundTrip_lrtemplate_XMP_lrtemplate/84._E_-_Fuji_400_+_iii.lrtemplate
=== PAUSE TestRoundTrip_lrtemplate_NP3_lrtemplate/99._E_-_Fuji_800_+_punch.lrtemplate
=== RUN   TestRoundTrip_XMP_lrtemplate_XMP/AGF_-_Chrome_RSX.xmp#01
=== PAUSE TestRoundTrip_XMP_lrtemplate_XMP/AGF_-_Chrome_RSX.xmp#01
=== PAUSE TestRoundTrip_XMP_NP3_XMP/o.xmp#01
=== RUN   TestRoundTrip_XMP_lrtemplate_XMP/AGF_-_Optima_100_++++.xmp#01
=== PAUSE TestRoundTrip_XMP_lrtemplate_XMP/AGF_-_Optima_100_++++.xmp#01
=== RUN   TestRoundTrip_lrtemplate_XMP_lrtemplate/85._E_-_Fuji_400_+_iiii.lrtemplate
=== RUN   TestRoundTrip_XMP_lrtemplate_XMP/AGF_-_Optima_100_+++.xmp#01
=== PAUSE TestRoundTrip_XMP_lrtemplate_XMP/AGF_-_Optima_100_+++.xmp#01
=== PAUSE TestRoundTrip_lrtemplate_XMP_lrtemplate/85._E_-_Fuji_400_+_iiii.lrtemplate
=== RUN   TestRoundTrip_lrtemplate_NP3_lrtemplate/o_-_00_-_o.lrtemplate#01
=== RUN   TestRoundTrip_lrtemplate_XMP_lrtemplate/86._E_-_Fuji_400_+_iiiii.lrtemplate
=== PAUSE TestRoundTrip_lrtemplate_XMP_lrtemplate/86._E_-_Fuji_400_+_iiiii.lrtemplate
=== PAUSE TestRoundTrip_lrtemplate_NP3_lrtemplate/o_-_00_-_o.lrtemplate#01
=== RUN   TestRoundTrip_lrtemplate_NP3_lrtemplate/o_-_01._Lens_on.lrtemplate#01
=== PAUSE TestRoundTrip_lrtemplate_NP3_lrtemplate/o_-_01._Lens_on.lrtemplate#01
=== RUN   TestRoundTrip_lrtemplate_XMP_lrtemplate/87._E_-_Fuji_400_+_fade.lrtemplate
=== RUN   TestRoundTrip_lrtemplate_NP3_lrtemplate/o_-_02._Lens_off.lrtemplate#01
=== PAUSE TestRoundTrip_lrtemplate_NP3_lrtemplate/o_-_02._Lens_off.lrtemplate#01
=== PAUSE TestRoundTrip_lrtemplate_XMP_lrtemplate/87._E_-_Fuji_400_+_fade.lrtemplate
=== RUN   TestRoundTrip_lrtemplate_NP3_lrtemplate/o_-_03_-_o.lrtemplate#01
=== PAUSE TestRoundTrip_lrtemplate_NP3_lrtemplate/o_-_03_-_o.lrtemplate#01
=== RUN   TestRoundTrip_XMP_NP3_XMP/o_1.xmp#01
=== RUN   TestRoundTrip_lrtemplate_NP3_lrtemplate/o_-_04._EXPOSURE__-_2.lrtemplate#01
=== PAUSE TestRoundTrip_XMP_NP3_XMP/o_1.xmp#01
=== RUN   TestRoundTrip_XMP_lrtemplate_XMP/AGF_-_Optima_100_++.xmp#01
=== RUN   TestRoundTrip_XMP_NP3_XMP/o_2.xmp#01
=== PAUSE TestRoundTrip_XMP_lrtemplate_XMP/AGF_-_Optima_100_++.xmp#01
=== PAUSE TestRoundTrip_XMP_NP3_XMP/o_2.xmp#01
=== RUN   TestRoundTrip_XMP_lrtemplate_XMP/AGF_-_Optima_100_+.xmp#01
=== PAUSE TestRoundTrip_XMP_lrtemplate_XMP/AGF_-_Optima_100_+.xmp#01
=== RUN   TestRoundTrip_lrtemplate_XMP_lrtemplate/88._E_-_Fuji_400_+_cool.lrtemplate
=== PAUSE TestRoundTrip_lrtemplate_XMP_lrtemplate/88._E_-_Fuji_400_+_cool.lrtemplate
=== RUN   TestRoundTrip_lrtemplate_XMP_lrtemplate/89._E_-_Fuji_400_+_warm.lrtemplate
=== PAUSE TestRoundTrip_lrtemplate_XMP_lrtemplate/89._E_-_Fuji_400_+_warm.lrtemplate
=== RUN   TestRoundTrip_XMP_NP3_XMP/o_3.xmp#01
=== RUN   TestRoundTrip_lrtemplate_XMP_lrtemplate/90._E_-_Fuji_400_+_punch.lrtemplate
=== PAUSE TestRoundTrip_lrtemplate_NP3_lrtemplate/o_-_04._EXPOSURE__-_2.lrtemplate#01
=== RUN   TestRoundTrip_XMP_lrtemplate_XMP/AGF_-_Optima_100_-_boost.xmp#01
=== PAUSE TestRoundTrip_XMP_lrtemplate_XMP/AGF_-_Optima_100_-_boost.xmp#01
=== PAUSE TestRoundTrip_lrtemplate_XMP_lrtemplate/90._E_-_Fuji_400_+_punch.lrtemplate
=== RUN   TestRoundTrip_XMP_lrtemplate_XMP/AGF_-_Optima_100_-_cool.xmp#01
=== RUN   TestRoundTrip_lrtemplate_XMP_lrtemplate/91._E_-_Fuji_800_+_i.lrtemplate
=== PAUSE TestRoundTrip_lrtemplate_XMP_lrtemplate/91._E_-_Fuji_800_+_i.lrtemplate
=== RUN   TestRoundTrip_lrtemplate_XMP_lrtemplate/92._E_-_Fuji_800_+_ii.lrtemplate
=== PAUSE TestRoundTrip_XMP_lrtemplate_XMP/AGF_-_Optima_100_-_cool.xmp#01
=== RUN   TestRoundTrip_lrtemplate_NP3_lrtemplate/o_-_05._EXPOSURE__-_1.lrtemplate#01
=== RUN   TestRoundTrip_XMP_lrtemplate_XMP/AGF_-_Optima_100_-_film.xmp#01
=== PAUSE TestRoundTrip_lrtemplate_NP3_lrtemplate/o_-_05._EXPOSURE__-_1.lrtemplate#01
=== PAUSE TestRoundTrip_XMP_NP3_XMP/o_3.xmp#01
=== RUN   TestRoundTrip_lrtemplate_NP3_lrtemplate/o_-_06._EXPOSURE__0.lrtemplate#01
=== PAUSE TestRoundTrip_XMP_lrtemplate_XMP/AGF_-_Optima_100_-_film.xmp#01
=== RUN   TestRoundTrip_XMP_NP3_XMP/o_4.xmp#01
=== PAUSE TestRoundTrip_XMP_NP3_XMP/o_4.xmp#01
=== RUN   TestRoundTrip_XMP_NP3_XMP/o_5.xmp#01
=== PAUSE TestRoundTrip_lrtemplate_XMP_lrtemplate/92._E_-_Fuji_800_+_ii.lrtemplate
=== PAUSE TestRoundTrip_XMP_NP3_XMP/o_5.xmp#01
=== PAUSE TestRoundTrip_lrtemplate_NP3_lrtemplate/o_-_06._EXPOSURE__0.lrtemplate#01
=== RUN   TestRoundTrip_XMP_NP3_XMP/o_6.xmp#01
=== RUN   TestRoundTrip_lrtemplate_NP3_lrtemplate/o_-_07._EXPOSURE_+_1.lrtemplate#01
=== PAUSE TestRoundTrip_XMP_NP3_XMP/o_6.xmp#01
=== RUN   TestRoundTrip_XMP_lrtemplate_XMP/AGF_-_Optima_100_-_warm.xmp#01
=== PAUSE TestRoundTrip_XMP_lrtemplate_XMP/AGF_-_Optima_100_-_warm.xmp#01
=== RUN   TestRoundTrip_XMP_lrtemplate_XMP/AGF_-_Optima_100.xmp#01
=== RUN   TestRoundTrip_lrtemplate_XMP_lrtemplate/93._E_-_Fuji_800_+_iii.lrtemplate
=== RUN   TestRoundTrip_XMP_NP3_XMP/o_7.xmp#01
=== PAUSE TestRoundTrip_XMP_NP3_XMP/o_7.xmp#01
=== PAUSE TestRoundTrip_lrtemplate_NP3_lrtemplate/o_-_07._EXPOSURE_+_1.lrtemplate#01
=== RUN   TestRoundTrip_XMP_NP3_XMP/o_8.xmp#01
=== PAUSE TestRoundTrip_XMP_NP3_XMP/o_8.xmp#01
=== PAUSE TestRoundTrip_XMP_lrtemplate_XMP/AGF_-_Optima_100.xmp#01
=== RUN   TestRoundTrip_XMP_NP3_XMP/o_9.xmp#01
=== RUN   TestRoundTrip_XMP_lrtemplate_XMP/AGF_-_Portrait_160_++++.xmp#01
=== PAUSE TestRoundTrip_lrtemplate_XMP_lrtemplate/93._E_-_Fuji_800_+_iii.lrtemplate
=== PAUSE TestRoundTrip_XMP_NP3_XMP/o_9.xmp#01
=== PAUSE TestRoundTrip_XMP_lrtemplate_XMP/AGF_-_Portrait_160_++++.xmp#01
=== RUN   TestRoundTrip_lrtemplate_NP3_lrtemplate/o_-_08._EXPOSURE_+_2.lrtemplate#01
=== RUN   TestRoundTrip_XMP_NP3_XMP/AGF_-_Chrome_RSX_++++.xmp#01
=== RUN   TestRoundTrip_XMP_lrtemplate_XMP/AGF_-_Portrait_160_+++.xmp#01
=== PAUSE TestRoundTrip_XMP_NP3_XMP/AGF_-_Chrome_RSX_++++.xmp#01
=== PAUSE TestRoundTrip_XMP_lrtemplate_XMP/AGF_-_Portrait_160_+++.xmp#01
=== RUN   TestRoundTrip_lrtemplate_XMP_lrtemplate/94._E_-_Fuji_800_+_iiii.lrtemplate
=== RUN   TestRoundTrip_XMP_NP3_XMP/AGF_-_Chrome_RSX_+++.xmp#01
=== PAUSE TestRoundTrip_lrtemplate_NP3_lrtemplate/o_-_08._EXPOSURE_+_2.lrtemplate#01
=== PAUSE TestRoundTrip_lrtemplate_XMP_lrtemplate/94._E_-_Fuji_800_+_iiii.lrtemplate
=== PAUSE TestRoundTrip_XMP_NP3_XMP/AGF_-_Chrome_RSX_+++.xmp#01
=== RUN   TestRoundTrip_lrtemplate_NP3_lrtemplate/o_-_09_-_o.lrtemplate#01
=== RUN   TestRoundTrip_XMP_lrtemplate_XMP/AGF_-_Portrait_160_++.xmp#01
=== PAUSE TestRoundTrip_lrtemplate_NP3_lrtemplate/o_-_09_-_o.lrtemplate#01
=== RUN   TestRoundTrip_lrtemplate_XMP_lrtemplate/95._E_-_Fuji_800_+_iiiii.lrtemplate
=== RUN   TestRoundTrip_lrtemplate_NP3_lrtemplate/o_-_10._CONTRAST_-_Low.lrtemplate#01
=== RUN   TestRoundTrip_XMP_NP3_XMP/AGF_-_Chrome_RSX_++.xmp#01
=== PAUSE TestRoundTrip_lrtemplate_NP3_lrtemplate/o_-_10._CONTRAST_-_Low.lrtemplate#01
=== PAUSE TestRoundTrip_lrtemplate_XMP_lrtemplate/95._E_-_Fuji_800_+_iiiii.lrtemplate
=== RUN   TestRoundTrip_lrtemplate_NP3_lrtemplate/o_-_11._CONTRAST_-_Mid.lrtemplate#01
=== PAUSE TestRoundTrip_lrtemplate_NP3_lrtemplate/o_-_11._CONTRAST_-_Mid.lrtemplate#01
=== RUN   TestRoundTrip_lrtemplate_XMP_lrtemplate/96._E_-_Fuji_800_+_fade.lrtemplate
=== RUN   TestRoundTrip_lrtemplate_NP3_lrtemplate/o_-_12._CONTRAST_-_High.lrtemplate#01
=== PAUSE TestRoundTrip_XMP_NP3_XMP/AGF_-_Chrome_RSX_++.xmp#01
=== PAUSE TestRoundTrip_lrtemplate_NP3_lrtemplate/o_-_12._CONTRAST_-_High.lrtemplate#01
=== RUN   TestRoundTrip_XMP_NP3_XMP/AGF_-_Chrome_RSX_+.xmp#01
=== PAUSE TestRoundTrip_XMP_lrtemplate_XMP/AGF_-_Portrait_160_++.xmp#01
=== PAUSE TestRoundTrip_XMP_NP3_XMP/AGF_-_Chrome_RSX_+.xmp#01
=== RUN   TestRoundTrip_lrtemplate_NP3_lrtemplate/o_-_13_-_o.lrtemplate#01
=== RUN   TestRoundTrip_XMP_NP3_XMP/AGF_-_Chrome_RSX_-_boost.xmp#01
=== PAUSE TestRoundTrip_lrtemplate_NP3_lrtemplate/o_-_13_-_o.lrtemplate#01
=== PAUSE TestRoundTrip_lrtemplate_XMP_lrtemplate/96._E_-_Fuji_800_+_fade.lrtemplate
=== RUN   TestRoundTrip_XMP_lrtemplate_XMP/AGF_-_Portrait_160_+.xmp#01
=== PAUSE TestRoundTrip_XMP_lrtemplate_XMP/AGF_-_Portrait_160_+.xmp#01
=== RUN   TestRoundTrip_lrtemplate_NP3_lrtemplate/o_-_14._DETAIL_-_Low.lrtemplate#01
=== RUN   TestRoundTrip_XMP_lrtemplate_XMP/AGF_-_Portrait_160_-_boost.xmp#01
=== PAUSE TestRoundTrip_lrtemplate_NP3_lrtemplate/o_-_14._DETAIL_-_Low.lrtemplate#01
=== PAUSE TestRoundTrip_XMP_lrtemplate_XMP/AGF_-_Portrait_160_-_boost.xmp#01
=== RUN   TestRoundTrip_lrtemplate_NP3_lrtemplate/o_-_15._DETAIL_-_Mid.lrtemplate#01
=== RUN   TestRoundTrip_XMP_lrtemplate_XMP/AGF_-_Portrait_160_-_cool.xmp#01
=== PAUSE TestRoundTrip_lrtemplate_NP3_lrtemplate/o_-_15._DETAIL_-_Mid.lrtemplate#01
=== RUN   TestRoundTrip_lrtemplate_NP3_lrtemplate/o_-_16._DETAIL_-_High.lrtemplate#01
=== PAUSE TestRoundTrip_XMP_NP3_XMP/AGF_-_Chrome_RSX_-_boost.xmp#01
=== PAUSE TestRoundTrip_lrtemplate_NP3_lrtemplate/o_-_16._DETAIL_-_High.lrtemplate#01
=== RUN   TestRoundTrip_XMP_NP3_XMP/AGF_-_Chrome_RSX_-_cool.xmp#01
=== PAUSE TestRoundTrip_XMP_lrtemplate_XMP/AGF_-_Portrait_160_-_cool.xmp#01
=== PAUSE TestRoundTrip_XMP_NP3_XMP/AGF_-_Chrome_RSX_-_cool.xmp#01
=== RUN   TestRoundTrip_XMP_lrtemplate_XMP/AGF_-_Portrait_160_-_film.xmp#01
=== RUN   TestRoundTrip_XMP_NP3_XMP/AGF_-_Chrome_RSX_-_film.xmp#01
=== RUN   TestRoundTrip_lrtemplate_NP3_lrtemplate/o_-_17_-_o.lrtemplate#01
=== PAUSE TestRoundTrip_lrtemplate_NP3_lrtemplate/o_-_17_-_o.lrtemplate#01
=== PAUSE TestRoundTrip_XMP_lrtemplate_XMP/AGF_-_Portrait_160_-_film.xmp#01
=== RUN   TestRoundTrip_lrtemplate_XMP_lrtemplate/97._E_-_Fuji_800_+_cool.lrtemplate
=== PAUSE TestRoundTrip_lrtemplate_XMP_lrtemplate/97._E_-_Fuji_800_+_cool.lrtemplate
=== RUN   TestRoundTrip_lrtemplate_NP3_lrtemplate/o_-_18._SHARPEN_-_Low.lrtemplate#01
=== RUN   TestRoundTrip_lrtemplate_XMP_lrtemplate/98._E_-_Fuji_800_+_warm.lrtemplate
=== PAUSE TestRoundTrip_lrtemplate_NP3_lrtemplate/o_-_18._SHARPEN_-_Low.lrtemplate#01
=== PAUSE TestRoundTrip_XMP_NP3_XMP/AGF_-_Chrome_RSX_-_film.xmp#01
=== PAUSE TestRoundTrip_lrtemplate_XMP_lrtemplate/98._E_-_Fuji_800_+_warm.lrtemplate
=== RUN   TestRoundTrip_lrtemplate_NP3_lrtemplate/o_-_19._SHARPEN_-_Mid.lrtemplate#01
=== RUN   TestRoundTrip_XMP_NP3_XMP/AGF_-_Chrome_RSX_-_warm.xmp#01
=== RUN   TestRoundTrip_lrtemplate_XMP_lrtemplate/99._E_-_Fuji_800_+_punch.lrtemplate
=== PAUSE TestRoundTrip_lrtemplate_NP3_lrtemplate/o_-_19._SHARPEN_-_Mid.lrtemplate#01
=== PAUSE TestRoundTrip_XMP_NP3_XMP/AGF_-_Chrome_RSX_-_warm.xmp#01
=== PAUSE TestRoundTrip_lrtemplate_XMP_lrtemplate/99._E_-_Fuji_800_+_punch.lrtemplate
=== RUN   TestRoundTrip_XMP_lrtemplate_XMP/AGF_-_Portrait_160_-_warm.xmp#01
=== PAUSE TestRoundTrip_XMP_lrtemplate_XMP/AGF_-_Portrait_160_-_warm.xmp#01
=== RUN   TestRoundTrip_lrtemplate_NP3_lrtemplate/o_-_20._SHARPEN_-_High.lrtemplate#01
=== RUN   TestRoundTrip_XMP_lrtemplate_XMP/AGF_-_Portrait_160.xmp#01
=== PAUSE TestRoundTrip_lrtemplate_NP3_lrtemplate/o_-_20._SHARPEN_-_High.lrtemplate#01
=== PAUSE TestRoundTrip_XMP_lrtemplate_XMP/AGF_-_Portrait_160.xmp#01
=== RUN   TestRoundTrip_lrtemplate_NP3_lrtemplate/o_-_21_-_o.lrtemplate#01
=== RUN   TestRoundTrip_XMP_lrtemplate_XMP/AGF_-_Ultra_100_++++.xmp#01
=== PAUSE TestRoundTrip_XMP_lrtemplate_XMP/AGF_-_Ultra_100_++++.xmp#01
=== PAUSE TestRoundTrip_lrtemplate_NP3_lrtemplate/o_-_21_-_o.lrtemplate#01
=== RUN   TestRoundTrip_XMP_lrtemplate_XMP/AGF_-_Ultra_100_+++.xmp#01
=== RUN   TestRoundTrip_lrtemplate_NP3_lrtemplate/o_-_22._VIBRANCE__-_Low.lrtemplate#01
=== RUN   TestRoundTrip_XMP_NP3_XMP/AGF_-_Chrome_RSX.xmp#01
=== PAUSE TestRoundTrip_XMP_lrtemplate_XMP/AGF_-_Ultra_100_+++.xmp#01
=== RUN   TestRoundTrip_XMP_lrtemplate_XMP/AGF_-_Ultra_100_++.xmp#01
=== PAUSE TestRoundTrip_XMP_lrtemplate_XMP/AGF_-_Ultra_100_++.xmp#01
=== PAUSE TestRoundTrip_lrtemplate_NP3_lrtemplate/o_-_22._VIBRANCE__-_Low.lrtemplate#01
=== RUN   TestRoundTrip_XMP_lrtemplate_XMP/AGF_-_Ultra_100_+.xmp#01
=== RUN   TestRoundTrip_lrtemplate_NP3_lrtemplate/o_-_23._VIBRANCE__-_Mid.lrtemplate#01
=== PAUSE TestRoundTrip_XMP_NP3_XMP/AGF_-_Chrome_RSX.xmp#01
=== RUN   TestRoundTrip_XMP_NP3_XMP/AGF_-_Optima_100_++++.xmp#01
=== RUN   TestRoundTrip_lrtemplate_XMP_lrtemplate/o_-_00_-_o.lrtemplate#01
=== PAUSE TestRoundTrip_XMP_lrtemplate_XMP/AGF_-_Ultra_100_+.xmp#01
=== PAUSE TestRoundTrip_XMP_NP3_XMP/AGF_-_Optima_100_++++.xmp#01
=== RUN   TestRoundTrip_XMP_lrtemplate_XMP/AGF_-_Ultra_100_-_boost.xmp#01
=== RUN   TestRoundTrip_XMP_NP3_XMP/AGF_-_Optima_100_+++.xmp#01
=== PAUSE TestRoundTrip_XMP_lrtemplate_XMP/AGF_-_Ultra_100_-_boost.xmp#01
=== PAUSE TestRoundTrip_lrtemplate_XMP_lrtemplate/o_-_00_-_o.lrtemplate#01
=== RUN   TestRoundTrip_XMP_lrtemplate_XMP/AGF_-_Ultra_100_-_cool.xmp#01
=== PAUSE TestRoundTrip_lrtemplate_NP3_lrtemplate/o_-_23._VIBRANCE__-_Mid.lrtemplate#01
=== RUN   TestRoundTrip_lrtemplate_XMP_lrtemplate/o_-_01._Lens_on.lrtemplate#01
=== RUN   TestRoundTrip_lrtemplate_NP3_lrtemplate/o_-_24._VIBRANCE_-__High.lrtemplate#01
=== PAUSE TestRoundTrip_lrtemplate_NP3_lrtemplate/o_-_24._VIBRANCE_-__High.lrtemplate#01
=== PAUSE TestRoundTrip_XMP_NP3_XMP/AGF_-_Optima_100_+++.xmp#01
=== PAUSE TestRoundTrip_lrtemplate_XMP_lrtemplate/o_-_01._Lens_on.lrtemplate#01
=== RUN   TestRoundTrip_XMP_NP3_XMP/AGF_-_Optima_100_++.xmp#01
=== RUN   TestRoundTrip_lrtemplate_XMP_lrtemplate/o_-_02._Lens_off.lrtemplate#01
=== PAUSE TestRoundTrip_XMP_NP3_XMP/AGF_-_Optima_100_++.xmp#01
=== PAUSE TestRoundTrip_XMP_lrtemplate_XMP/AGF_-_Ultra_100_-_cool.xmp#01
=== PAUSE TestRoundTrip_lrtemplate_XMP_lrtemplate/o_-_02._Lens_off.lrtemplate#01
=== RUN   TestRoundTrip_XMP_NP3_XMP/AGF_-_Optima_100_+.xmp#01
=== RUN   TestRoundTrip_lrtemplate_XMP_lrtemplate/o_-_03_-_o.lrtemplate#01
=== RUN   TestRoundTrip_XMP_lrtemplate_XMP/AGF_-_Ultra_100_-_film.xmp#01
=== PAUSE TestRoundTrip_lrtemplate_XMP_lrtemplate/o_-_03_-_o.lrtemplate#01
=== RUN   TestRoundTrip_lrtemplate_NP3_lrtemplate/o_-_25_-_o.lrtemplate#01
=== RUN   TestRoundTrip_lrtemplate_XMP_lrtemplate/o_-_04._EXPOSURE__-_2.lrtemplate#01
=== PAUSE TestRoundTrip_XMP_lrtemplate_XMP/AGF_-_Ultra_100_-_film.xmp#01
=== PAUSE TestRoundTrip_XMP_NP3_XMP/AGF_-_Optima_100_+.xmp#01
=== PAUSE TestRoundTrip_lrtemplate_XMP_lrtemplate/o_-_04._EXPOSURE__-_2.lrtemplate#01
=== RUN   TestRoundTrip_XMP_NP3_XMP/AGF_-_Optima_100_-_boost.xmp#01
=== PAUSE TestRoundTrip_XMP_NP3_XMP/AGF_-_Optima_100_-_boost.xmp#01
=== RUN   TestRoundTrip_lrtemplate_XMP_lrtemplate/o_-_05._EXPOSURE__-_1.lrtemplate#01
=== PAUSE TestRoundTrip_lrtemplate_NP3_lrtemplate/o_-_25_-_o.lrtemplate#01
=== PAUSE TestRoundTrip_lrtemplate_XMP_lrtemplate/o_-_05._EXPOSURE__-_1.lrtemplate#01
=== RUN   TestRoundTrip_lrtemplate_NP3_lrtemplate/o_-_26._FINISH_-_Film.lrtemplate#01
=== RUN   TestRoundTrip_XMP_NP3_XMP/AGF_-_Optima_100_-_cool.xmp#01
=== PAUSE TestRoundTrip_XMP_NP3_XMP/AGF_-_Optima_100_-_cool.xmp#01
=== RUN   TestRoundTrip_lrtemplate_XMP_lrtemplate/o_-_06._EXPOSURE__0.lrtemplate#01
=== RUN   TestRoundTrip_XMP_NP3_XMP/AGF_-_Optima_100_-_film.xmp#01
=== RUN   TestRoundTrip_XMP_lrtemplate_XMP/AGF_-_Ultra_100_-_warm.xmp#01
=== PAUSE TestRoundTrip_lrtemplate_NP3_lrtemplate/o_-_26._FINISH_-_Film.lrtemplate#01
=== PAUSE TestRoundTrip_lrtemplate_XMP_lrtemplate/o_-_06._EXPOSURE__0.lrtemplate#01
=== RUN   TestRoundTrip_lrtemplate_XMP_lrtemplate/o_-_07._EXPOSURE_+_1.lrtemplate#01
=== PAUSE TestRoundTrip_lrtemplate_XMP_lrtemplate/o_-_07._EXPOSURE_+_1.lrtemplate#01
=== RUN   TestRoundTrip_lrtemplate_NP3_lrtemplate/o_-_27._FINISH_-_Basic.lrtemplate#01
=== RUN   TestRoundTrip_lrtemplate_XMP_lrtemplate/o_-_08._EXPOSURE_+_2.lrtemplate#01
=== PAUSE TestRoundTrip_XMP_lrtemplate_XMP/AGF_-_Ultra_100_-_warm.xmp#01
=== PAUSE TestRoundTrip_XMP_NP3_XMP/AGF_-_Optima_100_-_film.xmp#01
=== PAUSE TestRoundTrip_lrtemplate_XMP_lrtemplate/o_-_08._EXPOSURE_+_2.lrtemplate#01
=== RUN   TestRoundTrip_XMP_NP3_XMP/AGF_-_Optima_100_-_warm.xmp#01
=== PAUSE TestRoundTrip_lrtemplate_NP3_lrtemplate/o_-_27._FINISH_-_Basic.lrtemplate#01
=== RUN   TestRoundTrip_lrtemplate_XMP_lrtemplate/o_-_09_-_o.lrtemplate#01
=== RUN   TestRoundTrip_lrtemplate_NP3_lrtemplate/o_-_28._FINISH_-_Strong.lrtemplate#01
=== PAUSE TestRoundTrip_XMP_NP3_XMP/AGF_-_Optima_100_-_warm.xmp#01
=== PAUSE TestRoundTrip_lrtemplate_XMP_lrtemplate/o_-_09_-_o.lrtemplate#01
=== RUN   TestRoundTrip_XMP_NP3_XMP/AGF_-_Optima_100.xmp#01
=== RUN   TestRoundTrip_XMP_lrtemplate_XMP/AGF_-_Ultra_100.xmp#01
=== PAUSE TestRoundTrip_lrtemplate_NP3_lrtemplate/o_-_28._FINISH_-_Strong.lrtemplate#01
=== PAUSE TestRoundTrip_XMP_NP3_XMP/AGF_-_Optima_100.xmp#01
=== RUN   TestRoundTrip_lrtemplate_XMP_lrtemplate/o_-_10._CONTRAST_-_Low.lrtemplate#01
=== RUN   TestRoundTrip_lrtemplate_NP3_lrtemplate/o_-_29._FINISH_-_Vintage.lrtemplate#01
=== RUN   TestRoundTrip_XMP_NP3_XMP/AGF_-_Portrait_160_++++.xmp#01
=== PAUSE TestRoundTrip_lrtemplate_XMP_lrtemplate/o_-_10._CONTRAST_-_Low.lrtemplate#01
=== PAUSE TestRoundTrip_lrtemplate_NP3_lrtemplate/o_-_29._FINISH_-_Vintage.lrtemplate#01
=== PAUSE TestRoundTrip_XMP_lrtemplate_XMP/AGF_-_Ultra_100.xmp#01
=== RUN   TestRoundTrip_lrtemplate_XMP_lrtemplate/o_-_11._CONTRAST_-_Mid.lrtemplate#01
=== RUN   TestRoundTrip_XMP_lrtemplate_XMP/AGF_-_Vista_Plus_++++.xmp#01
=== PAUSE TestRoundTrip_XMP_lrtemplate_XMP/AGF_-_Vista_Plus_++++.xmp#01
=== RUN   TestRoundTrip_lrtemplate_NP3_lrtemplate/o_-_30._FINISH_-_Washed.lrtemplate#01
=== PAUSE TestRoundTrip_lrtemplate_XMP_lrtemplate/o_-_11._CONTRAST_-_Mid.lrtemplate#01
=== RUN   TestRoundTrip_lrtemplate_XMP_lrtemplate/o_-_12._CONTRAST_-_High.lrtemplate#01
=== PAUSE TestRoundTrip_XMP_NP3_XMP/AGF_-_Portrait_160_++++.xmp#01
=== PAUSE TestRoundTrip_lrtemplate_NP3_lrtemplate/o_-_30._FINISH_-_Washed.lrtemplate#01
=== PAUSE TestRoundTrip_lrtemplate_XMP_lrtemplate/o_-_12._CONTRAST_-_High.lrtemplate#01
=== RUN   TestRoundTrip_XMP_NP3_XMP/AGF_-_Portrait_160_+++.xmp#01
=== RUN   TestRoundTrip_lrtemplate_NP3_lrtemplate/o_-_31._FINISH_-_Bright.lrtemplate#01
=== RUN   TestRoundTrip_XMP_lrtemplate_XMP/AGF_-_Vista_Plus_+++.xmp#01
=== PAUSE TestRoundTrip_XMP_NP3_XMP/AGF_-_Portrait_160_+++.xmp#01
=== PAUSE TestRoundTrip_lrtemplate_NP3_lrtemplate/o_-_31._FINISH_-_Bright.lrtemplate#01
=== RUN   TestRoundTrip_XMP_NP3_XMP/AGF_-_Portrait_160_++.xmp#01
=== PAUSE TestRoundTrip_XMP_lrtemplate_XMP/AGF_-_Vista_Plus_+++.xmp#01
=== PAUSE TestRoundTrip_XMP_NP3_XMP/AGF_-_Portrait_160_++.xmp#01
=== RUN   TestRoundTrip_XMP_NP3_XMP/AGF_-_Portrait_160_+.xmp#01
=== RUN   TestRoundTrip_lrtemplate_XMP_lrtemplate/o_-_13_-_o.lrtemplate#01
=== PAUSE TestRoundTrip_XMP_NP3_XMP/AGF_-_Portrait_160_+.xmp#01
=== PAUSE TestRoundTrip_lrtemplate_XMP_lrtemplate/o_-_13_-_o.lrtemplate#01
=== RUN   TestRoundTrip_lrtemplate_NP3_lrtemplate/o_-_32._FINISH_-_Retro.lrtemplate#01
=== RUN   TestRoundTrip_lrtemplate_XMP_lrtemplate/o_-_14._DETAIL_-_Low.lrtemplate#01
=== PAUSE TestRoundTrip_lrtemplate_NP3_lrtemplate/o_-_32._FINISH_-_Retro.lrtemplate#01
=== RUN   TestRoundTrip_XMP_lrtemplate_XMP/AGF_-_Vista_Plus_++.xmp#01
=== RUN   TestRoundTrip_XMP_NP3_XMP/AGF_-_Portrait_160_-_boost.xmp#01
=== PAUSE TestRoundTrip_XMP_lrtemplate_XMP/AGF_-_Vista_Plus_++.xmp#01
=== RUN   TestRoundTrip_lrtemplate_NP3_lrtemplate/o_-_33_-_o.lrtemplate#01
=== RUN   TestRoundTrip_XMP_lrtemplate_XMP/AGF_-_Vista_Plus_+.xmp#01
=== PAUSE TestRoundTrip_lrtemplate_XMP_lrtemplate/o_-_14._DETAIL_-_Low.lrtemplate#01
=== PAUSE TestRoundTrip_XMP_NP3_XMP/AGF_-_Portrait_160_-_boost.xmp#01
=== RUN   TestRoundTrip_lrtemplate_XMP_lrtemplate/o_-_15._DETAIL_-_Mid.lrtemplate#01
=== RUN   TestRoundTrip_XMP_NP3_XMP/AGF_-_Portrait_160_-_cool.xmp#01
=== PAUSE TestRoundTrip_lrtemplate_XMP_lrtemplate/o_-_15._DETAIL_-_Mid.lrtemplate#01
=== PAUSE TestRoundTrip_lrtemplate_NP3_lrtemplate/o_-_33_-_o.lrtemplate#01
=== RUN   TestRoundTrip_lrtemplate_XMP_lrtemplate/o_-_16._DETAIL_-_High.lrtemplate#01
=== RUN   TestRoundTrip_lrtemplate_NP3_lrtemplate/o_-_34._COLOR_-_Neutral.lrtemplate#01
=== PAUSE TestRoundTrip_XMP_NP3_XMP/AGF_-_Portrait_160_-_cool.xmp#01
=== PAUSE TestRoundTrip_lrtemplate_NP3_lrtemplate/o_-_34._COLOR_-_Neutral.lrtemplate#01
=== RUN   TestRoundTrip_XMP_NP3_XMP/AGF_-_Portrait_160_-_film.xmp#01
=== RUN   TestRoundTrip_lrtemplate_NP3_lrtemplate/o_-_35._COLOR_-_Morning.lrtemplate#01
=== PAUSE TestRoundTrip_XMP_lrtemplate_XMP/AGF_-_Vista_Plus_+.xmp#01
=== RUN   TestRoundTrip_XMP_lrtemplate_XMP/AGF_-_Vista_Plus_-_boost.xmp#01
=== PAUSE TestRoundTrip_XMP_NP3_XMP/AGF_-_Portrait_160_-_film.xmp#01
=== PAUSE TestRoundTrip_XMP_lrtemplate_XMP/AGF_-_Vista_Plus_-_boost.xmp#01
=== PAUSE TestRoundTrip_lrtemplate_XMP_lrtemplate/o_-_16._DETAIL_-_High.lrtemplate#01
=== RUN   TestRoundTrip_XMP_lrtemplate_XMP/AGF_-_Vista_Plus_-_cool.xmp#01
=== PAUSE TestRoundTrip_lrtemplate_NP3_lrtemplate/o_-_35._COLOR_-_Morning.lrtemplate#01
=== RUN   TestRoundTrip_lrtemplate_NP3_lrtemplate/o_-_36._COLOR_-_Lavender.lrtemplate#01
=== RUN   TestRoundTrip_XMP_NP3_XMP/AGF_-_Portrait_160_-_warm.xmp#01
=== PAUSE TestRoundTrip_lrtemplate_NP3_lrtemplate/o_-_36._COLOR_-_Lavender.lrtemplate#01
=== RUN   TestRoundTrip_lrtemplate_XMP_lrtemplate/o_-_17_-_o.lrtemplate#01
=== PAUSE TestRoundTrip_lrtemplate_XMP_lrtemplate/o_-_17_-_o.lrtemplate#01
=== PAUSE TestRoundTrip_XMP_lrtemplate_XMP/AGF_-_Vista_Plus_-_cool.xmp#01
=== RUN   TestRoundTrip_lrtemplate_NP3_lrtemplate/o_-_37._COLOR_-_Spearmint.lrtemplate#01
=== RUN   TestRoundTrip_XMP_lrtemplate_XMP/AGF_-_Vista_Plus_-_film.xmp#01
=== PAUSE TestRoundTrip_XMP_lrtemplate_XMP/AGF_-_Vista_Plus_-_film.xmp#01
=== PAUSE TestRoundTrip_lrtemplate_NP3_lrtemplate/o_-_37._COLOR_-_Spearmint.lrtemplate#01
=== PAUSE TestRoundTrip_XMP_NP3_XMP/AGF_-_Portrait_160_-_warm.xmp#01
=== RUN   TestRoundTrip_XMP_NP3_XMP/AGF_-_Portrait_160.xmp#01
=== RUN   TestRoundTrip_lrtemplate_XMP_lrtemplate/o_-_18._SHARPEN_-_Low.lrtemplate#01
=== PAUSE TestRoundTrip_XMP_NP3_XMP/AGF_-_Portrait_160.xmp#01
=== PAUSE TestRoundTrip_lrtemplate_XMP_lrtemplate/o_-_18._SHARPEN_-_Low.lrtemplate#01
=== RUN   TestRoundTrip_XMP_NP3_XMP/AGF_-_Ultra_100_++++.xmp#01
=== PAUSE TestRoundTrip_XMP_NP3_XMP/AGF_-_Ultra_100_++++.xmp#01
=== RUN   TestRoundTrip_XMP_NP3_XMP/AGF_-_Ultra_100_+++.xmp#01
=== RUN   TestRoundTrip_XMP_lrtemplate_XMP/AGF_-_Vista_Plus_-_warm.xmp#01
=== PAUSE TestRoundTrip_XMP_NP3_XMP/AGF_-_Ultra_100_+++.xmp#01
=== PAUSE TestRoundTrip_XMP_lrtemplate_XMP/AGF_-_Vista_Plus_-_warm.xmp#01
=== RUN   TestRoundTrip_XMP_NP3_XMP/AGF_-_Ultra_100_++.xmp#01
=== RUN   TestRoundTrip_XMP_lrtemplate_XMP/AGF_-_Vista_Plus.xmp#01
=== PAUSE TestRoundTrip_XMP_lrtemplate_XMP/AGF_-_Vista_Plus.xmp#01
=== RUN   TestRoundTrip_XMP_lrtemplate_XMP/FUJ_-_Astia_100F_++++.xmp#01
=== RUN   TestRoundTrip_lrtemplate_NP3_lrtemplate/o_-_38._COLOR_-_Sea_Breeze.lrtemplate#01
=== PAUSE TestRoundTrip_XMP_lrtemplate_XMP/FUJ_-_Astia_100F_++++.xmp#01
=== PAUSE TestRoundTrip_lrtemplate_NP3_lrtemplate/o_-_38._COLOR_-_Sea_Breeze.lrtemplate#01
=== RUN   TestRoundTrip_XMP_lrtemplate_XMP/FUJ_-_Astia_100F_+++.xmp#01
=== PAUSE TestRoundTrip_XMP_lrtemplate_XMP/FUJ_-_Astia_100F_+++.xmp#01
=== PAUSE TestRoundTrip_XMP_NP3_XMP/AGF_-_Ultra_100_++.xmp#01
=== RUN   TestRoundTrip_XMP_lrtemplate_XMP/FUJ_-_Astia_100F_++.xmp#01
=== RUN   TestRoundTrip_XMP_NP3_XMP/AGF_-_Ultra_100_+.xmp#01
=== RUN   TestRoundTrip_lrtemplate_XMP_lrtemplate/o_-_19._SHARPEN_-_Mid.lrtemplate#01
=== PAUSE TestRoundTrip_XMP_NP3_XMP/AGF_-_Ultra_100_+.xmp#01
=== RUN   TestRoundTrip_XMP_NP3_XMP/AGF_-_Ultra_100_-_boost.xmp#01
=== RUN   TestRoundTrip_lrtemplate_NP3_lrtemplate/o_-_39._COLOR_-_Warm_Light.lrtemplate#01
=== PAUSE TestRoundTrip_lrtemplate_XMP_lrtemplate/o_-_19._SHARPEN_-_Mid.lrtemplate#01
=== PAUSE TestRoundTrip_XMP_NP3_XMP/AGF_-_Ultra_100_-_boost.xmp#01
=== PAUSE TestRoundTrip_XMP_lrtemplate_XMP/FUJ_-_Astia_100F_++.xmp#01
=== RUN   TestRoundTrip_lrtemplate_XMP_lrtemplate/o_-_20._SHARPEN_-_High.lrtemplate#01
=== RUN   TestRoundTrip_XMP_lrtemplate_XMP/FUJ_-_Astia_100F_+.xmp#01
=== RUN   TestRoundTrip_XMP_NP3_XMP/AGF_-_Ultra_100_-_cool.xmp#01
=== PAUSE TestRoundTrip_lrtemplate_NP3_lrtemplate/o_-_39._COLOR_-_Warm_Light.lrtemplate#01
=== PAUSE TestRoundTrip_XMP_NP3_XMP/AGF_-_Ultra_100_-_cool.xmp#01
=== PAUSE TestRoundTrip_XMP_lrtemplate_XMP/FUJ_-_Astia_100F_+.xmp#01
=== PAUSE TestRoundTrip_lrtemplate_XMP_lrtemplate/o_-_20._SHARPEN_-_High.lrtemplate#01
=== RUN   TestRoundTrip_XMP_lrtemplate_XMP/FUJ_-_Astia_100F_-_boost.xmp#01
=== RUN   TestRoundTrip_lrtemplate_XMP_lrtemplate/o_-_21_-_o.lrtemplate#01
=== PAUSE TestRoundTrip_XMP_lrtemplate_XMP/FUJ_-_Astia_100F_-_boost.xmp#01
=== RUN   TestRoundTrip_XMP_lrtemplate_XMP/FUJ_-_Astia_100F_-_cool.xmp#01
=== RUN   TestRoundTrip_lrtemplate_NP3_lrtemplate/o_-_40._COLOR_-_Pastel_Rouge.lrtemplate#01
=== PAUSE TestRoundTrip_XMP_lrtemplate_XMP/FUJ_-_Astia_100F_-_cool.xmp#01
=== PAUSE TestRoundTrip_lrtemplate_NP3_lrtemplate/o_-_40._COLOR_-_Pastel_Rouge.lrtemplate#01
=== RUN   TestRoundTrip_XMP_NP3_XMP/AGF_-_Ultra_100_-_film.xmp#01
=== RUN   TestRoundTrip_lrtemplate_NP3_lrtemplate/o_-_41_-_o.lrtemplate#01
=== PAUSE TestRoundTrip_XMP_NP3_XMP/AGF_-_Ultra_100_-_film.xmp#01
=== RUN   TestRoundTrip_XMP_lrtemplate_XMP/FUJ_-_Astia_100F_-_film.xmp#01
=== PAUSE TestRoundTrip_XMP_lrtemplate_XMP/FUJ_-_Astia_100F_-_film.xmp#01
=== RUN   TestRoundTrip_XMP_NP3_XMP/AGF_-_Ultra_100_-_warm.xmp#01
=== PAUSE TestRoundTrip_lrtemplate_NP3_lrtemplate/o_-_41_-_o.lrtemplate#01
=== PAUSE TestRoundTrip_XMP_NP3_XMP/AGF_-_Ultra_100_-_warm.xmp#01
=== RUN   TestRoundTrip_lrtemplate_NP3_lrtemplate/o_-_42._LIGHTING_-_Auto_Set.lrtemplate#01
=== PAUSE TestRoundTrip_lrtemplate_NP3_lrtemplate/o_-_42._LIGHTING_-_Auto_Set.lrtemplate#01
=== RUN   TestRoundTrip_XMP_NP3_XMP/AGF_-_Ultra_100.xmp#01
=== PAUSE TestRoundTrip_lrtemplate_XMP_lrtemplate/o_-_21_-_o.lrtemplate#01
=== RUN   TestRoundTrip_lrtemplate_NP3_lrtemplate/o_-_43._LIGHTING_-_As_Shot.lrtemplate#01
=== PAUSE TestRoundTrip_XMP_NP3_XMP/AGF_-_Ultra_100.xmp#01
=== RUN   TestRoundTrip_lrtemplate_XMP_lrtemplate/o_-_22._VIBRANCE__-_Low.lrtemplate#01
=== RUN   TestRoundTrip_XMP_NP3_XMP/AGF_-_Vista_Plus_++++.xmp#01
=== PAUSE TestRoundTrip_lrtemplate_XMP_lrtemplate/o_-_22._VIBRANCE__-_Low.lrtemplate#01
=== RUN   TestRoundTrip_XMP_lrtemplate_XMP/FUJ_-_Astia_100F_-_warm.xmp#01
=== PAUSE TestRoundTrip_XMP_NP3_XMP/AGF_-_Vista_Plus_++++.xmp#01
=== RUN   TestRoundTrip_XMP_NP3_XMP/AGF_-_Vista_Plus_+++.xmp#01
=== PAUSE TestRoundTrip_lrtemplate_NP3_lrtemplate/o_-_43._LIGHTING_-_As_Shot.lrtemplate#01
=== PAUSE TestRoundTrip_XMP_NP3_XMP/AGF_-_Vista_Plus_+++.xmp#01
=== RUN   TestRoundTrip_XMP_NP3_XMP/AGF_-_Vista_Plus_++.xmp#01
=== RUN   TestRoundTrip_lrtemplate_NP3_lrtemplate/o_-_44._LIGHTING_-_Flash.lrtemplate#01
=== PAUSE TestRoundTrip_XMP_NP3_XMP/AGF_-_Vista_Plus_++.xmp#01
=== RUN   TestRoundTrip_lrtemplate_XMP_lrtemplate/o_-_23._VIBRANCE__-_Mid.lrtemplate#01
=== PAUSE TestRoundTrip_lrtemplate_NP3_lrtemplate/o_-_44._LIGHTING_-_Flash.lrtemplate#01
=== RUN   TestRoundTrip_XMP_NP3_XMP/AGF_-_Vista_Plus_+.xmp#01
=== RUN   TestRoundTrip_lrtemplate_NP3_lrtemplate/o_-_45._LIGHTING_-_Shade.lrtemplate#01
=== PAUSE TestRoundTrip_XMP_NP3_XMP/AGF_-_Vista_Plus_+.xmp#01
=== PAUSE TestRoundTrip_XMP_lrtemplate_XMP/FUJ_-_Astia_100F_-_warm.xmp#01
=== RUN   TestRoundTrip_XMP_NP3_XMP/AGF_-_Vista_Plus_-_boost.xmp#01
=== RUN   TestRoundTrip_XMP_lrtemplate_XMP/FUJ_-_Astia_100F.xmp#01
=== PAUSE TestRoundTrip_XMP_NP3_XMP/AGF_-_Vista_Plus_-_boost.xmp#01
=== PAUSE TestRoundTrip_lrtemplate_XMP_lrtemplate/o_-_23._VIBRANCE__-_Mid.lrtemplate#01
=== PAUSE TestRoundTrip_XMP_lrtemplate_XMP/FUJ_-_Astia_100F.xmp#01
=== RUN   TestRoundTrip_XMP_NP3_XMP/AGF_-_Vista_Plus_-_cool.xmp#01
=== RUN   TestRoundTrip_lrtemplate_XMP_lrtemplate/o_-_24._VIBRANCE_-__High.lrtemplate#01
=== RUN   TestRoundTrip_XMP_lrtemplate_XMP/FUJ_-_Color_100_++++.xmp#01
=== PAUSE TestRoundTrip_lrtemplate_XMP_lrtemplate/o_-_24._VIBRANCE_-__High.lrtemplate#01
=== PAUSE TestRoundTrip_lrtemplate_NP3_lrtemplate/o_-_45._LIGHTING_-_Shade.lrtemplate#01
=== PAUSE TestRoundTrip_XMP_lrtemplate_XMP/FUJ_-_Color_100_++++.xmp#01
=== RUN   TestRoundTrip_XMP_lrtemplate_XMP/FUJ_-_Color_100_+++.xmp#01
=== RUN   TestRoundTrip_lrtemplate_NP3_lrtemplate/o_-_46._LIGHTING_-_Cloudy.lrtemplate#01
=== PAUSE TestRoundTrip_XMP_lrtemplate_XMP/FUJ_-_Color_100_+++.xmp#01
=== PAUSE TestRoundTrip_XMP_NP3_XMP/AGF_-_Vista_Plus_-_cool.xmp#01
=== RUN   TestRoundTrip_XMP_lrtemplate_XMP/FUJ_-_Color_100_++.xmp#01
=== PAUSE TestRoundTrip_lrtemplate_NP3_lrtemplate/o_-_46._LIGHTING_-_Cloudy.lrtemplate#01
=== PAUSE TestRoundTrip_XMP_lrtemplate_XMP/FUJ_-_Color_100_++.xmp#01
=== RUN   TestRoundTrip_lrtemplate_NP3_lrtemplate/o_-_47._LIGHTING_-_Daylight.lrtemplate#01
=== RUN   TestRoundTrip_XMP_lrtemplate_XMP/FUJ_-_Color_100_+.xmp#01
=== RUN   TestRoundTrip_XMP_NP3_XMP/AGF_-_Vista_Plus_-_film.xmp#01
=== PAUSE TestRoundTrip_XMP_lrtemplate_XMP/FUJ_-_Color_100_+.xmp#01
=== PAUSE TestRoundTrip_XMP_NP3_XMP/AGF_-_Vista_Plus_-_film.xmp#01
=== RUN   TestRoundTrip_XMP_NP3_XMP/AGF_-_Vista_Plus_-_warm.xmp#01
=== RUN   TestRoundTrip_XMP_lrtemplate_XMP/FUJ_-_Color_100_-_boost.xmp#01
=== PAUSE TestRoundTrip_XMP_lrtemplate_XMP/FUJ_-_Color_100_-_boost.xmp#01
=== RUN   TestRoundTrip_lrtemplate_XMP_lrtemplate/o_-_25_-_o.lrtemplate#01
=== PAUSE TestRoundTrip_lrtemplate_XMP_lrtemplate/o_-_25_-_o.lrtemplate#01
=== RUN   TestRoundTrip_XMP_lrtemplate_XMP/FUJ_-_Color_100_-_cool.xmp#01
=== PAUSE TestRoundTrip_lrtemplate_NP3_lrtemplate/o_-_47._LIGHTING_-_Daylight.lrtemplate#01
=== PAUSE TestRoundTrip_XMP_NP3_XMP/AGF_-_Vista_Plus_-_warm.xmp#01
=== RUN   TestRoundTrip_XMP_NP3_XMP/AGF_-_Vista_Plus.xmp#01
=== RUN   TestRoundTrip_lrtemplate_XMP_lrtemplate/o_-_26._FINISH_-_Film.lrtemplate#01
=== PAUSE TestRoundTrip_XMP_NP3_XMP/AGF_-_Vista_Plus.xmp#01
=== RUN   TestRoundTrip_lrtemplate_NP3_lrtemplate/o_-_48._LIGHTING_-_Tungsten.lrtemplate#01
=== RUN   TestRoundTrip_XMP_NP3_XMP/FUJ_-_Astia_100F_++++.xmp#01
=== PAUSE TestRoundTrip_lrtemplate_NP3_lrtemplate/o_-_48._LIGHTING_-_Tungsten.lrtemplate#01
=== PAUSE TestRoundTrip_XMP_lrtemplate_XMP/FUJ_-_Color_100_-_cool.xmp#01
=== RUN   TestRoundTrip_lrtemplate_NP3_lrtemplate/o_-_49._LIGHTING_-_Fluorescent.lrtemplate#01
=== RUN   TestRoundTrip_XMP_lrtemplate_XMP/FUJ_-_Color_100_-_film.xmp#01
=== PAUSE TestRoundTrip_lrtemplate_NP3_lrtemplate/o_-_49._LIGHTING_-_Fluorescent.lrtemplate#01
=== PAUSE TestRoundTrip_XMP_lrtemplate_XMP/FUJ_-_Color_100_-_film.xmp#01
=== RUN   TestRoundTrip_lrtemplate_NP3_lrtemplate/o_-_50_-_o.lrtemplate#01
=== RUN   TestRoundTrip_XMP_lrtemplate_XMP/FUJ_-_Color_100_-_warm.xmp#01
=== PAUSE TestRoundTrip_lrtemplate_NP3_lrtemplate/o_-_50_-_o.lrtemplate#01
=== RUN   TestRoundTrip_lrtemplate_NP3_lrtemplate/00_-_o.lrtemplate
=== PAUSE TestRoundTrip_lrtemplate_XMP_lrtemplate/o_-_26._FINISH_-_Film.lrtemplate#01
=== RUN   TestRoundTrip_lrtemplate_XMP_lrtemplate/o_-_27._FINISH_-_Basic.lrtemplate#01
=== PAUSE TestRoundTrip_XMP_lrtemplate_XMP/FUJ_-_Color_100_-_warm.xmp#01
=== PAUSE TestRoundTrip_XMP_NP3_XMP/FUJ_-_Astia_100F_++++.xmp#01
=== RUN   TestRoundTrip_XMP_lrtemplate_XMP/FUJ_-_Color_100.xmp#01
=== RUN   TestRoundTrip_XMP_NP3_XMP/FUJ_-_Astia_100F_+++.xmp#01
=== PAUSE TestRoundTrip_XMP_lrtemplate_XMP/FUJ_-_Color_100.xmp#01
=== PAUSE TestRoundTrip_XMP_NP3_XMP/FUJ_-_Astia_100F_+++.xmp#01
=== PAUSE TestRoundTrip_lrtemplate_XMP_lrtemplate/o_-_27._FINISH_-_Basic.lrtemplate#01
=== RUN   TestRoundTrip_XMP_lrtemplate_XMP/FUJ_-_Fortia_50_++++.xmp#01
=== RUN   TestRoundTrip_XMP_NP3_XMP/FUJ_-_Astia_100F_++.xmp#01
=== RUN   TestRoundTrip_lrtemplate_XMP_lrtemplate/o_-_28._FINISH_-_Strong.lrtemplate#01
=== PAUSE TestRoundTrip_XMP_lrtemplate_XMP/FUJ_-_Fortia_50_++++.xmp#01
=== PAUSE TestRoundTrip_lrtemplate_XMP_lrtemplate/o_-_28._FINISH_-_Strong.lrtemplate#01
=== PAUSE TestRoundTrip_lrtemplate_NP3_lrtemplate/00_-_o.lrtemplate
=== PAUSE TestRoundTrip_XMP_NP3_XMP/FUJ_-_Astia_100F_++.xmp#01
=== RUN   TestRoundTrip_lrtemplate_XMP_lrtemplate/o_-_29._FINISH_-_Vintage.lrtemplate#01
=== RUN   TestRoundTrip_lrtemplate_NP3_lrtemplate/00._E_-_auto_tone___.lrtemplate
=== RUN   TestRoundTrip_XMP_NP3_XMP/FUJ_-_Astia_100F_+.xmp#01
=== PAUSE TestRoundTrip_lrtemplate_XMP_lrtemplate/o_-_29._FINISH_-_Vintage.lrtemplate#01
=== PAUSE TestRoundTrip_XMP_NP3_XMP/FUJ_-_Astia_100F_+.xmp#01
=== RUN   TestRoundTrip_lrtemplate_XMP_lrtemplate/o_-_30._FINISH_-_Washed.lrtemplate#01
=== RUN   TestRoundTrip_XMP_lrtemplate_XMP/FUJ_-_Fortia_50_+++.xmp#01
=== PAUSE TestRoundTrip_lrtemplate_NP3_lrtemplate/00._E_-_auto_tone___.lrtemplate
=== PAUSE TestRoundTrip_lrtemplate_XMP_lrtemplate/o_-_30._FINISH_-_Washed.lrtemplate#01
=== RUN   TestRoundTrip_XMP_NP3_XMP/FUJ_-_Astia_100F_-_boost.xmp#01
=== RUN   TestRoundTrip_lrtemplate_XMP_lrtemplate/o_-_31._FINISH_-_Bright.lrtemplate#01
=== PAUSE TestRoundTrip_XMP_NP3_XMP/FUJ_-_Astia_100F_-_boost.xmp#01
=== RUN   TestRoundTrip_lrtemplate_NP3_lrtemplate/00._E_-_auto_wb___.lrtemplate
=== PAUSE TestRoundTrip_XMP_lrtemplate_XMP/FUJ_-_Fortia_50_+++.xmp#01
=== RUN   TestRoundTrip_XMP_lrtemplate_XMP/FUJ_-_Fortia_50_++.xmp#01
=== PAUSE TestRoundTrip_lrtemplate_NP3_lrtemplate/00._E_-_auto_wb___.lrtemplate
=== PAUSE TestRoundTrip_lrtemplate_XMP_lrtemplate/o_-_31._FINISH_-_Bright.lrtemplate#01
=== RUN   TestRoundTrip_lrtemplate_NP3_lrtemplate/00._E_-_grain_x__.lrtemplate
=== PAUSE TestRoundTrip_XMP_lrtemplate_XMP/FUJ_-_Fortia_50_++.xmp#01
=== RUN   TestRoundTrip_lrtemplate_XMP_lrtemplate/o_-_32._FINISH_-_Retro.lrtemplate#01
=== PAUSE TestRoundTrip_lrtemplate_NP3_lrtemplate/00._E_-_grain_x__.lrtemplate
=== RUN   TestRoundTrip_lrtemplate_NP3_lrtemplate/00._E_-_o___.lrtemplate
=== RUN   TestRoundTrip_XMP_NP3_XMP/FUJ_-_Astia_100F_-_cool.xmp#01
=== PAUSE TestRoundTrip_lrtemplate_NP3_lrtemplate/00._E_-_o___.lrtemplate
=== PAUSE TestRoundTrip_XMP_NP3_XMP/FUJ_-_Astia_100F_-_cool.xmp#01
=== RUN   TestRoundTrip_lrtemplate_NP3_lrtemplate/01._E_-_Agfa_Portrait_+_i.lrtemplate
=== PAUSE TestRoundTrip_lrtemplate_NP3_lrtemplate/01._E_-_Agfa_Portrait_+_i.lrtemplate
=== RUN   TestRoundTrip_XMP_NP3_XMP/FUJ_-_Astia_100F_-_film.xmp#01
=== RUN   TestRoundTrip_XMP_lrtemplate_XMP/FUJ_-_Fortia_50_+.xmp#01
=== PAUSE TestRoundTrip_lrtemplate_XMP_lrtemplate/o_-_32._FINISH_-_Retro.lrtemplate#01
=== RUN   TestRoundTrip_lrtemplate_XMP_lrtemplate/o_-_33_-_o.lrtemplate#01
=== PAUSE TestRoundTrip_XMP_lrtemplate_XMP/FUJ_-_Fortia_50_+.xmp#01
=== RUN   TestRoundTrip_lrtemplate_NP3_lrtemplate/02._E_-_Agfa_Portrait_+_ii.lrtemplate
=== PAUSE TestRoundTrip_lrtemplate_XMP_lrtemplate/o_-_33_-_o.lrtemplate#01
=== RUN   TestRoundTrip_XMP_lrtemplate_XMP/FUJ_-_Fortia_50_-_boost.xmp#01
=== RUN   TestRoundTrip_lrtemplate_XMP_lrtemplate/o_-_34._COLOR_-_Neutral.lrtemplate#01
=== PAUSE TestRoundTrip_XMP_lrtemplate_XMP/FUJ_-_Fortia_50_-_boost.xmp#01
=== RUN   TestRoundTrip_XMP_lrtemplate_XMP/FUJ_-_Fortia_50_-_cool.xmp#01
=== PAUSE TestRoundTrip_XMP_NP3_XMP/FUJ_-_Astia_100F_-_film.xmp#01
=== RUN   TestRoundTrip_XMP_NP3_XMP/FUJ_-_Astia_100F_-_warm.xmp#01
=== PAUSE TestRoundTrip_lrtemplate_NP3_lrtemplate/02._E_-_Agfa_Portrait_+_ii.lrtemplate
=== PAUSE TestRoundTrip_XMP_NP3_XMP/FUJ_-_Astia_100F_-_warm.xmp#01
=== PAUSE TestRoundTrip_lrtemplate_XMP_lrtemplate/o_-_34._COLOR_-_Neutral.lrtemplate#01
=== RUN   TestRoundTrip_XMP_NP3_XMP/FUJ_-_Astia_100F.xmp#01
=== RUN   TestRoundTrip_lrtemplate_XMP_lrtemplate/o_-_35._COLOR_-_Morning.lrtemplate#01
=== PAUSE TestRoundTrip_XMP_NP3_XMP/FUJ_-_Astia_100F.xmp#01
=== RUN   TestRoundTrip_XMP_NP3_XMP/FUJ_-_Color_100_++++.xmp#01
=== PAUSE TestRoundTrip_XMP_NP3_XMP/FUJ_-_Color_100_++++.xmp#01
=== PAUSE TestRoundTrip_XMP_lrtemplate_XMP/FUJ_-_Fortia_50_-_cool.xmp#01
=== RUN   TestRoundTrip_lrtemplate_NP3_lrtemplate/03._E_-_Agfa_Portrait_+_iii.lrtemplate
=== PAUSE TestRoundTrip_lrtemplate_NP3_lrtemplate/03._E_-_Agfa_Portrait_+_iii.lrtemplate
=== PAUSE TestRoundTrip_lrtemplate_XMP_lrtemplate/o_-_35._COLOR_-_Morning.lrtemplate#01
=== RUN   TestRoundTrip_lrtemplate_NP3_lrtemplate/04._E_-_Agfa_Portrait_+_iiii.lrtemplate
=== RUN   TestRoundTrip_lrtemplate_XMP_lrtemplate/o_-_36._COLOR_-_Lavender.lrtemplate#01
=== PAUSE TestRoundTrip_lrtemplate_NP3_lrtemplate/04._E_-_Agfa_Portrait_+_iiii.lrtemplate
=== RUN   TestRoundTrip_XMP_NP3_XMP/FUJ_-_Color_100_+++.xmp#01
=== RUN   TestRoundTrip_XMP_lrtemplate_XMP/FUJ_-_Fortia_50_-_film.xmp#01
=== PAUSE TestRoundTrip_lrtemplate_XMP_lrtemplate/o_-_36._COLOR_-_Lavender.lrtemplate#01
=== PAUSE TestRoundTrip_XMP_lrtemplate_XMP/FUJ_-_Fortia_50_-_film.xmp#01
=== RUN   TestRoundTrip_lrtemplate_XMP_lrtemplate/o_-_37._COLOR_-_Spearmint.lrtemplate#01
=== PAUSE TestRoundTrip_XMP_NP3_XMP/FUJ_-_Color_100_+++.xmp#01
=== PAUSE TestRoundTrip_lrtemplate_XMP_lrtemplate/o_-_37._COLOR_-_Spearmint.lrtemplate#01
=== RUN   TestRoundTrip_XMP_lrtemplate_XMP/FUJ_-_Fortia_50_-_warm.xmp#01
=== RUN   TestRoundTrip_lrtemplate_NP3_lrtemplate/05._E_-_Agfa_Portrait_+_iiiii.lrtemplate
=== PAUSE TestRoundTrip_XMP_lrtemplate_XMP/FUJ_-_Fortia_50_-_warm.xmp#01
=== RUN   TestRoundTrip_lrtemplate_XMP_lrtemplate/o_-_38._COLOR_-_Sea_Breeze.lrtemplate#01
=== RUN   TestRoundTrip_XMP_lrtemplate_XMP/FUJ_-_Fortia_50.xmp#01
=== RUN   TestRoundTrip_XMP_NP3_XMP/FUJ_-_Color_100_++.xmp#01
=== PAUSE TestRoundTrip_XMP_lrtemplate_XMP/FUJ_-_Fortia_50.xmp#01
=== RUN   TestRoundTrip_XMP_lrtemplate_XMP/FUJ_-_Negative_++++.xmp#01
=== PAUSE TestRoundTrip_XMP_NP3_XMP/FUJ_-_Color_100_++.xmp#01
=== RUN   TestRoundTrip_XMP_NP3_XMP/FUJ_-_Color_100_+.xmp#01
=== PAUSE TestRoundTrip_lrtemplate_NP3_lrtemplate/05._E_-_Agfa_Portrait_+_iiiii.lrtemplate
=== PAUSE TestRoundTrip_XMP_NP3_XMP/FUJ_-_Color_100_+.xmp#01
=== RUN   TestRoundTrip_XMP_NP3_XMP/FUJ_-_Color_100_-_boost.xmp#01
=== PAUSE TestRoundTrip_XMP_NP3_XMP/FUJ_-_Color_100_-_boost.xmp#01
=== RUN   TestRoundTrip_lrtemplate_NP3_lrtemplate/06._E_-_Agfa_Portrait_+_fade.lrtemplate
=== RUN   TestRoundTrip_XMP_NP3_XMP/FUJ_-_Color_100_-_cool.xmp#01
=== PAUSE TestRoundTrip_XMP_lrtemplate_XMP/FUJ_-_Negative_++++.xmp#01
=== PAUSE TestRoundTrip_lrtemplate_NP3_lrtemplate/06._E_-_Agfa_Portrait_+_fade.lrtemplate
=== RUN   TestRoundTrip_lrtemplate_NP3_lrtemplate/07._E_-_Agfa_Portrait_+_cool.lrtemplate
=== RUN   TestRoundTrip_XMP_lrtemplate_XMP/FUJ_-_Negative_+++.xmp#01
=== PAUSE TestRoundTrip_lrtemplate_NP3_lrtemplate/07._E_-_Agfa_Portrait_+_cool.lrtemplate
=== PAUSE TestRoundTrip_XMP_lrtemplate_XMP/FUJ_-_Negative_+++.xmp#01
=== RUN   TestRoundTrip_lrtemplate_NP3_lrtemplate/08._E_-_Agfa_Portrait_+_warm.lrtemplate
=== PAUSE TestRoundTrip_lrtemplate_XMP_lrtemplate/o_-_38._COLOR_-_Sea_Breeze.lrtemplate#01
=== RUN   TestRoundTrip_XMP_lrtemplate_XMP/FUJ_-_Negative_+++_1.xmp
=== RUN   TestRoundTrip_lrtemplate_XMP_lrtemplate/o_-_39._COLOR_-_Warm_Light.lrtemplate#01
=== PAUSE TestRoundTrip_XMP_NP3_XMP/FUJ_-_Color_100_-_cool.xmp#01
=== PAUSE TestRoundTrip_lrtemplate_NP3_lrtemplate/08._E_-_Agfa_Portrait_+_warm.lrtemplate
=== PAUSE TestRoundTrip_XMP_lrtemplate_XMP/FUJ_-_Negative_+++_1.xmp
=== RUN   TestRoundTrip_lrtemplate_NP3_lrtemplate/09._E_-_Agfa_Portrait_+_punch.lrtemplate
=== PAUSE TestRoundTrip_lrtemplate_XMP_lrtemplate/o_-_39._COLOR_-_Warm_Light.lrtemplate#01
=== RUN   TestRoundTrip_XMP_lrtemplate_XMP/FUJ_-_Negative_++.xmp#01
=== PAUSE TestRoundTrip_XMP_lrtemplate_XMP/FUJ_-_Negative_++.xmp#01
=== PAUSE TestRoundTrip_lrtemplate_NP3_lrtemplate/09._E_-_Agfa_Portrait_+_punch.lrtemplate
=== RUN   TestRoundTrip_lrtemplate_XMP_lrtemplate/o_-_40._COLOR_-_Pastel_Rouge.lrtemplate#01
=== RUN   TestRoundTrip_XMP_lrtemplate_XMP/FUJ_-_Negative_++_1.xmp
=== RUN   TestRoundTrip_lrtemplate_NP3_lrtemplate/10._E_-_Agfa_Optima_+_i.lrtemplate
=== PAUSE TestRoundTrip_XMP_lrtemplate_XMP/FUJ_-_Negative_++_1.xmp
=== RUN   TestRoundTrip_XMP_NP3_XMP/FUJ_-_Color_100_-_film.xmp#01
=== RUN   TestRoundTrip_XMP_lrtemplate_XMP/FUJ_-_Negative_+.xmp#01
=== PAUSE TestRoundTrip_lrtemplate_XMP_lrtemplate/o_-_40._COLOR_-_Pastel_Rouge.lrtemplate#01
=== PAUSE TestRoundTrip_XMP_NP3_XMP/FUJ_-_Color_100_-_film.xmp#01
=== PAUSE TestRoundTrip_XMP_lrtemplate_XMP/FUJ_-_Negative_+.xmp#01
=== PAUSE TestRoundTrip_lrtemplate_NP3_lrtemplate/10._E_-_Agfa_Optima_+_i.lrtemplate
=== RUN   TestRoundTrip_XMP_lrtemplate_XMP/FUJ_-_Negative_+_1.xmp
=== RUN   TestRoundTrip_lrtemplate_NP3_lrtemplate/11._E_-_Agfa_Optima_+_ii.lrtemplate
=== RUN   TestRoundTrip_lrtemplate_XMP_lrtemplate/o_-_41_-_o.lrtemplate#01
=== PAUSE TestRoundTrip_lrtemplate_NP3_lrtemplate/11._E_-_Agfa_Optima_+_ii.lrtemplate
=== PAUSE TestRoundTrip_lrtemplate_XMP_lrtemplate/o_-_41_-_o.lrtemplate#01
=== RUN   TestRoundTrip_XMP_NP3_XMP/FUJ_-_Color_100_-_warm.xmp#01
=== RUN   TestRoundTrip_lrtemplate_XMP_lrtemplate/o_-_42._LIGHTING_-_Auto_Set.lrtemplate#01
=== PAUSE TestRoundTrip_XMP_NP3_XMP/FUJ_-_Color_100_-_warm.xmp#01
=== PAUSE TestRoundTrip_XMP_lrtemplate_XMP/FUJ_-_Negative_+_1.xmp
=== PAUSE TestRoundTrip_lrtemplate_XMP_lrtemplate/o_-_42._LIGHTING_-_Auto_Set.lrtemplate#01
=== RUN   TestRoundTrip_XMP_lrtemplate_XMP/FUJ_-_Negative_-_boost.xmp#01
=== RUN   TestRoundTrip_lrtemplate_XMP_lrtemplate/o_-_43._LIGHTING_-_As_Shot.lrtemplate#01
=== PAUSE TestRoundTrip_XMP_lrtemplate_XMP/FUJ_-_Negative_-_boost.xmp#01
=== PAUSE TestRoundTrip_lrtemplate_XMP_lrtemplate/o_-_43._LIGHTING_-_As_Shot.lrtemplate#01
=== RUN   TestRoundTrip_lrtemplate_XMP_lrtemplate/o_-_44._LIGHTING_-_Flash.lrtemplate#01
=== PAUSE TestRoundTrip_lrtemplate_XMP_lrtemplate/o_-_44._LIGHTING_-_Flash.lrtemplate#01
=== RUN   TestRoundTrip_lrtemplate_NP3_lrtemplate/12._E_-_Agfa_Optima_+_iii.lrtemplate
=== RUN   TestRoundTrip_lrtemplate_XMP_lrtemplate/o_-_45._LIGHTING_-_Shade.lrtemplate#01
=== PAUSE TestRoundTrip_lrtemplate_XMP_lrtemplate/o_-_45._LIGHTING_-_Shade.lrtemplate#01
=== RUN   TestRoundTrip_XMP_NP3_XMP/FUJ_-_Color_100.xmp#01
=== RUN   TestRoundTrip_lrtemplate_XMP_lrtemplate/o_-_46._LIGHTING_-_Cloudy.lrtemplate#01
=== RUN   TestRoundTrip_XMP_lrtemplate_XMP/FUJ_-_Negative_-_boost_1.xmp
=== PAUSE TestRoundTrip_XMP_NP3_XMP/FUJ_-_Color_100.xmp#01
=== RUN   TestRoundTrip_XMP_NP3_XMP/FUJ_-_Fortia_50_++++.xmp#01
=== PAUSE TestRoundTrip_XMP_lrtemplate_XMP/FUJ_-_Negative_-_boost_1.xmp
=== PAUSE TestRoundTrip_lrtemplate_XMP_lrtemplate/o_-_46._LIGHTING_-_Cloudy.lrtemplate#01
=== RUN   TestRoundTrip_XMP_lrtemplate_XMP/FUJ_-_Negative_-_cool.xmp#01
=== RUN   TestRoundTrip_lrtemplate_XMP_lrtemplate/o_-_47._LIGHTING_-_Daylight.lrtemplate#01
=== PAUSE TestRoundTrip_XMP_NP3_XMP/FUJ_-_Fortia_50_++++.xmp#01
=== PAUSE TestRoundTrip_XMP_lrtemplate_XMP/FUJ_-_Negative_-_cool.xmp#01
=== PAUSE TestRoundTrip_lrtemplate_XMP_lrtemplate/o_-_47._LIGHTING_-_Daylight.lrtemplate#01
=== RUN   TestRoundTrip_XMP_NP3_XMP/FUJ_-_Fortia_50_+++.xmp#01
=== RUN   TestRoundTrip_XMP_lrtemplate_XMP/FUJ_-_Negative_-_film.xmp#01
=== RUN   TestRoundTrip_lrtemplate_XMP_lrtemplate/o_-_48._LIGHTING_-_Tungsten.lrtemplate#01
=== PAUSE TestRoundTrip_XMP_NP3_XMP/FUJ_-_Fortia_50_+++.xmp#01
=== PAUSE TestRoundTrip_XMP_lrtemplate_XMP/FUJ_-_Negative_-_film.xmp#01
=== RUN   TestRoundTrip_XMP_lrtemplate_XMP/FUJ_-_Negative_-_film_1.xmp
=== RUN   TestRoundTrip_XMP_NP3_XMP/FUJ_-_Fortia_50_++.xmp#01
=== PAUSE TestRoundTrip_lrtemplate_XMP_lrtemplate/o_-_48._LIGHTING_-_Tungsten.lrtemplate#01
=== RUN   TestRoundTrip_lrtemplate_XMP_lrtemplate/o_-_49._LIGHTING_-_Fluorescent.lrtemplate#01
=== PAUSE TestRoundTrip_XMP_lrtemplate_XMP/FUJ_-_Negative_-_film_1.xmp
=== PAUSE TestRoundTrip_XMP_NP3_XMP/FUJ_-_Fortia_50_++.xmp#01
=== PAUSE TestRoundTrip_lrtemplate_XMP_lrtemplate/o_-_49._LIGHTING_-_Fluorescent.lrtemplate#01
=== RUN   TestRoundTrip_XMP_lrtemplate_XMP/FUJ_-_Negative_-_warm.xmp#01
=== RUN   TestRoundTrip_XMP_NP3_XMP/FUJ_-_Fortia_50_+.xmp#01
=== RUN   TestRoundTrip_lrtemplate_XMP_lrtemplate/o_-_50_-_o.lrtemplate#01
=== PAUSE TestRoundTrip_XMP_lrtemplate_XMP/FUJ_-_Negative_-_warm.xmp#01
=== RUN   TestRoundTrip_XMP_lrtemplate_XMP/FUJ_-_Negative.xmp#01
=== PAUSE TestRoundTrip_XMP_NP3_XMP/FUJ_-_Fortia_50_+.xmp#01
=== PAUSE TestRoundTrip_XMP_lrtemplate_XMP/FUJ_-_Negative.xmp#01
=== RUN   TestRoundTrip_XMP_lrtemplate_XMP/FUJ_-_Negative_1.xmp
=== PAUSE TestRoundTrip_XMP_lrtemplate_XMP/FUJ_-_Negative_1.xmp
=== PAUSE TestRoundTrip_lrtemplate_XMP_lrtemplate/o_-_50_-_o.lrtemplate#01
=== RUN   TestRoundTrip_XMP_lrtemplate_XMP/FUJ_-_Neopan_+++.xmp
=== RUN   TestRoundTrip_lrtemplate_XMP_lrtemplate/00_-_o.lrtemplate
=== PAUSE TestRoundTrip_XMP_lrtemplate_XMP/FUJ_-_Neopan_+++.xmp
=== RUN   TestRoundTrip_XMP_lrtemplate_XMP/FUJ_-_Neopan_++.xmp
=== PAUSE TestRoundTrip_XMP_lrtemplate_XMP/FUJ_-_Neopan_++.xmp
=== PAUSE TestRoundTrip_lrtemplate_XMP_lrtemplate/00_-_o.lrtemplate
=== PAUSE TestRoundTrip_lrtemplate_NP3_lrtemplate/12._E_-_Agfa_Optima_+_iii.lrtemplate
=== RUN   TestRoundTrip_XMP_NP3_XMP/FUJ_-_Fortia_50_-_boost.xmp#01
=== RUN   TestRoundTrip_XMP_lrtemplate_XMP/FUJ_-_Neopan_+.xmp
=== PAUSE TestRoundTrip_XMP_NP3_XMP/FUJ_-_Fortia_50_-_boost.xmp#01
=== PAUSE TestRoundTrip_XMP_lrtemplate_XMP/FUJ_-_Neopan_+.xmp
=== RUN   TestRoundTrip_XMP_lrtemplate_XMP/FUJ_-_Neopan_-_boost.xmp
=== RUN   TestRoundTrip_lrtemplate_NP3_lrtemplate/13._E_-_Agfa_Optima_+_iiii.lrtemplate
=== PAUSE TestRoundTrip_XMP_lrtemplate_XMP/FUJ_-_Neopan_-_boost.xmp
=== RUN   TestRoundTrip_XMP_lrtemplate_XMP/FUJ_-_Neopan_-_film.xmp
=== PAUSE TestRoundTrip_lrtemplate_NP3_lrtemplate/13._E_-_Agfa_Optima_+_iiii.lrtemplate
=== RUN   TestRoundTrip_lrtemplate_NP3_lrtemplate/14._E_-_Agfa_Optima_+_iiiii.lrtemplate
=== PAUSE TestRoundTrip_XMP_lrtemplate_XMP/FUJ_-_Neopan_-_film.xmp
=== RUN   TestRoundTrip_XMP_lrtemplate_XMP/FUJ_-_Neopan.xmp
=== RUN   TestRoundTrip_XMP_NP3_XMP/FUJ_-_Fortia_50_-_cool.xmp#01
=== PAUSE TestRoundTrip_XMP_lrtemplate_XMP/FUJ_-_Neopan.xmp
=== RUN   TestRoundTrip_XMP_lrtemplate_XMP/FUJ_-_PRO_160_++++.xmp#01
=== PAUSE TestRoundTrip_XMP_lrtemplate_XMP/FUJ_-_PRO_160_++++.xmp#01
=== PAUSE TestRoundTrip_XMP_NP3_XMP/FUJ_-_Fortia_50_-_cool.xmp#01
=== RUN   TestRoundTrip_XMP_lrtemplate_XMP/FUJ_-_PRO_160_+++.xmp#01
=== RUN   TestRoundTrip_XMP_NP3_XMP/FUJ_-_Fortia_50_-_film.xmp#01
=== PAUSE TestRoundTrip_XMP_lrtemplate_XMP/FUJ_-_PRO_160_+++.xmp#01
=== PAUSE TestRoundTrip_XMP_NP3_XMP/FUJ_-_Fortia_50_-_film.xmp#01
=== RUN   TestRoundTrip_XMP_lrtemplate_XMP/FUJ_-_PRO_160_++.xmp#01
=== PAUSE TestRoundTrip_XMP_lrtemplate_XMP/FUJ_-_PRO_160_++.xmp#01
=== RUN   TestRoundTrip_XMP_NP3_XMP/FUJ_-_Fortia_50_-_warm.xmp#01
=== RUN   TestRoundTrip_XMP_lrtemplate_XMP/FUJ_-_PRO_160_+.xmp#01
=== RUN   TestRoundTrip_lrtemplate_XMP_lrtemplate/00._E_-_auto_tone___.lrtemplate
=== PAUSE TestRoundTrip_lrtemplate_XMP_lrtemplate/00._E_-_auto_tone___.lrtemplate
=== PAUSE TestRoundTrip_XMP_NP3_XMP/FUJ_-_Fortia_50_-_warm.xmp#01
=== PAUSE TestRoundTrip_lrtemplate_NP3_lrtemplate/14._E_-_Agfa_Optima_+_iiiii.lrtemplate
=== RUN   TestRoundTrip_lrtemplate_XMP_lrtemplate/00._E_-_auto_wb___.lrtemplate
=== RUN   TestRoundTrip_XMP_NP3_XMP/FUJ_-_Fortia_50.xmp#01
=== PAUSE TestRoundTrip_XMP_NP3_XMP/FUJ_-_Fortia_50.xmp#01
=== RUN   TestRoundTrip_lrtemplate_NP3_lrtemplate/15._E_-_Agfa_Optima_+_fade.lrtemplate
=== PAUSE TestRoundTrip_lrtemplate_NP3_lrtemplate/15._E_-_Agfa_Optima_+_fade.lrtemplate
=== PAUSE TestRoundTrip_XMP_lrtemplate_XMP/FUJ_-_PRO_160_+.xmp#01
=== RUN   TestRoundTrip_lrtemplate_NP3_lrtemplate/16._E_-_Agfa_Optima_+_cool.lrtemplate
=== RUN   TestRoundTrip_XMP_lrtemplate_XMP/FUJ_-_PRO_160_-_boost.xmp#01
=== PAUSE TestRoundTrip_XMP_lrtemplate_XMP/FUJ_-_PRO_160_-_boost.xmp#01
=== RUN   TestRoundTrip_XMP_NP3_XMP/FUJ_-_Negative_++++.xmp#01
=== RUN   TestRoundTrip_XMP_lrtemplate_XMP/FUJ_-_PRO_160_-_cool.xmp#01
=== PAUSE TestRoundTrip_XMP_NP3_XMP/FUJ_-_Negative_++++.xmp#01
=== PAUSE TestRoundTrip_lrtemplate_NP3_lrtemplate/16._E_-_Agfa_Optima_+_cool.lrtemplate
=== RUN   TestRoundTrip_XMP_NP3_XMP/FUJ_-_Negative_+++.xmp#01
=== RUN   TestRoundTrip_lrtemplate_NP3_lrtemplate/17._E_-_Agfa_Optima_+_warm.lrtemplate
=== PAUSE TestRoundTrip_XMP_NP3_XMP/FUJ_-_Negative_+++.xmp#01
=== RUN   TestRoundTrip_XMP_NP3_XMP/FUJ_-_Negative_+++_1.xmp
=== PAUSE TestRoundTrip_lrtemplate_NP3_lrtemplate/17._E_-_Agfa_Optima_+_warm.lrtemplate
=== PAUSE TestRoundTrip_XMP_NP3_XMP/FUJ_-_Negative_+++_1.xmp
=== RUN   TestRoundTrip_lrtemplate_NP3_lrtemplate/18._E_-_Agfa_Optima_+_punch.lrtemplate
=== PAUSE TestRoundTrip_XMP_lrtemplate_XMP/FUJ_-_PRO_160_-_cool.xmp#01
=== PAUSE TestRoundTrip_lrtemplate_XMP_lrtemplate/00._E_-_auto_wb___.lrtemplate
=== RUN   TestRoundTrip_XMP_lrtemplate_XMP/FUJ_-_PRO_160_-_film.xmp#01
=== RUN   TestRoundTrip_lrtemplate_XMP_lrtemplate/00._E_-_grain_x__.lrtemplate
=== PAUSE TestRoundTrip_XMP_lrtemplate_XMP/FUJ_-_PRO_160_-_film.xmp#01
=== RUN   TestRoundTrip_XMP_NP3_XMP/FUJ_-_Negative_++.xmp#01
=== RUN   TestRoundTrip_XMP_lrtemplate_XMP/FUJ_-_PRO_160_-_warm.xmp#01
=== PAUSE TestRoundTrip_lrtemplate_NP3_lrtemplate/18._E_-_Agfa_Optima_+_punch.lrtemplate
=== PAUSE TestRoundTrip_XMP_lrtemplate_XMP/FUJ_-_PRO_160_-_warm.xmp#01
=== PAUSE TestRoundTrip_lrtemplate_XMP_lrtemplate/00._E_-_grain_x__.lrtemplate
=== RUN   TestRoundTrip_lrtemplate_NP3_lrtemplate/19._E_-_Agfa_Vista_+_i.lrtemplate
=== RUN   TestRoundTrip_XMP_lrtemplate_XMP/FUJ_-_PRO_160.xmp#01
=== PAUSE TestRoundTrip_lrtemplate_NP3_lrtemplate/19._E_-_Agfa_Vista_+_i.lrtemplate
=== PAUSE TestRoundTrip_XMP_lrtemplate_XMP/FUJ_-_PRO_160.xmp#01
=== RUN   TestRoundTrip_XMP_lrtemplate_XMP/FUJ_-_Provia_100F_++++.xmp#01
=== PAUSE TestRoundTrip_XMP_NP3_XMP/FUJ_-_Negative_++.xmp#01
=== PAUSE TestRoundTrip_XMP_lrtemplate_XMP/FUJ_-_Provia_100F_++++.xmp#01
=== RUN   TestRoundTrip_XMP_NP3_XMP/FUJ_-_Negative_++_1.xmp
=== PAUSE TestRoundTrip_XMP_NP3_XMP/FUJ_-_Negative_++_1.xmp
=== RUN   TestRoundTrip_lrtemplate_XMP_lrtemplate/00._E_-_o___.lrtemplate
=== PAUSE TestRoundTrip_lrtemplate_XMP_lrtemplate/00._E_-_o___.lrtemplate
=== RUN   TestRoundTrip_lrtemplate_NP3_lrtemplate/20._E_-_Agfa_Vista_+_ii.lrtemplate
=== RUN   TestRoundTrip_lrtemplate_XMP_lrtemplate/01._E_-_Agfa_Portrait_+_i.lrtemplate
=== PAUSE TestRoundTrip_lrtemplate_XMP_lrtemplate/01._E_-_Agfa_Portrait_+_i.lrtemplate
=== PAUSE TestRoundTrip_lrtemplate_NP3_lrtemplate/20._E_-_Agfa_Vista_+_ii.lrtemplate
=== RUN   TestRoundTrip_lrtemplate_XMP_lrtemplate/02._E_-_Agfa_Portrait_+_ii.lrtemplate
=== RUN   TestRoundTrip_XMP_lrtemplate_XMP/FUJ_-_Provia_100F_+++.xmp#01
=== PAUSE TestRoundTrip_lrtemplate_XMP_lrtemplate/02._E_-_Agfa_Portrait_+_ii.lrtemplate
=== RUN   TestRoundTrip_lrtemplate_XMP_lrtemplate/03._E_-_Agfa_Portrait_+_iii.lrtemplate
=== PAUSE TestRoundTrip_XMP_lrtemplate_XMP/FUJ_-_Provia_100F_+++.xmp#01
=== RUN   TestRoundTrip_XMP_NP3_XMP/FUJ_-_Negative_+.xmp#01
=== PAUSE TestRoundTrip_lrtemplate_XMP_lrtemplate/03._E_-_Agfa_Portrait_+_iii.lrtemplate
=== RUN   TestRoundTrip_lrtemplate_NP3_lrtemplate/21._E_-_Agfa_Vista_+_iii.lrtemplate
=== RUN   TestRoundTrip_lrtemplate_XMP_lrtemplate/04._E_-_Agfa_Portrait_+_iiii.lrtemplate
=== PAUSE TestRoundTrip_lrtemplate_NP3_lrtemplate/21._E_-_Agfa_Vista_+_iii.lrtemplate
=== PAUSE TestRoundTrip_XMP_NP3_XMP/FUJ_-_Negative_+.xmp#01
=== RUN   TestRoundTrip_lrtemplate_NP3_lrtemplate/22._E_-_Agfa_Vista_+_iiii.lrtemplate
=== PAUSE TestRoundTrip_lrtemplate_XMP_lrtemplate/04._E_-_Agfa_Portrait_+_iiii.lrtemplate
=== RUN   TestRoundTrip_XMP_NP3_XMP/FUJ_-_Negative_+_1.xmp
=== RUN   TestRoundTrip_lrtemplate_XMP_lrtemplate/05._E_-_Agfa_Portrait_+_iiiii.lrtemplate
=== PAUSE TestRoundTrip_XMP_NP3_XMP/FUJ_-_Negative_+_1.xmp
=== PAUSE TestRoundTrip_lrtemplate_XMP_lrtemplate/05._E_-_Agfa_Portrait_+_iiiii.lrtemplate
=== RUN   TestRoundTrip_lrtemplate_XMP_lrtemplate/06._E_-_Agfa_Portrait_+_fade.lrtemplate
=== RUN   TestRoundTrip_XMP_lrtemplate_XMP/FUJ_-_Provia_100F_++.xmp#01
=== PAUSE TestRoundTrip_lrtemplate_XMP_lrtemplate/06._E_-_Agfa_Portrait_+_fade.lrtemplate
=== RUN   TestRoundTrip_XMP_NP3_XMP/FUJ_-_Negative_-_boost.xmp#01
=== RUN   TestRoundTrip_lrtemplate_XMP_lrtemplate/07._E_-_Agfa_Portrait_+_cool.lrtemplate
=== PAUSE TestRoundTrip_XMP_NP3_XMP/FUJ_-_Negative_-_boost.xmp#01
=== RUN   TestRoundTrip_XMP_NP3_XMP/FUJ_-_Negative_-_boost_1.xmp
=== PAUSE TestRoundTrip_lrtemplate_NP3_lrtemplate/22._E_-_Agfa_Vista_+_iiii.lrtemplate
=== PAUSE TestRoundTrip_XMP_NP3_XMP/FUJ_-_Negative_-_boost_1.xmp
=== RUN   TestRoundTrip_XMP_NP3_XMP/FUJ_-_Negative_-_cool.xmp#01
=== RUN   TestRoundTrip_lrtemplate_NP3_lrtemplate/23._E_-_Agfa_Vista_+_iiiii.lrtemplate
=== PAUSE TestRoundTrip_XMP_NP3_XMP/FUJ_-_Negative_-_cool.xmp#01
=== PAUSE TestRoundTrip_lrtemplate_NP3_lrtemplate/23._E_-_Agfa_Vista_+_iiiii.lrtemplate
=== PAUSE TestRoundTrip_lrtemplate_XMP_lrtemplate/07._E_-_Agfa_Portrait_+_cool.lrtemplate
=== RUN   TestRoundTrip_lrtemplate_NP3_lrtemplate/24._E_-_Agfa_Vista_+_fade.lrtemplate
=== PAUSE TestRoundTrip_XMP_lrtemplate_XMP/FUJ_-_Provia_100F_++.xmp#01
=== RUN   TestRoundTrip_lrtemplate_XMP_lrtemplate/08._E_-_Agfa_Portrait_+_warm.lrtemplate
=== RUN   TestRoundTrip_XMP_lrtemplate_XMP/FUJ_-_Provia_100F_+.xmp#01
=== PAUSE TestRoundTrip_lrtemplate_NP3_lrtemplate/24._E_-_Agfa_Vista_+_fade.lrtemplate
=== RUN   TestRoundTrip_XMP_NP3_XMP/FUJ_-_Negative_-_film.xmp#01
=== PAUSE TestRoundTrip_XMP_lrtemplate_XMP/FUJ_-_Provia_100F_+.xmp#01
=== RUN   TestRoundTrip_lrtemplate_NP3_lrtemplate/25._E_-_Agfa_Vista_+_cool.lrtemplate
=== PAUSE TestRoundTrip_lrtemplate_XMP_lrtemplate/08._E_-_Agfa_Portrait_+_warm.lrtemplate
=== RUN   TestRoundTrip_XMP_lrtemplate_XMP/FUJ_-_Provia_100F_-_boost.xmp#01
=== RUN   TestRoundTrip_lrtemplate_XMP_lrtemplate/09._E_-_Agfa_Portrait_+_punch.lrtemplate
=== PAUSE TestRoundTrip_XMP_lrtemplate_XMP/FUJ_-_Provia_100F_-_boost.xmp#01
=== PAUSE TestRoundTrip_lrtemplate_NP3_lrtemplate/25._E_-_Agfa_Vista_+_cool.lrtemplate
=== RUN   TestRoundTrip_XMP_lrtemplate_XMP/FUJ_-_Provia_100F_-_cool.xmp#01
=== RUN   TestRoundTrip_lrtemplate_NP3_lrtemplate/26._E_-_Agfa_Vista_+_warm.lrtemplate
=== PAUSE TestRoundTrip_XMP_NP3_XMP/FUJ_-_Negative_-_film.xmp#01
=== PAUSE TestRoundTrip_lrtemplate_NP3_lrtemplate/26._E_-_Agfa_Vista_+_warm.lrtemplate
=== RUN   TestRoundTrip_XMP_NP3_XMP/FUJ_-_Negative_-_film_1.xmp
=== RUN   TestRoundTrip_lrtemplate_NP3_lrtemplate/27._E_-_Agfa_Vista_+_punch.lrtemplate
=== PAUSE TestRoundTrip_XMP_NP3_XMP/FUJ_-_Negative_-_film_1.xmp
=== PAUSE TestRoundTrip_lrtemplate_NP3_lrtemplate/27._E_-_Agfa_Vista_+_punch.lrtemplate
=== RUN   TestRoundTrip_XMP_NP3_XMP/FUJ_-_Negative_-_warm.xmp#01
=== RUN   TestRoundTrip_lrtemplate_NP3_lrtemplate/28._E_-_Agfa_Ultra_+_i.lrtemplate
=== PAUSE TestRoundTrip_XMP_lrtemplate_XMP/FUJ_-_Provia_100F_-_cool.xmp#01
=== RUN   TestRoundTrip_XMP_lrtemplate_XMP/FUJ_-_Provia_100F_-_film.xmp#01
=== PAUSE TestRoundTrip_lrtemplate_XMP_lrtemplate/09._E_-_Agfa_Portrait_+_punch.lrtemplate
=== PAUSE TestRoundTrip_XMP_lrtemplate_XMP/FUJ_-_Provia_100F_-_film.xmp#01
=== RUN   TestRoundTrip_lrtemplate_XMP_lrtemplate/10._E_-_Agfa_Optima_+_i.lrtemplate
=== RUN   TestRoundTrip_XMP_lrtemplate_XMP/FUJ_-_Provia_100F_-_warm.xmp#01
=== PAUSE TestRoundTrip_XMP_NP3_XMP/FUJ_-_Negative_-_warm.xmp#01
=== PAUSE TestRoundTrip_lrtemplate_NP3_lrtemplate/28._E_-_Agfa_Ultra_+_i.lrtemplate
=== RUN   TestRoundTrip_XMP_NP3_XMP/FUJ_-_Negative.xmp#01
=== RUN   TestRoundTrip_lrtemplate_NP3_lrtemplate/29._E_-_Agfa_Ultra_+_ii.lrtemplate
=== PAUSE TestRoundTrip_XMP_NP3_XMP/FUJ_-_Negative.xmp#01
=== PAUSE TestRoundTrip_lrtemplate_XMP_lrtemplate/10._E_-_Agfa_Optima_+_i.lrtemplate
=== PAUSE TestRoundTrip_lrtemplate_NP3_lrtemplate/29._E_-_Agfa_Ultra_+_ii.lrtemplate
=== RUN   TestRoundTrip_lrtemplate_XMP_lrtemplate/11._E_-_Agfa_Optima_+_ii.lrtemplate
=== PAUSE TestRoundTrip_XMP_lrtemplate_XMP/FUJ_-_Provia_100F_-_warm.xmp#01
=== RUN   TestRoundTrip_XMP_NP3_XMP/FUJ_-_Negative_1.xmp
=== RUN   TestRoundTrip_lrtemplate_NP3_lrtemplate/30._E_-_Agfa_Ultra_+_iii.lrtemplate
=== PAUSE TestRoundTrip_lrtemplate_XMP_lrtemplate/11._E_-_Agfa_Optima_+_ii.lrtemplate
=== RUN   TestRoundTrip_XMP_lrtemplate_XMP/FUJ_-_Provia_100F.xmp#01
=== RUN   TestRoundTrip_lrtemplate_XMP_lrtemplate/12._E_-_Agfa_Optima_+_iii.lrtemplate
=== PAUSE TestRoundTrip_XMP_lrtemplate_XMP/FUJ_-_Provia_100F.xmp#01
=== PAUSE TestRoundTrip_XMP_NP3_XMP/FUJ_-_Negative_1.xmp
=== RUN   TestRoundTrip_XMP_lrtemplate_XMP/FUJ_-_Sensia_100_++++.xmp#01
=== RUN   TestRoundTrip_XMP_NP3_XMP/FUJ_-_Neopan_+++.xmp
=== PAUSE TestRoundTrip_XMP_lrtemplate_XMP/FUJ_-_Sensia_100_++++.xmp#01
=== PAUSE TestRoundTrip_lrtemplate_NP3_lrtemplate/30._E_-_Agfa_Ultra_+_iii.lrtemplate
=== RUN   TestRoundTrip_XMP_lrtemplate_XMP/FUJ_-_Sensia_100_+++.xmp#01
=== PAUSE TestRoundTrip_XMP_lrtemplate_XMP/FUJ_-_Sensia_100_+++.xmp#01
=== RUN   TestRoundTrip_lrtemplate_NP3_lrtemplate/31._E_-_Agfa_Ultra_+_iiii.lrtemplate
=== RUN   TestRoundTrip_XMP_lrtemplate_XMP/FUJ_-_Sensia_100_++.xmp#01
=== PAUSE TestRoundTrip_lrtemplate_XMP_lrtemplate/12._E_-_Agfa_Optima_+_iii.lrtemplate
=== PAUSE TestRoundTrip_XMP_lrtemplate_XMP/FUJ_-_Sensia_100_++.xmp#01
=== PAUSE TestRoundTrip_lrtemplate_NP3_lrtemplate/31._E_-_Agfa_Ultra_+_iiii.lrtemplate
=== RUN   TestRoundTrip_XMP_lrtemplate_XMP/FUJ_-_Sensia_100_+.xmp#01
=== RUN   TestRoundTrip_lrtemplate_NP3_lrtemplate/32._E_-_Agfa_Ultra_+_iiiii.lrtemplate
=== PAUSE TestRoundTrip_XMP_NP3_XMP/FUJ_-_Neopan_+++.xmp
=== PAUSE TestRoundTrip_XMP_lrtemplate_XMP/FUJ_-_Sensia_100_+.xmp#01
=== RUN   TestRoundTrip_XMP_lrtemplate_XMP/FUJ_-_Sensia_100_-_boost.xmp#01
=== RUN   TestRoundTrip_XMP_NP3_XMP/FUJ_-_Neopan_++.xmp
=== RUN   TestRoundTrip_lrtemplate_XMP_lrtemplate/13._E_-_Agfa_Optima_+_iiii.lrtemplate
=== PAUSE TestRoundTrip_XMP_lrtemplate_XMP/FUJ_-_Sensia_100_-_boost.xmp#01
=== PAUSE TestRoundTrip_XMP_NP3_XMP/FUJ_-_Neopan_++.xmp
=== PAUSE TestRoundTrip_lrtemplate_XMP_lrtemplate/13._E_-_Agfa_Optima_+_iiii.lrtemplate
=== RUN   TestRoundTrip_XMP_NP3_XMP/FUJ_-_Neopan_+.xmp
=== RUN   TestRoundTrip_lrtemplate_XMP_lrtemplate/14._E_-_Agfa_Optima_+_iiiii.lrtemplate
=== PAUSE TestRoundTrip_XMP_NP3_XMP/FUJ_-_Neopan_+.xmp
=== RUN   TestRoundTrip_XMP_lrtemplate_XMP/FUJ_-_Sensia_100_-_cool.xmp#01
=== PAUSE TestRoundTrip_lrtemplate_XMP_lrtemplate/14._E_-_Agfa_Optima_+_iiiii.lrtemplate
=== RUN   TestRoundTrip_lrtemplate_XMP_lrtemplate/15._E_-_Agfa_Optima_+_fade.lrtemplate
=== PAUSE TestRoundTrip_lrtemplate_XMP_lrtemplate/15._E_-_Agfa_Optima_+_fade.lrtemplate
=== PAUSE TestRoundTrip_lrtemplate_NP3_lrtemplate/32._E_-_Agfa_Ultra_+_iiiii.lrtemplate
=== RUN   TestRoundTrip_lrtemplate_XMP_lrtemplate/16._E_-_Agfa_Optima_+_cool.lrtemplate
=== RUN   TestRoundTrip_lrtemplate_NP3_lrtemplate/33._E_-_Agfa_Ultra_+_fade.lrtemplate
=== PAUSE TestRoundTrip_lrtemplate_XMP_lrtemplate/16._E_-_Agfa_Optima_+_cool.lrtemplate
=== RUN   TestRoundTrip_XMP_NP3_XMP/FUJ_-_Neopan_-_boost.xmp
=== RUN   TestRoundTrip_lrtemplate_XMP_lrtemplate/17._E_-_Agfa_Optima_+_warm.lrtemplate
=== PAUSE TestRoundTrip_XMP_NP3_XMP/FUJ_-_Neopan_-_boost.xmp
=== PAUSE TestRoundTrip_lrtemplate_XMP_lrtemplate/17._E_-_Agfa_Optima_+_warm.lrtemplate
=== PAUSE TestRoundTrip_lrtemplate_NP3_lrtemplate/33._E_-_Agfa_Ultra_+_fade.lrtemplate
=== PAUSE TestRoundTrip_XMP_lrtemplate_XMP/FUJ_-_Sensia_100_-_cool.xmp#01
=== RUN   TestRoundTrip_lrtemplate_XMP_lrtemplate/18._E_-_Agfa_Optima_+_punch.lrtemplate
=== RUN   TestRoundTrip_lrtemplate_NP3_lrtemplate/34._E_-_Agfa_Ultra_+_cool.lrtemplate
=== RUN   TestRoundTrip_XMP_lrtemplate_XMP/FUJ_-_Sensia_100_-_film.xmp#01
=== PAUSE TestRoundTrip_lrtemplate_XMP_lrtemplate/18._E_-_Agfa_Optima_+_punch.lrtemplate
=== RUN   TestRoundTrip_lrtemplate_XMP_lrtemplate/19._E_-_Agfa_Vista_+_i.lrtemplate
=== PAUSE TestRoundTrip_lrtemplate_NP3_lrtemplate/34._E_-_Agfa_Ultra_+_cool.lrtemplate
=== RUN   TestRoundTrip_XMP_NP3_XMP/FUJ_-_Neopan_-_film.xmp
=== RUN   TestRoundTrip_lrtemplate_NP3_lrtemplate/35._E_-_Agfa_Ultra_+_warm.lrtemplate
=== PAUSE TestRoundTrip_XMP_lrtemplate_XMP/FUJ_-_Sensia_100_-_film.xmp#01
=== RUN   TestRoundTrip_XMP_lrtemplate_XMP/FUJ_-_Sensia_100_-_warm.xmp#01
=== PAUSE TestRoundTrip_XMP_lrtemplate_XMP/FUJ_-_Sensia_100_-_warm.xmp#01
=== PAUSE TestRoundTrip_lrtemplate_XMP_lrtemplate/19._E_-_Agfa_Vista_+_i.lrtemplate
=== RUN   TestRoundTrip_XMP_lrtemplate_XMP/FUJ_-_Sensia_100.xmp#01
=== RUN   TestRoundTrip_lrtemplate_XMP_lrtemplate/20._E_-_Agfa_Vista_+_ii.lrtemplate
=== PAUSE TestRoundTrip_XMP_lrtemplate_XMP/FUJ_-_Sensia_100.xmp#01
=== PAUSE TestRoundTrip_lrtemplate_NP3_lrtemplate/35._E_-_Agfa_Ultra_+_warm.lrtemplate
=== RUN   TestRoundTrip_XMP_lrtemplate_XMP/FUJ_-_Superia_400_++++.xmp#01
=== PAUSE TestRoundTrip_XMP_NP3_XMP/FUJ_-_Neopan_-_film.xmp
=== RUN   TestRoundTrip_lrtemplate_NP3_lrtemplate/36._E_-_Agfa_Ultra_+_punch.lrtemplate
=== PAUSE TestRoundTrip_XMP_lrtemplate_XMP/FUJ_-_Superia_400_++++.xmp#01
=== PAUSE TestRoundTrip_lrtemplate_NP3_lrtemplate/36._E_-_Agfa_Ultra_+_punch.lrtemplate
=== PAUSE TestRoundTrip_lrtemplate_XMP_lrtemplate/20._E_-_Agfa_Vista_+_ii.lrtemplate
=== RUN   TestRoundTrip_XMP_lrtemplate_XMP/FUJ_-_Superia_400_+++.xmp#01
=== RUN   TestRoundTrip_XMP_NP3_XMP/FUJ_-_Neopan.xmp
=== PAUSE TestRoundTrip_XMP_lrtemplate_XMP/FUJ_-_Superia_400_+++.xmp#01
=== RUN   TestRoundTrip_lrtemplate_NP3_lrtemplate/37._E_-_Agfa_RSX_+_i.lrtemplate
=== PAUSE TestRoundTrip_XMP_NP3_XMP/FUJ_-_Neopan.xmp
=== RUN   TestRoundTrip_lrtemplate_XMP_lrtemplate/21._E_-_Agfa_Vista_+_iii.lrtemplate
=== RUN   TestRoundTrip_XMP_NP3_XMP/FUJ_-_PRO_160_++++.xmp#01
=== RUN   TestRoundTrip_XMP_lrtemplate_XMP/FUJ_-_Superia_400_++.xmp#01
=== PAUSE TestRoundTrip_XMP_NP3_XMP/FUJ_-_PRO_160_++++.xmp#01
=== PAUSE TestRoundTrip_XMP_lrtemplate_XMP/FUJ_-_Superia_400_++.xmp#01
=== RUN   TestRoundTrip_XMP_NP3_XMP/FUJ_-_PRO_160_+++.xmp#01
=== PAUSE TestRoundTrip_lrtemplate_XMP_lrtemplate/21._E_-_Agfa_Vista_+_iii.lrtemplate
=== RUN   TestRoundTrip_XMP_lrtemplate_XMP/FUJ_-_Superia_400_+.xmp#01
=== RUN   TestRoundTrip_lrtemplate_XMP_lrtemplate/22._E_-_Agfa_Vista_+_iiii.lrtemplate
=== PAUSE TestRoundTrip_XMP_NP3_XMP/FUJ_-_PRO_160_+++.xmp#01
=== PAUSE TestRoundTrip_XMP_lrtemplate_XMP/FUJ_-_Superia_400_+.xmp#01
=== RUN   TestRoundTrip_XMP_NP3_XMP/FUJ_-_PRO_160_++.xmp#01
=== RUN   TestRoundTrip_XMP_lrtemplate_XMP/FUJ_-_Superia_400_-_boost.xmp#01
=== PAUSE TestRoundTrip_XMP_NP3_XMP/FUJ_-_PRO_160_++.xmp#01
=== RUN   TestRoundTrip_XMP_NP3_XMP/FUJ_-_PRO_160_+.xmp#01
=== PAUSE TestRoundTrip_lrtemplate_NP3_lrtemplate/37._E_-_Agfa_RSX_+_i.lrtemplate
=== RUN   TestRoundTrip_lrtemplate_NP3_lrtemplate/38._E_-_Agfa_RSX_+_ii.lrtemplate
=== PAUSE TestRoundTrip_XMP_lrtemplate_XMP/FUJ_-_Superia_400_-_boost.xmp#01
=== PAUSE TestRoundTrip_XMP_NP3_XMP/FUJ_-_PRO_160_+.xmp#01
=== PAUSE TestRoundTrip_lrtemplate_NP3_lrtemplate/38._E_-_Agfa_RSX_+_ii.lrtemplate
=== RUN   TestRoundTrip_XMP_NP3_XMP/FUJ_-_PRO_160_-_boost.xmp#01
=== PAUSE TestRoundTrip_XMP_NP3_XMP/FUJ_-_PRO_160_-_boost.xmp#01
=== RUN   TestRoundTrip_XMP_NP3_XMP/FUJ_-_PRO_160_-_cool.xmp#01
=== RUN   TestRoundTrip_XMP_lrtemplate_XMP/FUJ_-_Superia_400_-_cool.xmp#01
=== PAUSE TestRoundTrip_XMP_lrtemplate_XMP/FUJ_-_Superia_400_-_cool.xmp#01
=== PAUSE TestRoundTrip_XMP_NP3_XMP/FUJ_-_PRO_160_-_cool.xmp#01
=== RUN   TestRoundTrip_XMP_lrtemplate_XMP/FUJ_-_Superia_400_-_film.xmp#01
=== RUN   TestRoundTrip_lrtemplate_NP3_lrtemplate/39._E_-_Agfa_RSX_+_iii.lrtemplate
=== PAUSE TestRoundTrip_XMP_lrtemplate_XMP/FUJ_-_Superia_400_-_film.xmp#01
=== RUN   TestRoundTrip_XMP_lrtemplate_XMP/FUJ_-_Superia_400_-_warm.xmp#01
=== PAUSE TestRoundTrip_lrtemplate_NP3_lrtemplate/39._E_-_Agfa_RSX_+_iii.lrtemplate
=== PAUSE TestRoundTrip_XMP_lrtemplate_XMP/FUJ_-_Superia_400_-_warm.xmp#01
=== RUN   TestRoundTrip_lrtemplate_NP3_lrtemplate/40._E_-_Agfa_RSX_+_iiii.lrtemplate
=== PAUSE TestRoundTrip_lrtemplate_XMP_lrtemplate/22._E_-_Agfa_Vista_+_iiii.lrtemplate
=== RUN   TestRoundTrip_lrtemplate_XMP_lrtemplate/23._E_-_Agfa_Vista_+_iiiii.lrtemplate
=== PAUSE TestRoundTrip_lrtemplate_XMP_lrtemplate/23._E_-_Agfa_Vista_+_iiiii.lrtemplate
=== RUN   TestRoundTrip_XMP_NP3_XMP/FUJ_-_PRO_160_-_film.xmp#01
=== RUN   TestRoundTrip_lrtemplate_XMP_lrtemplate/24._E_-_Agfa_Vista_+_fade.lrtemplate
=== PAUSE TestRoundTrip_XMP_NP3_XMP/FUJ_-_PRO_160_-_film.xmp#01
=== PAUSE TestRoundTrip_lrtemplate_XMP_lrtemplate/24._E_-_Agfa_Vista_+_fade.lrtemplate
=== RUN   TestRoundTrip_XMP_lrtemplate_XMP/FUJ_-_Superia_400.xmp#01
=== RUN   TestRoundTrip_lrtemplate_XMP_lrtemplate/25._E_-_Agfa_Vista_+_cool.lrtemplate
=== PAUSE TestRoundTrip_lrtemplate_XMP_lrtemplate/25._E_-_Agfa_Vista_+_cool.lrtemplate
=== RUN   TestRoundTrip_lrtemplate_XMP_lrtemplate/26._E_-_Agfa_Vista_+_warm.lrtemplate
=== PAUSE TestRoundTrip_lrtemplate_NP3_lrtemplate/40._E_-_Agfa_RSX_+_iiii.lrtemplate
=== PAUSE TestRoundTrip_XMP_lrtemplate_XMP/FUJ_-_Superia_400.xmp#01
=== RUN   TestRoundTrip_XMP_NP3_XMP/FUJ_-_PRO_160_-_warm.xmp#01
=== PAUSE TestRoundTrip_lrtemplate_XMP_lrtemplate/26._E_-_Agfa_Vista_+_warm.lrtemplate
=== RUN   TestRoundTrip_lrtemplate_NP3_lrtemplate/41._E_-_Agfa_RSX_+_iiiii.lrtemplate
=== PAUSE TestRoundTrip_XMP_NP3_XMP/FUJ_-_PRO_160_-_warm.xmp#01
=== PAUSE TestRoundTrip_lrtemplate_NP3_lrtemplate/41._E_-_Agfa_RSX_+_iiiii.lrtemplate
=== RUN   TestRoundTrip_XMP_NP3_XMP/FUJ_-_PRO_160.xmp#01
=== RUN   TestRoundTrip_lrtemplate_XMP_lrtemplate/27._E_-_Agfa_Vista_+_punch.lrtemplate
=== PAUSE TestRoundTrip_XMP_NP3_XMP/FUJ_-_PRO_160.xmp#01
=== RUN   TestRoundTrip_lrtemplate_NP3_lrtemplate/42._E_-_Agfa_RSX_+_fade.lrtemplate
=== RUN   TestRoundTrip_XMP_lrtemplate_XMP/FUJ_-_Superia_800_++++.xmp#01
=== PAUSE TestRoundTrip_lrtemplate_NP3_lrtemplate/42._E_-_Agfa_RSX_+_fade.lrtemplate
=== RUN   TestRoundTrip_XMP_NP3_XMP/FUJ_-_Provia_100F_++++.xmp#01
=== RUN   TestRoundTrip_lrtemplate_NP3_lrtemplate/43._E_-_Agfa_RSX_+_cool.lrtemplate
=== PAUSE TestRoundTrip_XMP_NP3_XMP/FUJ_-_Provia_100F_++++.xmp#01
=== PAUSE TestRoundTrip_lrtemplate_NP3_lrtemplate/43._E_-_Agfa_RSX_+_cool.lrtemplate
=== PAUSE TestRoundTrip_lrtemplate_XMP_lrtemplate/27._E_-_Agfa_Vista_+_punch.lrtemplate
=== RUN   TestRoundTrip_XMP_NP3_XMP/FUJ_-_Provia_100F_+++.xmp#01
=== RUN   TestRoundTrip_lrtemplate_NP3_lrtemplate/44._E_-_Agfa_RSX_+_warm.lrtemplate
=== PAUSE TestRoundTrip_XMP_NP3_XMP/FUJ_-_Provia_100F_+++.xmp#01
=== RUN   TestRoundTrip_lrtemplate_XMP_lrtemplate/28._E_-_Agfa_Ultra_+_i.lrtemplate
=== RUN   TestRoundTrip_XMP_NP3_XMP/FUJ_-_Provia_100F_++.xmp#01
=== PAUSE TestRoundTrip_XMP_lrtemplate_XMP/FUJ_-_Superia_800_++++.xmp#01
=== PAUSE TestRoundTrip_lrtemplate_NP3_lrtemplate/44._E_-_Agfa_RSX_+_warm.lrtemplate
=== PAUSE TestRoundTrip_XMP_NP3_XMP/FUJ_-_Provia_100F_++.xmp#01
=== PAUSE TestRoundTrip_lrtemplate_XMP_lrtemplate/28._E_-_Agfa_Ultra_+_i.lrtemplate
=== RUN   TestRoundTrip_XMP_lrtemplate_XMP/FUJ_-_Superia_800_+++.xmp#01
=== RUN   TestRoundTrip_lrtemplate_XMP_lrtemplate/29._E_-_Agfa_Ultra_+_ii.lrtemplate
=== PAUSE TestRoundTrip_lrtemplate_XMP_lrtemplate/29._E_-_Agfa_Ultra_+_ii.lrtemplate
=== RUN   TestRoundTrip_lrtemplate_XMP_lrtemplate/30._E_-_Agfa_Ultra_+_iii.lrtemplate
=== RUN   TestRoundTrip_lrtemplate_NP3_lrtemplate/45._E_-_Agfa_RSX_+_punch.lrtemplate
=== RUN   TestRoundTrip_XMP_NP3_XMP/FUJ_-_Provia_100F_+.xmp#01
=== PAUSE TestRoundTrip_XMP_lrtemplate_XMP/FUJ_-_Superia_800_+++.xmp#01
=== PAUSE TestRoundTrip_XMP_NP3_XMP/FUJ_-_Provia_100F_+.xmp#01
=== RUN   TestRoundTrip_XMP_lrtemplate_XMP/FUJ_-_Superia_800_++.xmp#01
=== PAUSE TestRoundTrip_XMP_lrtemplate_XMP/FUJ_-_Superia_800_++.xmp#01
=== PAUSE TestRoundTrip_lrtemplate_NP3_lrtemplate/45._E_-_Agfa_RSX_+_punch.lrtemplate
=== RUN   TestRoundTrip_XMP_lrtemplate_XMP/FUJ_-_Superia_800_+.xmp#01
=== RUN   TestRoundTrip_XMP_NP3_XMP/FUJ_-_Provia_100F_-_boost.xmp#01
=== RUN   TestRoundTrip_lrtemplate_NP3_lrtemplate/46._E_-_Polaroid_+_i.lrtemplate
=== PAUSE TestRoundTrip_lrtemplate_NP3_lrtemplate/46._E_-_Polaroid_+_i.lrtemplate
=== PAUSE TestRoundTrip_XMP_NP3_XMP/FUJ_-_Provia_100F_-_boost.xmp#01
=== RUN   TestRoundTrip_lrtemplate_NP3_lrtemplate/47._E_-_Polaroid_+_ii.lrtemplate
=== RUN   TestRoundTrip_XMP_NP3_XMP/FUJ_-_Provia_100F_-_cool.xmp#01
=== PAUSE TestRoundTrip_lrtemplate_NP3_lrtemplate/47._E_-_Polaroid_+_ii.lrtemplate
=== PAUSE TestRoundTrip_lrtemplate_XMP_lrtemplate/30._E_-_Agfa_Ultra_+_iii.lrtemplate
=== PAUSE TestRoundTrip_XMP_lrtemplate_XMP/FUJ_-_Superia_800_+.xmp#01
=== RUN   TestRoundTrip_lrtemplate_XMP_lrtemplate/31._E_-_Agfa_Ultra_+_iiii.lrtemplate
=== RUN   TestRoundTrip_XMP_lrtemplate_XMP/FUJ_-_Superia_800_-_boost.xmp#01
=== PAUSE TestRoundTrip_lrtemplate_XMP_lrtemplate/31._E_-_Agfa_Ultra_+_iiii.lrtemplate
=== PAUSE TestRoundTrip_XMP_lrtemplate_XMP/FUJ_-_Superia_800_-_boost.xmp#01
=== RUN   TestRoundTrip_lrtemplate_XMP_lrtemplate/32._E_-_Agfa_Ultra_+_iiiii.lrtemplate
=== PAUSE TestRoundTrip_XMP_NP3_XMP/FUJ_-_Provia_100F_-_cool.xmp#01
=== PAUSE TestRoundTrip_lrtemplate_XMP_lrtemplate/32._E_-_Agfa_Ultra_+_iiiii.lrtemplate
=== RUN   TestRoundTrip_lrtemplate_XMP_lrtemplate/33._E_-_Agfa_Ultra_+_fade.lrtemplate
=== RUN   TestRoundTrip_lrtemplate_NP3_lrtemplate/48._E_-_Polaroid_+_iii.lrtemplate
=== PAUSE TestRoundTrip_lrtemplate_XMP_lrtemplate/33._E_-_Agfa_Ultra_+_fade.lrtemplate
=== RUN   TestRoundTrip_lrtemplate_XMP_lrtemplate/34._E_-_Agfa_Ultra_+_cool.lrtemplate
=== PAUSE TestRoundTrip_lrtemplate_NP3_lrtemplate/48._E_-_Polaroid_+_iii.lrtemplate
=== PAUSE TestRoundTrip_lrtemplate_XMP_lrtemplate/34._E_-_Agfa_Ultra_+_cool.lrtemplate
=== RUN   TestRoundTrip_lrtemplate_XMP_lrtemplate/35._E_-_Agfa_Ultra_+_warm.lrtemplate
=== RUN   TestRoundTrip_XMP_lrtemplate_XMP/FUJ_-_Superia_800_-_cool.xmp#01
=== RUN   TestRoundTrip_lrtemplate_NP3_lrtemplate/49._E_-_Polaroid_+_iiii.lrtemplate
=== PAUSE TestRoundTrip_lrtemplate_XMP_lrtemplate/35._E_-_Agfa_Ultra_+_warm.lrtemplate
=== PAUSE TestRoundTrip_lrtemplate_NP3_lrtemplate/49._E_-_Polaroid_+_iiii.lrtemplate
=== RUN   TestRoundTrip_XMP_NP3_XMP/FUJ_-_Provia_100F_-_film.xmp#01
=== RUN   TestRoundTrip_lrtemplate_NP3_lrtemplate/50._E_-_Polaroid_+_iiiii.lrtemplate
=== PAUSE TestRoundTrip_XMP_NP3_XMP/FUJ_-_Provia_100F_-_film.xmp#01
=== PAUSE TestRoundTrip_lrtemplate_NP3_lrtemplate/50._E_-_Polaroid_+_iiiii.lrtemplate
=== RUN   TestRoundTrip_lrtemplate_NP3_lrtemplate/51._E_-_Polaroid_+_fade.lrtemplate
=== RUN   TestRoundTrip_XMP_NP3_XMP/FUJ_-_Provia_100F_-_warm.xmp#01
=== PAUSE TestRoundTrip_lrtemplate_NP3_lrtemplate/51._E_-_Polaroid_+_fade.lrtemplate
=== RUN   TestRoundTrip_lrtemplate_NP3_lrtemplate/52._E_-_Polaroid_+_cool.lrtemplate
=== PAUSE TestRoundTrip_XMP_NP3_XMP/FUJ_-_Provia_100F_-_warm.xmp#01
=== RUN   TestRoundTrip_lrtemplate_XMP_lrtemplate/36._E_-_Agfa_Ultra_+_punch.lrtemplate
=== RUN   TestRoundTrip_XMP_NP3_XMP/FUJ_-_Provia_100F.xmp#01
=== PAUSE TestRoundTrip_lrtemplate_NP3_lrtemplate/52._E_-_Polaroid_+_cool.lrtemplate
=== PAUSE TestRoundTrip_XMP_NP3_XMP/FUJ_-_Provia_100F.xmp#01
=== RUN   TestRoundTrip_lrtemplate_NP3_lrtemplate/53._E_-_Polaroid_+_warm.lrtemplate
=== PAUSE TestRoundTrip_XMP_lrtemplate_XMP/FUJ_-_Superia_800_-_cool.xmp#01
=== PAUSE TestRoundTrip_lrtemplate_NP3_lrtemplate/53._E_-_Polaroid_+_warm.lrtemplate
=== PAUSE TestRoundTrip_lrtemplate_XMP_lrtemplate/36._E_-_Agfa_Ultra_+_punch.lrtemplate
=== RUN   TestRoundTrip_XMP_lrtemplate_XMP/FUJ_-_Superia_800_-_film.xmp#01
=== RUN   TestRoundTrip_lrtemplate_NP3_lrtemplate/54._E_-_Polaroid_+_punch.lrtemplate
=== RUN   TestRoundTrip_lrtemplate_XMP_lrtemplate/37._E_-_Agfa_RSX_+_i.lrtemplate
=== PAUSE TestRoundTrip_XMP_lrtemplate_XMP/FUJ_-_Superia_800_-_film.xmp#01
=== PAUSE TestRoundTrip_lrtemplate_XMP_lrtemplate/37._E_-_Agfa_RSX_+_i.lrtemplate
=== RUN   TestRoundTrip_XMP_NP3_XMP/FUJ_-_Sensia_100_++++.xmp#01
=== RUN   TestRoundTrip_XMP_lrtemplate_XMP/FUJ_-_Superia_800_-_warm.xmp#01
=== PAUSE TestRoundTrip_lrtemplate_NP3_lrtemplate/54._E_-_Polaroid_+_punch.lrtemplate
=== RUN   TestRoundTrip_lrtemplate_XMP_lrtemplate/38._E_-_Agfa_RSX_+_ii.lrtemplate
=== RUN   TestRoundTrip_lrtemplate_NP3_lrtemplate/55._E_-_Polaroid_Color_+_i.lrtemplate
=== PAUSE TestRoundTrip_XMP_NP3_XMP/FUJ_-_Sensia_100_++++.xmp#01
=== PAUSE TestRoundTrip_lrtemplate_NP3_lrtemplate/55._E_-_Polaroid_Color_+_i.lrtemplate
=== PAUSE TestRoundTrip_lrtemplate_XMP_lrtemplate/38._E_-_Agfa_RSX_+_ii.lrtemplate
=== RUN   TestRoundTrip_lrtemplate_NP3_lrtemplate/56._E_-_Polaroid_Color_+_ii.lrtemplate
=== RUN   TestRoundTrip_lrtemplate_XMP_lrtemplate/39._E_-_Agfa_RSX_+_iii.lrtemplate
=== PAUSE TestRoundTrip_lrtemplate_XMP_lrtemplate/39._E_-_Agfa_RSX_+_iii.lrtemplate
=== RUN   TestRoundTrip_lrtemplate_XMP_lrtemplate/40._E_-_Agfa_RSX_+_iiii.lrtemplate
=== RUN   TestRoundTrip_XMP_NP3_XMP/FUJ_-_Sensia_100_+++.xmp#01
=== PAUSE TestRoundTrip_lrtemplate_XMP_lrtemplate/40._E_-_Agfa_RSX_+_iiii.lrtemplate
=== PAUSE TestRoundTrip_XMP_lrtemplate_XMP/FUJ_-_Superia_800_-_warm.xmp#01
=== RUN   TestRoundTrip_XMP_lrtemplate_XMP/FUJ_-_Superia_800.xmp#01
=== PAUSE TestRoundTrip_XMP_lrtemplate_XMP/FUJ_-_Superia_800.xmp#01
=== RUN   TestRoundTrip_XMP_lrtemplate_XMP/FUJ_-_Velvia_100_++++.xmp#01
=== PAUSE TestRoundTrip_lrtemplate_NP3_lrtemplate/56._E_-_Polaroid_Color_+_ii.lrtemplate
=== RUN   TestRoundTrip_lrtemplate_XMP_lrtemplate/41._E_-_Agfa_RSX_+_iiiii.lrtemplate
=== PAUSE TestRoundTrip_lrtemplate_XMP_lrtemplate/41._E_-_Agfa_RSX_+_iiiii.lrtemplate
=== PAUSE TestRoundTrip_XMP_NP3_XMP/FUJ_-_Sensia_100_+++.xmp#01
=== RUN   TestRoundTrip_XMP_NP3_XMP/FUJ_-_Sensia_100_++.xmp#01
=== RUN   TestRoundTrip_lrtemplate_NP3_lrtemplate/57._E_-_Polaroid_Color_+_iii.lrtemplate
=== PAUSE TestRoundTrip_XMP_NP3_XMP/FUJ_-_Sensia_100_++.xmp#01
=== PAUSE TestRoundTrip_lrtemplate_NP3_lrtemplate/57._E_-_Polaroid_Color_+_iii.lrtemplate
=== RUN   TestRoundTrip_XMP_NP3_XMP/FUJ_-_Sensia_100_+.xmp#01
=== PAUSE TestRoundTrip_XMP_lrtemplate_XMP/FUJ_-_Velvia_100_++++.xmp#01
=== RUN   TestRoundTrip_lrtemplate_NP3_lrtemplate/58._E_-_Polaroid_Color_+_iiii.lrtemplate
=== RUN   TestRoundTrip_XMP_lrtemplate_XMP/FUJ_-_Velvia_100_+++.xmp#01
=== PAUSE TestRoundTrip_lrtemplate_NP3_lrtemplate/58._E_-_Polaroid_Color_+_iiii.lrtemplate
=== RUN   TestRoundTrip_lrtemplate_XMP_lrtemplate/42._E_-_Agfa_RSX_+_fade.lrtemplate
=== RUN   TestRoundTrip_lrtemplate_NP3_lrtemplate/59._E_-_Polaroid_Color_+_fade.lrtemplate
=== PAUSE TestRoundTrip_XMP_NP3_XMP/FUJ_-_Sensia_100_+.xmp#01
=== PAUSE TestRoundTrip_XMP_lrtemplate_XMP/FUJ_-_Velvia_100_+++.xmp#01
=== PAUSE TestRoundTrip_lrtemplate_NP3_lrtemplate/59._E_-_Polaroid_Color_+_fade.lrtemplate
=== RUN   TestRoundTrip_XMP_NP3_XMP/FUJ_-_Sensia_100_-_boost.xmp#01
=== RUN   TestRoundTrip_XMP_lrtemplate_XMP/FUJ_-_Velvia_100_++.xmp#01
=== RUN   TestRoundTrip_lrtemplate_NP3_lrtemplate/60._E_-_Polaroid_Color_+_cool.lrtemplate
=== PAUSE TestRoundTrip_XMP_NP3_XMP/FUJ_-_Sensia_100_-_boost.xmp#01
=== RUN   TestRoundTrip_XMP_NP3_XMP/FUJ_-_Sensia_100_-_cool.xmp#01
=== PAUSE TestRoundTrip_XMP_NP3_XMP/FUJ_-_Sensia_100_-_cool.xmp#01
=== PAUSE TestRoundTrip_XMP_lrtemplate_XMP/FUJ_-_Velvia_100_++.xmp#01
=== PAUSE TestRoundTrip_lrtemplate_XMP_lrtemplate/42._E_-_Agfa_RSX_+_fade.lrtemplate
=== PAUSE TestRoundTrip_lrtemplate_NP3_lrtemplate/60._E_-_Polaroid_Color_+_cool.lrtemplate
=== RUN   TestRoundTrip_lrtemplate_NP3_lrtemplate/61._E_-_Polaroid_Color_+_warm.lrtemplate
=== PAUSE TestRoundTrip_lrtemplate_NP3_lrtemplate/61._E_-_Polaroid_Color_+_warm.lrtemplate
=== RUN   TestRoundTrip_lrtemplate_XMP_lrtemplate/43._E_-_Agfa_RSX_+_cool.lrtemplate
=== RUN   TestRoundTrip_lrtemplate_NP3_lrtemplate/62._E_-_Polaroid_Color_+_punch.lrtemplate
=== PAUSE TestRoundTrip_lrtemplate_NP3_lrtemplate/62._E_-_Polaroid_Color_+_punch.lrtemplate
=== RUN   TestRoundTrip_lrtemplate_NP3_lrtemplate/63._E_-_Polaroid_Tint_+_i.lrtemplate
=== PAUSE TestRoundTrip_lrtemplate_XMP_lrtemplate/43._E_-_Agfa_RSX_+_cool.lrtemplate
=== RUN   TestRoundTrip_XMP_lrtemplate_XMP/FUJ_-_Velvia_100_+.xmp#01
=== PAUSE TestRoundTrip_lrtemplate_NP3_lrtemplate/63._E_-_Polaroid_Tint_+_i.lrtemplate
=== RUN   TestRoundTrip_lrtemplate_XMP_lrtemplate/44._E_-_Agfa_RSX_+_warm.lrtemplate
=== RUN   TestRoundTrip_lrtemplate_NP3_lrtemplate/64._E_-_Polaroid_Tint_+_ii.lrtemplate
=== RUN   TestRoundTrip_XMP_NP3_XMP/FUJ_-_Sensia_100_-_film.xmp#01
=== PAUSE TestRoundTrip_lrtemplate_XMP_lrtemplate/44._E_-_Agfa_RSX_+_warm.lrtemplate
=== RUN   TestRoundTrip_lrtemplate_XMP_lrtemplate/45._E_-_Agfa_RSX_+_punch.lrtemplate
=== PAUSE TestRoundTrip_lrtemplate_XMP_lrtemplate/45._E_-_Agfa_RSX_+_punch.lrtemplate
=== PAUSE TestRoundTrip_XMP_lrtemplate_XMP/FUJ_-_Velvia_100_+.xmp#01
=== RUN   TestRoundTrip_lrtemplate_XMP_lrtemplate/46._E_-_Polaroid_+_i.lrtemplate
=== PAUSE TestRoundTrip_lrtemplate_XMP_lrtemplate/46._E_-_Polaroid_+_i.lrtemplate
=== RUN   TestRoundTrip_XMP_lrtemplate_XMP/FUJ_-_Velvia_100_-_boost.xmp#01
=== RUN   TestRoundTrip_lrtemplate_XMP_lrtemplate/47._E_-_Polaroid_+_ii.lrtemplate
=== PAUSE TestRoundTrip_lrtemplate_NP3_lrtemplate/64._E_-_Polaroid_Tint_+_ii.lrtemplate
=== PAUSE TestRoundTrip_lrtemplate_XMP_lrtemplate/47._E_-_Polaroid_+_ii.lrtemplate
=== PAUSE TestRoundTrip_XMP_lrtemplate_XMP/FUJ_-_Velvia_100_-_boost.xmp#01
=== RUN   TestRoundTrip_lrtemplate_NP3_lrtemplate/65._E_-_Polaroid_Tint_+_iii.lrtemplate
=== RUN   TestRoundTrip_XMP_lrtemplate_XMP/FUJ_-_Velvia_100_-_cool.xmp#01
=== RUN   TestRoundTrip_lrtemplate_XMP_lrtemplate/48._E_-_Polaroid_+_iii.lrtemplate
=== PAUSE TestRoundTrip_lrtemplate_NP3_lrtemplate/65._E_-_Polaroid_Tint_+_iii.lrtemplate
=== PAUSE TestRoundTrip_XMP_lrtemplate_XMP/FUJ_-_Velvia_100_-_cool.xmp#01
=== RUN   TestRoundTrip_lrtemplate_NP3_lrtemplate/66._E_-_Polaroid_Tint_+_iiii.lrtemplate
=== RUN   TestRoundTrip_XMP_lrtemplate_XMP/FUJ_-_Velvia_100_-_film.xmp#01
=== PAUSE TestRoundTrip_lrtemplate_XMP_lrtemplate/48._E_-_Polaroid_+_iii.lrtemplate
=== PAUSE TestRoundTrip_lrtemplate_NP3_lrtemplate/66._E_-_Polaroid_Tint_+_iiii.lrtemplate
=== PAUSE TestRoundTrip_XMP_NP3_XMP/FUJ_-_Sensia_100_-_film.xmp#01
=== RUN   TestRoundTrip_lrtemplate_XMP_lrtemplate/49._E_-_Polaroid_+_iiii.lrtemplate
=== RUN   TestRoundTrip_lrtemplate_NP3_lrtemplate/67._E_-_Polaroid_Tint_+_iiiii.lrtemplate
=== PAUSE TestRoundTrip_XMP_lrtemplate_XMP/FUJ_-_Velvia_100_-_film.xmp#01
=== RUN   TestRoundTrip_XMP_NP3_XMP/FUJ_-_Sensia_100_-_warm.xmp#01
=== RUN   TestRoundTrip_XMP_lrtemplate_XMP/FUJ_-_Velvia_100_-_warm.xmp#01
=== PAUSE TestRoundTrip_lrtemplate_XMP_lrtemplate/49._E_-_Polaroid_+_iiii.lrtemplate
=== PAUSE TestRoundTrip_XMP_NP3_XMP/FUJ_-_Sensia_100_-_warm.xmp#01
=== RUN   TestRoundTrip_lrtemplate_XMP_lrtemplate/50._E_-_Polaroid_+_iiiii.lrtemplate
=== RUN   TestRoundTrip_XMP_NP3_XMP/FUJ_-_Sensia_100.xmp#01
=== PAUSE TestRoundTrip_lrtemplate_NP3_lrtemplate/67._E_-_Polaroid_Tint_+_iiiii.lrtemplate
=== RUN   TestRoundTrip_lrtemplate_NP3_lrtemplate/68._E_-_Polaroid_Tint_+_fade.lrtemplate
=== PAUSE TestRoundTrip_XMP_lrtemplate_XMP/FUJ_-_Velvia_100_-_warm.xmp#01
=== PAUSE TestRoundTrip_lrtemplate_NP3_lrtemplate/68._E_-_Polaroid_Tint_+_fade.lrtemplate
=== RUN   TestRoundTrip_XMP_lrtemplate_XMP/FUJ_-_Velvia_100.xmp#01
=== RUN   TestRoundTrip_lrtemplate_NP3_lrtemplate/69._E_-_Polaroid_Tint_+_cool.lrtemplate
=== PAUSE TestRoundTrip_XMP_NP3_XMP/FUJ_-_Sensia_100.xmp#01
=== PAUSE TestRoundTrip_lrtemplate_NP3_lrtemplate/69._E_-_Polaroid_Tint_+_cool.lrtemplate
=== RUN   TestRoundTrip_XMP_NP3_XMP/FUJ_-_Superia_400_++++.xmp#01
=== PAUSE TestRoundTrip_XMP_lrtemplate_XMP/FUJ_-_Velvia_100.xmp#01
=== RUN   TestRoundTrip_lrtemplate_NP3_lrtemplate/70._E_-_Polaroid_Tint_+_warm.lrtemplate
=== RUN   TestRoundTrip_XMP_lrtemplate_XMP/FUJ_-_XPro_++++.xmp#01
=== PAUSE TestRoundTrip_XMP_NP3_XMP/FUJ_-_Superia_400_++++.xmp#01
=== PAUSE TestRoundTrip_lrtemplate_NP3_lrtemplate/70._E_-_Polaroid_Tint_+_warm.lrtemplate
=== RUN   TestRoundTrip_XMP_NP3_XMP/FUJ_-_Superia_400_+++.xmp#01
=== RUN   TestRoundTrip_lrtemplate_NP3_lrtemplate/71._E_-_Polaroid_Tint_+_punch.lrtemplate
=== PAUSE TestRoundTrip_lrtemplate_NP3_lrtemplate/71._E_-_Polaroid_Tint_+_punch.lrtemplate
=== RUN   TestRoundTrip_lrtemplate_NP3_lrtemplate/o_-_00_-_o.lrtemplate#02
=== PAUSE TestRoundTrip_lrtemplate_XMP_lrtemplate/50._E_-_Polaroid_+_iiiii.lrtemplate
=== PAUSE TestRoundTrip_XMP_NP3_XMP/FUJ_-_Superia_400_+++.xmp#01
=== RUN   TestRoundTrip_lrtemplate_XMP_lrtemplate/51._E_-_Polaroid_+_fade.lrtemplate
=== RUN   TestRoundTrip_XMP_NP3_XMP/FUJ_-_Superia_400_++.xmp#01
=== PAUSE TestRoundTrip_lrtemplate_NP3_lrtemplate/o_-_00_-_o.lrtemplate#02
=== PAUSE TestRoundTrip_XMP_NP3_XMP/FUJ_-_Superia_400_++.xmp#01
=== PAUSE TestRoundTrip_XMP_lrtemplate_XMP/FUJ_-_XPro_++++.xmp#01
=== PAUSE TestRoundTrip_lrtemplate_XMP_lrtemplate/51._E_-_Polaroid_+_fade.lrtemplate
=== RUN   TestRoundTrip_XMP_lrtemplate_XMP/FUJ_-_XPro_+++.xmp#01
=== PAUSE TestRoundTrip_XMP_lrtemplate_XMP/FUJ_-_XPro_+++.xmp#01
=== RUN   TestRoundTrip_XMP_lrtemplate_XMP/FUJ_-_XPro_++.xmp#01
=== RUN   TestRoundTrip_lrtemplate_XMP_lrtemplate/52._E_-_Polaroid_+_cool.lrtemplate
=== PAUSE TestRoundTrip_XMP_lrtemplate_XMP/FUJ_-_XPro_++.xmp#01
=== RUN   TestRoundTrip_XMP_lrtemplate_XMP/FUJ_-_XPro_+.xmp#01
=== RUN   TestRoundTrip_XMP_NP3_XMP/FUJ_-_Superia_400_+.xmp#01
=== PAUSE TestRoundTrip_lrtemplate_XMP_lrtemplate/52._E_-_Polaroid_+_cool.lrtemplate
=== PAUSE TestRoundTrip_XMP_lrtemplate_XMP/FUJ_-_XPro_+.xmp#01
=== PAUSE TestRoundTrip_XMP_NP3_XMP/FUJ_-_Superia_400_+.xmp#01
=== RUN   TestRoundTrip_lrtemplate_NP3_lrtemplate/o_-_01._Lens_on.lrtemplate#02
=== RUN   TestRoundTrip_XMP_NP3_XMP/FUJ_-_Superia_400_-_boost.xmp#01
=== PAUSE TestRoundTrip_lrtemplate_NP3_lrtemplate/o_-_01._Lens_on.lrtemplate#02
=== PAUSE TestRoundTrip_XMP_NP3_XMP/FUJ_-_Superia_400_-_boost.xmp#01
=== RUN   TestRoundTrip_lrtemplate_NP3_lrtemplate/o_-_02._Lens_off.lrtemplate#02
=== RUN   TestRoundTrip_XMP_NP3_XMP/FUJ_-_Superia_400_-_cool.xmp#01
=== PAUSE TestRoundTrip_lrtemplate_NP3_lrtemplate/o_-_02._Lens_off.lrtemplate#02
=== RUN   TestRoundTrip_lrtemplate_NP3_lrtemplate/o_-_03_-_o.lrtemplate#02
=== PAUSE TestRoundTrip_lrtemplate_NP3_lrtemplate/o_-_03_-_o.lrtemplate#02
=== PAUSE TestRoundTrip_XMP_NP3_XMP/FUJ_-_Superia_400_-_cool.xmp#01
=== RUN   TestRoundTrip_lrtemplate_NP3_lrtemplate/o_-_04._EXPOSURE__-_2.lrtemplate#02
=== RUN   TestRoundTrip_XMP_NP3_XMP/FUJ_-_Superia_400_-_film.xmp#01
=== RUN   TestRoundTrip_XMP_lrtemplate_XMP/FUJ_-_XPro_-_boost.xmp#01
=== PAUSE TestRoundTrip_lrtemplate_NP3_lrtemplate/o_-_04._EXPOSURE__-_2.lrtemplate#02
=== RUN   TestRoundTrip_lrtemplate_XMP_lrtemplate/53._E_-_Polaroid_+_warm.lrtemplate
=== PAUSE TestRoundTrip_XMP_lrtemplate_XMP/FUJ_-_XPro_-_boost.xmp#01
=== RUN   TestRoundTrip_lrtemplate_NP3_lrtemplate/o_-_05._EXPOSURE__-_1.lrtemplate#02
=== PAUSE TestRoundTrip_lrtemplate_XMP_lrtemplate/53._E_-_Polaroid_+_warm.lrtemplate
=== PAUSE TestRoundTrip_XMP_NP3_XMP/FUJ_-_Superia_400_-_film.xmp#01
=== RUN   TestRoundTrip_lrtemplate_XMP_lrtemplate/54._E_-_Polaroid_+_punch.lrtemplate
=== RUN   TestRoundTrip_XMP_NP3_XMP/FUJ_-_Superia_400_-_warm.xmp#01
=== PAUSE TestRoundTrip_XMP_NP3_XMP/FUJ_-_Superia_400_-_warm.xmp#01
=== PAUSE TestRoundTrip_lrtemplate_XMP_lrtemplate/54._E_-_Polaroid_+_punch.lrtemplate
=== PAUSE TestRoundTrip_lrtemplate_NP3_lrtemplate/o_-_05._EXPOSURE__-_1.lrtemplate#02
=== RUN   TestRoundTrip_lrtemplate_XMP_lrtemplate/55._E_-_Polaroid_Color_+_i.lrtemplate
=== RUN   TestRoundTrip_lrtemplate_NP3_lrtemplate/o_-_06._EXPOSURE__0.lrtemplate#02
=== PAUSE TestRoundTrip_lrtemplate_XMP_lrtemplate/55._E_-_Polaroid_Color_+_i.lrtemplate
=== RUN   TestRoundTrip_lrtemplate_XMP_lrtemplate/56._E_-_Polaroid_Color_+_ii.lrtemplate
=== PAUSE TestRoundTrip_lrtemplate_NP3_lrtemplate/o_-_06._EXPOSURE__0.lrtemplate#02
=== RUN   TestRoundTrip_XMP_NP3_XMP/FUJ_-_Superia_400.xmp#01
=== RUN   TestRoundTrip_lrtemplate_NP3_lrtemplate/o_-_07._EXPOSURE_+_1.lrtemplate#02
=== PAUSE TestRoundTrip_XMP_NP3_XMP/FUJ_-_Superia_400.xmp#01
=== RUN   TestRoundTrip_XMP_NP3_XMP/FUJ_-_Superia_800_++++.xmp#01
=== PAUSE TestRoundTrip_lrtemplate_NP3_lrtemplate/o_-_07._EXPOSURE_+_1.lrtemplate#02
=== PAUSE TestRoundTrip_XMP_NP3_XMP/FUJ_-_Superia_800_++++.xmp#01
=== PAUSE TestRoundTrip_lrtemplate_XMP_lrtemplate/56._E_-_Polaroid_Color_+_ii.lrtemplate
=== RUN   TestRoundTrip_lrtemplate_XMP_lrtemplate/57._E_-_Polaroid_Color_+_iii.lrtemplate
=== RUN   TestRoundTrip_lrtemplate_NP3_lrtemplate/o_-_08._EXPOSURE_+_2.lrtemplate#02
=== PAUSE TestRoundTrip_lrtemplate_NP3_lrtemplate/o_-_08._EXPOSURE_+_2.lrtemplate#02
=== PAUSE TestRoundTrip_lrtemplate_XMP_lrtemplate/57._E_-_Polaroid_Color_+_iii.lrtemplate
=== RUN   TestRoundTrip_XMP_lrtemplate_XMP/FUJ_-_XPro_-_cool.xmp#01
=== RUN   TestRoundTrip_lrtemplate_XMP_lrtemplate/58._E_-_Polaroid_Color_+_iiii.lrtemplate
=== PAUSE TestRoundTrip_lrtemplate_XMP_lrtemplate/58._E_-_Polaroid_Color_+_iiii.lrtemplate
=== RUN   TestRoundTrip_lrtemplate_XMP_lrtemplate/59._E_-_Polaroid_Color_+_fade.lrtemplate
=== PAUSE TestRoundTrip_XMP_lrtemplate_XMP/FUJ_-_XPro_-_cool.xmp#01
=== PAUSE TestRoundTrip_lrtemplate_XMP_lrtemplate/59._E_-_Polaroid_Color_+_fade.lrtemplate
=== RUN   TestRoundTrip_XMP_lrtemplate_XMP/FUJ_-_XPro_-_film.xmp#01
=== RUN   TestRoundTrip_lrtemplate_XMP_lrtemplate/60._E_-_Polaroid_Color_+_cool.lrtemplate
=== PAUSE TestRoundTrip_XMP_lrtemplate_XMP/FUJ_-_XPro_-_film.xmp#01
=== PAUSE TestRoundTrip_lrtemplate_XMP_lrtemplate/60._E_-_Polaroid_Color_+_cool.lrtemplate
=== RUN   TestRoundTrip_XMP_lrtemplate_XMP/FUJ_-_XPro_-_warm.xmp#01
=== RUN   TestRoundTrip_XMP_NP3_XMP/FUJ_-_Superia_800_+++.xmp#01
=== PAUSE TestRoundTrip_XMP_lrtemplate_XMP/FUJ_-_XPro_-_warm.xmp#01
=== RUN   TestRoundTrip_XMP_lrtemplate_XMP/FUJ_-_XPro.xmp#01
=== PAUSE TestRoundTrip_XMP_lrtemplate_XMP/FUJ_-_XPro.xmp#01
=== RUN   TestRoundTrip_XMP_lrtemplate_XMP/KDK_-_Echrome_++++.xmp
=== PAUSE TestRoundTrip_XMP_lrtemplate_XMP/KDK_-_Echrome_++++.xmp
=== RUN   TestRoundTrip_XMP_lrtemplate_XMP/KDK_-_Echrome_+++.xmp
=== PAUSE TestRoundTrip_XMP_lrtemplate_XMP/KDK_-_Echrome_+++.xmp
=== RUN   TestRoundTrip_XMP_lrtemplate_XMP/KDK_-_Echrome_++.xmp
=== PAUSE TestRoundTrip_XMP_lrtemplate_XMP/KDK_-_Echrome_++.xmp
=== RUN   TestRoundTrip_XMP_lrtemplate_XMP/KDK_-_Echrome_+.xmp
=== PAUSE TestRoundTrip_XMP_lrtemplate_XMP/KDK_-_Echrome_+.xmp
=== RUN   TestRoundTrip_XMP_lrtemplate_XMP/KDK_-_Echrome_-_boost.xmp
=== PAUSE TestRoundTrip_XMP_lrtemplate_XMP/KDK_-_Echrome_-_boost.xmp
=== RUN   TestRoundTrip_XMP_lrtemplate_XMP/KDK_-_Echrome_-_cool.xmp
=== PAUSE TestRoundTrip_XMP_lrtemplate_XMP/KDK_-_Echrome_-_cool.xmp
=== RUN   TestRoundTrip_XMP_lrtemplate_XMP/KDK_-_Echrome_-_film.xmp
=== PAUSE TestRoundTrip_XMP_NP3_XMP/FUJ_-_Superia_800_+++.xmp#01
=== RUN   TestRoundTrip_lrtemplate_NP3_lrtemplate/o_-_09_-_o.lrtemplate#02
=== RUN   TestRoundTrip_XMP_NP3_XMP/FUJ_-_Superia_800_++.xmp#01
=== RUN   TestRoundTrip_lrtemplate_XMP_lrtemplate/61._E_-_Polaroid_Color_+_warm.lrtemplate
=== PAUSE TestRoundTrip_lrtemplate_NP3_lrtemplate/o_-_09_-_o.lrtemplate#02
=== PAUSE TestRoundTrip_lrtemplate_XMP_lrtemplate/61._E_-_Polaroid_Color_+_warm.lrtemplate
=== RUN   TestRoundTrip_lrtemplate_NP3_lrtemplate/o_-_10._CONTRAST_-_Low.lrtemplate#02
=== PAUSE TestRoundTrip_XMP_lrtemplate_XMP/KDK_-_Echrome_-_film.xmp
=== PAUSE TestRoundTrip_XMP_NP3_XMP/FUJ_-_Superia_800_++.xmp#01
=== RUN   TestRoundTrip_XMP_NP3_XMP/FUJ_-_Superia_800_+.xmp#01
=== PAUSE TestRoundTrip_lrtemplate_NP3_lrtemplate/o_-_10._CONTRAST_-_Low.lrtemplate#02
=== PAUSE TestRoundTrip_XMP_NP3_XMP/FUJ_-_Superia_800_+.xmp#01
=== RUN   TestRoundTrip_lrtemplate_XMP_lrtemplate/62._E_-_Polaroid_Color_+_punch.lrtemplate
=== RUN   TestRoundTrip_XMP_lrtemplate_XMP/KDK_-_Echrome_-_warm.xmp
=== PAUSE TestRoundTrip_lrtemplate_XMP_lrtemplate/62._E_-_Polaroid_Color_+_punch.lrtemplate
=== RUN   TestRoundTrip_lrtemplate_NP3_lrtemplate/o_-_11._CONTRAST_-_Mid.lrtemplate#02
=== RUN   TestRoundTrip_XMP_NP3_XMP/FUJ_-_Superia_800_-_boost.xmp#01
=== PAUSE TestRoundTrip_lrtemplate_NP3_lrtemplate/o_-_11._CONTRAST_-_Mid.lrtemplate#02
=== PAUSE TestRoundTrip_XMP_NP3_XMP/FUJ_-_Superia_800_-_boost.xmp#01
=== RUN   TestRoundTrip_lrtemplate_XMP_lrtemplate/63._E_-_Polaroid_Tint_+_i.lrtemplate
=== RUN   TestRoundTrip_lrtemplate_NP3_lrtemplate/o_-_12._CONTRAST_-_High.lrtemplate#02
=== RUN   TestRoundTrip_XMP_NP3_XMP/FUJ_-_Superia_800_-_cool.xmp#01
=== PAUSE TestRoundTrip_lrtemplate_NP3_lrtemplate/o_-_12._CONTRAST_-_High.lrtemplate#02
=== PAUSE TestRoundTrip_XMP_NP3_XMP/FUJ_-_Superia_800_-_cool.xmp#01
=== RUN   TestRoundTrip_lrtemplate_NP3_lrtemplate/o_-_13_-_o.lrtemplate#02
=== RUN   TestRoundTrip_XMP_NP3_XMP/FUJ_-_Superia_800_-_film.xmp#01
=== PAUSE TestRoundTrip_lrtemplate_NP3_lrtemplate/o_-_13_-_o.lrtemplate#02
=== PAUSE TestRoundTrip_lrtemplate_XMP_lrtemplate/63._E_-_Polaroid_Tint_+_i.lrtemplate
=== RUN   TestRoundTrip_lrtemplate_NP3_lrtemplate/o_-_14._DETAIL_-_Low.lrtemplate#02
=== RUN   TestRoundTrip_lrtemplate_XMP_lrtemplate/64._E_-_Polaroid_Tint_+_ii.lrtemplate
=== PAUSE TestRoundTrip_XMP_NP3_XMP/FUJ_-_Superia_800_-_film.xmp#01
=== PAUSE TestRoundTrip_lrtemplate_XMP_lrtemplate/64._E_-_Polaroid_Tint_+_ii.lrtemplate
=== RUN   TestRoundTrip_XMP_NP3_XMP/FUJ_-_Superia_800_-_warm.xmp#01
=== RUN   TestRoundTrip_lrtemplate_XMP_lrtemplate/65._E_-_Polaroid_Tint_+_iii.lrtemplate
=== PAUSE TestRoundTrip_XMP_NP3_XMP/FUJ_-_Superia_800_-_warm.xmp#01
=== PAUSE TestRoundTrip_lrtemplate_NP3_lrtemplate/o_-_14._DETAIL_-_Low.lrtemplate#02
=== PAUSE TestRoundTrip_lrtemplate_XMP_lrtemplate/65._E_-_Polaroid_Tint_+_iii.lrtemplate
=== PAUSE TestRoundTrip_XMP_lrtemplate_XMP/KDK_-_Echrome_-_warm.xmp
=== RUN   TestRoundTrip_lrtemplate_NP3_lrtemplate/o_-_15._DETAIL_-_Mid.lrtemplate#02
=== RUN   TestRoundTrip_XMP_lrtemplate_XMP/KDK_-_Echrome_100_++++.xmp
=== RUN   TestRoundTrip_XMP_NP3_XMP/FUJ_-_Superia_800.xmp#01
=== PAUSE TestRoundTrip_XMP_lrtemplate_XMP/KDK_-_Echrome_100_++++.xmp
=== RUN   TestRoundTrip_lrtemplate_XMP_lrtemplate/66._E_-_Polaroid_Tint_+_iiii.lrtemplate
=== RUN   TestRoundTrip_XMP_lrtemplate_XMP/KDK_-_Echrome_100_+++.xmp
=== PAUSE TestRoundTrip_XMP_lrtemplate_XMP/KDK_-_Echrome_100_+++.xmp
=== RUN   TestRoundTrip_XMP_lrtemplate_XMP/KDK_-_Echrome_100_++.xmp
=== PAUSE TestRoundTrip_lrtemplate_NP3_lrtemplate/o_-_15._DETAIL_-_Mid.lrtemplate#02
=== PAUSE TestRoundTrip_XMP_lrtemplate_XMP/KDK_-_Echrome_100_++.xmp
=== RUN   TestRoundTrip_lrtemplate_NP3_lrtemplate/o_-_16._DETAIL_-_High.lrtemplate#02
=== PAUSE TestRoundTrip_XMP_NP3_XMP/FUJ_-_Superia_800.xmp#01
=== PAUSE TestRoundTrip_lrtemplate_NP3_lrtemplate/o_-_16._DETAIL_-_High.lrtemplate#02
=== RUN   TestRoundTrip_XMP_NP3_XMP/FUJ_-_Velvia_100_++++.xmp#01
=== RUN   TestRoundTrip_lrtemplate_NP3_lrtemplate/o_-_17_-_o.lrtemplate#02
=== PAUSE TestRoundTrip_XMP_NP3_XMP/FUJ_-_Velvia_100_++++.xmp#01
=== PAUSE TestRoundTrip_lrtemplate_XMP_lrtemplate/66._E_-_Polaroid_Tint_+_iiii.lrtemplate
=== RUN   TestRoundTrip_XMP_NP3_XMP/FUJ_-_Velvia_100_+++.xmp#01
=== PAUSE TestRoundTrip_lrtemplate_NP3_lrtemplate/o_-_17_-_o.lrtemplate#02
=== RUN   TestRoundTrip_lrtemplate_NP3_lrtemplate/o_-_18._SHARPEN_-_Low.lrtemplate#02
=== PAUSE TestRoundTrip_lrtemplate_NP3_lrtemplate/o_-_18._SHARPEN_-_Low.lrtemplate#02
=== RUN   TestRoundTrip_XMP_lrtemplate_XMP/KDK_-_Echrome_100_+.xmp
=== RUN   TestRoundTrip_lrtemplate_NP3_lrtemplate/o_-_19._SHARPEN_-_Mid.lrtemplate#02
=== PAUSE TestRoundTrip_XMP_lrtemplate_XMP/KDK_-_Echrome_100_+.xmp
=== RUN   TestRoundTrip_lrtemplate_XMP_lrtemplate/67._E_-_Polaroid_Tint_+_iiiii.lrtemplate
=== PAUSE TestRoundTrip_lrtemplate_XMP_lrtemplate/67._E_-_Polaroid_Tint_+_iiiii.lrtemplate
=== PAUSE TestRoundTrip_XMP_NP3_XMP/FUJ_-_Velvia_100_+++.xmp#01
=== RUN   TestRoundTrip_XMP_NP3_XMP/FUJ_-_Velvia_100_++.xmp#01
=== PAUSE TestRoundTrip_XMP_NP3_XMP/FUJ_-_Velvia_100_++.xmp#01
=== PAUSE TestRoundTrip_lrtemplate_NP3_lrtemplate/o_-_19._SHARPEN_-_Mid.lrtemplate#02
=== RUN   TestRoundTrip_XMP_lrtemplate_XMP/KDK_-_Echrome_100_-_boost.xmp
=== RUN   TestRoundTrip_lrtemplate_NP3_lrtemplate/o_-_20._SHARPEN_-_High.lrtemplate#02
=== PAUSE TestRoundTrip_XMP_lrtemplate_XMP/KDK_-_Echrome_100_-_boost.xmp
=== RUN   TestRoundTrip_XMP_lrtemplate_XMP/KDK_-_Echrome_100_-_cool.xmp
=== RUN   TestRoundTrip_XMP_NP3_XMP/FUJ_-_Velvia_100_+.xmp#01
=== PAUSE TestRoundTrip_lrtemplate_NP3_lrtemplate/o_-_20._SHARPEN_-_High.lrtemplate#02
=== PAUSE TestRoundTrip_XMP_lrtemplate_XMP/KDK_-_Echrome_100_-_cool.xmp
=== PAUSE TestRoundTrip_XMP_NP3_XMP/FUJ_-_Velvia_100_+.xmp#01
=== RUN   TestRoundTrip_XMP_lrtemplate_XMP/KDK_-_Echrome_100_-_film.xmp
=== RUN   TestRoundTrip_XMP_NP3_XMP/FUJ_-_Velvia_100_-_boost.xmp#01
=== PAUSE TestRoundTrip_XMP_lrtemplate_XMP/KDK_-_Echrome_100_-_film.xmp
=== PAUSE TestRoundTrip_XMP_NP3_XMP/FUJ_-_Velvia_100_-_boost.xmp#01
=== RUN   TestRoundTrip_XMP_lrtemplate_XMP/KDK_-_Echrome_100_-_warm.xmp
=== RUN   TestRoundTrip_XMP_NP3_XMP/FUJ_-_Velvia_100_-_cool.xmp#01
=== RUN   TestRoundTrip_lrtemplate_NP3_lrtemplate/o_-_21_-_o.lrtemplate#02
=== PAUSE TestRoundTrip_XMP_NP3_XMP/FUJ_-_Velvia_100_-_cool.xmp#01
=== PAUSE TestRoundTrip_lrtemplate_NP3_lrtemplate/o_-_21_-_o.lrtemplate#02
=== RUN   TestRoundTrip_XMP_NP3_XMP/FUJ_-_Velvia_100_-_film.xmp#01
=== PAUSE TestRoundTrip_XMP_NP3_XMP/FUJ_-_Velvia_100_-_film.xmp#01
=== RUN   TestRoundTrip_lrtemplate_XMP_lrtemplate/68._E_-_Polaroid_Tint_+_fade.lrtemplate
=== RUN   TestRoundTrip_XMP_NP3_XMP/FUJ_-_Velvia_100_-_warm.xmp#01
=== PAUSE TestRoundTrip_XMP_lrtemplate_XMP/KDK_-_Echrome_100_-_warm.xmp
=== PAUSE TestRoundTrip_XMP_NP3_XMP/FUJ_-_Velvia_100_-_warm.xmp#01
=== RUN   TestRoundTrip_lrtemplate_NP3_lrtemplate/o_-_22._VIBRANCE__-_Low.lrtemplate#02
=== RUN   TestRoundTrip_XMP_lrtemplate_XMP/KDK_-_Echrome_100.xmp
=== PAUSE TestRoundTrip_lrtemplate_NP3_lrtemplate/o_-_22._VIBRANCE__-_Low.lrtemplate#02
=== RUN   TestRoundTrip_XMP_NP3_XMP/FUJ_-_Velvia_100.xmp#01
=== PAUSE TestRoundTrip_XMP_NP3_XMP/FUJ_-_Velvia_100.xmp#01
=== PAUSE TestRoundTrip_lrtemplate_XMP_lrtemplate/68._E_-_Polaroid_Tint_+_fade.lrtemplate
=== RUN   TestRoundTrip_XMP_NP3_XMP/FUJ_-_XPro_++++.xmp#01
=== PAUSE TestRoundTrip_XMP_lrtemplate_XMP/KDK_-_Echrome_100.xmp
=== RUN   TestRoundTrip_lrtemplate_NP3_lrtemplate/o_-_23._VIBRANCE__-_Mid.lrtemplate#02
=== PAUSE TestRoundTrip_XMP_NP3_XMP/FUJ_-_XPro_++++.xmp#01
=== RUN   TestRoundTrip_lrtemplate_XMP_lrtemplate/69._E_-_Polaroid_Tint_+_cool.lrtemplate
=== RUN   TestRoundTrip_XMP_lrtemplate_XMP/KDK_-_Echrome_200_++++.xmp
=== PAUSE TestRoundTrip_lrtemplate_XMP_lrtemplate/69._E_-_Polaroid_Tint_+_cool.lrtemplate
=== PAUSE TestRoundTrip_lrtemplate_NP3_lrtemplate/o_-_23._VIBRANCE__-_Mid.lrtemplate#02
=== RUN   TestRoundTrip_lrtemplate_XMP_lrtemplate/70._E_-_Polaroid_Tint_+_warm.lrtemplate
=== RUN   TestRoundTrip_XMP_NP3_XMP/FUJ_-_XPro_+++.xmp#01
=== PAUSE TestRoundTrip_lrtemplate_XMP_lrtemplate/70._E_-_Polaroid_Tint_+_warm.lrtemplate
=== PAUSE TestRoundTrip_XMP_NP3_XMP/FUJ_-_XPro_+++.xmp#01
=== RUN   TestRoundTrip_lrtemplate_XMP_lrtemplate/71._E_-_Polaroid_Tint_+_punch.lrtemplate
=== RUN   TestRoundTrip_XMP_NP3_XMP/FUJ_-_XPro_++.xmp#01
=== PAUSE TestRoundTrip_XMP_lrtemplate_XMP/KDK_-_Echrome_200_++++.xmp
=== RUN   TestRoundTrip_lrtemplate_NP3_lrtemplate/o_-_24._VIBRANCE_-__High.lrtemplate#02
=== PAUSE TestRoundTrip_XMP_NP3_XMP/FUJ_-_XPro_++.xmp#01
=== RUN   TestRoundTrip_XMP_NP3_XMP/FUJ_-_XPro_+.xmp#01
=== PAUSE TestRoundTrip_lrtemplate_NP3_lrtemplate/o_-_24._VIBRANCE_-__High.lrtemplate#02
=== PAUSE TestRoundTrip_lrtemplate_XMP_lrtemplate/71._E_-_Polaroid_Tint_+_punch.lrtemplate
=== RUN   TestRoundTrip_XMP_lrtemplate_XMP/KDK_-_Echrome_200_+++.xmp
=== PAUSE TestRoundTrip_XMP_NP3_XMP/FUJ_-_XPro_+.xmp#01
=== RUN   TestRoundTrip_lrtemplate_XMP_lrtemplate/o_-_00_-_o.lrtemplate#02
=== PAUSE TestRoundTrip_XMP_lrtemplate_XMP/KDK_-_Echrome_200_+++.xmp
=== RUN   TestRoundTrip_XMP_NP3_XMP/FUJ_-_XPro_-_boost.xmp#01
=== PAUSE TestRoundTrip_lrtemplate_XMP_lrtemplate/o_-_00_-_o.lrtemplate#02
=== RUN   TestRoundTrip_lrtemplate_NP3_lrtemplate/o_-_25_-_o.lrtemplate#02
=== RUN   TestRoundTrip_lrtemplate_XMP_lrtemplate/o_-_01._Lens_on.lrtemplate#02
=== PAUSE TestRoundTrip_XMP_NP3_XMP/FUJ_-_XPro_-_boost.xmp#01
=== RUN   TestRoundTrip_XMP_NP3_XMP/FUJ_-_XPro_-_cool.xmp#01
=== RUN   TestRoundTrip_XMP_lrtemplate_XMP/KDK_-_Echrome_200_++.xmp
=== PAUSE TestRoundTrip_XMP_NP3_XMP/FUJ_-_XPro_-_cool.xmp#01
=== PAUSE TestRoundTrip_lrtemplate_NP3_lrtemplate/o_-_25_-_o.lrtemplate#02
=== RUN   TestRoundTrip_XMP_NP3_XMP/FUJ_-_XPro_-_film.xmp#01
=== RUN   TestRoundTrip_lrtemplate_NP3_lrtemplate/o_-_26._FINISH_-_Film.lrtemplate#02
=== PAUSE TestRoundTrip_XMP_NP3_XMP/FUJ_-_XPro_-_film.xmp#01
=== RUN   TestRoundTrip_XMP_NP3_XMP/FUJ_-_XPro_-_warm.xmp#01
=== PAUSE TestRoundTrip_lrtemplate_XMP_lrtemplate/o_-_01._Lens_on.lrtemplate#02
=== PAUSE TestRoundTrip_XMP_NP3_XMP/FUJ_-_XPro_-_warm.xmp#01
=== RUN   TestRoundTrip_lrtemplate_XMP_lrtemplate/o_-_02._Lens_off.lrtemplate#02
=== RUN   TestRoundTrip_XMP_NP3_XMP/FUJ_-_XPro.xmp#01
=== PAUSE TestRoundTrip_lrtemplate_NP3_lrtemplate/o_-_26._FINISH_-_Film.lrtemplate#02
=== PAUSE TestRoundTrip_lrtemplate_XMP_lrtemplate/o_-_02._Lens_off.lrtemplate#02
=== PAUSE TestRoundTrip_XMP_NP3_XMP/FUJ_-_XPro.xmp#01
=== PAUSE TestRoundTrip_XMP_lrtemplate_XMP/KDK_-_Echrome_200_++.xmp
=== RUN   TestRoundTrip_lrtemplate_XMP_lrtemplate/o_-_03_-_o.lrtemplate#02
=== RUN   TestRoundTrip_lrtemplate_NP3_lrtemplate/o_-_27._FINISH_-_Basic.lrtemplate#02
=== RUN   TestRoundTrip_XMP_NP3_XMP/KDK_-_Echrome_++++.xmp
=== PAUSE TestRoundTrip_lrtemplate_XMP_lrtemplate/o_-_03_-_o.lrtemplate#02
=== RUN   TestRoundTrip_XMP_lrtemplate_XMP/KDK_-_Echrome_200_+.xmp
=== RUN   TestRoundTrip_lrtemplate_XMP_lrtemplate/o_-_04._EXPOSURE__-_2.lrtemplate#02
=== PAUSE TestRoundTrip_XMP_lrtemplate_XMP/KDK_-_Echrome_200_+.xmp
=== RUN   TestRoundTrip_XMP_lrtemplate_XMP/KDK_-_Echrome_200_-_boost.xmp
=== PAUSE TestRoundTrip_lrtemplate_XMP_lrtemplate/o_-_04._EXPOSURE__-_2.lrtemplate#02
=== PAUSE TestRoundTrip_XMP_NP3_XMP/KDK_-_Echrome_++++.xmp
=== RUN   TestRoundTrip_lrtemplate_XMP_lrtemplate/o_-_05._EXPOSURE__-_1.lrtemplate#02
=== PAUSE TestRoundTrip_lrtemplate_XMP_lrtemplate/o_-_05._EXPOSURE__-_1.lrtemplate#02
=== RUN   TestRoundTrip_XMP_NP3_XMP/KDK_-_Echrome_+++.xmp
=== PAUSE TestRoundTrip_lrtemplate_NP3_lrtemplate/o_-_27._FINISH_-_Basic.lrtemplate#02
=== PAUSE TestRoundTrip_XMP_NP3_XMP/KDK_-_Echrome_+++.xmp
=== PAUSE TestRoundTrip_XMP_lrtemplate_XMP/KDK_-_Echrome_200_-_boost.xmp
=== RUN   TestRoundTrip_XMP_NP3_XMP/KDK_-_Echrome_++.xmp
=== RUN   TestRoundTrip_XMP_lrtemplate_XMP/KDK_-_Echrome_200_-_cool.xmp
=== PAUSE TestRoundTrip_XMP_NP3_XMP/KDK_-_Echrome_++.xmp
=== PAUSE TestRoundTrip_XMP_lrtemplate_XMP/KDK_-_Echrome_200_-_cool.xmp
=== RUN   TestRoundTrip_XMP_NP3_XMP/KDK_-_Echrome_+.xmp
=== RUN   TestRoundTrip_lrtemplate_NP3_lrtemplate/o_-_28._FINISH_-_Strong.lrtemplate#02
=== PAUSE TestRoundTrip_XMP_NP3_XMP/KDK_-_Echrome_+.xmp
=== RUN   TestRoundTrip_XMP_NP3_XMP/KDK_-_Echrome_-_boost.xmp
=== RUN   TestRoundTrip_lrtemplate_XMP_lrtemplate/o_-_06._EXPOSURE__0.lrtemplate#02
=== RUN   TestRoundTrip_XMP_lrtemplate_XMP/KDK_-_Echrome_200_-_film.xmp
=== PAUSE TestRoundTrip_XMP_NP3_XMP/KDK_-_Echrome_-_boost.xmp
=== PAUSE TestRoundTrip_lrtemplate_NP3_lrtemplate/o_-_28._FINISH_-_Strong.lrtemplate#02
=== RUN   TestRoundTrip_XMP_NP3_XMP/KDK_-_Echrome_-_cool.xmp
=== RUN   TestRoundTrip_lrtemplate_NP3_lrtemplate/o_-_29._FINISH_-_Vintage.lrtemplate#02
=== PAUSE TestRoundTrip_XMP_NP3_XMP/KDK_-_Echrome_-_cool.xmp
=== PAUSE TestRoundTrip_lrtemplate_XMP_lrtemplate/o_-_06._EXPOSURE__0.lrtemplate#02
=== RUN   TestRoundTrip_lrtemplate_XMP_lrtemplate/o_-_07._EXPOSURE_+_1.lrtemplate#02
=== PAUSE TestRoundTrip_XMP_lrtemplate_XMP/KDK_-_Echrome_200_-_film.xmp
=== RUN   TestRoundTrip_XMP_lrtemplate_XMP/KDK_-_Echrome_200_-_warm.xmp
=== PAUSE TestRoundTrip_lrtemplate_XMP_lrtemplate/o_-_07._EXPOSURE_+_1.lrtemplate#02
=== RUN   TestRoundTrip_lrtemplate_XMP_lrtemplate/o_-_08._EXPOSURE_+_2.lrtemplate#02
=== PAUSE TestRoundTrip_XMP_lrtemplate_XMP/KDK_-_Echrome_200_-_warm.xmp
=== PAUSE TestRoundTrip_lrtemplate_NP3_lrtemplate/o_-_29._FINISH_-_Vintage.lrtemplate#02
=== PAUSE TestRoundTrip_lrtemplate_XMP_lrtemplate/o_-_08._EXPOSURE_+_2.lrtemplate#02
=== RUN   TestRoundTrip_XMP_lrtemplate_XMP/KDK_-_Echrome_200.xmp
=== RUN   TestRoundTrip_lrtemplate_NP3_lrtemplate/o_-_30._FINISH_-_Washed.lrtemplate#02
=== RUN   TestRoundTrip_lrtemplate_XMP_lrtemplate/o_-_09_-_o.lrtemplate#02
=== PAUSE TestRoundTrip_XMP_lrtemplate_XMP/KDK_-_Echrome_200.xmp
=== RUN   TestRoundTrip_XMP_lrtemplate_XMP/KDK_-_Echrome_64_++++.xmp
=== RUN   TestRoundTrip_XMP_NP3_XMP/KDK_-_Echrome_-_film.xmp
=== PAUSE TestRoundTrip_XMP_lrtemplate_XMP/KDK_-_Echrome_64_++++.xmp
=== PAUSE TestRoundTrip_lrtemplate_XMP_lrtemplate/o_-_09_-_o.lrtemplate#02
=== RUN   TestRoundTrip_XMP_lrtemplate_XMP/KDK_-_Echrome_64_+++.xmp
=== PAUSE TestRoundTrip_lrtemplate_NP3_lrtemplate/o_-_30._FINISH_-_Washed.lrtemplate#02
=== PAUSE TestRoundTrip_XMP_lrtemplate_XMP/KDK_-_Echrome_64_+++.xmp
=== RUN   TestRoundTrip_lrtemplate_NP3_lrtemplate/o_-_31._FINISH_-_Bright.lrtemplate#02
=== RUN   TestRoundTrip_XMP_lrtemplate_XMP/KDK_-_Echrome_64_++.xmp
=== PAUSE TestRoundTrip_lrtemplate_NP3_lrtemplate/o_-_31._FINISH_-_Bright.lrtemplate#02
=== PAUSE TestRoundTrip_XMP_lrtemplate_XMP/KDK_-_Echrome_64_++.xmp
=== RUN   TestRoundTrip_lrtemplate_XMP_lrtemplate/o_-_10._CONTRAST_-_Low.lrtemplate#02
=== RUN   TestRoundTrip_lrtemplate_NP3_lrtemplate/o_-_32._FINISH_-_Retro.lrtemplate#02
=== RUN   TestRoundTrip_XMP_lrtemplate_XMP/KDK_-_Echrome_64_+.xmp
=== PAUSE TestRoundTrip_lrtemplate_NP3_lrtemplate/o_-_32._FINISH_-_Retro.lrtemplate#02
=== PAUSE TestRoundTrip_XMP_NP3_XMP/KDK_-_Echrome_-_film.xmp
=== RUN   TestRoundTrip_lrtemplate_NP3_lrtemplate/o_-_33_-_o.lrtemplate#02
=== PAUSE TestRoundTrip_XMP_lrtemplate_XMP/KDK_-_Echrome_64_+.xmp
=== RUN   TestRoundTrip_XMP_NP3_XMP/KDK_-_Echrome_-_warm.xmp
=== PAUSE TestRoundTrip_lrtemplate_NP3_lrtemplate/o_-_33_-_o.lrtemplate#02
=== RUN   TestRoundTrip_lrtemplate_NP3_lrtemplate/o_-_34._COLOR_-_Neutral.lrtemplate#02
=== PAUSE TestRoundTrip_lrtemplate_XMP_lrtemplate/o_-_10._CONTRAST_-_Low.lrtemplate#02
=== PAUSE TestRoundTrip_lrtemplate_NP3_lrtemplate/o_-_34._COLOR_-_Neutral.lrtemplate#02
=== RUN   TestRoundTrip_lrtemplate_NP3_lrtemplate/o_-_35._COLOR_-_Morning.lrtemplate#02
=== PAUSE TestRoundTrip_lrtemplate_NP3_lrtemplate/o_-_35._COLOR_-_Morning.lrtemplate#02
=== RUN   TestRoundTrip_lrtemplate_NP3_lrtemplate/o_-_36._COLOR_-_Lavender.lrtemplate#02
=== RUN   TestRoundTrip_XMP_lrtemplate_XMP/KDK_-_Echrome_64_-_boost.xmp
=== RUN   TestRoundTrip_lrtemplate_XMP_lrtemplate/o_-_11._CONTRAST_-_Mid.lrtemplate#02
=== PAUSE TestRoundTrip_lrtemplate_NP3_lrtemplate/o_-_36._COLOR_-_Lavender.lrtemplate#02
=== RUN   TestRoundTrip_lrtemplate_NP3_lrtemplate/o_-_37._COLOR_-_Spearmint.lrtemplate#02
=== PAUSE TestRoundTrip_lrtemplate_NP3_lrtemplate/o_-_37._COLOR_-_Spearmint.lrtemplate#02
=== PAUSE TestRoundTrip_XMP_NP3_XMP/KDK_-_Echrome_-_warm.xmp
=== RUN   TestRoundTrip_XMP_NP3_XMP/KDK_-_Echrome_100_++++.xmp
=== PAUSE TestRoundTrip_XMP_lrtemplate_XMP/KDK_-_Echrome_64_-_boost.xmp
=== PAUSE TestRoundTrip_XMP_NP3_XMP/KDK_-_Echrome_100_++++.xmp
=== RUN   TestRoundTrip_XMP_lrtemplate_XMP/KDK_-_Echrome_64_-_cool.xmp
=== RUN   TestRoundTrip_XMP_NP3_XMP/KDK_-_Echrome_100_+++.xmp
=== PAUSE TestRoundTrip_XMP_lrtemplate_XMP/KDK_-_Echrome_64_-_cool.xmp
=== PAUSE TestRoundTrip_XMP_NP3_XMP/KDK_-_Echrome_100_+++.xmp
=== RUN   TestRoundTrip_XMP_lrtemplate_XMP/KDK_-_Echrome_64_-_film.xmp
=== RUN   TestRoundTrip_lrtemplate_NP3_lrtemplate/o_-_38._COLOR_-_Sea_Breeze.lrtemplate#02
=== PAUSE TestRoundTrip_lrtemplate_NP3_lrtemplate/o_-_38._COLOR_-_Sea_Breeze.lrtemplate#02
=== RUN   TestRoundTrip_XMP_NP3_XMP/KDK_-_Echrome_100_++.xmp
=== RUN   TestRoundTrip_lrtemplate_NP3_lrtemplate/o_-_39._COLOR_-_Warm_Light.lrtemplate#02
=== PAUSE TestRoundTrip_lrtemplate_XMP_lrtemplate/o_-_11._CONTRAST_-_Mid.lrtemplate#02
=== RUN   TestRoundTrip_lrtemplate_XMP_lrtemplate/o_-_12._CONTRAST_-_High.lrtemplate#02
=== PAUSE TestRoundTrip_lrtemplate_NP3_lrtemplate/o_-_39._COLOR_-_Warm_Light.lrtemplate#02
=== PAUSE TestRoundTrip_XMP_lrtemplate_XMP/KDK_-_Echrome_64_-_film.xmp
=== RUN   TestRoundTrip_lrtemplate_NP3_lrtemplate/o_-_40._COLOR_-_Pastel_Rouge.lrtemplate#02
=== PAUSE TestRoundTrip_XMP_NP3_XMP/KDK_-_Echrome_100_++.xmp
=== PAUSE TestRoundTrip_lrtemplate_XMP_lrtemplate/o_-_12._CONTRAST_-_High.lrtemplate#02
=== RUN   TestRoundTrip_XMP_NP3_XMP/KDK_-_Echrome_100_+.xmp
=== RUN   TestRoundTrip_XMP_lrtemplate_XMP/KDK_-_Echrome_64_-_warm.xmp
=== PAUSE TestRoundTrip_XMP_NP3_XMP/KDK_-_Echrome_100_+.xmp
=== RUN   TestRoundTrip_lrtemplate_XMP_lrtemplate/o_-_13_-_o.lrtemplate#02
=== RUN   TestRoundTrip_XMP_NP3_XMP/KDK_-_Echrome_100_-_boost.xmp
=== PAUSE TestRoundTrip_XMP_lrtemplate_XMP/KDK_-_Echrome_64_-_warm.xmp
=== PAUSE TestRoundTrip_lrtemplate_NP3_lrtemplate/o_-_40._COLOR_-_Pastel_Rouge.lrtemplate#02
=== PAUSE TestRoundTrip_lrtemplate_XMP_lrtemplate/o_-_13_-_o.lrtemplate#02
=== RUN   TestRoundTrip_XMP_lrtemplate_XMP/KDK_-_Echrome_64.xmp
=== PAUSE TestRoundTrip_XMP_NP3_XMP/KDK_-_Echrome_100_-_boost.xmp
=== PAUSE TestRoundTrip_XMP_lrtemplate_XMP/KDK_-_Echrome_64.xmp
=== RUN   TestRoundTrip_lrtemplate_NP3_lrtemplate/o_-_41_-_o.lrtemplate#02
=== PAUSE TestRoundTrip_lrtemplate_NP3_lrtemplate/o_-_41_-_o.lrtemplate#02
=== RUN   TestRoundTrip_lrtemplate_XMP_lrtemplate/o_-_14._DETAIL_-_Low.lrtemplate#02
=== RUN   TestRoundTrip_lrtemplate_NP3_lrtemplate/o_-_42._LIGHTING_-_Auto_Set.lrtemplate#02
=== PAUSE TestRoundTrip_lrtemplate_XMP_lrtemplate/o_-_14._DETAIL_-_Low.lrtemplate#02
=== PAUSE TestRoundTrip_lrtemplate_NP3_lrtemplate/o_-_42._LIGHTING_-_Auto_Set.lrtemplate#02
=== RUN   TestRoundTrip_lrtemplate_XMP_lrtemplate/o_-_15._DETAIL_-_Mid.lrtemplate#02
=== RUN   TestRoundTrip_XMP_lrtemplate_XMP/KDK_-_Echrome.xmp
=== RUN   TestRoundTrip_lrtemplate_NP3_lrtemplate/o_-_43._LIGHTING_-_As_Shot.lrtemplate#02
=== PAUSE TestRoundTrip_XMP_lrtemplate_XMP/KDK_-_Echrome.xmp
=== PAUSE TestRoundTrip_lrtemplate_NP3_lrtemplate/o_-_43._LIGHTING_-_As_Shot.lrtemplate#02
=== PAUSE TestRoundTrip_lrtemplate_XMP_lrtemplate/o_-_15._DETAIL_-_Mid.lrtemplate#02
=== RUN   TestRoundTrip_XMP_lrtemplate_XMP/KDK_-_Ektar_100_++++.xmp
=== RUN   TestRoundTrip_lrtemplate_NP3_lrtemplate/o_-_44._LIGHTING_-_Flash.lrtemplate#02
=== RUN   TestRoundTrip_XMP_NP3_XMP/KDK_-_Echrome_100_-_cool.xmp
=== RUN   TestRoundTrip_lrtemplate_XMP_lrtemplate/o_-_16._DETAIL_-_High.lrtemplate#02
=== PAUSE TestRoundTrip_XMP_NP3_XMP/KDK_-_Echrome_100_-_cool.xmp
=== PAUSE TestRoundTrip_lrtemplate_XMP_lrtemplate/o_-_16._DETAIL_-_High.lrtemplate#02
=== RUN   TestRoundTrip_XMP_NP3_XMP/KDK_-_Echrome_100_-_film.xmp
=== PAUSE TestRoundTrip_XMP_lrtemplate_XMP/KDK_-_Ektar_100_++++.xmp
=== RUN   TestRoundTrip_lrtemplate_XMP_lrtemplate/o_-_17_-_o.lrtemplate#02
=== RUN   TestRoundTrip_XMP_lrtemplate_XMP/KDK_-_Ektar_100_+++.xmp
=== PAUSE TestRoundTrip_lrtemplate_XMP_lrtemplate/o_-_17_-_o.lrtemplate#02
=== RUN   TestRoundTrip_lrtemplate_XMP_lrtemplate/o_-_18._SHARPEN_-_Low.lrtemplate#02
=== PAUSE TestRoundTrip_XMP_NP3_XMP/KDK_-_Echrome_100_-_film.xmp
=== PAUSE TestRoundTrip_XMP_lrtemplate_XMP/KDK_-_Ektar_100_+++.xmp
=== PAUSE TestRoundTrip_lrtemplate_XMP_lrtemplate/o_-_18._SHARPEN_-_Low.lrtemplate#02
=== RUN   TestRoundTrip_XMP_lrtemplate_XMP/KDK_-_Ektar_100_++.xmp
=== RUN   TestRoundTrip_lrtemplate_XMP_lrtemplate/o_-_19._SHARPEN_-_Mid.lrtemplate#02
=== RUN   TestRoundTrip_XMP_NP3_XMP/KDK_-_Echrome_100_-_warm.xmp
=== PAUSE TestRoundTrip_XMP_lrtemplate_XMP/KDK_-_Ektar_100_++.xmp
=== PAUSE TestRoundTrip_XMP_NP3_XMP/KDK_-_Echrome_100_-_warm.xmp
=== PAUSE TestRoundTrip_lrtemplate_XMP_lrtemplate/o_-_19._SHARPEN_-_Mid.lrtemplate#02
=== RUN   TestRoundTrip_XMP_NP3_XMP/KDK_-_Echrome_100.xmp
=== RUN   TestRoundTrip_lrtemplate_XMP_lrtemplate/o_-_20._SHARPEN_-_High.lrtemplate#02
=== PAUSE TestRoundTrip_XMP_NP3_XMP/KDK_-_Echrome_100.xmp
=== RUN   TestRoundTrip_XMP_NP3_XMP/KDK_-_Echrome_200_++++.xmp
=== RUN   TestRoundTrip_XMP_lrtemplate_XMP/KDK_-_Ektar_100_+.xmp
=== PAUSE TestRoundTrip_lrtemplate_XMP_lrtemplate/o_-_20._SHARPEN_-_High.lrtemplate#02
=== PAUSE TestRoundTrip_XMP_lrtemplate_XMP/KDK_-_Ektar_100_+.xmp
=== PAUSE TestRoundTrip_lrtemplate_NP3_lrtemplate/o_-_44._LIGHTING_-_Flash.lrtemplate#02
=== RUN   TestRoundTrip_XMP_lrtemplate_XMP/KDK_-_Ektar_100_-_boost.xmp
=== PAUSE TestRoundTrip_XMP_NP3_XMP/KDK_-_Echrome_200_++++.xmp
=== PAUSE TestRoundTrip_XMP_lrtemplate_XMP/KDK_-_Ektar_100_-_boost.xmp
=== RUN   TestRoundTrip_lrtemplate_XMP_lrtemplate/o_-_21_-_o.lrtemplate#02
=== RUN   TestRoundTrip_XMP_NP3_XMP/KDK_-_Echrome_200_+++.xmp
=== PAUSE TestRoundTrip_lrtemplate_XMP_lrtemplate/o_-_21_-_o.lrtemplate#02
=== PAUSE TestRoundTrip_XMP_NP3_XMP/KDK_-_Echrome_200_+++.xmp
=== RUN   TestRoundTrip_lrtemplate_NP3_lrtemplate/o_-_45._LIGHTING_-_Shade.lrtemplate#02
=== RUN   TestRoundTrip_XMP_NP3_XMP/KDK_-_Echrome_200_++.xmp
=== PAUSE TestRoundTrip_lrtemplate_NP3_lrtemplate/o_-_45._LIGHTING_-_Shade.lrtemplate#02
=== PAUSE TestRoundTrip_XMP_NP3_XMP/KDK_-_Echrome_200_++.xmp
=== RUN   TestRoundTrip_lrtemplate_NP3_lrtemplate/o_-_46._LIGHTING_-_Cloudy.lrtemplate#02
=== RUN   TestRoundTrip_XMP_NP3_XMP/KDK_-_Echrome_200_+.xmp
=== RUN   TestRoundTrip_lrtemplate_XMP_lrtemplate/o_-_22._VIBRANCE__-_Low.lrtemplate#02
=== PAUSE TestRoundTrip_XMP_NP3_XMP/KDK_-_Echrome_200_+.xmp
=== PAUSE TestRoundTrip_lrtemplate_NP3_lrtemplate/o_-_46._LIGHTING_-_Cloudy.lrtemplate#02
=== RUN   TestRoundTrip_XMP_lrtemplate_XMP/KDK_-_Ektar_100_-_cool.xmp
=== RUN   TestRoundTrip_lrtemplate_NP3_lrtemplate/o_-_47._LIGHTING_-_Daylight.lrtemplate#02
=== RUN   TestRoundTrip_XMP_NP3_XMP/KDK_-_Echrome_200_-_boost.xmp
=== PAUSE TestRoundTrip_lrtemplate_XMP_lrtemplate/o_-_22._VIBRANCE__-_Low.lrtemplate#02
=== PAUSE TestRoundTrip_XMP_lrtemplate_XMP/KDK_-_Ektar_100_-_cool.xmp
=== PAUSE TestRoundTrip_lrtemplate_NP3_lrtemplate/o_-_47._LIGHTING_-_Daylight.lrtemplate#02
=== RUN   TestRoundTrip_lrtemplate_XMP_lrtemplate/o_-_23._VIBRANCE__-_Mid.lrtemplate#02
=== PAUSE TestRoundTrip_XMP_NP3_XMP/KDK_-_Echrome_200_-_boost.xmp
=== PAUSE TestRoundTrip_lrtemplate_XMP_lrtemplate/o_-_23._VIBRANCE__-_Mid.lrtemplate#02
=== RUN   TestRoundTrip_XMP_NP3_XMP/KDK_-_Echrome_200_-_cool.xmp
=== RUN   TestRoundTrip_lrtemplate_XMP_lrtemplate/o_-_24._VIBRANCE_-__High.lrtemplate#02
=== PAUSE TestRoundTrip_XMP_NP3_XMP/KDK_-_Echrome_200_-_cool.xmp
=== RUN   TestRoundTrip_XMP_NP3_XMP/KDK_-_Echrome_200_-_film.xmp
=== RUN   TestRoundTrip_lrtemplate_NP3_lrtemplate/o_-_48._LIGHTING_-_Tungsten.lrtemplate#02
=== PAUSE TestRoundTrip_lrtemplate_XMP_lrtemplate/o_-_24._VIBRANCE_-__High.lrtemplate#02
=== RUN   TestRoundTrip_lrtemplate_XMP_lrtemplate/o_-_25_-_o.lrtemplate#02
=== PAUSE TestRoundTrip_lrtemplate_NP3_lrtemplate/o_-_48._LIGHTING_-_Tungsten.lrtemplate#02
=== PAUSE TestRoundTrip_lrtemplate_XMP_lrtemplate/o_-_25_-_o.lrtemplate#02
=== RUN   TestRoundTrip_XMP_lrtemplate_XMP/KDK_-_Ektar_100_-_film.xmp
=== RUN   TestRoundTrip_lrtemplate_NP3_lrtemplate/o_-_49._LIGHTING_-_Fluorescent.lrtemplate#02
=== RUN   TestRoundTrip_lrtemplate_XMP_lrtemplate/o_-_26._FINISH_-_Film.lrtemplate#02
=== PAUSE TestRoundTrip_XMP_NP3_XMP/KDK_-_Echrome_200_-_film.xmp
=== PAUSE TestRoundTrip_lrtemplate_NP3_lrtemplate/o_-_49._LIGHTING_-_Fluorescent.lrtemplate#02
=== PAUSE TestRoundTrip_XMP_lrtemplate_XMP/KDK_-_Ektar_100_-_film.xmp
=== RUN   TestRoundTrip_XMP_NP3_XMP/KDK_-_Echrome_200_-_warm.xmp
=== RUN   TestRoundTrip_lrtemplate_NP3_lrtemplate/o_-_50_-_o.lrtemplate#02
=== PAUSE TestRoundTrip_XMP_NP3_XMP/KDK_-_Echrome_200_-_warm.xmp
=== RUN   TestRoundTrip_XMP_NP3_XMP/KDK_-_Echrome_200.xmp
=== PAUSE TestRoundTrip_lrtemplate_NP3_lrtemplate/o_-_50_-_o.lrtemplate#02
=== RUN   TestRoundTrip_XMP_lrtemplate_XMP/KDK_-_Ektar_100_-_warm.xmp
=== PAUSE TestRoundTrip_XMP_NP3_XMP/KDK_-_Echrome_200.xmp
=== PAUSE TestRoundTrip_XMP_lrtemplate_XMP/KDK_-_Ektar_100_-_warm.xmp
=== RUN   TestRoundTrip_XMP_NP3_XMP/KDK_-_Echrome_64_++++.xmp
=== RUN   TestRoundTrip_XMP_lrtemplate_XMP/KDK_-_Ektar_100.xmp
=== PAUSE TestRoundTrip_XMP_NP3_XMP/KDK_-_Echrome_64_++++.xmp
=== PAUSE TestRoundTrip_lrtemplate_XMP_lrtemplate/o_-_26._FINISH_-_Film.lrtemplate#02
=== RUN   TestRoundTrip_XMP_NP3_XMP/KDK_-_Echrome_64_+++.xmp
=== RUN   TestRoundTrip_lrtemplate_NP3_lrtemplate/00._E_-_auto_tone____.lrtemplate
=== RUN   TestRoundTrip_lrtemplate_XMP_lrtemplate/o_-_27._FINISH_-_Basic.lrtemplate#02
=== PAUSE TestRoundTrip_XMP_NP3_XMP/KDK_-_Echrome_64_+++.xmp
=== PAUSE TestRoundTrip_lrtemplate_NP3_lrtemplate/00._E_-_auto_tone____.lrtemplate
=== PAUSE TestRoundTrip_lrtemplate_XMP_lrtemplate/o_-_27._FINISH_-_Basic.lrtemplate#02
=== RUN   TestRoundTrip_XMP_NP3_XMP/KDK_-_Echrome_64_++.xmp
=== RUN   TestRoundTrip_lrtemplate_NP3_lrtemplate/00._E_-_auto_wb____.lrtemplate
=== PAUSE TestRoundTrip_XMP_lrtemplate_XMP/KDK_-_Ektar_100.xmp
=== PAUSE TestRoundTrip_lrtemplate_NP3_lrtemplate/00._E_-_auto_wb____.lrtemplate
=== RUN   TestRoundTrip_lrtemplate_XMP_lrtemplate/o_-_28._FINISH_-_Strong.lrtemplate#02
=== RUN   TestRoundTrip_lrtemplate_NP3_lrtemplate/00._E_-_grain_x___.lrtemplate
=== PAUSE TestRoundTrip_lrtemplate_XMP_lrtemplate/o_-_28._FINISH_-_Strong.lrtemplate#02
=== PAUSE TestRoundTrip_XMP_NP3_XMP/KDK_-_Echrome_64_++.xmp
=== RUN   TestRoundTrip_lrtemplate_XMP_lrtemplate/o_-_29._FINISH_-_Vintage.lrtemplate#02
=== PAUSE TestRoundTrip_lrtemplate_NP3_lrtemplate/00._E_-_grain_x___.lrtemplate
=== PAUSE TestRoundTrip_lrtemplate_XMP_lrtemplate/o_-_29._FINISH_-_Vintage.lrtemplate#02
=== RUN   TestRoundTrip_XMP_NP3_XMP/KDK_-_Echrome_64_+.xmp
=== RUN   TestRoundTrip_lrtemplate_XMP_lrtemplate/o_-_30._FINISH_-_Washed.lrtemplate#02
=== RUN   TestRoundTrip_XMP_lrtemplate_XMP/KDK_-_Elite_100_++++.xmp
=== PAUSE TestRoundTrip_lrtemplate_XMP_lrtemplate/o_-_30._FINISH_-_Washed.lrtemplate#02
=== RUN   TestRoundTrip_lrtemplate_XMP_lrtemplate/o_-_31._FINISH_-_Bright.lrtemplate#02
=== RUN   TestRoundTrip_lrtemplate_NP3_lrtemplate/00._E_-_o____.lrtemplate
=== PAUSE TestRoundTrip_lrtemplate_XMP_lrtemplate/o_-_31._FINISH_-_Bright.lrtemplate#02
=== PAUSE TestRoundTrip_XMP_NP3_XMP/KDK_-_Echrome_64_+.xmp
=== RUN   TestRoundTrip_lrtemplate_XMP_lrtemplate/o_-_32._FINISH_-_Retro.lrtemplate#02
=== RUN   TestRoundTrip_XMP_NP3_XMP/KDK_-_Echrome_64_-_boost.xmp
=== PAUSE TestRoundTrip_lrtemplate_XMP_lrtemplate/o_-_32._FINISH_-_Retro.lrtemplate#02
=== PAUSE TestRoundTrip_XMP_lrtemplate_XMP/KDK_-_Elite_100_++++.xmp
=== PAUSE TestRoundTrip_XMP_NP3_XMP/KDK_-_Echrome_64_-_boost.xmp
=== PAUSE TestRoundTrip_lrtemplate_NP3_lrtemplate/00._E_-_o____.lrtemplate
=== RUN   TestRoundTrip_XMP_lrtemplate_XMP/KDK_-_Elite_100_+++.xmp
=== RUN   TestRoundTrip_lrtemplate_XMP_lrtemplate/o_-_33_-_o.lrtemplate#02
=== PAUSE TestRoundTrip_XMP_lrtemplate_XMP/KDK_-_Elite_100_+++.xmp
=== RUN   TestRoundTrip_lrtemplate_NP3_lrtemplate/01._E_-_Kodak_Plus_+_i.lrtemplate
=== RUN   TestRoundTrip_XMP_lrtemplate_XMP/KDK_-_Elite_100_++.xmp
=== RUN   TestRoundTrip_XMP_NP3_XMP/KDK_-_Echrome_64_-_cool.xmp
=== PAUSE TestRoundTrip_lrtemplate_NP3_lrtemplate/01._E_-_Kodak_Plus_+_i.lrtemplate
=== PAUSE TestRoundTrip_lrtemplate_XMP_lrtemplate/o_-_33_-_o.lrtemplate#02
=== RUN   TestRoundTrip_lrtemplate_NP3_lrtemplate/02._E_-_Kodak_Plus_+_ii.lrtemplate
=== PAUSE TestRoundTrip_XMP_lrtemplate_XMP/KDK_-_Elite_100_++.xmp
=== RUN   TestRoundTrip_lrtemplate_XMP_lrtemplate/o_-_34._COLOR_-_Neutral.lrtemplate#02
=== PAUSE TestRoundTrip_lrtemplate_NP3_lrtemplate/02._E_-_Kodak_Plus_+_ii.lrtemplate
=== RUN   TestRoundTrip_XMP_lrtemplate_XMP/KDK_-_Elite_100_+.xmp
=== RUN   TestRoundTrip_lrtemplate_NP3_lrtemplate/03._E_-_Kodak_Plus_+_iii.lrtemplate
=== PAUSE TestRoundTrip_XMP_lrtemplate_XMP/KDK_-_Elite_100_+.xmp
=== PAUSE TestRoundTrip_lrtemplate_NP3_lrtemplate/03._E_-_Kodak_Plus_+_iii.lrtemplate
=== RUN   TestRoundTrip_XMP_lrtemplate_XMP/KDK_-_Elite_100_-_boost.xmp
=== RUN   TestRoundTrip_lrtemplate_NP3_lrtemplate/04._E_-_Kodak_Plus_+_iiii.lrtemplate
=== PAUSE TestRoundTrip_lrtemplate_XMP_lrtemplate/o_-_34._COLOR_-_Neutral.lrtemplate#02
=== PAUSE TestRoundTrip_XMP_NP3_XMP/KDK_-_Echrome_64_-_cool.xmp
=== RUN   TestRoundTrip_lrtemplate_XMP_lrtemplate/o_-_35._COLOR_-_Morning.lrtemplate#02
=== PAUSE TestRoundTrip_XMP_lrtemplate_XMP/KDK_-_Elite_100_-_boost.xmp
=== PAUSE TestRoundTrip_lrtemplate_NP3_lrtemplate/04._E_-_Kodak_Plus_+_iiii.lrtemplate
=== RUN   TestRoundTrip_XMP_lrtemplate_XMP/KDK_-_Elite_100_-_cool.xmp
=== RUN   TestRoundTrip_lrtemplate_NP3_lrtemplate/05._E_-_Kodak_Plus_+_fade.lrtemplate
=== PAUSE TestRoundTrip_XMP_lrtemplate_XMP/KDK_-_Elite_100_-_cool.xmp
=== RUN   TestRoundTrip_XMP_NP3_XMP/KDK_-_Echrome_64_-_film.xmp
=== PAUSE TestRoundTrip_lrtemplate_XMP_lrtemplate/o_-_35._COLOR_-_Morning.lrtemplate#02
=== PAUSE TestRoundTrip_XMP_NP3_XMP/KDK_-_Echrome_64_-_film.xmp
=== RUN   TestRoundTrip_XMP_lrtemplate_XMP/KDK_-_Elite_100_-_film.xmp
=== RUN   TestRoundTrip_lrtemplate_XMP_lrtemplate/o_-_36._COLOR_-_Lavender.lrtemplate#02
=== PAUSE TestRoundTrip_XMP_lrtemplate_XMP/KDK_-_Elite_100_-_film.xmp
=== PAUSE TestRoundTrip_lrtemplate_NP3_lrtemplate/05._E_-_Kodak_Plus_+_fade.lrtemplate
=== RUN   TestRoundTrip_XMP_NP3_XMP/KDK_-_Echrome_64_-_warm.xmp
=== PAUSE TestRoundTrip_lrtemplate_XMP_lrtemplate/o_-_36._COLOR_-_Lavender.lrtemplate#02
=== RUN   TestRoundTrip_lrtemplate_NP3_lrtemplate/06._E_-_Kodak_Plus_+_punch.lrtemplate
=== PAUSE TestRoundTrip_XMP_NP3_XMP/KDK_-_Echrome_64_-_warm.xmp
=== RUN   TestRoundTrip_XMP_lrtemplate_XMP/KDK_-_Elite_100_-_warm.xmp
=== RUN   TestRoundTrip_lrtemplate_XMP_lrtemplate/o_-_37._COLOR_-_Spearmint.lrtemplate#02
=== PAUSE TestRoundTrip_lrtemplate_XMP_lrtemplate/o_-_37._COLOR_-_Spearmint.lrtemplate#02
=== PAUSE TestRoundTrip_XMP_lrtemplate_XMP/KDK_-_Elite_100_-_warm.xmp
=== RUN   TestRoundTrip_lrtemplate_XMP_lrtemplate/o_-_38._COLOR_-_Sea_Breeze.lrtemplate#02
=== RUN   TestRoundTrip_XMP_lrtemplate_XMP/KDK_-_Elite_100.xmp
=== PAUSE TestRoundTrip_XMP_lrtemplate_XMP/KDK_-_Elite_100.xmp
=== RUN   TestRoundTrip_XMP_lrtemplate_XMP/KDK_-_Gold_200_++++.xmp
=== PAUSE TestRoundTrip_lrtemplate_NP3_lrtemplate/06._E_-_Kodak_Plus_+_punch.lrtemplate
=== PAUSE TestRoundTrip_lrtemplate_XMP_lrtemplate/o_-_38._COLOR_-_Sea_Breeze.lrtemplate#02
=== RUN   TestRoundTrip_XMP_NP3_XMP/KDK_-_Echrome_64.xmp
=== PAUSE TestRoundTrip_XMP_lrtemplate_XMP/KDK_-_Gold_200_++++.xmp
=== RUN   TestRoundTrip_XMP_lrtemplate_XMP/KDK_-_Gold_200_+++.xmp
=== PAUSE TestRoundTrip_XMP_NP3_XMP/KDK_-_Echrome_64.xmp
=== PAUSE TestRoundTrip_XMP_lrtemplate_XMP/KDK_-_Gold_200_+++.xmp
=== RUN   TestRoundTrip_lrtemplate_NP3_lrtemplate/07._E_-_Kodak_Tri-X_+_i.lrtemplate
=== RUN   TestRoundTrip_XMP_lrtemplate_XMP/KDK_-_Gold_200_++.xmp
=== RUN   TestRoundTrip_XMP_NP3_XMP/KDK_-_Echrome.xmp
=== PAUSE TestRoundTrip_lrtemplate_NP3_lrtemplate/07._E_-_Kodak_Tri-X_+_i.lrtemplate
=== PAUSE TestRoundTrip_XMP_NP3_XMP/KDK_-_Echrome.xmp
=== RUN   TestRoundTrip_lrtemplate_NP3_lrtemplate/08._E_-_Kodak_Tri-X_+_ii.lrtemplate
=== RUN   TestRoundTrip_XMP_NP3_XMP/KDK_-_Ektar_100_++++.xmp
=== RUN   TestRoundTrip_lrtemplate_XMP_lrtemplate/o_-_39._COLOR_-_Warm_Light.lrtemplate#02
=== PAUSE TestRoundTrip_XMP_lrtemplate_XMP/KDK_-_Gold_200_++.xmp
=== RUN   TestRoundTrip_XMP_lrtemplate_XMP/KDK_-_Gold_200_+.xmp
=== PAUSE TestRoundTrip_lrtemplate_XMP_lrtemplate/o_-_39._COLOR_-_Warm_Light.lrtemplate#02
=== PAUSE TestRoundTrip_lrtemplate_NP3_lrtemplate/08._E_-_Kodak_Tri-X_+_ii.lrtemplate
=== PAUSE TestRoundTrip_XMP_NP3_XMP/KDK_-_Ektar_100_++++.xmp
=== RUN   TestRoundTrip_lrtemplate_XMP_lrtemplate/o_-_40._COLOR_-_Pastel_Rouge.lrtemplate#02
=== PAUSE TestRoundTrip_XMP_lrtemplate_XMP/KDK_-_Gold_200_+.xmp
=== RUN   TestRoundTrip_XMP_NP3_XMP/KDK_-_Ektar_100_+++.xmp
=== RUN   TestRoundTrip_XMP_lrtemplate_XMP/KDK_-_Gold_200_-_boost.xmp
=== PAUSE TestRoundTrip_XMP_NP3_XMP/KDK_-_Ektar_100_+++.xmp
=== PAUSE TestRoundTrip_XMP_lrtemplate_XMP/KDK_-_Gold_200_-_boost.xmp
=== RUN   TestRoundTrip_XMP_lrtemplate_XMP/KDK_-_Gold_200_-_cool.xmp
=== PAUSE TestRoundTrip_lrtemplate_XMP_lrtemplate/o_-_40._COLOR_-_Pastel_Rouge.lrtemplate#02
=== PAUSE TestRoundTrip_XMP_lrtemplate_XMP/KDK_-_Gold_200_-_cool.xmp
=== RUN   TestRoundTrip_lrtemplate_XMP_lrtemplate/o_-_41_-_o.lrtemplate#02
=== RUN   TestRoundTrip_lrtemplate_NP3_lrtemplate/09._E_-_Kodak_Tri-X_+_iii.lrtemplate
=== PAUSE TestRoundTrip_lrtemplate_XMP_lrtemplate/o_-_41_-_o.lrtemplate#02
=== PAUSE TestRoundTrip_lrtemplate_NP3_lrtemplate/09._E_-_Kodak_Tri-X_+_iii.lrtemplate
=== RUN   TestRoundTrip_XMP_lrtemplate_XMP/KDK_-_Gold_200_-_film.xmp
=== RUN   TestRoundTrip_lrtemplate_NP3_lrtemplate/10._E_-_Kodak_Tri-X_+_iiii.lrtemplate
=== RUN   TestRoundTrip_lrtemplate_XMP_lrtemplate/o_-_42._LIGHTING_-_Auto_Set.lrtemplate#02
=== PAUSE TestRoundTrip_lrtemplate_NP3_lrtemplate/10._E_-_Kodak_Tri-X_+_iiii.lrtemplate
=== PAUSE TestRoundTrip_XMP_lrtemplate_XMP/KDK_-_Gold_200_-_film.xmp
=== RUN   TestRoundTrip_lrtemplate_NP3_lrtemplate/11._E_-_Kodak_Tri-X_+_fade.lrtemplate
=== PAUSE TestRoundTrip_lrtemplate_NP3_lrtemplate/11._E_-_Kodak_Tri-X_+_fade.lrtemplate
=== PAUSE TestRoundTrip_lrtemplate_XMP_lrtemplate/o_-_42._LIGHTING_-_Auto_Set.lrtemplate#02
=== RUN   TestRoundTrip_XMP_NP3_XMP/KDK_-_Ektar_100_++.xmp
=== RUN   TestRoundTrip_lrtemplate_NP3_lrtemplate/12._E_-_Kodak_Tri-X_+_punch.lrtemplate
=== RUN   TestRoundTrip_lrtemplate_XMP_lrtemplate/o_-_43._LIGHTING_-_As_Shot.lrtemplate#02
=== PAUSE TestRoundTrip_XMP_NP3_XMP/KDK_-_Ektar_100_++.xmp
=== PAUSE TestRoundTrip_lrtemplate_XMP_lrtemplate/o_-_43._LIGHTING_-_As_Shot.lrtemplate#02
=== PAUSE TestRoundTrip_lrtemplate_NP3_lrtemplate/12._E_-_Kodak_Tri-X_+_punch.lrtemplate
=== RUN   TestRoundTrip_lrtemplate_XMP_lrtemplate/o_-_44._LIGHTING_-_Flash.lrtemplate#02
=== RUN   TestRoundTrip_XMP_lrtemplate_XMP/KDK_-_Gold_200_-_warm.xmp
=== PAUSE TestRoundTrip_lrtemplate_XMP_lrtemplate/o_-_44._LIGHTING_-_Flash.lrtemplate#02
=== PAUSE TestRoundTrip_XMP_lrtemplate_XMP/KDK_-_Gold_200_-_warm.xmp
=== RUN   TestRoundTrip_XMP_lrtemplate_XMP/KDK_-_Gold_200.xmp
=== RUN   TestRoundTrip_XMP_NP3_XMP/KDK_-_Ektar_100_+.xmp
=== PAUSE TestRoundTrip_XMP_NP3_XMP/KDK_-_Ektar_100_+.xmp
=== RUN   TestRoundTrip_lrtemplate_XMP_lrtemplate/o_-_45._LIGHTING_-_Shade.lrtemplate#02
=== RUN   TestRoundTrip_XMP_NP3_XMP/KDK_-_Ektar_100_-_boost.xmp
=== RUN   TestRoundTrip_lrtemplate_NP3_lrtemplate/13._E_-_Fuji_Neo_+_i.lrtemplate
=== PAUSE TestRoundTrip_XMP_NP3_XMP/KDK_-_Ektar_100_-_boost.xmp
=== PAUSE TestRoundTrip_lrtemplate_XMP_lrtemplate/o_-_45._LIGHTING_-_Shade.lrtemplate#02
=== PAUSE TestRoundTrip_lrtemplate_NP3_lrtemplate/13._E_-_Fuji_Neo_+_i.lrtemplate
=== RUN   TestRoundTrip_XMP_NP3_XMP/KDK_-_Ektar_100_-_cool.xmp
=== RUN   TestRoundTrip_lrtemplate_XMP_lrtemplate/o_-_46._LIGHTING_-_Cloudy.lrtemplate#02
=== RUN   TestRoundTrip_lrtemplate_NP3_lrtemplate/14._E_-_Fuji_Neo_+_ii.lrtemplate
=== PAUSE TestRoundTrip_XMP_NP3_XMP/KDK_-_Ektar_100_-_cool.xmp
=== RUN   TestRoundTrip_XMP_NP3_XMP/KDK_-_Ektar_100_-_film.xmp
=== PAUSE TestRoundTrip_XMP_lrtemplate_XMP/KDK_-_Gold_200.xmp
=== PAUSE TestRoundTrip_lrtemplate_XMP_lrtemplate/o_-_46._LIGHTING_-_Cloudy.lrtemplate#02
=== RUN   TestRoundTrip_XMP_lrtemplate_XMP/KDK_-_Kodachrome_64.xmp
=== RUN   TestRoundTrip_lrtemplate_XMP_lrtemplate/o_-_47._LIGHTING_-_Daylight.lrtemplate#02
=== PAUSE TestRoundTrip_XMP_lrtemplate_XMP/KDK_-_Kodachrome_64.xmp
=== PAUSE TestRoundTrip_lrtemplate_XMP_lrtemplate/o_-_47._LIGHTING_-_Daylight.lrtemplate#02
=== RUN   TestRoundTrip_XMP_lrtemplate_XMP/KDK_-_Kodachrome_64_1.xmp
=== RUN   TestRoundTrip_lrtemplate_XMP_lrtemplate/o_-_48._LIGHTING_-_Tungsten.lrtemplate#02
=== PAUSE TestRoundTrip_XMP_lrtemplate_XMP/KDK_-_Kodachrome_64_1.xmp
=== PAUSE TestRoundTrip_XMP_NP3_XMP/KDK_-_Ektar_100_-_film.xmp
=== PAUSE TestRoundTrip_lrtemplate_XMP_lrtemplate/o_-_48._LIGHTING_-_Tungsten.lrtemplate#02
=== RUN   TestRoundTrip_XMP_NP3_XMP/KDK_-_Ektar_100_-_warm.xmp
=== RUN   TestRoundTrip_lrtemplate_XMP_lrtemplate/o_-_49._LIGHTING_-_Fluorescent.lrtemplate#02
=== RUN   TestRoundTrip_XMP_lrtemplate_XMP/KDK_-_Kodachrome_64_2.xmp
=== PAUSE TestRoundTrip_lrtemplate_XMP_lrtemplate/o_-_49._LIGHTING_-_Fluorescent.lrtemplate#02
=== PAUSE TestRoundTrip_XMP_lrtemplate_XMP/KDK_-_Kodachrome_64_2.xmp
=== PAUSE TestRoundTrip_XMP_NP3_XMP/KDK_-_Ektar_100_-_warm.xmp
=== RUN   TestRoundTrip_XMP_lrtemplate_XMP/KDK_-_Kodachrome_64_3.xmp
=== RUN   TestRoundTrip_XMP_NP3_XMP/KDK_-_Ektar_100.xmp
=== RUN   TestRoundTrip_lrtemplate_XMP_lrtemplate/o_-_50_-_o.lrtemplate#02
=== PAUSE TestRoundTrip_XMP_NP3_XMP/KDK_-_Ektar_100.xmp
=== PAUSE TestRoundTrip_lrtemplate_XMP_lrtemplate/o_-_50_-_o.lrtemplate#02
=== RUN   TestRoundTrip_XMP_NP3_XMP/KDK_-_Elite_100_++++.xmp
=== RUN   TestRoundTrip_lrtemplate_XMP_lrtemplate/00._E_-_auto_tone____.lrtemplate
=== PAUSE TestRoundTrip_lrtemplate_NP3_lrtemplate/14._E_-_Fuji_Neo_+_ii.lrtemplate
=== PAUSE TestRoundTrip_lrtemplate_XMP_lrtemplate/00._E_-_auto_tone____.lrtemplate
=== RUN   TestRoundTrip_lrtemplate_NP3_lrtemplate/15._E_-_Fuji_Neo_+_iii.lrtemplate
=== PAUSE TestRoundTrip_XMP_NP3_XMP/KDK_-_Elite_100_++++.xmp
=== RUN   TestRoundTrip_lrtemplate_XMP_lrtemplate/00._E_-_auto_wb____.lrtemplate
=== PAUSE TestRoundTrip_lrtemplate_NP3_lrtemplate/15._E_-_Fuji_Neo_+_iii.lrtemplate
=== PAUSE TestRoundTrip_lrtemplate_XMP_lrtemplate/00._E_-_auto_wb____.lrtemplate
=== PAUSE TestRoundTrip_XMP_lrtemplate_XMP/KDK_-_Kodachrome_64_3.xmp
=== RUN   TestRoundTrip_XMP_lrtemplate_XMP/KDK_-_Kodachrome_64_4.xmp
=== PAUSE TestRoundTrip_XMP_lrtemplate_XMP/KDK_-_Kodachrome_64_4.xmp
=== RUN   TestRoundTrip_XMP_NP3_XMP/KDK_-_Elite_100_+++.xmp
=== RUN   TestRoundTrip_XMP_lrtemplate_XMP/KDK_-_Kodachrome_64_5.xmp
=== PAUSE TestRoundTrip_XMP_NP3_XMP/KDK_-_Elite_100_+++.xmp
=== RUN   TestRoundTrip_XMP_NP3_XMP/KDK_-_Elite_100_++.xmp
=== PAUSE TestRoundTrip_XMP_lrtemplate_XMP/KDK_-_Kodachrome_64_5.xmp
=== RUN   TestRoundTrip_XMP_lrtemplate_XMP/KDK_-_Kodachrome_64_6.xmp
=== PAUSE TestRoundTrip_XMP_lrtemplate_XMP/KDK_-_Kodachrome_64_6.xmp
=== RUN   TestRoundTrip_lrtemplate_NP3_lrtemplate/16._E_-_Fuji_Neo_+_iiii.lrtemplate
=== PAUSE TestRoundTrip_lrtemplate_NP3_lrtemplate/16._E_-_Fuji_Neo_+_iiii.lrtemplate
=== RUN   TestRoundTrip_lrtemplate_XMP_lrtemplate/00._E_-_grain_x___.lrtemplate
=== RUN   TestRoundTrip_lrtemplate_NP3_lrtemplate/17._E_-_Fuji_Neo_+_fade.lrtemplate
=== PAUSE TestRoundTrip_lrtemplate_NP3_lrtemplate/17._E_-_Fuji_Neo_+_fade.lrtemplate
=== PAUSE TestRoundTrip_XMP_NP3_XMP/KDK_-_Elite_100_++.xmp
=== RUN   TestRoundTrip_lrtemplate_NP3_lrtemplate/18._E_-_Fuji_Neo_+_punch.lrtemplate
=== PAUSE TestRoundTrip_lrtemplate_XMP_lrtemplate/00._E_-_grain_x___.lrtemplate
=== RUN   TestRoundTrip_XMP_NP3_XMP/KDK_-_Elite_100_+.xmp
=== PAUSE TestRoundTrip_lrtemplate_NP3_lrtemplate/18._E_-_Fuji_Neo_+_punch.lrtemplate
=== RUN   TestRoundTrip_XMP_lrtemplate_XMP/KDK_-_Plus_125_+++.xmp
=== RUN   TestRoundTrip_lrtemplate_NP3_lrtemplate/19._E_-_Fuji_Negative_+_i.lrtemplate
=== RUN   TestRoundTrip_lrtemplate_XMP_lrtemplate/00._E_-_o____.lrtemplate
=== PAUSE TestRoundTrip_lrtemplate_NP3_lrtemplate/19._E_-_Fuji_Negative_+_i.lrtemplate
=== PAUSE TestRoundTrip_XMP_NP3_XMP/KDK_-_Elite_100_+.xmp
=== PAUSE TestRoundTrip_lrtemplate_XMP_lrtemplate/00._E_-_o____.lrtemplate
=== RUN   TestRoundTrip_lrtemplate_NP3_lrtemplate/20._E_-_Fuji_Negative_+_ii.lrtemplate
=== RUN   TestRoundTrip_lrtemplate_XMP_lrtemplate/01._E_-_Kodak_Plus_+_i.lrtemplate
=== RUN   TestRoundTrip_XMP_NP3_XMP/KDK_-_Elite_100_-_boost.xmp
=== PAUSE TestRoundTrip_XMP_NP3_XMP/KDK_-_Elite_100_-_boost.xmp
=== RUN   TestRoundTrip_XMP_NP3_XMP/KDK_-_Elite_100_-_cool.xmp
=== PAUSE TestRoundTrip_lrtemplate_XMP_lrtemplate/01._E_-_Kodak_Plus_+_i.lrtemplate
=== PAUSE TestRoundTrip_XMP_lrtemplate_XMP/KDK_-_Plus_125_+++.xmp
=== PAUSE TestRoundTrip_XMP_NP3_XMP/KDK_-_Elite_100_-_cool.xmp
=== RUN   TestRoundTrip_lrtemplate_XMP_lrtemplate/02._E_-_Kodak_Plus_+_ii.lrtemplate
=== RUN   TestRoundTrip_XMP_NP3_XMP/KDK_-_Elite_100_-_film.xmp
=== RUN   TestRoundTrip_XMP_lrtemplate_XMP/KDK_-_Plus_125_++.xmp
=== PAUSE TestRoundTrip_lrtemplate_XMP_lrtemplate/02._E_-_Kodak_Plus_+_ii.lrtemplate
=== PAUSE TestRoundTrip_lrtemplate_NP3_lrtemplate/20._E_-_Fuji_Negative_+_ii.lrtemplate
=== PAUSE TestRoundTrip_XMP_NP3_XMP/KDK_-_Elite_100_-_film.xmp
=== RUN   TestRoundTrip_lrtemplate_XMP_lrtemplate/03._E_-_Kodak_Plus_+_iii.lrtemplate
=== PAUSE TestRoundTrip_XMP_lrtemplate_XMP/KDK_-_Plus_125_++.xmp
=== RUN   TestRoundTrip_lrtemplate_NP3_lrtemplate/21._E_-_Fuji_Negative_+_iii.lrtemplate
=== RUN   TestRoundTrip_XMP_lrtemplate_XMP/KDK_-_Plus_125_+.xmp
=== PAUSE TestRoundTrip_lrtemplate_NP3_lrtemplate/21._E_-_Fuji_Negative_+_iii.lrtemplate
=== RUN   TestRoundTrip_XMP_NP3_XMP/KDK_-_Elite_100_-_warm.xmp
=== PAUSE TestRoundTrip_lrtemplate_XMP_lrtemplate/03._E_-_Kodak_Plus_+_iii.lrtemplate
=== RUN   TestRoundTrip_lrtemplate_NP3_lrtemplate/22._E_-_Fuji_Negative_+_iiii.lrtemplate
=== PAUSE TestRoundTrip_XMP_NP3_XMP/KDK_-_Elite_100_-_warm.xmp
=== PAUSE TestRoundTrip_XMP_lrtemplate_XMP/KDK_-_Plus_125_+.xmp
=== PAUSE TestRoundTrip_lrtemplate_NP3_lrtemplate/22._E_-_Fuji_Negative_+_iiii.lrtemplate
=== RUN   TestRoundTrip_XMP_NP3_XMP/KDK_-_Elite_100.xmp
=== RUN   TestRoundTrip_XMP_lrtemplate_XMP/KDK_-_Plus_125_-_boost.xmp
=== RUN   TestRoundTrip_lrtemplate_XMP_lrtemplate/04._E_-_Kodak_Plus_+_iiii.lrtemplate
=== RUN   TestRoundTrip_lrtemplate_NP3_lrtemplate/23._E_-_Fuji_Negative_+_fade.lrtemplate
=== PAUSE TestRoundTrip_XMP_lrtemplate_XMP/KDK_-_Plus_125_-_boost.xmp
=== PAUSE TestRoundTrip_XMP_NP3_XMP/KDK_-_Elite_100.xmp
=== PAUSE TestRoundTrip_lrtemplate_NP3_lrtemplate/23._E_-_Fuji_Negative_+_fade.lrtemplate
=== RUN   TestRoundTrip_XMP_lrtemplate_XMP/KDK_-_Plus_125_-_film.xmp
=== PAUSE TestRoundTrip_lrtemplate_XMP_lrtemplate/04._E_-_Kodak_Plus_+_iiii.lrtemplate
=== RUN   TestRoundTrip_lrtemplate_NP3_lrtemplate/24._E_-_Fuji_Negative_+_punch.lrtemplate
=== RUN   TestRoundTrip_XMP_NP3_XMP/KDK_-_Gold_200_++++.xmp
=== PAUSE TestRoundTrip_XMP_NP3_XMP/KDK_-_Gold_200_++++.xmp
=== RUN   TestRoundTrip_lrtemplate_XMP_lrtemplate/05._E_-_Kodak_Plus_+_fade.lrtemplate
=== RUN   TestRoundTrip_XMP_NP3_XMP/KDK_-_Gold_200_+++.xmp
=== PAUSE TestRoundTrip_lrtemplate_NP3_lrtemplate/24._E_-_Fuji_Negative_+_punch.lrtemplate
=== PAUSE TestRoundTrip_lrtemplate_XMP_lrtemplate/05._E_-_Kodak_Plus_+_fade.lrtemplate
=== PAUSE TestRoundTrip_XMP_lrtemplate_XMP/KDK_-_Plus_125_-_film.xmp
=== RUN   TestRoundTrip_lrtemplate_XMP_lrtemplate/06._E_-_Kodak_Plus_+_punch.lrtemplate
=== PAUSE TestRoundTrip_XMP_NP3_XMP/KDK_-_Gold_200_+++.xmp
=== RUN   TestRoundTrip_lrtemplate_NP3_lrtemplate/25._E_-_Polaroid_+_i.lrtemplate
=== PAUSE TestRoundTrip_lrtemplate_XMP_lrtemplate/06._E_-_Kodak_Plus_+_punch.lrtemplate
=== RUN   TestRoundTrip_XMP_NP3_XMP/KDK_-_Gold_200_++.xmp
=== PAUSE TestRoundTrip_lrtemplate_NP3_lrtemplate/25._E_-_Polaroid_+_i.lrtemplate
=== RUN   TestRoundTrip_lrtemplate_XMP_lrtemplate/07._E_-_Kodak_Tri-X_+_i.lrtemplate
=== RUN   TestRoundTrip_lrtemplate_NP3_lrtemplate/26._E_-_Polaroid_+_ii.lrtemplate
=== RUN   TestRoundTrip_XMP_lrtemplate_XMP/KDK_-_Plus_125.xmp
=== PAUSE TestRoundTrip_lrtemplate_XMP_lrtemplate/07._E_-_Kodak_Tri-X_+_i.lrtemplate
=== RUN   TestRoundTrip_lrtemplate_XMP_lrtemplate/08._E_-_Kodak_Tri-X_+_ii.lrtemplate
=== PAUSE TestRoundTrip_lrtemplate_XMP_lrtemplate/08._E_-_Kodak_Tri-X_+_ii.lrtemplate
=== PAUSE TestRoundTrip_lrtemplate_NP3_lrtemplate/26._E_-_Polaroid_+_ii.lrtemplate
=== RUN   TestRoundTrip_lrtemplate_XMP_lrtemplate/09._E_-_Kodak_Tri-X_+_iii.lrtemplate
=== RUN   TestRoundTrip_lrtemplate_NP3_lrtemplate/27._E_-_Polaroid_+_iii.lrtemplate
=== PAUSE TestRoundTrip_lrtemplate_XMP_lrtemplate/09._E_-_Kodak_Tri-X_+_iii.lrtemplate
=== PAUSE TestRoundTrip_XMP_lrtemplate_XMP/KDK_-_Plus_125.xmp
=== PAUSE TestRoundTrip_lrtemplate_NP3_lrtemplate/27._E_-_Polaroid_+_iii.lrtemplate
=== RUN   TestRoundTrip_lrtemplate_XMP_lrtemplate/10._E_-_Kodak_Tri-X_+_iiii.lrtemplate
=== RUN   TestRoundTrip_XMP_lrtemplate_XMP/KDK_-_Portra_++++.xmp
=== RUN   TestRoundTrip_lrtemplate_NP3_lrtemplate/28._E_-_Polaroid_+_iiii.lrtemplate
=== PAUSE TestRoundTrip_XMP_lrtemplate_XMP/KDK_-_Portra_++++.xmp
=== PAUSE TestRoundTrip_lrtemplate_XMP_lrtemplate/10._E_-_Kodak_Tri-X_+_iiii.lrtemplate
=== RUN   TestRoundTrip_XMP_lrtemplate_XMP/KDK_-_Portra_+++.xmp
=== RUN   TestRoundTrip_lrtemplate_XMP_lrtemplate/11._E_-_Kodak_Tri-X_+_fade.lrtemplate
=== PAUSE TestRoundTrip_XMP_NP3_XMP/KDK_-_Gold_200_++.xmp
=== PAUSE TestRoundTrip_lrtemplate_NP3_lrtemplate/28._E_-_Polaroid_+_iiii.lrtemplate
=== PAUSE TestRoundTrip_XMP_lrtemplate_XMP/KDK_-_Portra_+++.xmp
=== RUN   TestRoundTrip_lrtemplate_NP3_lrtemplate/29._E_-_Polaroid_+_fade.lrtemplate
=== RUN   TestRoundTrip_XMP_lrtemplate_XMP/KDK_-_Portra_++.xmp
=== PAUSE TestRoundTrip_lrtemplate_NP3_lrtemplate/29._E_-_Polaroid_+_fade.lrtemplate
=== PAUSE TestRoundTrip_lrtemplate_XMP_lrtemplate/11._E_-_Kodak_Tri-X_+_fade.lrtemplate
=== RUN   TestRoundTrip_lrtemplate_NP3_lrtemplate/30._E_-_Polaroid_+_punch.lrtemplate
=== RUN   TestRoundTrip_lrtemplate_XMP_lrtemplate/12._E_-_Kodak_Tri-X_+_punch.lrtemplate
=== PAUSE TestRoundTrip_lrtemplate_NP3_lrtemplate/30._E_-_Polaroid_+_punch.lrtemplate
=== RUN   TestRoundTrip_XMP_NP3_XMP/KDK_-_Gold_200_+.xmp
=== PAUSE TestRoundTrip_lrtemplate_XMP_lrtemplate/12._E_-_Kodak_Tri-X_+_punch.lrtemplate
=== RUN   TestRoundTrip_lrtemplate_NP3_lrtemplate/31._E_-_Polaroid_Mono_+_i.lrtemplate
=== PAUSE TestRoundTrip_XMP_NP3_XMP/KDK_-_Gold_200_+.xmp
=== RUN   TestRoundTrip_lrtemplate_XMP_lrtemplate/13._E_-_Fuji_Neo_+_i.lrtemplate
=== PAUSE TestRoundTrip_lrtemplate_NP3_lrtemplate/31._E_-_Polaroid_Mono_+_i.lrtemplate
=== RUN   TestRoundTrip_XMP_NP3_XMP/KDK_-_Gold_200_-_boost.xmp
=== PAUSE TestRoundTrip_lrtemplate_XMP_lrtemplate/13._E_-_Fuji_Neo_+_i.lrtemplate
=== RUN   TestRoundTrip_lrtemplate_NP3_lrtemplate/32._E_-_Polaroid_Mono_+_ii.lrtemplate
=== RUN   TestRoundTrip_lrtemplate_XMP_lrtemplate/14._E_-_Fuji_Neo_+_ii.lrtemplate
=== PAUSE TestRoundTrip_lrtemplate_NP3_lrtemplate/32._E_-_Polaroid_Mono_+_ii.lrtemplate
=== PAUSE TestRoundTrip_XMP_lrtemplate_XMP/KDK_-_Portra_++.xmp
=== RUN   TestRoundTrip_lrtemplate_NP3_lrtemplate/33._E_-_Polaroid_Mono_+_iii.lrtemplate
=== PAUSE TestRoundTrip_lrtemplate_XMP_lrtemplate/14._E_-_Fuji_Neo_+_ii.lrtemplate
=== RUN   TestRoundTrip_XMP_lrtemplate_XMP/KDK_-_Portra_+.xmp
=== PAUSE TestRoundTrip_lrtemplate_NP3_lrtemplate/33._E_-_Polaroid_Mono_+_iii.lrtemplate
=== RUN   TestRoundTrip_lrtemplate_XMP_lrtemplate/15._E_-_Fuji_Neo_+_iii.lrtemplate
=== RUN   TestRoundTrip_lrtemplate_NP3_lrtemplate/34._E_-_Polaroid_Mono_+_iiii.lrtemplate
=== PAUSE TestRoundTrip_XMP_lrtemplate_XMP/KDK_-_Portra_+.xmp
=== PAUSE TestRoundTrip_lrtemplate_XMP_lrtemplate/15._E_-_Fuji_Neo_+_iii.lrtemplate
=== PAUSE TestRoundTrip_lrtemplate_NP3_lrtemplate/34._E_-_Polaroid_Mono_+_iiii.lrtemplate
=== RUN   TestRoundTrip_lrtemplate_XMP_lrtemplate/16._E_-_Fuji_Neo_+_iiii.lrtemplate
=== RUN   TestRoundTrip_lrtemplate_NP3_lrtemplate/35._E_-_Polaroid_Mono_+_iiiii.lrtemplate
=== PAUSE TestRoundTrip_lrtemplate_NP3_lrtemplate/35._E_-_Polaroid_Mono_+_iiiii.lrtemplate
=== PAUSE TestRoundTrip_XMP_NP3_XMP/KDK_-_Gold_200_-_boost.xmp
=== RUN   TestRoundTrip_lrtemplate_NP3_lrtemplate/36._E_-_Polaroid_Mono_+_fade.lrtemplate
=== RUN   TestRoundTrip_XMP_lrtemplate_XMP/KDK_-_Portra_-_boost.xmp
=== RUN   TestRoundTrip_XMP_NP3_XMP/KDK_-_Gold_200_-_cool.xmp
=== PAUSE TestRoundTrip_lrtemplate_NP3_lrtemplate/36._E_-_Polaroid_Mono_+_fade.lrtemplate
=== RUN   TestRoundTrip_lrtemplate_NP3_lrtemplate/37._E_-_Polaroid_Mono_+_punch.lrtemplate
=== PAUSE TestRoundTrip_XMP_lrtemplate_XMP/KDK_-_Portra_-_boost.xmp
=== PAUSE TestRoundTrip_XMP_NP3_XMP/KDK_-_Gold_200_-_cool.xmp
=== PAUSE TestRoundTrip_lrtemplate_NP3_lrtemplate/37._E_-_Polaroid_Mono_+_punch.lrtemplate
=== RUN   TestRoundTrip_XMP_lrtemplate_XMP/KDK_-_Portra_-_cool.xmp
=== RUN   TestRoundTrip_XMP_NP3_XMP/KDK_-_Gold_200_-_film.xmp
=== PAUSE TestRoundTrip_lrtemplate_XMP_lrtemplate/16._E_-_Fuji_Neo_+_iiii.lrtemplate
=== PAUSE TestRoundTrip_XMP_NP3_XMP/KDK_-_Gold_200_-_film.xmp
=== RUN   TestRoundTrip_lrtemplate_XMP_lrtemplate/17._E_-_Fuji_Neo_+_fade.lrtemplate
=== PAUSE TestRoundTrip_XMP_lrtemplate_XMP/KDK_-_Portra_-_cool.xmp
=== RUN   TestRoundTrip_lrtemplate_NP3_lrtemplate/o_-_00_-_o.lrtemplate#03
=== RUN   TestRoundTrip_XMP_lrtemplate_XMP/KDK_-_Portra_-_film.xmp
=== PAUSE TestRoundTrip_lrtemplate_NP3_lrtemplate/o_-_00_-_o.lrtemplate#03
=== RUN   TestRoundTrip_XMP_NP3_XMP/KDK_-_Gold_200_-_warm.xmp
=== PAUSE TestRoundTrip_XMP_lrtemplate_XMP/KDK_-_Portra_-_film.xmp
=== RUN   TestRoundTrip_XMP_lrtemplate_XMP/KDK_-_Portra_-_warm.xmp
=== PAUSE TestRoundTrip_XMP_lrtemplate_XMP/KDK_-_Portra_-_warm.xmp
=== PAUSE TestRoundTrip_XMP_NP3_XMP/KDK_-_Gold_200_-_warm.xmp
=== RUN   TestRoundTrip_XMP_lrtemplate_XMP/KDK_-_Portra_160_++++.xmp
=== RUN   TestRoundTrip_XMP_NP3_XMP/KDK_-_Gold_200.xmp
=== PAUSE TestRoundTrip_XMP_lrtemplate_XMP/KDK_-_Portra_160_++++.xmp
=== RUN   TestRoundTrip_XMP_lrtemplate_XMP/KDK_-_Portra_160_+++.xmp
=== RUN   TestRoundTrip_lrtemplate_NP3_lrtemplate/o_-_01._Lens_on.lrtemplate#03
=== PAUSE TestRoundTrip_XMP_lrtemplate_XMP/KDK_-_Portra_160_+++.xmp
=== PAUSE TestRoundTrip_XMP_NP3_XMP/KDK_-_Gold_200.xmp
=== RUN   TestRoundTrip_XMP_lrtemplate_XMP/KDK_-_Portra_160_++.xmp
=== PAUSE TestRoundTrip_lrtemplate_NP3_lrtemplate/o_-_01._Lens_on.lrtemplate#03
=== RUN   TestRoundTrip_XMP_NP3_XMP/KDK_-_Kodachrome_64.xmp
=== PAUSE TestRoundTrip_lrtemplate_XMP_lrtemplate/17._E_-_Fuji_Neo_+_fade.lrtemplate
=== PAUSE TestRoundTrip_XMP_NP3_XMP/KDK_-_Kodachrome_64.xmp
=== RUN   TestRoundTrip_lrtemplate_NP3_lrtemplate/o_-_02._Lens_off.lrtemplate#03
=== RUN   TestRoundTrip_XMP_NP3_XMP/KDK_-_Kodachrome_64_1.xmp
=== RUN   TestRoundTrip_lrtemplate_XMP_lrtemplate/18._E_-_Fuji_Neo_+_punch.lrtemplate
=== PAUSE TestRoundTrip_XMP_NP3_XMP/KDK_-_Kodachrome_64_1.xmp
=== PAUSE TestRoundTrip_lrtemplate_NP3_lrtemplate/o_-_02._Lens_off.lrtemplate#03
=== RUN   TestRoundTrip_XMP_NP3_XMP/KDK_-_Kodachrome_64_2.xmp
=== PAUSE TestRoundTrip_lrtemplate_XMP_lrtemplate/18._E_-_Fuji_Neo_+_punch.lrtemplate
=== RUN   TestRoundTrip_lrtemplate_NP3_lrtemplate/o_-_03_-_o.lrtemplate#03
=== RUN   TestRoundTrip_lrtemplate_XMP_lrtemplate/19._E_-_Fuji_Negative_+_i.lrtemplate
=== PAUSE TestRoundTrip_XMP_NP3_XMP/KDK_-_Kodachrome_64_2.xmp
=== RUN   TestRoundTrip_XMP_NP3_XMP/KDK_-_Kodachrome_64_3.xmp
=== PAUSE TestRoundTrip_lrtemplate_XMP_lrtemplate/19._E_-_Fuji_Negative_+_i.lrtemplate
=== RUN   TestRoundTrip_lrtemplate_XMP_lrtemplate/20._E_-_Fuji_Negative_+_ii.lrtemplate
=== PAUSE TestRoundTrip_XMP_NP3_XMP/KDK_-_Kodachrome_64_3.xmp
=== PAUSE TestRoundTrip_XMP_lrtemplate_XMP/KDK_-_Portra_160_++.xmp
=== PAUSE TestRoundTrip_lrtemplate_XMP_lrtemplate/20._E_-_Fuji_Negative_+_ii.lrtemplate
=== RUN   TestRoundTrip_XMP_lrtemplate_XMP/KDK_-_Portra_160_+.xmp
=== RUN   TestRoundTrip_lrtemplate_XMP_lrtemplate/21._E_-_Fuji_Negative_+_iii.lrtemplate
=== PAUSE TestRoundTrip_lrtemplate_NP3_lrtemplate/o_-_03_-_o.lrtemplate#03
=== PAUSE TestRoundTrip_XMP_lrtemplate_XMP/KDK_-_Portra_160_+.xmp
=== RUN   TestRoundTrip_lrtemplate_NP3_lrtemplate/o_-_04._EXPOSURE__-_2.lrtemplate#03
=== RUN   TestRoundTrip_XMP_lrtemplate_XMP/KDK_-_Portra_160_-_boost.xmp
=== PAUSE TestRoundTrip_lrtemplate_XMP_lrtemplate/21._E_-_Fuji_Negative_+_iii.lrtemplate
=== RUN   TestRoundTrip_XMP_NP3_XMP/KDK_-_Kodachrome_64_4.xmp
=== RUN   TestRoundTrip_lrtemplate_XMP_lrtemplate/22._E_-_Fuji_Negative_+_iiii.lrtemplate
=== PAUSE TestRoundTrip_lrtemplate_XMP_lrtemplate/22._E_-_Fuji_Negative_+_iiii.lrtemplate
=== PAUSE TestRoundTrip_lrtemplate_NP3_lrtemplate/o_-_04._EXPOSURE__-_2.lrtemplate#03
=== RUN   TestRoundTrip_lrtemplate_XMP_lrtemplate/23._E_-_Fuji_Negative_+_fade.lrtemplate
=== PAUSE TestRoundTrip_XMP_NP3_XMP/KDK_-_Kodachrome_64_4.xmp
=== PAUSE TestRoundTrip_lrtemplate_XMP_lrtemplate/23._E_-_Fuji_Negative_+_fade.lrtemplate
=== RUN   TestRoundTrip_lrtemplate_NP3_lrtemplate/o_-_05._EXPOSURE__-_1.lrtemplate#03
=== RUN   TestRoundTrip_lrtemplate_XMP_lrtemplate/24._E_-_Fuji_Negative_+_punch.lrtemplate
=== RUN   TestRoundTrip_XMP_NP3_XMP/KDK_-_Kodachrome_64_5.xmp
=== PAUSE TestRoundTrip_lrtemplate_NP3_lrtemplate/o_-_05._EXPOSURE__-_1.lrtemplate#03
=== PAUSE TestRoundTrip_XMP_NP3_XMP/KDK_-_Kodachrome_64_5.xmp
=== RUN   TestRoundTrip_XMP_NP3_XMP/KDK_-_Kodachrome_64_6.xmp
=== PAUSE TestRoundTrip_lrtemplate_XMP_lrtemplate/24._E_-_Fuji_Negative_+_punch.lrtemplate
=== PAUSE TestRoundTrip_XMP_lrtemplate_XMP/KDK_-_Portra_160_-_boost.xmp
=== RUN   TestRoundTrip_lrtemplate_NP3_lrtemplate/o_-_06._EXPOSURE__0.lrtemplate#03
=== PAUSE TestRoundTrip_XMP_NP3_XMP/KDK_-_Kodachrome_64_6.xmp
=== PAUSE TestRoundTrip_lrtemplate_NP3_lrtemplate/o_-_06._EXPOSURE__0.lrtemplate#03
=== RUN   TestRoundTrip_lrtemplate_XMP_lrtemplate/25._E_-_Polaroid_+_i.lrtemplate
=== RUN   TestRoundTrip_lrtemplate_NP3_lrtemplate/o_-_07._EXPOSURE_+_1.lrtemplate#03
=== RUN   TestRoundTrip_XMP_lrtemplate_XMP/KDK_-_Portra_160_-_cool.xmp
=== PAUSE TestRoundTrip_lrtemplate_NP3_lrtemplate/o_-_07._EXPOSURE_+_1.lrtemplate#03
=== RUN   TestRoundTrip_XMP_NP3_XMP/KDK_-_Plus_125_+++.xmp
=== RUN   TestRoundTrip_lrtemplate_NP3_lrtemplate/o_-_08._EXPOSURE_+_2.lrtemplate#03
=== PAUSE TestRoundTrip_lrtemplate_XMP_lrtemplate/25._E_-_Polaroid_+_i.lrtemplate
=== RUN   TestRoundTrip_lrtemplate_XMP_lrtemplate/26._E_-_Polaroid_+_ii.lrtemplate
=== PAUSE TestRoundTrip_lrtemplate_NP3_lrtemplate/o_-_08._EXPOSURE_+_2.lrtemplate#03
=== PAUSE TestRoundTrip_XMP_lrtemplate_XMP/KDK_-_Portra_160_-_cool.xmp
=== PAUSE TestRoundTrip_XMP_NP3_XMP/KDK_-_Plus_125_+++.xmp
=== RUN   TestRoundTrip_XMP_lrtemplate_XMP/KDK_-_Portra_160_-_film.xmp
=== RUN   TestRoundTrip_XMP_NP3_XMP/KDK_-_Plus_125_++.xmp
=== PAUSE TestRoundTrip_XMP_lrtemplate_XMP/KDK_-_Portra_160_-_film.xmp
=== RUN   TestRoundTrip_XMP_lrtemplate_XMP/KDK_-_Portra_160_-_warm.xmp
=== PAUSE TestRoundTrip_lrtemplate_XMP_lrtemplate/26._E_-_Polaroid_+_ii.lrtemplate
=== RUN   TestRoundTrip_lrtemplate_XMP_lrtemplate/27._E_-_Polaroid_+_iii.lrtemplate
=== RUN   TestRoundTrip_lrtemplate_NP3_lrtemplate/o_-_09_-_o.lrtemplate#03
=== PAUSE TestRoundTrip_lrtemplate_XMP_lrtemplate/27._E_-_Polaroid_+_iii.lrtemplate
=== RUN   TestRoundTrip_lrtemplate_XMP_lrtemplate/28._E_-_Polaroid_+_iiii.lrtemplate
=== PAUSE TestRoundTrip_lrtemplate_XMP_lrtemplate/28._E_-_Polaroid_+_iiii.lrtemplate
=== RUN   TestRoundTrip_lrtemplate_XMP_lrtemplate/29._E_-_Polaroid_+_fade.lrtemplate
=== PAUSE TestRoundTrip_lrtemplate_XMP_lrtemplate/29._E_-_Polaroid_+_fade.lrtemplate
=== RUN   TestRoundTrip_lrtemplate_XMP_lrtemplate/30._E_-_Polaroid_+_punch.lrtemplate
=== PAUSE TestRoundTrip_XMP_lrtemplate_XMP/KDK_-_Portra_160_-_warm.xmp
=== RUN   TestRoundTrip_XMP_lrtemplate_XMP/KDK_-_Portra_160.xmp
=== PAUSE TestRoundTrip_lrtemplate_NP3_lrtemplate/o_-_09_-_o.lrtemplate#03
=== PAUSE TestRoundTrip_XMP_NP3_XMP/KDK_-_Plus_125_++.xmp
=== RUN   TestRoundTrip_XMP_NP3_XMP/KDK_-_Plus_125_+.xmp
=== RUN   TestRoundTrip_lrtemplate_NP3_lrtemplate/o_-_10._CONTRAST_-_Low.lrtemplate#03
=== PAUSE TestRoundTrip_XMP_NP3_XMP/KDK_-_Plus_125_+.xmp
=== RUN   TestRoundTrip_XMP_NP3_XMP/KDK_-_Plus_125_-_boost.xmp
=== PAUSE TestRoundTrip_XMP_NP3_XMP/KDK_-_Plus_125_-_boost.xmp
=== RUN   TestRoundTrip_XMP_NP3_XMP/KDK_-_Plus_125_-_film.xmp
=== PAUSE TestRoundTrip_XMP_NP3_XMP/KDK_-_Plus_125_-_film.xmp
=== RUN   TestRoundTrip_XMP_NP3_XMP/KDK_-_Plus_125.xmp
=== PAUSE TestRoundTrip_lrtemplate_XMP_lrtemplate/30._E_-_Polaroid_+_punch.lrtemplate
=== RUN   TestRoundTrip_lrtemplate_XMP_lrtemplate/31._E_-_Polaroid_Mono_+_i.lrtemplate
=== PAUSE TestRoundTrip_lrtemplate_XMP_lrtemplate/31._E_-_Polaroid_Mono_+_i.lrtemplate
=== RUN   TestRoundTrip_lrtemplate_XMP_lrtemplate/32._E_-_Polaroid_Mono_+_ii.lrtemplate
=== PAUSE TestRoundTrip_lrtemplate_XMP_lrtemplate/32._E_-_Polaroid_Mono_+_ii.lrtemplate
=== RUN   TestRoundTrip_lrtemplate_XMP_lrtemplate/33._E_-_Polaroid_Mono_+_iii.lrtemplate
=== PAUSE TestRoundTrip_XMP_lrtemplate_XMP/KDK_-_Portra_160.xmp
=== RUN   TestRoundTrip_XMP_lrtemplate_XMP/KDK_-_Portra_400_++++.xmp
=== PAUSE TestRoundTrip_lrtemplate_XMP_lrtemplate/33._E_-_Polaroid_Mono_+_iii.lrtemplate
=== RUN   TestRoundTrip_lrtemplate_XMP_lrtemplate/34._E_-_Polaroid_Mono_+_iiii.lrtemplate
=== PAUSE TestRoundTrip_lrtemplate_NP3_lrtemplate/o_-_10._CONTRAST_-_Low.lrtemplate#03
=== RUN   TestRoundTrip_lrtemplate_NP3_lrtemplate/o_-_11._CONTRAST_-_Mid.lrtemplate#03
=== PAUSE TestRoundTrip_lrtemplate_XMP_lrtemplate/34._E_-_Polaroid_Mono_+_iiii.lrtemplate
=== RUN   TestRoundTrip_lrtemplate_XMP_lrtemplate/35._E_-_Polaroid_Mono_+_iiiii.lrtemplate
=== PAUSE TestRoundTrip_XMP_lrtemplate_XMP/KDK_-_Portra_400_++++.xmp
=== PAUSE TestRoundTrip_XMP_NP3_XMP/KDK_-_Plus_125.xmp
=== RUN   TestRoundTrip_XMP_lrtemplate_XMP/KDK_-_Portra_400_+++.xmp
=== RUN   TestRoundTrip_XMP_NP3_XMP/KDK_-_Portra_++++.xmp
=== PAUSE TestRoundTrip_XMP_lrtemplate_XMP/KDK_-_Portra_400_+++.xmp
=== PAUSE TestRoundTrip_XMP_NP3_XMP/KDK_-_Portra_++++.xmp
=== RUN   TestRoundTrip_XMP_lrtemplate_XMP/KDK_-_Portra_400_++.xmp
=== RUN   TestRoundTrip_XMP_NP3_XMP/KDK_-_Portra_+++.xmp
=== PAUSE TestRoundTrip_lrtemplate_NP3_lrtemplate/o_-_11._CONTRAST_-_Mid.lrtemplate#03
=== PAUSE TestRoundTrip_XMP_NP3_XMP/KDK_-_Portra_+++.xmp
=== PAUSE TestRoundTrip_XMP_lrtemplate_XMP/KDK_-_Portra_400_++.xmp
=== RUN   TestRoundTrip_XMP_NP3_XMP/KDK_-_Portra_++.xmp
=== RUN   TestRoundTrip_XMP_lrtemplate_XMP/KDK_-_Portra_400_+.xmp
=== PAUSE TestRoundTrip_XMP_NP3_XMP/KDK_-_Portra_++.xmp
=== PAUSE TestRoundTrip_XMP_lrtemplate_XMP/KDK_-_Portra_400_+.xmp
=== RUN   TestRoundTrip_XMP_NP3_XMP/KDK_-_Portra_+.xmp
=== RUN   TestRoundTrip_XMP_lrtemplate_XMP/KDK_-_Portra_400_-_boost.xmp
=== PAUSE TestRoundTrip_lrtemplate_XMP_lrtemplate/35._E_-_Polaroid_Mono_+_iiiii.lrtemplate
=== PAUSE TestRoundTrip_XMP_NP3_XMP/KDK_-_Portra_+.xmp
=== RUN   TestRoundTrip_lrtemplate_XMP_lrtemplate/36._E_-_Polaroid_Mono_+_fade.lrtemplate
=== RUN   TestRoundTrip_XMP_NP3_XMP/KDK_-_Portra_-_boost.xmp
=== PAUSE TestRoundTrip_XMP_lrtemplate_XMP/KDK_-_Portra_400_-_boost.xmp
=== PAUSE TestRoundTrip_lrtemplate_XMP_lrtemplate/36._E_-_Polaroid_Mono_+_fade.lrtemplate
=== PAUSE TestRoundTrip_XMP_NP3_XMP/KDK_-_Portra_-_boost.xmp
=== RUN   TestRoundTrip_lrtemplate_XMP_lrtemplate/37._E_-_Polaroid_Mono_+_punch.lrtemplate
=== RUN   TestRoundTrip_XMP_lrtemplate_XMP/KDK_-_Portra_400_-_cool.xmp
=== RUN   TestRoundTrip_XMP_NP3_XMP/KDK_-_Portra_-_cool.xmp
=== RUN   TestRoundTrip_lrtemplate_NP3_lrtemplate/o_-_12._CONTRAST_-_High.lrtemplate#03
=== PAUSE TestRoundTrip_lrtemplate_XMP_lrtemplate/37._E_-_Polaroid_Mono_+_punch.lrtemplate
=== PAUSE TestRoundTrip_lrtemplate_NP3_lrtemplate/o_-_12._CONTRAST_-_High.lrtemplate#03
=== PAUSE TestRoundTrip_XMP_lrtemplate_XMP/KDK_-_Portra_400_-_cool.xmp
=== RUN   TestRoundTrip_lrtemplate_XMP_lrtemplate/o_-_00_-_o.lrtemplate#03
=== PAUSE TestRoundTrip_XMP_NP3_XMP/KDK_-_Portra_-_cool.xmp
=== PAUSE TestRoundTrip_lrtemplate_XMP_lrtemplate/o_-_00_-_o.lrtemplate#03
=== RUN   TestRoundTrip_XMP_lrtemplate_XMP/KDK_-_Portra_400_-_film.xmp
=== RUN   TestRoundTrip_lrtemplate_XMP_lrtemplate/o_-_01._Lens_on.lrtemplate#03
=== RUN   TestRoundTrip_lrtemplate_NP3_lrtemplate/o_-_13_-_o.lrtemplate#03
=== PAUSE TestRoundTrip_lrtemplate_NP3_lrtemplate/o_-_13_-_o.lrtemplate#03
=== RUN   TestRoundTrip_lrtemplate_NP3_lrtemplate/o_-_14._DETAIL_-_Low.lrtemplate#03
=== RUN   TestRoundTrip_XMP_NP3_XMP/KDK_-_Portra_-_film.xmp
=== PAUSE TestRoundTrip_lrtemplate_NP3_lrtemplate/o_-_14._DETAIL_-_Low.lrtemplate#03
=== PAUSE TestRoundTrip_XMP_lrtemplate_XMP/KDK_-_Portra_400_-_film.xmp
=== RUN   TestRoundTrip_lrtemplate_NP3_lrtemplate/o_-_15._DETAIL_-_Mid.lrtemplate#03
=== PAUSE TestRoundTrip_XMP_NP3_XMP/KDK_-_Portra_-_film.xmp
=== PAUSE TestRoundTrip_lrtemplate_XMP_lrtemplate/o_-_01._Lens_on.lrtemplate#03
=== PAUSE TestRoundTrip_lrtemplate_NP3_lrtemplate/o_-_15._DETAIL_-_Mid.lrtemplate#03
=== RUN   TestRoundTrip_lrtemplate_NP3_lrtemplate/o_-_16._DETAIL_-_High.lrtemplate#03
=== RUN   TestRoundTrip_XMP_lrtemplate_XMP/KDK_-_Portra_400_-_warm.xmp
=== RUN   TestRoundTrip_lrtemplate_XMP_lrtemplate/o_-_02._Lens_off.lrtemplate#03
=== RUN   TestRoundTrip_XMP_NP3_XMP/KDK_-_Portra_-_warm.xmp
=== PAUSE TestRoundTrip_lrtemplate_XMP_lrtemplate/o_-_02._Lens_off.lrtemplate#03
=== PAUSE TestRoundTrip_XMP_lrtemplate_XMP/KDK_-_Portra_400_-_warm.xmp
=== PAUSE TestRoundTrip_XMP_NP3_XMP/KDK_-_Portra_-_warm.xmp
=== RUN   TestRoundTrip_lrtemplate_XMP_lrtemplate/o_-_03_-_o.lrtemplate#03
=== RUN   TestRoundTrip_XMP_lrtemplate_XMP/KDK_-_Portra_400.xmp
=== RUN   TestRoundTrip_XMP_NP3_XMP/KDK_-_Portra_160_++++.xmp
=== PAUSE TestRoundTrip_XMP_lrtemplate_XMP/KDK_-_Portra_400.xmp
=== PAUSE TestRoundTrip_XMP_NP3_XMP/KDK_-_Portra_160_++++.xmp
=== RUN   TestRoundTrip_XMP_lrtemplate_XMP/KDK_-_Portra_800_++++.xmp
=== PAUSE TestRoundTrip_lrtemplate_XMP_lrtemplate/o_-_03_-_o.lrtemplate#03
=== PAUSE TestRoundTrip_XMP_lrtemplate_XMP/KDK_-_Portra_800_++++.xmp
=== PAUSE TestRoundTrip_lrtemplate_NP3_lrtemplate/o_-_16._DETAIL_-_High.lrtemplate#03
=== RUN   TestRoundTrip_XMP_NP3_XMP/KDK_-_Portra_160_+++.xmp
=== RUN   TestRoundTrip_lrtemplate_XMP_lrtemplate/o_-_04._EXPOSURE__-_2.lrtemplate#03
=== RUN   TestRoundTrip_XMP_lrtemplate_XMP/KDK_-_Portra_800_+++.xmp
=== PAUSE TestRoundTrip_XMP_NP3_XMP/KDK_-_Portra_160_+++.xmp
=== PAUSE TestRoundTrip_XMP_lrtemplate_XMP/KDK_-_Portra_800_+++.xmp
=== RUN   TestRoundTrip_lrtemplate_NP3_lrtemplate/o_-_17_-_o.lrtemplate#03
=== RUN   TestRoundTrip_XMP_lrtemplate_XMP/KDK_-_Portra_800_++.xmp
=== PAUSE TestRoundTrip_lrtemplate_XMP_lrtemplate/o_-_04._EXPOSURE__-_2.lrtemplate#03
=== RUN   TestRoundTrip_XMP_NP3_XMP/KDK_-_Portra_160_++.xmp
=== RUN   TestRoundTrip_lrtemplate_XMP_lrtemplate/o_-_05._EXPOSURE__-_1.lrtemplate#03
=== PAUSE TestRoundTrip_XMP_lrtemplate_XMP/KDK_-_Portra_800_++.xmp
=== RUN   TestRoundTrip_XMP_lrtemplate_XMP/KDK_-_Portra_800_+.xmp
=== PAUSE TestRoundTrip_lrtemplate_NP3_lrtemplate/o_-_17_-_o.lrtemplate#03
=== PAUSE TestRoundTrip_lrtemplate_XMP_lrtemplate/o_-_05._EXPOSURE__-_1.lrtemplate#03
=== RUN   TestRoundTrip_lrtemplate_NP3_lrtemplate/o_-_18._SHARPEN_-_Low.lrtemplate#03
=== RUN   TestRoundTrip_lrtemplate_XMP_lrtemplate/o_-_06._EXPOSURE__0.lrtemplate#03
=== PAUSE TestRoundTrip_XMP_lrtemplate_XMP/KDK_-_Portra_800_+.xmp
=== RUN   TestRoundTrip_XMP_lrtemplate_XMP/KDK_-_Portra_800_-_boost.xmp
=== PAUSE TestRoundTrip_XMP_lrtemplate_XMP/KDK_-_Portra_800_-_boost.xmp
=== RUN   TestRoundTrip_XMP_lrtemplate_XMP/KDK_-_Portra_800_-_cool.xmp
=== PAUSE TestRoundTrip_lrtemplate_NP3_lrtemplate/o_-_18._SHARPEN_-_Low.lrtemplate#03
=== PAUSE TestRoundTrip_XMP_NP3_XMP/KDK_-_Portra_160_++.xmp
=== RUN   TestRoundTrip_lrtemplate_NP3_lrtemplate/o_-_19._SHARPEN_-_Mid.lrtemplate#03
=== RUN   TestRoundTrip_XMP_NP3_XMP/KDK_-_Portra_160_+.xmp
=== PAUSE TestRoundTrip_lrtemplate_XMP_lrtemplate/o_-_06._EXPOSURE__0.lrtemplate#03
=== PAUSE TestRoundTrip_XMP_lrtemplate_XMP/KDK_-_Portra_800_-_cool.xmp
=== RUN   TestRoundTrip_lrtemplate_XMP_lrtemplate/o_-_07._EXPOSURE_+_1.lrtemplate#03
=== RUN   TestRoundTrip_XMP_lrtemplate_XMP/KDK_-_Portra_800_-_film.xmp
=== PAUSE TestRoundTrip_XMP_NP3_XMP/KDK_-_Portra_160_+.xmp
=== PAUSE TestRoundTrip_XMP_lrtemplate_XMP/KDK_-_Portra_800_-_film.xmp
=== PAUSE TestRoundTrip_lrtemplate_XMP_lrtemplate/o_-_07._EXPOSURE_+_1.lrtemplate#03
=== RUN   TestRoundTrip_XMP_lrtemplate_XMP/KDK_-_Portra_800_-_warm.xmp
=== RUN   TestRoundTrip_XMP_NP3_XMP/KDK_-_Portra_160_-_boost.xmp
=== RUN   TestRoundTrip_lrtemplate_XMP_lrtemplate/o_-_08._EXPOSURE_+_2.lrtemplate#03
=== PAUSE TestRoundTrip_XMP_lrtemplate_XMP/KDK_-_Portra_800_-_warm.xmp
=== PAUSE TestRoundTrip_XMP_NP3_XMP/KDK_-_Portra_160_-_boost.xmp
=== PAUSE TestRoundTrip_lrtemplate_XMP_lrtemplate/o_-_08._EXPOSURE_+_2.lrtemplate#03
=== RUN   TestRoundTrip_XMP_NP3_XMP/KDK_-_Portra_160_-_cool.xmp
=== RUN   TestRoundTrip_lrtemplate_XMP_lrtemplate/o_-_09_-_o.lrtemplate#03
=== PAUSE TestRoundTrip_XMP_NP3_XMP/KDK_-_Portra_160_-_cool.xmp
=== PAUSE TestRoundTrip_lrtemplate_NP3_lrtemplate/o_-_19._SHARPEN_-_Mid.lrtemplate#03
=== PAUSE TestRoundTrip_lrtemplate_XMP_lrtemplate/o_-_09_-_o.lrtemplate#03
=== RUN   TestRoundTrip_lrtemplate_XMP_lrtemplate/o_-_10._CONTRAST_-_Low.lrtemplate#03
=== PAUSE TestRoundTrip_lrtemplate_XMP_lrtemplate/o_-_10._CONTRAST_-_Low.lrtemplate#03
=== RUN   TestRoundTrip_XMP_lrtemplate_XMP/KDK_-_Portra_800.xmp
=== RUN   TestRoundTrip_lrtemplate_XMP_lrtemplate/o_-_11._CONTRAST_-_Mid.lrtemplate#03
=== RUN   TestRoundTrip_lrtemplate_NP3_lrtemplate/o_-_20._SHARPEN_-_High.lrtemplate#03
=== PAUSE TestRoundTrip_XMP_lrtemplate_XMP/KDK_-_Portra_800.xmp
=== RUN   TestRoundTrip_XMP_NP3_XMP/KDK_-_Portra_160_-_film.xmp
=== PAUSE TestRoundTrip_lrtemplate_XMP_lrtemplate/o_-_11._CONTRAST_-_Mid.lrtemplate#03
=== PAUSE TestRoundTrip_lrtemplate_NP3_lrtemplate/o_-_20._SHARPEN_-_High.lrtemplate#03
=== PAUSE TestRoundTrip_XMP_NP3_XMP/KDK_-_Portra_160_-_film.xmp
=== RUN   TestRoundTrip_XMP_lrtemplate_XMP/KDK_-_Portra.xmp
=== RUN   TestRoundTrip_XMP_NP3_XMP/KDK_-_Portra_160_-_warm.xmp
=== RUN   TestRoundTrip_lrtemplate_NP3_lrtemplate/o_-_21_-_o.lrtemplate#03
=== RUN   TestRoundTrip_lrtemplate_XMP_lrtemplate/o_-_12._CONTRAST_-_High.lrtemplate#03
=== PAUSE TestRoundTrip_lrtemplate_XMP_lrtemplate/o_-_12._CONTRAST_-_High.lrtemplate#03
=== PAUSE TestRoundTrip_XMP_lrtemplate_XMP/KDK_-_Portra.xmp
=== RUN   TestRoundTrip_lrtemplate_XMP_lrtemplate/o_-_13_-_o.lrtemplate#03
=== RUN   TestRoundTrip_XMP_lrtemplate_XMP/KDK_-_Tri-X_400_+++.xmp
=== PAUSE TestRoundTrip_XMP_NP3_XMP/KDK_-_Portra_160_-_warm.xmp
=== PAUSE TestRoundTrip_XMP_lrtemplate_XMP/KDK_-_Tri-X_400_+++.xmp
=== PAUSE TestRoundTrip_lrtemplate_XMP_lrtemplate/o_-_13_-_o.lrtemplate#03
=== RUN   TestRoundTrip_lrtemplate_XMP_lrtemplate/o_-_14._DETAIL_-_Low.lrtemplate#03
=== PAUSE TestRoundTrip_lrtemplate_XMP_lrtemplate/o_-_14._DETAIL_-_Low.lrtemplate#03
=== RUN   TestRoundTrip_lrtemplate_XMP_lrtemplate/o_-_15._DETAIL_-_Mid.lrtemplate#03
=== RUN   TestRoundTrip_XMP_NP3_XMP/KDK_-_Portra_160.xmp
=== PAUSE TestRoundTrip_lrtemplate_XMP_lrtemplate/o_-_15._DETAIL_-_Mid.lrtemplate#03
=== PAUSE TestRoundTrip_XMP_NP3_XMP/KDK_-_Portra_160.xmp
=== PAUSE TestRoundTrip_lrtemplate_NP3_lrtemplate/o_-_21_-_o.lrtemplate#03
=== RUN   TestRoundTrip_lrtemplate_NP3_lrtemplate/o_-_22._VIBRANCE__-_Low.lrtemplate#03
=== RUN   TestRoundTrip_XMP_lrtemplate_XMP/KDK_-_Tri-X_400_++.xmp
=== PAUSE TestRoundTrip_XMP_lrtemplate_XMP/KDK_-_Tri-X_400_++.xmp
=== RUN   TestRoundTrip_XMP_NP3_XMP/KDK_-_Portra_400_++++.xmp
=== PAUSE TestRoundTrip_lrtemplate_NP3_lrtemplate/o_-_22._VIBRANCE__-_Low.lrtemplate#03
=== RUN   TestRoundTrip_XMP_lrtemplate_XMP/KDK_-_Tri-X_400_+.xmp
=== PAUSE TestRoundTrip_XMP_NP3_XMP/KDK_-_Portra_400_++++.xmp
=== RUN   TestRoundTrip_lrtemplate_NP3_lrtemplate/o_-_23._VIBRANCE__-_Mid.lrtemplate#03
=== RUN   TestRoundTrip_XMP_NP3_XMP/KDK_-_Portra_400_+++.xmp
=== PAUSE TestRoundTrip_lrtemplate_NP3_lrtemplate/o_-_23._VIBRANCE__-_Mid.lrtemplate#03
=== PAUSE TestRoundTrip_XMP_NP3_XMP/KDK_-_Portra_400_+++.xmp
=== PAUSE TestRoundTrip_XMP_lrtemplate_XMP/KDK_-_Tri-X_400_+.xmp
=== RUN   TestRoundTrip_XMP_lrtemplate_XMP/KDK_-_Tri-X_400_-_boost.xmp
=== PAUSE TestRoundTrip_XMP_lrtemplate_XMP/KDK_-_Tri-X_400_-_boost.xmp
=== RUN   TestRoundTrip_XMP_NP3_XMP/KDK_-_Portra_400_++.xmp
=== RUN   TestRoundTrip_lrtemplate_NP3_lrtemplate/o_-_24._VIBRANCE_-__High.lrtemplate#03
=== PAUSE TestRoundTrip_lrtemplate_NP3_lrtemplate/o_-_24._VIBRANCE_-__High.lrtemplate#03
=== RUN   TestRoundTrip_lrtemplate_XMP_lrtemplate/o_-_16._DETAIL_-_High.lrtemplate#03
=== PAUSE TestRoundTrip_XMP_NP3_XMP/KDK_-_Portra_400_++.xmp
=== PAUSE TestRoundTrip_lrtemplate_XMP_lrtemplate/o_-_16._DETAIL_-_High.lrtemplate#03
=== RUN   TestRoundTrip_XMP_lrtemplate_XMP/KDK_-_Tri-X_400_-_film.xmp
=== RUN   TestRoundTrip_lrtemplate_NP3_lrtemplate/o_-_25_-_o.lrtemplate#03
=== RUN   TestRoundTrip_XMP_NP3_XMP/KDK_-_Portra_400_+.xmp
=== PAUSE TestRoundTrip_XMP_lrtemplate_XMP/KDK_-_Tri-X_400_-_film.xmp
=== RUN   TestRoundTrip_XMP_lrtemplate_XMP/KDK_-_Tri-X_400.xmp
=== PAUSE TestRoundTrip_lrtemplate_NP3_lrtemplate/o_-_25_-_o.lrtemplate#03
=== RUN   TestRoundTrip_lrtemplate_XMP_lrtemplate/o_-_17_-_o.lrtemplate#03
=== PAUSE TestRoundTrip_XMP_lrtemplate_XMP/KDK_-_Tri-X_400.xmp
=== RUN   TestRoundTrip_lrtemplate_NP3_lrtemplate/o_-_26._FINISH_-_Film.lrtemplate#03
=== PAUSE TestRoundTrip_lrtemplate_XMP_lrtemplate/o_-_17_-_o.lrtemplate#03
=== PAUSE TestRoundTrip_XMP_NP3_XMP/KDK_-_Portra_400_+.xmp
=== RUN   TestRoundTrip_XMP_NP3_XMP/KDK_-_Portra_400_-_boost.xmp
=== RUN   TestRoundTrip_XMP_lrtemplate_XMP/POL_-_Cinematic_++++.xmp
=== RUN   TestRoundTrip_lrtemplate_XMP_lrtemplate/o_-_18._SHARPEN_-_Low.lrtemplate#03
=== PAUSE TestRoundTrip_XMP_NP3_XMP/KDK_-_Portra_400_-_boost.xmp
=== PAUSE TestRoundTrip_lrtemplate_XMP_lrtemplate/o_-_18._SHARPEN_-_Low.lrtemplate#03
=== PAUSE TestRoundTrip_XMP_lrtemplate_XMP/POL_-_Cinematic_++++.xmp
=== RUN   TestRoundTrip_lrtemplate_XMP_lrtemplate/o_-_19._SHARPEN_-_Mid.lrtemplate#03
=== RUN   TestRoundTrip_XMP_lrtemplate_XMP/POL_-_Cinematic_+++.xmp
=== PAUSE TestRoundTrip_XMP_lrtemplate_XMP/POL_-_Cinematic_+++.xmp
=== PAUSE TestRoundTrip_lrtemplate_XMP_lrtemplate/o_-_19._SHARPEN_-_Mid.lrtemplate#03
=== RUN   TestRoundTrip_XMP_lrtemplate_XMP/POL_-_Cinematic_++.xmp
=== RUN   TestRoundTrip_lrtemplate_XMP_lrtemplate/o_-_20._SHARPEN_-_High.lrtemplate#03
=== PAUSE TestRoundTrip_XMP_lrtemplate_XMP/POL_-_Cinematic_++.xmp
=== PAUSE TestRoundTrip_lrtemplate_XMP_lrtemplate/o_-_20._SHARPEN_-_High.lrtemplate#03
=== PAUSE TestRoundTrip_lrtemplate_NP3_lrtemplate/o_-_26._FINISH_-_Film.lrtemplate#03
=== RUN   TestRoundTrip_lrtemplate_XMP_lrtemplate/o_-_21_-_o.lrtemplate#03
=== RUN   TestRoundTrip_XMP_NP3_XMP/KDK_-_Portra_400_-_cool.xmp
=== RUN   TestRoundTrip_lrtemplate_NP3_lrtemplate/o_-_27._FINISH_-_Basic.lrtemplate#03
=== PAUSE TestRoundTrip_lrtemplate_XMP_lrtemplate/o_-_21_-_o.lrtemplate#03
=== RUN   TestRoundTrip_XMP_lrtemplate_XMP/POL_-_Cinematic_+.xmp
=== PAUSE TestRoundTrip_lrtemplate_NP3_lrtemplate/o_-_27._FINISH_-_Basic.lrtemplate#03
=== PAUSE TestRoundTrip_XMP_lrtemplate_XMP/POL_-_Cinematic_+.xmp
=== RUN   TestRoundTrip_lrtemplate_NP3_lrtemplate/o_-_28._FINISH_-_Strong.lrtemplate#03
=== PAUSE TestRoundTrip_XMP_NP3_XMP/KDK_-_Portra_400_-_cool.xmp
=== PAUSE TestRoundTrip_lrtemplate_NP3_lrtemplate/o_-_28._FINISH_-_Strong.lrtemplate#03
=== RUN   TestRoundTrip_XMP_NP3_XMP/KDK_-_Portra_400_-_film.xmp
=== RUN   TestRoundTrip_lrtemplate_NP3_lrtemplate/o_-_29._FINISH_-_Vintage.lrtemplate#03
=== RUN   TestRoundTrip_XMP_lrtemplate_XMP/POL_-_Cinematic_-_boost.xmp
=== RUN   TestRoundTrip_lrtemplate_XMP_lrtemplate/o_-_22._VIBRANCE__-_Low.lrtemplate#03
=== PAUSE TestRoundTrip_XMP_lrtemplate_XMP/POL_-_Cinematic_-_boost.xmp
=== RUN   TestRoundTrip_XMP_lrtemplate_XMP/POL_-_Cinematic_-_cool.xmp
=== PAUSE TestRoundTrip_XMP_NP3_XMP/KDK_-_Portra_400_-_film.xmp
=== PAUSE TestRoundTrip_XMP_lrtemplate_XMP/POL_-_Cinematic_-_cool.xmp
=== PAUSE TestRoundTrip_lrtemplate_XMP_lrtemplate/o_-_22._VIBRANCE__-_Low.lrtemplate#03
=== RUN   TestRoundTrip_XMP_NP3_XMP/KDK_-_Portra_400_-_warm.xmp
=== PAUSE TestRoundTrip_lrtemplate_NP3_lrtemplate/o_-_29._FINISH_-_Vintage.lrtemplate#03
=== RUN   TestRoundTrip_lrtemplate_XMP_lrtemplate/o_-_23._VIBRANCE__-_Mid.lrtemplate#03
=== PAUSE TestRoundTrip_XMP_NP3_XMP/KDK_-_Portra_400_-_warm.xmp
=== RUN   TestRoundTrip_lrtemplate_NP3_lrtemplate/o_-_30._FINISH_-_Washed.lrtemplate#03
=== PAUSE TestRoundTrip_lrtemplate_XMP_lrtemplate/o_-_23._VIBRANCE__-_Mid.lrtemplate#03
=== RUN   TestRoundTrip_XMP_lrtemplate_XMP/POL_-_Cinematic_-_film.xmp
=== RUN   TestRoundTrip_lrtemplate_XMP_lrtemplate/o_-_24._VIBRANCE_-__High.lrtemplate#03
=== RUN   TestRoundTrip_XMP_NP3_XMP/KDK_-_Portra_400.xmp
=== PAUSE TestRoundTrip_XMP_NP3_XMP/KDK_-_Portra_400.xmp
=== PAUSE TestRoundTrip_lrtemplate_NP3_lrtemplate/o_-_30._FINISH_-_Washed.lrtemplate#03
=== PAUSE TestRoundTrip_lrtemplate_XMP_lrtemplate/o_-_24._VIBRANCE_-__High.lrtemplate#03
=== PAUSE TestRoundTrip_XMP_lrtemplate_XMP/POL_-_Cinematic_-_film.xmp
=== RUN   TestRoundTrip_lrtemplate_NP3_lrtemplate/o_-_31._FINISH_-_Bright.lrtemplate#03
=== RUN   TestRoundTrip_XMP_NP3_XMP/KDK_-_Portra_800_++++.xmp
=== RUN   TestRoundTrip_XMP_lrtemplate_XMP/POL_-_Cinematic_-_warm.xmp
=== PAUSE TestRoundTrip_lrtemplate_NP3_lrtemplate/o_-_31._FINISH_-_Bright.lrtemplate#03
=== PAUSE TestRoundTrip_XMP_lrtemplate_XMP/POL_-_Cinematic_-_warm.xmp
=== PAUSE TestRoundTrip_XMP_NP3_XMP/KDK_-_Portra_800_++++.xmp
=== RUN   TestRoundTrip_lrtemplate_NP3_lrtemplate/o_-_32._FINISH_-_Retro.lrtemplate#03
=== RUN   TestRoundTrip_XMP_lrtemplate_XMP/POL_-_Cinematic.xmp
=== PAUSE TestRoundTrip_XMP_lrtemplate_XMP/POL_-_Cinematic.xmp
=== RUN   TestRoundTrip_lrtemplate_XMP_lrtemplate/o_-_25_-_o.lrtemplate#03
=== RUN   TestRoundTrip_XMP_lrtemplate_XMP/POL_-_Color_600_+++.xmp
=== RUN   TestRoundTrip_XMP_NP3_XMP/KDK_-_Portra_800_+++.xmp
=== PAUSE TestRoundTrip_lrtemplate_NP3_lrtemplate/o_-_32._FINISH_-_Retro.lrtemplate#03
=== PAUSE TestRoundTrip_lrtemplate_XMP_lrtemplate/o_-_25_-_o.lrtemplate#03
=== PAUSE TestRoundTrip_XMP_NP3_XMP/KDK_-_Portra_800_+++.xmp
=== RUN   TestRoundTrip_lrtemplate_NP3_lrtemplate/o_-_33_-_o.lrtemplate#03
=== RUN   TestRoundTrip_lrtemplate_XMP_lrtemplate/o_-_26._FINISH_-_Film.lrtemplate#03
=== RUN   TestRoundTrip_XMP_NP3_XMP/KDK_-_Portra_800_++.xmp
=== PAUSE TestRoundTrip_lrtemplate_XMP_lrtemplate/o_-_26._FINISH_-_Film.lrtemplate#03
=== PAUSE TestRoundTrip_XMP_NP3_XMP/KDK_-_Portra_800_++.xmp
=== PAUSE TestRoundTrip_XMP_lrtemplate_XMP/POL_-_Color_600_+++.xmp
=== RUN   TestRoundTrip_lrtemplate_XMP_lrtemplate/o_-_27._FINISH_-_Basic.lrtemplate#03
=== RUN   TestRoundTrip_XMP_lrtemplate_XMP/POL_-_Color_600_++.xmp
=== PAUSE TestRoundTrip_lrtemplate_XMP_lrtemplate/o_-_27._FINISH_-_Basic.lrtemplate#03
=== RUN   TestRoundTrip_XMP_NP3_XMP/KDK_-_Portra_800_+.xmp
=== RUN   TestRoundTrip_lrtemplate_XMP_lrtemplate/o_-_28._FINISH_-_Strong.lrtemplate#03
=== PAUSE TestRoundTrip_XMP_NP3_XMP/KDK_-_Portra_800_+.xmp
=== PAUSE TestRoundTrip_lrtemplate_NP3_lrtemplate/o_-_33_-_o.lrtemplate#03
=== RUN   TestRoundTrip_XMP_NP3_XMP/KDK_-_Portra_800_-_boost.xmp
=== PAUSE TestRoundTrip_XMP_lrtemplate_XMP/POL_-_Color_600_++.xmp
=== RUN   TestRoundTrip_XMP_lrtemplate_XMP/POL_-_Color_600_+.xmp
=== PAUSE TestRoundTrip_XMP_NP3_XMP/KDK_-_Portra_800_-_boost.xmp
=== RUN   TestRoundTrip_lrtemplate_NP3_lrtemplate/o_-_34._COLOR_-_Neutral.lrtemplate#03
=== PAUSE TestRoundTrip_XMP_lrtemplate_XMP/POL_-_Color_600_+.xmp
=== RUN   TestRoundTrip_XMP_NP3_XMP/KDK_-_Portra_800_-_cool.xmp
=== RUN   TestRoundTrip_XMP_lrtemplate_XMP/POL_-_Color_600_-_boost.xmp
=== PAUSE TestRoundTrip_lrtemplate_NP3_lrtemplate/o_-_34._COLOR_-_Neutral.lrtemplate#03
=== PAUSE TestRoundTrip_XMP_NP3_XMP/KDK_-_Portra_800_-_cool.xmp
=== PAUSE TestRoundTrip_XMP_lrtemplate_XMP/POL_-_Color_600_-_boost.xmp
=== RUN   TestRoundTrip_lrtemplate_NP3_lrtemplate/o_-_35._COLOR_-_Morning.lrtemplate#03
=== PAUSE TestRoundTrip_lrtemplate_XMP_lrtemplate/o_-_28._FINISH_-_Strong.lrtemplate#03
=== PAUSE TestRoundTrip_lrtemplate_NP3_lrtemplate/o_-_35._COLOR_-_Morning.lrtemplate#03
=== RUN   TestRoundTrip_XMP_NP3_XMP/KDK_-_Portra_800_-_film.xmp
=== RUN   TestRoundTrip_lrtemplate_NP3_lrtemplate/o_-_36._COLOR_-_Lavender.lrtemplate#03
=== RUN   TestRoundTrip_XMP_lrtemplate_XMP/POL_-_Color_600_-_cool.xmp
=== PAUSE TestRoundTrip_lrtemplate_NP3_lrtemplate/o_-_36._COLOR_-_Lavender.lrtemplate#03
=== PAUSE TestRoundTrip_XMP_lrtemplate_XMP/POL_-_Color_600_-_cool.xmp
=== RUN   TestRoundTrip_lrtemplate_XMP_lrtemplate/o_-_29._FINISH_-_Vintage.lrtemplate#03
=== RUN   TestRoundTrip_XMP_lrtemplate_XMP/POL_-_Color_600_-_film.xmp
=== PAUSE TestRoundTrip_lrtemplate_XMP_lrtemplate/o_-_29._FINISH_-_Vintage.lrtemplate#03
=== PAUSE TestRoundTrip_XMP_lrtemplate_XMP/POL_-_Color_600_-_film.xmp
=== RUN   TestRoundTrip_lrtemplate_XMP_lrtemplate/o_-_30._FINISH_-_Washed.lrtemplate#03
=== RUN   TestRoundTrip_XMP_lrtemplate_XMP/POL_-_Color_600_-_warm.xmp
=== PAUSE TestRoundTrip_lrtemplate_XMP_lrtemplate/o_-_30._FINISH_-_Washed.lrtemplate#03
=== PAUSE TestRoundTrip_XMP_NP3_XMP/KDK_-_Portra_800_-_film.xmp
=== PAUSE TestRoundTrip_XMP_lrtemplate_XMP/POL_-_Color_600_-_warm.xmp
=== RUN   TestRoundTrip_XMP_lrtemplate_XMP/POL_-_Color_600.xmp
=== RUN   TestRoundTrip_lrtemplate_NP3_lrtemplate/o_-_37._COLOR_-_Spearmint.lrtemplate#03
=== RUN   TestRoundTrip_lrtemplate_XMP_lrtemplate/o_-_31._FINISH_-_Bright.lrtemplate#03
=== PAUSE TestRoundTrip_XMP_lrtemplate_XMP/POL_-_Color_600.xmp
=== PAUSE TestRoundTrip_lrtemplate_XMP_lrtemplate/o_-_31._FINISH_-_Bright.lrtemplate#03
=== RUN   TestRoundTrip_XMP_NP3_XMP/KDK_-_Portra_800_-_warm.xmp
=== PAUSE TestRoundTrip_lrtemplate_NP3_lrtemplate/o_-_37._COLOR_-_Spearmint.lrtemplate#03
=== PAUSE TestRoundTrip_XMP_NP3_XMP/KDK_-_Portra_800_-_warm.xmp
=== RUN   TestRoundTrip_lrtemplate_XMP_lrtemplate/o_-_32._FINISH_-_Retro.lrtemplate#03
=== RUN   TestRoundTrip_XMP_NP3_XMP/KDK_-_Portra_800.xmp
=== RUN   TestRoundTrip_lrtemplate_NP3_lrtemplate/o_-_38._COLOR_-_Sea_Breeze.lrtemplate#03
=== RUN   TestRoundTrip_XMP_lrtemplate_XMP/POL_-_Color_Instant_++++.xmp
=== PAUSE TestRoundTrip_lrtemplate_XMP_lrtemplate/o_-_32._FINISH_-_Retro.lrtemplate#03
=== PAUSE TestRoundTrip_XMP_lrtemplate_XMP/POL_-_Color_Instant_++++.xmp
=== RUN   TestRoundTrip_XMP_lrtemplate_XMP/POL_-_Color_Instant_+++.xmp
=== PAUSE TestRoundTrip_lrtemplate_NP3_lrtemplate/o_-_38._COLOR_-_Sea_Breeze.lrtemplate#03
=== PAUSE TestRoundTrip_XMP_lrtemplate_XMP/POL_-_Color_Instant_+++.xmp
=== PAUSE TestRoundTrip_XMP_NP3_XMP/KDK_-_Portra_800.xmp
=== RUN   TestRoundTrip_lrtemplate_NP3_lrtemplate/o_-_39._COLOR_-_Warm_Light.lrtemplate#03
=== RUN   TestRoundTrip_XMP_NP3_XMP/KDK_-_Portra.xmp
=== RUN   TestRoundTrip_lrtemplate_XMP_lrtemplate/o_-_33_-_o.lrtemplate#03
=== PAUSE TestRoundTrip_XMP_NP3_XMP/KDK_-_Portra.xmp
=== PAUSE TestRoundTrip_lrtemplate_XMP_lrtemplate/o_-_33_-_o.lrtemplate#03
=== RUN   TestRoundTrip_XMP_NP3_XMP/KDK_-_Tri-X_400_+++.xmp
=== RUN   TestRoundTrip_lrtemplate_XMP_lrtemplate/o_-_34._COLOR_-_Neutral.lrtemplate#03
=== PAUSE TestRoundTrip_XMP_NP3_XMP/KDK_-_Tri-X_400_+++.xmp
=== PAUSE TestRoundTrip_lrtemplate_NP3_lrtemplate/o_-_39._COLOR_-_Warm_Light.lrtemplate#03
=== RUN   TestRoundTrip_XMP_NP3_XMP/KDK_-_Tri-X_400_++.xmp
=== PAUSE TestRoundTrip_lrtemplate_XMP_lrtemplate/o_-_34._COLOR_-_Neutral.lrtemplate#03
=== PAUSE TestRoundTrip_XMP_NP3_XMP/KDK_-_Tri-X_400_++.xmp
=== RUN   TestRoundTrip_lrtemplate_NP3_lrtemplate/o_-_40._COLOR_-_Pastel_Rouge.lrtemplate#03
=== RUN   TestRoundTrip_XMP_NP3_XMP/KDK_-_Tri-X_400_+.xmp
=== RUN   TestRoundTrip_lrtemplate_XMP_lrtemplate/o_-_35._COLOR_-_Morning.lrtemplate#03
=== PAUSE TestRoundTrip_XMP_NP3_XMP/KDK_-_Tri-X_400_+.xmp
=== RUN   TestRoundTrip_XMP_lrtemplate_XMP/POL_-_Color_Instant_++.xmp
=== PAUSE TestRoundTrip_XMP_lrtemplate_XMP/POL_-_Color_Instant_++.xmp
=== RUN   TestRoundTrip_XMP_lrtemplate_XMP/POL_-_Color_Instant_+.xmp
=== PAUSE TestRoundTrip_XMP_lrtemplate_XMP/POL_-_Color_Instant_+.xmp
=== PAUSE TestRoundTrip_lrtemplate_XMP_lrtemplate/o_-_35._COLOR_-_Morning.lrtemplate#03
=== RUN   TestRoundTrip_XMP_NP3_XMP/KDK_-_Tri-X_400_-_boost.xmp
=== PAUSE TestRoundTrip_XMP_NP3_XMP/KDK_-_Tri-X_400_-_boost.xmp
=== RUN   TestRoundTrip_XMP_NP3_XMP/KDK_-_Tri-X_400_-_film.xmp
=== PAUSE TestRoundTrip_lrtemplate_NP3_lrtemplate/o_-_40._COLOR_-_Pastel_Rouge.lrtemplate#03
=== RUN   TestRoundTrip_XMP_lrtemplate_XMP/POL_-_Color_Instant_-_boost.xmp
=== RUN   TestRoundTrip_lrtemplate_XMP_lrtemplate/o_-_36._COLOR_-_Lavender.lrtemplate#03
=== PAUSE TestRoundTrip_XMP_lrtemplate_XMP/POL_-_Color_Instant_-_boost.xmp
=== RUN   TestRoundTrip_XMP_lrtemplate_XMP/POL_-_Color_Instant_-_cool.xmp
=== PAUSE TestRoundTrip_lrtemplate_XMP_lrtemplate/o_-_36._COLOR_-_Lavender.lrtemplate#03
=== PAUSE TestRoundTrip_XMP_NP3_XMP/KDK_-_Tri-X_400_-_film.xmp
=== PAUSE TestRoundTrip_XMP_lrtemplate_XMP/POL_-_Color_Instant_-_cool.xmp
=== RUN   TestRoundTrip_lrtemplate_NP3_lrtemplate/o_-_41_-_o.lrtemplate#03
=== RUN   TestRoundTrip_lrtemplate_XMP_lrtemplate/o_-_37._COLOR_-_Spearmint.lrtemplate#03
=== PAUSE TestRoundTrip_lrtemplate_NP3_lrtemplate/o_-_41_-_o.lrtemplate#03
=== PAUSE TestRoundTrip_lrtemplate_XMP_lrtemplate/o_-_37._COLOR_-_Spearmint.lrtemplate#03
=== RUN   TestRoundTrip_XMP_lrtemplate_XMP/POL_-_Color_Instant_-_film.xmp
=== RUN   TestRoundTrip_lrtemplate_XMP_lrtemplate/o_-_38._COLOR_-_Sea_Breeze.lrtemplate#03
=== PAUSE TestRoundTrip_XMP_lrtemplate_XMP/POL_-_Color_Instant_-_film.xmp
=== RUN   TestRoundTrip_XMP_lrtemplate_XMP/POL_-_Color_Instant_-_warm.xmp
=== RUN   TestRoundTrip_XMP_NP3_XMP/KDK_-_Tri-X_400.xmp
=== RUN   TestRoundTrip_lrtemplate_NP3_lrtemplate/o_-_42._LIGHTING_-_Auto_Set.lrtemplate#03
=== PAUSE TestRoundTrip_XMP_NP3_XMP/KDK_-_Tri-X_400.xmp
=== RUN   TestRoundTrip_XMP_NP3_XMP/POL_-_Cinematic_++++.xmp
=== PAUSE TestRoundTrip_lrtemplate_NP3_lrtemplate/o_-_42._LIGHTING_-_Auto_Set.lrtemplate#03
=== RUN   TestRoundTrip_lrtemplate_NP3_lrtemplate/o_-_43._LIGHTING_-_As_Shot.lrtemplate#03
=== PAUSE TestRoundTrip_XMP_lrtemplate_XMP/POL_-_Color_Instant_-_warm.xmp
=== PAUSE TestRoundTrip_lrtemplate_XMP_lrtemplate/o_-_38._COLOR_-_Sea_Breeze.lrtemplate#03
=== PAUSE TestRoundTrip_XMP_NP3_XMP/POL_-_Cinematic_++++.xmp
=== RUN   TestRoundTrip_lrtemplate_XMP_lrtemplate/o_-_39._COLOR_-_Warm_Light.lrtemplate#03
=== RUN   TestRoundTrip_XMP_NP3_XMP/POL_-_Cinematic_+++.xmp
=== PAUSE TestRoundTrip_lrtemplate_NP3_lrtemplate/o_-_43._LIGHTING_-_As_Shot.lrtemplate#03
=== PAUSE TestRoundTrip_XMP_NP3_XMP/POL_-_Cinematic_+++.xmp
=== RUN   TestRoundTrip_XMP_NP3_XMP/POL_-_Cinematic_++.xmp
=== RUN   TestRoundTrip_lrtemplate_NP3_lrtemplate/o_-_44._LIGHTING_-_Flash.lrtemplate#03
=== PAUSE TestRoundTrip_lrtemplate_NP3_lrtemplate/o_-_44._LIGHTING_-_Flash.lrtemplate#03
=== RUN   TestRoundTrip_XMP_lrtemplate_XMP/POL_-_Color_Instant.xmp
=== RUN   TestRoundTrip_lrtemplate_NP3_lrtemplate/o_-_45._LIGHTING_-_Shade.lrtemplate#03
=== PAUSE TestRoundTrip_lrtemplate_XMP_lrtemplate/o_-_39._COLOR_-_Warm_Light.lrtemplate#03
=== RUN   TestRoundTrip_lrtemplate_XMP_lrtemplate/o_-_40._COLOR_-_Pastel_Rouge.lrtemplate#03
=== PAUSE TestRoundTrip_XMP_NP3_XMP/POL_-_Cinematic_++.xmp
=== PAUSE TestRoundTrip_lrtemplate_XMP_lrtemplate/o_-_40._COLOR_-_Pastel_Rouge.lrtemplate#03
=== RUN   TestRoundTrip_XMP_NP3_XMP/POL_-_Cinematic_+.xmp
=== PAUSE TestRoundTrip_XMP_NP3_XMP/POL_-_Cinematic_+.xmp
=== PAUSE TestRoundTrip_lrtemplate_NP3_lrtemplate/o_-_45._LIGHTING_-_Shade.lrtemplate#03
=== PAUSE TestRoundTrip_XMP_lrtemplate_XMP/POL_-_Color_Instant.xmp
=== RUN   TestRoundTrip_lrtemplate_XMP_lrtemplate/o_-_41_-_o.lrtemplate#03
=== RUN   TestRoundTrip_XMP_lrtemplate_XMP/POL_-_Mono_+++.xmp
=== PAUSE TestRoundTrip_lrtemplate_XMP_lrtemplate/o_-_41_-_o.lrtemplate#03
=== RUN   TestRoundTrip_XMP_NP3_XMP/POL_-_Cinematic_-_boost.xmp
=== RUN   TestRoundTrip_lrtemplate_XMP_lrtemplate/o_-_42._LIGHTING_-_Auto_Set.lrtemplate#03
=== PAUSE TestRoundTrip_XMP_lrtemplate_XMP/POL_-_Mono_+++.xmp
=== RUN   TestRoundTrip_lrtemplate_NP3_lrtemplate/o_-_46._LIGHTING_-_Cloudy.lrtemplate#03
=== PAUSE TestRoundTrip_XMP_NP3_XMP/POL_-_Cinematic_-_boost.xmp
=== PAUSE TestRoundTrip_lrtemplate_XMP_lrtemplate/o_-_42._LIGHTING_-_Auto_Set.lrtemplate#03
=== RUN   TestRoundTrip_XMP_lrtemplate_XMP/POL_-_Mono_++.xmp
=== RUN   TestRoundTrip_lrtemplate_XMP_lrtemplate/o_-_43._LIGHTING_-_As_Shot.lrtemplate#03
=== PAUSE TestRoundTrip_XMP_lrtemplate_XMP/POL_-_Mono_++.xmp
=== RUN   TestRoundTrip_XMP_lrtemplate_XMP/POL_-_Mono_+.xmp
=== PAUSE TestRoundTrip_lrtemplate_XMP_lrtemplate/o_-_43._LIGHTING_-_As_Shot.lrtemplate#03
=== PAUSE TestRoundTrip_XMP_lrtemplate_XMP/POL_-_Mono_+.xmp
=== RUN   TestRoundTrip_lrtemplate_XMP_lrtemplate/o_-_44._LIGHTING_-_Flash.lrtemplate#03
=== RUN   TestRoundTrip_XMP_NP3_XMP/POL_-_Cinematic_-_cool.xmp
=== PAUSE TestRoundTrip_lrtemplate_XMP_lrtemplate/o_-_44._LIGHTING_-_Flash.lrtemplate#03
=== RUN   TestRoundTrip_lrtemplate_XMP_lrtemplate/o_-_45._LIGHTING_-_Shade.lrtemplate#03
=== PAUSE TestRoundTrip_XMP_NP3_XMP/POL_-_Cinematic_-_cool.xmp
=== PAUSE TestRoundTrip_lrtemplate_XMP_lrtemplate/o_-_45._LIGHTING_-_Shade.lrtemplate#03
=== RUN   TestRoundTrip_XMP_NP3_XMP/POL_-_Cinematic_-_film.xmp
=== RUN   TestRoundTrip_lrtemplate_XMP_lrtemplate/o_-_46._LIGHTING_-_Cloudy.lrtemplate#03
=== PAUSE TestRoundTrip_lrtemplate_NP3_lrtemplate/o_-_46._LIGHTING_-_Cloudy.lrtemplate#03
=== PAUSE TestRoundTrip_lrtemplate_XMP_lrtemplate/o_-_46._LIGHTING_-_Cloudy.lrtemplate#03
=== RUN   TestRoundTrip_lrtemplate_NP3_lrtemplate/o_-_47._LIGHTING_-_Daylight.lrtemplate#03
=== RUN   TestRoundTrip_lrtemplate_XMP_lrtemplate/o_-_47._LIGHTING_-_Daylight.lrtemplate#03
=== PAUSE TestRoundTrip_XMP_NP3_XMP/POL_-_Cinematic_-_film.xmp
=== PAUSE TestRoundTrip_lrtemplate_XMP_lrtemplate/o_-_47._LIGHTING_-_Daylight.lrtemplate#03
=== PAUSE TestRoundTrip_lrtemplate_NP3_lrtemplate/o_-_47._LIGHTING_-_Daylight.lrtemplate#03
=== RUN   TestRoundTrip_XMP_NP3_XMP/POL_-_Cinematic_-_warm.xmp
=== RUN   TestRoundTrip_lrtemplate_NP3_lrtemplate/o_-_48._LIGHTING_-_Tungsten.lrtemplate#03
=== RUN   TestRoundTrip_lrtemplate_XMP_lrtemplate/o_-_48._LIGHTING_-_Tungsten.lrtemplate#03
=== RUN   TestRoundTrip_XMP_lrtemplate_XMP/POL_-_Mono_-_boost.xmp
=== PAUSE TestRoundTrip_lrtemplate_NP3_lrtemplate/o_-_48._LIGHTING_-_Tungsten.lrtemplate#03
=== PAUSE TestRoundTrip_XMP_NP3_XMP/POL_-_Cinematic_-_warm.xmp
=== PAUSE TestRoundTrip_XMP_lrtemplate_XMP/POL_-_Mono_-_boost.xmp
=== RUN   TestRoundTrip_lrtemplate_NP3_lrtemplate/o_-_49._LIGHTING_-_Fluorescent.lrtemplate#03
=== RUN   TestRoundTrip_XMP_NP3_XMP/POL_-_Cinematic.xmp
=== RUN   TestRoundTrip_XMP_lrtemplate_XMP/POL_-_Mono_-_film.xmp
=== PAUSE TestRoundTrip_lrtemplate_NP3_lrtemplate/o_-_49._LIGHTING_-_Fluorescent.lrtemplate#03
=== RUN   TestRoundTrip_lrtemplate_NP3_lrtemplate/o_-_50_-_o.lrtemplate#03
=== PAUSE TestRoundTrip_XMP_lrtemplate_XMP/POL_-_Mono_-_film.xmp
=== RUN   TestRoundTrip_XMP_lrtemplate_XMP/POL_-_Mono.xmp
=== PAUSE TestRoundTrip_XMP_NP3_XMP/POL_-_Cinematic.xmp
=== PAUSE TestRoundTrip_lrtemplate_XMP_lrtemplate/o_-_48._LIGHTING_-_Tungsten.lrtemplate#03
=== PAUSE TestRoundTrip_lrtemplate_NP3_lrtemplate/o_-_50_-_o.lrtemplate#03
=== RUN   TestRoundTrip_XMP_NP3_XMP/POL_-_Color_600_+++.xmp
=== PAUSE TestRoundTrip_XMP_NP3_XMP/POL_-_Color_600_+++.xmp
=== PAUSE TestRoundTrip_XMP_lrtemplate_XMP/POL_-_Mono.xmp
=== RUN   TestRoundTrip_XMP_lrtemplate_XMP/COLOR_-_Lavender.xmp#02
=== CONT  TestRoundTrip_lrtemplate_NP3_lrtemplate/o_-_46._LIGHTING_-_Cloudy.lrtemplate#03
=== CONT  TestRoundTrip_lrtemplate_NP3_lrtemplate/o_-_39._COLOR_-_Warm_Light.lrtemplate#03
=== PAUSE TestRoundTrip_XMP_lrtemplate_XMP/COLOR_-_Lavender.xmp#02
=== CONT  TestRoundTrip_lrtemplate_NP3_lrtemplate/00._E_-_auto_tone.lrtemplate
=== CONT  TestRoundTrip_lrtemplate_NP3_lrtemplate/o_-_36._COLOR_-_Lavender.lrtemplate#03
=== CONT  TestRoundTrip_lrtemplate_NP3_lrtemplate/o_-_26._FINISH_-_Film.lrtemplate#03
=== CONT  TestRoundTrip_lrtemplate_NP3_lrtemplate/o_-_11._CONTRAST_-_Mid.lrtemplate#03
=== CONT  TestRoundTrip_lrtemplate_NP3_lrtemplate/34._E_-_Polaroid_Mono_+_iiii.lrtemplate
=== CONT  TestRoundTrip_lrtemplate_NP3_lrtemplate/20._E_-_Fuji_Negative_+_ii.lrtemplate
=== CONT  TestRoundTrip_lrtemplate_NP3_lrtemplate/06._E_-_Kodak_Plus_+_punch.lrtemplate
=== CONT  TestRoundTrip_lrtemplate_NP3_lrtemplate/o_-_44._LIGHTING_-_Flash.lrtemplate#03
=== RUN   TestRoundTrip_lrtemplate_XMP_lrtemplate/o_-_49._LIGHTING_-_Fluorescent.lrtemplate#03
=== CONT  TestRoundTrip_lrtemplate_NP3_lrtemplate/o_-_38._COLOR_-_Sea_Breeze.lrtemplate#03
=== PAUSE TestRoundTrip_lrtemplate_XMP_lrtemplate/o_-_49._LIGHTING_-_Fluorescent.lrtemplate#03
=== RUN   TestRoundTrip_XMP_lrtemplate_XMP/COLOR_-_Morning.xmp#02
=== RUN   TestRoundTrip_lrtemplate_XMP_lrtemplate/o_-_50_-_o.lrtemplate#03
=== PAUSE TestRoundTrip_lrtemplate_XMP_lrtemplate/o_-_50_-_o.lrtemplate#03
=== PAUSE TestRoundTrip_XMP_lrtemplate_XMP/COLOR_-_Morning.xmp#02
=== CONT  TestRoundTrip_lrtemplate_NP3_lrtemplate/o_-_47._LIGHTING_-_Daylight.lrtemplate#02
=== CONT  TestRoundTrip_lrtemplate_NP3_lrtemplate/o_-_46._LIGHTING_-_Cloudy.lrtemplate#02
=== RUN   TestRoundTrip_XMP_lrtemplate_XMP/COLOR_-_Neutral.xmp#02
=== PAUSE TestRoundTrip_XMP_lrtemplate_XMP/COLOR_-_Neutral.xmp#02
=== RUN   TestRoundTrip_XMP_lrtemplate_XMP/COLOR_-_Pastel_Rouge.xmp#02
=== PAUSE TestRoundTrip_XMP_lrtemplate_XMP/COLOR_-_Pastel_Rouge.xmp#02
=== RUN   TestRoundTrip_XMP_lrtemplate_XMP/COLOR_-_Sea_Breeze.xmp#02
=== PAUSE TestRoundTrip_XMP_lrtemplate_XMP/COLOR_-_Sea_Breeze.xmp#02
=== RUN   TestRoundTrip_XMP_lrtemplate_XMP/COLOR_-_Spearmint.xmp#02
=== PAUSE TestRoundTrip_XMP_lrtemplate_XMP/COLOR_-_Spearmint.xmp#02
=== RUN   TestRoundTrip_XMP_lrtemplate_XMP/COLOR_-_Warm_Light.xmp#02
=== PAUSE TestRoundTrip_XMP_lrtemplate_XMP/COLOR_-_Warm_Light.xmp#02
=== RUN   TestRoundTrip_XMP_lrtemplate_XMP/CONTRAST_-_High.xmp#02
=== PAUSE TestRoundTrip_XMP_lrtemplate_XMP/CONTRAST_-_High.xmp#02
=== RUN   TestRoundTrip_XMP_lrtemplate_XMP/CONTRAST_-_Low.xmp#02
=== PAUSE TestRoundTrip_XMP_lrtemplate_XMP/CONTRAST_-_Low.xmp#02
=== RUN   TestRoundTrip_XMP_lrtemplate_XMP/CONTRAST_-_Mid.xmp#02
=== PAUSE TestRoundTrip_XMP_lrtemplate_XMP/CONTRAST_-_Mid.xmp#02
=== RUN   TestRoundTrip_XMP_lrtemplate_XMP/DETAIL_-_High.xmp#02
=== PAUSE TestRoundTrip_XMP_lrtemplate_XMP/DETAIL_-_High.xmp#02
=== RUN   TestRoundTrip_XMP_lrtemplate_XMP/DETAIL_-_Low.xmp#02
=== PAUSE TestRoundTrip_XMP_lrtemplate_XMP/DETAIL_-_Low.xmp#02
=== RUN   TestRoundTrip_XMP_lrtemplate_XMP/DETAIL_-_Mid.xmp#02
=== PAUSE TestRoundTrip_XMP_lrtemplate_XMP/DETAIL_-_Mid.xmp#02
=== RUN   TestRoundTrip_XMP_lrtemplate_XMP/EXPOSURE__-_1.xmp#02
=== PAUSE TestRoundTrip_XMP_lrtemplate_XMP/EXPOSURE__-_1.xmp#02
=== RUN   TestRoundTrip_XMP_lrtemplate_XMP/EXPOSURE__-_2.xmp#02
=== PAUSE TestRoundTrip_XMP_lrtemplate_XMP/EXPOSURE__-_2.xmp#02
=== RUN   TestRoundTrip_XMP_lrtemplate_XMP/EXPOSURE__0.xmp#02
=== PAUSE TestRoundTrip_XMP_lrtemplate_XMP/EXPOSURE__0.xmp#02
=== RUN   TestRoundTrip_XMP_lrtemplate_XMP/EXPOSURE_+_1.xmp#02
=== CONT  TestRoundTrip_lrtemplate_NP3_lrtemplate/o_-_50_-_o.lrtemplate#03
=== CONT  TestRoundTrip_lrtemplate_NP3_lrtemplate/o_-_45._LIGHTING_-_Shade.lrtemplate#02
=== NAME  TestRoundTrip_lrtemplate_NP3_lrtemplate/o_-_46._LIGHTING_-_Cloudy.lrtemplate#02
    roundtrip_test.go:493: Tint mismatch: orig=10, final=0 (diff=10, tolerance=1)
=== CONT  TestRoundTrip_lrtemplate_NP3_lrtemplate/o_-_49._LIGHTING_-_Fluorescent.lrtemplate#03
=== NAME  TestRoundTrip_lrtemplate_NP3_lrtemplate/o_-_46._LIGHTING_-_Cloudy.lrtemplate#02
    roundtrip_test.go:337: Temperature nullability difference: orig=0xc0000be4d0, final=<nil> (may be expected)
=== CONT  TestRoundTrip_lrtemplate_NP3_lrtemplate/o_-_48._LIGHTING_-_Tungsten.lrtemplate#03
=== NAME  TestRoundTrip_lrtemplate_NP3_lrtemplate/o_-_38._COLOR_-_Sea_Breeze.lrtemplate#03
    roundtrip_test.go:337: Split toning saturation/balance: (expected loss: NP3 only supports hue)
=== CONT  TestRoundTrip_lrtemplate_NP3_lrtemplate/o_-_44._LIGHTING_-_Flash.lrtemplate#02
=== CONT  TestRoundTrip_lrtemplate_NP3_lrtemplate/o_-_43._LIGHTING_-_As_Shot.lrtemplate#03
=== NAME  TestRoundTrip_lrtemplate_NP3_lrtemplate/o_-_38._COLOR_-_Sea_Breeze.lrtemplate#03
    roundtrip_test.go:337: Split toning hue: orig shadow=223, highlight=228 (NP3 has limited split toning support)
=== CONT  TestRoundTrip_lrtemplate_NP3_lrtemplate/o_-_42._LIGHTING_-_Auto_Set.lrtemplate#03
=== CONT  TestRoundTrip_lrtemplate_NP3_lrtemplate/o_-_41_-_o.lrtemplate#03
=== CONT  TestRoundTrip_lrtemplate_NP3_lrtemplate/o_-_40._COLOR_-_Pastel_Rouge.lrtemplate#03
=== CONT  TestRoundTrip_lrtemplate_NP3_lrtemplate/o_-_37._COLOR_-_Spearmint.lrtemplate#03
=== NAME  TestRoundTrip_lrtemplate_NP3_lrtemplate/o_-_47._LIGHTING_-_Daylight.lrtemplate#02
    roundtrip_test.go:493: Tint mismatch: orig=10, final=0 (diff=10, tolerance=1)
    roundtrip_test.go:337: Temperature nullability difference: orig=0xc001b9c050, final=<nil> (may be expected)
=== NAME  TestRoundTrip_lrtemplate_NP3_lrtemplate/o_-_39._COLOR_-_Warm_Light.lrtemplate#03
    roundtrip_test.go:337: Split toning saturation/balance: (expected loss: NP3 only supports hue)
=== CONT  TestRoundTrip_lrtemplate_NP3_lrtemplate/o_-_43._LIGHTING_-_As_Shot.lrtemplate#02
=== NAME  TestRoundTrip_lrtemplate_NP3_lrtemplate/o_-_39._COLOR_-_Warm_Light.lrtemplate#03
    roundtrip_test.go:337: Split toning hue: orig shadow=60, highlight=56 (NP3 has limited split toning support)
=== CONT  TestRoundTrip_lrtemplate_NP3_lrtemplate/o_-_27._FINISH_-_Basic.lrtemplate#03
=== PAUSE TestRoundTrip_XMP_lrtemplate_XMP/EXPOSURE_+_1.xmp#02
=== NAME  TestRoundTrip_lrtemplate_NP3_lrtemplate/o_-_48._LIGHTING_-_Tungsten.lrtemplate#03
    roundtrip_test.go:337: Temperature nullability difference: orig=0xc001aaa350, final=<nil> (may be expected)
=== NAME  TestRoundTrip_lrtemplate_NP3_lrtemplate/o_-_44._LIGHTING_-_Flash.lrtemplate#03
    roundtrip_test.go:337: Temperature nullability difference: orig=0xc001926050, final=<nil> (may be expected)
=== CONT  TestRoundTrip_lrtemplate_NP3_lrtemplate/o_-_41_-_o.lrtemplate#02
=== CONT  TestRoundTrip_lrtemplate_NP3_lrtemplate/o_-_40._COLOR_-_Pastel_Rouge.lrtemplate#02
=== CONT  TestRoundTrip_lrtemplate_NP3_lrtemplate/o_-_47._LIGHTING_-_Daylight.lrtemplate#03
=== RUN   TestRoundTrip_XMP_lrtemplate_XMP/EXPOSURE_+_2.xmp#02
=== CONT  TestRoundTrip_lrtemplate_NP3_lrtemplate/o_-_38._COLOR_-_Sea_Breeze.lrtemplate#02
=== CONT  TestRoundTrip_lrtemplate_NP3_lrtemplate/o_-_34._COLOR_-_Neutral.lrtemplate#02
=== RUN   TestRoundTrip_XMP_NP3_XMP/POL_-_Color_600_++.xmp
=== NAME  TestRoundTrip_lrtemplate_NP3_lrtemplate/o_-_36._COLOR_-_Lavender.lrtemplate#03
    roundtrip_test.go:337: Split toning saturation/balance: (expected loss: NP3 only supports hue)
=== CONT  TestRoundTrip_lrtemplate_NP3_lrtemplate/o_-_42._LIGHTING_-_Auto_Set.lrtemplate#02
=== NAME  TestRoundTrip_lrtemplate_NP3_lrtemplate/o_-_36._COLOR_-_Lavender.lrtemplate#03
    roundtrip_test.go:337: Split toning hue: orig shadow=223, highlight=51 (NP3 has limited split toning support)
=== CONT  TestRoundTrip_lrtemplate_NP3_lrtemplate/o_-_20._SHARPEN_-_High.lrtemplate#02
=== CONT  TestRoundTrip_lrtemplate_NP3_lrtemplate/o_-_21_-_o.lrtemplate#02
=== NAME  TestRoundTrip_lrtemplate_NP3_lrtemplate/o_-_46._LIGHTING_-_Cloudy.lrtemplate#03
    roundtrip_test.go:493: Tint mismatch: orig=10, final=0 (diff=10, tolerance=1)
    roundtrip_test.go:337: Temperature nullability difference: orig=0xc002004050, final=<nil> (may be expected)
=== CONT  TestRoundTrip_lrtemplate_NP3_lrtemplate/o_-_19._SHARPEN_-_Mid.lrtemplate#02
=== CONT  TestRoundTrip_lrtemplate_NP3_lrtemplate/o_-_18._SHARPEN_-_Low.lrtemplate#02
=== NAME  TestRoundTrip_lrtemplate_NP3_lrtemplate/o_-_44._LIGHTING_-_Flash.lrtemplate#02
    roundtrip_test.go:337: Temperature nullability difference: orig=0xc002110050, final=<nil> (may be expected)
=== CONT  TestRoundTrip_lrtemplate_NP3_lrtemplate/o_-_17_-_o.lrtemplate#02
=== CONT  TestRoundTrip_lrtemplate_NP3_lrtemplate/o_-_16._DETAIL_-_High.lrtemplate#02
=== CONT  TestRoundTrip_lrtemplate_NP3_lrtemplate/o_-_15._DETAIL_-_Mid.lrtemplate#02
=== CONT  TestRoundTrip_lrtemplate_NP3_lrtemplate/o_-_39._COLOR_-_Warm_Light.lrtemplate#02
=== PAUSE TestRoundTrip_XMP_lrtemplate_XMP/EXPOSURE_+_2.xmp#02
=== NAME  TestRoundTrip_lrtemplate_NP3_lrtemplate/o_-_45._LIGHTING_-_Shade.lrtemplate#02
    roundtrip_test.go:493: Tint mismatch: orig=10, final=0 (diff=10, tolerance=1)
=== PAUSE TestRoundTrip_XMP_NP3_XMP/POL_-_Color_600_++.xmp
=== CONT  TestRoundTrip_lrtemplate_NP3_lrtemplate/o_-_36._COLOR_-_Lavender.lrtemplate#02
=== CONT  TestRoundTrip_lrtemplate_NP3_lrtemplate/o_-_37._COLOR_-_Spearmint.lrtemplate#02
=== NAME  TestRoundTrip_lrtemplate_NP3_lrtemplate/o_-_40._COLOR_-_Pastel_Rouge.lrtemplate#03
    roundtrip_test.go:337: Split toning saturation/balance: (expected loss: NP3 only supports hue)
=== NAME  TestRoundTrip_lrtemplate_NP3_lrtemplate/06._E_-_Kodak_Plus_+_punch.lrtemplate
    roundtrip_test.go:337: Highlights: orig=-28 (expected loss: NP3 doesn't support this parameter)
=== NAME  TestRoundTrip_lrtemplate_NP3_lrtemplate/o_-_40._COLOR_-_Pastel_Rouge.lrtemplate#02
    roundtrip_test.go:337: Split toning saturation/balance: (expected loss: NP3 only supports hue)
=== NAME  TestRoundTrip_lrtemplate_NP3_lrtemplate/o_-_34._COLOR_-_Neutral.lrtemplate#02
    roundtrip_test.go:337: Split toning saturation/balance: (expected loss: NP3 only supports hue)
=== CONT  TestRoundTrip_lrtemplate_NP3_lrtemplate/o_-_35._COLOR_-_Morning.lrtemplate#02
=== NAME  TestRoundTrip_lrtemplate_NP3_lrtemplate/o_-_37._COLOR_-_Spearmint.lrtemplate#03
    roundtrip_test.go:337: Split toning saturation/balance: (expected loss: NP3 only supports hue)
    roundtrip_test.go:337: Split toning hue: orig shadow=179, highlight=111 (NP3 has limited split toning support)
=== CONT  TestRoundTrip_lrtemplate_NP3_lrtemplate/o_-_14._DETAIL_-_Low.lrtemplate#02
=== NAME  TestRoundTrip_lrtemplate_NP3_lrtemplate/o_-_40._COLOR_-_Pastel_Rouge.lrtemplate#03
    roundtrip_test.go:337: Split toning hue: orig shadow=242, highlight=10 (NP3 has limited split toning support)
=== RUN   TestRoundTrip_XMP_lrtemplate_XMP/FINISH_-_Basic.xmp#02
=== RUN   TestRoundTrip_XMP_NP3_XMP/POL_-_Color_600_+.xmp
=== NAME  TestRoundTrip_lrtemplate_NP3_lrtemplate/o_-_34._COLOR_-_Neutral.lrtemplate#02
    roundtrip_test.go:337: Split toning hue: orig shadow=242, highlight=45 (NP3 has limited split toning support)
=== CONT  TestRoundTrip_lrtemplate_NP3_lrtemplate/o_-_12._CONTRAST_-_High.lrtemplate#02
=== CONT  TestRoundTrip_lrtemplate_NP3_lrtemplate/o_-_33_-_o.lrtemplate#02
=== CONT  TestRoundTrip_lrtemplate_NP3_lrtemplate/o_-_13_-_o.lrtemplate#02
=== NAME  TestRoundTrip_lrtemplate_NP3_lrtemplate/o_-_49._LIGHTING_-_Fluorescent.lrtemplate#03
    roundtrip_test.go:493: Tint mismatch: orig=21, final=0 (diff=21, tolerance=1)
    roundtrip_test.go:337: Temperature nullability difference: orig=0xc0013884d0, final=<nil> (may be expected)
=== CONT  TestRoundTrip_lrtemplate_NP3_lrtemplate/o_-_13_-_o.lrtemplate#01
=== NAME  TestRoundTrip_lrtemplate_NP3_lrtemplate/o_-_47._LIGHTING_-_Daylight.lrtemplate#03
    roundtrip_test.go:493: Tint mismatch: orig=10, final=0 (diff=10, tolerance=1)
=== NAME  TestRoundTrip_lrtemplate_NP3_lrtemplate/06._E_-_Kodak_Plus_+_punch.lrtemplate
    roundtrip_test.go:337: Shadows: orig=22 (expected loss: NP3 doesn't support this parameter)
=== NAME  TestRoundTrip_lrtemplate_NP3_lrtemplate/o_-_40._COLOR_-_Pastel_Rouge.lrtemplate#02
    roundtrip_test.go:337: Split toning hue: orig shadow=242, highlight=10 (NP3 has limited split toning support)
=== PAUSE TestRoundTrip_XMP_lrtemplate_XMP/FINISH_-_Basic.xmp#02
=== PAUSE TestRoundTrip_XMP_NP3_XMP/POL_-_Color_600_+.xmp
=== NAME  TestRoundTrip_lrtemplate_NP3_lrtemplate/o_-_37._COLOR_-_Spearmint.lrtemplate#02
    roundtrip_test.go:337: Split toning saturation/balance: (expected loss: NP3 only supports hue)
=== CONT  TestRoundTrip_lrtemplate_NP3_lrtemplate/o_-_32._FINISH_-_Retro.lrtemplate#02
=== NAME  TestRoundTrip_lrtemplate_NP3_lrtemplate/o_-_47._LIGHTING_-_Daylight.lrtemplate#03
    roundtrip_test.go:337: Temperature nullability difference: orig=0xc001e96050, final=<nil> (may be expected)
=== NAME  TestRoundTrip_lrtemplate_NP3_lrtemplate/o_-_37._COLOR_-_Spearmint.lrtemplate#02
    roundtrip_test.go:337: Split toning hue: orig shadow=179, highlight=111 (NP3 has limited split toning support)
=== CONT  TestRoundTrip_lrtemplate_NP3_lrtemplate/o_-_31._FINISH_-_Bright.lrtemplate#02
=== CONT  TestRoundTrip_lrtemplate_NP3_lrtemplate/o_-_11._CONTRAST_-_Mid.lrtemplate#02
=== NAME  TestRoundTrip_lrtemplate_NP3_lrtemplate/06._E_-_Kodak_Plus_+_punch.lrtemplate
    roundtrip_test.go:337: Whites: orig=-21 (expected loss: NP3 doesn't support this parameter)
=== NAME  TestRoundTrip_lrtemplate_NP3_lrtemplate/o_-_45._LIGHTING_-_Shade.lrtemplate#02
    roundtrip_test.go:337: Temperature nullability difference: orig=0xc001f0a350, final=<nil> (may be expected)
=== NAME  TestRoundTrip_lrtemplate_NP3_lrtemplate/o_-_39._COLOR_-_Warm_Light.lrtemplate#02
    roundtrip_test.go:337: Split toning saturation/balance: (expected loss: NP3 only supports hue)
=== RUN   TestRoundTrip_XMP_lrtemplate_XMP/FINISH_-_Bright.xmp#02
=== NAME  TestRoundTrip_lrtemplate_NP3_lrtemplate/20._E_-_Fuji_Negative_+_ii.lrtemplate
    roundtrip_test.go:337: Highlights: orig=-10 (expected loss: NP3 doesn't support this parameter)
=== CONT  TestRoundTrip_lrtemplate_NP3_lrtemplate/o_-_06._EXPOSURE__0.lrtemplate#02
=== PAUSE TestRoundTrip_XMP_lrtemplate_XMP/FINISH_-_Bright.xmp#02
=== CONT  TestRoundTrip_lrtemplate_NP3_lrtemplate/o_-_27._FINISH_-_Basic.lrtemplate#02
=== RUN   TestRoundTrip_XMP_lrtemplate_XMP/FINISH_-_Film.xmp#02
=== NAME  TestRoundTrip_lrtemplate_NP3_lrtemplate/20._E_-_Fuji_Negative_+_ii.lrtemplate
    roundtrip_test.go:337: Shadows: orig=15 (expected loss: NP3 doesn't support this parameter)
=== CONT  TestRoundTrip_lrtemplate_NP3_lrtemplate/o_-_10._CONTRAST_-_Low.lrtemplate#02
=== NAME  TestRoundTrip_lrtemplate_NP3_lrtemplate/20._E_-_Fuji_Negative_+_ii.lrtemplate
    roundtrip_test.go:337: Blacks: orig=-20 (expected loss: NP3 doesn't support this parameter)
=== NAME  TestRoundTrip_lrtemplate_NP3_lrtemplate/o_-_38._COLOR_-_Sea_Breeze.lrtemplate#02
    roundtrip_test.go:337: Split toning saturation/balance: (expected loss: NP3 only supports hue)
=== CONT  TestRoundTrip_lrtemplate_NP3_lrtemplate/o_-_29._FINISH_-_Vintage.lrtemplate#02
=== CONT  TestRoundTrip_lrtemplate_NP3_lrtemplate/o_-_09_-_o.lrtemplate#02
=== NAME  TestRoundTrip_lrtemplate_NP3_lrtemplate/o_-_35._COLOR_-_Morning.lrtemplate#02
    roundtrip_test.go:337: Split toning saturation/balance: (expected loss: NP3 only supports hue)
=== RUN   TestRoundTrip_XMP_NP3_XMP/POL_-_Color_600_-_boost.xmp
=== NAME  TestRoundTrip_lrtemplate_NP3_lrtemplate/o_-_35._COLOR_-_Morning.lrtemplate#02
    roundtrip_test.go:337: Split toning hue: orig shadow=226, highlight=44 (NP3 has limited split toning support)
=== NAME  TestRoundTrip_lrtemplate_NP3_lrtemplate/34._E_-_Polaroid_Mono_+_iiii.lrtemplate
    roundtrip_test.go:337: Highlights: orig=-10 (expected loss: NP3 doesn't support this parameter)
=== CONT  TestRoundTrip_lrtemplate_NP3_lrtemplate/o_-_03_-_o.lrtemplate#02
=== PAUSE TestRoundTrip_XMP_NP3_XMP/POL_-_Color_600_-_boost.xmp
=== CONT  TestRoundTrip_lrtemplate_NP3_lrtemplate/o_-_08._EXPOSURE_+_2.lrtemplate#02
=== CONT  TestRoundTrip_lrtemplate_NP3_lrtemplate/o_-_24._VIBRANCE_-__High.lrtemplate#02
=== CONT  TestRoundTrip_lrtemplate_NP3_lrtemplate/o_-_28._FINISH_-_Strong.lrtemplate#02
=== CONT  TestRoundTrip_lrtemplate_NP3_lrtemplate/o_-_30._FINISH_-_Washed.lrtemplate#02
=== NAME  TestRoundTrip_lrtemplate_NP3_lrtemplate/o_-_39._COLOR_-_Warm_Light.lrtemplate#02
    roundtrip_test.go:337: Split toning hue: orig shadow=60, highlight=56 (NP3 has limited split toning support)
=== CONT  TestRoundTrip_lrtemplate_NP3_lrtemplate/o_-_01._Lens_on.lrtemplate#02
=== CONT  TestRoundTrip_lrtemplate_NP3_lrtemplate/o_-_23._VIBRANCE__-_Mid.lrtemplate#02
=== CONT  TestRoundTrip_lrtemplate_NP3_lrtemplate/o_-_22._VIBRANCE__-_Low.lrtemplate#02
=== NAME  TestRoundTrip_lrtemplate_NP3_lrtemplate/06._E_-_Kodak_Plus_+_punch.lrtemplate
    roundtrip_test.go:337: Blacks: orig=23 (expected loss: NP3 doesn't support this parameter)
=== CONT  TestRoundTrip_lrtemplate_NP3_lrtemplate/o_-_00_-_o.lrtemplate#02
=== CONT  TestRoundTrip_lrtemplate_NP3_lrtemplate/o_-_26._FINISH_-_Film.lrtemplate#02
=== CONT  TestRoundTrip_lrtemplate_NP3_lrtemplate/71._E_-_Polaroid_Tint_+_punch.lrtemplate
=== CONT  TestRoundTrip_lrtemplate_NP3_lrtemplate/o_-_05._EXPOSURE__-_1.lrtemplate#02
=== CONT  TestRoundTrip_lrtemplate_NP3_lrtemplate/70._E_-_Polaroid_Tint_+_warm.lrtemplate
=== CONT  TestRoundTrip_lrtemplate_NP3_lrtemplate/69._E_-_Polaroid_Tint_+_cool.lrtemplate
=== NAME  TestRoundTrip_lrtemplate_NP3_lrtemplate/o_-_36._COLOR_-_Lavender.lrtemplate#02
    roundtrip_test.go:337: Split toning saturation/balance: (expected loss: NP3 only supports hue)
=== CONT  TestRoundTrip_lrtemplate_NP3_lrtemplate/o_-_25_-_o.lrtemplate#02
=== CONT  TestRoundTrip_lrtemplate_NP3_lrtemplate/68._E_-_Polaroid_Tint_+_fade.lrtemplate
=== PAUSE TestRoundTrip_XMP_lrtemplate_XMP/FINISH_-_Film.xmp#02
=== CONT  TestRoundTrip_lrtemplate_NP3_lrtemplate/59._E_-_Polaroid_Color_+_fade.lrtemplate
=== CONT  TestRoundTrip_lrtemplate_NP3_lrtemplate/o_-_04._EXPOSURE__-_2.lrtemplate#02
=== NAME  TestRoundTrip_lrtemplate_NP3_lrtemplate/o_-_38._COLOR_-_Sea_Breeze.lrtemplate#02
    roundtrip_test.go:337: Split toning hue: orig shadow=223, highlight=228 (NP3 has limited split toning support)
=== NAME  TestRoundTrip_lrtemplate_NP3_lrtemplate/o_-_24._VIBRANCE_-__High.lrtemplate#02
    roundtrip_test.go:337: Vibrance reset to 0: orig=25 (may be due to Picture Control base mapping)
=== CONT  TestRoundTrip_lrtemplate_NP3_lrtemplate/58._E_-_Polaroid_Color_+_iiii.lrtemplate
=== CONT  TestRoundTrip_lrtemplate_NP3_lrtemplate/66._E_-_Polaroid_Tint_+_iiii.lrtemplate
=== CONT  TestRoundTrip_lrtemplate_NP3_lrtemplate/57._E_-_Polaroid_Color_+_iii.lrtemplate
=== CONT  TestRoundTrip_lrtemplate_NP3_lrtemplate/67._E_-_Polaroid_Tint_+_iiiii.lrtemplate
=== CONT  TestRoundTrip_lrtemplate_NP3_lrtemplate/o_-_07._EXPOSURE_+_1.lrtemplate#02
=== NAME  TestRoundTrip_lrtemplate_NP3_lrtemplate/o_-_22._VIBRANCE__-_Low.lrtemplate#02
    roundtrip_test.go:337: Vibrance reset to 0: orig=-10 (may be due to Picture Control base mapping)
=== CONT  TestRoundTrip_lrtemplate_NP3_lrtemplate/65._E_-_Polaroid_Tint_+_iii.lrtemplate
=== CONT  TestRoundTrip_lrtemplate_NP3_lrtemplate/56._E_-_Polaroid_Color_+_ii.lrtemplate
=== CONT  TestRoundTrip_lrtemplate_NP3_lrtemplate/o_-_02._Lens_off.lrtemplate#02
=== RUN   TestRoundTrip_XMP_NP3_XMP/POL_-_Color_600_-_cool.xmp
=== CONT  TestRoundTrip_lrtemplate_NP3_lrtemplate/64._E_-_Polaroid_Tint_+_ii.lrtemplate
=== CONT  TestRoundTrip_lrtemplate_NP3_lrtemplate/60._E_-_Polaroid_Color_+_cool.lrtemplate
=== NAME  TestRoundTrip_lrtemplate_NP3_lrtemplate/o_-_36._COLOR_-_Lavender.lrtemplate#02
    roundtrip_test.go:337: Split toning hue: orig shadow=223, highlight=51 (NP3 has limited split toning support)
=== CONT  TestRoundTrip_lrtemplate_NP3_lrtemplate/63._E_-_Polaroid_Tint_+_i.lrtemplate
=== RUN   TestRoundTrip_XMP_lrtemplate_XMP/FINISH_-_Retro.xmp#02
=== PAUSE TestRoundTrip_XMP_lrtemplate_XMP/FINISH_-_Retro.xmp#02
=== NAME  TestRoundTrip_lrtemplate_NP3_lrtemplate/34._E_-_Polaroid_Mono_+_iiii.lrtemplate
    roundtrip_test.go:337: Shadows: orig=10 (expected loss: NP3 doesn't support this parameter)
=== CONT  TestRoundTrip_lrtemplate_NP3_lrtemplate/54._E_-_Polaroid_+_punch.lrtemplate
=== NAME  TestRoundTrip_lrtemplate_NP3_lrtemplate/34._E_-_Polaroid_Mono_+_iiii.lrtemplate
    roundtrip_test.go:337: Whites: orig=-5 (expected loss: NP3 doesn't support this parameter)
    roundtrip_test.go:337: Blacks: orig=-12 (expected loss: NP3 doesn't support this parameter)
=== PAUSE TestRoundTrip_XMP_NP3_XMP/POL_-_Color_600_-_cool.xmp
=== NAME  TestRoundTrip_lrtemplate_NP3_lrtemplate/70._E_-_Polaroid_Tint_+_warm.lrtemplate
    roundtrip_test.go:337: Highlights: orig=-10 (expected loss: NP3 doesn't support this parameter)
=== RUN   TestRoundTrip_XMP_NP3_XMP/POL_-_Color_600_-_film.xmp
=== NAME  TestRoundTrip_lrtemplate_NP3_lrtemplate/70._E_-_Polaroid_Tint_+_warm.lrtemplate
    roundtrip_test.go:337: Shadows: orig=15 (expected loss: NP3 doesn't support this parameter)
=== PAUSE TestRoundTrip_XMP_NP3_XMP/POL_-_Color_600_-_film.xmp
=== NAME  TestRoundTrip_lrtemplate_NP3_lrtemplate/70._E_-_Polaroid_Tint_+_warm.lrtemplate
    roundtrip_test.go:337: Whites: orig=-10 (expected loss: NP3 doesn't support this parameter)
=== RUN   TestRoundTrip_XMP_NP3_XMP/POL_-_Color_600_-_warm.xmp
=== NAME  TestRoundTrip_lrtemplate_NP3_lrtemplate/70._E_-_Polaroid_Tint_+_warm.lrtemplate
    roundtrip_test.go:337: Blacks: orig=5 (expected loss: NP3 doesn't support this parameter)
=== PAUSE TestRoundTrip_XMP_NP3_XMP/POL_-_Color_600_-_warm.xmp
=== RUN   TestRoundTrip_XMP_NP3_XMP/POL_-_Color_600.xmp
=== CONT  TestRoundTrip_lrtemplate_NP3_lrtemplate/55._E_-_Polaroid_Color_+_i.lrtemplate
=== RUN   TestRoundTrip_XMP_lrtemplate_XMP/FINISH_-_Strong.xmp#02
=== PAUSE TestRoundTrip_XMP_lrtemplate_XMP/FINISH_-_Strong.xmp#02
=== CONT  TestRoundTrip_lrtemplate_NP3_lrtemplate/51._E_-_Polaroid_+_fade.lrtemplate
=== CONT  TestRoundTrip_lrtemplate_NP3_lrtemplate/62._E_-_Polaroid_Color_+_punch.lrtemplate
=== CONT  TestRoundTrip_lrtemplate_NP3_lrtemplate/53._E_-_Polaroid_+_warm.lrtemplate
=== CONT  TestRoundTrip_lrtemplate_NP3_lrtemplate/61._E_-_Polaroid_Color_+_warm.lrtemplate
=== CONT  TestRoundTrip_lrtemplate_NP3_lrtemplate/52._E_-_Polaroid_+_cool.lrtemplate
=== NAME  TestRoundTrip_lrtemplate_NP3_lrtemplate/71._E_-_Polaroid_Tint_+_punch.lrtemplate
    roundtrip_test.go:337: Highlights: orig=-24 (expected loss: NP3 doesn't support this parameter)
    roundtrip_test.go:337: Shadows: orig=26 (expected loss: NP3 doesn't support this parameter)
=== PAUSE TestRoundTrip_XMP_NP3_XMP/POL_-_Color_600.xmp
=== NAME  TestRoundTrip_lrtemplate_NP3_lrtemplate/71._E_-_Polaroid_Tint_+_punch.lrtemplate
    roundtrip_test.go:337: Whites: orig=-15 (expected loss: NP3 doesn't support this parameter)
=== NAME  TestRoundTrip_lrtemplate_NP3_lrtemplate/59._E_-_Polaroid_Color_+_fade.lrtemplate
    roundtrip_test.go:337: Highlights: orig=-10 (expected loss: NP3 doesn't support this parameter)
    roundtrip_test.go:337: Shadows: orig=10 (expected loss: NP3 doesn't support this parameter)
=== CONT  TestRoundTrip_lrtemplate_NP3_lrtemplate/40._E_-_Agfa_RSX_+_iiii.lrtemplate
=== NAME  TestRoundTrip_lrtemplate_NP3_lrtemplate/71._E_-_Polaroid_Tint_+_punch.lrtemplate
    roundtrip_test.go:337: Blacks: orig=17 (expected loss: NP3 doesn't support this parameter)
=== CONT  TestRoundTrip_lrtemplate_NP3_lrtemplate/50._E_-_Polaroid_+_iiiii.lrtemplate
=== NAME  TestRoundTrip_lrtemplate_NP3_lrtemplate/59._E_-_Polaroid_Color_+_fade.lrtemplate
    roundtrip_test.go:337: Whites: orig=-10 (expected loss: NP3 doesn't support this parameter)
    roundtrip_test.go:337: Blacks: orig=2 (expected loss: NP3 doesn't support this parameter)
=== RUN   TestRoundTrip_XMP_lrtemplate_XMP/FINISH_-_Vintage.xmp#02
=== PAUSE TestRoundTrip_XMP_lrtemplate_XMP/FINISH_-_Vintage.xmp#02
=== NAME  TestRoundTrip_lrtemplate_NP3_lrtemplate/68._E_-_Polaroid_Tint_+_fade.lrtemplate
    roundtrip_test.go:337: Highlights: orig=-10 (expected loss: NP3 doesn't support this parameter)
=== NAME  TestRoundTrip_lrtemplate_NP3_lrtemplate/66._E_-_Polaroid_Tint_+_iiii.lrtemplate
    roundtrip_test.go:337: Highlights: orig=-10 (expected loss: NP3 doesn't support this parameter)
=== NAME  TestRoundTrip_lrtemplate_NP3_lrtemplate/68._E_-_Polaroid_Tint_+_fade.lrtemplate
    roundtrip_test.go:337: Shadows: orig=10 (expected loss: NP3 doesn't support this parameter)
=== CONT  TestRoundTrip_lrtemplate_NP3_lrtemplate/38._E_-_Agfa_RSX_+_ii.lrtemplate
=== NAME  TestRoundTrip_lrtemplate_NP3_lrtemplate/68._E_-_Polaroid_Tint_+_fade.lrtemplate
    roundtrip_test.go:337: Whites: orig=-10 (expected loss: NP3 doesn't support this parameter)
    roundtrip_test.go:337: Blacks: orig=5 (expected loss: NP3 doesn't support this parameter)
=== CONT  TestRoundTrip_lrtemplate_NP3_lrtemplate/49._E_-_Polaroid_+_iiii.lrtemplate
=== NAME  TestRoundTrip_lrtemplate_NP3_lrtemplate/58._E_-_Polaroid_Color_+_iiii.lrtemplate
    roundtrip_test.go:337: Highlights: orig=-10 (expected loss: NP3 doesn't support this parameter)
    roundtrip_test.go:337: Shadows: orig=10 (expected loss: NP3 doesn't support this parameter)
=== NAME  TestRoundTrip_lrtemplate_NP3_lrtemplate/67._E_-_Polaroid_Tint_+_iiiii.lrtemplate
    roundtrip_test.go:337: Highlights: orig=-10 (expected loss: NP3 doesn't support this parameter)
=== NAME  TestRoundTrip_lrtemplate_NP3_lrtemplate/58._E_-_Polaroid_Color_+_iiii.lrtemplate
    roundtrip_test.go:337: Whites: orig=-10 (expected loss: NP3 doesn't support this parameter)
=== NAME  TestRoundTrip_lrtemplate_NP3_lrtemplate/67._E_-_Polaroid_Tint_+_iiiii.lrtemplate
    roundtrip_test.go:337: Shadows: orig=10 (expected loss: NP3 doesn't support this parameter)
=== NAME  TestRoundTrip_lrtemplate_NP3_lrtemplate/58._E_-_Polaroid_Color_+_iiii.lrtemplate
    roundtrip_test.go:337: Blacks: orig=5 (expected loss: NP3 doesn't support this parameter)
=== NAME  TestRoundTrip_lrtemplate_NP3_lrtemplate/66._E_-_Polaroid_Tint_+_iiii.lrtemplate
    roundtrip_test.go:337: Shadows: orig=10 (expected loss: NP3 doesn't support this parameter)
=== CONT  TestRoundTrip_lrtemplate_NP3_lrtemplate/37._E_-_Agfa_RSX_+_i.lrtemplate
=== NAME  TestRoundTrip_lrtemplate_NP3_lrtemplate/66._E_-_Polaroid_Tint_+_iiii.lrtemplate
    roundtrip_test.go:337: Whites: orig=-10 (expected loss: NP3 doesn't support this parameter)
=== NAME  TestRoundTrip_lrtemplate_NP3_lrtemplate/57._E_-_Polaroid_Color_+_iii.lrtemplate
    roundtrip_test.go:337: Highlights: orig=-10 (expected loss: NP3 doesn't support this parameter)
=== NAME  TestRoundTrip_lrtemplate_NP3_lrtemplate/66._E_-_Polaroid_Tint_+_iiii.lrtemplate
    roundtrip_test.go:337: Blacks: orig=5 (expected loss: NP3 doesn't support this parameter)
=== NAME  TestRoundTrip_lrtemplate_NP3_lrtemplate/57._E_-_Polaroid_Color_+_iii.lrtemplate
    roundtrip_test.go:337: Shadows: orig=12 (expected loss: NP3 doesn't support this parameter)
=== CONT  TestRoundTrip_lrtemplate_NP3_lrtemplate/31._E_-_Agfa_Ultra_+_iiii.lrtemplate
=== NAME  TestRoundTrip_lrtemplate_NP3_lrtemplate/56._E_-_Polaroid_Color_+_ii.lrtemplate
    roundtrip_test.go:337: Highlights: orig=-10 (expected loss: NP3 doesn't support this parameter)
    roundtrip_test.go:337: Shadows: orig=10 (expected loss: NP3 doesn't support this parameter)
    roundtrip_test.go:337: Whites: orig=-10 (expected loss: NP3 doesn't support this parameter)
    roundtrip_test.go:337: Blacks: orig=5 (expected loss: NP3 doesn't support this parameter)
=== CONT  TestRoundTrip_lrtemplate_NP3_lrtemplate/36._E_-_Agfa_Ultra_+_punch.lrtemplate
=== NAME  TestRoundTrip_lrtemplate_NP3_lrtemplate/67._E_-_Polaroid_Tint_+_iiiii.lrtemplate
    roundtrip_test.go:337: Whites: orig=-10 (expected loss: NP3 doesn't support this parameter)
    roundtrip_test.go:337: Blacks: orig=4 (expected loss: NP3 doesn't support this parameter)
=== CONT  TestRoundTrip_lrtemplate_NP3_lrtemplate/47._E_-_Polaroid_+_ii.lrtemplate
=== NAME  TestRoundTrip_lrtemplate_NP3_lrtemplate/60._E_-_Polaroid_Color_+_cool.lrtemplate
    roundtrip_test.go:337: Highlights: orig=-10 (expected loss: NP3 doesn't support this parameter)
    roundtrip_test.go:337: Shadows: orig=12 (expected loss: NP3 doesn't support this parameter)
    roundtrip_test.go:337: Whites: orig=-10 (expected loss: NP3 doesn't support this parameter)
    roundtrip_test.go:337: Blacks: orig=12 (expected loss: NP3 doesn't support this parameter)
=== CONT  TestRoundTrip_lrtemplate_NP3_lrtemplate/35._E_-_Agfa_Ultra_+_warm.lrtemplate
=== NAME  TestRoundTrip_lrtemplate_NP3_lrtemplate/63._E_-_Polaroid_Tint_+_i.lrtemplate
    roundtrip_test.go:337: Highlights: orig=-10 (expected loss: NP3 doesn't support this parameter)
    roundtrip_test.go:337: Shadows: orig=10 (expected loss: NP3 doesn't support this parameter)
    roundtrip_test.go:337: Whites: orig=-10 (expected loss: NP3 doesn't support this parameter)
    roundtrip_test.go:337: Blacks: orig=5 (expected loss: NP3 doesn't support this parameter)
=== NAME  TestRoundTrip_lrtemplate_NP3_lrtemplate/55._E_-_Polaroid_Color_+_i.lrtemplate
    roundtrip_test.go:337: Highlights: orig=-10 (expected loss: NP3 doesn't support this parameter)
    roundtrip_test.go:337: Shadows: orig=10 (expected loss: NP3 doesn't support this parameter)
=== NAME  TestRoundTrip_lrtemplate_NP3_lrtemplate/40._E_-_Agfa_RSX_+_iiii.lrtemplate
    roundtrip_test.go:337: Highlights: orig=-33 (expected loss: NP3 doesn't support this parameter)
=== NAME  TestRoundTrip_lrtemplate_NP3_lrtemplate/55._E_-_Polaroid_Color_+_i.lrtemplate
    roundtrip_test.go:337: Whites: orig=-10 (expected loss: NP3 doesn't support this parameter)
=== NAME  TestRoundTrip_lrtemplate_NP3_lrtemplate/49._E_-_Polaroid_+_iiii.lrtemplate
    roundtrip_test.go:337: Highlights: orig=-25 (expected loss: NP3 doesn't support this parameter)
=== NAME  TestRoundTrip_lrtemplate_NP3_lrtemplate/55._E_-_Polaroid_Color_+_i.lrtemplate
    roundtrip_test.go:337: Blacks: orig=10 (expected loss: NP3 doesn't support this parameter)
=== CONT  TestRoundTrip_lrtemplate_NP3_lrtemplate/46._E_-_Polaroid_+_i.lrtemplate
=== NAME  TestRoundTrip_lrtemplate_NP3_lrtemplate/49._E_-_Polaroid_+_iiii.lrtemplate
    roundtrip_test.go:337: Shadows: orig=20 (expected loss: NP3 doesn't support this parameter)
    roundtrip_test.go:337: Whites: orig=-10 (expected loss: NP3 doesn't support this parameter)
=== NAME  TestRoundTrip_lrtemplate_NP3_lrtemplate/36._E_-_Agfa_Ultra_+_punch.lrtemplate
    roundtrip_test.go:337: Highlights: orig=-22 (expected loss: NP3 doesn't support this parameter)
=== NAME  TestRoundTrip_lrtemplate_NP3_lrtemplate/49._E_-_Polaroid_+_iiii.lrtemplate
    roundtrip_test.go:337: Blacks: orig=20 (expected loss: NP3 doesn't support this parameter)
=== NAME  TestRoundTrip_lrtemplate_NP3_lrtemplate/36._E_-_Agfa_Ultra_+_punch.lrtemplate
    roundtrip_test.go:337: Shadows: orig=15 (expected loss: NP3 doesn't support this parameter)
=== NAME  TestRoundTrip_lrtemplate_NP3_lrtemplate/51._E_-_Polaroid_+_fade.lrtemplate
    roundtrip_test.go:337: Highlights: orig=-10 (expected loss: NP3 doesn't support this parameter)
    roundtrip_test.go:337: Shadows: orig=12 (expected loss: NP3 doesn't support this parameter)
    roundtrip_test.go:337: Whites: orig=-10 (expected loss: NP3 doesn't support this parameter)
=== NAME  TestRoundTrip_lrtemplate_NP3_lrtemplate/61._E_-_Polaroid_Color_+_warm.lrtemplate
    roundtrip_test.go:337: Highlights: orig=-10 (expected loss: NP3 doesn't support this parameter)
=== NAME  TestRoundTrip_lrtemplate_NP3_lrtemplate/51._E_-_Polaroid_+_fade.lrtemplate
    roundtrip_test.go:337: Blacks: orig=12 (expected loss: NP3 doesn't support this parameter)
=== NAME  TestRoundTrip_lrtemplate_NP3_lrtemplate/61._E_-_Polaroid_Color_+_warm.lrtemplate
    roundtrip_test.go:337: Shadows: orig=12 (expected loss: NP3 doesn't support this parameter)
    roundtrip_test.go:337: Whites: orig=-10 (expected loss: NP3 doesn't support this parameter)
    roundtrip_test.go:337: Blacks: orig=12 (expected loss: NP3 doesn't support this parameter)
=== CONT  TestRoundTrip_lrtemplate_NP3_lrtemplate/30._E_-_Agfa_Ultra_+_iii.lrtemplate
=== CONT  TestRoundTrip_lrtemplate_NP3_lrtemplate/22._E_-_Agfa_Vista_+_iiii.lrtemplate
=== CONT  TestRoundTrip_lrtemplate_NP3_lrtemplate/34._E_-_Agfa_Ultra_+_cool.lrtemplate
=== NAME  TestRoundTrip_lrtemplate_NP3_lrtemplate/47._E_-_Polaroid_+_ii.lrtemplate
    roundtrip_test.go:337: Highlights: orig=-10 (expected loss: NP3 doesn't support this parameter)
    roundtrip_test.go:337: Shadows: orig=10 (expected loss: NP3 doesn't support this parameter)
    roundtrip_test.go:337: Whites: orig=-10 (expected loss: NP3 doesn't support this parameter)
    roundtrip_test.go:337: Blacks: orig=5 (expected loss: NP3 doesn't support this parameter)
=== CONT  TestRoundTrip_lrtemplate_NP3_lrtemplate/33._E_-_Agfa_Ultra_+_fade.lrtemplate
=== NAME  TestRoundTrip_lrtemplate_NP3_lrtemplate/31._E_-_Agfa_Ultra_+_iiii.lrtemplate
    roundtrip_test.go:337: Highlights: orig=-38 (expected loss: NP3 doesn't support this parameter)
    roundtrip_test.go:337: Shadows: orig=25 (expected loss: NP3 doesn't support this parameter)
    roundtrip_test.go:337: Whites: orig=-29 (expected loss: NP3 doesn't support this parameter)
    roundtrip_test.go:337: Blacks: orig=38 (expected loss: NP3 doesn't support this parameter)
=== CONT  TestRoundTrip_lrtemplate_NP3_lrtemplate/44._E_-_Agfa_RSX_+_warm.lrtemplate
=== NAME  TestRoundTrip_lrtemplate_NP3_lrtemplate/46._E_-_Polaroid_+_i.lrtemplate
    roundtrip_test.go:337: Highlights: orig=-10 (expected loss: NP3 doesn't support this parameter)
=== NAME  TestRoundTrip_lrtemplate_NP3_lrtemplate/35._E_-_Agfa_Ultra_+_warm.lrtemplate
    roundtrip_test.go:337: Highlights: orig=-38 (expected loss: NP3 doesn't support this parameter)
=== NAME  TestRoundTrip_lrtemplate_NP3_lrtemplate/46._E_-_Polaroid_+_i.lrtemplate
    roundtrip_test.go:337: Shadows: orig=10 (expected loss: NP3 doesn't support this parameter)
    roundtrip_test.go:337: Whites: orig=-10 (expected loss: NP3 doesn't support this parameter)
    roundtrip_test.go:337: Blacks: orig=10 (expected loss: NP3 doesn't support this parameter)
=== NAME  TestRoundTrip_lrtemplate_NP3_lrtemplate/34._E_-_Agfa_Ultra_+_cool.lrtemplate
    roundtrip_test.go:337: Highlights: orig=-24 (expected loss: NP3 doesn't support this parameter)
=== NAME  TestRoundTrip_lrtemplate_NP3_lrtemplate/30._E_-_Agfa_Ultra_+_iii.lrtemplate
    roundtrip_test.go:337: Highlights: orig=-18 (expected loss: NP3 doesn't support this parameter)
=== CONT  TestRoundTrip_lrtemplate_NP3_lrtemplate/48._E_-_Polaroid_+_iii.lrtemplate
=== NAME  TestRoundTrip_lrtemplate_NP3_lrtemplate/30._E_-_Agfa_Ultra_+_iii.lrtemplate
    roundtrip_test.go:337: Shadows: orig=18 (expected loss: NP3 doesn't support this parameter)
=== NAME  TestRoundTrip_lrtemplate_NP3_lrtemplate/34._E_-_Agfa_Ultra_+_cool.lrtemplate
    roundtrip_test.go:337: Shadows: orig=12 (expected loss: NP3 doesn't support this parameter)
    roundtrip_test.go:337: Whites: orig=-26 (expected loss: NP3 doesn't support this parameter)
    roundtrip_test.go:337: Blacks: orig=20 (expected loss: NP3 doesn't support this parameter)
=== CONT  TestRoundTrip_lrtemplate_NP3_lrtemplate/43._E_-_Agfa_RSX_+_cool.lrtemplate
=== NAME  TestRoundTrip_lrtemplate_NP3_lrtemplate/33._E_-_Agfa_Ultra_+_fade.lrtemplate
    roundtrip_test.go:337: Highlights: orig=-18 (expected loss: NP3 doesn't support this parameter)
    roundtrip_test.go:337: Shadows: orig=15 (expected loss: NP3 doesn't support this parameter)
    roundtrip_test.go:337: Whites: orig=-18 (expected loss: NP3 doesn't support this parameter)
    roundtrip_test.go:337: Blacks: orig=22 (expected loss: NP3 doesn't support this parameter)
=== NAME  TestRoundTrip_lrtemplate_NP3_lrtemplate/44._E_-_Agfa_RSX_+_warm.lrtemplate
    roundtrip_test.go:337: Highlights: orig=-22 (expected loss: NP3 doesn't support this parameter)
=== NAME  TestRoundTrip_lrtemplate_NP3_lrtemplate/57._E_-_Polaroid_Color_+_iii.lrtemplate
    roundtrip_test.go:337: Whites: orig=-10 (expected loss: NP3 doesn't support this parameter)
=== CONT  TestRoundTrip_lrtemplate_NP3_lrtemplate/32._E_-_Agfa_Ultra_+_iiiii.lrtemplate
=== NAME  TestRoundTrip_lrtemplate_NP3_lrtemplate/35._E_-_Agfa_Ultra_+_warm.lrtemplate
    roundtrip_test.go:337: Shadows: orig=25 (expected loss: NP3 doesn't support this parameter)
=== NAME  TestRoundTrip_lrtemplate_NP3_lrtemplate/37._E_-_Agfa_RSX_+_i.lrtemplate
    roundtrip_test.go:337: Highlights: orig=-37 (expected loss: NP3 doesn't support this parameter)
=== CONT  TestRoundTrip_lrtemplate_NP3_lrtemplate/45._E_-_Agfa_RSX_+_punch.lrtemplate
=== NAME  TestRoundTrip_lrtemplate_NP3_lrtemplate/40._E_-_Agfa_RSX_+_iiii.lrtemplate
    roundtrip_test.go:337: Shadows: orig=18 (expected loss: NP3 doesn't support this parameter)
=== NAME  TestRoundTrip_lrtemplate_NP3_lrtemplate/69._E_-_Polaroid_Tint_+_cool.lrtemplate
    roundtrip_test.go:337: Highlights: orig=-10 (expected loss: NP3 doesn't support this parameter)
=== RUN   TestRoundTrip_XMP_NP3_XMP/POL_-_Color_Instant_++++.xmp
=== NAME  TestRoundTrip_lrtemplate_NP3_lrtemplate/69._E_-_Polaroid_Tint_+_cool.lrtemplate
    roundtrip_test.go:337: Shadows: orig=10 (expected loss: NP3 doesn't support this parameter)
    roundtrip_test.go:337: Whites: orig=-10 (expected loss: NP3 doesn't support this parameter)
=== PAUSE TestRoundTrip_XMP_NP3_XMP/POL_-_Color_Instant_++++.xmp
=== NAME  TestRoundTrip_lrtemplate_NP3_lrtemplate/69._E_-_Polaroid_Tint_+_cool.lrtemplate
    roundtrip_test.go:337: Blacks: orig=4 (expected loss: NP3 doesn't support this parameter)
=== RUN   TestRoundTrip_XMP_lrtemplate_XMP/FINISH_-_Washed.xmp#02
=== PAUSE TestRoundTrip_XMP_lrtemplate_XMP/FINISH_-_Washed.xmp#02
=== CONT  TestRoundTrip_lrtemplate_NP3_lrtemplate/39._E_-_Agfa_RSX_+_iii.lrtemplate
=== RUN   TestRoundTrip_XMP_lrtemplate_XMP/KDK_-_Echrome_++++.xmp#01
=== NAME  TestRoundTrip_lrtemplate_NP3_lrtemplate/64._E_-_Polaroid_Tint_+_ii.lrtemplate
    roundtrip_test.go:337: Highlights: orig=-10 (expected loss: NP3 doesn't support this parameter)
    roundtrip_test.go:337: Shadows: orig=10 (expected loss: NP3 doesn't support this parameter)
=== NAME  TestRoundTrip_lrtemplate_NP3_lrtemplate/65._E_-_Polaroid_Tint_+_iii.lrtemplate
    roundtrip_test.go:337: Highlights: orig=-10 (expected loss: NP3 doesn't support this parameter)
=== NAME  TestRoundTrip_lrtemplate_NP3_lrtemplate/52._E_-_Polaroid_+_cool.lrtemplate
    roundtrip_test.go:337: Highlights: orig=-10 (expected loss: NP3 doesn't support this parameter)
=== NAME  TestRoundTrip_lrtemplate_NP3_lrtemplate/62._E_-_Polaroid_Color_+_punch.lrtemplate
    roundtrip_test.go:337: Highlights: orig=-18 (expected loss: NP3 doesn't support this parameter)
=== NAME  TestRoundTrip_lrtemplate_NP3_lrtemplate/54._E_-_Polaroid_+_punch.lrtemplate
    roundtrip_test.go:337: Highlights: orig=-25 (expected loss: NP3 doesn't support this parameter)
=== NAME  TestRoundTrip_lrtemplate_NP3_lrtemplate/53._E_-_Polaroid_+_warm.lrtemplate
    roundtrip_test.go:337: Highlights: orig=-10 (expected loss: NP3 doesn't support this parameter)
=== NAME  TestRoundTrip_lrtemplate_NP3_lrtemplate/36._E_-_Agfa_Ultra_+_punch.lrtemplate
    roundtrip_test.go:337: Whites: orig=-22 (expected loss: NP3 doesn't support this parameter)
=== NAME  TestRoundTrip_lrtemplate_NP3_lrtemplate/50._E_-_Polaroid_+_iiiii.lrtemplate
    roundtrip_test.go:337: Highlights: orig=-34 (expected loss: NP3 doesn't support this parameter)
=== NAME  TestRoundTrip_lrtemplate_NP3_lrtemplate/30._E_-_Agfa_Ultra_+_iii.lrtemplate
    roundtrip_test.go:337: Whites: orig=-18 (expected loss: NP3 doesn't support this parameter)
    roundtrip_test.go:337: Blacks: orig=28 (expected loss: NP3 doesn't support this parameter)
=== NAME  TestRoundTrip_lrtemplate_NP3_lrtemplate/53._E_-_Polaroid_+_warm.lrtemplate
    roundtrip_test.go:337: Shadows: orig=12 (expected loss: NP3 doesn't support this parameter)
=== NAME  TestRoundTrip_lrtemplate_NP3_lrtemplate/54._E_-_Polaroid_+_punch.lrtemplate
    roundtrip_test.go:337: Shadows: orig=20 (expected loss: NP3 doesn't support this parameter)
=== NAME  TestRoundTrip_lrtemplate_NP3_lrtemplate/45._E_-_Agfa_RSX_+_punch.lrtemplate
    roundtrip_test.go:337: Vibrance reset to 0: orig=-4 (may be due to Picture Control base mapping)
    roundtrip_test.go:337: Highlights: orig=-33 (expected loss: NP3 doesn't support this parameter)
=== CONT  TestRoundTrip_lrtemplate_NP3_lrtemplate/29._E_-_Agfa_Ultra_+_ii.lrtemplate
=== NAME  TestRoundTrip_lrtemplate_NP3_lrtemplate/45._E_-_Agfa_RSX_+_punch.lrtemplate
    roundtrip_test.go:337: Shadows: orig=32 (expected loss: NP3 doesn't support this parameter)
=== NAME  TestRoundTrip_lrtemplate_NP3_lrtemplate/38._E_-_Agfa_RSX_+_ii.lrtemplate
    roundtrip_test.go:337: Highlights: orig=-33 (expected loss: NP3 doesn't support this parameter)
=== NAME  TestRoundTrip_lrtemplate_NP3_lrtemplate/44._E_-_Agfa_RSX_+_warm.lrtemplate
    roundtrip_test.go:337: Shadows: orig=12 (expected loss: NP3 doesn't support this parameter)
=== NAME  TestRoundTrip_lrtemplate_NP3_lrtemplate/57._E_-_Polaroid_Color_+_iii.lrtemplate
    roundtrip_test.go:337: Blacks: orig=12 (expected loss: NP3 doesn't support this parameter)
=== NAME  TestRoundTrip_lrtemplate_NP3_lrtemplate/48._E_-_Polaroid_+_iii.lrtemplate
    roundtrip_test.go:337: Highlights: orig=-10 (expected loss: NP3 doesn't support this parameter)
    roundtrip_test.go:337: Shadows: orig=12 (expected loss: NP3 doesn't support this parameter)
=== NAME  TestRoundTrip_lrtemplate_NP3_lrtemplate/43._E_-_Agfa_RSX_+_cool.lrtemplate
    roundtrip_test.go:337: Highlights: orig=-22 (expected loss: NP3 doesn't support this parameter)
    roundtrip_test.go:337: Shadows: orig=12 (expected loss: NP3 doesn't support this parameter)
    roundtrip_test.go:337: Whites: orig=-17 (expected loss: NP3 doesn't support this parameter)
=== NAME  TestRoundTrip_lrtemplate_NP3_lrtemplate/35._E_-_Agfa_Ultra_+_warm.lrtemplate
    roundtrip_test.go:337: Whites: orig=-29 (expected loss: NP3 doesn't support this parameter)
    roundtrip_test.go:337: Blacks: orig=38 (expected loss: NP3 doesn't support this parameter)
=== NAME  TestRoundTrip_lrtemplate_NP3_lrtemplate/37._E_-_Agfa_RSX_+_i.lrtemplate
    roundtrip_test.go:337: Shadows: orig=17 (expected loss: NP3 doesn't support this parameter)
=== CONT  TestRoundTrip_lrtemplate_NP3_lrtemplate/28._E_-_Agfa_Ultra_+_i.lrtemplate
=== NAME  TestRoundTrip_lrtemplate_NP3_lrtemplate/39._E_-_Agfa_RSX_+_iii.lrtemplate
    roundtrip_test.go:337: Highlights: orig=-33 (expected loss: NP3 doesn't support this parameter)
=== NAME  TestRoundTrip_lrtemplate_NP3_lrtemplate/37._E_-_Agfa_RSX_+_i.lrtemplate
    roundtrip_test.go:337: Whites: orig=-12 (expected loss: NP3 doesn't support this parameter)
=== RUN   TestRoundTrip_XMP_NP3_XMP/POL_-_Color_Instant_+++.xmp
=== PAUSE TestRoundTrip_XMP_NP3_XMP/POL_-_Color_Instant_+++.xmp
=== RUN   TestRoundTrip_XMP_NP3_XMP/POL_-_Color_Instant_++.xmp
=== CONT  TestRoundTrip_lrtemplate_NP3_lrtemplate/42._E_-_Agfa_RSX_+_fade.lrtemplate
=== PAUSE TestRoundTrip_XMP_lrtemplate_XMP/KDK_-_Echrome_++++.xmp#01
=== NAME  TestRoundTrip_lrtemplate_NP3_lrtemplate/64._E_-_Polaroid_Tint_+_ii.lrtemplate
    roundtrip_test.go:337: Whites: orig=-10 (expected loss: NP3 doesn't support this parameter)
    roundtrip_test.go:337: Blacks: orig=5 (expected loss: NP3 doesn't support this parameter)
=== CONT  TestRoundTrip_lrtemplate_NP3_lrtemplate/12._E_-_Agfa_Optima_+_iii.lrtemplate
=== NAME  TestRoundTrip_lrtemplate_NP3_lrtemplate/52._E_-_Polaroid_+_cool.lrtemplate
    roundtrip_test.go:337: Shadows: orig=12 (expected loss: NP3 doesn't support this parameter)
    roundtrip_test.go:337: Whites: orig=-10 (expected loss: NP3 doesn't support this parameter)
    roundtrip_test.go:337: Blacks: orig=12 (expected loss: NP3 doesn't support this parameter)
=== NAME  TestRoundTrip_lrtemplate_NP3_lrtemplate/62._E_-_Polaroid_Color_+_punch.lrtemplate
    roundtrip_test.go:337: Shadows: orig=31 (expected loss: NP3 doesn't support this parameter)
=== NAME  TestRoundTrip_lrtemplate_NP3_lrtemplate/29._E_-_Agfa_Ultra_+_ii.lrtemplate
    roundtrip_test.go:337: Highlights: orig=-33 (expected loss: NP3 doesn't support this parameter)
=== NAME  TestRoundTrip_lrtemplate_NP3_lrtemplate/62._E_-_Polaroid_Color_+_punch.lrtemplate
    roundtrip_test.go:337: Whites: orig=-24 (expected loss: NP3 doesn't support this parameter)
    roundtrip_test.go:337: Blacks: orig=28 (expected loss: NP3 doesn't support this parameter)
=== NAME  TestRoundTrip_lrtemplate_NP3_lrtemplate/65._E_-_Polaroid_Tint_+_iii.lrtemplate
    roundtrip_test.go:337: Shadows: orig=15 (expected loss: NP3 doesn't support this parameter)
=== NAME  TestRoundTrip_lrtemplate_NP3_lrtemplate/29._E_-_Agfa_Ultra_+_ii.lrtemplate
    roundtrip_test.go:337: Shadows: orig=30 (expected loss: NP3 doesn't support this parameter)
=== NAME  TestRoundTrip_lrtemplate_NP3_lrtemplate/50._E_-_Polaroid_+_iiiii.lrtemplate
    roundtrip_test.go:337: Shadows: orig=27 (expected loss: NP3 doesn't support this parameter)
    roundtrip_test.go:337: Whites: orig=-1 (expected loss: NP3 doesn't support this parameter)
    roundtrip_test.go:337: Blacks: orig=15 (expected loss: NP3 doesn't support this parameter)
=== CONT  TestRoundTrip_lrtemplate_NP3_lrtemplate/26._E_-_Agfa_Vista_+_warm.lrtemplate
=== NAME  TestRoundTrip_lrtemplate_NP3_lrtemplate/22._E_-_Agfa_Vista_+_iiii.lrtemplate
    roundtrip_test.go:493: Tint mismatch: orig=-5, final=0 (diff=5, tolerance=1)
    roundtrip_test.go:337: Highlights: orig=-60 (expected loss: NP3 doesn't support this parameter)
    roundtrip_test.go:337: Shadows: orig=40 (expected loss: NP3 doesn't support this parameter)
=== NAME  TestRoundTrip_lrtemplate_NP3_lrtemplate/36._E_-_Agfa_Ultra_+_punch.lrtemplate
    roundtrip_test.go:337: Blacks: orig=22 (expected loss: NP3 doesn't support this parameter)
=== CONT  TestRoundTrip_lrtemplate_NP3_lrtemplate/10._E_-_Agfa_Optima_+_i.lrtemplate
=== NAME  TestRoundTrip_lrtemplate_NP3_lrtemplate/53._E_-_Polaroid_+_warm.lrtemplate
    roundtrip_test.go:337: Whites: orig=-10 (expected loss: NP3 doesn't support this parameter)
=== NAME  TestRoundTrip_lrtemplate_NP3_lrtemplate/54._E_-_Polaroid_+_punch.lrtemplate
    roundtrip_test.go:337: Whites: orig=-10 (expected loss: NP3 doesn't support this parameter)
=== NAME  TestRoundTrip_lrtemplate_NP3_lrtemplate/53._E_-_Polaroid_+_warm.lrtemplate
    roundtrip_test.go:337: Blacks: orig=12 (expected loss: NP3 doesn't support this parameter)
=== CONT  TestRoundTrip_lrtemplate_NP3_lrtemplate/25._E_-_Agfa_Vista_+_cool.lrtemplate
=== NAME  TestRoundTrip_lrtemplate_NP3_lrtemplate/45._E_-_Agfa_RSX_+_punch.lrtemplate
    roundtrip_test.go:337: Whites: orig=-35 (expected loss: NP3 doesn't support this parameter)
    roundtrip_test.go:337: Blacks: orig=24 (expected loss: NP3 doesn't support this parameter)
=== CONT  TestRoundTrip_lrtemplate_NP3_lrtemplate/09._E_-_Agfa_Portrait_+_punch.lrtemplate
=== NAME  TestRoundTrip_lrtemplate_NP3_lrtemplate/38._E_-_Agfa_RSX_+_ii.lrtemplate
    roundtrip_test.go:337: Shadows: orig=10 (expected loss: NP3 doesn't support this parameter)
    roundtrip_test.go:337: Whites: orig=-8 (expected loss: NP3 doesn't support this parameter)
=== NAME  TestRoundTrip_lrtemplate_NP3_lrtemplate/28._E_-_Agfa_Ultra_+_i.lrtemplate
    roundtrip_test.go:337: Highlights: orig=-22 (expected loss: NP3 doesn't support this parameter)
=== NAME  TestRoundTrip_lrtemplate_NP3_lrtemplate/12._E_-_Agfa_Optima_+_iii.lrtemplate
    roundtrip_test.go:337: Highlights: orig=-27 (expected loss: NP3 doesn't support this parameter)
    roundtrip_test.go:337: Shadows: orig=32 (expected loss: NP3 doesn't support this parameter)
    roundtrip_test.go:337: Whites: orig=-27 (expected loss: NP3 doesn't support this parameter)
    roundtrip_test.go:337: Blacks: orig=42 (expected loss: NP3 doesn't support this parameter)
=== NAME  TestRoundTrip_lrtemplate_NP3_lrtemplate/38._E_-_Agfa_RSX_+_ii.lrtemplate
    roundtrip_test.go:337: Blacks: orig=13 (expected loss: NP3 doesn't support this parameter)
=== CONT  TestRoundTrip_lrtemplate_NP3_lrtemplate/23._E_-_Agfa_Vista_+_iiiii.lrtemplate
=== NAME  TestRoundTrip_lrtemplate_NP3_lrtemplate/28._E_-_Agfa_Ultra_+_i.lrtemplate
    roundtrip_test.go:337: Shadows: orig=22 (expected loss: NP3 doesn't support this parameter)
    roundtrip_test.go:337: Whites: orig=-22 (expected loss: NP3 doesn't support this parameter)
=== CONT  TestRoundTrip_lrtemplate_NP3_lrtemplate/41._E_-_Agfa_RSX_+_iiiii.lrtemplate
=== NAME  TestRoundTrip_lrtemplate_NP3_lrtemplate/28._E_-_Agfa_Ultra_+_i.lrtemplate
    roundtrip_test.go:337: Blacks: orig=30 (expected loss: NP3 doesn't support this parameter)
=== CONT  TestRoundTrip_lrtemplate_NP3_lrtemplate/08._E_-_Agfa_Portrait_+_warm.lrtemplate
=== NAME  TestRoundTrip_lrtemplate_NP3_lrtemplate/48._E_-_Polaroid_+_iii.lrtemplate
    roundtrip_test.go:337: Whites: orig=-10 (expected loss: NP3 doesn't support this parameter)
    roundtrip_test.go:337: Blacks: orig=12 (expected loss: NP3 doesn't support this parameter)
=== NAME  TestRoundTrip_lrtemplate_NP3_lrtemplate/43._E_-_Agfa_RSX_+_cool.lrtemplate
    roundtrip_test.go:337: Blacks: orig=33 (expected loss: NP3 doesn't support this parameter)
=== NAME  TestRoundTrip_lrtemplate_NP3_lrtemplate/26._E_-_Agfa_Vista_+_warm.lrtemplate
    roundtrip_test.go:493: Tint mismatch: orig=-5, final=0 (diff=5, tolerance=1)
    roundtrip_test.go:337: Highlights: orig=-35 (expected loss: NP3 doesn't support this parameter)
=== NAME  TestRoundTrip_lrtemplate_NP3_lrtemplate/40._E_-_Agfa_RSX_+_iiii.lrtemplate
    roundtrip_test.go:337: Whites: orig=-18 (expected loss: NP3 doesn't support this parameter)
=== NAME  TestRoundTrip_lrtemplate_NP3_lrtemplate/39._E_-_Agfa_RSX_+_iii.lrtemplate
    roundtrip_test.go:337: Shadows: orig=8 (expected loss: NP3 doesn't support this parameter)
    roundtrip_test.go:337: Whites: orig=-8 (expected loss: NP3 doesn't support this parameter)
=== NAME  TestRoundTrip_lrtemplate_NP3_lrtemplate/26._E_-_Agfa_Vista_+_warm.lrtemplate
    roundtrip_test.go:337: Shadows: orig=35 (expected loss: NP3 doesn't support this parameter)
=== NAME  TestRoundTrip_lrtemplate_NP3_lrtemplate/37._E_-_Agfa_RSX_+_i.lrtemplate
    roundtrip_test.go:337: Blacks: orig=17 (expected loss: NP3 doesn't support this parameter)
=== NAME  TestRoundTrip_lrtemplate_NP3_lrtemplate/26._E_-_Agfa_Vista_+_warm.lrtemplate
    roundtrip_test.go:337: Whites: orig=-23 (expected loss: NP3 doesn't support this parameter)
    roundtrip_test.go:337: Blacks: orig=23 (expected loss: NP3 doesn't support this parameter)
=== PAUSE TestRoundTrip_XMP_NP3_XMP/POL_-_Color_Instant_++.xmp
=== RUN   TestRoundTrip_XMP_lrtemplate_XMP/KDK_-_Echrome_+++.xmp#01
=== NAME  TestRoundTrip_lrtemplate_NP3_lrtemplate/26._E_-_Agfa_Vista_+_warm.lrtemplate
    roundtrip_test.go:337: Split toning saturation/balance: (expected loss: NP3 only supports hue)
=== RUN   TestRoundTrip_XMP_NP3_XMP/POL_-_Color_Instant_+.xmp
=== CONT  TestRoundTrip_lrtemplate_NP3_lrtemplate/27._E_-_Agfa_Vista_+_punch.lrtemplate
=== PAUSE TestRoundTrip_XMP_lrtemplate_XMP/KDK_-_Echrome_+++.xmp#01
=== NAME  TestRoundTrip_lrtemplate_NP3_lrtemplate/26._E_-_Agfa_Vista_+_warm.lrtemplate
    roundtrip_test.go:337: Split toning hue: orig shadow=0, highlight=30 (NP3 has limited split toning support)
=== RUN   TestRoundTrip_XMP_lrtemplate_XMP/KDK_-_Echrome_++.xmp#01
=== NAME  TestRoundTrip_lrtemplate_NP3_lrtemplate/65._E_-_Polaroid_Tint_+_iii.lrtemplate
    roundtrip_test.go:337: Whites: orig=-10 (expected loss: NP3 doesn't support this parameter)
=== PAUSE TestRoundTrip_XMP_lrtemplate_XMP/KDK_-_Echrome_++.xmp#01
=== CONT  TestRoundTrip_lrtemplate_NP3_lrtemplate/06._E_-_Agfa_Portrait_+_fade.lrtemplate
=== RUN   TestRoundTrip_XMP_lrtemplate_XMP/KDK_-_Echrome_+.xmp#01
=== PAUSE TestRoundTrip_XMP_lrtemplate_XMP/KDK_-_Echrome_+.xmp#01
=== NAME  TestRoundTrip_lrtemplate_NP3_lrtemplate/32._E_-_Agfa_Ultra_+_iiiii.lrtemplate
    roundtrip_test.go:337: Highlights: orig=-18 (expected loss: NP3 doesn't support this parameter)
    roundtrip_test.go:337: Shadows: orig=12 (expected loss: NP3 doesn't support this parameter)
=== NAME  TestRoundTrip_lrtemplate_NP3_lrtemplate/29._E_-_Agfa_Ultra_+_ii.lrtemplate
    roundtrip_test.go:337: Whites: orig=-38 (expected loss: NP3 doesn't support this parameter)
=== NAME  TestRoundTrip_lrtemplate_NP3_lrtemplate/32._E_-_Agfa_Ultra_+_iiiii.lrtemplate
    roundtrip_test.go:337: Whites: orig=-18 (expected loss: NP3 doesn't support this parameter)
    roundtrip_test.go:337: Blacks: orig=20 (expected loss: NP3 doesn't support this parameter)
=== NAME  TestRoundTrip_lrtemplate_NP3_lrtemplate/29._E_-_Agfa_Ultra_+_ii.lrtemplate
    roundtrip_test.go:337: Blacks: orig=33 (expected loss: NP3 doesn't support this parameter)
=== NAME  TestRoundTrip_lrtemplate_NP3_lrtemplate/25._E_-_Agfa_Vista_+_cool.lrtemplate
    roundtrip_test.go:493: Tint mismatch: orig=-5, final=0 (diff=5, tolerance=1)
=== CONT  TestRoundTrip_lrtemplate_NP3_lrtemplate/05._E_-_Agfa_Portrait_+_iiiii.lrtemplate
=== NAME  TestRoundTrip_lrtemplate_NP3_lrtemplate/25._E_-_Agfa_Vista_+_cool.lrtemplate
    roundtrip_test.go:337: Highlights: orig=-40 (expected loss: NP3 doesn't support this parameter)
=== NAME  TestRoundTrip_lrtemplate_NP3_lrtemplate/22._E_-_Agfa_Vista_+_iiii.lrtemplate
    roundtrip_test.go:337: Whites: orig=-28 (expected loss: NP3 doesn't support this parameter)
    roundtrip_test.go:337: Blacks: orig=28 (expected loss: NP3 doesn't support this parameter)
=== NAME  TestRoundTrip_lrtemplate_NP3_lrtemplate/23._E_-_Agfa_Vista_+_iiiii.lrtemplate
    roundtrip_test.go:493: Tint mismatch: orig=-5, final=0 (diff=5, tolerance=1)
=== CONT  TestRoundTrip_lrtemplate_NP3_lrtemplate/o_-_49._LIGHTING_-_Fluorescent.lrtemplate#01
=== NAME  TestRoundTrip_lrtemplate_NP3_lrtemplate/54._E_-_Polaroid_+_punch.lrtemplate
    roundtrip_test.go:337: Blacks: orig=20 (expected loss: NP3 doesn't support this parameter)
=== CONT  TestRoundTrip_lrtemplate_NP3_lrtemplate/02._E_-_Agfa_Portrait_+_ii.lrtemplate
=== NAME  TestRoundTrip_lrtemplate_NP3_lrtemplate/41._E_-_Agfa_RSX_+_iiiii.lrtemplate
    roundtrip_test.go:337: Vibrance reset to 0: orig=11 (may be due to Picture Control base mapping)
    roundtrip_test.go:337: Highlights: orig=-33 (expected loss: NP3 doesn't support this parameter)
=== NAME  TestRoundTrip_lrtemplate_NP3_lrtemplate/23._E_-_Agfa_Vista_+_iiiii.lrtemplate
    roundtrip_test.go:337: Highlights: orig=-35 (expected loss: NP3 doesn't support this parameter)
    roundtrip_test.go:337: Shadows: orig=35 (expected loss: NP3 doesn't support this parameter)
    roundtrip_test.go:337: Whites: orig=-25 (expected loss: NP3 doesn't support this parameter)
=== NAME  TestRoundTrip_lrtemplate_NP3_lrtemplate/09._E_-_Agfa_Portrait_+_punch.lrtemplate
    roundtrip_test.go:337: Highlights: orig=-20 (expected loss: NP3 doesn't support this parameter)
    roundtrip_test.go:337: Shadows: orig=10 (expected loss: NP3 doesn't support this parameter)
=== NAME  TestRoundTrip_lrtemplate_NP3_lrtemplate/44._E_-_Agfa_RSX_+_warm.lrtemplate
    roundtrip_test.go:337: Whites: orig=-17 (expected loss: NP3 doesn't support this parameter)
=== NAME  TestRoundTrip_lrtemplate_NP3_lrtemplate/42._E_-_Agfa_RSX_+_fade.lrtemplate
    roundtrip_test.go:337: Highlights: orig=-33 (expected loss: NP3 doesn't support this parameter)
=== NAME  TestRoundTrip_lrtemplate_NP3_lrtemplate/09._E_-_Agfa_Portrait_+_punch.lrtemplate
    roundtrip_test.go:337: Whites: orig=-15 (expected loss: NP3 doesn't support this parameter)
    roundtrip_test.go:337: Blacks: orig=30 (expected loss: NP3 doesn't support this parameter)
=== CONT  TestRoundTrip_lrtemplate_NP3_lrtemplate/21._E_-_Agfa_Vista_+_iii.lrtemplate
=== NAME  TestRoundTrip_lrtemplate_NP3_lrtemplate/42._E_-_Agfa_RSX_+_fade.lrtemplate
    roundtrip_test.go:337: Shadows: orig=10 (expected loss: NP3 doesn't support this parameter)
=== CONT  TestRoundTrip_lrtemplate_NP3_lrtemplate/07._E_-_Agfa_Portrait_+_cool.lrtemplate
=== CONT  TestRoundTrip_lrtemplate_NP3_lrtemplate/04._E_-_Agfa_Portrait_+_iiii.lrtemplate
=== NAME  TestRoundTrip_lrtemplate_NP3_lrtemplate/39._E_-_Agfa_RSX_+_iii.lrtemplate
    roundtrip_test.go:337: Blacks: orig=8 (expected loss: NP3 doesn't support this parameter)
=== NAME  TestRoundTrip_lrtemplate_NP3_lrtemplate/40._E_-_Agfa_RSX_+_iiii.lrtemplate
    roundtrip_test.go:337: Blacks: orig=12 (expected loss: NP3 doesn't support this parameter)
=== CONT  TestRoundTrip_lrtemplate_NP3_lrtemplate/01._E_-_Agfa_Portrait_+_i.lrtemplate
=== CONT  TestRoundTrip_lrtemplate_NP3_lrtemplate/00_-_o.lrtemplate
=== NAME  TestRoundTrip_lrtemplate_NP3_lrtemplate/o_-_49._LIGHTING_-_Fluorescent.lrtemplate#01
    roundtrip_test.go:493: Tint mismatch: orig=21, final=0 (diff=21, tolerance=1)
=== PAUSE TestRoundTrip_XMP_NP3_XMP/POL_-_Color_Instant_+.xmp
=== NAME  TestRoundTrip_lrtemplate_NP3_lrtemplate/10._E_-_Agfa_Optima_+_i.lrtemplate
    roundtrip_test.go:337: Highlights: orig=-24 (expected loss: NP3 doesn't support this parameter)
=== RUN   TestRoundTrip_XMP_NP3_XMP/POL_-_Color_Instant_-_boost.xmp
=== NAME  TestRoundTrip_lrtemplate_NP3_lrtemplate/65._E_-_Polaroid_Tint_+_iii.lrtemplate
    roundtrip_test.go:337: Blacks: orig=5 (expected loss: NP3 doesn't support this parameter)
=== CONT  TestRoundTrip_lrtemplate_NP3_lrtemplate/00._E_-_o___.lrtemplate
=== NAME  TestRoundTrip_lrtemplate_NP3_lrtemplate/10._E_-_Agfa_Optima_+_i.lrtemplate
    roundtrip_test.go:337: Shadows: orig=32 (expected loss: NP3 doesn't support this parameter)
    roundtrip_test.go:337: Whites: orig=-25 (expected loss: NP3 doesn't support this parameter)
=== NAME  TestRoundTrip_lrtemplate_NP3_lrtemplate/02._E_-_Agfa_Portrait_+_ii.lrtemplate
    roundtrip_test.go:337: Highlights: orig=-20 (expected loss: NP3 doesn't support this parameter)
=== NAME  TestRoundTrip_lrtemplate_NP3_lrtemplate/10._E_-_Agfa_Optima_+_i.lrtemplate
    roundtrip_test.go:337: Blacks: orig=38 (expected loss: NP3 doesn't support this parameter)
=== CONT  TestRoundTrip_lrtemplate_NP3_lrtemplate/00._E_-_grain_x__.lrtemplate
=== NAME  TestRoundTrip_lrtemplate_NP3_lrtemplate/02._E_-_Agfa_Portrait_+_ii.lrtemplate
    roundtrip_test.go:337: Shadows: orig=20 (expected loss: NP3 doesn't support this parameter)
    roundtrip_test.go:337: Whites: orig=-15 (expected loss: NP3 doesn't support this parameter)
=== NAME  TestRoundTrip_lrtemplate_NP3_lrtemplate/05._E_-_Agfa_Portrait_+_iiiii.lrtemplate
    roundtrip_test.go:337: Highlights: orig=-20 (expected loss: NP3 doesn't support this parameter)
    roundtrip_test.go:337: Shadows: orig=10 (expected loss: NP3 doesn't support this parameter)
=== CONT  TestRoundTrip_lrtemplate_NP3_lrtemplate/o_-_50_-_o.lrtemplate#01
=== NAME  TestRoundTrip_lrtemplate_NP3_lrtemplate/05._E_-_Agfa_Portrait_+_iiiii.lrtemplate
    roundtrip_test.go:337: Whites: orig=-15 (expected loss: NP3 doesn't support this parameter)
=== NAME  TestRoundTrip_lrtemplate_NP3_lrtemplate/25._E_-_Agfa_Vista_+_cool.lrtemplate
    roundtrip_test.go:337: Shadows: orig=32 (expected loss: NP3 doesn't support this parameter)
=== NAME  TestRoundTrip_lrtemplate_NP3_lrtemplate/05._E_-_Agfa_Portrait_+_iiiii.lrtemplate
    roundtrip_test.go:337: Blacks: orig=30 (expected loss: NP3 doesn't support this parameter)
=== NAME  TestRoundTrip_lrtemplate_NP3_lrtemplate/25._E_-_Agfa_Vista_+_cool.lrtemplate
    roundtrip_test.go:337: Whites: orig=-18 (expected loss: NP3 doesn't support this parameter)
    roundtrip_test.go:337: Blacks: orig=22 (expected loss: NP3 doesn't support this parameter)
=== CONT  TestRoundTrip_lrtemplate_NP3_lrtemplate/03._E_-_Agfa_Portrait_+_iii.lrtemplate
=== NAME  TestRoundTrip_lrtemplate_NP3_lrtemplate/25._E_-_Agfa_Vista_+_cool.lrtemplate
    roundtrip_test.go:337: Split toning saturation/balance: (expected loss: NP3 only supports hue)
=== NAME  TestRoundTrip_lrtemplate_NP3_lrtemplate/08._E_-_Agfa_Portrait_+_warm.lrtemplate
    roundtrip_test.go:337: Highlights: orig=-22 (expected loss: NP3 doesn't support this parameter)
=== NAME  TestRoundTrip_lrtemplate_NP3_lrtemplate/04._E_-_Agfa_Portrait_+_iiii.lrtemplate
    roundtrip_test.go:337: Highlights: orig=-20 (expected loss: NP3 doesn't support this parameter)
=== NAME  TestRoundTrip_lrtemplate_NP3_lrtemplate/08._E_-_Agfa_Portrait_+_warm.lrtemplate
    roundtrip_test.go:337: Shadows: orig=10 (expected loss: NP3 doesn't support this parameter)
=== NAME  TestRoundTrip_lrtemplate_NP3_lrtemplate/07._E_-_Agfa_Portrait_+_cool.lrtemplate
    roundtrip_test.go:337: Highlights: orig=-22 (expected loss: NP3 doesn't support this parameter)
=== NAME  TestRoundTrip_lrtemplate_NP3_lrtemplate/08._E_-_Agfa_Portrait_+_warm.lrtemplate
    roundtrip_test.go:337: Whites: orig=-17 (expected loss: NP3 doesn't support this parameter)
=== NAME  TestRoundTrip_lrtemplate_NP3_lrtemplate/07._E_-_Agfa_Portrait_+_cool.lrtemplate
    roundtrip_test.go:337: Shadows: orig=10 (expected loss: NP3 doesn't support this parameter)
=== NAME  TestRoundTrip_lrtemplate_NP3_lrtemplate/08._E_-_Agfa_Portrait_+_warm.lrtemplate
    roundtrip_test.go:337: Blacks: orig=35 (expected loss: NP3 doesn't support this parameter)
=== NAME  TestRoundTrip_lrtemplate_NP3_lrtemplate/07._E_-_Agfa_Portrait_+_cool.lrtemplate
    roundtrip_test.go:337: Whites: orig=-17 (expected loss: NP3 doesn't support this parameter)
=== NAME  TestRoundTrip_lrtemplate_NP3_lrtemplate/01._E_-_Agfa_Portrait_+_i.lrtemplate
    roundtrip_test.go:337: Highlights: orig=-23 (expected loss: NP3 doesn't support this parameter)
=== NAME  TestRoundTrip_lrtemplate_NP3_lrtemplate/07._E_-_Agfa_Portrait_+_cool.lrtemplate
    roundtrip_test.go:337: Blacks: orig=35 (expected loss: NP3 doesn't support this parameter)
=== NAME  TestRoundTrip_lrtemplate_NP3_lrtemplate/01._E_-_Agfa_Portrait_+_i.lrtemplate
    roundtrip_test.go:337: Shadows: orig=23 (expected loss: NP3 doesn't support this parameter)
    roundtrip_test.go:337: Whites: orig=-15 (expected loss: NP3 doesn't support this parameter)
=== CONT  TestRoundTrip_lrtemplate_NP3_lrtemplate/00._E_-_auto_wb___.lrtemplate
=== CONT  TestRoundTrip_lrtemplate_NP3_lrtemplate/o_-_47._LIGHTING_-_Daylight.lrtemplate#01
=== NAME  TestRoundTrip_lrtemplate_NP3_lrtemplate/23._E_-_Agfa_Vista_+_iiiii.lrtemplate
    roundtrip_test.go:337: Blacks: orig=20 (expected loss: NP3 doesn't support this parameter)
=== CONT  TestRoundTrip_lrtemplate_NP3_lrtemplate/o_-_46._LIGHTING_-_Cloudy.lrtemplate#01
=== CONT  TestRoundTrip_lrtemplate_NP3_lrtemplate/o_-_45._LIGHTING_-_Shade.lrtemplate#01
=== NAME  TestRoundTrip_lrtemplate_NP3_lrtemplate/44._E_-_Agfa_RSX_+_warm.lrtemplate
    roundtrip_test.go:337: Blacks: orig=33 (expected loss: NP3 doesn't support this parameter)
=== CONT  TestRoundTrip_lrtemplate_NP3_lrtemplate/o_-_44._LIGHTING_-_Flash.lrtemplate#01
=== NAME  TestRoundTrip_lrtemplate_NP3_lrtemplate/42._E_-_Agfa_RSX_+_fade.lrtemplate
    roundtrip_test.go:337: Whites: orig=-8 (expected loss: NP3 doesn't support this parameter)
=== CONT  TestRoundTrip_lrtemplate_NP3_lrtemplate/o_-_29._FINISH_-_Vintage.lrtemplate#01
=== NAME  TestRoundTrip_lrtemplate_NP3_lrtemplate/42._E_-_Agfa_RSX_+_fade.lrtemplate
    roundtrip_test.go:337: Blacks: orig=12 (expected loss: NP3 doesn't support this parameter)
=== CONT  TestRoundTrip_lrtemplate_NP3_lrtemplate/o_-_43._LIGHTING_-_As_Shot.lrtemplate#01
=== NAME  TestRoundTrip_lrtemplate_NP3_lrtemplate/06._E_-_Agfa_Portrait_+_fade.lrtemplate
    roundtrip_test.go:337: Highlights: orig=-20 (expected loss: NP3 doesn't support this parameter)
    roundtrip_test.go:337: Shadows: orig=10 (expected loss: NP3 doesn't support this parameter)
=== NAME  TestRoundTrip_lrtemplate_NP3_lrtemplate/o_-_49._LIGHTING_-_Fluorescent.lrtemplate#01
    roundtrip_test.go:337: Temperature nullability difference: orig=0xc00229e050, final=<nil> (may be expected)
=== NAME  TestRoundTrip_lrtemplate_NP3_lrtemplate/03._E_-_Agfa_Portrait_+_iii.lrtemplate
    roundtrip_test.go:337: Highlights: orig=-23 (expected loss: NP3 doesn't support this parameter)
    roundtrip_test.go:337: Shadows: orig=19 (expected loss: NP3 doesn't support this parameter)
=== CONT  TestRoundTrip_lrtemplate_NP3_lrtemplate/o_-_22._VIBRANCE__-_Low.lrtemplate#01
=== CONT  TestRoundTrip_lrtemplate_NP3_lrtemplate/o_-_27._FINISH_-_Basic.lrtemplate#01
=== PAUSE TestRoundTrip_XMP_NP3_XMP/POL_-_Color_Instant_-_boost.xmp
=== CONT  TestRoundTrip_lrtemplate_NP3_lrtemplate/11._E_-_Agfa_Optima_+_ii.lrtemplate
=== RUN   TestRoundTrip_XMP_NP3_XMP/POL_-_Color_Instant_-_cool.xmp
=== NAME  TestRoundTrip_lrtemplate_NP3_lrtemplate/o_-_47._LIGHTING_-_Daylight.lrtemplate#01
    roundtrip_test.go:493: Tint mismatch: orig=10, final=0 (diff=10, tolerance=1)
=== NAME  TestRoundTrip_lrtemplate_NP3_lrtemplate/o_-_46._LIGHTING_-_Cloudy.lrtemplate#01
    roundtrip_test.go:493: Tint mismatch: orig=10, final=0 (diff=10, tolerance=1)
=== NAME  TestRoundTrip_lrtemplate_NP3_lrtemplate/o_-_47._LIGHTING_-_Daylight.lrtemplate#01
    roundtrip_test.go:337: Temperature nullability difference: orig=0xc0022d6dd0, final=<nil> (may be expected)
=== NAME  TestRoundTrip_lrtemplate_NP3_lrtemplate/o_-_46._LIGHTING_-_Cloudy.lrtemplate#01
    roundtrip_test.go:337: Temperature nullability difference: orig=0xc00230cad0, final=<nil> (may be expected)
=== NAME  TestRoundTrip_lrtemplate_NP3_lrtemplate/o_-_45._LIGHTING_-_Shade.lrtemplate#01
    roundtrip_test.go:493: Tint mismatch: orig=10, final=0 (diff=10, tolerance=1)
=== CONT  TestRoundTrip_lrtemplate_NP3_lrtemplate/o_-_36._COLOR_-_Lavender.lrtemplate#01
=== PAUSE TestRoundTrip_XMP_NP3_XMP/POL_-_Color_Instant_-_cool.xmp
=== CONT  TestRoundTrip_lrtemplate_NP3_lrtemplate/o_-_21_-_o.lrtemplate#01
=== CONT  TestRoundTrip_lrtemplate_NP3_lrtemplate/o_-_16._DETAIL_-_High.lrtemplate#01
=== NAME  TestRoundTrip_lrtemplate_NP3_lrtemplate/02._E_-_Agfa_Portrait_+_ii.lrtemplate
    roundtrip_test.go:337: Blacks: orig=30 (expected loss: NP3 doesn't support this parameter)
=== CONT  TestRoundTrip_lrtemplate_NP3_lrtemplate/o_-_26._FINISH_-_Film.lrtemplate#01
=== NAME  TestRoundTrip_lrtemplate_NP3_lrtemplate/41._E_-_Agfa_RSX_+_iiiii.lrtemplate
    roundtrip_test.go:337: Shadows: orig=32 (expected loss: NP3 doesn't support this parameter)
=== NAME  TestRoundTrip_lrtemplate_NP3_lrtemplate/25._E_-_Agfa_Vista_+_cool.lrtemplate
    roundtrip_test.go:337: Split toning hue: orig shadow=211, highlight=0 (NP3 has limited split toning support)
=== CONT  TestRoundTrip_lrtemplate_NP3_lrtemplate/o_-_25_-_o.lrtemplate#01
=== NAME  TestRoundTrip_lrtemplate_NP3_lrtemplate/04._E_-_Agfa_Portrait_+_iiii.lrtemplate
    roundtrip_test.go:337: Shadows: orig=20 (expected loss: NP3 doesn't support this parameter)
    roundtrip_test.go:337: Whites: orig=-15 (expected loss: NP3 doesn't support this parameter)
    roundtrip_test.go:337: Blacks: orig=30 (expected loss: NP3 doesn't support this parameter)
=== NAME  TestRoundTrip_lrtemplate_NP3_lrtemplate/o_-_22._VIBRANCE__-_Low.lrtemplate#01
    roundtrip_test.go:337: Vibrance reset to 0: orig=-10 (may be due to Picture Control base mapping)
=== CONT  TestRoundTrip_lrtemplate_NP3_lrtemplate/20._E_-_Agfa_Vista_+_ii.lrtemplate
=== CONT  TestRoundTrip_lrtemplate_NP3_lrtemplate/o_-_19._SHARPEN_-_Mid.lrtemplate#01
=== NAME  TestRoundTrip_lrtemplate_NP3_lrtemplate/21._E_-_Agfa_Vista_+_iii.lrtemplate
    roundtrip_test.go:493: Tint mismatch: orig=-5, final=0 (diff=5, tolerance=1)
=== CONT  TestRoundTrip_lrtemplate_NP3_lrtemplate/o_-_34._COLOR_-_Neutral.lrtemplate#01
=== NAME  TestRoundTrip_lrtemplate_NP3_lrtemplate/21._E_-_Agfa_Vista_+_iii.lrtemplate
    roundtrip_test.go:337: Highlights: orig=-35 (expected loss: NP3 doesn't support this parameter)
    roundtrip_test.go:337: Shadows: orig=35 (expected loss: NP3 doesn't support this parameter)
=== NAME  TestRoundTrip_lrtemplate_NP3_lrtemplate/01._E_-_Agfa_Portrait_+_i.lrtemplate
    roundtrip_test.go:337: Blacks: orig=33 (expected loss: NP3 doesn't support this parameter)
=== NAME  TestRoundTrip_lrtemplate_NP3_lrtemplate/21._E_-_Agfa_Vista_+_iii.lrtemplate
    roundtrip_test.go:337: Whites: orig=-22 (expected loss: NP3 doesn't support this parameter)
=== NAME  TestRoundTrip_lrtemplate_NP3_lrtemplate/o_-_36._COLOR_-_Lavender.lrtemplate#01
    roundtrip_test.go:337: Split toning saturation/balance: (expected loss: NP3 only supports hue)
=== CONT  TestRoundTrip_lrtemplate_NP3_lrtemplate/o_-_33_-_o.lrtemplate#01
=== CONT  TestRoundTrip_lrtemplate_NP3_lrtemplate/o_-_18._SHARPEN_-_Low.lrtemplate#01
=== NAME  TestRoundTrip_lrtemplate_NP3_lrtemplate/21._E_-_Agfa_Vista_+_iii.lrtemplate
    roundtrip_test.go:337: Blacks: orig=22 (expected loss: NP3 doesn't support this parameter)
=== NAME  TestRoundTrip_lrtemplate_NP3_lrtemplate/11._E_-_Agfa_Optima_+_ii.lrtemplate
    roundtrip_test.go:337: Highlights: orig=-24 (expected loss: NP3 doesn't support this parameter)
=== CONT  TestRoundTrip_lrtemplate_NP3_lrtemplate/o_-_17_-_o.lrtemplate#01
=== CONT  TestRoundTrip_lrtemplate_NP3_lrtemplate/o_-_28._FINISH_-_Strong.lrtemplate#01
=== NAME  TestRoundTrip_lrtemplate_NP3_lrtemplate/06._E_-_Agfa_Portrait_+_fade.lrtemplate
    roundtrip_test.go:337: Whites: orig=-15 (expected loss: NP3 doesn't support this parameter)
    roundtrip_test.go:337: Blacks: orig=30 (expected loss: NP3 doesn't support this parameter)
=== NAME  TestRoundTrip_lrtemplate_NP3_lrtemplate/27._E_-_Agfa_Vista_+_punch.lrtemplate
    roundtrip_test.go:493: Tint mismatch: orig=-5, final=0 (diff=5, tolerance=1)
=== CONT  TestRoundTrip_lrtemplate_NP3_lrtemplate/o_-_20._SHARPEN_-_High.lrtemplate#01
=== NAME  TestRoundTrip_lrtemplate_NP3_lrtemplate/27._E_-_Agfa_Vista_+_punch.lrtemplate
    roundtrip_test.go:337: Highlights: orig=-48 (expected loss: NP3 doesn't support this parameter)
    roundtrip_test.go:337: Shadows: orig=32 (expected loss: NP3 doesn't support this parameter)
=== CONT  TestRoundTrip_lrtemplate_NP3_lrtemplate/19._E_-_Agfa_Vista_+_i.lrtemplate
=== NAME  TestRoundTrip_lrtemplate_NP3_lrtemplate/27._E_-_Agfa_Vista_+_punch.lrtemplate
    roundtrip_test.go:337: Whites: orig=-18 (expected loss: NP3 doesn't support this parameter)
    roundtrip_test.go:337: Blacks: orig=28 (expected loss: NP3 doesn't support this parameter)
=== CONT  TestRoundTrip_lrtemplate_NP3_lrtemplate/o_-_09_-_o.lrtemplate#01
=== NAME  TestRoundTrip_lrtemplate_NP3_lrtemplate/03._E_-_Agfa_Portrait_+_iii.lrtemplate
    roundtrip_test.go:337: Whites: orig=-13 (expected loss: NP3 doesn't support this parameter)
=== RUN   TestRoundTrip_XMP_lrtemplate_XMP/KDK_-_Echrome_-_boost.xmp#01
=== NAME  TestRoundTrip_lrtemplate_NP3_lrtemplate/03._E_-_Agfa_Portrait_+_iii.lrtemplate
    roundtrip_test.go:337: Blacks: orig=33 (expected loss: NP3 doesn't support this parameter)
=== PAUSE TestRoundTrip_XMP_lrtemplate_XMP/KDK_-_Echrome_-_boost.xmp#01
=== CONT  TestRoundTrip_lrtemplate_NP3_lrtemplate/o_-_08._EXPOSURE_+_2.lrtemplate#01
=== RUN   TestRoundTrip_XMP_NP3_XMP/POL_-_Color_Instant_-_film.xmp
=== CONT  TestRoundTrip_lrtemplate_NP3_lrtemplate/o_-_35._COLOR_-_Morning.lrtemplate#01
=== NAME  TestRoundTrip_lrtemplate_NP3_lrtemplate/41._E_-_Agfa_RSX_+_iiiii.lrtemplate
    roundtrip_test.go:337: Whites: orig=-35 (expected loss: NP3 doesn't support this parameter)
=== NAME  TestRoundTrip_lrtemplate_NP3_lrtemplate/o_-_34._COLOR_-_Neutral.lrtemplate#01
    roundtrip_test.go:337: Split toning saturation/balance: (expected loss: NP3 only supports hue)
=== NAME  TestRoundTrip_lrtemplate_NP3_lrtemplate/41._E_-_Agfa_RSX_+_iiiii.lrtemplate
    roundtrip_test.go:337: Blacks: orig=24 (expected loss: NP3 doesn't support this parameter)
=== NAME  TestRoundTrip_lrtemplate_NP3_lrtemplate/o_-_34._COLOR_-_Neutral.lrtemplate#01
    roundtrip_test.go:337: Split toning hue: orig shadow=242, highlight=45 (NP3 has limited split toning support)
=== CONT  TestRoundTrip_lrtemplate_NP3_lrtemplate/o_-_41_-_o.lrtemplate#01
=== CONT  TestRoundTrip_lrtemplate_NP3_lrtemplate/o_-_02._Lens_off.lrtemplate#01
=== NAME  TestRoundTrip_lrtemplate_NP3_lrtemplate/o_-_44._LIGHTING_-_Flash.lrtemplate#01
    roundtrip_test.go:337: Temperature nullability difference: orig=0xc00229e350, final=<nil> (may be expected)
=== CONT  TestRoundTrip_lrtemplate_NP3_lrtemplate/o_-_07._EXPOSURE_+_1.lrtemplate#01
=== CONT  TestRoundTrip_lrtemplate_NP3_lrtemplate/o_-_01._Lens_on.lrtemplate#01
=== CONT  TestRoundTrip_lrtemplate_NP3_lrtemplate/24._E_-_Agfa_Vista_+_fade.lrtemplate
=== CONT  TestRoundTrip_lrtemplate_NP3_lrtemplate/o_-_15._DETAIL_-_Mid.lrtemplate#01
=== CONT  TestRoundTrip_lrtemplate_NP3_lrtemplate/o_-_00_-_o.lrtemplate#01
=== CONT  TestRoundTrip_lrtemplate_NP3_lrtemplate/00._E_-_auto_tone___.lrtemplate
=== CONT  TestRoundTrip_lrtemplate_NP3_lrtemplate/o_-_23._VIBRANCE__-_Mid.lrtemplate#01
=== CONT  TestRoundTrip_lrtemplate_NP3_lrtemplate/o_-_14._DETAIL_-_Low.lrtemplate#01
=== NAME  TestRoundTrip_lrtemplate_NP3_lrtemplate/11._E_-_Agfa_Optima_+_ii.lrtemplate
    roundtrip_test.go:337: Shadows: orig=32 (expected loss: NP3 doesn't support this parameter)
    roundtrip_test.go:337: Whites: orig=-25 (expected loss: NP3 doesn't support this parameter)
    roundtrip_test.go:337: Blacks: orig=38 (expected loss: NP3 doesn't support this parameter)
=== CONT  TestRoundTrip_lrtemplate_NP3_lrtemplate/o_-_42._LIGHTING_-_Auto_Set.lrtemplate#01
=== CONT  TestRoundTrip_lrtemplate_NP3_lrtemplate/o_-_24._VIBRANCE_-__High.lrtemplate#01
=== NAME  TestRoundTrip_lrtemplate_NP3_lrtemplate/o_-_45._LIGHTING_-_Shade.lrtemplate#01
    roundtrip_test.go:337: Temperature nullability difference: orig=0xc001388650, final=<nil> (may be expected)
=== CONT  TestRoundTrip_lrtemplate_NP3_lrtemplate/98._E_-_Fuji_800_+_warm.lrtemplate
=== RUN   TestRoundTrip_XMP_lrtemplate_XMP/KDK_-_Echrome_-_cool.xmp#01
=== NAME  TestRoundTrip_lrtemplate_NP3_lrtemplate/o_-_35._COLOR_-_Morning.lrtemplate#01
    roundtrip_test.go:337: Split toning saturation/balance: (expected loss: NP3 only supports hue)
=== CONT  TestRoundTrip_lrtemplate_NP3_lrtemplate/o_-_12._CONTRAST_-_High.lrtemplate#01
=== PAUSE TestRoundTrip_XMP_lrtemplate_XMP/KDK_-_Echrome_-_cool.xmp#01
=== NAME  TestRoundTrip_lrtemplate_NP3_lrtemplate/o_-_35._COLOR_-_Morning.lrtemplate#01
    roundtrip_test.go:337: Split toning hue: orig shadow=226, highlight=44 (NP3 has limited split toning support)
=== CONT  TestRoundTrip_lrtemplate_NP3_lrtemplate/o_-_11._CONTRAST_-_Mid.lrtemplate#01
=== CONT  TestRoundTrip_lrtemplate_NP3_lrtemplate/o_-_32._FINISH_-_Retro.lrtemplate#01
=== CONT  TestRoundTrip_lrtemplate_NP3_lrtemplate/96._E_-_Fuji_800_+_fade.lrtemplate
=== CONT  TestRoundTrip_lrtemplate_NP3_lrtemplate/o_-_10._CONTRAST_-_Low.lrtemplate#01
=== CONT  TestRoundTrip_lrtemplate_NP3_lrtemplate/o_-_40._COLOR_-_Pastel_Rouge.lrtemplate#01
=== NAME  TestRoundTrip_lrtemplate_NP3_lrtemplate/20._E_-_Agfa_Vista_+_ii.lrtemplate
    roundtrip_test.go:493: Tint mismatch: orig=-5, final=0 (diff=5, tolerance=1)
=== NAME  TestRoundTrip_lrtemplate_NP3_lrtemplate/19._E_-_Agfa_Vista_+_i.lrtemplate
    roundtrip_test.go:493: Tint mismatch: orig=-5, final=0 (diff=5, tolerance=1)
=== NAME  TestRoundTrip_lrtemplate_NP3_lrtemplate/20._E_-_Agfa_Vista_+_ii.lrtemplate
    roundtrip_test.go:337: Highlights: orig=-42 (expected loss: NP3 doesn't support this parameter)
=== CONT  TestRoundTrip_lrtemplate_NP3_lrtemplate/95._E_-_Fuji_800_+_iiiii.lrtemplate
=== NAME  TestRoundTrip_lrtemplate_NP3_lrtemplate/19._E_-_Agfa_Vista_+_i.lrtemplate
    roundtrip_test.go:337: Highlights: orig=-55 (expected loss: NP3 doesn't support this parameter)
=== NAME  TestRoundTrip_lrtemplate_NP3_lrtemplate/o_-_36._COLOR_-_Lavender.lrtemplate#01
    roundtrip_test.go:337: Split toning hue: orig shadow=223, highlight=51 (NP3 has limited split toning support)
=== NAME  TestRoundTrip_lrtemplate_NP3_lrtemplate/19._E_-_Agfa_Vista_+_i.lrtemplate
    roundtrip_test.go:337: Shadows: orig=50 (expected loss: NP3 doesn't support this parameter)
=== CONT  TestRoundTrip_lrtemplate_NP3_lrtemplate/99._E_-_Fuji_800_+_punch.lrtemplate
=== NAME  TestRoundTrip_lrtemplate_NP3_lrtemplate/19._E_-_Agfa_Vista_+_i.lrtemplate
    roundtrip_test.go:337: Whites: orig=-38 (expected loss: NP3 doesn't support this parameter)
    roundtrip_test.go:337: Blacks: orig=28 (expected loss: NP3 doesn't support this parameter)
=== CONT  TestRoundTrip_lrtemplate_NP3_lrtemplate/92._E_-_Fuji_800_+_ii.lrtemplate
=== CONT  TestRoundTrip_lrtemplate_NP3_lrtemplate/94._E_-_Fuji_800_+_iiii.lrtemplate
=== CONT  TestRoundTrip_lrtemplate_NP3_lrtemplate/o_-_38._COLOR_-_Sea_Breeze.lrtemplate#01
=== CONT  TestRoundTrip_lrtemplate_NP3_lrtemplate/91._E_-_Fuji_800_+_i.lrtemplate
=== NAME  TestRoundTrip_lrtemplate_NP3_lrtemplate/o_-_24._VIBRANCE_-__High.lrtemplate#01
    roundtrip_test.go:337: Vibrance reset to 0: orig=25 (may be due to Picture Control base mapping)
=== CONT  TestRoundTrip_lrtemplate_NP3_lrtemplate/o_-_05._EXPOSURE__-_1.lrtemplate#01
=== CONT  TestRoundTrip_lrtemplate_NP3_lrtemplate/o_-_38._COLOR_-_Sea_Breeze.lrtemplate
=== PAUSE TestRoundTrip_XMP_NP3_XMP/POL_-_Color_Instant_-_film.xmp
=== RUN   TestRoundTrip_XMP_NP3_XMP/POL_-_Color_Instant_-_warm.xmp
=== PAUSE TestRoundTrip_XMP_NP3_XMP/POL_-_Color_Instant_-_warm.xmp
=== RUN   TestRoundTrip_XMP_NP3_XMP/POL_-_Color_Instant.xmp
=== PAUSE TestRoundTrip_XMP_NP3_XMP/POL_-_Color_Instant.xmp
=== RUN   TestRoundTrip_XMP_NP3_XMP/POL_-_Mono_+++.xmp
=== PAUSE TestRoundTrip_XMP_NP3_XMP/POL_-_Mono_+++.xmp
=== CONT  TestRoundTrip_lrtemplate_NP3_lrtemplate/o_-_06._EXPOSURE__0.lrtemplate#01
=== CONT  TestRoundTrip_lrtemplate_NP3_lrtemplate/o_-_31._FINISH_-_Bright.lrtemplate#01
=== RUN   TestRoundTrip_XMP_NP3_XMP/POL_-_Mono_++.xmp
=== CONT  TestRoundTrip_lrtemplate_NP3_lrtemplate/o_-_04._EXPOSURE__-_2.lrtemplate#01
=== CONT  TestRoundTrip_lrtemplate_NP3_lrtemplate/o_-_37._COLOR_-_Spearmint.lrtemplate#01
=== NAME  TestRoundTrip_lrtemplate_NP3_lrtemplate/20._E_-_Agfa_Vista_+_ii.lrtemplate
    roundtrip_test.go:337: Shadows: orig=30 (expected loss: NP3 doesn't support this parameter)
    roundtrip_test.go:337: Whites: orig=-20 (expected loss: NP3 doesn't support this parameter)
    roundtrip_test.go:337: Blacks: orig=20 (expected loss: NP3 doesn't support this parameter)
=== CONT  TestRoundTrip_lrtemplate_NP3_lrtemplate/o_-_30._FINISH_-_Washed.lrtemplate#01
=== CONT  TestRoundTrip_lrtemplate_NP3_lrtemplate/o_-_48._LIGHTING_-_Tungsten.lrtemplate#01
=== CONT  TestRoundTrip_lrtemplate_NP3_lrtemplate/93._E_-_Fuji_800_+_iii.lrtemplate
=== CONT  TestRoundTrip_lrtemplate_NP3_lrtemplate/o_-_03_-_o.lrtemplate#01
=== NAME  TestRoundTrip_lrtemplate_NP3_lrtemplate/96._E_-_Fuji_800_+_fade.lrtemplate
    roundtrip_test.go:337: Highlights: orig=-10 (expected loss: NP3 doesn't support this parameter)
    roundtrip_test.go:337: Shadows: orig=35 (expected loss: NP3 doesn't support this parameter)
    roundtrip_test.go:337: Whites: orig=-10 (expected loss: NP3 doesn't support this parameter)
    roundtrip_test.go:337: Blacks: orig=28 (expected loss: NP3 doesn't support this parameter)
=== CONT  TestRoundTrip_lrtemplate_NP3_lrtemplate/82._E_-_Fuji_400_+_i.lrtemplate
=== CONT  TestRoundTrip_lrtemplate_NP3_lrtemplate/77._E_-_Fuji_100_+_iiiii.lrtemplate
=== NAME  TestRoundTrip_lrtemplate_NP3_lrtemplate/91._E_-_Fuji_800_+_i.lrtemplate
    roundtrip_test.go:337: Highlights: orig=-10 (expected loss: NP3 doesn't support this parameter)
=== NAME  TestRoundTrip_lrtemplate_NP3_lrtemplate/o_-_38._COLOR_-_Sea_Breeze.lrtemplate
    roundtrip_test.go:337: Split toning saturation/balance: (expected loss: NP3 only supports hue)
=== NAME  TestRoundTrip_lrtemplate_NP3_lrtemplate/91._E_-_Fuji_800_+_i.lrtemplate
    roundtrip_test.go:337: Shadows: orig=15 (expected loss: NP3 doesn't support this parameter)
=== NAME  TestRoundTrip_lrtemplate_NP3_lrtemplate/o_-_38._COLOR_-_Sea_Breeze.lrtemplate
    roundtrip_test.go:337: Split toning hue: orig shadow=223, highlight=228 (NP3 has limited split toning support)
=== CONT  TestRoundTrip_lrtemplate_NP3_lrtemplate/73._E_-_Fuji_100_+_i.lrtemplate
=== CONT  TestRoundTrip_lrtemplate_NP3_lrtemplate/81._E_-_Fuji_100_+_punch.lrtemplate
=== CONT  TestRoundTrip_lrtemplate_NP3_lrtemplate/76._E_-_Fuji_100_+_iiii.lrtemplate
=== NAME  TestRoundTrip_lrtemplate_NP3_lrtemplate/o_-_40._COLOR_-_Pastel_Rouge.lrtemplate#01
    roundtrip_test.go:337: Split toning saturation/balance: (expected loss: NP3 only supports hue)
    roundtrip_test.go:337: Split toning hue: orig shadow=242, highlight=10 (NP3 has limited split toning support)
=== CONT  TestRoundTrip_lrtemplate_NP3_lrtemplate/80._E_-_Fuji_100_+_warm.lrtemplate
=== NAME  TestRoundTrip_lrtemplate_NP3_lrtemplate/24._E_-_Agfa_Vista_+_fade.lrtemplate
    roundtrip_test.go:493: Tint mismatch: orig=-5, final=0 (diff=5, tolerance=1)
=== RUN   TestRoundTrip_XMP_lrtemplate_XMP/KDK_-_Echrome_-_film.xmp#01
=== NAME  TestRoundTrip_lrtemplate_NP3_lrtemplate/24._E_-_Agfa_Vista_+_fade.lrtemplate
    roundtrip_test.go:337: Highlights: orig=-48 (expected loss: NP3 doesn't support this parameter)
    roundtrip_test.go:337: Shadows: orig=32 (expected loss: NP3 doesn't support this parameter)
    roundtrip_test.go:337: Whites: orig=-18 (expected loss: NP3 doesn't support this parameter)
    roundtrip_test.go:337: Blacks: orig=28 (expected loss: NP3 doesn't support this parameter)
=== CONT  TestRoundTrip_lrtemplate_NP3_lrtemplate/18._E_-_Agfa_Optima_+_punch.lrtemplate
=== PAUSE TestRoundTrip_XMP_lrtemplate_XMP/KDK_-_Echrome_-_film.xmp#01
=== CONT  TestRoundTrip_lrtemplate_NP3_lrtemplate/72._E_-_Fuji_Negative_+_punch.lrtemplate
=== NAME  TestRoundTrip_lrtemplate_NP3_lrtemplate/o_-_48._LIGHTING_-_Tungsten.lrtemplate#01
    roundtrip_test.go:337: Temperature nullability difference: orig=0xc001aaa350, final=<nil> (may be expected)
=== NAME  TestRoundTrip_lrtemplate_NP3_lrtemplate/95._E_-_Fuji_800_+_iiiii.lrtemplate
    roundtrip_test.go:337: Highlights: orig=-10 (expected loss: NP3 doesn't support this parameter)
    roundtrip_test.go:337: Shadows: orig=20 (expected loss: NP3 doesn't support this parameter)
    roundtrip_test.go:337: Whites: orig=-10 (expected loss: NP3 doesn't support this parameter)
=== CONT  TestRoundTrip_lrtemplate_NP3_lrtemplate/74._E_-_Fuji_100_+_ii.lrtemplate
=== NAME  TestRoundTrip_lrtemplate_NP3_lrtemplate/77._E_-_Fuji_100_+_iiiii.lrtemplate
    roundtrip_test.go:493: Clarity mismatch: orig=-12, final=-10 (diff=2, tolerance=1)
    roundtrip_test.go:337: Highlights: orig=-10 (expected loss: NP3 doesn't support this parameter)
=== NAME  TestRoundTrip_lrtemplate_NP3_lrtemplate/91._E_-_Fuji_800_+_i.lrtemplate
    roundtrip_test.go:337: Whites: orig=-10 (expected loss: NP3 doesn't support this parameter)
=== NAME  TestRoundTrip_lrtemplate_NP3_lrtemplate/95._E_-_Fuji_800_+_iiiii.lrtemplate
    roundtrip_test.go:337: Blacks: orig=25 (expected loss: NP3 doesn't support this parameter)
=== NAME  TestRoundTrip_lrtemplate_NP3_lrtemplate/91._E_-_Fuji_800_+_i.lrtemplate
    roundtrip_test.go:337: Blacks: orig=20 (expected loss: NP3 doesn't support this parameter)
=== PAUSE TestRoundTrip_XMP_NP3_XMP/POL_-_Mono_++.xmp
=== CONT  TestRoundTrip_lrtemplate_NP3_lrtemplate/97._E_-_Fuji_800_+_cool.lrtemplate
=== CONT  TestRoundTrip_lrtemplate_NP3_lrtemplate/17._E_-_Agfa_Optima_+_warm.lrtemplate
=== CONT  TestRoundTrip_lrtemplate_NP3_lrtemplate/o_-_39._COLOR_-_Warm_Light.lrtemplate#01
=== CONT  TestRoundTrip_lrtemplate_NP3_lrtemplate/68._E_-_Fuji_Negative_+_iiiii.lrtemplate
=== NAME  TestRoundTrip_lrtemplate_NP3_lrtemplate/98._E_-_Fuji_800_+_warm.lrtemplate
    roundtrip_test.go:337: Highlights: orig=-10 (expected loss: NP3 doesn't support this parameter)
    roundtrip_test.go:337: Shadows: orig=25 (expected loss: NP3 doesn't support this parameter)
=== NAME  TestRoundTrip_lrtemplate_NP3_lrtemplate/94._E_-_Fuji_800_+_iiii.lrtemplate
    roundtrip_test.go:337: Highlights: orig=-10 (expected loss: NP3 doesn't support this parameter)
=== NAME  TestRoundTrip_lrtemplate_NP3_lrtemplate/o_-_37._COLOR_-_Spearmint.lrtemplate#01
    roundtrip_test.go:337: Split toning saturation/balance: (expected loss: NP3 only supports hue)
=== RUN   TestRoundTrip_XMP_lrtemplate_XMP/KDK_-_Echrome_-_warm.xmp#01
=== CONT  TestRoundTrip_lrtemplate_NP3_lrtemplate/75._E_-_Fuji_100_+_iii.lrtemplate
=== NAME  TestRoundTrip_lrtemplate_NP3_lrtemplate/99._E_-_Fuji_800_+_punch.lrtemplate
    roundtrip_test.go:337: Highlights: orig=-10 (expected loss: NP3 doesn't support this parameter)
=== NAME  TestRoundTrip_lrtemplate_NP3_lrtemplate/93._E_-_Fuji_800_+_iii.lrtemplate
    roundtrip_test.go:337: Highlights: orig=-10 (expected loss: NP3 doesn't support this parameter)
=== NAME  TestRoundTrip_lrtemplate_NP3_lrtemplate/92._E_-_Fuji_800_+_ii.lrtemplate
    roundtrip_test.go:337: Highlights: orig=-10 (expected loss: NP3 doesn't support this parameter)
=== NAME  TestRoundTrip_lrtemplate_NP3_lrtemplate/76._E_-_Fuji_100_+_iiii.lrtemplate
    roundtrip_test.go:337: Highlights: orig=-15 (expected loss: NP3 doesn't support this parameter)
=== NAME  TestRoundTrip_lrtemplate_NP3_lrtemplate/o_-_38._COLOR_-_Sea_Breeze.lrtemplate#01
    roundtrip_test.go:337: Split toning saturation/balance: (expected loss: NP3 only supports hue)
=== CONT  TestRoundTrip_lrtemplate_NP3_lrtemplate/79._E_-_Fuji_100_+_cool.lrtemplate
=== NAME  TestRoundTrip_lrtemplate_NP3_lrtemplate/73._E_-_Fuji_100_+_i.lrtemplate
    roundtrip_test.go:337: Highlights: orig=-15 (expected loss: NP3 doesn't support this parameter)
=== NAME  TestRoundTrip_lrtemplate_NP3_lrtemplate/80._E_-_Fuji_100_+_warm.lrtemplate
    roundtrip_test.go:337: Highlights: orig=-15 (expected loss: NP3 doesn't support this parameter)
=== NAME  TestRoundTrip_lrtemplate_NP3_lrtemplate/81._E_-_Fuji_100_+_punch.lrtemplate
    roundtrip_test.go:493: Clarity mismatch: orig=-8, final=-10 (diff=2, tolerance=1)
=== NAME  TestRoundTrip_lrtemplate_NP3_lrtemplate/18._E_-_Agfa_Optima_+_punch.lrtemplate
    roundtrip_test.go:337: Highlights: orig=-24 (expected loss: NP3 doesn't support this parameter)
=== NAME  TestRoundTrip_lrtemplate_NP3_lrtemplate/72._E_-_Fuji_Negative_+_punch.lrtemplate
    roundtrip_test.go:493: Tint mismatch: orig=-14, final=0 (diff=14, tolerance=1)
=== NAME  TestRoundTrip_lrtemplate_NP3_lrtemplate/77._E_-_Fuji_100_+_iiiii.lrtemplate
    roundtrip_test.go:337: Shadows: orig=25 (expected loss: NP3 doesn't support this parameter)
=== NAME  TestRoundTrip_lrtemplate_NP3_lrtemplate/81._E_-_Fuji_100_+_punch.lrtemplate
    roundtrip_test.go:337: Highlights: orig=-20 (expected loss: NP3 doesn't support this parameter)
=== NAME  TestRoundTrip_lrtemplate_NP3_lrtemplate/82._E_-_Fuji_400_+_i.lrtemplate
    roundtrip_test.go:337: Highlights: orig=-15 (expected loss: NP3 doesn't support this parameter)
=== NAME  TestRoundTrip_lrtemplate_NP3_lrtemplate/18._E_-_Agfa_Optima_+_punch.lrtemplate
    roundtrip_test.go:337: Shadows: orig=32 (expected loss: NP3 doesn't support this parameter)
    roundtrip_test.go:337: Whites: orig=-25 (expected loss: NP3 doesn't support this parameter)
    roundtrip_test.go:337: Blacks: orig=38 (expected loss: NP3 doesn't support this parameter)
=== CONT  TestRoundTrip_lrtemplate_NP3_lrtemplate/70._E_-_Fuji_Negative_+_cool.lrtemplate
=== NAME  TestRoundTrip_lrtemplate_NP3_lrtemplate/o_-_39._COLOR_-_Warm_Light.lrtemplate#01
    roundtrip_test.go:337: Split toning saturation/balance: (expected loss: NP3 only supports hue)
=== NAME  TestRoundTrip_lrtemplate_NP3_lrtemplate/81._E_-_Fuji_100_+_punch.lrtemplate
    roundtrip_test.go:337: Shadows: orig=20 (expected loss: NP3 doesn't support this parameter)
=== NAME  TestRoundTrip_lrtemplate_NP3_lrtemplate/o_-_39._COLOR_-_Warm_Light.lrtemplate#01
    roundtrip_test.go:337: Split toning hue: orig shadow=60, highlight=56 (NP3 has limited split toning support)
=== NAME  TestRoundTrip_lrtemplate_NP3_lrtemplate/81._E_-_Fuji_100_+_punch.lrtemplate
    roundtrip_test.go:337: Whites: orig=-10 (expected loss: NP3 doesn't support this parameter)
=== NAME  TestRoundTrip_lrtemplate_NP3_lrtemplate/72._E_-_Fuji_Negative_+_punch.lrtemplate
    roundtrip_test.go:337: Highlights: orig=-15 (expected loss: NP3 doesn't support this parameter)
=== RUN   TestRoundTrip_XMP_NP3_XMP/POL_-_Mono_+.xmp
=== NAME  TestRoundTrip_lrtemplate_NP3_lrtemplate/72._E_-_Fuji_Negative_+_punch.lrtemplate
    roundtrip_test.go:337: Shadows: orig=15 (expected loss: NP3 doesn't support this parameter)
=== NAME  TestRoundTrip_lrtemplate_NP3_lrtemplate/98._E_-_Fuji_800_+_warm.lrtemplate
    roundtrip_test.go:337: Whites: orig=-10 (expected loss: NP3 doesn't support this parameter)
=== NAME  TestRoundTrip_lrtemplate_NP3_lrtemplate/94._E_-_Fuji_800_+_iiii.lrtemplate
    roundtrip_test.go:337: Shadows: orig=25 (expected loss: NP3 doesn't support this parameter)
=== PAUSE TestRoundTrip_XMP_lrtemplate_XMP/KDK_-_Echrome_-_warm.xmp#01
=== NAME  TestRoundTrip_lrtemplate_NP3_lrtemplate/93._E_-_Fuji_800_+_iii.lrtemplate
    roundtrip_test.go:337: Shadows: orig=20 (expected loss: NP3 doesn't support this parameter)
=== RUN   TestRoundTrip_XMP_lrtemplate_XMP/KDK_-_Echrome_100_++++.xmp#01
=== PAUSE TestRoundTrip_XMP_lrtemplate_XMP/KDK_-_Echrome_100_++++.xmp#01
=== NAME  TestRoundTrip_lrtemplate_NP3_lrtemplate/93._E_-_Fuji_800_+_iii.lrtemplate
    roundtrip_test.go:337: Whites: orig=-10 (expected loss: NP3 doesn't support this parameter)
=== RUN   TestRoundTrip_XMP_lrtemplate_XMP/KDK_-_Echrome_100_+++.xmp#01
=== PAUSE TestRoundTrip_XMP_lrtemplate_XMP/KDK_-_Echrome_100_+++.xmp#01
=== NAME  TestRoundTrip_lrtemplate_NP3_lrtemplate/o_-_37._COLOR_-_Spearmint.lrtemplate#01
    roundtrip_test.go:337: Split toning hue: orig shadow=179, highlight=111 (NP3 has limited split toning support)
=== RUN   TestRoundTrip_XMP_lrtemplate_XMP/KDK_-_Echrome_100_++.xmp#01
=== NAME  TestRoundTrip_lrtemplate_NP3_lrtemplate/74._E_-_Fuji_100_+_ii.lrtemplate
    roundtrip_test.go:337: Highlights: orig=-15 (expected loss: NP3 doesn't support this parameter)
=== CONT  TestRoundTrip_lrtemplate_NP3_lrtemplate/67._E_-_Fuji_Negative_+_iiii.lrtemplate
=== NAME  TestRoundTrip_lrtemplate_NP3_lrtemplate/74._E_-_Fuji_100_+_ii.lrtemplate
    roundtrip_test.go:337: Shadows: orig=20 (expected loss: NP3 doesn't support this parameter)
    roundtrip_test.go:337: Whites: orig=-10 (expected loss: NP3 doesn't support this parameter)
=== NAME  TestRoundTrip_lrtemplate_NP3_lrtemplate/99._E_-_Fuji_800_+_punch.lrtemplate
    roundtrip_test.go:337: Shadows: orig=28 (expected loss: NP3 doesn't support this parameter)
=== NAME  TestRoundTrip_lrtemplate_NP3_lrtemplate/92._E_-_Fuji_800_+_ii.lrtemplate
    roundtrip_test.go:337: Shadows: orig=25 (expected loss: NP3 doesn't support this parameter)
=== NAME  TestRoundTrip_lrtemplate_NP3_lrtemplate/99._E_-_Fuji_800_+_punch.lrtemplate
    roundtrip_test.go:337: Whites: orig=-10 (expected loss: NP3 doesn't support this parameter)
=== NAME  TestRoundTrip_lrtemplate_NP3_lrtemplate/92._E_-_Fuji_800_+_ii.lrtemplate
    roundtrip_test.go:337: Whites: orig=-10 (expected loss: NP3 doesn't support this parameter)
=== NAME  TestRoundTrip_lrtemplate_NP3_lrtemplate/99._E_-_Fuji_800_+_punch.lrtemplate
    roundtrip_test.go:337: Blacks: orig=25 (expected loss: NP3 doesn't support this parameter)
=== NAME  TestRoundTrip_lrtemplate_NP3_lrtemplate/92._E_-_Fuji_800_+_ii.lrtemplate
    roundtrip_test.go:337: Blacks: orig=25 (expected loss: NP3 doesn't support this parameter)
=== NAME  TestRoundTrip_lrtemplate_NP3_lrtemplate/76._E_-_Fuji_100_+_iiii.lrtemplate
    roundtrip_test.go:337: Shadows: orig=20 (expected loss: NP3 doesn't support this parameter)
=== NAME  TestRoundTrip_lrtemplate_NP3_lrtemplate/o_-_38._COLOR_-_Sea_Breeze.lrtemplate#01
    roundtrip_test.go:337: Split toning hue: orig shadow=223, highlight=228 (NP3 has limited split toning support)
=== NAME  TestRoundTrip_lrtemplate_NP3_lrtemplate/76._E_-_Fuji_100_+_iiii.lrtemplate
    roundtrip_test.go:337: Whites: orig=-10 (expected loss: NP3 doesn't support this parameter)
=== CONT  TestRoundTrip_lrtemplate_NP3_lrtemplate/90._E_-_Fuji_400_+_punch.lrtemplate
=== NAME  TestRoundTrip_lrtemplate_NP3_lrtemplate/73._E_-_Fuji_100_+_i.lrtemplate
    roundtrip_test.go:337: Shadows: orig=20 (expected loss: NP3 doesn't support this parameter)
=== NAME  TestRoundTrip_lrtemplate_NP3_lrtemplate/75._E_-_Fuji_100_+_iii.lrtemplate
    roundtrip_test.go:337: Highlights: orig=-15 (expected loss: NP3 doesn't support this parameter)
=== NAME  TestRoundTrip_lrtemplate_NP3_lrtemplate/73._E_-_Fuji_100_+_i.lrtemplate
    roundtrip_test.go:337: Whites: orig=-10 (expected loss: NP3 doesn't support this parameter)
=== NAME  TestRoundTrip_lrtemplate_NP3_lrtemplate/75._E_-_Fuji_100_+_iii.lrtemplate
    roundtrip_test.go:337: Shadows: orig=20 (expected loss: NP3 doesn't support this parameter)
=== NAME  TestRoundTrip_lrtemplate_NP3_lrtemplate/73._E_-_Fuji_100_+_i.lrtemplate
    roundtrip_test.go:337: Blacks: orig=25 (expected loss: NP3 doesn't support this parameter)
=== NAME  TestRoundTrip_lrtemplate_NP3_lrtemplate/75._E_-_Fuji_100_+_iii.lrtemplate
    roundtrip_test.go:337: Whites: orig=-10 (expected loss: NP3 doesn't support this parameter)
    roundtrip_test.go:337: Blacks: orig=25 (expected loss: NP3 doesn't support this parameter)
=== NAME  TestRoundTrip_lrtemplate_NP3_lrtemplate/77._E_-_Fuji_100_+_iiiii.lrtemplate
    roundtrip_test.go:337: Whites: orig=-10 (expected loss: NP3 doesn't support this parameter)
=== CONT  TestRoundTrip_lrtemplate_NP3_lrtemplate/65._E_-_Fuji_Negative_+_ii.lrtemplate
=== NAME  TestRoundTrip_lrtemplate_NP3_lrtemplate/70._E_-_Fuji_Negative_+_cool.lrtemplate
    roundtrip_test.go:337: Highlights: orig=-10 (expected loss: NP3 doesn't support this parameter)
=== NAME  TestRoundTrip_lrtemplate_NP3_lrtemplate/82._E_-_Fuji_400_+_i.lrtemplate
    roundtrip_test.go:337: Shadows: orig=25 (expected loss: NP3 doesn't support this parameter)
=== NAME  TestRoundTrip_lrtemplate_NP3_lrtemplate/70._E_-_Fuji_Negative_+_cool.lrtemplate
    roundtrip_test.go:337: Shadows: orig=15 (expected loss: NP3 doesn't support this parameter)
    roundtrip_test.go:337: Whites: orig=-10 (expected loss: NP3 doesn't support this parameter)
=== NAME  TestRoundTrip_lrtemplate_NP3_lrtemplate/17._E_-_Agfa_Optima_+_warm.lrtemplate
    roundtrip_test.go:337: Highlights: orig=-23 (expected loss: NP3 doesn't support this parameter)
=== NAME  TestRoundTrip_lrtemplate_NP3_lrtemplate/97._E_-_Fuji_800_+_cool.lrtemplate
    roundtrip_test.go:337: Highlights: orig=-10 (expected loss: NP3 doesn't support this parameter)
=== CONT  TestRoundTrip_lrtemplate_NP3_lrtemplate/69._E_-_Fuji_Negative_+_fade.lrtemplate
=== NAME  TestRoundTrip_lrtemplate_NP3_lrtemplate/81._E_-_Fuji_100_+_punch.lrtemplate
    roundtrip_test.go:337: Blacks: orig=25 (expected loss: NP3 doesn't support this parameter)
=== PAUSE TestRoundTrip_XMP_NP3_XMP/POL_-_Mono_+.xmp
=== NAME  TestRoundTrip_lrtemplate_NP3_lrtemplate/17._E_-_Agfa_Optima_+_warm.lrtemplate
    roundtrip_test.go:337: Shadows: orig=23 (expected loss: NP3 doesn't support this parameter)
=== CONT  TestRoundTrip_lrtemplate_NP3_lrtemplate/85._E_-_Fuji_400_+_iiii.lrtemplate
=== NAME  TestRoundTrip_lrtemplate_NP3_lrtemplate/17._E_-_Agfa_Optima_+_warm.lrtemplate
    roundtrip_test.go:337: Whites: orig=-23 (expected loss: NP3 doesn't support this parameter)
    roundtrip_test.go:337: Blacks: orig=30 (expected loss: NP3 doesn't support this parameter)
=== NAME  TestRoundTrip_lrtemplate_NP3_lrtemplate/97._E_-_Fuji_800_+_cool.lrtemplate
    roundtrip_test.go:337: Shadows: orig=25 (expected loss: NP3 doesn't support this parameter)
=== CONT  TestRoundTrip_lrtemplate_NP3_lrtemplate/64._E_-_Fuji_Negative_+_i.lrtemplate
=== NAME  TestRoundTrip_lrtemplate_NP3_lrtemplate/97._E_-_Fuji_800_+_cool.lrtemplate
    roundtrip_test.go:337: Whites: orig=-10 (expected loss: NP3 doesn't support this parameter)
    roundtrip_test.go:337: Blacks: orig=25 (expected loss: NP3 doesn't support this parameter)
=== NAME  TestRoundTrip_lrtemplate_NP3_lrtemplate/70._E_-_Fuji_Negative_+_cool.lrtemplate
    roundtrip_test.go:337: Blacks: orig=-10 (expected loss: NP3 doesn't support this parameter)
=== RUN   TestRoundTrip_XMP_NP3_XMP/POL_-_Mono_-_boost.xmp
=== CONT  TestRoundTrip_lrtemplate_NP3_lrtemplate/16._E_-_Agfa_Optima_+_cool.lrtemplate
=== PAUSE TestRoundTrip_XMP_NP3_XMP/POL_-_Mono_-_boost.xmp
=== RUN   TestRoundTrip_XMP_NP3_XMP/POL_-_Mono_-_film.xmp
=== PAUSE TestRoundTrip_XMP_NP3_XMP/POL_-_Mono_-_film.xmp
=== NAME  TestRoundTrip_lrtemplate_NP3_lrtemplate/79._E_-_Fuji_100_+_cool.lrtemplate
    roundtrip_test.go:337: Highlights: orig=-15 (expected loss: NP3 doesn't support this parameter)
=== NAME  TestRoundTrip_lrtemplate_NP3_lrtemplate/90._E_-_Fuji_400_+_punch.lrtemplate
    roundtrip_test.go:337: Highlights: orig=-26 (expected loss: NP3 doesn't support this parameter)
=== NAME  TestRoundTrip_lrtemplate_NP3_lrtemplate/72._E_-_Fuji_Negative_+_punch.lrtemplate
    roundtrip_test.go:337: Whites: orig=-10 (expected loss: NP3 doesn't support this parameter)
=== NAME  TestRoundTrip_lrtemplate_NP3_lrtemplate/98._E_-_Fuji_800_+_warm.lrtemplate
    roundtrip_test.go:337: Blacks: orig=25 (expected loss: NP3 doesn't support this parameter)
=== NAME  TestRoundTrip_lrtemplate_NP3_lrtemplate/68._E_-_Fuji_Negative_+_iiiii.lrtemplate
    roundtrip_test.go:337: Highlights: orig=-10 (expected loss: NP3 doesn't support this parameter)
=== NAME  TestRoundTrip_lrtemplate_NP3_lrtemplate/94._E_-_Fuji_800_+_iiii.lrtemplate
    roundtrip_test.go:337: Whites: orig=-10 (expected loss: NP3 doesn't support this parameter)
    roundtrip_test.go:337: Blacks: orig=25 (expected loss: NP3 doesn't support this parameter)
=== CONT  TestRoundTrip_lrtemplate_NP3_lrtemplate/88._E_-_Fuji_400_+_cool.lrtemplate
=== NAME  TestRoundTrip_lrtemplate_NP3_lrtemplate/93._E_-_Fuji_800_+_iii.lrtemplate
    roundtrip_test.go:337: Blacks: orig=25 (expected loss: NP3 doesn't support this parameter)
=== CONT  TestRoundTrip_lrtemplate_NP3_lrtemplate/52._E_-_Fuji_Fortia_+_cool.lrtemplate
=== PAUSE TestRoundTrip_XMP_lrtemplate_XMP/KDK_-_Echrome_100_++.xmp#01
=== NAME  TestRoundTrip_lrtemplate_NP3_lrtemplate/74._E_-_Fuji_100_+_ii.lrtemplate
    roundtrip_test.go:337: Blacks: orig=25 (expected loss: NP3 doesn't support this parameter)
=== CONT  TestRoundTrip_lrtemplate_NP3_lrtemplate/61._E_-_Fuji_XPro_+_cool.lrtemplate
=== CONT  TestRoundTrip_lrtemplate_NP3_lrtemplate/78._E_-_Fuji_100_+_fade.lrtemplate
=== NAME  TestRoundTrip_lrtemplate_NP3_lrtemplate/76._E_-_Fuji_100_+_iiii.lrtemplate
    roundtrip_test.go:337: Blacks: orig=25 (expected loss: NP3 doesn't support this parameter)
=== CONT  TestRoundTrip_lrtemplate_NP3_lrtemplate/51._E_-_Fuji_Fortia_+_fade.lrtemplate
=== NAME  TestRoundTrip_lrtemplate_NP3_lrtemplate/80._E_-_Fuji_100_+_warm.lrtemplate
    roundtrip_test.go:337: Shadows: orig=20 (expected loss: NP3 doesn't support this parameter)
=== CONT  TestRoundTrip_lrtemplate_NP3_lrtemplate/60._E_-_Fuji_XPro_+_fade.lrtemplate
=== NAME  TestRoundTrip_lrtemplate_NP3_lrtemplate/65._E_-_Fuji_Negative_+_ii.lrtemplate
    roundtrip_test.go:337: Highlights: orig=-10 (expected loss: NP3 doesn't support this parameter)
    roundtrip_test.go:337: Shadows: orig=15 (expected loss: NP3 doesn't support this parameter)
=== NAME  TestRoundTrip_lrtemplate_NP3_lrtemplate/80._E_-_Fuji_100_+_warm.lrtemplate
    roundtrip_test.go:337: Whites: orig=-10 (expected loss: NP3 doesn't support this parameter)
=== NAME  TestRoundTrip_lrtemplate_NP3_lrtemplate/65._E_-_Fuji_Negative_+_ii.lrtemplate
    roundtrip_test.go:337: Whites: orig=-10 (expected loss: NP3 doesn't support this parameter)
=== NAME  TestRoundTrip_lrtemplate_NP3_lrtemplate/80._E_-_Fuji_100_+_warm.lrtemplate
    roundtrip_test.go:337: Blacks: orig=25 (expected loss: NP3 doesn't support this parameter)
=== NAME  TestRoundTrip_lrtemplate_NP3_lrtemplate/69._E_-_Fuji_Negative_+_fade.lrtemplate
    roundtrip_test.go:337: Highlights: orig=-10 (expected loss: NP3 doesn't support this parameter)
=== NAME  TestRoundTrip_lrtemplate_NP3_lrtemplate/65._E_-_Fuji_Negative_+_ii.lrtemplate
    roundtrip_test.go:337: Blacks: orig=-20 (expected loss: NP3 doesn't support this parameter)
=== NAME  TestRoundTrip_lrtemplate_NP3_lrtemplate/77._E_-_Fuji_100_+_iiiii.lrtemplate
    roundtrip_test.go:337: Blacks: orig=8 (expected loss: NP3 doesn't support this parameter)
=== CONT  TestRoundTrip_lrtemplate_NP3_lrtemplate/47._E_-_Fuji_Fortia_+_ii.lrtemplate
=== NAME  TestRoundTrip_lrtemplate_NP3_lrtemplate/82._E_-_Fuji_400_+_i.lrtemplate
    roundtrip_test.go:337: Whites: orig=-10 (expected loss: NP3 doesn't support this parameter)
=== NAME  TestRoundTrip_lrtemplate_NP3_lrtemplate/16._E_-_Agfa_Optima_+_cool.lrtemplate
    roundtrip_test.go:337: Highlights: orig=-23 (expected loss: NP3 doesn't support this parameter)
=== NAME  TestRoundTrip_lrtemplate_NP3_lrtemplate/85._E_-_Fuji_400_+_iiii.lrtemplate
    roundtrip_test.go:337: Highlights: orig=-15 (expected loss: NP3 doesn't support this parameter)
    roundtrip_test.go:337: Shadows: orig=25 (expected loss: NP3 doesn't support this parameter)
=== NAME  TestRoundTrip_lrtemplate_NP3_lrtemplate/82._E_-_Fuji_400_+_i.lrtemplate
    roundtrip_test.go:337: Blacks: orig=25 (expected loss: NP3 doesn't support this parameter)
=== NAME  TestRoundTrip_lrtemplate_NP3_lrtemplate/85._E_-_Fuji_400_+_iiii.lrtemplate
    roundtrip_test.go:337: Whites: orig=-10 (expected loss: NP3 doesn't support this parameter)
    roundtrip_test.go:337: Blacks: orig=25 (expected loss: NP3 doesn't support this parameter)
=== NAME  TestRoundTrip_lrtemplate_NP3_lrtemplate/16._E_-_Agfa_Optima_+_cool.lrtemplate
    roundtrip_test.go:337: Shadows: orig=23 (expected loss: NP3 doesn't support this parameter)
=== CONT  TestRoundTrip_lrtemplate_NP3_lrtemplate/43._E_-_Fuji_Astia_+_cool.lrtemplate
=== NAME  TestRoundTrip_lrtemplate_NP3_lrtemplate/16._E_-_Agfa_Optima_+_cool.lrtemplate
    roundtrip_test.go:337: Whites: orig=-23 (expected loss: NP3 doesn't support this parameter)
    roundtrip_test.go:337: Blacks: orig=33 (expected loss: NP3 doesn't support this parameter)
=== RUN   TestRoundTrip_XMP_NP3_XMP/POL_-_Mono.xmp
=== CONT  TestRoundTrip_lrtemplate_NP3_lrtemplate/87._E_-_Fuji_400_+_fade.lrtemplate
=== PAUSE TestRoundTrip_XMP_NP3_XMP/POL_-_Mono.xmp
=== NAME  TestRoundTrip_lrtemplate_NP3_lrtemplate/79._E_-_Fuji_100_+_cool.lrtemplate
    roundtrip_test.go:337: Shadows: orig=20 (expected loss: NP3 doesn't support this parameter)
=== NAME  TestRoundTrip_lrtemplate_NP3_lrtemplate/90._E_-_Fuji_400_+_punch.lrtemplate
    roundtrip_test.go:337: Shadows: orig=26 (expected loss: NP3 doesn't support this parameter)
    roundtrip_test.go:337: Whites: orig=-16 (expected loss: NP3 doesn't support this parameter)
=== NAME  TestRoundTrip_lrtemplate_NP3_lrtemplate/72._E_-_Fuji_Negative_+_punch.lrtemplate
    roundtrip_test.go:337: Blacks: orig=-20 (expected loss: NP3 doesn't support this parameter)
=== CONT  TestRoundTrip_lrtemplate_NP3_lrtemplate/45._E_-_Fuji_Astia_+_punch.lrtemplate
=== CONT  TestRoundTrip_lrtemplate_NP3_lrtemplate/58._E_-_Fuji_XPro_+_iiii.lrtemplate
=== NAME  TestRoundTrip_lrtemplate_NP3_lrtemplate/78._E_-_Fuji_100_+_fade.lrtemplate
    roundtrip_test.go:337: Highlights: orig=-15 (expected loss: NP3 doesn't support this parameter)
=== NAME  TestRoundTrip_lrtemplate_NP3_lrtemplate/52._E_-_Fuji_Fortia_+_cool.lrtemplate
    roundtrip_test.go:337: Vibrance reset to 0: orig=10 (may be due to Picture Control base mapping)
=== NAME  TestRoundTrip_lrtemplate_NP3_lrtemplate/61._E_-_Fuji_XPro_+_cool.lrtemplate
    roundtrip_test.go:337: Highlights: orig=-17 (expected loss: NP3 doesn't support this parameter)
    roundtrip_test.go:337: Shadows: orig=27 (expected loss: NP3 doesn't support this parameter)
    roundtrip_test.go:337: Whites: orig=-17 (expected loss: NP3 doesn't support this parameter)
=== NAME  TestRoundTrip_lrtemplate_NP3_lrtemplate/47._E_-_Fuji_Fortia_+_ii.lrtemplate
    roundtrip_test.go:337: Vibrance reset to 0: orig=6 (may be due to Picture Control base mapping)
=== NAME  TestRoundTrip_lrtemplate_NP3_lrtemplate/61._E_-_Fuji_XPro_+_cool.lrtemplate
    roundtrip_test.go:337: Blacks: orig=27 (expected loss: NP3 doesn't support this parameter)
    roundtrip_test.go:337: Split toning saturation/balance: (expected loss: NP3 only supports hue)
    roundtrip_test.go:337: Split toning hue: orig shadow=210, highlight=0 (NP3 has limited split toning support)
=== NAME  TestRoundTrip_lrtemplate_NP3_lrtemplate/68._E_-_Fuji_Negative_+_iiiii.lrtemplate
    roundtrip_test.go:337: Shadows: orig=15 (expected loss: NP3 doesn't support this parameter)
=== CONT  TestRoundTrip_lrtemplate_NP3_lrtemplate/84._E_-_Fuji_400_+_iii.lrtemplate
=== NAME  TestRoundTrip_lrtemplate_NP3_lrtemplate/68._E_-_Fuji_Negative_+_iiiii.lrtemplate
    roundtrip_test.go:337: Whites: orig=-10 (expected loss: NP3 doesn't support this parameter)
=== NAME  TestRoundTrip_lrtemplate_NP3_lrtemplate/51._E_-_Fuji_Fortia_+_fade.lrtemplate
    roundtrip_test.go:337: Vibrance reset to 0: orig=5 (may be due to Picture Control base mapping)
=== NAME  TestRoundTrip_lrtemplate_NP3_lrtemplate/68._E_-_Fuji_Negative_+_iiiii.lrtemplate
    roundtrip_test.go:337: Blacks: orig=-20 (expected loss: NP3 doesn't support this parameter)
=== NAME  TestRoundTrip_lrtemplate_NP3_lrtemplate/60._E_-_Fuji_XPro_+_fade.lrtemplate
    roundtrip_test.go:337: Highlights: orig=-18 (expected loss: NP3 doesn't support this parameter)
=== NAME  TestRoundTrip_lrtemplate_NP3_lrtemplate/52._E_-_Fuji_Fortia_+_cool.lrtemplate
    roundtrip_test.go:493: Tint mismatch: orig=-5, final=0 (diff=5, tolerance=1)
=== CONT  TestRoundTrip_lrtemplate_NP3_lrtemplate/42._E_-_Fuji_Astia_+_fade.lrtemplate
=== NAME  TestRoundTrip_lrtemplate_NP3_lrtemplate/60._E_-_Fuji_XPro_+_fade.lrtemplate
    roundtrip_test.go:337: Shadows: orig=18 (expected loss: NP3 doesn't support this parameter)
    roundtrip_test.go:337: Whites: orig=-15 (expected loss: NP3 doesn't support this parameter)
=== NAME  TestRoundTrip_lrtemplate_NP3_lrtemplate/67._E_-_Fuji_Negative_+_iiii.lrtemplate
    roundtrip_test.go:337: Highlights: orig=-10 (expected loss: NP3 doesn't support this parameter)
=== NAME  TestRoundTrip_lrtemplate_NP3_lrtemplate/43._E_-_Fuji_Astia_+_cool.lrtemplate
    roundtrip_test.go:337: Highlights: orig=-22 (expected loss: NP3 doesn't support this parameter)
    roundtrip_test.go:337: Shadows: orig=18 (expected loss: NP3 doesn't support this parameter)
=== RUN   TestRoundTrip_XMP_lrtemplate_XMP/KDK_-_Echrome_100_+.xmp#01
=== CONT  TestRoundTrip_lrtemplate_NP3_lrtemplate/63._E_-_Fuji_XPro_+_punch.lrtemplate
=== CONT  TestRoundTrip_lrtemplate_NP3_lrtemplate/50._E_-_Fuji_Fortia_+_iiiii.lrtemplate
=== NAME  TestRoundTrip_lrtemplate_NP3_lrtemplate/69._E_-_Fuji_Negative_+_fade.lrtemplate
    roundtrip_test.go:337: Shadows: orig=15 (expected loss: NP3 doesn't support this parameter)
    roundtrip_test.go:337: Whites: orig=-10 (expected loss: NP3 doesn't support this parameter)
    roundtrip_test.go:337: Blacks: orig=-25 (expected loss: NP3 doesn't support this parameter)
=== CONT  TestRoundTrip_lrtemplate_NP3_lrtemplate/66._E_-_Fuji_Negative_+_iii.lrtemplate
=== CONT  TestRoundTrip_lrtemplate_NP3_lrtemplate/40._E_-_Fuji_Astia_+_iiii.lrtemplate
=== CONT  TestRoundTrip_lrtemplate_NP3_lrtemplate/62._E_-_Fuji_XPro_+_warm.lrtemplate
=== CONT  TestRoundTrip_lrtemplate_NP3_lrtemplate/46._E_-_Fuji_Fortia_+_i.lrtemplate
=== NAME  TestRoundTrip_lrtemplate_NP3_lrtemplate/64._E_-_Fuji_Negative_+_i.lrtemplate
    roundtrip_test.go:337: Highlights: orig=-20 (expected loss: NP3 doesn't support this parameter)
=== NAME  TestRoundTrip_lrtemplate_NP3_lrtemplate/79._E_-_Fuji_100_+_cool.lrtemplate
    roundtrip_test.go:337: Whites: orig=-10 (expected loss: NP3 doesn't support this parameter)
=== NAME  TestRoundTrip_lrtemplate_NP3_lrtemplate/45._E_-_Fuji_Astia_+_punch.lrtemplate
    roundtrip_test.go:493: Clarity mismatch: orig=7, final=5 (diff=2, tolerance=1)
=== NAME  TestRoundTrip_lrtemplate_NP3_lrtemplate/79._E_-_Fuji_100_+_cool.lrtemplate
    roundtrip_test.go:337: Blacks: orig=25 (expected loss: NP3 doesn't support this parameter)
=== NAME  TestRoundTrip_lrtemplate_NP3_lrtemplate/45._E_-_Fuji_Astia_+_punch.lrtemplate
    roundtrip_test.go:337: Highlights: orig=-25 (expected loss: NP3 doesn't support this parameter)
=== CONT  TestRoundTrip_lrtemplate_NP3_lrtemplate/71._E_-_Fuji_Negative_+_warm.lrtemplate
=== NAME  TestRoundTrip_lrtemplate_NP3_lrtemplate/45._E_-_Fuji_Astia_+_punch.lrtemplate
    roundtrip_test.go:337: Shadows: orig=25 (expected loss: NP3 doesn't support this parameter)
    roundtrip_test.go:337: Blacks: orig=27 (expected loss: NP3 doesn't support this parameter)
=== NAME  TestRoundTrip_lrtemplate_NP3_lrtemplate/90._E_-_Fuji_400_+_punch.lrtemplate
    roundtrip_test.go:337: Blacks: orig=26 (expected loss: NP3 doesn't support this parameter)
=== NAME  TestRoundTrip_lrtemplate_NP3_lrtemplate/88._E_-_Fuji_400_+_cool.lrtemplate
    roundtrip_test.go:337: Highlights: orig=-15 (expected loss: NP3 doesn't support this parameter)
=== NAME  TestRoundTrip_lrtemplate_NP3_lrtemplate/78._E_-_Fuji_100_+_fade.lrtemplate
    roundtrip_test.go:337: Shadows: orig=20 (expected loss: NP3 doesn't support this parameter)
=== NAME  TestRoundTrip_lrtemplate_NP3_lrtemplate/88._E_-_Fuji_400_+_cool.lrtemplate
    roundtrip_test.go:337: Shadows: orig=25 (expected loss: NP3 doesn't support this parameter)
=== NAME  TestRoundTrip_lrtemplate_NP3_lrtemplate/78._E_-_Fuji_100_+_fade.lrtemplate
    roundtrip_test.go:337: Whites: orig=-10 (expected loss: NP3 doesn't support this parameter)
=== NAME  TestRoundTrip_lrtemplate_NP3_lrtemplate/88._E_-_Fuji_400_+_cool.lrtemplate
    roundtrip_test.go:337: Whites: orig=-10 (expected loss: NP3 doesn't support this parameter)
=== NAME  TestRoundTrip_lrtemplate_NP3_lrtemplate/42._E_-_Fuji_Astia_+_fade.lrtemplate
    roundtrip_test.go:493: Tint mismatch: orig=3, final=0 (diff=3, tolerance=1)
=== NAME  TestRoundTrip_lrtemplate_NP3_lrtemplate/84._E_-_Fuji_400_+_iii.lrtemplate
    roundtrip_test.go:337: Highlights: orig=-18 (expected loss: NP3 doesn't support this parameter)
=== NAME  TestRoundTrip_lrtemplate_NP3_lrtemplate/42._E_-_Fuji_Astia_+_fade.lrtemplate
    roundtrip_test.go:337: Highlights: orig=-22 (expected loss: NP3 doesn't support this parameter)
=== NAME  TestRoundTrip_lrtemplate_NP3_lrtemplate/84._E_-_Fuji_400_+_iii.lrtemplate
    roundtrip_test.go:337: Shadows: orig=28 (expected loss: NP3 doesn't support this parameter)
    roundtrip_test.go:337: Whites: orig=-12 (expected loss: NP3 doesn't support this parameter)
    roundtrip_test.go:337: Blacks: orig=27 (expected loss: NP3 doesn't support this parameter)
=== NAME  TestRoundTrip_lrtemplate_NP3_lrtemplate/42._E_-_Fuji_Astia_+_fade.lrtemplate
    roundtrip_test.go:337: Shadows: orig=22 (expected loss: NP3 doesn't support this parameter)
=== CONT  TestRoundTrip_lrtemplate_NP3_lrtemplate/41._E_-_Fuji_Astia_+_iiiii.lrtemplate
=== NAME  TestRoundTrip_lrtemplate_NP3_lrtemplate/42._E_-_Fuji_Astia_+_fade.lrtemplate
    roundtrip_test.go:337: Blacks: orig=28 (expected loss: NP3 doesn't support this parameter)
=== NAME  TestRoundTrip_lrtemplate_NP3_lrtemplate/50._E_-_Fuji_Fortia_+_iiiii.lrtemplate
    roundtrip_test.go:337: Vibrance reset to 0: orig=10 (may be due to Picture Control base mapping)
=== NAME  TestRoundTrip_lrtemplate_NP3_lrtemplate/63._E_-_Fuji_XPro_+_punch.lrtemplate
    roundtrip_test.go:337: Highlights: orig=-12 (expected loss: NP3 doesn't support this parameter)
=== NAME  TestRoundTrip_lrtemplate_NP3_lrtemplate/67._E_-_Fuji_Negative_+_iiii.lrtemplate
    roundtrip_test.go:337: Shadows: orig=15 (expected loss: NP3 doesn't support this parameter)
=== NAME  TestRoundTrip_lrtemplate_NP3_lrtemplate/50._E_-_Fuji_Fortia_+_iiiii.lrtemplate
    roundtrip_test.go:493: Tint mismatch: orig=-3, final=0 (diff=3, tolerance=1)
=== NAME  TestRoundTrip_lrtemplate_NP3_lrtemplate/43._E_-_Fuji_Astia_+_cool.lrtemplate
    roundtrip_test.go:337: Blacks: orig=22 (expected loss: NP3 doesn't support this parameter)
=== NAME  TestRoundTrip_lrtemplate_NP3_lrtemplate/50._E_-_Fuji_Fortia_+_iiiii.lrtemplate
    roundtrip_test.go:337: Highlights: orig=-28 (expected loss: NP3 doesn't support this parameter)
    roundtrip_test.go:337: Shadows: orig=18 (expected loss: NP3 doesn't support this parameter)
=== CONT  TestRoundTrip_lrtemplate_NP3_lrtemplate/38._E_-_Fuji_Astia_+_ii.lrtemplate
=== NAME  TestRoundTrip_lrtemplate_NP3_lrtemplate/50._E_-_Fuji_Fortia_+_iiiii.lrtemplate
    roundtrip_test.go:337: Blacks: orig=18 (expected loss: NP3 doesn't support this parameter)
=== CONT  TestRoundTrip_lrtemplate_NP3_lrtemplate/13._E_-_Agfa_Optima_+_iiii.lrtemplate
=== NAME  TestRoundTrip_lrtemplate_NP3_lrtemplate/87._E_-_Fuji_400_+_fade.lrtemplate
    roundtrip_test.go:337: Highlights: orig=-15 (expected loss: NP3 doesn't support this parameter)
=== NAME  TestRoundTrip_lrtemplate_NP3_lrtemplate/46._E_-_Fuji_Fortia_+_i.lrtemplate
    roundtrip_test.go:337: Vibrance reset to 0: orig=5 (may be due to Picture Control base mapping)
=== NAME  TestRoundTrip_lrtemplate_NP3_lrtemplate/64._E_-_Fuji_Negative_+_i.lrtemplate
    roundtrip_test.go:337: Shadows: orig=20 (expected loss: NP3 doesn't support this parameter)
=== NAME  TestRoundTrip_lrtemplate_NP3_lrtemplate/46._E_-_Fuji_Fortia_+_i.lrtemplate
    roundtrip_test.go:337: Highlights: orig=-20 (expected loss: NP3 doesn't support this parameter)
=== NAME  TestRoundTrip_lrtemplate_NP3_lrtemplate/71._E_-_Fuji_Negative_+_warm.lrtemplate
    roundtrip_test.go:337: Highlights: orig=-10 (expected loss: NP3 doesn't support this parameter)
    roundtrip_test.go:337: Shadows: orig=15 (expected loss: NP3 doesn't support this parameter)
=== NAME  TestRoundTrip_lrtemplate_NP3_lrtemplate/87._E_-_Fuji_400_+_fade.lrtemplate
    roundtrip_test.go:337: Shadows: orig=25 (expected loss: NP3 doesn't support this parameter)
=== CONT  TestRoundTrip_lrtemplate_NP3_lrtemplate/53._E_-_Fuji_Fortia_+_warm.lrtemplate
=== CONT  TestRoundTrip_lrtemplate_NP3_lrtemplate/39._E_-_Fuji_Astia_+_iii.lrtemplate
=== NAME  TestRoundTrip_lrtemplate_NP3_lrtemplate/58._E_-_Fuji_XPro_+_iiii.lrtemplate
    roundtrip_test.go:337: Highlights: orig=-12 (expected loss: NP3 doesn't support this parameter)
=== NAME  TestRoundTrip_lrtemplate_NP3_lrtemplate/66._E_-_Fuji_Negative_+_iii.lrtemplate
    roundtrip_test.go:337: Highlights: orig=-8 (expected loss: NP3 doesn't support this parameter)
    roundtrip_test.go:337: Shadows: orig=10 (expected loss: NP3 doesn't support this parameter)
    roundtrip_test.go:337: Whites: orig=-12 (expected loss: NP3 doesn't support this parameter)
=== NAME  TestRoundTrip_lrtemplate_NP3_lrtemplate/58._E_-_Fuji_XPro_+_iiii.lrtemplate
    roundtrip_test.go:337: Shadows: orig=22 (expected loss: NP3 doesn't support this parameter)
=== CONT  TestRoundTrip_lrtemplate_NP3_lrtemplate/48._E_-_Fuji_Fortia_+_iii.lrtemplate
=== NAME  TestRoundTrip_lrtemplate_NP3_lrtemplate/58._E_-_Fuji_XPro_+_iiii.lrtemplate
    roundtrip_test.go:337: Whites: orig=-12 (expected loss: NP3 doesn't support this parameter)
=== NAME  TestRoundTrip_lrtemplate_NP3_lrtemplate/78._E_-_Fuji_100_+_fade.lrtemplate
    roundtrip_test.go:337: Blacks: orig=25 (expected loss: NP3 doesn't support this parameter)
=== CONT  TestRoundTrip_lrtemplate_NP3_lrtemplate/44._E_-_Fuji_Astia_+_warm.lrtemplate
=== NAME  TestRoundTrip_lrtemplate_NP3_lrtemplate/88._E_-_Fuji_400_+_cool.lrtemplate
    roundtrip_test.go:337: Blacks: orig=25 (expected loss: NP3 doesn't support this parameter)
=== CONT  TestRoundTrip_lrtemplate_NP3_lrtemplate/83._E_-_Fuji_400_+_ii.lrtemplate
=== NAME  TestRoundTrip_lrtemplate_NP3_lrtemplate/51._E_-_Fuji_Fortia_+_fade.lrtemplate
    roundtrip_test.go:493: Tint mismatch: orig=-3, final=0 (diff=3, tolerance=1)
    roundtrip_test.go:337: Highlights: orig=-28 (expected loss: NP3 doesn't support this parameter)
=== NAME  TestRoundTrip_lrtemplate_NP3_lrtemplate/52._E_-_Fuji_Fortia_+_cool.lrtemplate
    roundtrip_test.go:337: Highlights: orig=-28 (expected loss: NP3 doesn't support this parameter)
=== NAME  TestRoundTrip_lrtemplate_NP3_lrtemplate/13._E_-_Agfa_Optima_+_iiii.lrtemplate
    roundtrip_test.go:337: Highlights: orig=-27 (expected loss: NP3 doesn't support this parameter)
=== NAME  TestRoundTrip_lrtemplate_NP3_lrtemplate/38._E_-_Fuji_Astia_+_ii.lrtemplate
    roundtrip_test.go:337: Sharpness mismatch: orig=38, final=0 (diff=38, tolerance=10)
=== NAME  TestRoundTrip_lrtemplate_NP3_lrtemplate/52._E_-_Fuji_Fortia_+_cool.lrtemplate
    roundtrip_test.go:337: Shadows: orig=18 (expected loss: NP3 doesn't support this parameter)
=== NAME  TestRoundTrip_lrtemplate_NP3_lrtemplate/38._E_-_Fuji_Astia_+_ii.lrtemplate
    roundtrip_test.go:337: Highlights: orig=-22 (expected loss: NP3 doesn't support this parameter)
=== NAME  TestRoundTrip_lrtemplate_NP3_lrtemplate/52._E_-_Fuji_Fortia_+_cool.lrtemplate
    roundtrip_test.go:337: Blacks: orig=18 (expected loss: NP3 doesn't support this parameter)
=== CONT  TestRoundTrip_lrtemplate_NP3_lrtemplate/33._E_-_Fuji_Provia_+_fade.lrtemplate
=== NAME  TestRoundTrip_lrtemplate_NP3_lrtemplate/60._E_-_Fuji_XPro_+_fade.lrtemplate
    roundtrip_test.go:337: Blacks: orig=18 (expected loss: NP3 doesn't support this parameter)
    roundtrip_test.go:337: Split toning saturation/balance: (expected loss: NP3 only supports hue)
=== NAME  TestRoundTrip_lrtemplate_NP3_lrtemplate/63._E_-_Fuji_XPro_+_punch.lrtemplate
    roundtrip_test.go:337: Shadows: orig=22 (expected loss: NP3 doesn't support this parameter)
=== NAME  TestRoundTrip_lrtemplate_NP3_lrtemplate/67._E_-_Fuji_Negative_+_iiii.lrtemplate
    roundtrip_test.go:337: Whites: orig=-10 (expected loss: NP3 doesn't support this parameter)
=== NAME  TestRoundTrip_lrtemplate_NP3_lrtemplate/63._E_-_Fuji_XPro_+_punch.lrtemplate
    roundtrip_test.go:337: Whites: orig=-12 (expected loss: NP3 doesn't support this parameter)
=== NAME  TestRoundTrip_lrtemplate_NP3_lrtemplate/67._E_-_Fuji_Negative_+_iiii.lrtemplate
    roundtrip_test.go:337: Blacks: orig=-15 (expected loss: NP3 doesn't support this parameter)
=== PAUSE TestRoundTrip_XMP_lrtemplate_XMP/KDK_-_Echrome_100_+.xmp#01
=== NAME  TestRoundTrip_lrtemplate_NP3_lrtemplate/39._E_-_Fuji_Astia_+_iii.lrtemplate
    roundtrip_test.go:337: Sharpness mismatch: orig=38, final=0 (diff=38, tolerance=10)
=== CONT  TestRoundTrip_lrtemplate_NP3_lrtemplate/89._E_-_Fuji_400_+_warm.lrtemplate
=== NAME  TestRoundTrip_lrtemplate_NP3_lrtemplate/40._E_-_Fuji_Astia_+_iiii.lrtemplate
    roundtrip_test.go:337: Highlights: orig=-22 (expected loss: NP3 doesn't support this parameter)
=== NAME  TestRoundTrip_lrtemplate_NP3_lrtemplate/53._E_-_Fuji_Fortia_+_warm.lrtemplate
    roundtrip_test.go:337: Vibrance reset to 0: orig=15 (may be due to Picture Control base mapping)
=== NAME  TestRoundTrip_lrtemplate_NP3_lrtemplate/64._E_-_Fuji_Negative_+_i.lrtemplate
    roundtrip_test.go:337: Whites: orig=-10 (expected loss: NP3 doesn't support this parameter)
=== NAME  TestRoundTrip_lrtemplate_NP3_lrtemplate/53._E_-_Fuji_Fortia_+_warm.lrtemplate
    roundtrip_test.go:337: Highlights: orig=-28 (expected loss: NP3 doesn't support this parameter)
=== NAME  TestRoundTrip_lrtemplate_NP3_lrtemplate/64._E_-_Fuji_Negative_+_i.lrtemplate
    roundtrip_test.go:337: Blacks: orig=20 (expected loss: NP3 doesn't support this parameter)
=== NAME  TestRoundTrip_lrtemplate_NP3_lrtemplate/53._E_-_Fuji_Fortia_+_warm.lrtemplate
    roundtrip_test.go:337: Shadows: orig=18 (expected loss: NP3 doesn't support this parameter)
    roundtrip_test.go:337: Blacks: orig=18 (expected loss: NP3 doesn't support this parameter)
=== CONT  TestRoundTrip_lrtemplate_NP3_lrtemplate/31._E_-_Fuji_Provia_+_iiii.lrtemplate
=== RUN   TestRoundTrip_XMP_NP3_XMP/COLOR_-_Lavender.xmp#02
=== NAME  TestRoundTrip_lrtemplate_NP3_lrtemplate/53._E_-_Fuji_Fortia_+_warm.lrtemplate
    roundtrip_test.go:337: Split toning hue: orig shadow=0, highlight=275 (NP3 has limited split toning support)
=== PAUSE TestRoundTrip_XMP_NP3_XMP/COLOR_-_Lavender.xmp#02
=== NAME  TestRoundTrip_lrtemplate_NP3_lrtemplate/46._E_-_Fuji_Fortia_+_i.lrtemplate
    roundtrip_test.go:337: Shadows: orig=18 (expected loss: NP3 doesn't support this parameter)
=== NAME  TestRoundTrip_lrtemplate_NP3_lrtemplate/83._E_-_Fuji_400_+_ii.lrtemplate
    roundtrip_test.go:337: Highlights: orig=-15 (expected loss: NP3 doesn't support this parameter)
=== NAME  TestRoundTrip_lrtemplate_NP3_lrtemplate/87._E_-_Fuji_400_+_fade.lrtemplate
    roundtrip_test.go:337: Whites: orig=-10 (expected loss: NP3 doesn't support this parameter)
=== NAME  TestRoundTrip_lrtemplate_NP3_lrtemplate/83._E_-_Fuji_400_+_ii.lrtemplate
    roundtrip_test.go:337: Shadows: orig=25 (expected loss: NP3 doesn't support this parameter)
=== NAME  TestRoundTrip_lrtemplate_NP3_lrtemplate/87._E_-_Fuji_400_+_fade.lrtemplate
    roundtrip_test.go:337: Blacks: orig=25 (expected loss: NP3 doesn't support this parameter)
=== NAME  TestRoundTrip_lrtemplate_NP3_lrtemplate/83._E_-_Fuji_400_+_ii.lrtemplate
    roundtrip_test.go:337: Whites: orig=-10 (expected loss: NP3 doesn't support this parameter)
=== CONT  TestRoundTrip_lrtemplate_NP3_lrtemplate/25._E_-_Fuji_Sensia_+_cool.lrtemplate
=== NAME  TestRoundTrip_lrtemplate_NP3_lrtemplate/44._E_-_Fuji_Astia_+_warm.lrtemplate
    roundtrip_test.go:337: Highlights: orig=-22 (expected loss: NP3 doesn't support this parameter)
    roundtrip_test.go:337: Shadows: orig=18 (expected loss: NP3 doesn't support this parameter)
    roundtrip_test.go:337: Blacks: orig=22 (expected loss: NP3 doesn't support this parameter)
=== NAME  TestRoundTrip_lrtemplate_NP3_lrtemplate/41._E_-_Fuji_Astia_+_iiiii.lrtemplate
    roundtrip_test.go:337: Highlights: orig=-22 (expected loss: NP3 doesn't support this parameter)
=== CONT  TestRoundTrip_lrtemplate_NP3_lrtemplate/37._E_-_Fuji_Astia_+_i.lrtemplate
=== NAME  TestRoundTrip_lrtemplate_NP3_lrtemplate/41._E_-_Fuji_Astia_+_iiiii.lrtemplate
    roundtrip_test.go:337: Shadows: orig=12 (expected loss: NP3 doesn't support this parameter)
    roundtrip_test.go:337: Blacks: orig=22 (expected loss: NP3 doesn't support this parameter)
=== CONT  TestRoundTrip_lrtemplate_NP3_lrtemplate/24._E_-_Fuji_Sensia_+_fade.lrtemplate
=== NAME  TestRoundTrip_lrtemplate_NP3_lrtemplate/58._E_-_Fuji_XPro_+_iiii.lrtemplate
    roundtrip_test.go:337: Blacks: orig=26 (expected loss: NP3 doesn't support this parameter)
=== NAME  TestRoundTrip_lrtemplate_NP3_lrtemplate/51._E_-_Fuji_Fortia_+_fade.lrtemplate
    roundtrip_test.go:337: Shadows: orig=18 (expected loss: NP3 doesn't support this parameter)
    roundtrip_test.go:337: Blacks: orig=18 (expected loss: NP3 doesn't support this parameter)
=== CONT  TestRoundTrip_lrtemplate_NP3_lrtemplate/28._E_-_Fuji_Provia_+_i.lrtemplate
=== NAME  TestRoundTrip_lrtemplate_NP3_lrtemplate/13._E_-_Agfa_Optima_+_iiii.lrtemplate
    roundtrip_test.go:337: Shadows: orig=27 (expected loss: NP3 doesn't support this parameter)
    roundtrip_test.go:337: Whites: orig=-27 (expected loss: NP3 doesn't support this parameter)
=== CONT  TestRoundTrip_lrtemplate_NP3_lrtemplate/49._E_-_Fuji_Fortia_+_iiii.lrtemplate
=== NAME  TestRoundTrip_lrtemplate_NP3_lrtemplate/13._E_-_Agfa_Optima_+_iiii.lrtemplate
    roundtrip_test.go:337: Blacks: orig=35 (expected loss: NP3 doesn't support this parameter)
=== CONT  TestRoundTrip_lrtemplate_NP3_lrtemplate/36._E_-_Fuji_Provia_+_punch.lrtemplate
=== NAME  TestRoundTrip_lrtemplate_NP3_lrtemplate/38._E_-_Fuji_Astia_+_ii.lrtemplate
    roundtrip_test.go:337: Shadows: orig=22 (expected loss: NP3 doesn't support this parameter)
=== NAME  TestRoundTrip_lrtemplate_NP3_lrtemplate/89._E_-_Fuji_400_+_warm.lrtemplate
    roundtrip_test.go:337: Highlights: orig=-15 (expected loss: NP3 doesn't support this parameter)
    roundtrip_test.go:337: Shadows: orig=25 (expected loss: NP3 doesn't support this parameter)
=== NAME  TestRoundTrip_lrtemplate_NP3_lrtemplate/31._E_-_Fuji_Provia_+_iiii.lrtemplate
    roundtrip_test.go:337: Highlights: orig=-20 (expected loss: NP3 doesn't support this parameter)
=== NAME  TestRoundTrip_lrtemplate_NP3_lrtemplate/89._E_-_Fuji_400_+_warm.lrtemplate
    roundtrip_test.go:337: Whites: orig=-10 (expected loss: NP3 doesn't support this parameter)
=== NAME  TestRoundTrip_lrtemplate_NP3_lrtemplate/31._E_-_Fuji_Provia_+_iiii.lrtemplate
    roundtrip_test.go:337: Shadows: orig=20 (expected loss: NP3 doesn't support this parameter)
=== NAME  TestRoundTrip_lrtemplate_NP3_lrtemplate/89._E_-_Fuji_400_+_warm.lrtemplate
    roundtrip_test.go:337: Blacks: orig=25 (expected loss: NP3 doesn't support this parameter)
=== NAME  TestRoundTrip_lrtemplate_NP3_lrtemplate/31._E_-_Fuji_Provia_+_iiii.lrtemplate
    roundtrip_test.go:337: Whites: orig=-20 (expected loss: NP3 doesn't support this parameter)
=== NAME  TestRoundTrip_lrtemplate_NP3_lrtemplate/38._E_-_Fuji_Astia_+_ii.lrtemplate
    roundtrip_test.go:337: Whites: orig=-12 (expected loss: NP3 doesn't support this parameter)
=== NAME  TestRoundTrip_lrtemplate_NP3_lrtemplate/63._E_-_Fuji_XPro_+_punch.lrtemplate
    roundtrip_test.go:337: Blacks: orig=26 (expected loss: NP3 doesn't support this parameter)
=== NAME  TestRoundTrip_lrtemplate_NP3_lrtemplate/25._E_-_Fuji_Sensia_+_cool.lrtemplate
    roundtrip_test.go:337: Highlights: orig=-24 (expected loss: NP3 doesn't support this parameter)
=== NAME  TestRoundTrip_lrtemplate_NP3_lrtemplate/63._E_-_Fuji_XPro_+_punch.lrtemplate
    roundtrip_test.go:337: Split toning saturation/balance: (expected loss: NP3 only supports hue)
=== NAME  TestRoundTrip_lrtemplate_NP3_lrtemplate/25._E_-_Fuji_Sensia_+_cool.lrtemplate
    roundtrip_test.go:337: Shadows: orig=20 (expected loss: NP3 doesn't support this parameter)
=== NAME  TestRoundTrip_lrtemplate_NP3_lrtemplate/39._E_-_Fuji_Astia_+_iii.lrtemplate
    roundtrip_test.go:337: Highlights: orig=-22 (expected loss: NP3 doesn't support this parameter)
    roundtrip_test.go:337: Shadows: orig=18 (expected loss: NP3 doesn't support this parameter)
=== RUN   TestRoundTrip_XMP_lrtemplate_XMP/KDK_-_Echrome_100_-_boost.xmp#01
=== NAME  TestRoundTrip_lrtemplate_NP3_lrtemplate/62._E_-_Fuji_XPro_+_warm.lrtemplate
    roundtrip_test.go:337: Highlights: orig=-19 (expected loss: NP3 doesn't support this parameter)
    roundtrip_test.go:337: Shadows: orig=28 (expected loss: NP3 doesn't support this parameter)
    roundtrip_test.go:337: Whites: orig=-14 (expected loss: NP3 doesn't support this parameter)
=== NAME  TestRoundTrip_lrtemplate_NP3_lrtemplate/24._E_-_Fuji_Sensia_+_fade.lrtemplate
    roundtrip_test.go:337: Highlights: orig=-20 (expected loss: NP3 doesn't support this parameter)
=== NAME  TestRoundTrip_lrtemplate_NP3_lrtemplate/62._E_-_Fuji_XPro_+_warm.lrtemplate
    roundtrip_test.go:337: Blacks: orig=27 (expected loss: NP3 doesn't support this parameter)
=== NAME  TestRoundTrip_lrtemplate_NP3_lrtemplate/24._E_-_Fuji_Sensia_+_fade.lrtemplate
    roundtrip_test.go:337: Shadows: orig=22 (expected loss: NP3 doesn't support this parameter)
    roundtrip_test.go:337: Whites: orig=-10 (expected loss: NP3 doesn't support this parameter)
=== NAME  TestRoundTrip_lrtemplate_NP3_lrtemplate/40._E_-_Fuji_Astia_+_iiii.lrtemplate
    roundtrip_test.go:337: Shadows: orig=18 (expected loss: NP3 doesn't support this parameter)
    roundtrip_test.go:337: Blacks: orig=22 (expected loss: NP3 doesn't support this parameter)
=== CONT  TestRoundTrip_lrtemplate_NP3_lrtemplate/59._E_-_Fuji_XPro_+_iiiii.lrtemplate
=== NAME  TestRoundTrip_lrtemplate_NP3_lrtemplate/71._E_-_Fuji_Negative_+_warm.lrtemplate
    roundtrip_test.go:337: Whites: orig=-10 (expected loss: NP3 doesn't support this parameter)
    roundtrip_test.go:337: Blacks: orig=-10 (expected loss: NP3 doesn't support this parameter)
=== NAME  TestRoundTrip_lrtemplate_NP3_lrtemplate/37._E_-_Fuji_Astia_+_i.lrtemplate
    roundtrip_test.go:337: Highlights: orig=-20 (expected loss: NP3 doesn't support this parameter)
=== CONT  TestRoundTrip_lrtemplate_NP3_lrtemplate/57._E_-_Fuji_XPro_+_iii.lrtemplate
=== NAME  TestRoundTrip_lrtemplate_NP3_lrtemplate/37._E_-_Fuji_Astia_+_i.lrtemplate
    roundtrip_test.go:337: Shadows: orig=20 (expected loss: NP3 doesn't support this parameter)
=== RUN   TestRoundTrip_XMP_NP3_XMP/COLOR_-_Morning.xmp#02
=== NAME  TestRoundTrip_lrtemplate_NP3_lrtemplate/37._E_-_Fuji_Astia_+_i.lrtemplate
    roundtrip_test.go:337: Whites: orig=-10 (expected loss: NP3 doesn't support this parameter)
=== PAUSE TestRoundTrip_XMP_NP3_XMP/COLOR_-_Morning.xmp#02
=== NAME  TestRoundTrip_lrtemplate_NP3_lrtemplate/49._E_-_Fuji_Fortia_+_iiii.lrtemplate
    roundtrip_test.go:337: Vibrance reset to 0: orig=10 (may be due to Picture Control base mapping)
=== NAME  TestRoundTrip_lrtemplate_NP3_lrtemplate/37._E_-_Fuji_Astia_+_i.lrtemplate
    roundtrip_test.go:337: Blacks: orig=20 (expected loss: NP3 doesn't support this parameter)
=== NAME  TestRoundTrip_lrtemplate_NP3_lrtemplate/49._E_-_Fuji_Fortia_+_iiii.lrtemplate
    roundtrip_test.go:493: Tint mismatch: orig=-7, final=0 (diff=7, tolerance=1)
=== NAME  TestRoundTrip_lrtemplate_NP3_lrtemplate/28._E_-_Fuji_Provia_+_i.lrtemplate
    roundtrip_test.go:337: Highlights: orig=-22 (expected loss: NP3 doesn't support this parameter)
=== CONT  TestRoundTrip_lrtemplate_NP3_lrtemplate/21._E_-_Fuji_Sensia_+_iii.lrtemplate
=== NAME  TestRoundTrip_lrtemplate_NP3_lrtemplate/28._E_-_Fuji_Provia_+_i.lrtemplate
    roundtrip_test.go:337: Shadows: orig=22 (expected loss: NP3 doesn't support this parameter)
=== NAME  TestRoundTrip_lrtemplate_NP3_lrtemplate/47._E_-_Fuji_Fortia_+_ii.lrtemplate
    roundtrip_test.go:493: Tint mismatch: orig=-3, final=0 (diff=3, tolerance=1)
=== NAME  TestRoundTrip_lrtemplate_NP3_lrtemplate/33._E_-_Fuji_Provia_+_fade.lrtemplate
    roundtrip_test.go:493: Tint mismatch: orig=3, final=0 (diff=3, tolerance=1)
=== NAME  TestRoundTrip_lrtemplate_NP3_lrtemplate/28._E_-_Fuji_Provia_+_i.lrtemplate
    roundtrip_test.go:337: Whites: orig=-14 (expected loss: NP3 doesn't support this parameter)
=== NAME  TestRoundTrip_lrtemplate_NP3_lrtemplate/33._E_-_Fuji_Provia_+_fade.lrtemplate
    roundtrip_test.go:337: Highlights: orig=-25 (expected loss: NP3 doesn't support this parameter)
=== NAME  TestRoundTrip_lrtemplate_NP3_lrtemplate/60._E_-_Fuji_XPro_+_fade.lrtemplate
    roundtrip_test.go:337: Split toning hue: orig shadow=205, highlight=0 (NP3 has limited split toning support)
=== NAME  TestRoundTrip_lrtemplate_NP3_lrtemplate/33._E_-_Fuji_Provia_+_fade.lrtemplate
    roundtrip_test.go:337: Shadows: orig=20 (expected loss: NP3 doesn't support this parameter)
=== NAME  TestRoundTrip_lrtemplate_NP3_lrtemplate/31._E_-_Fuji_Provia_+_iiii.lrtemplate
    roundtrip_test.go:337: Blacks: orig=20 (expected loss: NP3 doesn't support this parameter)
    roundtrip_test.go:337: Split toning saturation/balance: (expected loss: NP3 only supports hue)
=== NAME  TestRoundTrip_lrtemplate_NP3_lrtemplate/38._E_-_Fuji_Astia_+_ii.lrtemplate
    roundtrip_test.go:337: Blacks: orig=22 (expected loss: NP3 doesn't support this parameter)
=== NAME  TestRoundTrip_lrtemplate_NP3_lrtemplate/31._E_-_Fuji_Provia_+_iiii.lrtemplate
    roundtrip_test.go:337: Split toning hue: orig shadow=0, highlight=212 (NP3 has limited split toning support)
=== CONT  TestRoundTrip_lrtemplate_NP3_lrtemplate/86._E_-_Fuji_400_+_iiiii.lrtemplate
=== CONT  TestRoundTrip_lrtemplate_NP3_lrtemplate/18._E_-_Fuji_Velvia_+_punch.lrtemplate
=== NAME  TestRoundTrip_lrtemplate_NP3_lrtemplate/25._E_-_Fuji_Sensia_+_cool.lrtemplate
    roundtrip_test.go:337: Whites: orig=-12 (expected loss: NP3 doesn't support this parameter)
    roundtrip_test.go:337: Blacks: orig=25 (expected loss: NP3 doesn't support this parameter)
=== NAME  TestRoundTrip_lrtemplate_NP3_lrtemplate/63._E_-_Fuji_XPro_+_punch.lrtemplate
    roundtrip_test.go:337: Split toning hue: orig shadow=205, highlight=0 (NP3 has limited split toning support)
=== CONT  TestRoundTrip_lrtemplate_NP3_lrtemplate/20._E_-_Fuji_Sensia_+_ii.lrtemplate
=== NAME  TestRoundTrip_lrtemplate_NP3_lrtemplate/39._E_-_Fuji_Astia_+_iii.lrtemplate
    roundtrip_test.go:337: Blacks: orig=22 (expected loss: NP3 doesn't support this parameter)
=== CONT  TestRoundTrip_lrtemplate_NP3_lrtemplate/15._E_-_Agfa_Optima_+_fade.lrtemplate
=== PAUSE TestRoundTrip_XMP_lrtemplate_XMP/KDK_-_Echrome_100_-_boost.xmp#01
=== NAME  TestRoundTrip_lrtemplate_NP3_lrtemplate/62._E_-_Fuji_XPro_+_warm.lrtemplate
    roundtrip_test.go:337: Split toning saturation/balance: (expected loss: NP3 only supports hue)
=== NAME  TestRoundTrip_lrtemplate_NP3_lrtemplate/24._E_-_Fuji_Sensia_+_fade.lrtemplate
    roundtrip_test.go:337: Blacks: orig=25 (expected loss: NP3 doesn't support this parameter)
=== NAME  TestRoundTrip_lrtemplate_NP3_lrtemplate/62._E_-_Fuji_XPro_+_warm.lrtemplate
    roundtrip_test.go:337: Split toning hue: orig shadow=210, highlight=0 (NP3 has limited split toning support)
=== CONT  TestRoundTrip_lrtemplate_NP3_lrtemplate/26._E_-_Fuji_Sensia_+_warm.lrtemplate
=== CONT  TestRoundTrip_lrtemplate_NP3_lrtemplate/35._E_-_Fuji_Provia_+_warm.lrtemplate
=== NAME  TestRoundTrip_lrtemplate_NP3_lrtemplate/48._E_-_Fuji_Fortia_+_iii.lrtemplate
    roundtrip_test.go:337: Vibrance reset to 0: orig=10 (may be due to Picture Control base mapping)
    roundtrip_test.go:493: Tint mismatch: orig=-5, final=0 (diff=5, tolerance=1)
    roundtrip_test.go:337: Highlights: orig=-25 (expected loss: NP3 doesn't support this parameter)
=== RUN   TestRoundTrip_XMP_NP3_XMP/COLOR_-_Neutral.xmp#02
=== NAME  TestRoundTrip_lrtemplate_NP3_lrtemplate/48._E_-_Fuji_Fortia_+_iii.lrtemplate
    roundtrip_test.go:337: Shadows: orig=20 (expected loss: NP3 doesn't support this parameter)
=== PAUSE TestRoundTrip_XMP_NP3_XMP/COLOR_-_Neutral.xmp#02
=== NAME  TestRoundTrip_lrtemplate_NP3_lrtemplate/48._E_-_Fuji_Fortia_+_iii.lrtemplate
    roundtrip_test.go:337: Blacks: orig=18 (expected loss: NP3 doesn't support this parameter)
=== NAME  TestRoundTrip_lrtemplate_NP3_lrtemplate/46._E_-_Fuji_Fortia_+_i.lrtemplate
    roundtrip_test.go:337: Blacks: orig=25 (expected loss: NP3 doesn't support this parameter)
=== NAME  TestRoundTrip_lrtemplate_NP3_lrtemplate/83._E_-_Fuji_400_+_ii.lrtemplate
    roundtrip_test.go:337: Blacks: orig=25 (expected loss: NP3 doesn't support this parameter)
=== NAME  TestRoundTrip_lrtemplate_NP3_lrtemplate/47._E_-_Fuji_Fortia_+_ii.lrtemplate
    roundtrip_test.go:337: Highlights: orig=-20 (expected loss: NP3 doesn't support this parameter)
=== NAME  TestRoundTrip_lrtemplate_NP3_lrtemplate/46._E_-_Fuji_Fortia_+_i.lrtemplate
    roundtrip_test.go:337: Split toning hue: orig shadow=0, highlight=270 (NP3 has limited split toning support)
=== NAME  TestRoundTrip_lrtemplate_NP3_lrtemplate/28._E_-_Fuji_Provia_+_i.lrtemplate
    roundtrip_test.go:337: Blacks: orig=28 (expected loss: NP3 doesn't support this parameter)
=== CONT  TestRoundTrip_lrtemplate_NP3_lrtemplate/55._E_-_Fuji_XPro_+_i.lrtemplate
=== NAME  TestRoundTrip_lrtemplate_NP3_lrtemplate/58._E_-_Fuji_XPro_+_iiii.lrtemplate
    roundtrip_test.go:337: Split toning saturation/balance: (expected loss: NP3 only supports hue)
    roundtrip_test.go:337: Split toning hue: orig shadow=205, highlight=0 (NP3 has limited split toning support)
=== CONT  TestRoundTrip_lrtemplate_NP3_lrtemplate/23._E_-_Fuji_Sensia_+_iiiii.lrtemplate
=== NAME  TestRoundTrip_lrtemplate_NP3_lrtemplate/36._E_-_Fuji_Provia_+_punch.lrtemplate
    roundtrip_test.go:493: Tint mismatch: orig=4, final=0 (diff=4, tolerance=1)
=== CONT  TestRoundTrip_lrtemplate_NP3_lrtemplate/19._E_-_Fuji_Sensia_+_i.lrtemplate
=== NAME  TestRoundTrip_lrtemplate_NP3_lrtemplate/86._E_-_Fuji_400_+_iiiii.lrtemplate
    roundtrip_test.go:337: Highlights: orig=-26 (expected loss: NP3 doesn't support this parameter)
    roundtrip_test.go:337: Shadows: orig=26 (expected loss: NP3 doesn't support this parameter)
=== NAME  TestRoundTrip_lrtemplate_NP3_lrtemplate/33._E_-_Fuji_Provia_+_fade.lrtemplate
    roundtrip_test.go:337: Whites: orig=-20 (expected loss: NP3 doesn't support this parameter)
=== CONT  TestRoundTrip_lrtemplate_NP3_lrtemplate/56._E_-_Fuji_XPro_+_ii.lrtemplate
=== NAME  TestRoundTrip_lrtemplate_NP3_lrtemplate/33._E_-_Fuji_Provia_+_fade.lrtemplate
    roundtrip_test.go:337: Blacks: orig=10 (expected loss: NP3 doesn't support this parameter)
    roundtrip_test.go:337: Split toning saturation/balance: (expected loss: NP3 only supports hue)
=== NAME  TestRoundTrip_lrtemplate_NP3_lrtemplate/20._E_-_Fuji_Sensia_+_ii.lrtemplate
    roundtrip_test.go:337: Highlights: orig=-18 (expected loss: NP3 doesn't support this parameter)
=== NAME  TestRoundTrip_lrtemplate_NP3_lrtemplate/33._E_-_Fuji_Provia_+_fade.lrtemplate
    roundtrip_test.go:337: Split toning hue: orig shadow=0, highlight=212 (NP3 has limited split toning support)
=== NAME  TestRoundTrip_lrtemplate_NP3_lrtemplate/20._E_-_Fuji_Sensia_+_ii.lrtemplate
    roundtrip_test.go:337: Shadows: orig=13 (expected loss: NP3 doesn't support this parameter)
=== CONT  TestRoundTrip_lrtemplate_NP3_lrtemplate/16._E_-_Fuji_Velvia_+_cool.lrtemplate
=== NAME  TestRoundTrip_lrtemplate_NP3_lrtemplate/20._E_-_Fuji_Sensia_+_ii.lrtemplate
    roundtrip_test.go:337: Whites: orig=-10 (expected loss: NP3 doesn't support this parameter)
=== NAME  TestRoundTrip_lrtemplate_NP3_lrtemplate/49._E_-_Fuji_Fortia_+_iiii.lrtemplate
    roundtrip_test.go:337: Highlights: orig=-25 (expected loss: NP3 doesn't support this parameter)
=== NAME  TestRoundTrip_lrtemplate_NP3_lrtemplate/59._E_-_Fuji_XPro_+_iiiii.lrtemplate
    roundtrip_test.go:337: Highlights: orig=-18 (expected loss: NP3 doesn't support this parameter)
=== RUN   TestRoundTrip_XMP_NP3_XMP/COLOR_-_Pastel_Rouge.xmp#02
=== NAME  TestRoundTrip_lrtemplate_NP3_lrtemplate/59._E_-_Fuji_XPro_+_iiiii.lrtemplate
    roundtrip_test.go:337: Shadows: orig=18 (expected loss: NP3 doesn't support this parameter)
=== PAUSE TestRoundTrip_XMP_NP3_XMP/COLOR_-_Pastel_Rouge.xmp#02
=== NAME  TestRoundTrip_lrtemplate_NP3_lrtemplate/59._E_-_Fuji_XPro_+_iiiii.lrtemplate
    roundtrip_test.go:337: Whites: orig=-18 (expected loss: NP3 doesn't support this parameter)
=== NAME  TestRoundTrip_lrtemplate_NP3_lrtemplate/48._E_-_Fuji_Fortia_+_iii.lrtemplate
    roundtrip_test.go:337: Split toning hue: orig shadow=0, highlight=275 (NP3 has limited split toning support)
=== NAME  TestRoundTrip_lrtemplate_NP3_lrtemplate/59._E_-_Fuji_XPro_+_iiiii.lrtemplate
    roundtrip_test.go:337: Blacks: orig=18 (expected loss: NP3 doesn't support this parameter)
=== NAME  TestRoundTrip_lrtemplate_NP3_lrtemplate/47._E_-_Fuji_Fortia_+_ii.lrtemplate
    roundtrip_test.go:337: Shadows: orig=18 (expected loss: NP3 doesn't support this parameter)
=== NAME  TestRoundTrip_lrtemplate_NP3_lrtemplate/59._E_-_Fuji_XPro_+_iiiii.lrtemplate
    roundtrip_test.go:337: Split toning saturation/balance: (expected loss: NP3 only supports hue)
=== CONT  TestRoundTrip_lrtemplate_NP3_lrtemplate/11._E_-_Fuji_Velvia_+_ii.lrtemplate
=== NAME  TestRoundTrip_lrtemplate_NP3_lrtemplate/59._E_-_Fuji_XPro_+_iiiii.lrtemplate
    roundtrip_test.go:337: Split toning hue: orig shadow=210, highlight=0 (NP3 has limited split toning support)
=== CONT  TestRoundTrip_lrtemplate_NP3_lrtemplate/09._E_-_Fuji_160_+_punch.lrtemplate
=== NAME  TestRoundTrip_lrtemplate_NP3_lrtemplate/47._E_-_Fuji_Fortia_+_ii.lrtemplate
    roundtrip_test.go:337: Blacks: orig=18 (expected loss: NP3 doesn't support this parameter)
=== NAME  TestRoundTrip_lrtemplate_NP3_lrtemplate/21._E_-_Fuji_Sensia_+_iii.lrtemplate
    roundtrip_test.go:337: Highlights: orig=-18 (expected loss: NP3 doesn't support this parameter)
    roundtrip_test.go:337: Shadows: orig=12 (expected loss: NP3 doesn't support this parameter)
=== NAME  TestRoundTrip_lrtemplate_NP3_lrtemplate/28._E_-_Fuji_Provia_+_i.lrtemplate
    roundtrip_test.go:337: Split toning hue: orig shadow=0, highlight=212 (NP3 has limited split toning support)
=== CONT  TestRoundTrip_lrtemplate_NP3_lrtemplate/54._E_-_Fuji_Fortia_+_punch.lrtemplate
=== CONT  TestRoundTrip_lrtemplate_NP3_lrtemplate/22._E_-_Fuji_Sensia_+_iiii-2.lrtemplate
=== NAME  TestRoundTrip_lrtemplate_NP3_lrtemplate/55._E_-_Fuji_XPro_+_i.lrtemplate
    roundtrip_test.go:337: Highlights: orig=-17 (expected loss: NP3 doesn't support this parameter)
=== NAME  TestRoundTrip_lrtemplate_NP3_lrtemplate/18._E_-_Fuji_Velvia_+_punch.lrtemplate
    roundtrip_test.go:337: Highlights: orig=-30 (expected loss: NP3 doesn't support this parameter)
=== NAME  TestRoundTrip_lrtemplate_NP3_lrtemplate/23._E_-_Fuji_Sensia_+_iiiii.lrtemplate
    roundtrip_test.go:337: Highlights: orig=-20 (expected loss: NP3 doesn't support this parameter)
=== NAME  TestRoundTrip_lrtemplate_NP3_lrtemplate/36._E_-_Fuji_Provia_+_punch.lrtemplate
    roundtrip_test.go:337: Highlights: orig=-28 (expected loss: NP3 doesn't support this parameter)
    roundtrip_test.go:337: Shadows: orig=18 (expected loss: NP3 doesn't support this parameter)
=== NAME  TestRoundTrip_lrtemplate_NP3_lrtemplate/55._E_-_Fuji_XPro_+_i.lrtemplate
    roundtrip_test.go:337: Shadows: orig=27 (expected loss: NP3 doesn't support this parameter)
=== NAME  TestRoundTrip_lrtemplate_NP3_lrtemplate/36._E_-_Fuji_Provia_+_punch.lrtemplate
    roundtrip_test.go:337: Whites: orig=-15 (expected loss: NP3 doesn't support this parameter)
    roundtrip_test.go:337: Blacks: orig=-5 (expected loss: NP3 doesn't support this parameter)
=== NAME  TestRoundTrip_lrtemplate_NP3_lrtemplate/15._E_-_Agfa_Optima_+_fade.lrtemplate
    roundtrip_test.go:337: Highlights: orig=-23 (expected loss: NP3 doesn't support this parameter)
=== NAME  TestRoundTrip_lrtemplate_NP3_lrtemplate/19._E_-_Fuji_Sensia_+_i.lrtemplate
    roundtrip_test.go:337: Highlights: orig=-18 (expected loss: NP3 doesn't support this parameter)
=== NAME  TestRoundTrip_lrtemplate_NP3_lrtemplate/16._E_-_Fuji_Velvia_+_cool.lrtemplate
    roundtrip_test.go:337: Highlights: orig=-20 (expected loss: NP3 doesn't support this parameter)
    roundtrip_test.go:337: Shadows: orig=18 (expected loss: NP3 doesn't support this parameter)
=== NAME  TestRoundTrip_lrtemplate_NP3_lrtemplate/19._E_-_Fuji_Sensia_+_i.lrtemplate
    roundtrip_test.go:337: Shadows: orig=20 (expected loss: NP3 doesn't support this parameter)
=== NAME  TestRoundTrip_lrtemplate_NP3_lrtemplate/86._E_-_Fuji_400_+_iiiii.lrtemplate
    roundtrip_test.go:337: Whites: orig=-16 (expected loss: NP3 doesn't support this parameter)
=== NAME  TestRoundTrip_lrtemplate_NP3_lrtemplate/11._E_-_Fuji_Velvia_+_ii.lrtemplate
    roundtrip_test.go:337: Highlights: orig=-30 (expected loss: NP3 doesn't support this parameter)
    roundtrip_test.go:337: Shadows: orig=15 (expected loss: NP3 doesn't support this parameter)
    roundtrip_test.go:337: Blacks: orig=16 (expected loss: NP3 doesn't support this parameter)
=== RUN   TestRoundTrip_XMP_lrtemplate_XMP/KDK_-_Echrome_100_-_cool.xmp#01
=== PAUSE TestRoundTrip_XMP_lrtemplate_XMP/KDK_-_Echrome_100_-_cool.xmp#01
=== CONT  TestRoundTrip_lrtemplate_NP3_lrtemplate/12._E_-_Fuji_Velvia_+_iii.lrtemplate
=== CONT  TestRoundTrip_lrtemplate_NP3_lrtemplate/17._E_-_Fuji_Velvia_+_warm.lrtemplate
=== NAME  TestRoundTrip_lrtemplate_NP3_lrtemplate/57._E_-_Fuji_XPro_+_iii.lrtemplate
    roundtrip_test.go:337: Highlights: orig=-12 (expected loss: NP3 doesn't support this parameter)
=== NAME  TestRoundTrip_lrtemplate_NP3_lrtemplate/20._E_-_Fuji_Sensia_+_ii.lrtemplate
    roundtrip_test.go:337: Blacks: orig=13 (expected loss: NP3 doesn't support this parameter)
=== NAME  TestRoundTrip_lrtemplate_NP3_lrtemplate/57._E_-_Fuji_XPro_+_iii.lrtemplate
    roundtrip_test.go:337: Shadows: orig=18 (expected loss: NP3 doesn't support this parameter)
=== NAME  TestRoundTrip_lrtemplate_NP3_lrtemplate/49._E_-_Fuji_Fortia_+_iiii.lrtemplate
    roundtrip_test.go:337: Shadows: orig=18 (expected loss: NP3 doesn't support this parameter)
=== RUN   TestRoundTrip_XMP_NP3_XMP/COLOR_-_Sea_Breeze.xmp#02
=== NAME  TestRoundTrip_lrtemplate_NP3_lrtemplate/49._E_-_Fuji_Fortia_+_iiii.lrtemplate
    roundtrip_test.go:337: Blacks: orig=18 (expected loss: NP3 doesn't support this parameter)
=== PAUSE TestRoundTrip_XMP_NP3_XMP/COLOR_-_Sea_Breeze.xmp#02
=== NAME  TestRoundTrip_lrtemplate_NP3_lrtemplate/09._E_-_Fuji_160_+_punch.lrtemplate
    roundtrip_test.go:337: Highlights: orig=-22 (expected loss: NP3 doesn't support this parameter)
=== RUN   TestRoundTrip_XMP_NP3_XMP/COLOR_-_Spearmint.xmp#02
=== NAME  TestRoundTrip_lrtemplate_NP3_lrtemplate/09._E_-_Fuji_160_+_punch.lrtemplate
    roundtrip_test.go:337: Shadows: orig=20 (expected loss: NP3 doesn't support this parameter)
=== PAUSE TestRoundTrip_XMP_NP3_XMP/COLOR_-_Spearmint.xmp#02
=== NAME  TestRoundTrip_lrtemplate_NP3_lrtemplate/09._E_-_Fuji_160_+_punch.lrtemplate
    roundtrip_test.go:337: Blacks: orig=20 (expected loss: NP3 doesn't support this parameter)
=== NAME  TestRoundTrip_lrtemplate_NP3_lrtemplate/54._E_-_Fuji_Fortia_+_punch.lrtemplate
    roundtrip_test.go:493: Tint mismatch: orig=-4, final=0 (diff=4, tolerance=1)
    roundtrip_test.go:337: Highlights: orig=-28 (expected loss: NP3 doesn't support this parameter)
=== RUN   TestRoundTrip_XMP_NP3_XMP/COLOR_-_Warm_Light.xmp#02
=== NAME  TestRoundTrip_lrtemplate_NP3_lrtemplate/54._E_-_Fuji_Fortia_+_punch.lrtemplate
    roundtrip_test.go:337: Shadows: orig=18 (expected loss: NP3 doesn't support this parameter)
=== PAUSE TestRoundTrip_XMP_NP3_XMP/COLOR_-_Warm_Light.xmp#02
=== NAME  TestRoundTrip_lrtemplate_NP3_lrtemplate/54._E_-_Fuji_Fortia_+_punch.lrtemplate
    roundtrip_test.go:337: Blacks: orig=18 (expected loss: NP3 doesn't support this parameter)
=== CONT  TestRoundTrip_lrtemplate_NP3_lrtemplate/04._E_-_Fuji_160_+_iiii.lrtemplate
=== NAME  TestRoundTrip_lrtemplate_NP3_lrtemplate/22._E_-_Fuji_Sensia_+_iiii-2.lrtemplate
    roundtrip_test.go:337: Highlights: orig=-18 (expected loss: NP3 doesn't support this parameter)
=== NAME  TestRoundTrip_lrtemplate_NP3_lrtemplate/18._E_-_Fuji_Velvia_+_punch.lrtemplate
    roundtrip_test.go:337: Shadows: orig=20 (expected loss: NP3 doesn't support this parameter)
    roundtrip_test.go:337: Blacks: orig=5 (expected loss: NP3 doesn't support this parameter)
=== NAME  TestRoundTrip_lrtemplate_NP3_lrtemplate/23._E_-_Fuji_Sensia_+_iiiii.lrtemplate
    roundtrip_test.go:337: Shadows: orig=22 (expected loss: NP3 doesn't support this parameter)
=== NAME  TestRoundTrip_lrtemplate_NP3_lrtemplate/55._E_-_Fuji_XPro_+_i.lrtemplate
    roundtrip_test.go:337: Whites: orig=-17 (expected loss: NP3 doesn't support this parameter)
    roundtrip_test.go:337: Blacks: orig=27 (expected loss: NP3 doesn't support this parameter)
=== NAME  TestRoundTrip_lrtemplate_NP3_lrtemplate/36._E_-_Fuji_Provia_+_punch.lrtemplate
    roundtrip_test.go:337: Split toning saturation/balance: (expected loss: NP3 only supports hue)
=== NAME  TestRoundTrip_lrtemplate_NP3_lrtemplate/55._E_-_Fuji_XPro_+_i.lrtemplate
    roundtrip_test.go:337: Split toning saturation/balance: (expected loss: NP3 only supports hue)
=== NAME  TestRoundTrip_lrtemplate_NP3_lrtemplate/15._E_-_Agfa_Optima_+_fade.lrtemplate
    roundtrip_test.go:337: Shadows: orig=23 (expected loss: NP3 doesn't support this parameter)
=== NAME  TestRoundTrip_lrtemplate_NP3_lrtemplate/12._E_-_Fuji_Velvia_+_iii.lrtemplate
    roundtrip_test.go:337: Highlights: orig=-28 (expected loss: NP3 doesn't support this parameter)
    roundtrip_test.go:337: Shadows: orig=18 (expected loss: NP3 doesn't support this parameter)
=== NAME  TestRoundTrip_lrtemplate_NP3_lrtemplate/15._E_-_Agfa_Optima_+_fade.lrtemplate
    roundtrip_test.go:337: Whites: orig=-23 (expected loss: NP3 doesn't support this parameter)
    roundtrip_test.go:337: Blacks: orig=33 (expected loss: NP3 doesn't support this parameter)
=== CONT  TestRoundTrip_lrtemplate_NP3_lrtemplate/02._E_-_Fuji_160_+_ii.lrtemplate
=== NAME  TestRoundTrip_lrtemplate_NP3_lrtemplate/19._E_-_Fuji_Sensia_+_i.lrtemplate
    roundtrip_test.go:337: Whites: orig=-10 (expected loss: NP3 doesn't support this parameter)
    roundtrip_test.go:337: Blacks: orig=20 (expected loss: NP3 doesn't support this parameter)
=== NAME  TestRoundTrip_lrtemplate_NP3_lrtemplate/86._E_-_Fuji_400_+_iiiii.lrtemplate
    roundtrip_test.go:337: Blacks: orig=26 (expected loss: NP3 doesn't support this parameter)
=== CONT  TestRoundTrip_lrtemplate_NP3_lrtemplate/01._E_-_Fuji_160_+_i.lrtemplate
=== CONT  TestRoundTrip_lrtemplate_NP3_lrtemplate/00._E_-_o__.lrtemplate
=== RUN   TestRoundTrip_XMP_lrtemplate_XMP/KDK_-_Echrome_100_-_film.xmp#01
=== PAUSE TestRoundTrip_XMP_lrtemplate_XMP/KDK_-_Echrome_100_-_film.xmp#01
=== RUN   TestRoundTrip_XMP_lrtemplate_XMP/KDK_-_Echrome_100_-_warm.xmp#01
=== NAME  TestRoundTrip_lrtemplate_NP3_lrtemplate/35._E_-_Fuji_Provia_+_warm.lrtemplate
    roundtrip_test.go:493: Tint mismatch: orig=-9, final=0 (diff=9, tolerance=1)
    roundtrip_test.go:337: Highlights: orig=-22 (expected loss: NP3 doesn't support this parameter)
=== NAME  TestRoundTrip_lrtemplate_NP3_lrtemplate/57._E_-_Fuji_XPro_+_iii.lrtemplate
    roundtrip_test.go:337: Whites: orig=-12 (expected loss: NP3 doesn't support this parameter)
    roundtrip_test.go:337: Blacks: orig=20 (expected loss: NP3 doesn't support this parameter)
=== CONT  TestRoundTrip_lrtemplate_NP3_lrtemplate/08._E_-_Fuji_160_+_warm.lrtemplate
=== NAME  TestRoundTrip_lrtemplate_NP3_lrtemplate/57._E_-_Fuji_XPro_+_iii.lrtemplate
    roundtrip_test.go:337: Split toning saturation/balance: (expected loss: NP3 only supports hue)
=== NAME  TestRoundTrip_lrtemplate_NP3_lrtemplate/04._E_-_Fuji_160_+_iiii.lrtemplate
    roundtrip_test.go:337: Highlights: orig=-28 (expected loss: NP3 doesn't support this parameter)
=== NAME  TestRoundTrip_lrtemplate_NP3_lrtemplate/57._E_-_Fuji_XPro_+_iii.lrtemplate
    roundtrip_test.go:337: Split toning hue: orig shadow=205, highlight=0 (NP3 has limited split toning support)
=== NAME  TestRoundTrip_lrtemplate_NP3_lrtemplate/04._E_-_Fuji_160_+_iiii.lrtemplate
    roundtrip_test.go:337: Shadows: orig=5 (expected loss: NP3 doesn't support this parameter)
=== CONT  TestRoundTrip_lrtemplate_NP3_lrtemplate/00._E_-_grain_x_.lrtemplate
=== NAME  TestRoundTrip_lrtemplate_NP3_lrtemplate/04._E_-_Fuji_160_+_iiii.lrtemplate
    roundtrip_test.go:337: Whites: orig=-12 (expected loss: NP3 doesn't support this parameter)
=== CONT  TestRoundTrip_lrtemplate_NP3_lrtemplate/05._E_-_Fuji_160_+_iiiii.lrtemplate
=== CONT  TestRoundTrip_lrtemplate_NP3_lrtemplate/00._E_-_auto_tone__.lrtemplate
=== CONT  TestRoundTrip_lrtemplate_NP3_lrtemplate/13._E_-_Fuji_Velvia_+_iiii.lrtemplate
=== CONT  TestRoundTrip_lrtemplate_NP3_lrtemplate/10._E_-_Fuji_Velvia_+_i.lrtemplate
=== NAME  TestRoundTrip_lrtemplate_NP3_lrtemplate/26._E_-_Fuji_Sensia_+_warm.lrtemplate
    roundtrip_test.go:337: Highlights: orig=-18 (expected loss: NP3 doesn't support this parameter)
=== NAME  TestRoundTrip_lrtemplate_NP3_lrtemplate/47._E_-_Fuji_Fortia_+_ii.lrtemplate
    roundtrip_test.go:337: Split toning hue: orig shadow=0, highlight=265 (NP3 has limited split toning support)
=== CONT  TestRoundTrip_lrtemplate_NP3_lrtemplate/00._E_-_auto_wb__.lrtemplate
=== RUN   TestRoundTrip_XMP_NP3_XMP/CONTRAST_-_High.xmp#02
=== PAUSE TestRoundTrip_XMP_NP3_XMP/CONTRAST_-_High.xmp#02
=== NAME  TestRoundTrip_lrtemplate_NP3_lrtemplate/22._E_-_Fuji_Sensia_+_iiii-2.lrtemplate
    roundtrip_test.go:337: Shadows: orig=12 (expected loss: NP3 doesn't support this parameter)
=== RUN   TestRoundTrip_XMP_NP3_XMP/CONTRAST_-_Low.xmp#02
=== PAUSE TestRoundTrip_XMP_NP3_XMP/CONTRAST_-_Low.xmp#02
=== NAME  TestRoundTrip_lrtemplate_NP3_lrtemplate/22._E_-_Fuji_Sensia_+_iiii-2.lrtemplate
    roundtrip_test.go:337: Whites: orig=-10 (expected loss: NP3 doesn't support this parameter)
=== RUN   TestRoundTrip_XMP_NP3_XMP/CONTRAST_-_Mid.xmp#02
=== NAME  TestRoundTrip_lrtemplate_NP3_lrtemplate/02._E_-_Fuji_160_+_ii.lrtemplate
    roundtrip_test.go:337: Highlights: orig=-28 (expected loss: NP3 doesn't support this parameter)
=== PAUSE TestRoundTrip_XMP_NP3_XMP/CONTRAST_-_Mid.xmp#02
=== NAME  TestRoundTrip_lrtemplate_NP3_lrtemplate/02._E_-_Fuji_160_+_ii.lrtemplate
    roundtrip_test.go:337: Shadows: orig=15 (expected loss: NP3 doesn't support this parameter)
=== NAME  TestRoundTrip_lrtemplate_NP3_lrtemplate/36._E_-_Fuji_Provia_+_punch.lrtemplate
    roundtrip_test.go:337: Split toning hue: orig shadow=0, highlight=212 (NP3 has limited split toning support)
=== CONT  TestRoundTrip_lrtemplate_NP3_lrtemplate/o_-_49._LIGHTING_-_Fluorescent.lrtemplate
=== NAME  TestRoundTrip_lrtemplate_NP3_lrtemplate/55._E_-_Fuji_XPro_+_i.lrtemplate
    roundtrip_test.go:337: Split toning hue: orig shadow=210, highlight=0 (NP3 has limited split toning support)
=== CONT  TestRoundTrip_lrtemplate_NP3_lrtemplate/32._E_-_Fuji_Provia_+_iiiii.lrtemplate
=== NAME  TestRoundTrip_lrtemplate_NP3_lrtemplate/01._E_-_Fuji_160_+_i.lrtemplate
    roundtrip_test.go:337: Highlights: orig=-28 (expected loss: NP3 doesn't support this parameter)
    roundtrip_test.go:337: Shadows: orig=15 (expected loss: NP3 doesn't support this parameter)
=== NAME  TestRoundTrip_lrtemplate_NP3_lrtemplate/16._E_-_Fuji_Velvia_+_cool.lrtemplate
    roundtrip_test.go:337: Blacks: orig=15 (expected loss: NP3 doesn't support this parameter)
=== NAME  TestRoundTrip_lrtemplate_NP3_lrtemplate/01._E_-_Fuji_160_+_i.lrtemplate
    roundtrip_test.go:337: Whites: orig=-15 (expected loss: NP3 doesn't support this parameter)
=== NAME  TestRoundTrip_lrtemplate_NP3_lrtemplate/17._E_-_Fuji_Velvia_+_warm.lrtemplate
    roundtrip_test.go:337: Highlights: orig=-28 (expected loss: NP3 doesn't support this parameter)
=== PAUSE TestRoundTrip_XMP_lrtemplate_XMP/KDK_-_Echrome_100_-_warm.xmp#01
=== NAME  TestRoundTrip_lrtemplate_NP3_lrtemplate/35._E_-_Fuji_Provia_+_warm.lrtemplate
    roundtrip_test.go:337: Shadows: orig=18 (expected loss: NP3 doesn't support this parameter)
=== RUN   TestRoundTrip_XMP_lrtemplate_XMP/KDK_-_Echrome_100.xmp#01
=== NAME  TestRoundTrip_lrtemplate_NP3_lrtemplate/35._E_-_Fuji_Provia_+_warm.lrtemplate
    roundtrip_test.go:337: Whites: orig=-20 (expected loss: NP3 doesn't support this parameter)
=== NAME  TestRoundTrip_lrtemplate_NP3_lrtemplate/05._E_-_Fuji_160_+_iiiii.lrtemplate
    roundtrip_test.go:337: Highlights: orig=-22 (expected loss: NP3 doesn't support this parameter)
=== NAME  TestRoundTrip_lrtemplate_NP3_lrtemplate/35._E_-_Fuji_Provia_+_warm.lrtemplate
    roundtrip_test.go:337: Blacks: orig=8 (expected loss: NP3 doesn't support this parameter)
=== NAME  TestRoundTrip_lrtemplate_NP3_lrtemplate/05._E_-_Fuji_160_+_iiiii.lrtemplate
    roundtrip_test.go:337: Shadows: orig=20 (expected loss: NP3 doesn't support this parameter)
=== NAME  TestRoundTrip_lrtemplate_NP3_lrtemplate/35._E_-_Fuji_Provia_+_warm.lrtemplate
    roundtrip_test.go:337: Split toning saturation/balance: (expected loss: NP3 only supports hue)
=== NAME  TestRoundTrip_lrtemplate_NP3_lrtemplate/05._E_-_Fuji_160_+_iiiii.lrtemplate
    roundtrip_test.go:337: Blacks: orig=10 (expected loss: NP3 doesn't support this parameter)
=== PAUSE TestRoundTrip_XMP_lrtemplate_XMP/KDK_-_Echrome_100.xmp#01
=== CONT  TestRoundTrip_lrtemplate_NP3_lrtemplate/o_-_42._LIGHTING_-_Auto_Set.lrtemplate
=== NAME  TestRoundTrip_lrtemplate_NP3_lrtemplate/13._E_-_Fuji_Velvia_+_iiii.lrtemplate
    roundtrip_test.go:337: Highlights: orig=-28 (expected loss: NP3 doesn't support this parameter)
=== CONT  TestRoundTrip_lrtemplate_NP3_lrtemplate/o_-_43._LIGHTING_-_As_Shot.lrtemplate
=== RUN   TestRoundTrip_XMP_lrtemplate_XMP/KDK_-_Echrome_200_++++.xmp#01
=== NAME  TestRoundTrip_lrtemplate_NP3_lrtemplate/13._E_-_Fuji_Velvia_+_iiii.lrtemplate
    roundtrip_test.go:337: Shadows: orig=18 (expected loss: NP3 doesn't support this parameter)
=== PAUSE TestRoundTrip_XMP_lrtemplate_XMP/KDK_-_Echrome_200_++++.xmp#01
=== NAME  TestRoundTrip_lrtemplate_NP3_lrtemplate/13._E_-_Fuji_Velvia_+_iiii.lrtemplate
    roundtrip_test.go:337: Blacks: orig=18 (expected loss: NP3 doesn't support this parameter)
=== CONT  TestRoundTrip_lrtemplate_NP3_lrtemplate/o_-_41_-_o.lrtemplate
=== NAME  TestRoundTrip_lrtemplate_NP3_lrtemplate/26._E_-_Fuji_Sensia_+_warm.lrtemplate
    roundtrip_test.go:337: Shadows: orig=13 (expected loss: NP3 doesn't support this parameter)
=== NAME  TestRoundTrip_lrtemplate_NP3_lrtemplate/18._E_-_Fuji_Velvia_+_punch.lrtemplate
    roundtrip_test.go:337: Split toning saturation/balance: (expected loss: NP3 only supports hue)
=== NAME  TestRoundTrip_lrtemplate_NP3_lrtemplate/22._E_-_Fuji_Sensia_+_iiii-2.lrtemplate
    roundtrip_test.go:337: Blacks: orig=10 (expected loss: NP3 doesn't support this parameter)
=== NAME  TestRoundTrip_lrtemplate_NP3_lrtemplate/18._E_-_Fuji_Velvia_+_punch.lrtemplate
    roundtrip_test.go:337: Split toning hue: orig shadow=0, highlight=45 (NP3 has limited split toning support)
=== CONT  TestRoundTrip_lrtemplate_NP3_lrtemplate/o_-_39._COLOR_-_Warm_Light.lrtemplate
=== CONT  TestRoundTrip_lrtemplate_NP3_lrtemplate/o_-_40._COLOR_-_Pastel_Rouge.lrtemplate
=== NAME  TestRoundTrip_lrtemplate_NP3_lrtemplate/23._E_-_Fuji_Sensia_+_iiiii.lrtemplate
    roundtrip_test.go:337: Whites: orig=-10 (expected loss: NP3 doesn't support this parameter)
=== NAME  TestRoundTrip_lrtemplate_NP3_lrtemplate/02._E_-_Fuji_160_+_ii.lrtemplate
    roundtrip_test.go:337: Whites: orig=-12 (expected loss: NP3 doesn't support this parameter)
=== RUN   TestRoundTrip_XMP_NP3_XMP/DETAIL_-_High.xmp#02
=== NAME  TestRoundTrip_lrtemplate_NP3_lrtemplate/02._E_-_Fuji_160_+_ii.lrtemplate
    roundtrip_test.go:337: Blacks: orig=8 (expected loss: NP3 doesn't support this parameter)
=== PAUSE TestRoundTrip_XMP_NP3_XMP/DETAIL_-_High.xmp#02
=== CONT  TestRoundTrip_lrtemplate_NP3_lrtemplate/09._E_-_Kodak_Portra_+_punch.lrtemplate
=== RUN   TestRoundTrip_XMP_NP3_XMP/DETAIL_-_Low.xmp#02
=== CONT  TestRoundTrip_lrtemplate_NP3_lrtemplate/o_-_48._LIGHTING_-_Tungsten.lrtemplate
=== PAUSE TestRoundTrip_XMP_NP3_XMP/DETAIL_-_Low.xmp#02
=== RUN   TestRoundTrip_XMP_NP3_XMP/DETAIL_-_Mid.xmp#02
=== NAME  TestRoundTrip_lrtemplate_NP3_lrtemplate/32._E_-_Fuji_Provia_+_iiiii.lrtemplate
    roundtrip_test.go:337: Highlights: orig=-28 (expected loss: NP3 doesn't support this parameter)
    roundtrip_test.go:337: Shadows: orig=13 (expected loss: NP3 doesn't support this parameter)
=== NAME  TestRoundTrip_lrtemplate_NP3_lrtemplate/56._E_-_Fuji_XPro_+_ii.lrtemplate
    roundtrip_test.go:337: Highlights: orig=-18 (expected loss: NP3 doesn't support this parameter)
=== NAME  TestRoundTrip_lrtemplate_NP3_lrtemplate/32._E_-_Fuji_Provia_+_iiiii.lrtemplate
    roundtrip_test.go:337: Whites: orig=-7 (expected loss: NP3 doesn't support this parameter)
    roundtrip_test.go:337: Blacks: orig=3 (expected loss: NP3 doesn't support this parameter)
=== CONT  TestRoundTrip_lrtemplate_NP3_lrtemplate/o_-_45._LIGHTING_-_Shade.lrtemplate
=== NAME  TestRoundTrip_lrtemplate_NP3_lrtemplate/32._E_-_Fuji_Provia_+_iiiii.lrtemplate
    roundtrip_test.go:337: Split toning hue: orig shadow=0, highlight=220 (NP3 has limited split toning support)
=== CONT  TestRoundTrip_lrtemplate_NP3_lrtemplate/o_-_50_-_o.lrtemplate
=== CONT  TestRoundTrip_lrtemplate_NP3_lrtemplate/29._E_-_Fuji_Provia_+_ii.lrtemplate
=== CONT  TestRoundTrip_lrtemplate_NP3_lrtemplate/o_-_44._LIGHTING_-_Flash.lrtemplate
=== NAME  TestRoundTrip_lrtemplate_NP3_lrtemplate/12._E_-_Fuji_Velvia_+_iii.lrtemplate
    roundtrip_test.go:337: Blacks: orig=12 (expected loss: NP3 doesn't support this parameter)
=== NAME  TestRoundTrip_lrtemplate_NP3_lrtemplate/01._E_-_Fuji_160_+_i.lrtemplate
    roundtrip_test.go:337: Blacks: orig=18 (expected loss: NP3 doesn't support this parameter)
=== CONT  TestRoundTrip_lrtemplate_NP3_lrtemplate/05._E_-_Kodak_Plus_+_fade.lrtemplate
=== NAME  TestRoundTrip_lrtemplate_NP3_lrtemplate/16._E_-_Fuji_Velvia_+_cool.lrtemplate
    roundtrip_test.go:337: Split toning saturation/balance: (expected loss: NP3 only supports hue)
=== NAME  TestRoundTrip_lrtemplate_NP3_lrtemplate/17._E_-_Fuji_Velvia_+_warm.lrtemplate
    roundtrip_test.go:337: Shadows: orig=18 (expected loss: NP3 doesn't support this parameter)
    roundtrip_test.go:337: Split toning saturation/balance: (expected loss: NP3 only supports hue)
=== NAME  TestRoundTrip_lrtemplate_NP3_lrtemplate/16._E_-_Fuji_Velvia_+_cool.lrtemplate
    roundtrip_test.go:337: Split toning hue: orig shadow=0, highlight=230 (NP3 has limited split toning support)
=== NAME  TestRoundTrip_lrtemplate_NP3_lrtemplate/17._E_-_Fuji_Velvia_+_warm.lrtemplate
    roundtrip_test.go:337: Split toning hue: orig shadow=0, highlight=45 (NP3 has limited split toning support)
=== CONT  TestRoundTrip_lrtemplate_NP3_lrtemplate/04._E_-_Kodak_Plus_+_iiii.lrtemplate
=== CONT  TestRoundTrip_lrtemplate_NP3_lrtemplate/03._E_-_Kodak_Plus_+_iii.lrtemplate
=== NAME  TestRoundTrip_lrtemplate_NP3_lrtemplate/21._E_-_Fuji_Sensia_+_iii.lrtemplate
    roundtrip_test.go:337: Whites: orig=-10 (expected loss: NP3 doesn't support this parameter)
    roundtrip_test.go:337: Blacks: orig=10 (expected loss: NP3 doesn't support this parameter)
=== NAME  TestRoundTrip_lrtemplate_NP3_lrtemplate/35._E_-_Fuji_Provia_+_warm.lrtemplate
    roundtrip_test.go:337: Split toning hue: orig shadow=0, highlight=212 (NP3 has limited split toning support)
=== NAME  TestRoundTrip_lrtemplate_NP3_lrtemplate/o_-_45._LIGHTING_-_Shade.lrtemplate
    roundtrip_test.go:493: Tint mismatch: orig=10, final=0 (diff=10, tolerance=1)
=== CONT  TestRoundTrip_lrtemplate_NP3_lrtemplate/01._E_-_Kodak_Plus_+_i.lrtemplate
=== NAME  TestRoundTrip_lrtemplate_NP3_lrtemplate/10._E_-_Fuji_Velvia_+_i.lrtemplate
    roundtrip_test.go:337: Highlights: orig=-28 (expected loss: NP3 doesn't support this parameter)
=== RUN   TestRoundTrip_XMP_lrtemplate_XMP/KDK_-_Echrome_200_+++.xmp#01
=== NAME  TestRoundTrip_lrtemplate_NP3_lrtemplate/10._E_-_Fuji_Velvia_+_i.lrtemplate
    roundtrip_test.go:337: Shadows: orig=22 (expected loss: NP3 doesn't support this parameter)
=== PAUSE TestRoundTrip_XMP_lrtemplate_XMP/KDK_-_Echrome_200_+++.xmp#01
=== CONT  TestRoundTrip_lrtemplate_NP3_lrtemplate/68._E_-_Kodak_E200_+_iiiii.lrtemplate
=== RUN   TestRoundTrip_XMP_lrtemplate_XMP/KDK_-_Echrome_200_++.xmp#01
=== NAME  TestRoundTrip_lrtemplate_NP3_lrtemplate/23._E_-_Fuji_Sensia_+_iiiii.lrtemplate
    roundtrip_test.go:337: Blacks: orig=25 (expected loss: NP3 doesn't support this parameter)
=== NAME  TestRoundTrip_lrtemplate_NP3_lrtemplate/05._E_-_Kodak_Plus_+_fade.lrtemplate
    roundtrip_test.go:337: Highlights: orig=-20 (expected loss: NP3 doesn't support this parameter)
=== CONT  TestRoundTrip_lrtemplate_NP3_lrtemplate/o_-_37._COLOR_-_Spearmint.lrtemplate
=== NAME  TestRoundTrip_lrtemplate_NP3_lrtemplate/05._E_-_Kodak_Plus_+_fade.lrtemplate
    roundtrip_test.go:337: Shadows: orig=12 (expected loss: NP3 doesn't support this parameter)
=== NAME  TestRoundTrip_lrtemplate_NP3_lrtemplate/o_-_49._LIGHTING_-_Fluorescent.lrtemplate
    roundtrip_test.go:493: Tint mismatch: orig=21, final=0 (diff=21, tolerance=1)
=== NAME  TestRoundTrip_lrtemplate_NP3_lrtemplate/09._E_-_Kodak_Portra_+_punch.lrtemplate
    roundtrip_test.go:337: Highlights: orig=-30 (expected loss: NP3 doesn't support this parameter)
    roundtrip_test.go:337: Shadows: orig=30 (expected loss: NP3 doesn't support this parameter)
=== NAME  TestRoundTrip_lrtemplate_NP3_lrtemplate/o_-_49._LIGHTING_-_Fluorescent.lrtemplate
    roundtrip_test.go:337: Temperature nullability difference: orig=0xc001b32350, final=<nil> (may be expected)
=== NAME  TestRoundTrip_lrtemplate_NP3_lrtemplate/09._E_-_Kodak_Portra_+_punch.lrtemplate
    roundtrip_test.go:337: Whites: orig=-10 (expected loss: NP3 doesn't support this parameter)
=== CONT  TestRoundTrip_lrtemplate_NP3_lrtemplate/o_-_36._COLOR_-_Lavender.lrtemplate
=== NAME  TestRoundTrip_lrtemplate_NP3_lrtemplate/09._E_-_Kodak_Portra_+_punch.lrtemplate
    roundtrip_test.go:337: Blacks: orig=24 (expected loss: NP3 doesn't support this parameter)
=== CONT  TestRoundTrip_lrtemplate_NP3_lrtemplate/o_-_35._COLOR_-_Morning.lrtemplate
=== NAME  TestRoundTrip_lrtemplate_NP3_lrtemplate/29._E_-_Fuji_Provia_+_ii.lrtemplate
    roundtrip_test.go:337: Highlights: orig=-28 (expected loss: NP3 doesn't support this parameter)
    roundtrip_test.go:337: Shadows: orig=28 (expected loss: NP3 doesn't support this parameter)
    roundtrip_test.go:337: Whites: orig=-20 (expected loss: NP3 doesn't support this parameter)
    roundtrip_test.go:337: Blacks: orig=30 (expected loss: NP3 doesn't support this parameter)
    roundtrip_test.go:337: Split toning saturation/balance: (expected loss: NP3 only supports hue)
    roundtrip_test.go:337: Split toning hue: orig shadow=0, highlight=215 (NP3 has limited split toning support)
=== CONT  TestRoundTrip_lrtemplate_NP3_lrtemplate/o_-_04._EXPOSURE__-_2.lrtemplate#03
=== NAME  TestRoundTrip_lrtemplate_NP3_lrtemplate/o_-_35._COLOR_-_Morning.lrtemplate
    roundtrip_test.go:337: Split toning saturation/balance: (expected loss: NP3 only supports hue)
=== NAME  TestRoundTrip_lrtemplate_NP3_lrtemplate/03._E_-_Kodak_Plus_+_iii.lrtemplate
    roundtrip_test.go:337: Highlights: orig=-18 (expected loss: NP3 doesn't support this parameter)
=== NAME  TestRoundTrip_lrtemplate_NP3_lrtemplate/o_-_35._COLOR_-_Morning.lrtemplate
    roundtrip_test.go:337: Split toning hue: orig shadow=226, highlight=44 (NP3 has limited split toning support)
=== CONT  TestRoundTrip_lrtemplate_NP3_lrtemplate/30._E_-_Fuji_Provia_+_iii.lrtemplate
=== NAME  TestRoundTrip_lrtemplate_NP3_lrtemplate/01._E_-_Kodak_Plus_+_i.lrtemplate
    roundtrip_test.go:337: Highlights: orig=-28 (expected loss: NP3 doesn't support this parameter)
    roundtrip_test.go:337: Shadows: orig=22 (expected loss: NP3 doesn't support this parameter)
=== CONT  TestRoundTrip_lrtemplate_NP3_lrtemplate/o_-_10._CONTRAST_-_Low.lrtemplate#03
=== NAME  TestRoundTrip_lrtemplate_NP3_lrtemplate/01._E_-_Kodak_Plus_+_i.lrtemplate
    roundtrip_test.go:337: Whites: orig=-21 (expected loss: NP3 doesn't support this parameter)
    roundtrip_test.go:337: Blacks: orig=23 (expected loss: NP3 doesn't support this parameter)
=== CONT  TestRoundTrip_lrtemplate_NP3_lrtemplate/o_-_09_-_o.lrtemplate#03
=== NAME  TestRoundTrip_lrtemplate_NP3_lrtemplate/04._E_-_Kodak_Plus_+_iiii.lrtemplate
    roundtrip_test.go:337: Highlights: orig=-18 (expected loss: NP3 doesn't support this parameter)
=== NAME  TestRoundTrip_lrtemplate_NP3_lrtemplate/68._E_-_Kodak_E200_+_iiiii.lrtemplate
    roundtrip_test.go:337: Highlights: orig=-22 (expected loss: NP3 doesn't support this parameter)
=== NAME  TestRoundTrip_lrtemplate_NP3_lrtemplate/04._E_-_Kodak_Plus_+_iiii.lrtemplate
    roundtrip_test.go:337: Shadows: orig=21 (expected loss: NP3 doesn't support this parameter)
=== NAME  TestRoundTrip_lrtemplate_NP3_lrtemplate/68._E_-_Kodak_E200_+_iiiii.lrtemplate
    roundtrip_test.go:337: Shadows: orig=22 (expected loss: NP3 doesn't support this parameter)
=== NAME  TestRoundTrip_lrtemplate_NP3_lrtemplate/o_-_40._COLOR_-_Pastel_Rouge.lrtemplate
    roundtrip_test.go:337: Split toning saturation/balance: (expected loss: NP3 only supports hue)
=== CONT  TestRoundTrip_lrtemplate_NP3_lrtemplate/o_-_34._COLOR_-_Neutral.lrtemplate
=== NAME  TestRoundTrip_lrtemplate_NP3_lrtemplate/68._E_-_Kodak_E200_+_iiiii.lrtemplate
    roundtrip_test.go:337: Whites: orig=-10 (expected loss: NP3 doesn't support this parameter)
=== NAME  TestRoundTrip_lrtemplate_NP3_lrtemplate/o_-_40._COLOR_-_Pastel_Rouge.lrtemplate
    roundtrip_test.go:337: Split toning hue: orig shadow=242, highlight=10 (NP3 has limited split toning support)
=== NAME  TestRoundTrip_lrtemplate_NP3_lrtemplate/56._E_-_Fuji_XPro_+_ii.lrtemplate
    roundtrip_test.go:337: Shadows: orig=18 (expected loss: NP3 doesn't support this parameter)
    roundtrip_test.go:337: Whites: orig=-18 (expected loss: NP3 doesn't support this parameter)
=== NAME  TestRoundTrip_lrtemplate_NP3_lrtemplate/o_-_36._COLOR_-_Lavender.lrtemplate
    roundtrip_test.go:337: Split toning saturation/balance: (expected loss: NP3 only supports hue)
=== NAME  TestRoundTrip_lrtemplate_NP3_lrtemplate/o_-_34._COLOR_-_Neutral.lrtemplate
    roundtrip_test.go:337: Split toning saturation/balance: (expected loss: NP3 only supports hue)
=== NAME  TestRoundTrip_lrtemplate_NP3_lrtemplate/30._E_-_Fuji_Provia_+_iii.lrtemplate
    roundtrip_test.go:337: Highlights: orig=-22 (expected loss: NP3 doesn't support this parameter)
=== NAME  TestRoundTrip_lrtemplate_NP3_lrtemplate/o_-_34._COLOR_-_Neutral.lrtemplate
    roundtrip_test.go:337: Split toning hue: orig shadow=242, highlight=45 (NP3 has limited split toning support)
=== NAME  TestRoundTrip_lrtemplate_NP3_lrtemplate/30._E_-_Fuji_Provia_+_iii.lrtemplate
    roundtrip_test.go:337: Shadows: orig=22 (expected loss: NP3 doesn't support this parameter)
=== CONT  TestRoundTrip_lrtemplate_NP3_lrtemplate/o_-_06._EXPOSURE__0.lrtemplate#03
=== NAME  TestRoundTrip_lrtemplate_NP3_lrtemplate/30._E_-_Fuji_Provia_+_iii.lrtemplate
    roundtrip_test.go:337: Whites: orig=-18 (expected loss: NP3 doesn't support this parameter)
    roundtrip_test.go:337: Blacks: orig=22 (expected loss: NP3 doesn't support this parameter)
    roundtrip_test.go:337: Split toning saturation/balance: (expected loss: NP3 only supports hue)
    roundtrip_test.go:337: Split toning hue: orig shadow=0, highlight=225 (NP3 has limited split toning support)
=== CONT  TestRoundTrip_lrtemplate_NP3_lrtemplate/27._E_-_Polaroid_+_iii.lrtemplate
=== NAME  TestRoundTrip_lrtemplate_NP3_lrtemplate/o_-_37._COLOR_-_Spearmint.lrtemplate
    roundtrip_test.go:337: Split toning saturation/balance: (expected loss: NP3 only supports hue)
    roundtrip_test.go:337: Split toning hue: orig shadow=179, highlight=111 (NP3 has limited split toning support)
=== CONT  TestRoundTrip_lrtemplate_NP3_lrtemplate/o_-_05._EXPOSURE__-_1.lrtemplate#03
=== CONT  TestRoundTrip_lrtemplate_NP3_lrtemplate/07._E_-_Fuji_160_+_cool.lrtemplate
=== NAME  TestRoundTrip_lrtemplate_NP3_lrtemplate/04._E_-_Kodak_Plus_+_iiii.lrtemplate
    roundtrip_test.go:337: Whites: orig=-22 (expected loss: NP3 doesn't support this parameter)
=== NAME  TestRoundTrip_lrtemplate_NP3_lrtemplate/o_-_36._COLOR_-_Lavender.lrtemplate
    roundtrip_test.go:337: Split toning hue: orig shadow=223, highlight=51 (NP3 has limited split toning support)
=== NAME  TestRoundTrip_lrtemplate_NP3_lrtemplate/56._E_-_Fuji_XPro_+_ii.lrtemplate
    roundtrip_test.go:337: Blacks: orig=18 (expected loss: NP3 doesn't support this parameter)
=== NAME  TestRoundTrip_lrtemplate_NP3_lrtemplate/68._E_-_Kodak_E200_+_iiiii.lrtemplate
    roundtrip_test.go:337: Blacks: orig=28 (expected loss: NP3 doesn't support this parameter)
=== NAME  TestRoundTrip_lrtemplate_NP3_lrtemplate/08._E_-_Fuji_160_+_warm.lrtemplate
    roundtrip_test.go:337: Highlights: orig=-26 (expected loss: NP3 doesn't support this parameter)
    roundtrip_test.go:337: Shadows: orig=15 (expected loss: NP3 doesn't support this parameter)
=== NAME  TestRoundTrip_lrtemplate_NP3_lrtemplate/o_-_48._LIGHTING_-_Tungsten.lrtemplate
    roundtrip_test.go:337: Temperature nullability difference: orig=0xc001b32650, final=<nil> (may be expected)
=== CONT  TestRoundTrip_lrtemplate_NP3_lrtemplate/02._E_-_Kodak_Plus_+_ii.lrtemplate
=== NAME  TestRoundTrip_lrtemplate_NP3_lrtemplate/o_-_45._LIGHTING_-_Shade.lrtemplate
    roundtrip_test.go:337: Temperature nullability difference: orig=0xc0019e1b50, final=<nil> (may be expected)
=== NAME  TestRoundTrip_lrtemplate_NP3_lrtemplate/26._E_-_Fuji_Sensia_+_warm.lrtemplate
    roundtrip_test.go:337: Whites: orig=-10 (expected loss: NP3 doesn't support this parameter)
=== NAME  TestRoundTrip_lrtemplate_NP3_lrtemplate/10._E_-_Fuji_Velvia_+_i.lrtemplate
    roundtrip_test.go:337: Blacks: orig=22 (expected loss: NP3 doesn't support this parameter)
=== NAME  TestRoundTrip_lrtemplate_NP3_lrtemplate/o_-_44._LIGHTING_-_Flash.lrtemplate
    roundtrip_test.go:337: Temperature nullability difference: orig=0xc00249af50, final=<nil> (may be expected)
=== PAUSE TestRoundTrip_XMP_lrtemplate_XMP/KDK_-_Echrome_200_++.xmp#01
=== CONT  TestRoundTrip_lrtemplate_NP3_lrtemplate/o_-_00_-_o.lrtemplate
=== CONT  TestRoundTrip_lrtemplate_NP3_lrtemplate/o_-_00_-_o.lrtemplate#03
=== PAUSE TestRoundTrip_XMP_NP3_XMP/DETAIL_-_Mid.xmp#02
=== NAME  TestRoundTrip_lrtemplate_NP3_lrtemplate/03._E_-_Kodak_Plus_+_iii.lrtemplate
    roundtrip_test.go:337: Shadows: orig=12 (expected loss: NP3 doesn't support this parameter)
=== CONT  TestRoundTrip_lrtemplate_NP3_lrtemplate/14._E_-_Fuji_Velvia_+_iiiii.lrtemplate
=== CONT  TestRoundTrip_lrtemplate_NP3_lrtemplate/o_-_08._EXPOSURE_+_2.lrtemplate#03
=== RUN   TestRoundTrip_XMP_NP3_XMP/EXPOSURE__-_1.xmp#02
=== PAUSE TestRoundTrip_XMP_NP3_XMP/EXPOSURE__-_1.xmp#02
=== NAME  TestRoundTrip_lrtemplate_NP3_lrtemplate/o_-_39._COLOR_-_Warm_Light.lrtemplate
    roundtrip_test.go:337: Split toning saturation/balance: (expected loss: NP3 only supports hue)
=== CONT  TestRoundTrip_lrtemplate_NP3_lrtemplate/o_-_07._EXPOSURE_+_1.lrtemplate#03
=== NAME  TestRoundTrip_lrtemplate_NP3_lrtemplate/02._E_-_Kodak_Plus_+_ii.lrtemplate
    roundtrip_test.go:337: Highlights: orig=-18 (expected loss: NP3 doesn't support this parameter)
    roundtrip_test.go:337: Shadows: orig=13 (expected loss: NP3 doesn't support this parameter)
=== CONT  TestRoundTrip_lrtemplate_NP3_lrtemplate/00._E_-_o____.lrtemplate
=== NAME  TestRoundTrip_lrtemplate_NP3_lrtemplate/02._E_-_Kodak_Plus_+_ii.lrtemplate
    roundtrip_test.go:337: Whites: orig=-18 (expected loss: NP3 doesn't support this parameter)
=== CONT  TestRoundTrip_lrtemplate_NP3_lrtemplate/o_-_01._Lens_on.lrtemplate
=== CONT  TestRoundTrip_lrtemplate_NP3_lrtemplate/00._E_-_auto_tone____.lrtemplate
=== NAME  TestRoundTrip_lrtemplate_NP3_lrtemplate/07._E_-_Fuji_160_+_cool.lrtemplate
    roundtrip_test.go:337: Highlights: orig=-28 (expected loss: NP3 doesn't support this parameter)
    roundtrip_test.go:337: Shadows: orig=21 (expected loss: NP3 doesn't support this parameter)
=== NAME  TestRoundTrip_lrtemplate_NP3_lrtemplate/04._E_-_Kodak_Plus_+_iiii.lrtemplate
    roundtrip_test.go:337: Blacks: orig=17 (expected loss: NP3 doesn't support this parameter)
=== CONT  TestRoundTrip_lrtemplate_NP3_lrtemplate/06._E_-_Fuji_160_+_fade.lrtemplate
=== CONT  TestRoundTrip_lrtemplate_NP3_lrtemplate/14._E_-_Agfa_Optima_+_iiiii.lrtemplate
=== NAME  TestRoundTrip_lrtemplate_NP3_lrtemplate/56._E_-_Fuji_XPro_+_ii.lrtemplate
    roundtrip_test.go:337: Split toning saturation/balance: (expected loss: NP3 only supports hue)
=== CONT  TestRoundTrip_lrtemplate_NP3_lrtemplate/98._E_-_Kodak_Elite_+_warm.lrtemplate
=== NAME  TestRoundTrip_lrtemplate_NP3_lrtemplate/56._E_-_Fuji_XPro_+_ii.lrtemplate
    roundtrip_test.go:337: Split toning hue: orig shadow=210, highlight=0 (NP3 has limited split toning support)
=== CONT  TestRoundTrip_lrtemplate_NP3_lrtemplate/32._E_-_Polaroid_Mono_+_ii.lrtemplate
=== CONT  TestRoundTrip_lrtemplate_NP3_lrtemplate/o_-_03_-_o.lrtemplate#03
=== NAME  TestRoundTrip_lrtemplate_NP3_lrtemplate/27._E_-_Polaroid_+_iii.lrtemplate
    roundtrip_test.go:337: Highlights: orig=-10 (expected loss: NP3 doesn't support this parameter)
=== CONT  TestRoundTrip_lrtemplate_NP3_lrtemplate/36._E_-_Polaroid_Mono_+_fade.lrtemplate
=== CONT  TestRoundTrip_lrtemplate_NP3_lrtemplate/o_-_33_-_o.lrtemplate
=== CONT  TestRoundTrip_lrtemplate_NP3_lrtemplate/00._E_-_grain_x___.lrtemplate
=== NAME  TestRoundTrip_lrtemplate_NP3_lrtemplate/08._E_-_Fuji_160_+_warm.lrtemplate
    roundtrip_test.go:337: Whites: orig=-12 (expected loss: NP3 doesn't support this parameter)
=== CONT  TestRoundTrip_lrtemplate_NP3_lrtemplate/97._E_-_Kodak_Elite_+_cool.lrtemplate
=== CONT  TestRoundTrip_lrtemplate_NP3_lrtemplate/00._E_-_auto_wb____.lrtemplate
=== NAME  TestRoundTrip_lrtemplate_NP3_lrtemplate/26._E_-_Fuji_Sensia_+_warm.lrtemplate
    roundtrip_test.go:337: Blacks: orig=13 (expected loss: NP3 doesn't support this parameter)
=== NAME  TestRoundTrip_lrtemplate_NP3_lrtemplate/05._E_-_Kodak_Plus_+_fade.lrtemplate
    roundtrip_test.go:337: Whites: orig=-22 (expected loss: NP3 doesn't support this parameter)
=== RUN   TestRoundTrip_XMP_lrtemplate_XMP/KDK_-_Echrome_200_+.xmp#01
=== CONT  TestRoundTrip_lrtemplate_NP3_lrtemplate/99._E_-_Kodak_Elite_+_punch.lrtemplate
=== CONT  TestRoundTrip_lrtemplate_NP3_lrtemplate/27._E_-_Fuji_Sensia_+_punch.lrtemplate
=== NAME  TestRoundTrip_lrtemplate_NP3_lrtemplate/05._E_-_Kodak_Plus_+_fade.lrtemplate
    roundtrip_test.go:337: Blacks: orig=8 (expected loss: NP3 doesn't support this parameter)
=== PAUSE TestRoundTrip_XMP_lrtemplate_XMP/KDK_-_Echrome_200_+.xmp#01
=== NAME  TestRoundTrip_lrtemplate_NP3_lrtemplate/03._E_-_Kodak_Plus_+_iii.lrtemplate
    roundtrip_test.go:337: Whites: orig=-22 (expected loss: NP3 doesn't support this parameter)
=== CONT  TestRoundTrip_lrtemplate_NP3_lrtemplate/o_-_45._LIGHTING_-_Shade.lrtemplate#03
=== RUN   TestRoundTrip_XMP_lrtemplate_XMP/KDK_-_Echrome_200_-_boost.xmp#01
=== NAME  TestRoundTrip_lrtemplate_NP3_lrtemplate/03._E_-_Kodak_Plus_+_iii.lrtemplate
    roundtrip_test.go:337: Blacks: orig=8 (expected loss: NP3 doesn't support this parameter)
=== PAUSE TestRoundTrip_XMP_lrtemplate_XMP/KDK_-_Echrome_200_-_boost.xmp#01
=== CONT  TestRoundTrip_lrtemplate_NP3_lrtemplate/31._E_-_Polaroid_Mono_+_i.lrtemplate
=== RUN   TestRoundTrip_XMP_lrtemplate_XMP/KDK_-_Echrome_200_-_cool.xmp#01
=== NAME  TestRoundTrip_lrtemplate_NP3_lrtemplate/o_-_39._COLOR_-_Warm_Light.lrtemplate
    roundtrip_test.go:337: Split toning hue: orig shadow=60, highlight=56 (NP3 has limited split toning support)
=== CONT  TestRoundTrip_lrtemplate_NP3_lrtemplate/35._E_-_Polaroid_Mono_+_iiiii.lrtemplate
=== NAME  TestRoundTrip_lrtemplate_NP3_lrtemplate/02._E_-_Kodak_Plus_+_ii.lrtemplate
    roundtrip_test.go:337: Blacks: orig=18 (expected loss: NP3 doesn't support this parameter)
=== NAME  TestRoundTrip_lrtemplate_NP3_lrtemplate/07._E_-_Fuji_160_+_cool.lrtemplate
    roundtrip_test.go:337: Whites: orig=-19 (expected loss: NP3 doesn't support this parameter)
=== NAME  TestRoundTrip_lrtemplate_NP3_lrtemplate/14._E_-_Agfa_Optima_+_iiiii.lrtemplate
    roundtrip_test.go:337: Highlights: orig=-27 (expected loss: NP3 doesn't support this parameter)
=== CONT  TestRoundTrip_lrtemplate_NP3_lrtemplate/o_-_23._VIBRANCE__-_Mid.lrtemplate#03
=== CONT  TestRoundTrip_lrtemplate_NP3_lrtemplate/o_-_32._FINISH_-_Retro.lrtemplate
=== NAME  TestRoundTrip_lrtemplate_NP3_lrtemplate/14._E_-_Fuji_Velvia_+_iiiii.lrtemplate
    roundtrip_test.go:493: Tint mismatch: orig=3, final=0 (diff=3, tolerance=1)
=== NAME  TestRoundTrip_lrtemplate_NP3_lrtemplate/27._E_-_Polaroid_+_iii.lrtemplate
    roundtrip_test.go:337: Shadows: orig=18 (expected loss: NP3 doesn't support this parameter)
=== CONT  TestRoundTrip_lrtemplate_NP3_lrtemplate/o_-_47._LIGHTING_-_Daylight.lrtemplate
=== NAME  TestRoundTrip_lrtemplate_NP3_lrtemplate/36._E_-_Polaroid_Mono_+_fade.lrtemplate
    roundtrip_test.go:337: Highlights: orig=-10 (expected loss: NP3 doesn't support this parameter)
    roundtrip_test.go:337: Shadows: orig=15 (expected loss: NP3 doesn't support this parameter)
=== CONT  TestRoundTrip_lrtemplate_NP3_lrtemplate/33._E_-_Polaroid_Mono_+_iii.lrtemplate
=== RUN   TestRoundTrip_XMP_NP3_XMP/EXPOSURE__-_2.xmp#02
=== PAUSE TestRoundTrip_XMP_lrtemplate_XMP/KDK_-_Echrome_200_-_cool.xmp#01
=== RUN   TestRoundTrip_XMP_lrtemplate_XMP/KDK_-_Echrome_200_-_film.xmp#01
=== CONT  TestRoundTrip_lrtemplate_NP3_lrtemplate/o_-_19._SHARPEN_-_Mid.lrtemplate#03
=== PAUSE TestRoundTrip_XMP_lrtemplate_XMP/KDK_-_Echrome_200_-_film.xmp#01
=== RUN   TestRoundTrip_XMP_lrtemplate_XMP/KDK_-_Echrome_200_-_warm.xmp#01
=== NAME  TestRoundTrip_lrtemplate_NP3_lrtemplate/36._E_-_Polaroid_Mono_+_fade.lrtemplate
    roundtrip_test.go:337: Whites: orig=5 (expected loss: NP3 doesn't support this parameter)
=== NAME  TestRoundTrip_lrtemplate_NP3_lrtemplate/14._E_-_Agfa_Optima_+_iiiii.lrtemplate
    roundtrip_test.go:337: Shadows: orig=27 (expected loss: NP3 doesn't support this parameter)
=== NAME  TestRoundTrip_lrtemplate_NP3_lrtemplate/36._E_-_Polaroid_Mono_+_fade.lrtemplate
    roundtrip_test.go:337: Blacks: orig=-10 (expected loss: NP3 doesn't support this parameter)
=== CONT  TestRoundTrip_lrtemplate_NP3_lrtemplate/o_-_25_-_o.lrtemplate#03
=== NAME  TestRoundTrip_lrtemplate_NP3_lrtemplate/o_-_45._LIGHTING_-_Shade.lrtemplate#03
    roundtrip_test.go:493: Tint mismatch: orig=10, final=0 (diff=10, tolerance=1)
=== CONT  TestRoundTrip_lrtemplate_NP3_lrtemplate/15._E_-_Fuji_Velvia_+_fade.lrtemplate
=== NAME  TestRoundTrip_lrtemplate_NP3_lrtemplate/14._E_-_Agfa_Optima_+_iiiii.lrtemplate
    roundtrip_test.go:337: Whites: orig=-26 (expected loss: NP3 doesn't support this parameter)
=== CONT  TestRoundTrip_lrtemplate_NP3_lrtemplate/03._E_-_Fuji_160_+_iii.lrtemplate
=== CONT  TestRoundTrip_lrtemplate_NP3_lrtemplate/o_-_22._VIBRANCE__-_Low.lrtemplate#03
=== CONT  TestRoundTrip_lrtemplate_NP3_lrtemplate/o_-_15._DETAIL_-_Mid.lrtemplate#03
=== NAME  TestRoundTrip_lrtemplate_NP3_lrtemplate/32._E_-_Polaroid_Mono_+_ii.lrtemplate
    roundtrip_test.go:337: Highlights: orig=-15 (expected loss: NP3 doesn't support this parameter)
=== NAME  TestRoundTrip_lrtemplate_NP3_lrtemplate/99._E_-_Kodak_Elite_+_punch.lrtemplate
    roundtrip_test.go:337: Highlights: orig=-25 (expected loss: NP3 doesn't support this parameter)
    roundtrip_test.go:337: Shadows: orig=23 (expected loss: NP3 doesn't support this parameter)
=== NAME  TestRoundTrip_lrtemplate_NP3_lrtemplate/27._E_-_Fuji_Sensia_+_punch.lrtemplate
    roundtrip_test.go:337: Highlights: orig=-23 (expected loss: NP3 doesn't support this parameter)
=== NAME  TestRoundTrip_lrtemplate_NP3_lrtemplate/99._E_-_Kodak_Elite_+_punch.lrtemplate
    roundtrip_test.go:337: Whites: orig=-32 (expected loss: NP3 doesn't support this parameter)
=== NAME  TestRoundTrip_lrtemplate_NP3_lrtemplate/27._E_-_Fuji_Sensia_+_punch.lrtemplate
    roundtrip_test.go:337: Shadows: orig=24 (expected loss: NP3 doesn't support this parameter)
=== NAME  TestRoundTrip_lrtemplate_NP3_lrtemplate/99._E_-_Kodak_Elite_+_punch.lrtemplate
    roundtrip_test.go:337: Blacks: orig=38 (expected loss: NP3 doesn't support this parameter)
=== CONT  TestRoundTrip_lrtemplate_NP3_lrtemplate/o_-_31._FINISH_-_Bright.lrtemplate
=== CONT  TestRoundTrip_lrtemplate_NP3_lrtemplate/30._E_-_Polaroid_+_punch.lrtemplate
=== CONT  TestRoundTrip_lrtemplate_NP3_lrtemplate/o_-_46._LIGHTING_-_Cloudy.lrtemplate
=== NAME  TestRoundTrip_lrtemplate_NP3_lrtemplate/o_-_47._LIGHTING_-_Daylight.lrtemplate
    roundtrip_test.go:493: Tint mismatch: orig=10, final=0 (diff=10, tolerance=1)
=== CONT  TestRoundTrip_lrtemplate_NP3_lrtemplate/o_-_18._SHARPEN_-_Low.lrtemplate#03
=== NAME  TestRoundTrip_lrtemplate_NP3_lrtemplate/14._E_-_Fuji_Velvia_+_iiiii.lrtemplate
    roundtrip_test.go:337: Highlights: orig=-20 (expected loss: NP3 doesn't support this parameter)
=== CONT  TestRoundTrip_lrtemplate_NP3_lrtemplate/28._E_-_Polaroid_+_iiii.lrtemplate
=== NAME  TestRoundTrip_lrtemplate_NP3_lrtemplate/14._E_-_Fuji_Velvia_+_iiiii.lrtemplate
    roundtrip_test.go:337: Shadows: orig=20 (expected loss: NP3 doesn't support this parameter)
=== NAME  TestRoundTrip_lrtemplate_NP3_lrtemplate/27._E_-_Polaroid_+_iii.lrtemplate
    roundtrip_test.go:337: Whites: orig=-10 (expected loss: NP3 doesn't support this parameter)
=== NAME  TestRoundTrip_lrtemplate_NP3_lrtemplate/14._E_-_Fuji_Velvia_+_iiiii.lrtemplate
    roundtrip_test.go:337: Blacks: orig=10 (expected loss: NP3 doesn't support this parameter)
=== CONT  TestRoundTrip_lrtemplate_NP3_lrtemplate/o_-_17_-_o.lrtemplate#03
=== CONT  TestRoundTrip_lrtemplate_NP3_lrtemplate/o_-_32._FINISH_-_Retro.lrtemplate#03
=== PAUSE TestRoundTrip_XMP_lrtemplate_XMP/KDK_-_Echrome_200_-_warm.xmp#01
=== NAME  TestRoundTrip_lrtemplate_NP3_lrtemplate/06._E_-_Fuji_160_+_fade.lrtemplate
    roundtrip_test.go:337: Highlights: orig=-28 (expected loss: NP3 doesn't support this parameter)
=== CONT  TestRoundTrip_lrtemplate_NP3_lrtemplate/33._E_-_Kodak_800_+_fade.lrtemplate
=== NAME  TestRoundTrip_lrtemplate_NP3_lrtemplate/06._E_-_Fuji_160_+_fade.lrtemplate
    roundtrip_test.go:337: Shadows: orig=5 (expected loss: NP3 doesn't support this parameter)
=== RUN   TestRoundTrip_XMP_lrtemplate_XMP/KDK_-_Echrome_200.xmp#01
=== NAME  TestRoundTrip_lrtemplate_NP3_lrtemplate/o_-_22._VIBRANCE__-_Low.lrtemplate#03
    roundtrip_test.go:337: Vibrance reset to 0: orig=-10 (may be due to Picture Control base mapping)
=== PAUSE TestRoundTrip_XMP_lrtemplate_XMP/KDK_-_Echrome_200.xmp#01
=== CONT  TestRoundTrip_lrtemplate_NP3_lrtemplate/o_-_16._DETAIL_-_High.lrtemplate#03
=== RUN   TestRoundTrip_XMP_lrtemplate_XMP/KDK_-_Echrome_64_++++.xmp#01
=== NAME  TestRoundTrip_lrtemplate_NP3_lrtemplate/33._E_-_Polaroid_Mono_+_iii.lrtemplate
    roundtrip_test.go:337: Highlights: orig=-10 (expected loss: NP3 doesn't support this parameter)
    roundtrip_test.go:337: Shadows: orig=10 (expected loss: NP3 doesn't support this parameter)
=== NAME  TestRoundTrip_lrtemplate_NP3_lrtemplate/14._E_-_Agfa_Optima_+_iiiii.lrtemplate
    roundtrip_test.go:337: Blacks: orig=37 (expected loss: NP3 doesn't support this parameter)
=== NAME  TestRoundTrip_lrtemplate_NP3_lrtemplate/33._E_-_Polaroid_Mono_+_iii.lrtemplate
    roundtrip_test.go:337: Whites: orig=-8 (expected loss: NP3 doesn't support this parameter)
=== NAME  TestRoundTrip_lrtemplate_NP3_lrtemplate/32._E_-_Polaroid_Mono_+_ii.lrtemplate
    roundtrip_test.go:337: Shadows: orig=20 (expected loss: NP3 doesn't support this parameter)
    roundtrip_test.go:337: Whites: orig=-15 (expected loss: NP3 doesn't support this parameter)
=== NAME  TestRoundTrip_lrtemplate_NP3_lrtemplate/35._E_-_Polaroid_Mono_+_iiiii.lrtemplate
    roundtrip_test.go:337: Highlights: orig=-10 (expected loss: NP3 doesn't support this parameter)
    roundtrip_test.go:337: Shadows: orig=10 (expected loss: NP3 doesn't support this parameter)
=== CONT  TestRoundTrip_lrtemplate_NP3_lrtemplate/29._E_-_Polaroid_+_fade.lrtemplate
=== NAME  TestRoundTrip_lrtemplate_NP3_lrtemplate/35._E_-_Polaroid_Mono_+_iiiii.lrtemplate
    roundtrip_test.go:337: Whites: orig=-10 (expected loss: NP3 doesn't support this parameter)
=== NAME  TestRoundTrip_lrtemplate_NP3_lrtemplate/o_-_47._LIGHTING_-_Daylight.lrtemplate
    roundtrip_test.go:337: Temperature nullability difference: orig=0xc001a624d0, final=<nil> (may be expected)
=== CONT  TestRoundTrip_lrtemplate_NP3_lrtemplate/o_-_21_-_o.lrtemplate#03
=== CONT  TestRoundTrip_lrtemplate_NP3_lrtemplate/o_-_02._Lens_off.lrtemplate#03
=== PAUSE TestRoundTrip_XMP_NP3_XMP/EXPOSURE__-_2.xmp#02
=== NAME  TestRoundTrip_lrtemplate_NP3_lrtemplate/27._E_-_Polaroid_+_iii.lrtemplate
    roundtrip_test.go:337: Blacks: orig=-10 (expected loss: NP3 doesn't support this parameter)
=== NAME  TestRoundTrip_lrtemplate_NP3_lrtemplate/o_-_46._LIGHTING_-_Cloudy.lrtemplate
    roundtrip_test.go:493: Tint mismatch: orig=10, final=0 (diff=10, tolerance=1)
=== CONT  TestRoundTrip_lrtemplate_NP3_lrtemplate/o_-_09_-_o.lrtemplate
=== NAME  TestRoundTrip_lrtemplate_NP3_lrtemplate/o_-_46._LIGHTING_-_Cloudy.lrtemplate
    roundtrip_test.go:337: Temperature nullability difference: orig=0xc001e5c4d0, final=<nil> (may be expected)
=== CONT  TestRoundTrip_lrtemplate_NP3_lrtemplate/65._E_-_Kodak_E200_+_ii.lrtemplate
=== NAME  TestRoundTrip_lrtemplate_NP3_lrtemplate/o_-_45._LIGHTING_-_Shade.lrtemplate#03
    roundtrip_test.go:337: Temperature nullability difference: orig=0xc0023c4050, final=<nil> (may be expected)
=== PAUSE TestRoundTrip_XMP_lrtemplate_XMP/KDK_-_Echrome_64_++++.xmp#01
=== NAME  TestRoundTrip_lrtemplate_NP3_lrtemplate/15._E_-_Fuji_Velvia_+_fade.lrtemplate
    roundtrip_test.go:337: Highlights: orig=-20 (expected loss: NP3 doesn't support this parameter)
=== RUN   TestRoundTrip_XMP_lrtemplate_XMP/KDK_-_Echrome_64_+++.xmp#01
=== PAUSE TestRoundTrip_XMP_lrtemplate_XMP/KDK_-_Echrome_64_+++.xmp#01
=== NAME  TestRoundTrip_lrtemplate_NP3_lrtemplate/15._E_-_Fuji_Velvia_+_fade.lrtemplate
    roundtrip_test.go:337: Shadows: orig=20 (expected loss: NP3 doesn't support this parameter)
=== RUN   TestRoundTrip_XMP_lrtemplate_XMP/KDK_-_Echrome_64_++.xmp#01
=== PAUSE TestRoundTrip_XMP_lrtemplate_XMP/KDK_-_Echrome_64_++.xmp#01
=== NAME  TestRoundTrip_lrtemplate_NP3_lrtemplate/31._E_-_Polaroid_Mono_+_i.lrtemplate
    roundtrip_test.go:337: Highlights: orig=-15 (expected loss: NP3 doesn't support this parameter)
    roundtrip_test.go:337: Shadows: orig=34 (expected loss: NP3 doesn't support this parameter)
    roundtrip_test.go:337: Whites: orig=-15 (expected loss: NP3 doesn't support this parameter)
=== CONT  TestRoundTrip_lrtemplate_NP3_lrtemplate/67._E_-_Kodak_E200_+_iiii.lrtemplate
=== NAME  TestRoundTrip_lrtemplate_NP3_lrtemplate/31._E_-_Polaroid_Mono_+_i.lrtemplate
    roundtrip_test.go:337: Blacks: orig=20 (expected loss: NP3 doesn't support this parameter)
=== CONT  TestRoundTrip_lrtemplate_NP3_lrtemplate/o_-_14._DETAIL_-_Low.lrtemplate
=== NAME  TestRoundTrip_lrtemplate_NP3_lrtemplate/28._E_-_Polaroid_+_iiii.lrtemplate
    roundtrip_test.go:337: Highlights: orig=-12 (expected loss: NP3 doesn't support this parameter)
=== NAME  TestRoundTrip_lrtemplate_NP3_lrtemplate/32._E_-_Polaroid_Mono_+_ii.lrtemplate
    roundtrip_test.go:337: Blacks: orig=10 (expected loss: NP3 doesn't support this parameter)
=== NAME  TestRoundTrip_lrtemplate_NP3_lrtemplate/28._E_-_Polaroid_+_iiii.lrtemplate
    roundtrip_test.go:337: Shadows: orig=12 (expected loss: NP3 doesn't support this parameter)
    roundtrip_test.go:337: Blacks: orig=-10 (expected loss: NP3 doesn't support this parameter)
=== NAME  TestRoundTrip_lrtemplate_NP3_lrtemplate/27._E_-_Fuji_Sensia_+_punch.lrtemplate
    roundtrip_test.go:337: Whites: orig=-10 (expected loss: NP3 doesn't support this parameter)
=== CONT  TestRoundTrip_lrtemplate_NP3_lrtemplate/o_-_07._EXPOSURE_+_1.lrtemplate
=== NAME  TestRoundTrip_lrtemplate_NP3_lrtemplate/33._E_-_Kodak_800_+_fade.lrtemplate
    roundtrip_test.go:493: Tint mismatch: orig=-5, final=0 (diff=5, tolerance=1)
=== CONT  TestRoundTrip_lrtemplate_NP3_lrtemplate/o_-_12._CONTRAST_-_High.lrtemplate
=== NAME  TestRoundTrip_lrtemplate_NP3_lrtemplate/33._E_-_Kodak_800_+_fade.lrtemplate
    roundtrip_test.go:337: Highlights: orig=-8 (expected loss: NP3 doesn't support this parameter)
=== CONT  TestRoundTrip_lrtemplate_NP3_lrtemplate/66._E_-_Kodak_E200_+_iii.lrtemplate
=== NAME  TestRoundTrip_lrtemplate_NP3_lrtemplate/27._E_-_Fuji_Sensia_+_punch.lrtemplate
    roundtrip_test.go:337: Blacks: orig=22 (expected loss: NP3 doesn't support this parameter)
=== RUN   TestRoundTrip_XMP_NP3_XMP/EXPOSURE__0.xmp#02
=== PAUSE TestRoundTrip_XMP_NP3_XMP/EXPOSURE__0.xmp#02
=== NAME  TestRoundTrip_lrtemplate_NP3_lrtemplate/06._E_-_Fuji_160_+_fade.lrtemplate
    roundtrip_test.go:337: Whites: orig=-12 (expected loss: NP3 doesn't support this parameter)
=== CONT  TestRoundTrip_lrtemplate_NP3_lrtemplate/64._E_-_Kodak_E200_+_i.lrtemplate
=== CONT  TestRoundTrip_lrtemplate_NP3_lrtemplate/o_-_01._Lens_on.lrtemplate#03
=== NAME  TestRoundTrip_lrtemplate_NP3_lrtemplate/65._E_-_Kodak_E200_+_ii.lrtemplate
    roundtrip_test.go:337: Highlights: orig=-30 (expected loss: NP3 doesn't support this parameter)
=== CONT  TestRoundTrip_lrtemplate_NP3_lrtemplate/96._E_-_Kodak_Elite_+_fade.lrtemplate
=== CONT  TestRoundTrip_lrtemplate_NP3_lrtemplate/o_-_15._DETAIL_-_Mid.lrtemplate
=== NAME  TestRoundTrip_lrtemplate_NP3_lrtemplate/65._E_-_Kodak_E200_+_ii.lrtemplate
    roundtrip_test.go:337: Shadows: orig=25 (expected loss: NP3 doesn't support this parameter)
=== CONT  TestRoundTrip_lrtemplate_NP3_lrtemplate/o_-_05._EXPOSURE__-_1.lrtemplate
=== NAME  TestRoundTrip_lrtemplate_NP3_lrtemplate/33._E_-_Polaroid_Mono_+_iii.lrtemplate
    roundtrip_test.go:337: Blacks: orig=-5 (expected loss: NP3 doesn't support this parameter)
=== CONT  TestRoundTrip_lrtemplate_NP3_lrtemplate/63._E_-_Kodak_E100_+_punch.lrtemplate
=== CONT  TestRoundTrip_lrtemplate_NP3_lrtemplate/62._E_-_Kodak_E100_+_warm.lrtemplate
=== RUN   TestRoundTrip_XMP_lrtemplate_XMP/KDK_-_Echrome_64_+.xmp#01
=== PAUSE TestRoundTrip_XMP_lrtemplate_XMP/KDK_-_Echrome_64_+.xmp#01
=== NAME  TestRoundTrip_lrtemplate_NP3_lrtemplate/67._E_-_Kodak_E200_+_iiii.lrtemplate
    roundtrip_test.go:337: Highlights: orig=-22 (expected loss: NP3 doesn't support this parameter)
=== RUN   TestRoundTrip_XMP_lrtemplate_XMP/KDK_-_Echrome_64_-_boost.xmp#01
=== NAME  TestRoundTrip_lrtemplate_NP3_lrtemplate/67._E_-_Kodak_E200_+_iiii.lrtemplate
    roundtrip_test.go:337: Shadows: orig=22 (expected loss: NP3 doesn't support this parameter)
=== PAUSE TestRoundTrip_XMP_lrtemplate_XMP/KDK_-_Echrome_64_-_boost.xmp#01
=== CONT  TestRoundTrip_lrtemplate_NP3_lrtemplate/95._E_-_Kodak_Elite_+_iiiii.lrtemplate
=== NAME  TestRoundTrip_lrtemplate_NP3_lrtemplate/15._E_-_Fuji_Velvia_+_fade.lrtemplate
    roundtrip_test.go:337: Blacks: orig=10 (expected loss: NP3 doesn't support this parameter)
=== CONT  TestRoundTrip_lrtemplate_NP3_lrtemplate/o_-_24._VIBRANCE_-__High.lrtemplate#03
=== CONT  TestRoundTrip_lrtemplate_NP3_lrtemplate/o_-_16._DETAIL_-_High.lrtemplate
=== CONT  TestRoundTrip_lrtemplate_NP3_lrtemplate/o_-_08._EXPOSURE_+_2.lrtemplate
=== CONT  TestRoundTrip_lrtemplate_NP3_lrtemplate/o_-_13_-_o.lrtemplate
=== NAME  TestRoundTrip_lrtemplate_NP3_lrtemplate/03._E_-_Fuji_160_+_iii.lrtemplate
    roundtrip_test.go:337: Highlights: orig=-28 (expected loss: NP3 doesn't support this parameter)
    roundtrip_test.go:337: Shadows: orig=15 (expected loss: NP3 doesn't support this parameter)
    roundtrip_test.go:337: Whites: orig=-12 (expected loss: NP3 doesn't support this parameter)
=== NAME  TestRoundTrip_lrtemplate_NP3_lrtemplate/66._E_-_Kodak_E200_+_iii.lrtemplate
    roundtrip_test.go:337: Highlights: orig=-18 (expected loss: NP3 doesn't support this parameter)
=== NAME  TestRoundTrip_lrtemplate_NP3_lrtemplate/33._E_-_Kodak_800_+_fade.lrtemplate
    roundtrip_test.go:337: Shadows: orig=12 (expected loss: NP3 doesn't support this parameter)
=== CONT  TestRoundTrip_lrtemplate_NP3_lrtemplate/37._E_-_Polaroid_Mono_+_punch.lrtemplate
=== NAME  TestRoundTrip_lrtemplate_NP3_lrtemplate/66._E_-_Kodak_E200_+_iii.lrtemplate
    roundtrip_test.go:337: Shadows: orig=18 (expected loss: NP3 doesn't support this parameter)
=== NAME  TestRoundTrip_lrtemplate_NP3_lrtemplate/33._E_-_Kodak_800_+_fade.lrtemplate
    roundtrip_test.go:337: Whites: orig=-12 (expected loss: NP3 doesn't support this parameter)
=== NAME  TestRoundTrip_lrtemplate_NP3_lrtemplate/64._E_-_Kodak_E200_+_i.lrtemplate
    roundtrip_test.go:337: Highlights: orig=-30 (expected loss: NP3 doesn't support this parameter)
    roundtrip_test.go:337: Shadows: orig=25 (expected loss: NP3 doesn't support this parameter)
    roundtrip_test.go:337: Whites: orig=-10 (expected loss: NP3 doesn't support this parameter)
=== NAME  TestRoundTrip_lrtemplate_NP3_lrtemplate/33._E_-_Kodak_800_+_fade.lrtemplate
    roundtrip_test.go:337: Blacks: orig=20 (expected loss: NP3 doesn't support this parameter)
=== NAME  TestRoundTrip_lrtemplate_NP3_lrtemplate/96._E_-_Kodak_Elite_+_fade.lrtemplate
    roundtrip_test.go:337: Highlights: orig=-23 (expected loss: NP3 doesn't support this parameter)
=== CONT  TestRoundTrip_lrtemplate_NP3_lrtemplate/93._E_-_Kodak_Elite_+_iii.lrtemplate
=== RUN   TestRoundTrip_XMP_NP3_XMP/EXPOSURE_+_1.xmp#02
=== NAME  TestRoundTrip_lrtemplate_NP3_lrtemplate/96._E_-_Kodak_Elite_+_fade.lrtemplate
    roundtrip_test.go:337: Shadows: orig=23 (expected loss: NP3 doesn't support this parameter)
=== PAUSE TestRoundTrip_XMP_NP3_XMP/EXPOSURE_+_1.xmp#02
=== NAME  TestRoundTrip_lrtemplate_NP3_lrtemplate/96._E_-_Kodak_Elite_+_fade.lrtemplate
    roundtrip_test.go:337: Whites: orig=-33 (expected loss: NP3 doesn't support this parameter)
=== NAME  TestRoundTrip_lrtemplate_NP3_lrtemplate/62._E_-_Kodak_E100_+_warm.lrtemplate
    roundtrip_test.go:337: Highlights: orig=-22 (expected loss: NP3 doesn't support this parameter)
=== NAME  TestRoundTrip_lrtemplate_NP3_lrtemplate/96._E_-_Kodak_Elite_+_fade.lrtemplate
    roundtrip_test.go:337: Blacks: orig=38 (expected loss: NP3 doesn't support this parameter)
=== RUN   TestRoundTrip_XMP_NP3_XMP/EXPOSURE_+_2.xmp#02
=== NAME  TestRoundTrip_lrtemplate_NP3_lrtemplate/62._E_-_Kodak_E100_+_warm.lrtemplate
    roundtrip_test.go:337: Shadows: orig=22 (expected loss: NP3 doesn't support this parameter)
=== NAME  TestRoundTrip_lrtemplate_NP3_lrtemplate/65._E_-_Kodak_E200_+_ii.lrtemplate
    roundtrip_test.go:337: Whites: orig=-10 (expected loss: NP3 doesn't support this parameter)
=== NAME  TestRoundTrip_lrtemplate_NP3_lrtemplate/62._E_-_Kodak_E100_+_warm.lrtemplate
    roundtrip_test.go:337: Whites: orig=-12 (expected loss: NP3 doesn't support this parameter)
=== NAME  TestRoundTrip_lrtemplate_NP3_lrtemplate/65._E_-_Kodak_E200_+_ii.lrtemplate
    roundtrip_test.go:337: Blacks: orig=25 (expected loss: NP3 doesn't support this parameter)
=== CONT  TestRoundTrip_lrtemplate_NP3_lrtemplate/92._E_-_Kodak_Elite_+_ii.lrtemplate
=== CONT  TestRoundTrip_lrtemplate_NP3_lrtemplate/o_-_31._FINISH_-_Bright.lrtemplate#03
=== CONT  TestRoundTrip_lrtemplate_NP3_lrtemplate/59._E_-_Kodak_E100_+_iiiii.lrtemplate
=== CONT  TestRoundTrip_lrtemplate_NP3_lrtemplate/81._E_-_Kodak_Gold_+_punch.lrtemplate
=== CONT  TestRoundTrip_lrtemplate_NP3_lrtemplate/61._E_-_Kodak_E100_+_cool.lrtemplate
=== RUN   TestRoundTrip_XMP_lrtemplate_XMP/KDK_-_Echrome_64_-_cool.xmp#01
=== PAUSE TestRoundTrip_XMP_lrtemplate_XMP/KDK_-_Echrome_64_-_cool.xmp#01
=== CONT  TestRoundTrip_lrtemplate_NP3_lrtemplate/o_-_22._VIBRANCE__-_Low.lrtemplate
=== RUN   TestRoundTrip_XMP_lrtemplate_XMP/KDK_-_Echrome_64_-_film.xmp#01
=== CONT  TestRoundTrip_lrtemplate_NP3_lrtemplate/o_-_35._COLOR_-_Morning.lrtemplate#03
=== CONT  TestRoundTrip_lrtemplate_NP3_lrtemplate/o_-_21_-_o.lrtemplate
=== CONT  TestRoundTrip_lrtemplate_NP3_lrtemplate/91._E_-_Kodak_Elite_+_i.lrtemplate
=== NAME  TestRoundTrip_lrtemplate_NP3_lrtemplate/30._E_-_Polaroid_+_punch.lrtemplate
    roundtrip_test.go:337: Highlights: orig=-10 (expected loss: NP3 doesn't support this parameter)
=== NAME  TestRoundTrip_lrtemplate_NP3_lrtemplate/66._E_-_Kodak_E200_+_iii.lrtemplate
    roundtrip_test.go:337: Whites: orig=-8 (expected loss: NP3 doesn't support this parameter)
=== CONT  TestRoundTrip_lrtemplate_NP3_lrtemplate/o_-_10._CONTRAST_-_Low.lrtemplate
=== NAME  TestRoundTrip_lrtemplate_NP3_lrtemplate/64._E_-_Kodak_E200_+_i.lrtemplate
    roundtrip_test.go:337: Blacks: orig=35 (expected loss: NP3 doesn't support this parameter)
=== CONT  TestRoundTrip_lrtemplate_NP3_lrtemplate/58._E_-_Kodak_E100_+_iiii.lrtemplate
=== NAME  TestRoundTrip_lrtemplate_NP3_lrtemplate/29._E_-_Polaroid_+_fade.lrtemplate
    roundtrip_test.go:337: Highlights: orig=-10 (expected loss: NP3 doesn't support this parameter)
    roundtrip_test.go:337: Shadows: orig=10 (expected loss: NP3 doesn't support this parameter)
=== PAUSE TestRoundTrip_XMP_NP3_XMP/EXPOSURE_+_2.xmp#02
=== NAME  TestRoundTrip_lrtemplate_NP3_lrtemplate/67._E_-_Kodak_E200_+_iiii.lrtemplate
    roundtrip_test.go:337: Whites: orig=-10 (expected loss: NP3 doesn't support this parameter)
=== NAME  TestRoundTrip_lrtemplate_NP3_lrtemplate/93._E_-_Kodak_Elite_+_iii.lrtemplate
    roundtrip_test.go:337: Highlights: orig=-27 (expected loss: NP3 doesn't support this parameter)
    roundtrip_test.go:337: Shadows: orig=22 (expected loss: NP3 doesn't support this parameter)
=== NAME  TestRoundTrip_lrtemplate_NP3_lrtemplate/67._E_-_Kodak_E200_+_iiii.lrtemplate
    roundtrip_test.go:337: Blacks: orig=25 (expected loss: NP3 doesn't support this parameter)
=== NAME  TestRoundTrip_lrtemplate_NP3_lrtemplate/93._E_-_Kodak_Elite_+_iii.lrtemplate
    roundtrip_test.go:337: Whites: orig=-37 (expected loss: NP3 doesn't support this parameter)
    roundtrip_test.go:337: Blacks: orig=42 (expected loss: NP3 doesn't support this parameter)
=== CONT  TestRoundTrip_lrtemplate_NP3_lrtemplate/57._E_-_Kodak_E100_+_iii.lrtemplate
=== CONT  TestRoundTrip_lrtemplate_NP3_lrtemplate/19._E_-_Fuji_Negative_+_i.lrtemplate
=== NAME  TestRoundTrip_lrtemplate_NP3_lrtemplate/63._E_-_Kodak_E100_+_punch.lrtemplate
    roundtrip_test.go:337: Highlights: orig=-27 (expected loss: NP3 doesn't support this parameter)
    roundtrip_test.go:337: Shadows: orig=8 (expected loss: NP3 doesn't support this parameter)
    roundtrip_test.go:337: Blacks: orig=-18 (expected loss: NP3 doesn't support this parameter)
    roundtrip_test.go:337: Split toning saturation/balance: (expected loss: NP3 only supports hue)
=== PAUSE TestRoundTrip_XMP_lrtemplate_XMP/KDK_-_Echrome_64_-_film.xmp#01
=== NAME  TestRoundTrip_lrtemplate_NP3_lrtemplate/63._E_-_Kodak_E100_+_punch.lrtemplate
    roundtrip_test.go:337: Split toning hue: orig shadow=0, highlight=46 (NP3 has limited split toning support)
=== CONT  TestRoundTrip_lrtemplate_NP3_lrtemplate/o_-_30._FINISH_-_Washed.lrtemplate
=== RUN   TestRoundTrip_XMP_lrtemplate_XMP/KDK_-_Echrome_64_-_warm.xmp#01
=== CONT  TestRoundTrip_lrtemplate_NP3_lrtemplate/o_-_33_-_o.lrtemplate#03
=== NAME  TestRoundTrip_lrtemplate_NP3_lrtemplate/30._E_-_Polaroid_+_punch.lrtemplate
    roundtrip_test.go:337: Shadows: orig=10 (expected loss: NP3 doesn't support this parameter)
    roundtrip_test.go:337: Whites: orig=-10 (expected loss: NP3 doesn't support this parameter)
=== NAME  TestRoundTrip_lrtemplate_NP3_lrtemplate/66._E_-_Kodak_E200_+_iii.lrtemplate
    roundtrip_test.go:337: Blacks: orig=25 (expected loss: NP3 doesn't support this parameter)
=== CONT  TestRoundTrip_lrtemplate_NP3_lrtemplate/90._E_-_Kodak_Ektar_+_punch.lrtemplate
=== CONT  TestRoundTrip_lrtemplate_NP3_lrtemplate/o_-_04._EXPOSURE__-_2.lrtemplate
=== NAME  TestRoundTrip_lrtemplate_NP3_lrtemplate/37._E_-_Polaroid_Mono_+_punch.lrtemplate
    roundtrip_test.go:337: Highlights: orig=-12 (expected loss: NP3 doesn't support this parameter)
=== NAME  TestRoundTrip_lrtemplate_NP3_lrtemplate/29._E_-_Polaroid_+_fade.lrtemplate
    roundtrip_test.go:337: Whites: orig=-5 (expected loss: NP3 doesn't support this parameter)
=== CONT  TestRoundTrip_lrtemplate_NP3_lrtemplate/o_-_03_-_o.lrtemplate
=== CONT  TestRoundTrip_lrtemplate_NP3_lrtemplate/60._E_-_Kodak_E100_+_fade.lrtemplate
=== RUN   TestRoundTrip_XMP_NP3_XMP/FINISH_-_Basic.xmp#02
=== PAUSE TestRoundTrip_XMP_NP3_XMP/FINISH_-_Basic.xmp#02
=== CONT  TestRoundTrip_lrtemplate_NP3_lrtemplate/13._E_-_Fuji_Neo_+_i.lrtemplate
=== RUN   TestRoundTrip_XMP_NP3_XMP/FINISH_-_Bright.xmp#02
=== PAUSE TestRoundTrip_XMP_NP3_XMP/FINISH_-_Bright.xmp#02
=== NAME  TestRoundTrip_lrtemplate_NP3_lrtemplate/62._E_-_Kodak_E100_+_warm.lrtemplate
    roundtrip_test.go:337: Blacks: orig=28 (expected loss: NP3 doesn't support this parameter)
=== NAME  TestRoundTrip_lrtemplate_NP3_lrtemplate/o_-_24._VIBRANCE_-__High.lrtemplate#03
    roundtrip_test.go:337: Vibrance reset to 0: orig=25 (may be due to Picture Control base mapping)
=== NAME  TestRoundTrip_lrtemplate_NP3_lrtemplate/o_-_35._COLOR_-_Morning.lrtemplate#03
    roundtrip_test.go:337: Split toning saturation/balance: (expected loss: NP3 only supports hue)
=== NAME  TestRoundTrip_lrtemplate_NP3_lrtemplate/o_-_22._VIBRANCE__-_Low.lrtemplate
    roundtrip_test.go:337: Vibrance reset to 0: orig=-10 (may be due to Picture Control base mapping)
=== NAME  TestRoundTrip_lrtemplate_NP3_lrtemplate/o_-_35._COLOR_-_Morning.lrtemplate#03
    roundtrip_test.go:337: Split toning hue: orig shadow=226, highlight=44 (NP3 has limited split toning support)
=== CONT  TestRoundTrip_lrtemplate_NP3_lrtemplate/o_-_20._SHARPEN_-_High.lrtemplate
=== NAME  TestRoundTrip_lrtemplate_NP3_lrtemplate/59._E_-_Kodak_E100_+_iiiii.lrtemplate
    roundtrip_test.go:337: Highlights: orig=-23 (expected loss: NP3 doesn't support this parameter)
=== CONT  TestRoundTrip_lrtemplate_NP3_lrtemplate/10._E_-_Kodak_Tri-X_+_iiii.lrtemplate
=== NAME  TestRoundTrip_lrtemplate_NP3_lrtemplate/81._E_-_Kodak_Gold_+_punch.lrtemplate
    roundtrip_test.go:493: Tint mismatch: orig=-3, final=0 (diff=3, tolerance=1)
=== NAME  TestRoundTrip_lrtemplate_NP3_lrtemplate/61._E_-_Kodak_E100_+_cool.lrtemplate
    roundtrip_test.go:337: Highlights: orig=-22 (expected loss: NP3 doesn't support this parameter)
=== NAME  TestRoundTrip_lrtemplate_NP3_lrtemplate/81._E_-_Kodak_Gold_+_punch.lrtemplate
    roundtrip_test.go:337: Highlights: orig=-38 (expected loss: NP3 doesn't support this parameter)
    roundtrip_test.go:337: Shadows: orig=22 (expected loss: NP3 doesn't support this parameter)
=== NAME  TestRoundTrip_lrtemplate_NP3_lrtemplate/91._E_-_Kodak_Elite_+_i.lrtemplate
    roundtrip_test.go:337: Highlights: orig=-28 (expected loss: NP3 doesn't support this parameter)
=== NAME  TestRoundTrip_lrtemplate_NP3_lrtemplate/81._E_-_Kodak_Gold_+_punch.lrtemplate
    roundtrip_test.go:337: Whites: orig=-28 (expected loss: NP3 doesn't support this parameter)
=== NAME  TestRoundTrip_lrtemplate_NP3_lrtemplate/57._E_-_Kodak_E100_+_iii.lrtemplate
    roundtrip_test.go:337: Highlights: orig=-18 (expected loss: NP3 doesn't support this parameter)
=== NAME  TestRoundTrip_lrtemplate_NP3_lrtemplate/58._E_-_Kodak_E100_+_iiii.lrtemplate
    roundtrip_test.go:337: Highlights: orig=-25 (expected loss: NP3 doesn't support this parameter)
=== NAME  TestRoundTrip_lrtemplate_NP3_lrtemplate/57._E_-_Kodak_E100_+_iii.lrtemplate
    roundtrip_test.go:337: Shadows: orig=18 (expected loss: NP3 doesn't support this parameter)
=== NAME  TestRoundTrip_lrtemplate_NP3_lrtemplate/58._E_-_Kodak_E100_+_iiii.lrtemplate
    roundtrip_test.go:337: Shadows: orig=25 (expected loss: NP3 doesn't support this parameter)
=== NAME  TestRoundTrip_lrtemplate_NP3_lrtemplate/57._E_-_Kodak_E100_+_iii.lrtemplate
    roundtrip_test.go:337: Whites: orig=-12 (expected loss: NP3 doesn't support this parameter)
=== NAME  TestRoundTrip_lrtemplate_NP3_lrtemplate/58._E_-_Kodak_E100_+_iiii.lrtemplate
    roundtrip_test.go:337: Whites: orig=-12 (expected loss: NP3 doesn't support this parameter)
=== NAME  TestRoundTrip_lrtemplate_NP3_lrtemplate/19._E_-_Fuji_Negative_+_i.lrtemplate
    roundtrip_test.go:337: Highlights: orig=-10 (expected loss: NP3 doesn't support this parameter)
=== RUN   TestRoundTrip_XMP_NP3_XMP/FINISH_-_Film.xmp#02
=== NAME  TestRoundTrip_lrtemplate_NP3_lrtemplate/19._E_-_Fuji_Negative_+_i.lrtemplate
    roundtrip_test.go:337: Shadows: orig=10 (expected loss: NP3 doesn't support this parameter)
=== NAME  TestRoundTrip_lrtemplate_NP3_lrtemplate/91._E_-_Kodak_Elite_+_i.lrtemplate
    roundtrip_test.go:337: Shadows: orig=22 (expected loss: NP3 doesn't support this parameter)
    roundtrip_test.go:337: Whites: orig=-38 (expected loss: NP3 doesn't support this parameter)
    roundtrip_test.go:337: Blacks: orig=45 (expected loss: NP3 doesn't support this parameter)
=== PAUSE TestRoundTrip_XMP_NP3_XMP/FINISH_-_Film.xmp#02
=== CONT  TestRoundTrip_lrtemplate_NP3_lrtemplate/11._E_-_Kodak_Tri-X_+_fade.lrtemplate
=== CONT  TestRoundTrip_lrtemplate_NP3_lrtemplate/o_-_02._Lens_off.lrtemplate
=== CONT  TestRoundTrip_lrtemplate_NP3_lrtemplate/89._E_-_Kodak_Ektar_+_warm.lrtemplate
=== CONT  TestRoundTrip_lrtemplate_NP3_lrtemplate/o_-_20._SHARPEN_-_High.lrtemplate#03
=== PAUSE TestRoundTrip_XMP_lrtemplate_XMP/KDK_-_Echrome_64_-_warm.xmp#01
=== CONT  TestRoundTrip_lrtemplate_NP3_lrtemplate/o_-_13_-_o.lrtemplate#03
=== NAME  TestRoundTrip_lrtemplate_NP3_lrtemplate/10._E_-_Kodak_Tri-X_+_iiii.lrtemplate
    roundtrip_test.go:337: Highlights: orig=-38 (expected loss: NP3 doesn't support this parameter)
    roundtrip_test.go:337: Shadows: orig=18 (expected loss: NP3 doesn't support this parameter)
    roundtrip_test.go:337: Whites: orig=-6 (expected loss: NP3 doesn't support this parameter)
=== CONT  TestRoundTrip_lrtemplate_NP3_lrtemplate/88._E_-_Kodak_Ektar_+_cool.lrtemplate
=== CONT  TestRoundTrip_lrtemplate_NP3_lrtemplate/o_-_18._SHARPEN_-_Low.lrtemplate
=== NAME  TestRoundTrip_lrtemplate_NP3_lrtemplate/11._E_-_Kodak_Tri-X_+_fade.lrtemplate
    roundtrip_test.go:337: Highlights: orig=-38 (expected loss: NP3 doesn't support this parameter)
    roundtrip_test.go:337: Shadows: orig=18 (expected loss: NP3 doesn't support this parameter)
    roundtrip_test.go:337: Whites: orig=-6 (expected loss: NP3 doesn't support this parameter)
=== CONT  TestRoundTrip_lrtemplate_NP3_lrtemplate/08._E_-_Kodak_Tri-X_+_ii.lrtemplate
=== RUN   TestRoundTrip_XMP_NP3_XMP/FINISH_-_Retro.xmp#02
=== NAME  TestRoundTrip_lrtemplate_NP3_lrtemplate/89._E_-_Kodak_Ektar_+_warm.lrtemplate
    roundtrip_test.go:337: Highlights: orig=-18 (expected loss: NP3 doesn't support this parameter)
=== PAUSE TestRoundTrip_XMP_NP3_XMP/FINISH_-_Retro.xmp#02
=== RUN   TestRoundTrip_XMP_NP3_XMP/FINISH_-_Strong.xmp#02
=== NAME  TestRoundTrip_lrtemplate_NP3_lrtemplate/60._E_-_Kodak_E100_+_fade.lrtemplate
    roundtrip_test.go:493: Tint mismatch: orig=2, final=0 (diff=2, tolerance=1)
    roundtrip_test.go:337: Highlights: orig=-24 (expected loss: NP3 doesn't support this parameter)
    roundtrip_test.go:337: Shadows: orig=24 (expected loss: NP3 doesn't support this parameter)
    roundtrip_test.go:337: Whites: orig=-10 (expected loss: NP3 doesn't support this parameter)
    roundtrip_test.go:337: Blacks: orig=24 (expected loss: NP3 doesn't support this parameter)
=== CONT  TestRoundTrip_lrtemplate_NP3_lrtemplate/34._E_-_Fuji_Provia_+_cool.lrtemplate
=== CONT  TestRoundTrip_lrtemplate_NP3_lrtemplate/75._E_-_Kodak_Gold_+_iii.lrtemplate
=== NAME  TestRoundTrip_lrtemplate_NP3_lrtemplate/08._E_-_Kodak_Tri-X_+_ii.lrtemplate
    roundtrip_test.go:337: Highlights: orig=-38 (expected loss: NP3 doesn't support this parameter)
    roundtrip_test.go:337: Shadows: orig=22 (expected loss: NP3 doesn't support this parameter)
    roundtrip_test.go:337: Whites: orig=-8 (expected loss: NP3 doesn't support this parameter)
    roundtrip_test.go:337: Blacks: orig=8 (expected loss: NP3 doesn't support this parameter)
=== CONT  TestRoundTrip_lrtemplate_NP3_lrtemplate/87._E_-_Kodak_Ektar_+_fade.lrtemplate
=== CONT  TestRoundTrip_lrtemplate_NP3_lrtemplate/o_-_19._SHARPEN_-_Mid.lrtemplate
=== NAME  TestRoundTrip_lrtemplate_NP3_lrtemplate/88._E_-_Kodak_Ektar_+_cool.lrtemplate
    roundtrip_test.go:337: Highlights: orig=-20 (expected loss: NP3 doesn't support this parameter)
=== NAME  TestRoundTrip_lrtemplate_NP3_lrtemplate/90._E_-_Kodak_Ektar_+_punch.lrtemplate
    roundtrip_test.go:337: Highlights: orig=-20 (expected loss: NP3 doesn't support this parameter)
    roundtrip_test.go:337: Shadows: orig=15 (expected loss: NP3 doesn't support this parameter)
    roundtrip_test.go:337: Whites: orig=-25 (expected loss: NP3 doesn't support this parameter)
    roundtrip_test.go:337: Blacks: orig=20 (expected loss: NP3 doesn't support this parameter)
=== NAME  TestRoundTrip_lrtemplate_NP3_lrtemplate/88._E_-_Kodak_Ektar_+_cool.lrtemplate
    roundtrip_test.go:337: Shadows: orig=15 (expected loss: NP3 doesn't support this parameter)
    roundtrip_test.go:337: Whites: orig=-28 (expected loss: NP3 doesn't support this parameter)
    roundtrip_test.go:337: Blacks: orig=20 (expected loss: NP3 doesn't support this parameter)
=== CONT  TestRoundTrip_lrtemplate_NP3_lrtemplate/72._E_-_Kodak_E200_+_punch.lrtemplate
=== NAME  TestRoundTrip_lrtemplate_NP3_lrtemplate/34._E_-_Fuji_Provia_+_cool.lrtemplate
    roundtrip_test.go:337: Highlights: orig=-22 (expected loss: NP3 doesn't support this parameter)
    roundtrip_test.go:337: Shadows: orig=18 (expected loss: NP3 doesn't support this parameter)
    roundtrip_test.go:337: Whites: orig=-20 (expected loss: NP3 doesn't support this parameter)
=== CONT  TestRoundTrip_lrtemplate_NP3_lrtemplate/74._E_-_Kodak_Gold_+_ii.lrtemplate
=== NAME  TestRoundTrip_lrtemplate_NP3_lrtemplate/34._E_-_Fuji_Provia_+_cool.lrtemplate
    roundtrip_test.go:337: Blacks: orig=8 (expected loss: NP3 doesn't support this parameter)
    roundtrip_test.go:337: Split toning saturation/balance: (expected loss: NP3 only supports hue)
    roundtrip_test.go:337: Split toning hue: orig shadow=0, highlight=212 (NP3 has limited split toning support)
=== CONT  TestRoundTrip_lrtemplate_NP3_lrtemplate/56._E_-_Kodak_E100_+_ii.lrtemplate
=== CONT  TestRoundTrip_lrtemplate_NP3_lrtemplate/o_-_29._FINISH_-_Vintage.lrtemplate#03
=== NAME  TestRoundTrip_lrtemplate_NP3_lrtemplate/75._E_-_Kodak_Gold_+_iii.lrtemplate
    roundtrip_test.go:493: Tint mismatch: orig=-3, final=0 (diff=3, tolerance=1)
    roundtrip_test.go:337: Highlights: orig=-40 (expected loss: NP3 doesn't support this parameter)
=== NAME  TestRoundTrip_lrtemplate_NP3_lrtemplate/87._E_-_Kodak_Ektar_+_fade.lrtemplate
    roundtrip_test.go:337: Highlights: orig=-20 (expected loss: NP3 doesn't support this parameter)
    roundtrip_test.go:337: Shadows: orig=8 (expected loss: NP3 doesn't support this parameter)
=== PAUSE TestRoundTrip_XMP_NP3_XMP/FINISH_-_Strong.xmp#02
=== NAME  TestRoundTrip_lrtemplate_NP3_lrtemplate/87._E_-_Kodak_Ektar_+_fade.lrtemplate
    roundtrip_test.go:337: Whites: orig=-26 (expected loss: NP3 doesn't support this parameter)
=== RUN   TestRoundTrip_XMP_NP3_XMP/FINISH_-_Vintage.xmp#02
=== CONT  TestRoundTrip_lrtemplate_NP3_lrtemplate/16._E_-_Fuji_Neo_+_iiii.lrtemplate
=== NAME  TestRoundTrip_lrtemplate_NP3_lrtemplate/75._E_-_Kodak_Gold_+_iii.lrtemplate
    roundtrip_test.go:337: Shadows: orig=22 (expected loss: NP3 doesn't support this parameter)
=== NAME  TestRoundTrip_lrtemplate_NP3_lrtemplate/89._E_-_Kodak_Ektar_+_warm.lrtemplate
    roundtrip_test.go:337: Shadows: orig=8 (expected loss: NP3 doesn't support this parameter)
=== NAME  TestRoundTrip_lrtemplate_NP3_lrtemplate/61._E_-_Kodak_E100_+_cool.lrtemplate
    roundtrip_test.go:337: Shadows: orig=22 (expected loss: NP3 doesn't support this parameter)
=== NAME  TestRoundTrip_lrtemplate_NP3_lrtemplate/89._E_-_Kodak_Ektar_+_warm.lrtemplate
    roundtrip_test.go:337: Whites: orig=-28 (expected loss: NP3 doesn't support this parameter)
    roundtrip_test.go:337: Blacks: orig=18 (expected loss: NP3 doesn't support this parameter)
=== NAME  TestRoundTrip_lrtemplate_NP3_lrtemplate/61._E_-_Kodak_E100_+_cool.lrtemplate
    roundtrip_test.go:337: Whites: orig=-12 (expected loss: NP3 doesn't support this parameter)
    roundtrip_test.go:337: Blacks: orig=28 (expected loss: NP3 doesn't support this parameter)
=== CONT  TestRoundTrip_lrtemplate_NP3_lrtemplate/09._E_-_Kodak_Tri-X_+_iii.lrtemplate
=== NAME  TestRoundTrip_lrtemplate_NP3_lrtemplate/72._E_-_Kodak_E200_+_punch.lrtemplate
    roundtrip_test.go:337: Highlights: orig=-23 (expected loss: NP3 doesn't support this parameter)
=== NAME  TestRoundTrip_lrtemplate_NP3_lrtemplate/16._E_-_Fuji_Neo_+_iiii.lrtemplate
    roundtrip_test.go:337: Highlights: orig=-25 (expected loss: NP3 doesn't support this parameter)
=== RUN   TestRoundTrip_XMP_lrtemplate_XMP/KDK_-_Echrome_64.xmp#01
=== PAUSE TestRoundTrip_XMP_lrtemplate_XMP/KDK_-_Echrome_64.xmp#01
=== RUN   TestRoundTrip_XMP_lrtemplate_XMP/KDK_-_Echrome.xmp#01
=== PAUSE TestRoundTrip_XMP_lrtemplate_XMP/KDK_-_Echrome.xmp#01
=== RUN   TestRoundTrip_XMP_lrtemplate_XMP/KDK_-_Ektar_100_++++.xmp#01
=== PAUSE TestRoundTrip_XMP_lrtemplate_XMP/KDK_-_Ektar_100_++++.xmp#01
=== RUN   TestRoundTrip_XMP_lrtemplate_XMP/KDK_-_Ektar_100_+++.xmp#01
=== PAUSE TestRoundTrip_XMP_lrtemplate_XMP/KDK_-_Ektar_100_+++.xmp#01
=== RUN   TestRoundTrip_XMP_lrtemplate_XMP/KDK_-_Ektar_100_++.xmp#01
=== PAUSE TestRoundTrip_XMP_lrtemplate_XMP/KDK_-_Ektar_100_++.xmp#01
=== RUN   TestRoundTrip_XMP_lrtemplate_XMP/KDK_-_Ektar_100_+.xmp#01
=== PAUSE TestRoundTrip_XMP_lrtemplate_XMP/KDK_-_Ektar_100_+.xmp#01
=== RUN   TestRoundTrip_XMP_lrtemplate_XMP/KDK_-_Ektar_100_-_boost.xmp#01
=== PAUSE TestRoundTrip_XMP_lrtemplate_XMP/KDK_-_Ektar_100_-_boost.xmp#01
=== RUN   TestRoundTrip_XMP_lrtemplate_XMP/KDK_-_Ektar_100_-_cool.xmp#01
=== NAME  TestRoundTrip_lrtemplate_NP3_lrtemplate/72._E_-_Kodak_E200_+_punch.lrtemplate
    roundtrip_test.go:337: Shadows: orig=18 (expected loss: NP3 doesn't support this parameter)
    roundtrip_test.go:337: Blacks: orig=22 (expected loss: NP3 doesn't support this parameter)
=== CONT  TestRoundTrip_lrtemplate_NP3_lrtemplate/73._E_-_Kodak_Gold_+_i.lrtemplate
=== CONT  TestRoundTrip_lrtemplate_NP3_lrtemplate/14._E_-_Fuji_Neo_+_ii.lrtemplate
=== NAME  TestRoundTrip_lrtemplate_NP3_lrtemplate/58._E_-_Kodak_E100_+_iiii.lrtemplate
    roundtrip_test.go:337: Blacks: orig=30 (expected loss: NP3 doesn't support this parameter)
=== CONT  TestRoundTrip_lrtemplate_NP3_lrtemplate/55._E_-_Kodak_E100_+_i.lrtemplate
=== CONT  TestRoundTrip_lrtemplate_NP3_lrtemplate/12._E_-_Kodak_Tri-X_+_punch.lrtemplate
=== NAME  TestRoundTrip_lrtemplate_NP3_lrtemplate/19._E_-_Fuji_Negative_+_i.lrtemplate
    roundtrip_test.go:337: Whites: orig=-10 (expected loss: NP3 doesn't support this parameter)
=== NAME  TestRoundTrip_lrtemplate_NP3_lrtemplate/57._E_-_Kodak_E100_+_iii.lrtemplate
    roundtrip_test.go:337: Blacks: orig=28 (expected loss: NP3 doesn't support this parameter)
=== NAME  TestRoundTrip_lrtemplate_NP3_lrtemplate/19._E_-_Fuji_Negative_+_i.lrtemplate
    roundtrip_test.go:337: Blacks: orig=-20 (expected loss: NP3 doesn't support this parameter)
=== CONT  TestRoundTrip_lrtemplate_NP3_lrtemplate/86._E_-_Kodak_Ektar_+_iiiii.lrtemplate
=== CONT  TestRoundTrip_lrtemplate_NP3_lrtemplate/94._E_-_Kodak_Elite_+_iiii.lrtemplate
=== CONT  TestRoundTrip_lrtemplate_NP3_lrtemplate/o_-_14._DETAIL_-_Low.lrtemplate#03
=== CONT  TestRoundTrip_lrtemplate_NP3_lrtemplate/o_-_17_-_o.lrtemplate
=== NAME  TestRoundTrip_lrtemplate_NP3_lrtemplate/37._E_-_Polaroid_Mono_+_punch.lrtemplate
    roundtrip_test.go:337: Shadows: orig=12 (expected loss: NP3 doesn't support this parameter)
=== NAME  TestRoundTrip_lrtemplate_NP3_lrtemplate/59._E_-_Kodak_E100_+_iiiii.lrtemplate
    roundtrip_test.go:337: Shadows: orig=23 (expected loss: NP3 doesn't support this parameter)
=== NAME  TestRoundTrip_lrtemplate_NP3_lrtemplate/37._E_-_Polaroid_Mono_+_punch.lrtemplate
    roundtrip_test.go:337: Blacks: orig=-10 (expected loss: NP3 doesn't support this parameter)
=== CONT  TestRoundTrip_lrtemplate_NP3_lrtemplate/54._E_-_Kodak_E64_+_punch.lrtemplate
=== NAME  TestRoundTrip_lrtemplate_NP3_lrtemplate/92._E_-_Kodak_Elite_+_ii.lrtemplate
    roundtrip_test.go:337: Highlights: orig=-23 (expected loss: NP3 doesn't support this parameter)
=== NAME  TestRoundTrip_lrtemplate_NP3_lrtemplate/59._E_-_Kodak_E100_+_iiiii.lrtemplate
    roundtrip_test.go:337: Whites: orig=-12 (expected loss: NP3 doesn't support this parameter)
    roundtrip_test.go:337: Blacks: orig=34 (expected loss: NP3 doesn't support this parameter)
=== NAME  TestRoundTrip_lrtemplate_NP3_lrtemplate/92._E_-_Kodak_Elite_+_ii.lrtemplate
    roundtrip_test.go:337: Shadows: orig=23 (expected loss: NP3 doesn't support this parameter)
=== CONT  TestRoundTrip_lrtemplate_NP3_lrtemplate/18._E_-_Fuji_Neo_+_punch.lrtemplate
=== NAME  TestRoundTrip_lrtemplate_NP3_lrtemplate/92._E_-_Kodak_Elite_+_ii.lrtemplate
    roundtrip_test.go:337: Whites: orig=-33 (expected loss: NP3 doesn't support this parameter)
=== NAME  TestRoundTrip_lrtemplate_NP3_lrtemplate/81._E_-_Kodak_Gold_+_punch.lrtemplate
    roundtrip_test.go:337: Blacks: orig=22 (expected loss: NP3 doesn't support this parameter)
=== CONT  TestRoundTrip_lrtemplate_NP3_lrtemplate/o_-_12._CONTRAST_-_High.lrtemplate#03
=== CONT  TestRoundTrip_lrtemplate_NP3_lrtemplate/06._E_-_Kodak_Portra_+_fade.lrtemplate
=== NAME  TestRoundTrip_lrtemplate_NP3_lrtemplate/87._E_-_Kodak_Ektar_+_fade.lrtemplate
    roundtrip_test.go:337: Blacks: orig=16 (expected loss: NP3 doesn't support this parameter)
=== PAUSE TestRoundTrip_XMP_NP3_XMP/FINISH_-_Vintage.xmp#02
=== NAME  TestRoundTrip_lrtemplate_NP3_lrtemplate/74._E_-_Kodak_Gold_+_ii.lrtemplate
    roundtrip_test.go:493: Tint mismatch: orig=-3, final=0 (diff=3, tolerance=1)
=== NAME  TestRoundTrip_lrtemplate_NP3_lrtemplate/16._E_-_Fuji_Neo_+_iiii.lrtemplate
    roundtrip_test.go:337: Shadows: orig=22 (expected loss: NP3 doesn't support this parameter)
=== NAME  TestRoundTrip_lrtemplate_NP3_lrtemplate/74._E_-_Kodak_Gold_+_ii.lrtemplate
    roundtrip_test.go:337: Highlights: orig=-48 (expected loss: NP3 doesn't support this parameter)
=== NAME  TestRoundTrip_lrtemplate_NP3_lrtemplate/86._E_-_Kodak_Ektar_+_iiiii.lrtemplate
    roundtrip_test.go:337: Highlights: orig=-20 (expected loss: NP3 doesn't support this parameter)
=== NAME  TestRoundTrip_lrtemplate_NP3_lrtemplate/74._E_-_Kodak_Gold_+_ii.lrtemplate
    roundtrip_test.go:337: Shadows: orig=28 (expected loss: NP3 doesn't support this parameter)
    roundtrip_test.go:337: Whites: orig=-38 (expected loss: NP3 doesn't support this parameter)
=== PAUSE TestRoundTrip_XMP_lrtemplate_XMP/KDK_-_Ektar_100_-_cool.xmp#01
=== NAME  TestRoundTrip_lrtemplate_NP3_lrtemplate/09._E_-_Kodak_Tri-X_+_iii.lrtemplate
    roundtrip_test.go:337: Highlights: orig=-28 (expected loss: NP3 doesn't support this parameter)
=== CONT  TestRoundTrip_lrtemplate_NP3_lrtemplate/16._E_-_Kodak_160_+_cool.lrtemplate
=== NAME  TestRoundTrip_lrtemplate_NP3_lrtemplate/12._E_-_Kodak_Tri-X_+_punch.lrtemplate
    roundtrip_test.go:337: Highlights: orig=-38 (expected loss: NP3 doesn't support this parameter)
    roundtrip_test.go:337: Shadows: orig=18 (expected loss: NP3 doesn't support this parameter)
=== NAME  TestRoundTrip_lrtemplate_NP3_lrtemplate/73._E_-_Kodak_Gold_+_i.lrtemplate
    roundtrip_test.go:493: Tint mismatch: orig=-3, final=0 (diff=3, tolerance=1)
=== NAME  TestRoundTrip_lrtemplate_NP3_lrtemplate/54._E_-_Kodak_E64_+_punch.lrtemplate
    roundtrip_test.go:337: Highlights: orig=-24 (expected loss: NP3 doesn't support this parameter)
    roundtrip_test.go:337: Shadows: orig=24 (expected loss: NP3 doesn't support this parameter)
    roundtrip_test.go:337: Whites: orig=-20 (expected loss: NP3 doesn't support this parameter)
=== NAME  TestRoundTrip_lrtemplate_NP3_lrtemplate/14._E_-_Fuji_Neo_+_ii.lrtemplate
    roundtrip_test.go:337: Highlights: orig=-25 (expected loss: NP3 doesn't support this parameter)
=== CONT  TestRoundTrip_lrtemplate_NP3_lrtemplate/83._E_-_Kodak_Ektar_+_ii.lrtemplate
=== NAME  TestRoundTrip_lrtemplate_NP3_lrtemplate/14._E_-_Fuji_Neo_+_ii.lrtemplate
    roundtrip_test.go:337: Shadows: orig=25 (expected loss: NP3 doesn't support this parameter)
    roundtrip_test.go:337: Whites: orig=-5 (expected loss: NP3 doesn't support this parameter)
    roundtrip_test.go:337: Blacks: orig=28 (expected loss: NP3 doesn't support this parameter)
=== NAME  TestRoundTrip_lrtemplate_NP3_lrtemplate/13._E_-_Fuji_Neo_+_i.lrtemplate
    roundtrip_test.go:337: Highlights: orig=-33 (expected loss: NP3 doesn't support this parameter)
=== CONT  TestRoundTrip_lrtemplate_NP3_lrtemplate/29._E_-_Kodak_800_+_ii.lrtemplate
=== NAME  TestRoundTrip_lrtemplate_NP3_lrtemplate/56._E_-_Kodak_E100_+_ii.lrtemplate
    roundtrip_test.go:337: Highlights: orig=-20 (expected loss: NP3 doesn't support this parameter)
=== NAME  TestRoundTrip_lrtemplate_NP3_lrtemplate/75._E_-_Kodak_Gold_+_iii.lrtemplate
    roundtrip_test.go:337: Whites: orig=-15 (expected loss: NP3 doesn't support this parameter)
=== CONT  TestRoundTrip_lrtemplate_NP3_lrtemplate/85._E_-_Kodak_Ektar_+_iiii.lrtemplate
=== NAME  TestRoundTrip_lrtemplate_NP3_lrtemplate/56._E_-_Kodak_E100_+_ii.lrtemplate
    roundtrip_test.go:337: Shadows: orig=20 (expected loss: NP3 doesn't support this parameter)
    roundtrip_test.go:337: Whites: orig=-10 (expected loss: NP3 doesn't support this parameter)
=== NAME  TestRoundTrip_lrtemplate_NP3_lrtemplate/92._E_-_Kodak_Elite_+_ii.lrtemplate
    roundtrip_test.go:337: Blacks: orig=38 (expected loss: NP3 doesn't support this parameter)
=== CONT  TestRoundTrip_lrtemplate_NP3_lrtemplate/31._E_-_Kodak_800_+_iiii.lrtemplate
=== CONT  TestRoundTrip_lrtemplate_NP3_lrtemplate/o_-_23._VIBRANCE__-_Mid.lrtemplate
=== CONT  TestRoundTrip_lrtemplate_NP3_lrtemplate/84._E_-_Kodak_Ektar_+_iii.lrtemplate
=== CONT  TestRoundTrip_lrtemplate_NP3_lrtemplate/52._E_-_Kodak_E64_+_cool.lrtemplate
=== RUN   TestRoundTrip_XMP_NP3_XMP/FINISH_-_Washed.xmp#02
=== NAME  TestRoundTrip_lrtemplate_NP3_lrtemplate/16._E_-_Fuji_Neo_+_iiii.lrtemplate
    roundtrip_test.go:337: Whites: orig=-5 (expected loss: NP3 doesn't support this parameter)
=== NAME  TestRoundTrip_lrtemplate_NP3_lrtemplate/86._E_-_Kodak_Ektar_+_iiiii.lrtemplate
    roundtrip_test.go:337: Shadows: orig=16 (expected loss: NP3 doesn't support this parameter)
    roundtrip_test.go:337: Whites: orig=-30 (expected loss: NP3 doesn't support this parameter)
    roundtrip_test.go:337: Blacks: orig=20 (expected loss: NP3 doesn't support this parameter)
=== NAME  TestRoundTrip_lrtemplate_NP3_lrtemplate/94._E_-_Kodak_Elite_+_iiii.lrtemplate
    roundtrip_test.go:337: Highlights: orig=-25 (expected loss: NP3 doesn't support this parameter)
=== NAME  TestRoundTrip_lrtemplate_NP3_lrtemplate/74._E_-_Kodak_Gold_+_ii.lrtemplate
    roundtrip_test.go:337: Blacks: orig=22 (expected loss: NP3 doesn't support this parameter)
=== CONT  TestRoundTrip_lrtemplate_NP3_lrtemplate/71._E_-_Kodak_E200_+_warm.lrtemplate
=== RUN   TestRoundTrip_XMP_lrtemplate_XMP/KDK_-_Ektar_100_-_film.xmp#01
=== PAUSE TestRoundTrip_XMP_lrtemplate_XMP/KDK_-_Ektar_100_-_film.xmp#01
=== NAME  TestRoundTrip_lrtemplate_NP3_lrtemplate/09._E_-_Kodak_Tri-X_+_iii.lrtemplate
    roundtrip_test.go:337: Shadows: orig=18 (expected loss: NP3 doesn't support this parameter)
=== RUN   TestRoundTrip_XMP_lrtemplate_XMP/KDK_-_Ektar_100_-_warm.xmp#01
=== PAUSE TestRoundTrip_XMP_lrtemplate_XMP/KDK_-_Ektar_100_-_warm.xmp#01
=== NAME  TestRoundTrip_lrtemplate_NP3_lrtemplate/09._E_-_Kodak_Tri-X_+_iii.lrtemplate
    roundtrip_test.go:337: Whites: orig=-13 (expected loss: NP3 doesn't support this parameter)
=== NAME  TestRoundTrip_lrtemplate_NP3_lrtemplate/73._E_-_Kodak_Gold_+_i.lrtemplate
    roundtrip_test.go:337: Highlights: orig=-58 (expected loss: NP3 doesn't support this parameter)
=== NAME  TestRoundTrip_lrtemplate_NP3_lrtemplate/18._E_-_Fuji_Neo_+_punch.lrtemplate
    roundtrip_test.go:337: Highlights: orig=-25 (expected loss: NP3 doesn't support this parameter)
    roundtrip_test.go:337: Shadows: orig=25 (expected loss: NP3 doesn't support this parameter)
=== NAME  TestRoundTrip_lrtemplate_NP3_lrtemplate/06._E_-_Kodak_Portra_+_fade.lrtemplate
    roundtrip_test.go:337: Highlights: orig=-22 (expected loss: NP3 doesn't support this parameter)
=== NAME  TestRoundTrip_lrtemplate_NP3_lrtemplate/18._E_-_Fuji_Neo_+_punch.lrtemplate
    roundtrip_test.go:337: Whites: orig=-5 (expected loss: NP3 doesn't support this parameter)
=== NAME  TestRoundTrip_lrtemplate_NP3_lrtemplate/06._E_-_Kodak_Portra_+_fade.lrtemplate
    roundtrip_test.go:337: Shadows: orig=22 (expected loss: NP3 doesn't support this parameter)
=== NAME  TestRoundTrip_lrtemplate_NP3_lrtemplate/18._E_-_Fuji_Neo_+_punch.lrtemplate
    roundtrip_test.go:337: Blacks: orig=30 (expected loss: NP3 doesn't support this parameter)
=== NAME  TestRoundTrip_lrtemplate_NP3_lrtemplate/06._E_-_Kodak_Portra_+_fade.lrtemplate
    roundtrip_test.go:337: Whites: orig=-17 (expected loss: NP3 doesn't support this parameter)
=== CONT  TestRoundTrip_lrtemplate_NP3_lrtemplate/30._E_-_Kodak_800_+_iii.lrtemplate
=== NAME  TestRoundTrip_lrtemplate_NP3_lrtemplate/06._E_-_Kodak_Portra_+_fade.lrtemplate
    roundtrip_test.go:337: Blacks: orig=17 (expected loss: NP3 doesn't support this parameter)
=== NAME  TestRoundTrip_lrtemplate_NP3_lrtemplate/13._E_-_Fuji_Neo_+_i.lrtemplate
    roundtrip_test.go:337: Shadows: orig=32 (expected loss: NP3 doesn't support this parameter)
=== CONT  TestRoundTrip_lrtemplate_NP3_lrtemplate/26._E_-_Polaroid_+_ii.lrtemplate
=== NAME  TestRoundTrip_lrtemplate_NP3_lrtemplate/13._E_-_Fuji_Neo_+_i.lrtemplate
    roundtrip_test.go:337: Whites: orig=-5 (expected loss: NP3 doesn't support this parameter)
=== NAME  TestRoundTrip_lrtemplate_NP3_lrtemplate/85._E_-_Kodak_Ektar_+_iiii.lrtemplate
    roundtrip_test.go:337: Highlights: orig=-20 (expected loss: NP3 doesn't support this parameter)
    roundtrip_test.go:337: Shadows: orig=10 (expected loss: NP3 doesn't support this parameter)
=== NAME  TestRoundTrip_lrtemplate_NP3_lrtemplate/56._E_-_Kodak_E100_+_ii.lrtemplate
    roundtrip_test.go:337: Blacks: orig=25 (expected loss: NP3 doesn't support this parameter)
=== NAME  TestRoundTrip_lrtemplate_NP3_lrtemplate/85._E_-_Kodak_Ektar_+_iiii.lrtemplate
    roundtrip_test.go:337: Whites: orig=-30 (expected loss: NP3 doesn't support this parameter)
    roundtrip_test.go:337: Blacks: orig=20 (expected loss: NP3 doesn't support this parameter)
=== CONT  TestRoundTrip_lrtemplate_NP3_lrtemplate/o_-_11._CONTRAST_-_Mid.lrtemplate
=== NAME  TestRoundTrip_lrtemplate_NP3_lrtemplate/52._E_-_Kodak_E64_+_cool.lrtemplate
    roundtrip_test.go:337: Highlights: orig=-18 (expected loss: NP3 doesn't support this parameter)
=== CONT  TestRoundTrip_lrtemplate_NP3_lrtemplate/02._E_-_Kodak_Portra_+_ii.lrtemplate
=== NAME  TestRoundTrip_lrtemplate_NP3_lrtemplate/52._E_-_Kodak_E64_+_cool.lrtemplate
    roundtrip_test.go:337: Shadows: orig=18 (expected loss: NP3 doesn't support this parameter)
    roundtrip_test.go:337: Whites: orig=-20 (expected loss: NP3 doesn't support this parameter)
    roundtrip_test.go:337: Blacks: orig=18 (expected loss: NP3 doesn't support this parameter)
=== PAUSE TestRoundTrip_XMP_NP3_XMP/FINISH_-_Washed.xmp#02
=== CONT  TestRoundTrip_lrtemplate_NP3_lrtemplate/70._E_-_Kodak_E200_+_cool.lrtemplate
=== RUN   TestRoundTrip_XMP_NP3_XMP/KDK_-_Echrome_++++.xmp#01
=== PAUSE TestRoundTrip_XMP_NP3_XMP/KDK_-_Echrome_++++.xmp#01
=== RUN   TestRoundTrip_XMP_NP3_XMP/KDK_-_Echrome_+++.xmp#01
=== NAME  TestRoundTrip_lrtemplate_NP3_lrtemplate/16._E_-_Fuji_Neo_+_iiii.lrtemplate
    roundtrip_test.go:337: Blacks: orig=37 (expected loss: NP3 doesn't support this parameter)
=== CONT  TestRoundTrip_lrtemplate_NP3_lrtemplate/o_-_34._COLOR_-_Neutral.lrtemplate#03
=== NAME  TestRoundTrip_lrtemplate_NP3_lrtemplate/84._E_-_Kodak_Ektar_+_iii.lrtemplate
    roundtrip_test.go:337: Highlights: orig=-20 (expected loss: NP3 doesn't support this parameter)
=== NAME  TestRoundTrip_lrtemplate_NP3_lrtemplate/94._E_-_Kodak_Elite_+_iiii.lrtemplate
    roundtrip_test.go:337: Shadows: orig=23 (expected loss: NP3 doesn't support this parameter)
=== NAME  TestRoundTrip_lrtemplate_NP3_lrtemplate/71._E_-_Kodak_E200_+_warm.lrtemplate
    roundtrip_test.go:337: Highlights: orig=-22 (expected loss: NP3 doesn't support this parameter)
    roundtrip_test.go:337: Shadows: orig=22 (expected loss: NP3 doesn't support this parameter)
=== NAME  TestRoundTrip_lrtemplate_NP3_lrtemplate/12._E_-_Kodak_Tri-X_+_punch.lrtemplate
    roundtrip_test.go:337: Whites: orig=-6 (expected loss: NP3 doesn't support this parameter)
=== NAME  TestRoundTrip_lrtemplate_NP3_lrtemplate/71._E_-_Kodak_E200_+_warm.lrtemplate
    roundtrip_test.go:337: Whites: orig=-12 (expected loss: NP3 doesn't support this parameter)
=== CONT  TestRoundTrip_lrtemplate_NP3_lrtemplate/53._E_-_Kodak_E64_+_warm.lrtemplate
=== NAME  TestRoundTrip_lrtemplate_NP3_lrtemplate/71._E_-_Kodak_E200_+_warm.lrtemplate
    roundtrip_test.go:337: Blacks: orig=28 (expected loss: NP3 doesn't support this parameter)
=== CONT  TestRoundTrip_lrtemplate_NP3_lrtemplate/o_-_29._FINISH_-_Vintage.lrtemplate
=== CONT  TestRoundTrip_lrtemplate_NP3_lrtemplate/00._E_-_o_.lrtemplate
=== NAME  TestRoundTrip_lrtemplate_NP3_lrtemplate/73._E_-_Kodak_Gold_+_i.lrtemplate
    roundtrip_test.go:337: Shadows: orig=42 (expected loss: NP3 doesn't support this parameter)
    roundtrip_test.go:337: Whites: orig=-42 (expected loss: NP3 doesn't support this parameter)
=== CONT  TestRoundTrip_lrtemplate_NP3_lrtemplate/24._E_-_Fuji_Negative_+_punch.lrtemplate
=== NAME  TestRoundTrip_lrtemplate_NP3_lrtemplate/73._E_-_Kodak_Gold_+_i.lrtemplate
    roundtrip_test.go:337: Blacks: orig=32 (expected loss: NP3 doesn't support this parameter)
=== NAME  TestRoundTrip_lrtemplate_NP3_lrtemplate/30._E_-_Kodak_800_+_iii.lrtemplate
    roundtrip_test.go:493: Tint mismatch: orig=-5, final=0 (diff=5, tolerance=1)
=== CONT  TestRoundTrip_lrtemplate_NP3_lrtemplate/07._E_-_Kodak_Tri-X_+_i.lrtemplate
=== NAME  TestRoundTrip_lrtemplate_NP3_lrtemplate/54._E_-_Kodak_E64_+_punch.lrtemplate
    roundtrip_test.go:337: Blacks: orig=18 (expected loss: NP3 doesn't support this parameter)
=== NAME  TestRoundTrip_lrtemplate_NP3_lrtemplate/26._E_-_Polaroid_+_ii.lrtemplate
    roundtrip_test.go:337: Highlights: orig=-15 (expected loss: NP3 doesn't support this parameter)
    roundtrip_test.go:337: Shadows: orig=20 (expected loss: NP3 doesn't support this parameter)
=== CONT  TestRoundTrip_lrtemplate_NP3_lrtemplate/12._E_-_Kodak_160_+_iii.lrtemplate
=== NAME  TestRoundTrip_lrtemplate_NP3_lrtemplate/26._E_-_Polaroid_+_ii.lrtemplate
    roundtrip_test.go:337: Whites: orig=-15 (expected loss: NP3 doesn't support this parameter)
    roundtrip_test.go:337: Blacks: orig=10 (expected loss: NP3 doesn't support this parameter)
=== NAME  TestRoundTrip_lrtemplate_NP3_lrtemplate/75._E_-_Kodak_Gold_+_iii.lrtemplate
    roundtrip_test.go:337: Blacks: orig=32 (expected loss: NP3 doesn't support this parameter)
=== NAME  TestRoundTrip_lrtemplate_NP3_lrtemplate/13._E_-_Fuji_Neo_+_i.lrtemplate
    roundtrip_test.go:337: Blacks: orig=34 (expected loss: NP3 doesn't support this parameter)
=== CONT  TestRoundTrip_lrtemplate_NP3_lrtemplate/13._E_-_Kodak_160_+_iiii.lrtemplate
=== NAME  TestRoundTrip_lrtemplate_NP3_lrtemplate/16._E_-_Kodak_160_+_cool.lrtemplate
    roundtrip_test.go:337: Highlights: orig=-22 (expected loss: NP3 doesn't support this parameter)
=== NAME  TestRoundTrip_lrtemplate_NP3_lrtemplate/29._E_-_Kodak_800_+_ii.lrtemplate
    roundtrip_test.go:493: Tint mismatch: orig=-3, final=0 (diff=3, tolerance=1)
=== NAME  TestRoundTrip_lrtemplate_NP3_lrtemplate/16._E_-_Kodak_160_+_cool.lrtemplate
    roundtrip_test.go:337: Shadows: orig=22 (expected loss: NP3 doesn't support this parameter)
=== NAME  TestRoundTrip_lrtemplate_NP3_lrtemplate/29._E_-_Kodak_800_+_ii.lrtemplate
    roundtrip_test.go:337: Highlights: orig=-20 (expected loss: NP3 doesn't support this parameter)
=== NAME  TestRoundTrip_lrtemplate_NP3_lrtemplate/16._E_-_Kodak_160_+_cool.lrtemplate
    roundtrip_test.go:337: Whites: orig=-22 (expected loss: NP3 doesn't support this parameter)
=== NAME  TestRoundTrip_lrtemplate_NP3_lrtemplate/29._E_-_Kodak_800_+_ii.lrtemplate
    roundtrip_test.go:337: Shadows: orig=16 (expected loss: NP3 doesn't support this parameter)
=== NAME  TestRoundTrip_lrtemplate_NP3_lrtemplate/16._E_-_Kodak_160_+_cool.lrtemplate
    roundtrip_test.go:337: Blacks: orig=18 (expected loss: NP3 doesn't support this parameter)
=== NAME  TestRoundTrip_lrtemplate_NP3_lrtemplate/31._E_-_Kodak_800_+_iiii.lrtemplate
    roundtrip_test.go:493: Tint mismatch: orig=-3, final=0 (diff=3, tolerance=1)
=== CONT  TestRoundTrip_lrtemplate_NP3_lrtemplate/69._E_-_Kodak_E200_+_fade.lrtemplate
=== NAME  TestRoundTrip_lrtemplate_NP3_lrtemplate/31._E_-_Kodak_800_+_iiii.lrtemplate
    roundtrip_test.go:337: Highlights: orig=-12 (expected loss: NP3 doesn't support this parameter)
=== PAUSE TestRoundTrip_XMP_NP3_XMP/KDK_-_Echrome_+++.xmp#01
=== NAME  TestRoundTrip_lrtemplate_NP3_lrtemplate/31._E_-_Kodak_800_+_iiii.lrtemplate
    roundtrip_test.go:337: Shadows: orig=12 (expected loss: NP3 doesn't support this parameter)
=== RUN   TestRoundTrip_XMP_NP3_XMP/KDK_-_Echrome_++.xmp#01
=== NAME  TestRoundTrip_lrtemplate_NP3_lrtemplate/31._E_-_Kodak_800_+_iiii.lrtemplate
    roundtrip_test.go:337: Whites: orig=-12 (expected loss: NP3 doesn't support this parameter)
=== PAUSE TestRoundTrip_XMP_NP3_XMP/KDK_-_Echrome_++.xmp#01
=== NAME  TestRoundTrip_lrtemplate_NP3_lrtemplate/94._E_-_Kodak_Elite_+_iiii.lrtemplate
    roundtrip_test.go:337: Whites: orig=-32 (expected loss: NP3 doesn't support this parameter)
=== RUN   TestRoundTrip_XMP_lrtemplate_XMP/KDK_-_Ektar_100.xmp#01
=== PAUSE TestRoundTrip_XMP_lrtemplate_XMP/KDK_-_Ektar_100.xmp#01
=== NAME  TestRoundTrip_lrtemplate_NP3_lrtemplate/83._E_-_Kodak_Ektar_+_ii.lrtemplate
    roundtrip_test.go:337: Highlights: orig=-20 (expected loss: NP3 doesn't support this parameter)
=== RUN   TestRoundTrip_XMP_lrtemplate_XMP/KDK_-_Elite_100_++++.xmp#01
=== PAUSE TestRoundTrip_XMP_lrtemplate_XMP/KDK_-_Elite_100_++++.xmp#01
=== NAME  TestRoundTrip_lrtemplate_NP3_lrtemplate/83._E_-_Kodak_Ektar_+_ii.lrtemplate
    roundtrip_test.go:337: Shadows: orig=10 (expected loss: NP3 doesn't support this parameter)
=== NAME  TestRoundTrip_lrtemplate_NP3_lrtemplate/53._E_-_Kodak_E64_+_warm.lrtemplate
    roundtrip_test.go:337: Highlights: orig=-18 (expected loss: NP3 doesn't support this parameter)
=== NAME  TestRoundTrip_lrtemplate_NP3_lrtemplate/24._E_-_Fuji_Negative_+_punch.lrtemplate
    roundtrip_test.go:337: Highlights: orig=-10 (expected loss: NP3 doesn't support this parameter)
    roundtrip_test.go:337: Shadows: orig=10 (expected loss: NP3 doesn't support this parameter)
=== NAME  TestRoundTrip_lrtemplate_NP3_lrtemplate/30._E_-_Kodak_800_+_iii.lrtemplate
    roundtrip_test.go:337: Highlights: orig=-8 (expected loss: NP3 doesn't support this parameter)
=== NAME  TestRoundTrip_lrtemplate_NP3_lrtemplate/24._E_-_Fuji_Negative_+_punch.lrtemplate
    roundtrip_test.go:337: Whites: orig=-10 (expected loss: NP3 doesn't support this parameter)
    roundtrip_test.go:337: Blacks: orig=-20 (expected loss: NP3 doesn't support this parameter)
=== NAME  TestRoundTrip_lrtemplate_NP3_lrtemplate/83._E_-_Kodak_Ektar_+_ii.lrtemplate
    roundtrip_test.go:337: Whites: orig=-25 (expected loss: NP3 doesn't support this parameter)
=== NAME  TestRoundTrip_lrtemplate_NP3_lrtemplate/07._E_-_Kodak_Tri-X_+_i.lrtemplate
    roundtrip_test.go:337: Highlights: orig=-38 (expected loss: NP3 doesn't support this parameter)
=== CONT  TestRoundTrip_lrtemplate_NP3_lrtemplate/01._E_-_Kodak_Portra_+_i.lrtemplate
=== NAME  TestRoundTrip_lrtemplate_NP3_lrtemplate/07._E_-_Kodak_Tri-X_+_i.lrtemplate
    roundtrip_test.go:337: Shadows: orig=18 (expected loss: NP3 doesn't support this parameter)
    roundtrip_test.go:337: Whites: orig=-6 (expected loss: NP3 doesn't support this parameter)
=== NAME  TestRoundTrip_lrtemplate_NP3_lrtemplate/55._E_-_Kodak_E100_+_i.lrtemplate
    roundtrip_test.go:337: Highlights: orig=-28 (expected loss: NP3 doesn't support this parameter)
=== CONT  TestRoundTrip_lrtemplate_NP3_lrtemplate/15._E_-_Kodak_160_+_fade.lrtemplate
=== NAME  TestRoundTrip_lrtemplate_NP3_lrtemplate/55._E_-_Kodak_E100_+_i.lrtemplate
    roundtrip_test.go:337: Shadows: orig=28 (expected loss: NP3 doesn't support this parameter)
    roundtrip_test.go:337: Whites: orig=-10 (expected loss: NP3 doesn't support this parameter)
=== CONT  TestRoundTrip_lrtemplate_NP3_lrtemplate/14._E_-_Kodak_160_+_iiiii.lrtemplate
=== NAME  TestRoundTrip_lrtemplate_NP3_lrtemplate/55._E_-_Kodak_E100_+_i.lrtemplate
    roundtrip_test.go:337: Blacks: orig=33 (expected loss: NP3 doesn't support this parameter)
=== CONT  TestRoundTrip_lrtemplate_NP3_lrtemplate/o_-_50_-_o.lrtemplate#02
=== CONT  TestRoundTrip_lrtemplate_NP3_lrtemplate/25._E_-_Polaroid_+_i.lrtemplate
=== NAME  TestRoundTrip_lrtemplate_NP3_lrtemplate/o_-_34._COLOR_-_Neutral.lrtemplate#03
    roundtrip_test.go:337: Split toning saturation/balance: (expected loss: NP3 only supports hue)
=== NAME  TestRoundTrip_lrtemplate_NP3_lrtemplate/70._E_-_Kodak_E200_+_cool.lrtemplate
    roundtrip_test.go:337: Highlights: orig=-22 (expected loss: NP3 doesn't support this parameter)
=== NAME  TestRoundTrip_lrtemplate_NP3_lrtemplate/29._E_-_Kodak_800_+_ii.lrtemplate
    roundtrip_test.go:337: Whites: orig=-12 (expected loss: NP3 doesn't support this parameter)
    roundtrip_test.go:337: Blacks: orig=22 (expected loss: NP3 doesn't support this parameter)
    roundtrip_test.go:337: Split toning saturation/balance: (expected loss: NP3 only supports hue)
=== NAME  TestRoundTrip_lrtemplate_NP3_lrtemplate/02._E_-_Kodak_Portra_+_ii.lrtemplate
    roundtrip_test.go:337: Highlights: orig=-10 (expected loss: NP3 doesn't support this parameter)
=== NAME  TestRoundTrip_lrtemplate_NP3_lrtemplate/29._E_-_Kodak_800_+_ii.lrtemplate
    roundtrip_test.go:337: Split toning hue: orig shadow=0, highlight=160 (NP3 has limited split toning support)
=== NAME  TestRoundTrip_lrtemplate_NP3_lrtemplate/02._E_-_Kodak_Portra_+_ii.lrtemplate
    roundtrip_test.go:337: Shadows: orig=25 (expected loss: NP3 doesn't support this parameter)
    roundtrip_test.go:337: Whites: orig=-10 (expected loss: NP3 doesn't support this parameter)
=== CONT  TestRoundTrip_lrtemplate_NP3_lrtemplate/03._E_-_Kodak_Portra_+_iii.lrtemplate
=== NAME  TestRoundTrip_lrtemplate_NP3_lrtemplate/02._E_-_Kodak_Portra_+_ii.lrtemplate
    roundtrip_test.go:337: Blacks: orig=25 (expected loss: NP3 doesn't support this parameter)
=== RUN   TestRoundTrip_XMP_NP3_XMP/KDK_-_Echrome_+.xmp#01
=== CONT  TestRoundTrip_lrtemplate_NP3_lrtemplate/50._E_-_Kodak_E64_+_iiiii.lrtemplate
=== PAUSE TestRoundTrip_XMP_NP3_XMP/KDK_-_Echrome_+.xmp#01
=== NAME  TestRoundTrip_lrtemplate_NP3_lrtemplate/01._E_-_Kodak_Portra_+_i.lrtemplate
    roundtrip_test.go:337: Highlights: orig=-10 (expected loss: NP3 doesn't support this parameter)
=== RUN   TestRoundTrip_XMP_NP3_XMP/KDK_-_Echrome_-_boost.xmp#01
=== NAME  TestRoundTrip_lrtemplate_NP3_lrtemplate/01._E_-_Kodak_Portra_+_i.lrtemplate
    roundtrip_test.go:337: Shadows: orig=25 (expected loss: NP3 doesn't support this parameter)
=== PAUSE TestRoundTrip_XMP_NP3_XMP/KDK_-_Echrome_-_boost.xmp#01
=== NAME  TestRoundTrip_lrtemplate_NP3_lrtemplate/01._E_-_Kodak_Portra_+_i.lrtemplate
    roundtrip_test.go:337: Whites: orig=-10 (expected loss: NP3 doesn't support this parameter)
    roundtrip_test.go:337: Blacks: orig=25 (expected loss: NP3 doesn't support this parameter)
=== RUN   TestRoundTrip_XMP_NP3_XMP/KDK_-_Echrome_-_cool.xmp#01
=== CONT  TestRoundTrip_lrtemplate_NP3_lrtemplate/38._E_-_Kodak_Echrome_+_ii.lrtemplate
=== NAME  TestRoundTrip_lrtemplate_NP3_lrtemplate/14._E_-_Kodak_160_+_iiiii.lrtemplate
    roundtrip_test.go:337: Highlights: orig=-22 (expected loss: NP3 doesn't support this parameter)
    roundtrip_test.go:337: Shadows: orig=22 (expected loss: NP3 doesn't support this parameter)
=== PAUSE TestRoundTrip_XMP_NP3_XMP/KDK_-_Echrome_-_cool.xmp#01
=== NAME  TestRoundTrip_lrtemplate_NP3_lrtemplate/14._E_-_Kodak_160_+_iiiii.lrtemplate
    roundtrip_test.go:337: Whites: orig=-22 (expected loss: NP3 doesn't support this parameter)
=== NAME  TestRoundTrip_lrtemplate_NP3_lrtemplate/31._E_-_Kodak_800_+_iiii.lrtemplate
    roundtrip_test.go:337: Blacks: orig=22 (expected loss: NP3 doesn't support this parameter)
=== CONT  TestRoundTrip_lrtemplate_NP3_lrtemplate/41._E_-_Kodak_Echrome_+_iiiii.lrtemplate
=== NAME  TestRoundTrip_lrtemplate_NP3_lrtemplate/94._E_-_Kodak_Elite_+_iiii.lrtemplate
    roundtrip_test.go:337: Blacks: orig=38 (expected loss: NP3 doesn't support this parameter)
=== RUN   TestRoundTrip_XMP_lrtemplate_XMP/KDK_-_Elite_100_+++.xmp#01
=== PAUSE TestRoundTrip_XMP_lrtemplate_XMP/KDK_-_Elite_100_+++.xmp#01
=== CONT  TestRoundTrip_lrtemplate_NP3_lrtemplate/00._E_-_grain_x.lrtemplate
=== RUN   TestRoundTrip_XMP_lrtemplate_XMP/KDK_-_Elite_100_++.xmp#01
=== NAME  TestRoundTrip_lrtemplate_NP3_lrtemplate/15._E_-_Kodak_160_+_fade.lrtemplate
    roundtrip_test.go:337: Highlights: orig=-22 (expected loss: NP3 doesn't support this parameter)
    roundtrip_test.go:337: Shadows: orig=22 (expected loss: NP3 doesn't support this parameter)
=== NAME  TestRoundTrip_lrtemplate_NP3_lrtemplate/53._E_-_Kodak_E64_+_warm.lrtemplate
    roundtrip_test.go:337: Shadows: orig=18 (expected loss: NP3 doesn't support this parameter)
=== NAME  TestRoundTrip_lrtemplate_NP3_lrtemplate/15._E_-_Kodak_160_+_fade.lrtemplate
    roundtrip_test.go:337: Whites: orig=-22 (expected loss: NP3 doesn't support this parameter)
=== NAME  TestRoundTrip_lrtemplate_NP3_lrtemplate/30._E_-_Kodak_800_+_iii.lrtemplate
    roundtrip_test.go:337: Shadows: orig=12 (expected loss: NP3 doesn't support this parameter)
    roundtrip_test.go:337: Whites: orig=-9 (expected loss: NP3 doesn't support this parameter)
=== NAME  TestRoundTrip_lrtemplate_NP3_lrtemplate/83._E_-_Kodak_Ektar_+_ii.lrtemplate
    roundtrip_test.go:337: Blacks: orig=20 (expected loss: NP3 doesn't support this parameter)
=== CONT  TestRoundTrip_lrtemplate_NP3_lrtemplate/o_-_49._LIGHTING_-_Fluorescent.lrtemplate#02
=== CONT  TestRoundTrip_lrtemplate_NP3_lrtemplate/80._E_-_Kodak_Gold_+_warm.lrtemplate
=== CONT  TestRoundTrip_lrtemplate_NP3_lrtemplate/42._E_-_Kodak_Echrome_+_fade.lrtemplate
=== NAME  TestRoundTrip_lrtemplate_NP3_lrtemplate/50._E_-_Kodak_E64_+_iiiii.lrtemplate
    roundtrip_test.go:337: Highlights: orig=-24 (expected loss: NP3 doesn't support this parameter)
=== NAME  TestRoundTrip_lrtemplate_NP3_lrtemplate/12._E_-_Kodak_160_+_iii.lrtemplate
    roundtrip_test.go:337: Highlights: orig=-22 (expected loss: NP3 doesn't support this parameter)
    roundtrip_test.go:337: Shadows: orig=22 (expected loss: NP3 doesn't support this parameter)
=== NAME  TestRoundTrip_lrtemplate_NP3_lrtemplate/13._E_-_Kodak_160_+_iiii.lrtemplate
    roundtrip_test.go:337: Highlights: orig=-22 (expected loss: NP3 doesn't support this parameter)
=== NAME  TestRoundTrip_lrtemplate_NP3_lrtemplate/o_-_34._COLOR_-_Neutral.lrtemplate#03
    roundtrip_test.go:337: Split toning hue: orig shadow=242, highlight=45 (NP3 has limited split toning support)
=== CONT  TestRoundTrip_lrtemplate_NP3_lrtemplate/08._E_-_Kodak_Portra_+_warm.lrtemplate
=== NAME  TestRoundTrip_lrtemplate_NP3_lrtemplate/69._E_-_Kodak_E200_+_fade.lrtemplate
    roundtrip_test.go:337: Highlights: orig=-24 (expected loss: NP3 doesn't support this parameter)
    roundtrip_test.go:337: Shadows: orig=24 (expected loss: NP3 doesn't support this parameter)
=== NAME  TestRoundTrip_lrtemplate_NP3_lrtemplate/70._E_-_Kodak_E200_+_cool.lrtemplate
    roundtrip_test.go:337: Shadows: orig=22 (expected loss: NP3 doesn't support this parameter)
=== NAME  TestRoundTrip_lrtemplate_NP3_lrtemplate/69._E_-_Kodak_E200_+_fade.lrtemplate
    roundtrip_test.go:337: Whites: orig=-8 (expected loss: NP3 doesn't support this parameter)
=== CONT  TestRoundTrip_lrtemplate_NP3_lrtemplate/15._E_-_Fuji_Neo_+_iii.lrtemplate
=== NAME  TestRoundTrip_lrtemplate_NP3_lrtemplate/69._E_-_Kodak_E200_+_fade.lrtemplate
    roundtrip_test.go:337: Blacks: orig=24 (expected loss: NP3 doesn't support this parameter)
=== CONT  TestRoundTrip_lrtemplate_NP3_lrtemplate/07._E_-_Kodak_Portra_+_cool.lrtemplate
=== CONT  TestRoundTrip_lrtemplate_NP3_lrtemplate/00._E_-_auto_wb.lrtemplate
=== NAME  TestRoundTrip_lrtemplate_NP3_lrtemplate/38._E_-_Kodak_Echrome_+_ii.lrtemplate
    roundtrip_test.go:337: Highlights: orig=-20 (expected loss: NP3 doesn't support this parameter)
    roundtrip_test.go:337: Shadows: orig=20 (expected loss: NP3 doesn't support this parameter)
=== NAME  TestRoundTrip_lrtemplate_NP3_lrtemplate/14._E_-_Kodak_160_+_iiiii.lrtemplate
    roundtrip_test.go:337: Blacks: orig=22 (expected loss: NP3 doesn't support this parameter)
=== NAME  TestRoundTrip_lrtemplate_NP3_lrtemplate/o_-_49._LIGHTING_-_Fluorescent.lrtemplate#02
    roundtrip_test.go:493: Tint mismatch: orig=21, final=0 (diff=21, tolerance=1)
=== NAME  TestRoundTrip_lrtemplate_NP3_lrtemplate/41._E_-_Kodak_Echrome_+_iiiii.lrtemplate
    roundtrip_test.go:493: Tint mismatch: orig=-8, final=0 (diff=8, tolerance=1)
=== NAME  TestRoundTrip_lrtemplate_NP3_lrtemplate/o_-_49._LIGHTING_-_Fluorescent.lrtemplate#02
    roundtrip_test.go:337: Temperature nullability difference: orig=0xc002004c50, final=<nil> (may be expected)
=== CONT  TestRoundTrip_lrtemplate_NP3_lrtemplate/22._E_-_Kodak_400_+_iiii.lrtemplate
=== RUN   TestRoundTrip_XMP_NP3_XMP/KDK_-_Echrome_-_film.xmp#01
=== PAUSE TestRoundTrip_XMP_NP3_XMP/KDK_-_Echrome_-_film.xmp#01
=== NAME  TestRoundTrip_lrtemplate_NP3_lrtemplate/25._E_-_Polaroid_+_i.lrtemplate
    roundtrip_test.go:337: Highlights: orig=-15 (expected loss: NP3 doesn't support this parameter)
=== RUN   TestRoundTrip_XMP_NP3_XMP/KDK_-_Echrome_-_warm.xmp#01
=== CONT  TestRoundTrip_lrtemplate_NP3_lrtemplate/32._E_-_Kodak_800_+_iiiii.lrtemplate
=== PAUSE TestRoundTrip_XMP_lrtemplate_XMP/KDK_-_Elite_100_++.xmp#01
=== NAME  TestRoundTrip_lrtemplate_NP3_lrtemplate/80._E_-_Kodak_Gold_+_warm.lrtemplate
    roundtrip_test.go:493: Clarity mismatch: orig=-8, final=-10 (diff=2, tolerance=1)
=== RUN   TestRoundTrip_XMP_lrtemplate_XMP/KDK_-_Elite_100_+.xmp#01
=== NAME  TestRoundTrip_lrtemplate_NP3_lrtemplate/15._E_-_Kodak_160_+_fade.lrtemplate
    roundtrip_test.go:337: Blacks: orig=22 (expected loss: NP3 doesn't support this parameter)
=== PAUSE TestRoundTrip_XMP_lrtemplate_XMP/KDK_-_Elite_100_+.xmp#01
=== CONT  TestRoundTrip_lrtemplate_NP3_lrtemplate/49._E_-_Kodak_E64_+_iiii.lrtemplate
=== CONT  TestRoundTrip_lrtemplate_NP3_lrtemplate/o_-_06._EXPOSURE__0.lrtemplate
=== RUN   TestRoundTrip_XMP_lrtemplate_XMP/KDK_-_Elite_100_-_boost.xmp#01
=== NAME  TestRoundTrip_lrtemplate_NP3_lrtemplate/03._E_-_Kodak_Portra_+_iii.lrtemplate
    roundtrip_test.go:337: Highlights: orig=-10 (expected loss: NP3 doesn't support this parameter)
=== NAME  TestRoundTrip_lrtemplate_NP3_lrtemplate/08._E_-_Kodak_Portra_+_warm.lrtemplate
    roundtrip_test.go:337: Highlights: orig=-18 (expected loss: NP3 doesn't support this parameter)
    roundtrip_test.go:337: Shadows: orig=22 (expected loss: NP3 doesn't support this parameter)
    roundtrip_test.go:337: Whites: orig=-8 (expected loss: NP3 doesn't support this parameter)
    roundtrip_test.go:337: Blacks: orig=22 (expected loss: NP3 doesn't support this parameter)
=== NAME  TestRoundTrip_lrtemplate_NP3_lrtemplate/03._E_-_Kodak_Portra_+_iii.lrtemplate
    roundtrip_test.go:337: Shadows: orig=25 (expected loss: NP3 doesn't support this parameter)
=== CONT  TestRoundTrip_lrtemplate_NP3_lrtemplate/37._E_-_Kodak_Echrome_+_i.lrtemplate
=== NAME  TestRoundTrip_lrtemplate_NP3_lrtemplate/03._E_-_Kodak_Portra_+_iii.lrtemplate
    roundtrip_test.go:337: Whites: orig=-10 (expected loss: NP3 doesn't support this parameter)
=== NAME  TestRoundTrip_lrtemplate_NP3_lrtemplate/15._E_-_Fuji_Neo_+_iii.lrtemplate
    roundtrip_test.go:337: Highlights: orig=-28 (expected loss: NP3 doesn't support this parameter)
=== NAME  TestRoundTrip_lrtemplate_NP3_lrtemplate/03._E_-_Kodak_Portra_+_iii.lrtemplate
    roundtrip_test.go:337: Blacks: orig=25 (expected loss: NP3 doesn't support this parameter)
=== NAME  TestRoundTrip_lrtemplate_NP3_lrtemplate/12._E_-_Kodak_160_+_iii.lrtemplate
    roundtrip_test.go:337: Whites: orig=-22 (expected loss: NP3 doesn't support this parameter)
=== CONT  TestRoundTrip_lrtemplate_NP3_lrtemplate/27._E_-_Kodak_400_+_punch.lrtemplate
=== NAME  TestRoundTrip_lrtemplate_NP3_lrtemplate/13._E_-_Kodak_160_+_iiii.lrtemplate
    roundtrip_test.go:337: Shadows: orig=22 (expected loss: NP3 doesn't support this parameter)
    roundtrip_test.go:337: Whites: orig=-22 (expected loss: NP3 doesn't support this parameter)
    roundtrip_test.go:337: Blacks: orig=22 (expected loss: NP3 doesn't support this parameter)
=== NAME  TestRoundTrip_lrtemplate_NP3_lrtemplate/70._E_-_Kodak_E200_+_cool.lrtemplate
    roundtrip_test.go:337: Whites: orig=-12 (expected loss: NP3 doesn't support this parameter)
=== CONT  TestRoundTrip_lrtemplate_NP3_lrtemplate/o_-_28._FINISH_-_Strong.lrtemplate#03
=== NAME  TestRoundTrip_lrtemplate_NP3_lrtemplate/70._E_-_Kodak_E200_+_cool.lrtemplate
    roundtrip_test.go:337: Blacks: orig=28 (expected loss: NP3 doesn't support this parameter)
=== NAME  TestRoundTrip_lrtemplate_NP3_lrtemplate/07._E_-_Kodak_Portra_+_cool.lrtemplate
    roundtrip_test.go:337: Highlights: orig=-18 (expected loss: NP3 doesn't support this parameter)
=== CONT  TestRoundTrip_lrtemplate_NP3_lrtemplate/o_-_48._LIGHTING_-_Tungsten.lrtemplate#02
=== NAME  TestRoundTrip_lrtemplate_NP3_lrtemplate/84._E_-_Kodak_Ektar_+_iii.lrtemplate
    roundtrip_test.go:337: Shadows: orig=15 (expected loss: NP3 doesn't support this parameter)
    roundtrip_test.go:337: Whites: orig=-25 (expected loss: NP3 doesn't support this parameter)
=== NAME  TestRoundTrip_lrtemplate_NP3_lrtemplate/38._E_-_Kodak_Echrome_+_ii.lrtemplate
    roundtrip_test.go:337: Whites: orig=-20 (expected loss: NP3 doesn't support this parameter)
=== NAME  TestRoundTrip_lrtemplate_NP3_lrtemplate/84._E_-_Kodak_Ektar_+_iii.lrtemplate
    roundtrip_test.go:337: Blacks: orig=20 (expected loss: NP3 doesn't support this parameter)
=== NAME  TestRoundTrip_lrtemplate_NP3_lrtemplate/38._E_-_Kodak_Echrome_+_ii.lrtemplate
    roundtrip_test.go:337: Blacks: orig=20 (expected loss: NP3 doesn't support this parameter)
=== CONT  TestRoundTrip_lrtemplate_NP3_lrtemplate/78._E_-_Kodak_Gold_+_fade.lrtemplate
=== CONT  TestRoundTrip_lrtemplate_NP3_lrtemplate/36._E_-_Kodak_800_+_punch.lrtemplate
=== NAME  TestRoundTrip_lrtemplate_NP3_lrtemplate/41._E_-_Kodak_Echrome_+_iiiii.lrtemplate
    roundtrip_test.go:337: Highlights: orig=-25 (expected loss: NP3 doesn't support this parameter)
=== NAME  TestRoundTrip_lrtemplate_NP3_lrtemplate/25._E_-_Polaroid_+_i.lrtemplate
    roundtrip_test.go:337: Shadows: orig=34 (expected loss: NP3 doesn't support this parameter)
    roundtrip_test.go:337: Whites: orig=-15 (expected loss: NP3 doesn't support this parameter)
=== NAME  TestRoundTrip_lrtemplate_NP3_lrtemplate/41._E_-_Kodak_Echrome_+_iiiii.lrtemplate
    roundtrip_test.go:337: Shadows: orig=25 (expected loss: NP3 doesn't support this parameter)
=== NAME  TestRoundTrip_lrtemplate_NP3_lrtemplate/53._E_-_Kodak_E64_+_warm.lrtemplate
    roundtrip_test.go:337: Whites: orig=-20 (expected loss: NP3 doesn't support this parameter)
=== NAME  TestRoundTrip_lrtemplate_NP3_lrtemplate/42._E_-_Kodak_Echrome_+_fade.lrtemplate
    roundtrip_test.go:337: Highlights: orig=-15 (expected loss: NP3 doesn't support this parameter)
=== NAME  TestRoundTrip_lrtemplate_NP3_lrtemplate/53._E_-_Kodak_E64_+_warm.lrtemplate
    roundtrip_test.go:337: Blacks: orig=18 (expected loss: NP3 doesn't support this parameter)
=== NAME  TestRoundTrip_lrtemplate_NP3_lrtemplate/42._E_-_Kodak_Echrome_+_fade.lrtemplate
    roundtrip_test.go:337: Shadows: orig=15 (expected loss: NP3 doesn't support this parameter)
    roundtrip_test.go:337: Whites: orig=-18 (expected loss: NP3 doesn't support this parameter)
=== CONT  TestRoundTrip_lrtemplate_NP3_lrtemplate/o_-_28._FINISH_-_Strong.lrtemplate
=== NAME  TestRoundTrip_lrtemplate_NP3_lrtemplate/49._E_-_Kodak_E64_+_iiii.lrtemplate
    roundtrip_test.go:337: Highlights: orig=-18 (expected loss: NP3 doesn't support this parameter)
    roundtrip_test.go:337: Shadows: orig=18 (expected loss: NP3 doesn't support this parameter)
    roundtrip_test.go:337: Whites: orig=-20 (expected loss: NP3 doesn't support this parameter)
    roundtrip_test.go:337: Blacks: orig=18 (expected loss: NP3 doesn't support this parameter)
=== NAME  TestRoundTrip_lrtemplate_NP3_lrtemplate/30._E_-_Kodak_800_+_iii.lrtemplate
    roundtrip_test.go:337: Blacks: orig=28 (expected loss: NP3 doesn't support this parameter)
=== CONT  TestRoundTrip_lrtemplate_NP3_lrtemplate/48._E_-_Kodak_E64_+_iii.lrtemplate
=== NAME  TestRoundTrip_lrtemplate_NP3_lrtemplate/o_-_48._LIGHTING_-_Tungsten.lrtemplate#02
    roundtrip_test.go:337: Temperature nullability difference: orig=0xc00224a650, final=<nil> (may be expected)
=== PAUSE TestRoundTrip_XMP_lrtemplate_XMP/KDK_-_Elite_100_-_boost.xmp#01
=== NAME  TestRoundTrip_lrtemplate_NP3_lrtemplate/30._E_-_Kodak_800_+_iii.lrtemplate
    roundtrip_test.go:337: Split toning saturation/balance: (expected loss: NP3 only supports hue)
=== CONT  TestRoundTrip_lrtemplate_NP3_lrtemplate/26._E_-_Kodak_400_+_warm.lrtemplate
=== RUN   TestRoundTrip_XMP_lrtemplate_XMP/KDK_-_Elite_100_-_cool.xmp#01
=== NAME  TestRoundTrip_lrtemplate_NP3_lrtemplate/30._E_-_Kodak_800_+_iii.lrtemplate
    roundtrip_test.go:337: Split toning hue: orig shadow=0, highlight=160 (NP3 has limited split toning support)
=== PAUSE TestRoundTrip_XMP_lrtemplate_XMP/KDK_-_Elite_100_-_cool.xmp#01
=== CONT  TestRoundTrip_lrtemplate_NP3_lrtemplate/o_-_27._FINISH_-_Basic.lrtemplate
=== NAME  TestRoundTrip_lrtemplate_NP3_lrtemplate/12._E_-_Kodak_160_+_iii.lrtemplate
    roundtrip_test.go:337: Blacks: orig=22 (expected loss: NP3 doesn't support this parameter)
=== NAME  TestRoundTrip_lrtemplate_NP3_lrtemplate/07._E_-_Kodak_Portra_+_cool.lrtemplate
    roundtrip_test.go:337: Shadows: orig=20 (expected loss: NP3 doesn't support this parameter)
=== CONT  TestRoundTrip_lrtemplate_NP3_lrtemplate/24._E_-_Kodak_400_+_fade.lrtemplate
=== NAME  TestRoundTrip_lrtemplate_NP3_lrtemplate/37._E_-_Kodak_Echrome_+_i.lrtemplate
    roundtrip_test.go:337: Highlights: orig=-25 (expected loss: NP3 doesn't support this parameter)
    roundtrip_test.go:337: Shadows: orig=25 (expected loss: NP3 doesn't support this parameter)
=== CONT  TestRoundTrip_lrtemplate_NP3_lrtemplate/77._E_-_Kodak_Gold_+_iiiii.lrtemplate
=== NAME  TestRoundTrip_lrtemplate_NP3_lrtemplate/37._E_-_Kodak_Echrome_+_i.lrtemplate
    roundtrip_test.go:337: Whites: orig=-20 (expected loss: NP3 doesn't support this parameter)
    roundtrip_test.go:337: Blacks: orig=25 (expected loss: NP3 doesn't support this parameter)
=== NAME  TestRoundTrip_lrtemplate_NP3_lrtemplate/22._E_-_Kodak_400_+_iiii.lrtemplate
    roundtrip_test.go:337: Highlights: orig=-20 (expected loss: NP3 doesn't support this parameter)
    roundtrip_test.go:337: Shadows: orig=20 (expected loss: NP3 doesn't support this parameter)
=== CONT  TestRoundTrip_lrtemplate_NP3_lrtemplate/35._E_-_Kodak_800_+_warm.lrtemplate
=== NAME  TestRoundTrip_lrtemplate_NP3_lrtemplate/32._E_-_Kodak_800_+_iiiii.lrtemplate
    roundtrip_test.go:493: Tint mismatch: orig=-3, final=0 (diff=3, tolerance=1)
    roundtrip_test.go:337: Highlights: orig=-19 (expected loss: NP3 doesn't support this parameter)
    roundtrip_test.go:337: Shadows: orig=18 (expected loss: NP3 doesn't support this parameter)
=== PAUSE TestRoundTrip_XMP_NP3_XMP/KDK_-_Echrome_-_warm.xmp#01
=== CONT  TestRoundTrip_lrtemplate_NP3_lrtemplate/47._E_-_Kodak_E64_+_ii.lrtemplate
=== NAME  TestRoundTrip_lrtemplate_NP3_lrtemplate/32._E_-_Kodak_800_+_iiiii.lrtemplate
    roundtrip_test.go:337: Whites: orig=-18 (expected loss: NP3 doesn't support this parameter)
=== RUN   TestRoundTrip_XMP_NP3_XMP/KDK_-_Echrome_100_++++.xmp#01
=== NAME  TestRoundTrip_lrtemplate_NP3_lrtemplate/32._E_-_Kodak_800_+_iiiii.lrtemplate
    roundtrip_test.go:337: Blacks: orig=22 (expected loss: NP3 doesn't support this parameter)
=== PAUSE TestRoundTrip_XMP_NP3_XMP/KDK_-_Echrome_100_++++.xmp#01
=== RUN   TestRoundTrip_XMP_NP3_XMP/KDK_-_Echrome_100_+++.xmp#01
=== CONT  TestRoundTrip_lrtemplate_NP3_lrtemplate/18._E_-_Kodak_160_+_punch.lrtemplate
=== PAUSE TestRoundTrip_XMP_NP3_XMP/KDK_-_Echrome_100_+++.xmp#01
=== RUN   TestRoundTrip_XMP_NP3_XMP/KDK_-_Echrome_100_++.xmp#01
=== NAME  TestRoundTrip_lrtemplate_NP3_lrtemplate/80._E_-_Kodak_Gold_+_warm.lrtemplate
    roundtrip_test.go:493: Tint mismatch: orig=-3, final=0 (diff=3, tolerance=1)
=== PAUSE TestRoundTrip_XMP_NP3_XMP/KDK_-_Echrome_100_++.xmp#01
=== NAME  TestRoundTrip_lrtemplate_NP3_lrtemplate/42._E_-_Kodak_Echrome_+_fade.lrtemplate
    roundtrip_test.go:337: Blacks: orig=15 (expected loss: NP3 doesn't support this parameter)
=== CONT  TestRoundTrip_lrtemplate_NP3_lrtemplate/45._E_-_Kodak_Echrome_+_punch.lrtemplate
=== CONT  TestRoundTrip_lrtemplate_NP3_lrtemplate/19._E_-_Kodak_400_+_i.lrtemplate
=== NAME  TestRoundTrip_lrtemplate_NP3_lrtemplate/50._E_-_Kodak_E64_+_iiiii.lrtemplate
    roundtrip_test.go:337: Shadows: orig=24 (expected loss: NP3 doesn't support this parameter)
=== CONT  TestRoundTrip_lrtemplate_NP3_lrtemplate/23._E_-_Kodak_400_+_iiiii.lrtemplate
=== NAME  TestRoundTrip_lrtemplate_NP3_lrtemplate/50._E_-_Kodak_E64_+_iiiii.lrtemplate
    roundtrip_test.go:337: Whites: orig=-20 (expected loss: NP3 doesn't support this parameter)
=== NAME  TestRoundTrip_lrtemplate_NP3_lrtemplate/48._E_-_Kodak_E64_+_iii.lrtemplate
    roundtrip_test.go:337: Highlights: orig=-20 (expected loss: NP3 doesn't support this parameter)
=== NAME  TestRoundTrip_lrtemplate_NP3_lrtemplate/50._E_-_Kodak_E64_+_iiiii.lrtemplate
    roundtrip_test.go:337: Blacks: orig=18 (expected loss: NP3 doesn't support this parameter)
=== NAME  TestRoundTrip_lrtemplate_NP3_lrtemplate/48._E_-_Kodak_E64_+_iii.lrtemplate
    roundtrip_test.go:337: Shadows: orig=18 (expected loss: NP3 doesn't support this parameter)
=== CONT  TestRoundTrip_lrtemplate_NP3_lrtemplate/21._E_-_Kodak_400_+_iii.lrtemplate
=== NAME  TestRoundTrip_lrtemplate_NP3_lrtemplate/15._E_-_Fuji_Neo_+_iii.lrtemplate
    roundtrip_test.go:337: Shadows: orig=28 (expected loss: NP3 doesn't support this parameter)
=== RUN   TestRoundTrip_XMP_lrtemplate_XMP/KDK_-_Elite_100_-_film.xmp#01
=== NAME  TestRoundTrip_lrtemplate_NP3_lrtemplate/27._E_-_Kodak_400_+_punch.lrtemplate
    roundtrip_test.go:337: Highlights: orig=-20 (expected loss: NP3 doesn't support this parameter)
=== NAME  TestRoundTrip_lrtemplate_NP3_lrtemplate/77._E_-_Kodak_Gold_+_iiiii.lrtemplate
    roundtrip_test.go:493: Tint mismatch: orig=-3, final=0 (diff=3, tolerance=1)
    roundtrip_test.go:337: Highlights: orig=-35 (expected loss: NP3 doesn't support this parameter)
=== CONT  TestRoundTrip_lrtemplate_NP3_lrtemplate/25._E_-_Kodak_400_+_cool.lrtemplate
=== NAME  TestRoundTrip_lrtemplate_NP3_lrtemplate/77._E_-_Kodak_Gold_+_iiiii.lrtemplate
    roundtrip_test.go:337: Shadows: orig=22 (expected loss: NP3 doesn't support this parameter)
=== NAME  TestRoundTrip_lrtemplate_NP3_lrtemplate/07._E_-_Kodak_Portra_+_cool.lrtemplate
    roundtrip_test.go:337: Whites: orig=-10 (expected loss: NP3 doesn't support this parameter)
=== NAME  TestRoundTrip_lrtemplate_NP3_lrtemplate/47._E_-_Kodak_E64_+_ii.lrtemplate
    roundtrip_test.go:337: Highlights: orig=-22 (expected loss: NP3 doesn't support this parameter)
=== NAME  TestRoundTrip_lrtemplate_NP3_lrtemplate/35._E_-_Kodak_800_+_warm.lrtemplate
    roundtrip_test.go:493: Tint mismatch: orig=-3, final=0 (diff=3, tolerance=1)
    roundtrip_test.go:337: Highlights: orig=-12 (expected loss: NP3 doesn't support this parameter)
    roundtrip_test.go:337: Shadows: orig=12 (expected loss: NP3 doesn't support this parameter)
=== NAME  TestRoundTrip_lrtemplate_NP3_lrtemplate/25._E_-_Polaroid_+_i.lrtemplate
    roundtrip_test.go:337: Blacks: orig=20 (expected loss: NP3 doesn't support this parameter)
=== NAME  TestRoundTrip_lrtemplate_NP3_lrtemplate/36._E_-_Kodak_800_+_punch.lrtemplate
    roundtrip_test.go:493: Tint mismatch: orig=-3, final=0 (diff=3, tolerance=1)
    roundtrip_test.go:337: Highlights: orig=-29 (expected loss: NP3 doesn't support this parameter)
=== NAME  TestRoundTrip_lrtemplate_NP3_lrtemplate/41._E_-_Kodak_Echrome_+_iiiii.lrtemplate
    roundtrip_test.go:337: Whites: orig=-9 (expected loss: NP3 doesn't support this parameter)
    roundtrip_test.go:337: Blacks: orig=32 (expected loss: NP3 doesn't support this parameter)
=== NAME  TestRoundTrip_lrtemplate_NP3_lrtemplate/78._E_-_Kodak_Gold_+_fade.lrtemplate
    roundtrip_test.go:493: Tint mismatch: orig=-3, final=0 (diff=3, tolerance=1)
    roundtrip_test.go:337: Highlights: orig=-60 (expected loss: NP3 doesn't support this parameter)
=== RUN   TestRoundTrip_XMP_NP3_XMP/KDK_-_Echrome_100_+.xmp#01
=== NAME  TestRoundTrip_lrtemplate_NP3_lrtemplate/78._E_-_Kodak_Gold_+_fade.lrtemplate
    roundtrip_test.go:337: Shadows: orig=38 (expected loss: NP3 doesn't support this parameter)
=== PAUSE TestRoundTrip_XMP_NP3_XMP/KDK_-_Echrome_100_+.xmp#01
=== NAME  TestRoundTrip_lrtemplate_NP3_lrtemplate/78._E_-_Kodak_Gold_+_fade.lrtemplate
    roundtrip_test.go:337: Whites: orig=-38 (expected loss: NP3 doesn't support this parameter)
=== NAME  TestRoundTrip_lrtemplate_NP3_lrtemplate/80._E_-_Kodak_Gold_+_warm.lrtemplate
    roundtrip_test.go:337: Highlights: orig=-38 (expected loss: NP3 doesn't support this parameter)
    roundtrip_test.go:337: Shadows: orig=22 (expected loss: NP3 doesn't support this parameter)
=== NAME  TestRoundTrip_lrtemplate_NP3_lrtemplate/24._E_-_Kodak_400_+_fade.lrtemplate
    roundtrip_test.go:337: Highlights: orig=-20 (expected loss: NP3 doesn't support this parameter)
    roundtrip_test.go:337: Shadows: orig=20 (expected loss: NP3 doesn't support this parameter)
=== NAME  TestRoundTrip_lrtemplate_NP3_lrtemplate/48._E_-_Kodak_E64_+_iii.lrtemplate
    roundtrip_test.go:337: Whites: orig=-20 (expected loss: NP3 doesn't support this parameter)
=== NAME  TestRoundTrip_lrtemplate_NP3_lrtemplate/19._E_-_Kodak_400_+_i.lrtemplate
    roundtrip_test.go:337: Highlights: orig=-20 (expected loss: NP3 doesn't support this parameter)
=== NAME  TestRoundTrip_lrtemplate_NP3_lrtemplate/26._E_-_Kodak_400_+_warm.lrtemplate
    roundtrip_test.go:337: Highlights: orig=-20 (expected loss: NP3 doesn't support this parameter)
    roundtrip_test.go:337: Shadows: orig=20 (expected loss: NP3 doesn't support this parameter)
    roundtrip_test.go:337: Whites: orig=-10 (expected loss: NP3 doesn't support this parameter)
=== NAME  TestRoundTrip_lrtemplate_NP3_lrtemplate/15._E_-_Fuji_Neo_+_iii.lrtemplate
    roundtrip_test.go:337: Whites: orig=-8 (expected loss: NP3 doesn't support this parameter)
=== NAME  TestRoundTrip_lrtemplate_NP3_lrtemplate/26._E_-_Kodak_400_+_warm.lrtemplate
    roundtrip_test.go:337: Blacks: orig=20 (expected loss: NP3 doesn't support this parameter)
=== NAME  TestRoundTrip_lrtemplate_NP3_lrtemplate/15._E_-_Fuji_Neo_+_iii.lrtemplate
    roundtrip_test.go:337: Blacks: orig=28 (expected loss: NP3 doesn't support this parameter)
=== CONT  TestRoundTrip_lrtemplate_NP3_lrtemplate/39._E_-_Kodak_Echrome_+_iii.lrtemplate
=== PAUSE TestRoundTrip_XMP_lrtemplate_XMP/KDK_-_Elite_100_-_film.xmp#01
=== NAME  TestRoundTrip_lrtemplate_NP3_lrtemplate/25._E_-_Kodak_400_+_cool.lrtemplate
    roundtrip_test.go:337: Highlights: orig=-20 (expected loss: NP3 doesn't support this parameter)
=== NAME  TestRoundTrip_lrtemplate_NP3_lrtemplate/27._E_-_Kodak_400_+_punch.lrtemplate
    roundtrip_test.go:337: Shadows: orig=20 (expected loss: NP3 doesn't support this parameter)
    roundtrip_test.go:337: Whites: orig=-10 (expected loss: NP3 doesn't support this parameter)
    roundtrip_test.go:337: Blacks: orig=20 (expected loss: NP3 doesn't support this parameter)
=== NAME  TestRoundTrip_lrtemplate_NP3_lrtemplate/77._E_-_Kodak_Gold_+_iiiii.lrtemplate
    roundtrip_test.go:337: Whites: orig=-30 (expected loss: NP3 doesn't support this parameter)
    roundtrip_test.go:337: Blacks: orig=20 (expected loss: NP3 doesn't support this parameter)
=== CONT  TestRoundTrip_lrtemplate_NP3_lrtemplate/20._E_-_Kodak_400_+_ii.lrtemplate
=== CONT  TestRoundTrip_lrtemplate_NP3_lrtemplate/40._E_-_Kodak_Echrome_+_iiii.lrtemplate
=== NAME  TestRoundTrip_lrtemplate_NP3_lrtemplate/07._E_-_Kodak_Portra_+_cool.lrtemplate
    roundtrip_test.go:337: Blacks: orig=15 (expected loss: NP3 doesn't support this parameter)
=== CONT  TestRoundTrip_lrtemplate_NP3_lrtemplate/79._E_-_Kodak_Gold_+_cool.lrtemplate
=== NAME  TestRoundTrip_lrtemplate_NP3_lrtemplate/22._E_-_Kodak_400_+_iiii.lrtemplate
    roundtrip_test.go:337: Whites: orig=-10 (expected loss: NP3 doesn't support this parameter)
    roundtrip_test.go:337: Blacks: orig=20 (expected loss: NP3 doesn't support this parameter)
=== NAME  TestRoundTrip_lrtemplate_NP3_lrtemplate/47._E_-_Kodak_E64_+_ii.lrtemplate
    roundtrip_test.go:337: Shadows: orig=22 (expected loss: NP3 doesn't support this parameter)
=== CONT  TestRoundTrip_lrtemplate_NP3_lrtemplate/34._E_-_Kodak_800_+_cool.lrtemplate
=== NAME  TestRoundTrip_lrtemplate_NP3_lrtemplate/35._E_-_Kodak_800_+_warm.lrtemplate
    roundtrip_test.go:337: Whites: orig=-12 (expected loss: NP3 doesn't support this parameter)
    roundtrip_test.go:337: Blacks: orig=22 (expected loss: NP3 doesn't support this parameter)
=== NAME  TestRoundTrip_lrtemplate_NP3_lrtemplate/47._E_-_Kodak_E64_+_ii.lrtemplate
    roundtrip_test.go:337: Whites: orig=-22 (expected loss: NP3 doesn't support this parameter)
    roundtrip_test.go:337: Blacks: orig=22 (expected loss: NP3 doesn't support this parameter)
=== NAME  TestRoundTrip_lrtemplate_NP3_lrtemplate/36._E_-_Kodak_800_+_punch.lrtemplate
    roundtrip_test.go:337: Shadows: orig=27 (expected loss: NP3 doesn't support this parameter)
=== CONT  TestRoundTrip_lrtemplate_NP3_lrtemplate/o_-_26._FINISH_-_Film.lrtemplate
=== NAME  TestRoundTrip_lrtemplate_NP3_lrtemplate/36._E_-_Kodak_800_+_punch.lrtemplate
    roundtrip_test.go:337: Whites: orig=-8 (expected loss: NP3 doesn't support this parameter)
    roundtrip_test.go:337: Blacks: orig=28 (expected loss: NP3 doesn't support this parameter)
=== NAME  TestRoundTrip_lrtemplate_NP3_lrtemplate/78._E_-_Kodak_Gold_+_fade.lrtemplate
    roundtrip_test.go:337: Blacks: orig=28 (expected loss: NP3 doesn't support this parameter)
=== RUN   TestRoundTrip_XMP_NP3_XMP/KDK_-_Echrome_100_-_boost.xmp#01
=== NAME  TestRoundTrip_lrtemplate_NP3_lrtemplate/18._E_-_Kodak_160_+_punch.lrtemplate
    roundtrip_test.go:337: Highlights: orig=-22 (expected loss: NP3 doesn't support this parameter)
    roundtrip_test.go:337: Shadows: orig=30 (expected loss: NP3 doesn't support this parameter)
=== NAME  TestRoundTrip_lrtemplate_NP3_lrtemplate/23._E_-_Kodak_400_+_iiiii.lrtemplate
    roundtrip_test.go:337: Highlights: orig=-20 (expected loss: NP3 doesn't support this parameter)
=== NAME  TestRoundTrip_lrtemplate_NP3_lrtemplate/18._E_-_Kodak_160_+_punch.lrtemplate
    roundtrip_test.go:337: Whites: orig=-22 (expected loss: NP3 doesn't support this parameter)
=== NAME  TestRoundTrip_lrtemplate_NP3_lrtemplate/23._E_-_Kodak_400_+_iiiii.lrtemplate
    roundtrip_test.go:337: Shadows: orig=20 (expected loss: NP3 doesn't support this parameter)
    roundtrip_test.go:337: Whites: orig=-10 (expected loss: NP3 doesn't support this parameter)
=== NAME  TestRoundTrip_lrtemplate_NP3_lrtemplate/18._E_-_Kodak_160_+_punch.lrtemplate
    roundtrip_test.go:337: Blacks: orig=30 (expected loss: NP3 doesn't support this parameter)
=== NAME  TestRoundTrip_lrtemplate_NP3_lrtemplate/20._E_-_Kodak_400_+_ii.lrtemplate
    roundtrip_test.go:337: Highlights: orig=-23 (expected loss: NP3 doesn't support this parameter)
    roundtrip_test.go:337: Shadows: orig=23 (expected loss: NP3 doesn't support this parameter)
=== NAME  TestRoundTrip_lrtemplate_NP3_lrtemplate/45._E_-_Kodak_Echrome_+_punch.lrtemplate
    roundtrip_test.go:493: Tint mismatch: orig=-8, final=0 (diff=8, tolerance=1)
=== NAME  TestRoundTrip_lrtemplate_NP3_lrtemplate/20._E_-_Kodak_400_+_ii.lrtemplate
    roundtrip_test.go:337: Whites: orig=-10 (expected loss: NP3 doesn't support this parameter)
=== NAME  TestRoundTrip_lrtemplate_NP3_lrtemplate/45._E_-_Kodak_Echrome_+_punch.lrtemplate
    roundtrip_test.go:337: Highlights: orig=-30 (expected loss: NP3 doesn't support this parameter)
=== NAME  TestRoundTrip_lrtemplate_NP3_lrtemplate/20._E_-_Kodak_400_+_ii.lrtemplate
    roundtrip_test.go:337: Blacks: orig=23 (expected loss: NP3 doesn't support this parameter)
=== NAME  TestRoundTrip_lrtemplate_NP3_lrtemplate/48._E_-_Kodak_E64_+_iii.lrtemplate
    roundtrip_test.go:337: Blacks: orig=18 (expected loss: NP3 doesn't support this parameter)
=== NAME  TestRoundTrip_lrtemplate_NP3_lrtemplate/21._E_-_Kodak_400_+_iii.lrtemplate
    roundtrip_test.go:337: Highlights: orig=-25 (expected loss: NP3 doesn't support this parameter)
=== NAME  TestRoundTrip_lrtemplate_NP3_lrtemplate/40._E_-_Kodak_Echrome_+_iiii.lrtemplate
    roundtrip_test.go:493: Tint mismatch: orig=-8, final=0 (diff=8, tolerance=1)
    roundtrip_test.go:337: Highlights: orig=-12 (expected loss: NP3 doesn't support this parameter)
=== NAME  TestRoundTrip_lrtemplate_NP3_lrtemplate/79._E_-_Kodak_Gold_+_cool.lrtemplate
    roundtrip_test.go:493: Tint mismatch: orig=-3, final=0 (diff=3, tolerance=1)
    roundtrip_test.go:337: Highlights: orig=-38 (expected loss: NP3 doesn't support this parameter)
    roundtrip_test.go:337: Shadows: orig=18 (expected loss: NP3 doesn't support this parameter)
=== NAME  TestRoundTrip_lrtemplate_NP3_lrtemplate/19._E_-_Kodak_400_+_i.lrtemplate
    roundtrip_test.go:337: Shadows: orig=20 (expected loss: NP3 doesn't support this parameter)
=== NAME  TestRoundTrip_lrtemplate_NP3_lrtemplate/79._E_-_Kodak_Gold_+_cool.lrtemplate
    roundtrip_test.go:337: Whites: orig=-28 (expected loss: NP3 doesn't support this parameter)
=== NAME  TestRoundTrip_lrtemplate_NP3_lrtemplate/19._E_-_Kodak_400_+_i.lrtemplate
    roundtrip_test.go:337: Whites: orig=-10 (expected loss: NP3 doesn't support this parameter)
=== NAME  TestRoundTrip_lrtemplate_NP3_lrtemplate/79._E_-_Kodak_Gold_+_cool.lrtemplate
    roundtrip_test.go:337: Blacks: orig=22 (expected loss: NP3 doesn't support this parameter)
=== NAME  TestRoundTrip_lrtemplate_NP3_lrtemplate/19._E_-_Kodak_400_+_i.lrtemplate
    roundtrip_test.go:337: Blacks: orig=20 (expected loss: NP3 doesn't support this parameter)
=== CONT  TestRoundTrip_lrtemplate_NP3_lrtemplate/10._E_-_Kodak_160_+_i.lrtemplate
=== CONT  TestRoundTrip_lrtemplate_NP3_lrtemplate/44._E_-_Kodak_Echrome_+_warm.lrtemplate
=== CONT  TestRoundTrip_lrtemplate_NP3_lrtemplate/o_-_25_-_o.lrtemplate
=== NAME  TestRoundTrip_lrtemplate_NP3_lrtemplate/25._E_-_Kodak_400_+_cool.lrtemplate
    roundtrip_test.go:337: Shadows: orig=20 (expected loss: NP3 doesn't support this parameter)
=== RUN   TestRoundTrip_XMP_lrtemplate_XMP/KDK_-_Elite_100_-_warm.xmp#01
=== NAME  TestRoundTrip_lrtemplate_NP3_lrtemplate/25._E_-_Kodak_400_+_cool.lrtemplate
    roundtrip_test.go:337: Whites: orig=-10 (expected loss: NP3 doesn't support this parameter)
    roundtrip_test.go:337: Blacks: orig=20 (expected loss: NP3 doesn't support this parameter)
=== PAUSE TestRoundTrip_XMP_lrtemplate_XMP/KDK_-_Elite_100_-_warm.xmp#01
=== CONT  TestRoundTrip_lrtemplate_NP3_lrtemplate/43._E_-_Kodak_Echrome_+_cool.lrtemplate
=== CONT  TestRoundTrip_lrtemplate_NP3_lrtemplate/76._E_-_Kodak_Gold_+_iiii.lrtemplate
=== NAME  TestRoundTrip_lrtemplate_NP3_lrtemplate/35._E_-_Kodak_800_+_warm.lrtemplate
    roundtrip_test.go:337: Split toning saturation/balance: (expected loss: NP3 only supports hue)
=== CONT  TestRoundTrip_lrtemplate_NP3_lrtemplate/82._E_-_Kodak_Ektar_+_i.lrtemplate
=== CONT  TestRoundTrip_lrtemplate_NP3_lrtemplate/05._E_-_Kodak_Portra_+_iiiii.lrtemplate
=== CONT  TestRoundTrip_lrtemplate_NP3_lrtemplate/17._E_-_Kodak_160_+_warm.lrtemplate
=== CONT  TestRoundTrip_lrtemplate_NP3_lrtemplate/o_-_24._VIBRANCE_-__High.lrtemplate
=== PAUSE TestRoundTrip_XMP_NP3_XMP/KDK_-_Echrome_100_-_boost.xmp#01
=== RUN   TestRoundTrip_XMP_NP3_XMP/KDK_-_Echrome_100_-_cool.xmp#01
=== NAME  TestRoundTrip_lrtemplate_NP3_lrtemplate/39._E_-_Kodak_Echrome_+_iii.lrtemplate
    roundtrip_test.go:337: Highlights: orig=-20 (expected loss: NP3 doesn't support this parameter)
=== NAME  TestRoundTrip_lrtemplate_NP3_lrtemplate/80._E_-_Kodak_Gold_+_warm.lrtemplate
    roundtrip_test.go:337: Whites: orig=-28 (expected loss: NP3 doesn't support this parameter)
=== NAME  TestRoundTrip_lrtemplate_NP3_lrtemplate/39._E_-_Kodak_Echrome_+_iii.lrtemplate
    roundtrip_test.go:337: Shadows: orig=15 (expected loss: NP3 doesn't support this parameter)
    roundtrip_test.go:337: Whites: orig=-20 (expected loss: NP3 doesn't support this parameter)
    roundtrip_test.go:337: Blacks: orig=15 (expected loss: NP3 doesn't support this parameter)
=== NAME  TestRoundTrip_lrtemplate_NP3_lrtemplate/80._E_-_Kodak_Gold_+_warm.lrtemplate
    roundtrip_test.go:337: Blacks: orig=18 (expected loss: NP3 doesn't support this parameter)
=== CONT  TestRoundTrip_lrtemplate_NP3_lrtemplate/28._E_-_Kodak_800_+_i.lrtemplate
=== CONT  TestRoundTrip_lrtemplate_NP3_lrtemplate/11._E_-_Kodak_160_+_ii.lrtemplate
=== CONT  TestRoundTrip_lrtemplate_NP3_lrtemplate/51._E_-_Kodak_E64_+_fade.lrtemplate
=== NAME  TestRoundTrip_lrtemplate_NP3_lrtemplate/24._E_-_Kodak_400_+_fade.lrtemplate
    roundtrip_test.go:337: Whites: orig=-10 (expected loss: NP3 doesn't support this parameter)
    roundtrip_test.go:337: Blacks: orig=25 (expected loss: NP3 doesn't support this parameter)
=== CONT  TestRoundTrip_lrtemplate_NP3_lrtemplate/17._E_-_Fuji_Neo_+_fade.lrtemplate
=== NAME  TestRoundTrip_lrtemplate_NP3_lrtemplate/45._E_-_Kodak_Echrome_+_punch.lrtemplate
    roundtrip_test.go:337: Shadows: orig=30 (expected loss: NP3 doesn't support this parameter)
=== NAME  TestRoundTrip_lrtemplate_NP3_lrtemplate/10._E_-_Kodak_160_+_i.lrtemplate
    roundtrip_test.go:337: Highlights: orig=-36 (expected loss: NP3 doesn't support this parameter)
=== NAME  TestRoundTrip_lrtemplate_NP3_lrtemplate/76._E_-_Kodak_Gold_+_iiii.lrtemplate
    roundtrip_test.go:493: Tint mismatch: orig=-3, final=0 (diff=3, tolerance=1)
=== NAME  TestRoundTrip_lrtemplate_NP3_lrtemplate/45._E_-_Kodak_Echrome_+_punch.lrtemplate
    roundtrip_test.go:337: Whites: orig=-9 (expected loss: NP3 doesn't support this parameter)
=== NAME  TestRoundTrip_lrtemplate_NP3_lrtemplate/76._E_-_Kodak_Gold_+_iiii.lrtemplate
    roundtrip_test.go:337: Highlights: orig=-45 (expected loss: NP3 doesn't support this parameter)
    roundtrip_test.go:337: Shadows: orig=22 (expected loss: NP3 doesn't support this parameter)
=== NAME  TestRoundTrip_lrtemplate_NP3_lrtemplate/45._E_-_Kodak_Echrome_+_punch.lrtemplate
    roundtrip_test.go:337: Blacks: orig=32 (expected loss: NP3 doesn't support this parameter)
=== CONT  TestRoundTrip_lrtemplate_NP3_lrtemplate/22._E_-_Fuji_Negative_+_iiii.lrtemplate
=== CONT  TestRoundTrip_lrtemplate_NP3_lrtemplate/04._E_-_Kodak_Portra_+_iiii.lrtemplate
=== CONT  TestRoundTrip_lrtemplate_NP3_lrtemplate/23._E_-_Fuji_Negative_+_fade.lrtemplate
=== NAME  TestRoundTrip_lrtemplate_NP3_lrtemplate/82._E_-_Kodak_Ektar_+_i.lrtemplate
    roundtrip_test.go:337: Highlights: orig=-20 (expected loss: NP3 doesn't support this parameter)
=== NAME  TestRoundTrip_lrtemplate_NP3_lrtemplate/44._E_-_Kodak_Echrome_+_warm.lrtemplate
    roundtrip_test.go:337: Highlights: orig=-18 (expected loss: NP3 doesn't support this parameter)
    roundtrip_test.go:337: Shadows: orig=18 (expected loss: NP3 doesn't support this parameter)
    roundtrip_test.go:337: Whites: orig=-18 (expected loss: NP3 doesn't support this parameter)
    roundtrip_test.go:337: Blacks: orig=18 (expected loss: NP3 doesn't support this parameter)
=== CONT  TestRoundTrip_lrtemplate_NP3_lrtemplate/o_-_30._FINISH_-_Washed.lrtemplate#03
=== NAME  TestRoundTrip_lrtemplate_NP3_lrtemplate/82._E_-_Kodak_Ektar_+_i.lrtemplate
    roundtrip_test.go:337: Shadows: orig=12 (expected loss: NP3 doesn't support this parameter)
    roundtrip_test.go:337: Whites: orig=-32 (expected loss: NP3 doesn't support this parameter)
=== NAME  TestRoundTrip_lrtemplate_NP3_lrtemplate/40._E_-_Kodak_Echrome_+_iiii.lrtemplate
    roundtrip_test.go:337: Shadows: orig=12 (expected loss: NP3 doesn't support this parameter)
    roundtrip_test.go:337: Whites: orig=-12 (expected loss: NP3 doesn't support this parameter)
    roundtrip_test.go:337: Blacks: orig=22 (expected loss: NP3 doesn't support this parameter)
=== CONT  TestRoundTrip_lrtemplate_XMP_lrtemplate/o_-_24._VIBRANCE_-__High.lrtemplate#03
=== NAME  TestRoundTrip_lrtemplate_NP3_lrtemplate/17._E_-_Fuji_Neo_+_fade.lrtemplate
    roundtrip_test.go:337: Highlights: orig=-28 (expected loss: NP3 doesn't support this parameter)
    roundtrip_test.go:337: Shadows: orig=28 (expected loss: NP3 doesn't support this parameter)
    roundtrip_test.go:337: Whites: orig=-8 (expected loss: NP3 doesn't support this parameter)
    roundtrip_test.go:337: Blacks: orig=28 (expected loss: NP3 doesn't support this parameter)
=== CONT  TestRoundTrip_lrtemplate_XMP_lrtemplate/o_-_23._VIBRANCE__-_Mid.lrtemplate#03
=== NAME  TestRoundTrip_lrtemplate_NP3_lrtemplate/17._E_-_Kodak_160_+_warm.lrtemplate
    roundtrip_test.go:337: Highlights: orig=-28 (expected loss: NP3 doesn't support this parameter)
    roundtrip_test.go:337: Shadows: orig=28 (expected loss: NP3 doesn't support this parameter)
    roundtrip_test.go:337: Whites: orig=-38 (expected loss: NP3 doesn't support this parameter)
    roundtrip_test.go:337: Blacks: orig=22 (expected loss: NP3 doesn't support this parameter)
=== CONT  TestRoundTrip_lrtemplate_XMP_lrtemplate/o_-_22._VIBRANCE__-_Low.lrtemplate#03
=== NAME  TestRoundTrip_lrtemplate_NP3_lrtemplate/22._E_-_Fuji_Negative_+_iiii.lrtemplate
    roundtrip_test.go:337: Highlights: orig=-10 (expected loss: NP3 doesn't support this parameter)
    roundtrip_test.go:337: Shadows: orig=10 (expected loss: NP3 doesn't support this parameter)
    roundtrip_test.go:337: Whites: orig=-10 (expected loss: NP3 doesn't support this parameter)
    roundtrip_test.go:337: Blacks: orig=-15 (expected loss: NP3 doesn't support this parameter)
=== CONT  TestRoundTrip_lrtemplate_XMP_lrtemplate/o_-_25_-_o.lrtemplate#03
=== CONT  TestRoundTrip_lrtemplate_XMP_lrtemplate/o_-_21_-_o.lrtemplate#03
=== CONT  TestRoundTrip_lrtemplate_XMP_lrtemplate/o_-_20._SHARPEN_-_High.lrtemplate#03
=== CONT  TestRoundTrip_lrtemplate_XMP_lrtemplate/o_-_19._SHARPEN_-_Mid.lrtemplate#03
=== CONT  TestRoundTrip_lrtemplate_XMP_lrtemplate/o_-_50_-_o.lrtemplate#03
=== RUN   TestRoundTrip_XMP_lrtemplate_XMP/KDK_-_Elite_100.xmp#01
=== NAME  TestRoundTrip_lrtemplate_NP3_lrtemplate/35._E_-_Kodak_800_+_warm.lrtemplate
    roundtrip_test.go:337: Split toning hue: orig shadow=0, highlight=160 (NP3 has limited split toning support)
=== PAUSE TestRoundTrip_XMP_NP3_XMP/KDK_-_Echrome_100_-_cool.xmp#01
=== NAME  TestRoundTrip_lrtemplate_NP3_lrtemplate/23._E_-_Kodak_400_+_iiiii.lrtemplate
    roundtrip_test.go:337: Blacks: orig=20 (expected loss: NP3 doesn't support this parameter)
=== CONT  TestRoundTrip_lrtemplate_NP3_lrtemplate/46._E_-_Kodak_E64_+_i.lrtemplate
=== CONT  TestRoundTrip_lrtemplate_XMP_lrtemplate/o_-_16._DETAIL_-_High.lrtemplate#03
=== NAME  TestRoundTrip_lrtemplate_NP3_lrtemplate/o_-_24._VIBRANCE_-__High.lrtemplate
    roundtrip_test.go:337: Vibrance reset to 0: orig=25 (may be due to Picture Control base mapping)
=== NAME  TestRoundTrip_lrtemplate_NP3_lrtemplate/10._E_-_Kodak_160_+_i.lrtemplate
    roundtrip_test.go:337: Shadows: orig=37 (expected loss: NP3 doesn't support this parameter)
    roundtrip_test.go:337: Whites: orig=-22 (expected loss: NP3 doesn't support this parameter)
=== NAME  TestRoundTrip_lrtemplate_NP3_lrtemplate/76._E_-_Kodak_Gold_+_iiii.lrtemplate
    roundtrip_test.go:337: Whites: orig=-28 (expected loss: NP3 doesn't support this parameter)
=== NAME  TestRoundTrip_lrtemplate_NP3_lrtemplate/34._E_-_Kodak_800_+_cool.lrtemplate
    roundtrip_test.go:493: Tint mismatch: orig=-3, final=0 (diff=3, tolerance=1)
    roundtrip_test.go:337: Highlights: orig=-12 (expected loss: NP3 doesn't support this parameter)
    roundtrip_test.go:337: Shadows: orig=12 (expected loss: NP3 doesn't support this parameter)
    roundtrip_test.go:337: Whites: orig=-12 (expected loss: NP3 doesn't support this parameter)
    roundtrip_test.go:337: Blacks: orig=22 (expected loss: NP3 doesn't support this parameter)
=== NAME  TestRoundTrip_lrtemplate_NP3_lrtemplate/21._E_-_Kodak_400_+_iii.lrtemplate
    roundtrip_test.go:337: Shadows: orig=25 (expected loss: NP3 doesn't support this parameter)
    roundtrip_test.go:337: Whites: orig=-6 (expected loss: NP3 doesn't support this parameter)
=== CONT  TestRoundTrip_lrtemplate_NP3_lrtemplate/21._E_-_Fuji_Negative_+_iii.lrtemplate
=== NAME  TestRoundTrip_lrtemplate_NP3_lrtemplate/82._E_-_Kodak_Ektar_+_i.lrtemplate
    roundtrip_test.go:337: Blacks: orig=22 (expected loss: NP3 doesn't support this parameter)
=== NAME  TestRoundTrip_lrtemplate_NP3_lrtemplate/05._E_-_Kodak_Portra_+_iiiii.lrtemplate
    roundtrip_test.go:337: Highlights: orig=-10 (expected loss: NP3 doesn't support this parameter)
=== NAME  TestRoundTrip_lrtemplate_NP3_lrtemplate/23._E_-_Fuji_Negative_+_fade.lrtemplate
    roundtrip_test.go:337: Highlights: orig=-10 (expected loss: NP3 doesn't support this parameter)
=== NAME  TestRoundTrip_lrtemplate_NP3_lrtemplate/11._E_-_Kodak_160_+_ii.lrtemplate
    roundtrip_test.go:337: Highlights: orig=-18 (expected loss: NP3 doesn't support this parameter)
=== NAME  TestRoundTrip_lrtemplate_NP3_lrtemplate/28._E_-_Kodak_800_+_i.lrtemplate
    roundtrip_test.go:493: Tint mismatch: orig=-3, final=0 (diff=3, tolerance=1)
=== NAME  TestRoundTrip_lrtemplate_NP3_lrtemplate/11._E_-_Kodak_160_+_ii.lrtemplate
    roundtrip_test.go:337: Shadows: orig=20 (expected loss: NP3 doesn't support this parameter)
    roundtrip_test.go:337: Whites: orig=-10 (expected loss: NP3 doesn't support this parameter)
    roundtrip_test.go:337: Blacks: orig=22 (expected loss: NP3 doesn't support this parameter)
=== NAME  TestRoundTrip_lrtemplate_NP3_lrtemplate/28._E_-_Kodak_800_+_i.lrtemplate
    roundtrip_test.go:337: Highlights: orig=-12 (expected loss: NP3 doesn't support this parameter)
=== CONT  TestRoundTrip_lrtemplate_XMP_lrtemplate/o_-_11._CONTRAST_-_Mid.lrtemplate#03
=== NAME  TestRoundTrip_lrtemplate_NP3_lrtemplate/28._E_-_Kodak_800_+_i.lrtemplate
    roundtrip_test.go:337: Shadows: orig=12 (expected loss: NP3 doesn't support this parameter)
=== NAME  TestRoundTrip_lrtemplate_NP3_lrtemplate/43._E_-_Kodak_Echrome_+_cool.lrtemplate
    roundtrip_test.go:337: Highlights: orig=-18 (expected loss: NP3 doesn't support this parameter)
    roundtrip_test.go:337: Shadows: orig=18 (expected loss: NP3 doesn't support this parameter)
=== CONT  TestRoundTrip_lrtemplate_XMP_lrtemplate/o_-_18._SHARPEN_-_Low.lrtemplate#03
=== CONT  TestRoundTrip_lrtemplate_XMP_lrtemplate/o_-_49._LIGHTING_-_Fluorescent.lrtemplate#03
=== RUN   TestRoundTrip_XMP_NP3_XMP/KDK_-_Echrome_100_-_film.xmp#01
=== PAUSE TestRoundTrip_XMP_lrtemplate_XMP/KDK_-_Elite_100.xmp#01
=== CONT  TestRoundTrip_lrtemplate_XMP_lrtemplate/o_-_17_-_o.lrtemplate#03
=== NAME  TestRoundTrip_lrtemplate_XMP_lrtemplate/o_-_25_-_o.lrtemplate#03
    roundtrip_test.go:398: PointCurve length difference: orig=2, final=0 (this may be expected due to format limitations)
=== CONT  TestRoundTrip_lrtemplate_XMP_lrtemplate/o_-_48._LIGHTING_-_Tungsten.lrtemplate#03
=== CONT  TestRoundTrip_lrtemplate_XMP_lrtemplate/o_-_47._LIGHTING_-_Daylight.lrtemplate#03
=== NAME  TestRoundTrip_lrtemplate_NP3_lrtemplate/10._E_-_Kodak_160_+_i.lrtemplate
    roundtrip_test.go:337: Blacks: orig=27 (expected loss: NP3 doesn't support this parameter)
=== CONT  TestRoundTrip_lrtemplate_XMP_lrtemplate/o_-_45._LIGHTING_-_Shade.lrtemplate#03
=== CONT  TestRoundTrip_lrtemplate_XMP_lrtemplate/o_-_13_-_o.lrtemplate#03
=== NAME  TestRoundTrip_lrtemplate_NP3_lrtemplate/76._E_-_Kodak_Gold_+_iiii.lrtemplate
    roundtrip_test.go:337: Blacks: orig=22 (expected loss: NP3 doesn't support this parameter)
=== NAME  TestRoundTrip_lrtemplate_NP3_lrtemplate/46._E_-_Kodak_E64_+_i.lrtemplate
    roundtrip_test.go:337: Highlights: orig=-28 (expected loss: NP3 doesn't support this parameter)
=== NAME  TestRoundTrip_lrtemplate_NP3_lrtemplate/34._E_-_Kodak_800_+_cool.lrtemplate
    roundtrip_test.go:337: Split toning saturation/balance: (expected loss: NP3 only supports hue)
    roundtrip_test.go:337: Split toning hue: orig shadow=0, highlight=160 (NP3 has limited split toning support)
=== CONT  TestRoundTrip_lrtemplate_XMP_lrtemplate/o_-_44._LIGHTING_-_Flash.lrtemplate#03
=== NAME  TestRoundTrip_lrtemplate_NP3_lrtemplate/46._E_-_Kodak_E64_+_i.lrtemplate
    roundtrip_test.go:337: Shadows: orig=28 (expected loss: NP3 doesn't support this parameter)
    roundtrip_test.go:337: Whites: orig=-28 (expected loss: NP3 doesn't support this parameter)
    roundtrip_test.go:337: Blacks: orig=28 (expected loss: NP3 doesn't support this parameter)
=== CONT  TestRoundTrip_lrtemplate_XMP_lrtemplate/o_-_43._LIGHTING_-_As_Shot.lrtemplate#03
=== NAME  TestRoundTrip_lrtemplate_NP3_lrtemplate/21._E_-_Fuji_Negative_+_iii.lrtemplate
    roundtrip_test.go:337: Highlights: orig=-10 (expected loss: NP3 doesn't support this parameter)
=== NAME  TestRoundTrip_lrtemplate_NP3_lrtemplate/21._E_-_Kodak_400_+_iii.lrtemplate
    roundtrip_test.go:337: Blacks: orig=25 (expected loss: NP3 doesn't support this parameter)
=== NAME  TestRoundTrip_lrtemplate_NP3_lrtemplate/23._E_-_Fuji_Negative_+_fade.lrtemplate
    roundtrip_test.go:337: Shadows: orig=10 (expected loss: NP3 doesn't support this parameter)
    roundtrip_test.go:337: Blacks: orig=-20 (expected loss: NP3 doesn't support this parameter)
=== CONT  TestRoundTrip_lrtemplate_XMP_lrtemplate/o_-_10._CONTRAST_-_Low.lrtemplate#03
=== CONT  TestRoundTrip_lrtemplate_XMP_lrtemplate/o_-_42._LIGHTING_-_Auto_Set.lrtemplate#03
=== CONT  TestRoundTrip_lrtemplate_XMP_lrtemplate/o_-_41_-_o.lrtemplate#03
=== CONT  TestRoundTrip_lrtemplate_XMP_lrtemplate/o_-_09_-_o.lrtemplate#03
=== CONT  TestRoundTrip_lrtemplate_XMP_lrtemplate/o_-_08._EXPOSURE_+_2.lrtemplate#03
=== NAME  TestRoundTrip_lrtemplate_NP3_lrtemplate/05._E_-_Kodak_Portra_+_iiiii.lrtemplate
    roundtrip_test.go:337: Shadows: orig=25 (expected loss: NP3 doesn't support this parameter)
    roundtrip_test.go:337: Whites: orig=-10 (expected loss: NP3 doesn't support this parameter)
=== CONT  TestRoundTrip_lrtemplate_XMP_lrtemplate/o_-_07._EXPOSURE_+_1.lrtemplate#03
=== NAME  TestRoundTrip_lrtemplate_NP3_lrtemplate/05._E_-_Kodak_Portra_+_iiiii.lrtemplate
    roundtrip_test.go:337: Blacks: orig=25 (expected loss: NP3 doesn't support this parameter)
=== CONT  TestRoundTrip_lrtemplate_XMP_lrtemplate/o_-_06._EXPOSURE__0.lrtemplate#03
=== CONT  TestRoundTrip_lrtemplate_XMP_lrtemplate/o_-_05._EXPOSURE__-_1.lrtemplate#03
=== CONT  TestRoundTrip_lrtemplate_XMP_lrtemplate/o_-_04._EXPOSURE__-_2.lrtemplate#03
=== CONT  TestRoundTrip_lrtemplate_XMP_lrtemplate/o_-_38._COLOR_-_Sea_Breeze.lrtemplate#03
=== CONT  TestRoundTrip_lrtemplate_XMP_lrtemplate/o_-_03_-_o.lrtemplate#03
=== CONT  TestRoundTrip_lrtemplate_XMP_lrtemplate/o_-_37._COLOR_-_Spearmint.lrtemplate#03
=== CONT  TestRoundTrip_lrtemplate_XMP_lrtemplate/o_-_02._Lens_off.lrtemplate#03
=== CONT  TestRoundTrip_lrtemplate_XMP_lrtemplate/o_-_36._COLOR_-_Lavender.lrtemplate#03
=== CONT  TestRoundTrip_lrtemplate_XMP_lrtemplate/o_-_35._COLOR_-_Morning.lrtemplate#03
=== CONT  TestRoundTrip_lrtemplate_XMP_lrtemplate/o_-_14._DETAIL_-_Low.lrtemplate#03
=== CONT  TestRoundTrip_lrtemplate_XMP_lrtemplate/o_-_01._Lens_on.lrtemplate#03
=== CONT  TestRoundTrip_lrtemplate_XMP_lrtemplate/o_-_34._COLOR_-_Neutral.lrtemplate#03
=== CONT  TestRoundTrip_lrtemplate_XMP_lrtemplate/o_-_00_-_o.lrtemplate#03
=== CONT  TestRoundTrip_lrtemplate_XMP_lrtemplate/00._E_-_auto_tone.lrtemplate
=== CONT  TestRoundTrip_lrtemplate_XMP_lrtemplate/o_-_33_-_o.lrtemplate#03
=== CONT  TestRoundTrip_lrtemplate_XMP_lrtemplate/72._E_-_Fuji_Negative_+_punch.lrtemplate
=== CONT  TestRoundTrip_lrtemplate_XMP_lrtemplate/37._E_-_Polaroid_Mono_+_punch.lrtemplate
=== CONT  TestRoundTrip_lrtemplate_XMP_lrtemplate/o_-_32._FINISH_-_Retro.lrtemplate#03
=== CONT  TestRoundTrip_lrtemplate_XMP_lrtemplate/71._E_-_Fuji_Negative_+_warm.lrtemplate
=== CONT  TestRoundTrip_lrtemplate_XMP_lrtemplate/o_-_31._FINISH_-_Bright.lrtemplate#03
=== CONT  TestRoundTrip_lrtemplate_XMP_lrtemplate/70._E_-_Fuji_Negative_+_cool.lrtemplate
=== CONT  TestRoundTrip_lrtemplate_XMP_lrtemplate/o_-_30._FINISH_-_Washed.lrtemplate#03
=== CONT  TestRoundTrip_lrtemplate_XMP_lrtemplate/69._E_-_Fuji_Negative_+_fade.lrtemplate
=== CONT  TestRoundTrip_lrtemplate_XMP_lrtemplate/25._E_-_Polaroid_+_i.lrtemplate
=== CONT  TestRoundTrip_lrtemplate_XMP_lrtemplate/24._E_-_Fuji_Negative_+_punch.lrtemplate
=== CONT  TestRoundTrip_lrtemplate_XMP_lrtemplate/o_-_29._FINISH_-_Vintage.lrtemplate#03
=== NAME  TestRoundTrip_lrtemplate_XMP_lrtemplate/o_-_31._FINISH_-_Bright.lrtemplate#03
    roundtrip_test.go:398: PointCurve length difference: orig=6, final=0 (this may be expected due to format limitations)
=== CONT  TestRoundTrip_lrtemplate_XMP_lrtemplate/23._E_-_Fuji_Negative_+_fade.lrtemplate
=== NAME  TestRoundTrip_lrtemplate_XMP_lrtemplate/72._E_-_Fuji_Negative_+_punch.lrtemplate
    roundtrip_test.go:398: PointCurve length difference: orig=6, final=0 (this may be expected due to format limitations)
=== CONT  TestRoundTrip_lrtemplate_XMP_lrtemplate/67._E_-_Fuji_Negative_+_iiii.lrtemplate
=== NAME  TestRoundTrip_lrtemplate_XMP_lrtemplate/37._E_-_Polaroid_Mono_+_punch.lrtemplate
    roundtrip_test.go:398: PointCurve length difference: orig=6, final=0 (this may be expected due to format limitations)
=== CONT  TestRoundTrip_lrtemplate_XMP_lrtemplate/22._E_-_Fuji_Negative_+_iiii.lrtemplate
=== NAME  TestRoundTrip_lrtemplate_XMP_lrtemplate/o_-_32._FINISH_-_Retro.lrtemplate#03
    roundtrip_test.go:398: PointCurve length difference: orig=6, final=0 (this may be expected due to format limitations)
=== CONT  TestRoundTrip_lrtemplate_XMP_lrtemplate/68._E_-_Fuji_Negative_+_iiiii.lrtemplate
=== NAME  TestRoundTrip_lrtemplate_NP3_lrtemplate/28._E_-_Kodak_800_+_i.lrtemplate
    roundtrip_test.go:337: Whites: orig=-12 (expected loss: NP3 doesn't support this parameter)
    roundtrip_test.go:337: Blacks: orig=22 (expected loss: NP3 doesn't support this parameter)
    roundtrip_test.go:337: Split toning saturation/balance: (expected loss: NP3 only supports hue)
=== CONT  TestRoundTrip_lrtemplate_XMP_lrtemplate/21._E_-_Fuji_Negative_+_iii.lrtemplate
=== NAME  TestRoundTrip_lrtemplate_NP3_lrtemplate/28._E_-_Kodak_800_+_i.lrtemplate
    roundtrip_test.go:337: Split toning hue: orig shadow=0, highlight=160 (NP3 has limited split toning support)
=== CONT  TestRoundTrip_lrtemplate_XMP_lrtemplate/o_-_28._FINISH_-_Strong.lrtemplate#03
=== NAME  TestRoundTrip_lrtemplate_XMP_lrtemplate/71._E_-_Fuji_Negative_+_warm.lrtemplate
    roundtrip_test.go:398: PointCurve length difference: orig=5, final=0 (this may be expected due to format limitations)
=== NAME  TestRoundTrip_lrtemplate_XMP_lrtemplate/24._E_-_Fuji_Negative_+_punch.lrtemplate
    roundtrip_test.go:398: PointCurve length difference: orig=6, final=0 (this may be expected due to format limitations)
=== CONT  TestRoundTrip_lrtemplate_XMP_lrtemplate/19._E_-_Fuji_Negative_+_i.lrtemplate
=== CONT  TestRoundTrip_lrtemplate_XMP_lrtemplate/66._E_-_Fuji_Negative_+_iii.lrtemplate
=== RUN   TestRoundTrip_XMP_lrtemplate_XMP/KDK_-_Gold_200_++++.xmp#01
=== PAUSE TestRoundTrip_XMP_lrtemplate_XMP/KDK_-_Gold_200_++++.xmp#01
=== RUN   TestRoundTrip_XMP_lrtemplate_XMP/KDK_-_Gold_200_+++.xmp#01
=== PAUSE TestRoundTrip_XMP_lrtemplate_XMP/KDK_-_Gold_200_+++.xmp#01
=== RUN   TestRoundTrip_XMP_lrtemplate_XMP/KDK_-_Gold_200_++.xmp#01
=== PAUSE TestRoundTrip_XMP_lrtemplate_XMP/KDK_-_Gold_200_++.xmp#01
=== CONT  TestRoundTrip_lrtemplate_XMP_lrtemplate/o_-_12._CONTRAST_-_High.lrtemplate#03
=== NAME  TestRoundTrip_lrtemplate_XMP_lrtemplate/23._E_-_Fuji_Negative_+_fade.lrtemplate
    roundtrip_test.go:398: PointCurve length difference: orig=5, final=0 (this may be expected due to format limitations)
=== NAME  TestRoundTrip_lrtemplate_XMP_lrtemplate/22._E_-_Fuji_Negative_+_iiii.lrtemplate
    roundtrip_test.go:398: PointCurve length difference: orig=4, final=0 (this may be expected due to format limitations)
=== CONT  TestRoundTrip_lrtemplate_XMP_lrtemplate/o_-_46._LIGHTING_-_Cloudy.lrtemplate#03
=== CONT  TestRoundTrip_lrtemplate_XMP_lrtemplate/20._E_-_Fuji_Negative_+_ii.lrtemplate
=== NAME  TestRoundTrip_lrtemplate_XMP_lrtemplate/70._E_-_Fuji_Negative_+_cool.lrtemplate
    roundtrip_test.go:398: PointCurve length difference: orig=5, final=0 (this may be expected due to format limitations)
=== CONT  TestRoundTrip_lrtemplate_XMP_lrtemplate/36._E_-_Polaroid_Mono_+_fade.lrtemplate
=== CONT  TestRoundTrip_lrtemplate_XMP_lrtemplate/o_-_15._DETAIL_-_Mid.lrtemplate#03
=== NAME  TestRoundTrip_lrtemplate_NP3_lrtemplate/51._E_-_Kodak_E64_+_fade.lrtemplate
    roundtrip_test.go:337: Highlights: orig=-18 (expected loss: NP3 doesn't support this parameter)
    roundtrip_test.go:337: Shadows: orig=18 (expected loss: NP3 doesn't support this parameter)
=== NAME  TestRoundTrip_lrtemplate_NP3_lrtemplate/04._E_-_Kodak_Portra_+_iiii.lrtemplate
    roundtrip_test.go:337: Highlights: orig=-10 (expected loss: NP3 doesn't support this parameter)
    roundtrip_test.go:337: Shadows: orig=25 (expected loss: NP3 doesn't support this parameter)
    roundtrip_test.go:337: Whites: orig=-6 (expected loss: NP3 doesn't support this parameter)
    roundtrip_test.go:337: Blacks: orig=25 (expected loss: NP3 doesn't support this parameter)
=== CONT  TestRoundTrip_lrtemplate_XMP_lrtemplate/o_-_40._COLOR_-_Pastel_Rouge.lrtemplate#03
=== CONT  TestRoundTrip_lrtemplate_XMP_lrtemplate/17._E_-_Fuji_Neo_+_fade.lrtemplate
=== NAME  TestRoundTrip_lrtemplate_XMP_lrtemplate/21._E_-_Fuji_Negative_+_iii.lrtemplate
    roundtrip_test.go:398: PointCurve length difference: orig=5, final=0 (this may be expected due to format limitations)
=== CONT  TestRoundTrip_lrtemplate_XMP_lrtemplate/o_-_39._COLOR_-_Warm_Light.lrtemplate#03
=== NAME  TestRoundTrip_lrtemplate_NP3_lrtemplate/43._E_-_Kodak_Echrome_+_cool.lrtemplate
    roundtrip_test.go:337: Whites: orig=-18 (expected loss: NP3 doesn't support this parameter)
    roundtrip_test.go:337: Blacks: orig=18 (expected loss: NP3 doesn't support this parameter)
=== NAME  TestRoundTrip_lrtemplate_XMP_lrtemplate/o_-_30._FINISH_-_Washed.lrtemplate#03
    roundtrip_test.go:398: PointCurve length difference: orig=5, final=0 (this may be expected due to format limitations)
=== CONT  TestRoundTrip_lrtemplate_XMP_lrtemplate/32._E_-_Polaroid_Mono_+_ii.lrtemplate
=== NAME  TestRoundTrip_lrtemplate_XMP_lrtemplate/69._E_-_Fuji_Negative_+_fade.lrtemplate
    roundtrip_test.go:398: PointCurve length difference: orig=5, final=0 (this may be expected due to format limitations)
=== CONT  TestRoundTrip_lrtemplate_XMP_lrtemplate/65._E_-_Fuji_Negative_+_ii.lrtemplate
=== CONT  TestRoundTrip_lrtemplate_XMP_lrtemplate/16._E_-_Fuji_Neo_+_iiii.lrtemplate
=== CONT  TestRoundTrip_lrtemplate_XMP_lrtemplate/31._E_-_Polaroid_Mono_+_i.lrtemplate
=== PAUSE TestRoundTrip_XMP_NP3_XMP/KDK_-_Echrome_100_-_film.xmp#01
=== NAME  TestRoundTrip_lrtemplate_XMP_lrtemplate/20._E_-_Fuji_Negative_+_ii.lrtemplate
    roundtrip_test.go:398: PointCurve length difference: orig=5, final=0 (this may be expected due to format limitations)
=== CONT  TestRoundTrip_lrtemplate_XMP_lrtemplate/64._E_-_Fuji_Negative_+_i.lrtemplate
=== RUN   TestRoundTrip_XMP_NP3_XMP/KDK_-_Echrome_100_-_warm.xmp#01
=== NAME  TestRoundTrip_lrtemplate_NP3_lrtemplate/21._E_-_Fuji_Negative_+_iii.lrtemplate
    roundtrip_test.go:337: Shadows: orig=15 (expected loss: NP3 doesn't support this parameter)
    roundtrip_test.go:337: Blacks: orig=-28 (expected loss: NP3 doesn't support this parameter)
=== CONT  TestRoundTrip_lrtemplate_XMP_lrtemplate/30._E_-_Polaroid_+_punch.lrtemplate
=== CONT  TestRoundTrip_lrtemplate_XMP_lrtemplate/18._E_-_Fuji_Neo_+_punch.lrtemplate
=== NAME  TestRoundTrip_lrtemplate_XMP_lrtemplate/25._E_-_Polaroid_+_i.lrtemplate
    roundtrip_test.go:398: PointCurve length difference: orig=7, final=0 (this may be expected due to format limitations)
=== CONT  TestRoundTrip_lrtemplate_XMP_lrtemplate/29._E_-_Polaroid_+_fade.lrtemplate
=== NAME  TestRoundTrip_lrtemplate_XMP_lrtemplate/o_-_28._FINISH_-_Strong.lrtemplate#03
    roundtrip_test.go:398: PointCurve length difference: orig=5, final=0 (this may be expected due to format limitations)
=== CONT  TestRoundTrip_lrtemplate_XMP_lrtemplate/63._E_-_Fuji_XPro_+_punch.lrtemplate
=== NAME  TestRoundTrip_lrtemplate_XMP_lrtemplate/68._E_-_Fuji_Negative_+_iiiii.lrtemplate
    roundtrip_test.go:398: PointCurve length difference: orig=6, final=0 (this may be expected due to format limitations)
=== CONT  TestRoundTrip_lrtemplate_XMP_lrtemplate/28._E_-_Polaroid_+_iiii.lrtemplate
=== NAME  TestRoundTrip_lrtemplate_XMP_lrtemplate/36._E_-_Polaroid_Mono_+_fade.lrtemplate
    roundtrip_test.go:398: PointCurve length difference: orig=5, final=0 (this may be expected due to format limitations)
=== NAME  TestRoundTrip_lrtemplate_XMP_lrtemplate/32._E_-_Polaroid_Mono_+_ii.lrtemplate
    roundtrip_test.go:398: PointCurve length difference: orig=6, final=0 (this may be expected due to format limitations)
=== CONT  TestRoundTrip_lrtemplate_XMP_lrtemplate/61._E_-_Fuji_XPro_+_cool.lrtemplate
=== CONT  TestRoundTrip_lrtemplate_XMP_lrtemplate/27._E_-_Polaroid_+_iii.lrtemplate
=== CONT  TestRoundTrip_lrtemplate_XMP_lrtemplate/62._E_-_Fuji_XPro_+_warm.lrtemplate
=== NAME  TestRoundTrip_lrtemplate_NP3_lrtemplate/51._E_-_Kodak_E64_+_fade.lrtemplate
    roundtrip_test.go:337: Whites: orig=-20 (expected loss: NP3 doesn't support this parameter)
    roundtrip_test.go:337: Blacks: orig=18 (expected loss: NP3 doesn't support this parameter)
=== NAME  TestRoundTrip_lrtemplate_XMP_lrtemplate/30._E_-_Polaroid_+_punch.lrtemplate
    roundtrip_test.go:398: PointCurve length difference: orig=5, final=0 (this may be expected due to format limitations)
=== CONT  TestRoundTrip_lrtemplate_XMP_lrtemplate/60._E_-_Fuji_XPro_+_fade.lrtemplate
--- FAIL: TestRoundTrip_lrtemplate_NP3_lrtemplate (0.04s)
    --- PASS: TestRoundTrip_lrtemplate_NP3_lrtemplate/o_-_11._CONTRAST_-_Mid.lrtemplate#03 (0.00s)
    --- PASS: TestRoundTrip_lrtemplate_NP3_lrtemplate/00._E_-_auto_tone.lrtemplate (0.00s)
    --- FAIL: TestRoundTrip_lrtemplate_NP3_lrtemplate/o_-_46._LIGHTING_-_Cloudy.lrtemplate#02 (0.00s)
    --- PASS: TestRoundTrip_lrtemplate_NP3_lrtemplate/o_-_38._COLOR_-_Sea_Breeze.lrtemplate#03 (0.00s)
    --- FAIL: TestRoundTrip_lrtemplate_NP3_lrtemplate/o_-_47._LIGHTING_-_Daylight.lrtemplate#02 (0.00s)
    --- PASS: TestRoundTrip_lrtemplate_NP3_lrtemplate/o_-_39._COLOR_-_Warm_Light.lrtemplate#03 (0.00s)
    --- PASS: TestRoundTrip_lrtemplate_NP3_lrtemplate/o_-_48._LIGHTING_-_Tungsten.lrtemplate#03 (0.00s)
    --- PASS: TestRoundTrip_lrtemplate_NP3_lrtemplate/o_-_44._LIGHTING_-_Flash.lrtemplate#03 (0.00s)
    --- PASS: TestRoundTrip_lrtemplate_NP3_lrtemplate/o_-_43._LIGHTING_-_As_Shot.lrtemplate#03 (0.00s)
    --- PASS: TestRoundTrip_lrtemplate_NP3_lrtemplate/o_-_26._FINISH_-_Film.lrtemplate#03 (0.00s)
    --- PASS: TestRoundTrip_lrtemplate_NP3_lrtemplate/o_-_43._LIGHTING_-_As_Shot.lrtemplate#02 (0.00s)
    --- PASS: TestRoundTrip_lrtemplate_NP3_lrtemplate/o_-_41_-_o.lrtemplate#02 (0.00s)
    --- PASS: TestRoundTrip_lrtemplate_NP3_lrtemplate/o_-_50_-_o.lrtemplate#03 (0.00s)
    --- PASS: TestRoundTrip_lrtemplate_NP3_lrtemplate/o_-_41_-_o.lrtemplate#03 (0.00s)
    --- PASS: TestRoundTrip_lrtemplate_NP3_lrtemplate/o_-_36._COLOR_-_Lavender.lrtemplate#03 (0.00s)
    --- PASS: TestRoundTrip_lrtemplate_NP3_lrtemplate/o_-_42._LIGHTING_-_Auto_Set.lrtemplate#02 (0.00s)
    --- FAIL: TestRoundTrip_lrtemplate_NP3_lrtemplate/o_-_46._LIGHTING_-_Cloudy.lrtemplate#03 (0.00s)
    --- PASS: TestRoundTrip_lrtemplate_NP3_lrtemplate/o_-_21_-_o.lrtemplate#02 (0.00s)
    --- PASS: TestRoundTrip_lrtemplate_NP3_lrtemplate/o_-_44._LIGHTING_-_Flash.lrtemplate#02 (0.00s)
    --- PASS: TestRoundTrip_lrtemplate_NP3_lrtemplate/o_-_19._SHARPEN_-_Mid.lrtemplate#02 (0.00s)
    --- PASS: TestRoundTrip_lrtemplate_NP3_lrtemplate/o_-_17_-_o.lrtemplate#02 (0.00s)
    --- PASS: TestRoundTrip_lrtemplate_NP3_lrtemplate/o_-_37._COLOR_-_Spearmint.lrtemplate#03 (0.00s)
    --- PASS: TestRoundTrip_lrtemplate_NP3_lrtemplate/o_-_40._COLOR_-_Pastel_Rouge.lrtemplate#03 (0.00s)
    --- PASS: TestRoundTrip_lrtemplate_NP3_lrtemplate/o_-_16._DETAIL_-_High.lrtemplate#02 (0.00s)
    --- PASS: TestRoundTrip_lrtemplate_NP3_lrtemplate/o_-_34._COLOR_-_Neutral.lrtemplate#02 (0.00s)
    --- FAIL: TestRoundTrip_lrtemplate_NP3_lrtemplate/o_-_49._LIGHTING_-_Fluorescent.lrtemplate#03 (0.00s)
    --- PASS: TestRoundTrip_lrtemplate_NP3_lrtemplate/o_-_40._COLOR_-_Pastel_Rouge.lrtemplate#02 (0.00s)
    --- FAIL: TestRoundTrip_lrtemplate_NP3_lrtemplate/o_-_47._LIGHTING_-_Daylight.lrtemplate#03 (0.00s)
    --- PASS: TestRoundTrip_lrtemplate_NP3_lrtemplate/o_-_37._COLOR_-_Spearmint.lrtemplate#02 (0.00s)
    --- PASS: TestRoundTrip_lrtemplate_NP3_lrtemplate/o_-_15._DETAIL_-_Mid.lrtemplate#02 (0.00s)
    --- PASS: TestRoundTrip_lrtemplate_NP3_lrtemplate/o_-_32._FINISH_-_Retro.lrtemplate#02 (0.00s)
    --- PASS: TestRoundTrip_lrtemplate_NP3_lrtemplate/o_-_13_-_o.lrtemplate#01 (0.00s)
    --- PASS: TestRoundTrip_lrtemplate_NP3_lrtemplate/o_-_13_-_o.lrtemplate#02 (0.00s)
    --- PASS: TestRoundTrip_lrtemplate_NP3_lrtemplate/o_-_14._DETAIL_-_Low.lrtemplate#02 (0.00s)
    --- FAIL: TestRoundTrip_lrtemplate_NP3_lrtemplate/o_-_45._LIGHTING_-_Shade.lrtemplate#02 (0.00s)
    --- PASS: TestRoundTrip_lrtemplate_NP3_lrtemplate/o_-_27._FINISH_-_Basic.lrtemplate#03 (0.00s)
    --- PASS: TestRoundTrip_lrtemplate_NP3_lrtemplate/o_-_33_-_o.lrtemplate#02 (0.00s)
    --- PASS: TestRoundTrip_lrtemplate_NP3_lrtemplate/o_-_18._SHARPEN_-_Low.lrtemplate#02 (0.00s)
    --- PASS: TestRoundTrip_lrtemplate_NP3_lrtemplate/o_-_20._SHARPEN_-_High.lrtemplate#02 (0.00s)
    --- PASS: TestRoundTrip_lrtemplate_NP3_lrtemplate/o_-_42._LIGHTING_-_Auto_Set.lrtemplate#03 (0.00s)
    --- PASS: TestRoundTrip_lrtemplate_NP3_lrtemplate/20._E_-_Fuji_Negative_+_ii.lrtemplate (0.00s)
    --- PASS: TestRoundTrip_lrtemplate_NP3_lrtemplate/o_-_35._COLOR_-_Morning.lrtemplate#02 (0.00s)
    --- PASS: TestRoundTrip_lrtemplate_NP3_lrtemplate/o_-_12._CONTRAST_-_High.lrtemplate#02 (0.00s)
    --- PASS: TestRoundTrip_lrtemplate_NP3_lrtemplate/o_-_11._CONTRAST_-_Mid.lrtemplate#02 (0.00s)
    --- PASS: TestRoundTrip_lrtemplate_NP3_lrtemplate/o_-_31._FINISH_-_Bright.lrtemplate#02 (0.00s)
    --- PASS: TestRoundTrip_lrtemplate_NP3_lrtemplate/o_-_39._COLOR_-_Warm_Light.lrtemplate#02 (0.00s)
    --- PASS: TestRoundTrip_lrtemplate_NP3_lrtemplate/o_-_06._EXPOSURE__0.lrtemplate#02 (0.00s)
    --- PASS: TestRoundTrip_lrtemplate_NP3_lrtemplate/06._E_-_Kodak_Plus_+_punch.lrtemplate (0.00s)
    --- PASS: TestRoundTrip_lrtemplate_NP3_lrtemplate/o_-_10._CONTRAST_-_Low.lrtemplate#02 (0.00s)
    --- PASS: TestRoundTrip_lrtemplate_NP3_lrtemplate/o_-_27._FINISH_-_Basic.lrtemplate#02 (0.00s)
    --- PASS: TestRoundTrip_lrtemplate_NP3_lrtemplate/o_-_09_-_o.lrtemplate#02 (0.00s)
    --- PASS: TestRoundTrip_lrtemplate_NP3_lrtemplate/o_-_29._FINISH_-_Vintage.lrtemplate#02 (0.00s)
    --- PASS: TestRoundTrip_lrtemplate_NP3_lrtemplate/o_-_03_-_o.lrtemplate#02 (0.00s)
    --- PASS: TestRoundTrip_lrtemplate_NP3_lrtemplate/o_-_08._EXPOSURE_+_2.lrtemplate#02 (0.00s)
    --- PASS: TestRoundTrip_lrtemplate_NP3_lrtemplate/o_-_38._COLOR_-_Sea_Breeze.lrtemplate#02 (0.00s)
    --- PASS: TestRoundTrip_lrtemplate_NP3_lrtemplate/o_-_23._VIBRANCE__-_Mid.lrtemplate#02 (0.00s)
    --- PASS: TestRoundTrip_lrtemplate_NP3_lrtemplate/o_-_24._VIBRANCE_-__High.lrtemplate#02 (0.00s)
    --- PASS: TestRoundTrip_lrtemplate_NP3_lrtemplate/o_-_30._FINISH_-_Washed.lrtemplate#02 (0.00s)
    --- PASS: TestRoundTrip_lrtemplate_NP3_lrtemplate/o_-_01._Lens_on.lrtemplate#02 (0.00s)
    --- PASS: TestRoundTrip_lrtemplate_NP3_lrtemplate/o_-_22._VIBRANCE__-_Low.lrtemplate#02 (0.00s)
    --- PASS: TestRoundTrip_lrtemplate_NP3_lrtemplate/o_-_28._FINISH_-_Strong.lrtemplate#02 (0.00s)
    --- PASS: TestRoundTrip_lrtemplate_NP3_lrtemplate/o_-_26._FINISH_-_Film.lrtemplate#02 (0.00s)
    --- PASS: TestRoundTrip_lrtemplate_NP3_lrtemplate/o_-_36._COLOR_-_Lavender.lrtemplate#02 (0.00s)
    --- PASS: TestRoundTrip_lrtemplate_NP3_lrtemplate/o_-_00_-_o.lrtemplate#02 (0.00s)
    --- PASS: TestRoundTrip_lrtemplate_NP3_lrtemplate/34._E_-_Polaroid_Mono_+_iiii.lrtemplate (0.01s)
    --- PASS: TestRoundTrip_lrtemplate_NP3_lrtemplate/o_-_25_-_o.lrtemplate#02 (0.00s)
    --- PASS: TestRoundTrip_lrtemplate_NP3_lrtemplate/o_-_05._EXPOSURE__-_1.lrtemplate#02 (0.00s)
    --- PASS: TestRoundTrip_lrtemplate_NP3_lrtemplate/70._E_-_Polaroid_Tint_+_warm.lrtemplate (0.00s)
    --- PASS: TestRoundTrip_lrtemplate_NP3_lrtemplate/o_-_04._EXPOSURE__-_2.lrtemplate#02 (0.00s)
    --- PASS: TestRoundTrip_lrtemplate_NP3_lrtemplate/o_-_07._EXPOSURE_+_1.lrtemplate#02 (0.00s)
    --- PASS: TestRoundTrip_lrtemplate_NP3_lrtemplate/o_-_02._Lens_off.lrtemplate#02 (0.00s)
    --- PASS: TestRoundTrip_lrtemplate_NP3_lrtemplate/71._E_-_Polaroid_Tint_+_punch.lrtemplate (0.00s)
    --- PASS: TestRoundTrip_lrtemplate_NP3_lrtemplate/59._E_-_Polaroid_Color_+_fade.lrtemplate (0.00s)
    --- PASS: TestRoundTrip_lrtemplate_NP3_lrtemplate/68._E_-_Polaroid_Tint_+_fade.lrtemplate (0.00s)
    --- PASS: TestRoundTrip_lrtemplate_NP3_lrtemplate/58._E_-_Polaroid_Color_+_iiii.lrtemplate (0.00s)
    --- PASS: TestRoundTrip_lrtemplate_NP3_lrtemplate/66._E_-_Polaroid_Tint_+_iiii.lrtemplate (0.00s)
    --- PASS: TestRoundTrip_lrtemplate_NP3_lrtemplate/56._E_-_Polaroid_Color_+_ii.lrtemplate (0.00s)
    --- PASS: TestRoundTrip_lrtemplate_NP3_lrtemplate/67._E_-_Polaroid_Tint_+_iiiii.lrtemplate (0.00s)
    --- PASS: TestRoundTrip_lrtemplate_NP3_lrtemplate/60._E_-_Polaroid_Color_+_cool.lrtemplate (0.00s)
    --- PASS: TestRoundTrip_lrtemplate_NP3_lrtemplate/63._E_-_Polaroid_Tint_+_i.lrtemplate (0.00s)
    --- PASS: TestRoundTrip_lrtemplate_NP3_lrtemplate/55._E_-_Polaroid_Color_+_i.lrtemplate (0.00s)
    --- PASS: TestRoundTrip_lrtemplate_NP3_lrtemplate/49._E_-_Polaroid_+_iiii.lrtemplate (0.00s)
    --- PASS: TestRoundTrip_lrtemplate_NP3_lrtemplate/51._E_-_Polaroid_+_fade.lrtemplate (0.00s)
    --- PASS: TestRoundTrip_lrtemplate_NP3_lrtemplate/61._E_-_Polaroid_Color_+_warm.lrtemplate (0.00s)
    --- PASS: TestRoundTrip_lrtemplate_NP3_lrtemplate/47._E_-_Polaroid_+_ii.lrtemplate (0.00s)
    --- PASS: TestRoundTrip_lrtemplate_NP3_lrtemplate/31._E_-_Agfa_Ultra_+_iiii.lrtemplate (0.00s)
    --- PASS: TestRoundTrip_lrtemplate_NP3_lrtemplate/46._E_-_Polaroid_+_i.lrtemplate (0.00s)
    --- PASS: TestRoundTrip_lrtemplate_NP3_lrtemplate/34._E_-_Agfa_Ultra_+_cool.lrtemplate (0.00s)
    --- PASS: TestRoundTrip_lrtemplate_NP3_lrtemplate/33._E_-_Agfa_Ultra_+_fade.lrtemplate (0.00s)
    --- PASS: TestRoundTrip_lrtemplate_NP3_lrtemplate/69._E_-_Polaroid_Tint_+_cool.lrtemplate (0.00s)
    --- PASS: TestRoundTrip_lrtemplate_NP3_lrtemplate/30._E_-_Agfa_Ultra_+_iii.lrtemplate (0.00s)
    --- PASS: TestRoundTrip_lrtemplate_NP3_lrtemplate/57._E_-_Polaroid_Color_+_iii.lrtemplate (0.00s)
    --- PASS: TestRoundTrip_lrtemplate_NP3_lrtemplate/35._E_-_Agfa_Ultra_+_warm.lrtemplate (0.00s)
    --- PASS: TestRoundTrip_lrtemplate_NP3_lrtemplate/64._E_-_Polaroid_Tint_+_ii.lrtemplate (0.00s)
    --- PASS: TestRoundTrip_lrtemplate_NP3_lrtemplate/52._E_-_Polaroid_+_cool.lrtemplate (0.00s)
    --- PASS: TestRoundTrip_lrtemplate_NP3_lrtemplate/62._E_-_Polaroid_Color_+_punch.lrtemplate (0.00s)
    --- PASS: TestRoundTrip_lrtemplate_NP3_lrtemplate/50._E_-_Polaroid_+_iiiii.lrtemplate (0.00s)
    --- PASS: TestRoundTrip_lrtemplate_NP3_lrtemplate/36._E_-_Agfa_Ultra_+_punch.lrtemplate (0.00s)
    --- PASS: TestRoundTrip_lrtemplate_NP3_lrtemplate/53._E_-_Polaroid_+_warm.lrtemplate (0.00s)
    --- PASS: TestRoundTrip_lrtemplate_NP3_lrtemplate/45._E_-_Agfa_RSX_+_punch.lrtemplate (0.00s)
    --- PASS: TestRoundTrip_lrtemplate_NP3_lrtemplate/12._E_-_Agfa_Optima_+_iii.lrtemplate (0.00s)
    --- PASS: TestRoundTrip_lrtemplate_NP3_lrtemplate/38._E_-_Agfa_RSX_+_ii.lrtemplate (0.00s)
    --- PASS: TestRoundTrip_lrtemplate_NP3_lrtemplate/28._E_-_Agfa_Ultra_+_i.lrtemplate (0.00s)
    --- PASS: TestRoundTrip_lrtemplate_NP3_lrtemplate/48._E_-_Polaroid_+_iii.lrtemplate (0.00s)
    --- PASS: TestRoundTrip_lrtemplate_NP3_lrtemplate/43._E_-_Agfa_RSX_+_cool.lrtemplate (0.00s)
    --- PASS: TestRoundTrip_lrtemplate_NP3_lrtemplate/37._E_-_Agfa_RSX_+_i.lrtemplate (0.00s)
    --- FAIL: TestRoundTrip_lrtemplate_NP3_lrtemplate/26._E_-_Agfa_Vista_+_warm.lrtemplate (0.00s)
    --- PASS: TestRoundTrip_lrtemplate_NP3_lrtemplate/32._E_-_Agfa_Ultra_+_iiiii.lrtemplate (0.00s)
    --- PASS: TestRoundTrip_lrtemplate_NP3_lrtemplate/29._E_-_Agfa_Ultra_+_ii.lrtemplate (0.00s)
    --- FAIL: TestRoundTrip_lrtemplate_NP3_lrtemplate/22._E_-_Agfa_Vista_+_iiii.lrtemplate (0.00s)
    --- PASS: TestRoundTrip_lrtemplate_NP3_lrtemplate/54._E_-_Polaroid_+_punch.lrtemplate (0.00s)
    --- PASS: TestRoundTrip_lrtemplate_NP3_lrtemplate/09._E_-_Agfa_Portrait_+_punch.lrtemplate (0.00s)
    --- PASS: TestRoundTrip_lrtemplate_NP3_lrtemplate/39._E_-_Agfa_RSX_+_iii.lrtemplate (0.00s)
    --- PASS: TestRoundTrip_lrtemplate_NP3_lrtemplate/40._E_-_Agfa_RSX_+_iiii.lrtemplate (0.00s)
    --- PASS: TestRoundTrip_lrtemplate_NP3_lrtemplate/65._E_-_Polaroid_Tint_+_iii.lrtemplate (0.00s)
    --- PASS: TestRoundTrip_lrtemplate_NP3_lrtemplate/10._E_-_Agfa_Optima_+_i.lrtemplate (0.00s)
    --- PASS: TestRoundTrip_lrtemplate_NP3_lrtemplate/05._E_-_Agfa_Portrait_+_iiiii.lrtemplate (0.00s)
    --- PASS: TestRoundTrip_lrtemplate_NP3_lrtemplate/08._E_-_Agfa_Portrait_+_warm.lrtemplate (0.00s)
    --- PASS: TestRoundTrip_lrtemplate_NP3_lrtemplate/07._E_-_Agfa_Portrait_+_cool.lrtemplate (0.00s)
    --- PASS: TestRoundTrip_lrtemplate_NP3_lrtemplate/00_-_o.lrtemplate (0.00s)
    --- PASS: TestRoundTrip_lrtemplate_NP3_lrtemplate/o_-_50_-_o.lrtemplate#01 (0.00s)
    --- FAIL: TestRoundTrip_lrtemplate_NP3_lrtemplate/23._E_-_Agfa_Vista_+_iiiii.lrtemplate (0.00s)
    --- PASS: TestRoundTrip_lrtemplate_NP3_lrtemplate/00._E_-_grain_x__.lrtemplate (0.00s)
    --- PASS: TestRoundTrip_lrtemplate_NP3_lrtemplate/44._E_-_Agfa_RSX_+_warm.lrtemplate (0.00s)
    --- PASS: TestRoundTrip_lrtemplate_NP3_lrtemplate/00._E_-_o___.lrtemplate (0.00s)
    --- PASS: TestRoundTrip_lrtemplate_NP3_lrtemplate/42._E_-_Agfa_RSX_+_fade.lrtemplate (0.00s)
    --- FAIL: TestRoundTrip_lrtemplate_NP3_lrtemplate/o_-_49._LIGHTING_-_Fluorescent.lrtemplate#01 (0.00s)
    --- PASS: TestRoundTrip_lrtemplate_NP3_lrtemplate/00._E_-_auto_wb___.lrtemplate (0.00s)
    --- FAIL: TestRoundTrip_lrtemplate_NP3_lrtemplate/o_-_47._LIGHTING_-_Daylight.lrtemplate#01 (0.00s)
    --- FAIL: TestRoundTrip_lrtemplate_NP3_lrtemplate/o_-_46._LIGHTING_-_Cloudy.lrtemplate#01 (0.00s)
    --- PASS: TestRoundTrip_lrtemplate_NP3_lrtemplate/o_-_43._LIGHTING_-_As_Shot.lrtemplate#01 (0.00s)
    --- PASS: TestRoundTrip_lrtemplate_NP3_lrtemplate/o_-_29._FINISH_-_Vintage.lrtemplate#01 (0.00s)
    --- PASS: TestRoundTrip_lrtemplate_NP3_lrtemplate/02._E_-_Agfa_Portrait_+_ii.lrtemplate (0.00s)
    --- FAIL: TestRoundTrip_lrtemplate_NP3_lrtemplate/25._E_-_Agfa_Vista_+_cool.lrtemplate (0.00s)
    --- PASS: TestRoundTrip_lrtemplate_NP3_lrtemplate/04._E_-_Agfa_Portrait_+_iiii.lrtemplate (0.00s)
    --- PASS: TestRoundTrip_lrtemplate_NP3_lrtemplate/o_-_22._VIBRANCE__-_Low.lrtemplate#01 (0.00s)
    --- PASS: TestRoundTrip_lrtemplate_NP3_lrtemplate/o_-_27._FINISH_-_Basic.lrtemplate#01 (0.00s)
    --- PASS: TestRoundTrip_lrtemplate_NP3_lrtemplate/01._E_-_Agfa_Portrait_+_i.lrtemplate (0.00s)
    --- PASS: TestRoundTrip_lrtemplate_NP3_lrtemplate/o_-_21_-_o.lrtemplate#01 (0.00s)
    --- PASS: TestRoundTrip_lrtemplate_NP3_lrtemplate/o_-_16._DETAIL_-_High.lrtemplate#01 (0.00s)
    --- FAIL: TestRoundTrip_lrtemplate_NP3_lrtemplate/21._E_-_Agfa_Vista_+_iii.lrtemplate (0.00s)
    --- PASS: TestRoundTrip_lrtemplate_NP3_lrtemplate/06._E_-_Agfa_Portrait_+_fade.lrtemplate (0.00s)
    --- PASS: TestRoundTrip_lrtemplate_NP3_lrtemplate/o_-_26._FINISH_-_Film.lrtemplate#01 (0.00s)
    --- PASS: TestRoundTrip_lrtemplate_NP3_lrtemplate/o_-_25_-_o.lrtemplate#01 (0.00s)
    --- PASS: TestRoundTrip_lrtemplate_NP3_lrtemplate/o_-_19._SHARPEN_-_Mid.lrtemplate#01 (0.00s)
    --- FAIL: TestRoundTrip_lrtemplate_NP3_lrtemplate/27._E_-_Agfa_Vista_+_punch.lrtemplate (0.00s)
    --- PASS: TestRoundTrip_lrtemplate_NP3_lrtemplate/03._E_-_Agfa_Portrait_+_iii.lrtemplate (0.00s)
    --- PASS: TestRoundTrip_lrtemplate_NP3_lrtemplate/o_-_33_-_o.lrtemplate#01 (0.00s)
    --- PASS: TestRoundTrip_lrtemplate_NP3_lrtemplate/41._E_-_Agfa_RSX_+_iiiii.lrtemplate (0.00s)
    --- PASS: TestRoundTrip_lrtemplate_NP3_lrtemplate/o_-_34._COLOR_-_Neutral.lrtemplate#01 (0.00s)
    --- PASS: TestRoundTrip_lrtemplate_NP3_lrtemplate/o_-_17_-_o.lrtemplate#01 (0.00s)
    --- PASS: TestRoundTrip_lrtemplate_NP3_lrtemplate/o_-_44._LIGHTING_-_Flash.lrtemplate#01 (0.00s)
    --- PASS: TestRoundTrip_lrtemplate_NP3_lrtemplate/o_-_18._SHARPEN_-_Low.lrtemplate#01 (0.00s)
    --- PASS: TestRoundTrip_lrtemplate_NP3_lrtemplate/o_-_20._SHARPEN_-_High.lrtemplate#01 (0.00s)
    --- PASS: TestRoundTrip_lrtemplate_NP3_lrtemplate/o_-_28._FINISH_-_Strong.lrtemplate#01 (0.00s)
    --- PASS: TestRoundTrip_lrtemplate_NP3_lrtemplate/11._E_-_Agfa_Optima_+_ii.lrtemplate (0.00s)
    --- PASS: TestRoundTrip_lrtemplate_NP3_lrtemplate/o_-_41_-_o.lrtemplate#01 (0.00s)
    --- FAIL: TestRoundTrip_lrtemplate_NP3_lrtemplate/o_-_45._LIGHTING_-_Shade.lrtemplate#01 (0.00s)
    --- PASS: TestRoundTrip_lrtemplate_NP3_lrtemplate/o_-_08._EXPOSURE_+_2.lrtemplate#01 (0.00s)
    --- PASS: TestRoundTrip_lrtemplate_NP3_lrtemplate/o_-_07._EXPOSURE_+_1.lrtemplate#01 (0.00s)
    --- PASS: TestRoundTrip_lrtemplate_NP3_lrtemplate/o_-_35._COLOR_-_Morning.lrtemplate#01 (0.00s)
    --- PASS: TestRoundTrip_lrtemplate_NP3_lrtemplate/o_-_00_-_o.lrtemplate#01 (0.00s)
    --- PASS: TestRoundTrip_lrtemplate_NP3_lrtemplate/o_-_09_-_o.lrtemplate#01 (0.00s)
    --- PASS: TestRoundTrip_lrtemplate_NP3_lrtemplate/o_-_01._Lens_on.lrtemplate#01 (0.00s)
    --- PASS: TestRoundTrip_lrtemplate_NP3_lrtemplate/o_-_02._Lens_off.lrtemplate#01 (0.00s)
    --- PASS: TestRoundTrip_lrtemplate_NP3_lrtemplate/o_-_23._VIBRANCE__-_Mid.lrtemplate#01 (0.00s)
    --- PASS: TestRoundTrip_lrtemplate_NP3_lrtemplate/o_-_15._DETAIL_-_Mid.lrtemplate#01 (0.00s)
    --- PASS: TestRoundTrip_lrtemplate_NP3_lrtemplate/o_-_36._COLOR_-_Lavender.lrtemplate#01 (0.00s)
    --- FAIL: TestRoundTrip_lrtemplate_NP3_lrtemplate/19._E_-_Agfa_Vista_+_i.lrtemplate (0.00s)
    --- PASS: TestRoundTrip_lrtemplate_NP3_lrtemplate/00._E_-_auto_tone___.lrtemplate (0.00s)
    --- PASS: TestRoundTrip_lrtemplate_NP3_lrtemplate/o_-_14._DETAIL_-_Low.lrtemplate#01 (0.00s)
    --- PASS: TestRoundTrip_lrtemplate_NP3_lrtemplate/o_-_24._VIBRANCE_-__High.lrtemplate#01 (0.00s)
    --- PASS: TestRoundTrip_lrtemplate_NP3_lrtemplate/o_-_11._CONTRAST_-_Mid.lrtemplate#01 (0.00s)
    --- PASS: TestRoundTrip_lrtemplate_NP3_lrtemplate/o_-_42._LIGHTING_-_Auto_Set.lrtemplate#01 (0.00s)
    --- PASS: TestRoundTrip_lrtemplate_NP3_lrtemplate/o_-_12._CONTRAST_-_High.lrtemplate#01 (0.00s)
    --- PASS: TestRoundTrip_lrtemplate_NP3_lrtemplate/o_-_10._CONTRAST_-_Low.lrtemplate#01 (0.00s)
    --- FAIL: TestRoundTrip_lrtemplate_NP3_lrtemplate/20._E_-_Agfa_Vista_+_ii.lrtemplate (0.00s)
    --- PASS: TestRoundTrip_lrtemplate_NP3_lrtemplate/o_-_05._EXPOSURE__-_1.lrtemplate#01 (0.00s)
    --- PASS: TestRoundTrip_lrtemplate_NP3_lrtemplate/o_-_06._EXPOSURE__0.lrtemplate#01 (0.00s)
    --- PASS: TestRoundTrip_lrtemplate_NP3_lrtemplate/96._E_-_Fuji_800_+_fade.lrtemplate (0.00s)
    --- PASS: TestRoundTrip_lrtemplate_NP3_lrtemplate/o_-_38._COLOR_-_Sea_Breeze.lrtemplate (0.00s)
    --- PASS: TestRoundTrip_lrtemplate_NP3_lrtemplate/o_-_32._FINISH_-_Retro.lrtemplate#01 (0.00s)
    --- PASS: TestRoundTrip_lrtemplate_NP3_lrtemplate/o_-_30._FINISH_-_Washed.lrtemplate#01 (0.00s)
    --- PASS: TestRoundTrip_lrtemplate_NP3_lrtemplate/o_-_40._COLOR_-_Pastel_Rouge.lrtemplate#01 (0.00s)
    --- FAIL: TestRoundTrip_lrtemplate_NP3_lrtemplate/24._E_-_Agfa_Vista_+_fade.lrtemplate (0.00s)
    --- PASS: TestRoundTrip_lrtemplate_NP3_lrtemplate/o_-_03_-_o.lrtemplate#01 (0.00s)
    --- PASS: TestRoundTrip_lrtemplate_NP3_lrtemplate/o_-_31._FINISH_-_Bright.lrtemplate#01 (0.00s)
    --- PASS: TestRoundTrip_lrtemplate_NP3_lrtemplate/o_-_04._EXPOSURE__-_2.lrtemplate#01 (0.00s)
    --- PASS: TestRoundTrip_lrtemplate_NP3_lrtemplate/o_-_48._LIGHTING_-_Tungsten.lrtemplate#01 (0.00s)
    --- PASS: TestRoundTrip_lrtemplate_NP3_lrtemplate/95._E_-_Fuji_800_+_iiiii.lrtemplate (0.00s)
    --- PASS: TestRoundTrip_lrtemplate_NP3_lrtemplate/91._E_-_Fuji_800_+_i.lrtemplate (0.00s)
    --- PASS: TestRoundTrip_lrtemplate_NP3_lrtemplate/18._E_-_Agfa_Optima_+_punch.lrtemplate (0.00s)
    --- PASS: TestRoundTrip_lrtemplate_NP3_lrtemplate/o_-_39._COLOR_-_Warm_Light.lrtemplate#01 (0.00s)
    --- PASS: TestRoundTrip_lrtemplate_NP3_lrtemplate/o_-_37._COLOR_-_Spearmint.lrtemplate#01 (0.00s)
    --- PASS: TestRoundTrip_lrtemplate_NP3_lrtemplate/99._E_-_Fuji_800_+_punch.lrtemplate (0.00s)
    --- PASS: TestRoundTrip_lrtemplate_NP3_lrtemplate/92._E_-_Fuji_800_+_ii.lrtemplate (0.00s)
    --- PASS: TestRoundTrip_lrtemplate_NP3_lrtemplate/o_-_38._COLOR_-_Sea_Breeze.lrtemplate#01 (0.00s)
    --- PASS: TestRoundTrip_lrtemplate_NP3_lrtemplate/73._E_-_Fuji_100_+_i.lrtemplate (0.00s)
    --- PASS: TestRoundTrip_lrtemplate_NP3_lrtemplate/75._E_-_Fuji_100_+_iii.lrtemplate (0.00s)
    --- FAIL: TestRoundTrip_lrtemplate_NP3_lrtemplate/81._E_-_Fuji_100_+_punch.lrtemplate (0.00s)
    --- PASS: TestRoundTrip_lrtemplate_NP3_lrtemplate/17._E_-_Agfa_Optima_+_warm.lrtemplate (0.00s)
    --- PASS: TestRoundTrip_lrtemplate_NP3_lrtemplate/97._E_-_Fuji_800_+_cool.lrtemplate (0.00s)
    --- PASS: TestRoundTrip_lrtemplate_NP3_lrtemplate/70._E_-_Fuji_Negative_+_cool.lrtemplate (0.00s)
    --- PASS: TestRoundTrip_lrtemplate_NP3_lrtemplate/98._E_-_Fuji_800_+_warm.lrtemplate (0.00s)
    --- PASS: TestRoundTrip_lrtemplate_NP3_lrtemplate/94._E_-_Fuji_800_+_iiii.lrtemplate (0.00s)
    --- PASS: TestRoundTrip_lrtemplate_NP3_lrtemplate/93._E_-_Fuji_800_+_iii.lrtemplate (0.00s)
    --- PASS: TestRoundTrip_lrtemplate_NP3_lrtemplate/74._E_-_Fuji_100_+_ii.lrtemplate (0.00s)
    --- PASS: TestRoundTrip_lrtemplate_NP3_lrtemplate/76._E_-_Fuji_100_+_iiii.lrtemplate (0.00s)
    --- PASS: TestRoundTrip_lrtemplate_NP3_lrtemplate/80._E_-_Fuji_100_+_warm.lrtemplate (0.00s)
    --- PASS: TestRoundTrip_lrtemplate_NP3_lrtemplate/65._E_-_Fuji_Negative_+_ii.lrtemplate (0.00s)
    --- FAIL: TestRoundTrip_lrtemplate_NP3_lrtemplate/77._E_-_Fuji_100_+_iiiii.lrtemplate (0.00s)
    --- PASS: TestRoundTrip_lrtemplate_NP3_lrtemplate/82._E_-_Fuji_400_+_i.lrtemplate (0.00s)
    --- PASS: TestRoundTrip_lrtemplate_NP3_lrtemplate/85._E_-_Fuji_400_+_iiii.lrtemplate (0.00s)
    --- PASS: TestRoundTrip_lrtemplate_NP3_lrtemplate/16._E_-_Agfa_Optima_+_cool.lrtemplate (0.00s)
    --- FAIL: TestRoundTrip_lrtemplate_NP3_lrtemplate/72._E_-_Fuji_Negative_+_punch.lrtemplate (0.00s)
    --- PASS: TestRoundTrip_lrtemplate_NP3_lrtemplate/61._E_-_Fuji_XPro_+_cool.lrtemplate (0.00s)
    --- PASS: TestRoundTrip_lrtemplate_NP3_lrtemplate/68._E_-_Fuji_Negative_+_iiiii.lrtemplate (0.00s)
    --- PASS: TestRoundTrip_lrtemplate_NP3_lrtemplate/69._E_-_Fuji_Negative_+_fade.lrtemplate (0.00s)
    --- PASS: TestRoundTrip_lrtemplate_NP3_lrtemplate/79._E_-_Fuji_100_+_cool.lrtemplate (0.00s)
    --- FAIL: TestRoundTrip_lrtemplate_NP3_lrtemplate/45._E_-_Fuji_Astia_+_punch.lrtemplate (0.00s)
    --- PASS: TestRoundTrip_lrtemplate_NP3_lrtemplate/90._E_-_Fuji_400_+_punch.lrtemplate (0.00s)
    --- PASS: TestRoundTrip_lrtemplate_NP3_lrtemplate/84._E_-_Fuji_400_+_iii.lrtemplate (0.00s)
    --- FAIL: TestRoundTrip_lrtemplate_NP3_lrtemplate/42._E_-_Fuji_Astia_+_fade.lrtemplate (0.00s)
    --- PASS: TestRoundTrip_lrtemplate_NP3_lrtemplate/43._E_-_Fuji_Astia_+_cool.lrtemplate (0.00s)
    --- FAIL: TestRoundTrip_lrtemplate_NP3_lrtemplate/50._E_-_Fuji_Fortia_+_iiiii.lrtemplate (0.00s)
    --- PASS: TestRoundTrip_lrtemplate_NP3_lrtemplate/66._E_-_Fuji_Negative_+_iii.lrtemplate (0.00s)
    --- PASS: TestRoundTrip_lrtemplate_NP3_lrtemplate/78._E_-_Fuji_100_+_fade.lrtemplate (0.00s)
    --- PASS: TestRoundTrip_lrtemplate_NP3_lrtemplate/88._E_-_Fuji_400_+_cool.lrtemplate (0.00s)
    --- FAIL: TestRoundTrip_lrtemplate_NP3_lrtemplate/52._E_-_Fuji_Fortia_+_cool.lrtemplate (0.00s)
    --- PASS: TestRoundTrip_lrtemplate_NP3_lrtemplate/67._E_-_Fuji_Negative_+_iiii.lrtemplate (0.00s)
    --- PASS: TestRoundTrip_lrtemplate_NP3_lrtemplate/64._E_-_Fuji_Negative_+_i.lrtemplate (0.00s)
    --- PASS: TestRoundTrip_lrtemplate_NP3_lrtemplate/53._E_-_Fuji_Fortia_+_warm.lrtemplate (0.00s)
    --- PASS: TestRoundTrip_lrtemplate_NP3_lrtemplate/87._E_-_Fuji_400_+_fade.lrtemplate (0.00s)
    --- PASS: TestRoundTrip_lrtemplate_NP3_lrtemplate/44._E_-_Fuji_Astia_+_warm.lrtemplate (0.00s)
    --- PASS: TestRoundTrip_lrtemplate_NP3_lrtemplate/41._E_-_Fuji_Astia_+_iiiii.lrtemplate (0.00s)
    --- FAIL: TestRoundTrip_lrtemplate_NP3_lrtemplate/51._E_-_Fuji_Fortia_+_fade.lrtemplate (0.00s)
    --- PASS: TestRoundTrip_lrtemplate_NP3_lrtemplate/13._E_-_Agfa_Optima_+_iiii.lrtemplate (0.00s)
    --- PASS: TestRoundTrip_lrtemplate_NP3_lrtemplate/89._E_-_Fuji_400_+_warm.lrtemplate (0.00s)
    --- PASS: TestRoundTrip_lrtemplate_NP3_lrtemplate/40._E_-_Fuji_Astia_+_iiii.lrtemplate (0.00s)
    --- PASS: TestRoundTrip_lrtemplate_NP3_lrtemplate/71._E_-_Fuji_Negative_+_warm.lrtemplate (0.00s)
    --- PASS: TestRoundTrip_lrtemplate_NP3_lrtemplate/37._E_-_Fuji_Astia_+_i.lrtemplate (0.00s)
    --- PASS: TestRoundTrip_lrtemplate_NP3_lrtemplate/60._E_-_Fuji_XPro_+_fade.lrtemplate (0.00s)
    --- FAIL: TestRoundTrip_lrtemplate_NP3_lrtemplate/38._E_-_Fuji_Astia_+_ii.lrtemplate (0.00s)
    --- PASS: TestRoundTrip_lrtemplate_NP3_lrtemplate/31._E_-_Fuji_Provia_+_iiii.lrtemplate (0.00s)
    --- PASS: TestRoundTrip_lrtemplate_NP3_lrtemplate/25._E_-_Fuji_Sensia_+_cool.lrtemplate (0.00s)
    --- PASS: TestRoundTrip_lrtemplate_NP3_lrtemplate/63._E_-_Fuji_XPro_+_punch.lrtemplate (0.00s)
    --- FAIL: TestRoundTrip_lrtemplate_NP3_lrtemplate/39._E_-_Fuji_Astia_+_iii.lrtemplate (0.00s)
    --- PASS: TestRoundTrip_lrtemplate_NP3_lrtemplate/24._E_-_Fuji_Sensia_+_fade.lrtemplate (0.00s)
    --- PASS: TestRoundTrip_lrtemplate_NP3_lrtemplate/62._E_-_Fuji_XPro_+_warm.lrtemplate (0.00s)
    --- PASS: TestRoundTrip_lrtemplate_NP3_lrtemplate/83._E_-_Fuji_400_+_ii.lrtemplate (0.00s)
    --- PASS: TestRoundTrip_lrtemplate_NP3_lrtemplate/46._E_-_Fuji_Fortia_+_i.lrtemplate (0.00s)
    --- PASS: TestRoundTrip_lrtemplate_NP3_lrtemplate/58._E_-_Fuji_XPro_+_iiii.lrtemplate (0.00s)
    --- FAIL: TestRoundTrip_lrtemplate_NP3_lrtemplate/33._E_-_Fuji_Provia_+_fade.lrtemplate (0.00s)
    --- FAIL: TestRoundTrip_lrtemplate_NP3_lrtemplate/48._E_-_Fuji_Fortia_+_iii.lrtemplate (0.00s)
    --- PASS: TestRoundTrip_lrtemplate_NP3_lrtemplate/59._E_-_Fuji_XPro_+_iiiii.lrtemplate (0.00s)
    --- PASS: TestRoundTrip_lrtemplate_NP3_lrtemplate/28._E_-_Fuji_Provia_+_i.lrtemplate (0.00s)
    --- PASS: TestRoundTrip_lrtemplate_NP3_lrtemplate/11._E_-_Fuji_Velvia_+_ii.lrtemplate (0.00s)
    --- PASS: TestRoundTrip_lrtemplate_NP3_lrtemplate/20._E_-_Fuji_Sensia_+_ii.lrtemplate (0.00s)
    --- FAIL: TestRoundTrip_lrtemplate_NP3_lrtemplate/49._E_-_Fuji_Fortia_+_iiii.lrtemplate (0.00s)
    --- PASS: TestRoundTrip_lrtemplate_NP3_lrtemplate/09._E_-_Fuji_160_+_punch.lrtemplate (0.00s)
    --- FAIL: TestRoundTrip_lrtemplate_NP3_lrtemplate/54._E_-_Fuji_Fortia_+_punch.lrtemplate (0.00s)
    --- PASS: TestRoundTrip_lrtemplate_NP3_lrtemplate/15._E_-_Agfa_Optima_+_fade.lrtemplate (0.00s)
    --- PASS: TestRoundTrip_lrtemplate_NP3_lrtemplate/19._E_-_Fuji_Sensia_+_i.lrtemplate (0.00s)
    --- PASS: TestRoundTrip_lrtemplate_NP3_lrtemplate/86._E_-_Fuji_400_+_iiiii.lrtemplate (0.00s)
    --- PASS: TestRoundTrip_lrtemplate_NP3_lrtemplate/57._E_-_Fuji_XPro_+_iii.lrtemplate (0.00s)
    --- PASS: TestRoundTrip_lrtemplate_NP3_lrtemplate/04._E_-_Fuji_160_+_iiii.lrtemplate (0.00s)
    --- FAIL: TestRoundTrip_lrtemplate_NP3_lrtemplate/47._E_-_Fuji_Fortia_+_ii.lrtemplate (0.00s)
    --- FAIL: TestRoundTrip_lrtemplate_NP3_lrtemplate/36._E_-_Fuji_Provia_+_punch.lrtemplate (0.00s)
    --- PASS: TestRoundTrip_lrtemplate_NP3_lrtemplate/00._E_-_grain_x_.lrtemplate (0.00s)
    --- PASS: TestRoundTrip_lrtemplate_NP3_lrtemplate/55._E_-_Fuji_XPro_+_i.lrtemplate (0.00s)
    --- PASS: TestRoundTrip_lrtemplate_NP3_lrtemplate/00._E_-_o__.lrtemplate (0.00s)
    --- PASS: TestRoundTrip_lrtemplate_NP3_lrtemplate/00._E_-_auto_tone__.lrtemplate (0.00s)
    --- PASS: TestRoundTrip_lrtemplate_NP3_lrtemplate/05._E_-_Fuji_160_+_iiiii.lrtemplate (0.00s)
    --- PASS: TestRoundTrip_lrtemplate_NP3_lrtemplate/00._E_-_auto_wb__.lrtemplate (0.00s)
    --- PASS: TestRoundTrip_lrtemplate_NP3_lrtemplate/13._E_-_Fuji_Velvia_+_iiii.lrtemplate (0.00s)
    --- PASS: TestRoundTrip_lrtemplate_NP3_lrtemplate/18._E_-_Fuji_Velvia_+_punch.lrtemplate (0.00s)
    --- PASS: TestRoundTrip_lrtemplate_NP3_lrtemplate/22._E_-_Fuji_Sensia_+_iiii-2.lrtemplate (0.00s)
    --- PASS: TestRoundTrip_lrtemplate_NP3_lrtemplate/02._E_-_Fuji_160_+_ii.lrtemplate (0.00s)
    --- PASS: TestRoundTrip_lrtemplate_NP3_lrtemplate/o_-_43._LIGHTING_-_As_Shot.lrtemplate (0.00s)
    --- PASS: TestRoundTrip_lrtemplate_NP3_lrtemplate/o_-_42._LIGHTING_-_Auto_Set.lrtemplate (0.00s)
    --- PASS: TestRoundTrip_lrtemplate_NP3_lrtemplate/32._E_-_Fuji_Provia_+_iiiii.lrtemplate (0.00s)
    --- PASS: TestRoundTrip_lrtemplate_NP3_lrtemplate/o_-_41_-_o.lrtemplate (0.00s)
    --- PASS: TestRoundTrip_lrtemplate_NP3_lrtemplate/12._E_-_Fuji_Velvia_+_iii.lrtemplate (0.00s)
    --- PASS: TestRoundTrip_lrtemplate_NP3_lrtemplate/01._E_-_Fuji_160_+_i.lrtemplate (0.00s)
    --- PASS: TestRoundTrip_lrtemplate_NP3_lrtemplate/16._E_-_Fuji_Velvia_+_cool.lrtemplate (0.00s)
    --- PASS: TestRoundTrip_lrtemplate_NP3_lrtemplate/17._E_-_Fuji_Velvia_+_warm.lrtemplate (0.00s)
    --- PASS: TestRoundTrip_lrtemplate_NP3_lrtemplate/21._E_-_Fuji_Sensia_+_iii.lrtemplate (0.00s)
    --- FAIL: TestRoundTrip_lrtemplate_NP3_lrtemplate/35._E_-_Fuji_Provia_+_warm.lrtemplate (0.00s)
    --- PASS: TestRoundTrip_lrtemplate_NP3_lrtemplate/o_-_50_-_o.lrtemplate (0.00s)
    --- PASS: TestRoundTrip_lrtemplate_NP3_lrtemplate/23._E_-_Fuji_Sensia_+_iiiii.lrtemplate (0.00s)
    --- FAIL: TestRoundTrip_lrtemplate_NP3_lrtemplate/o_-_49._LIGHTING_-_Fluorescent.lrtemplate (0.00s)
    --- PASS: TestRoundTrip_lrtemplate_NP3_lrtemplate/09._E_-_Kodak_Portra_+_punch.lrtemplate (0.00s)
    --- PASS: TestRoundTrip_lrtemplate_NP3_lrtemplate/29._E_-_Fuji_Provia_+_ii.lrtemplate (0.00s)
    --- PASS: TestRoundTrip_lrtemplate_NP3_lrtemplate/o_-_35._COLOR_-_Morning.lrtemplate (0.00s)
    --- PASS: TestRoundTrip_lrtemplate_NP3_lrtemplate/o_-_04._EXPOSURE__-_2.lrtemplate#03 (0.00s)
    --- PASS: TestRoundTrip_lrtemplate_NP3_lrtemplate/01._E_-_Kodak_Plus_+_i.lrtemplate (0.00s)
    --- PASS: TestRoundTrip_lrtemplate_NP3_lrtemplate/o_-_40._COLOR_-_Pastel_Rouge.lrtemplate (0.00s)
    --- PASS: TestRoundTrip_lrtemplate_NP3_lrtemplate/o_-_10._CONTRAST_-_Low.lrtemplate#03 (0.00s)
    --- PASS: TestRoundTrip_lrtemplate_NP3_lrtemplate/o_-_09_-_o.lrtemplate#03 (0.00s)
    --- PASS: TestRoundTrip_lrtemplate_NP3_lrtemplate/o_-_34._COLOR_-_Neutral.lrtemplate (0.00s)
    --- PASS: TestRoundTrip_lrtemplate_NP3_lrtemplate/30._E_-_Fuji_Provia_+_iii.lrtemplate (0.00s)
    --- PASS: TestRoundTrip_lrtemplate_NP3_lrtemplate/o_-_37._COLOR_-_Spearmint.lrtemplate (0.00s)
    --- PASS: TestRoundTrip_lrtemplate_NP3_lrtemplate/o_-_06._EXPOSURE__0.lrtemplate#03 (0.00s)
    --- PASS: TestRoundTrip_lrtemplate_NP3_lrtemplate/o_-_05._EXPOSURE__-_1.lrtemplate#03 (0.00s)
    --- PASS: TestRoundTrip_lrtemplate_NP3_lrtemplate/o_-_36._COLOR_-_Lavender.lrtemplate (0.00s)
    --- PASS: TestRoundTrip_lrtemplate_NP3_lrtemplate/68._E_-_Kodak_E200_+_iiiii.lrtemplate (0.00s)
    --- PASS: TestRoundTrip_lrtemplate_NP3_lrtemplate/o_-_48._LIGHTING_-_Tungsten.lrtemplate (0.00s)
    --- FAIL: TestRoundTrip_lrtemplate_NP3_lrtemplate/o_-_45._LIGHTING_-_Shade.lrtemplate (0.00s)
    --- PASS: TestRoundTrip_lrtemplate_NP3_lrtemplate/o_-_44._LIGHTING_-_Flash.lrtemplate (0.00s)
    --- PASS: TestRoundTrip_lrtemplate_NP3_lrtemplate/10._E_-_Fuji_Velvia_+_i.lrtemplate (0.00s)
    --- PASS: TestRoundTrip_lrtemplate_NP3_lrtemplate/o_-_00_-_o.lrtemplate (0.00s)
    --- PASS: TestRoundTrip_lrtemplate_NP3_lrtemplate/o_-_00_-_o.lrtemplate#03 (0.00s)
    --- PASS: TestRoundTrip_lrtemplate_NP3_lrtemplate/o_-_08._EXPOSURE_+_2.lrtemplate#03 (0.00s)
    --- PASS: TestRoundTrip_lrtemplate_NP3_lrtemplate/04._E_-_Kodak_Plus_+_iiii.lrtemplate (0.00s)
    --- PASS: TestRoundTrip_lrtemplate_NP3_lrtemplate/o_-_07._EXPOSURE_+_1.lrtemplate#03 (0.00s)
    --- PASS: TestRoundTrip_lrtemplate_NP3_lrtemplate/o_-_01._Lens_on.lrtemplate (0.00s)
    --- PASS: TestRoundTrip_lrtemplate_NP3_lrtemplate/56._E_-_Fuji_XPro_+_ii.lrtemplate (0.00s)
    --- PASS: TestRoundTrip_lrtemplate_NP3_lrtemplate/00._E_-_o____.lrtemplate (0.00s)
    --- PASS: TestRoundTrip_lrtemplate_NP3_lrtemplate/00._E_-_auto_tone____.lrtemplate (0.00s)
    --- PASS: TestRoundTrip_lrtemplate_NP3_lrtemplate/08._E_-_Fuji_160_+_warm.lrtemplate (0.00s)
    --- PASS: TestRoundTrip_lrtemplate_NP3_lrtemplate/26._E_-_Fuji_Sensia_+_warm.lrtemplate (0.00s)
    --- PASS: TestRoundTrip_lrtemplate_NP3_lrtemplate/o_-_03_-_o.lrtemplate#03 (0.00s)
    --- PASS: TestRoundTrip_lrtemplate_NP3_lrtemplate/05._E_-_Kodak_Plus_+_fade.lrtemplate (0.00s)
    --- PASS: TestRoundTrip_lrtemplate_NP3_lrtemplate/03._E_-_Kodak_Plus_+_iii.lrtemplate (0.00s)
    --- PASS: TestRoundTrip_lrtemplate_NP3_lrtemplate/o_-_39._COLOR_-_Warm_Light.lrtemplate (0.00s)
    --- PASS: TestRoundTrip_lrtemplate_NP3_lrtemplate/02._E_-_Kodak_Plus_+_ii.lrtemplate (0.00s)
    --- PASS: TestRoundTrip_lrtemplate_NP3_lrtemplate/07._E_-_Fuji_160_+_cool.lrtemplate (0.00s)
    --- PASS: TestRoundTrip_lrtemplate_NP3_lrtemplate/o_-_33_-_o.lrtemplate (0.00s)
    --- PASS: TestRoundTrip_lrtemplate_NP3_lrtemplate/00._E_-_grain_x___.lrtemplate (0.00s)
    --- PASS: TestRoundTrip_lrtemplate_NP3_lrtemplate/98._E_-_Kodak_Elite_+_warm.lrtemplate (0.00s)
    --- PASS: TestRoundTrip_lrtemplate_NP3_lrtemplate/00._E_-_auto_wb____.lrtemplate (0.00s)
    --- PASS: TestRoundTrip_lrtemplate_NP3_lrtemplate/36._E_-_Polaroid_Mono_+_fade.lrtemplate (0.00s)
    --- PASS: TestRoundTrip_lrtemplate_NP3_lrtemplate/97._E_-_Kodak_Elite_+_cool.lrtemplate (0.00s)
    --- PASS: TestRoundTrip_lrtemplate_NP3_lrtemplate/99._E_-_Kodak_Elite_+_punch.lrtemplate (0.00s)
    --- PASS: TestRoundTrip_lrtemplate_NP3_lrtemplate/o_-_32._FINISH_-_Retro.lrtemplate (0.00s)
    --- PASS: TestRoundTrip_lrtemplate_NP3_lrtemplate/o_-_19._SHARPEN_-_Mid.lrtemplate#03 (0.00s)
    --- PASS: TestRoundTrip_lrtemplate_NP3_lrtemplate/o_-_23._VIBRANCE__-_Mid.lrtemplate#03 (0.00s)
    --- PASS: TestRoundTrip_lrtemplate_NP3_lrtemplate/o_-_25_-_o.lrtemplate#03 (0.00s)
    --- FAIL: TestRoundTrip_lrtemplate_NP3_lrtemplate/14._E_-_Fuji_Velvia_+_iiiii.lrtemplate (0.00s)
    --- PASS: TestRoundTrip_lrtemplate_NP3_lrtemplate/o_-_15._DETAIL_-_Mid.lrtemplate#03 (0.00s)
    --- PASS: TestRoundTrip_lrtemplate_NP3_lrtemplate/o_-_22._VIBRANCE__-_Low.lrtemplate#03 (0.00s)
    --- PASS: TestRoundTrip_lrtemplate_NP3_lrtemplate/14._E_-_Agfa_Optima_+_iiiii.lrtemplate (0.00s)
    --- PASS: TestRoundTrip_lrtemplate_NP3_lrtemplate/o_-_18._SHARPEN_-_Low.lrtemplate#03 (0.00s)
    --- PASS: TestRoundTrip_lrtemplate_NP3_lrtemplate/35._E_-_Polaroid_Mono_+_iiiii.lrtemplate (0.00s)
    --- PASS: TestRoundTrip_lrtemplate_NP3_lrtemplate/o_-_31._FINISH_-_Bright.lrtemplate (0.00s)
    --- FAIL: TestRoundTrip_lrtemplate_NP3_lrtemplate/o_-_47._LIGHTING_-_Daylight.lrtemplate (0.00s)
    --- PASS: TestRoundTrip_lrtemplate_NP3_lrtemplate/27._E_-_Polaroid_+_iii.lrtemplate (0.00s)
    --- PASS: TestRoundTrip_lrtemplate_NP3_lrtemplate/o_-_17_-_o.lrtemplate#03 (0.00s)
    --- FAIL: TestRoundTrip_lrtemplate_NP3_lrtemplate/o_-_46._LIGHTING_-_Cloudy.lrtemplate (0.00s)
    --- FAIL: TestRoundTrip_lrtemplate_NP3_lrtemplate/o_-_45._LIGHTING_-_Shade.lrtemplate#03 (0.00s)
    --- PASS: TestRoundTrip_lrtemplate_NP3_lrtemplate/o_-_16._DETAIL_-_High.lrtemplate#03 (0.00s)
    --- PASS: TestRoundTrip_lrtemplate_NP3_lrtemplate/o_-_32._FINISH_-_Retro.lrtemplate#03 (0.00s)
    --- PASS: TestRoundTrip_lrtemplate_NP3_lrtemplate/31._E_-_Polaroid_Mono_+_i.lrtemplate (0.00s)
    --- PASS: TestRoundTrip_lrtemplate_NP3_lrtemplate/32._E_-_Polaroid_Mono_+_ii.lrtemplate (0.00s)
    --- PASS: TestRoundTrip_lrtemplate_NP3_lrtemplate/28._E_-_Polaroid_+_iiii.lrtemplate (0.00s)
    --- PASS: TestRoundTrip_lrtemplate_NP3_lrtemplate/o_-_02._Lens_off.lrtemplate#03 (0.00s)
    --- PASS: TestRoundTrip_lrtemplate_NP3_lrtemplate/o_-_21_-_o.lrtemplate#03 (0.00s)
    --- PASS: TestRoundTrip_lrtemplate_NP3_lrtemplate/o_-_09_-_o.lrtemplate (0.00s)
    --- PASS: TestRoundTrip_lrtemplate_NP3_lrtemplate/27._E_-_Fuji_Sensia_+_punch.lrtemplate (0.00s)
    --- PASS: TestRoundTrip_lrtemplate_NP3_lrtemplate/06._E_-_Fuji_160_+_fade.lrtemplate (0.00s)
    --- PASS: TestRoundTrip_lrtemplate_NP3_lrtemplate/o_-_14._DETAIL_-_Low.lrtemplate (0.00s)
    --- PASS: TestRoundTrip_lrtemplate_NP3_lrtemplate/33._E_-_Polaroid_Mono_+_iii.lrtemplate (0.00s)
    --- PASS: TestRoundTrip_lrtemplate_NP3_lrtemplate/o_-_07._EXPOSURE_+_1.lrtemplate (0.00s)
    --- PASS: TestRoundTrip_lrtemplate_NP3_lrtemplate/o_-_12._CONTRAST_-_High.lrtemplate (0.00s)
    --- PASS: TestRoundTrip_lrtemplate_NP3_lrtemplate/o_-_01._Lens_on.lrtemplate#03 (0.00s)
    --- PASS: TestRoundTrip_lrtemplate_NP3_lrtemplate/15._E_-_Fuji_Velvia_+_fade.lrtemplate (0.00s)
    --- PASS: TestRoundTrip_lrtemplate_NP3_lrtemplate/o_-_05._EXPOSURE__-_1.lrtemplate (0.00s)
    --- PASS: TestRoundTrip_lrtemplate_NP3_lrtemplate/03._E_-_Fuji_160_+_iii.lrtemplate (0.00s)
    --- PASS: TestRoundTrip_lrtemplate_NP3_lrtemplate/o_-_15._DETAIL_-_Mid.lrtemplate (0.00s)
    --- FAIL: TestRoundTrip_lrtemplate_NP3_lrtemplate/33._E_-_Kodak_800_+_fade.lrtemplate (0.00s)
    --- PASS: TestRoundTrip_lrtemplate_NP3_lrtemplate/96._E_-_Kodak_Elite_+_fade.lrtemplate (0.00s)
    --- PASS: TestRoundTrip_lrtemplate_NP3_lrtemplate/o_-_16._DETAIL_-_High.lrtemplate (0.00s)
    --- PASS: TestRoundTrip_lrtemplate_NP3_lrtemplate/65._E_-_Kodak_E200_+_ii.lrtemplate (0.00s)
    --- PASS: TestRoundTrip_lrtemplate_NP3_lrtemplate/o_-_13_-_o.lrtemplate (0.00s)
    --- PASS: TestRoundTrip_lrtemplate_NP3_lrtemplate/o_-_08._EXPOSURE_+_2.lrtemplate (0.00s)
    --- PASS: TestRoundTrip_lrtemplate_NP3_lrtemplate/95._E_-_Kodak_Elite_+_iiiii.lrtemplate (0.00s)
    --- PASS: TestRoundTrip_lrtemplate_NP3_lrtemplate/64._E_-_Kodak_E200_+_i.lrtemplate (0.00s)
    --- PASS: TestRoundTrip_lrtemplate_NP3_lrtemplate/o_-_31._FINISH_-_Bright.lrtemplate#03 (0.00s)
    --- PASS: TestRoundTrip_lrtemplate_NP3_lrtemplate/67._E_-_Kodak_E200_+_iiii.lrtemplate (0.00s)
    --- PASS: TestRoundTrip_lrtemplate_NP3_lrtemplate/93._E_-_Kodak_Elite_+_iii.lrtemplate (0.00s)
    --- PASS: TestRoundTrip_lrtemplate_NP3_lrtemplate/63._E_-_Kodak_E100_+_punch.lrtemplate (0.00s)
    --- PASS: TestRoundTrip_lrtemplate_NP3_lrtemplate/30._E_-_Polaroid_+_punch.lrtemplate (0.00s)
    --- PASS: TestRoundTrip_lrtemplate_NP3_lrtemplate/66._E_-_Kodak_E200_+_iii.lrtemplate (0.00s)
    --- PASS: TestRoundTrip_lrtemplate_NP3_lrtemplate/29._E_-_Polaroid_+_fade.lrtemplate (0.00s)
    --- PASS: TestRoundTrip_lrtemplate_NP3_lrtemplate/o_-_21_-_o.lrtemplate (0.00s)
    --- PASS: TestRoundTrip_lrtemplate_NP3_lrtemplate/62._E_-_Kodak_E100_+_warm.lrtemplate (0.00s)
    --- PASS: TestRoundTrip_lrtemplate_NP3_lrtemplate/o_-_24._VIBRANCE_-__High.lrtemplate#03 (0.00s)
    --- PASS: TestRoundTrip_lrtemplate_NP3_lrtemplate/o_-_22._VIBRANCE__-_Low.lrtemplate (0.00s)
    --- PASS: TestRoundTrip_lrtemplate_NP3_lrtemplate/o_-_35._COLOR_-_Morning.lrtemplate#03 (0.00s)
    --- PASS: TestRoundTrip_lrtemplate_NP3_lrtemplate/o_-_10._CONTRAST_-_Low.lrtemplate (0.00s)
    --- PASS: TestRoundTrip_lrtemplate_NP3_lrtemplate/o_-_33_-_o.lrtemplate#03 (0.00s)
    --- PASS: TestRoundTrip_lrtemplate_NP3_lrtemplate/o_-_04._EXPOSURE__-_2.lrtemplate (0.00s)
    --- PASS: TestRoundTrip_lrtemplate_NP3_lrtemplate/o_-_30._FINISH_-_Washed.lrtemplate (0.00s)
    --- PASS: TestRoundTrip_lrtemplate_NP3_lrtemplate/91._E_-_Kodak_Elite_+_i.lrtemplate (0.00s)
    --- PASS: TestRoundTrip_lrtemplate_NP3_lrtemplate/o_-_03_-_o.lrtemplate (0.00s)
    --- PASS: TestRoundTrip_lrtemplate_NP3_lrtemplate/o_-_20._SHARPEN_-_High.lrtemplate (0.00s)
    --- PASS: TestRoundTrip_lrtemplate_NP3_lrtemplate/10._E_-_Kodak_Tri-X_+_iiii.lrtemplate (0.00s)
    --- PASS: TestRoundTrip_lrtemplate_NP3_lrtemplate/11._E_-_Kodak_Tri-X_+_fade.lrtemplate (0.00s)
    --- PASS: TestRoundTrip_lrtemplate_NP3_lrtemplate/o_-_18._SHARPEN_-_Low.lrtemplate (0.00s)
    --- FAIL: TestRoundTrip_lrtemplate_NP3_lrtemplate/60._E_-_Kodak_E100_+_fade.lrtemplate (0.00s)
    --- PASS: TestRoundTrip_lrtemplate_NP3_lrtemplate/08._E_-_Kodak_Tri-X_+_ii.lrtemplate (0.00s)
    --- PASS: TestRoundTrip_lrtemplate_NP3_lrtemplate/90._E_-_Kodak_Ektar_+_punch.lrtemplate (0.00s)
    --- PASS: TestRoundTrip_lrtemplate_NP3_lrtemplate/88._E_-_Kodak_Ektar_+_cool.lrtemplate (0.00s)
    --- PASS: TestRoundTrip_lrtemplate_NP3_lrtemplate/o_-_19._SHARPEN_-_Mid.lrtemplate (0.00s)
    --- PASS: TestRoundTrip_lrtemplate_NP3_lrtemplate/34._E_-_Fuji_Provia_+_cool.lrtemplate (0.00s)
    --- PASS: TestRoundTrip_lrtemplate_NP3_lrtemplate/o_-_02._Lens_off.lrtemplate (0.00s)
    --- PASS: TestRoundTrip_lrtemplate_NP3_lrtemplate/o_-_13_-_o.lrtemplate#03 (0.00s)
    --- PASS: TestRoundTrip_lrtemplate_NP3_lrtemplate/89._E_-_Kodak_Ektar_+_warm.lrtemplate (0.00s)
    --- PASS: TestRoundTrip_lrtemplate_NP3_lrtemplate/o_-_29._FINISH_-_Vintage.lrtemplate#03 (0.00s)
    --- PASS: TestRoundTrip_lrtemplate_NP3_lrtemplate/61._E_-_Kodak_E100_+_cool.lrtemplate (0.00s)
    --- PASS: TestRoundTrip_lrtemplate_NP3_lrtemplate/72._E_-_Kodak_E200_+_punch.lrtemplate (0.00s)
    --- PASS: TestRoundTrip_lrtemplate_NP3_lrtemplate/58._E_-_Kodak_E100_+_iiii.lrtemplate (0.00s)
    --- PASS: TestRoundTrip_lrtemplate_NP3_lrtemplate/o_-_20._SHARPEN_-_High.lrtemplate#03 (0.00s)
    --- PASS: TestRoundTrip_lrtemplate_NP3_lrtemplate/19._E_-_Fuji_Negative_+_i.lrtemplate (0.00s)
    --- PASS: TestRoundTrip_lrtemplate_NP3_lrtemplate/57._E_-_Kodak_E100_+_iii.lrtemplate (0.00s)
    --- PASS: TestRoundTrip_lrtemplate_NP3_lrtemplate/37._E_-_Polaroid_Mono_+_punch.lrtemplate (0.00s)
    --- PASS: TestRoundTrip_lrtemplate_NP3_lrtemplate/59._E_-_Kodak_E100_+_iiiii.lrtemplate (0.00s)
    --- FAIL: TestRoundTrip_lrtemplate_NP3_lrtemplate/81._E_-_Kodak_Gold_+_punch.lrtemplate (0.00s)
    --- PASS: TestRoundTrip_lrtemplate_NP3_lrtemplate/o_-_17_-_o.lrtemplate (0.00s)
    --- PASS: TestRoundTrip_lrtemplate_NP3_lrtemplate/o_-_14._DETAIL_-_Low.lrtemplate#03 (0.00s)
    --- PASS: TestRoundTrip_lrtemplate_NP3_lrtemplate/87._E_-_Kodak_Ektar_+_fade.lrtemplate (0.00s)
    --- PASS: TestRoundTrip_lrtemplate_NP3_lrtemplate/o_-_12._CONTRAST_-_High.lrtemplate#03 (0.00s)
    --- PASS: TestRoundTrip_lrtemplate_NP3_lrtemplate/14._E_-_Fuji_Neo_+_ii.lrtemplate (0.00s)
    --- PASS: TestRoundTrip_lrtemplate_NP3_lrtemplate/92._E_-_Kodak_Elite_+_ii.lrtemplate (0.00s)
    --- PASS: TestRoundTrip_lrtemplate_NP3_lrtemplate/86._E_-_Kodak_Ektar_+_iiiii.lrtemplate (0.00s)
    --- FAIL: TestRoundTrip_lrtemplate_NP3_lrtemplate/74._E_-_Kodak_Gold_+_ii.lrtemplate (0.00s)
    --- PASS: TestRoundTrip_lrtemplate_NP3_lrtemplate/09._E_-_Kodak_Tri-X_+_iii.lrtemplate (0.00s)
    --- PASS: TestRoundTrip_lrtemplate_NP3_lrtemplate/o_-_23._VIBRANCE__-_Mid.lrtemplate (0.00s)
    --- PASS: TestRoundTrip_lrtemplate_NP3_lrtemplate/18._E_-_Fuji_Neo_+_punch.lrtemplate (0.00s)
    --- PASS: TestRoundTrip_lrtemplate_NP3_lrtemplate/06._E_-_Kodak_Portra_+_fade.lrtemplate (0.00s)
    --- PASS: TestRoundTrip_lrtemplate_NP3_lrtemplate/56._E_-_Kodak_E100_+_ii.lrtemplate (0.00s)
    --- PASS: TestRoundTrip_lrtemplate_NP3_lrtemplate/85._E_-_Kodak_Ektar_+_iiii.lrtemplate (0.00s)
    --- PASS: TestRoundTrip_lrtemplate_NP3_lrtemplate/52._E_-_Kodak_E64_+_cool.lrtemplate (0.00s)
    --- PASS: TestRoundTrip_lrtemplate_NP3_lrtemplate/16._E_-_Fuji_Neo_+_iiii.lrtemplate (0.00s)
    --- PASS: TestRoundTrip_lrtemplate_NP3_lrtemplate/12._E_-_Kodak_Tri-X_+_punch.lrtemplate (0.00s)
    --- PASS: TestRoundTrip_lrtemplate_NP3_lrtemplate/71._E_-_Kodak_E200_+_warm.lrtemplate (0.00s)
    --- FAIL: TestRoundTrip_lrtemplate_NP3_lrtemplate/73._E_-_Kodak_Gold_+_i.lrtemplate (0.00s)
    --- PASS: TestRoundTrip_lrtemplate_NP3_lrtemplate/54._E_-_Kodak_E64_+_punch.lrtemplate (0.00s)
    --- PASS: TestRoundTrip_lrtemplate_NP3_lrtemplate/26._E_-_Polaroid_+_ii.lrtemplate (0.00s)
    --- PASS: TestRoundTrip_lrtemplate_NP3_lrtemplate/o_-_11._CONTRAST_-_Mid.lrtemplate (0.00s)
    --- FAIL: TestRoundTrip_lrtemplate_NP3_lrtemplate/75._E_-_Kodak_Gold_+_iii.lrtemplate (0.00s)
    --- PASS: TestRoundTrip_lrtemplate_NP3_lrtemplate/13._E_-_Fuji_Neo_+_i.lrtemplate (0.00s)
    --- PASS: TestRoundTrip_lrtemplate_NP3_lrtemplate/16._E_-_Kodak_160_+_cool.lrtemplate (0.00s)
    --- PASS: TestRoundTrip_lrtemplate_NP3_lrtemplate/o_-_29._FINISH_-_Vintage.lrtemplate (0.00s)
    --- PASS: TestRoundTrip_lrtemplate_NP3_lrtemplate/24._E_-_Fuji_Negative_+_punch.lrtemplate (0.00s)
    --- PASS: TestRoundTrip_lrtemplate_NP3_lrtemplate/00._E_-_o_.lrtemplate (0.00s)
    --- PASS: TestRoundTrip_lrtemplate_NP3_lrtemplate/07._E_-_Kodak_Tri-X_+_i.lrtemplate (0.00s)
    --- PASS: TestRoundTrip_lrtemplate_NP3_lrtemplate/55._E_-_Kodak_E100_+_i.lrtemplate (0.00s)
    --- FAIL: TestRoundTrip_lrtemplate_NP3_lrtemplate/29._E_-_Kodak_800_+_ii.lrtemplate (0.00s)
    --- PASS: TestRoundTrip_lrtemplate_NP3_lrtemplate/02._E_-_Kodak_Portra_+_ii.lrtemplate (0.00s)
    --- PASS: TestRoundTrip_lrtemplate_NP3_lrtemplate/o_-_50_-_o.lrtemplate#02 (0.00s)
    --- PASS: TestRoundTrip_lrtemplate_NP3_lrtemplate/01._E_-_Kodak_Portra_+_i.lrtemplate (0.00s)
    --- FAIL: TestRoundTrip_lrtemplate_NP3_lrtemplate/31._E_-_Kodak_800_+_iiii.lrtemplate (0.00s)
    --- PASS: TestRoundTrip_lrtemplate_NP3_lrtemplate/94._E_-_Kodak_Elite_+_iiii.lrtemplate (0.00s)
    --- PASS: TestRoundTrip_lrtemplate_NP3_lrtemplate/83._E_-_Kodak_Ektar_+_ii.lrtemplate (0.00s)
    --- PASS: TestRoundTrip_lrtemplate_NP3_lrtemplate/o_-_34._COLOR_-_Neutral.lrtemplate#03 (0.00s)
    --- PASS: TestRoundTrip_lrtemplate_NP3_lrtemplate/00._E_-_grain_x.lrtemplate (0.00s)
    --- PASS: TestRoundTrip_lrtemplate_NP3_lrtemplate/69._E_-_Kodak_E200_+_fade.lrtemplate (0.00s)
    --- PASS: TestRoundTrip_lrtemplate_NP3_lrtemplate/14._E_-_Kodak_160_+_iiiii.lrtemplate (0.00s)
    --- FAIL: TestRoundTrip_lrtemplate_NP3_lrtemplate/o_-_49._LIGHTING_-_Fluorescent.lrtemplate#02 (0.00s)
    --- PASS: TestRoundTrip_lrtemplate_NP3_lrtemplate/00._E_-_auto_wb.lrtemplate (0.00s)
    --- PASS: TestRoundTrip_lrtemplate_NP3_lrtemplate/15._E_-_Kodak_160_+_fade.lrtemplate (0.00s)
    --- PASS: TestRoundTrip_lrtemplate_NP3_lrtemplate/08._E_-_Kodak_Portra_+_warm.lrtemplate (0.00s)
    --- PASS: TestRoundTrip_lrtemplate_NP3_lrtemplate/03._E_-_Kodak_Portra_+_iii.lrtemplate (0.00s)
    --- PASS: TestRoundTrip_lrtemplate_NP3_lrtemplate/13._E_-_Kodak_160_+_iiii.lrtemplate (0.00s)
    --- PASS: TestRoundTrip_lrtemplate_NP3_lrtemplate/70._E_-_Kodak_E200_+_cool.lrtemplate (0.00s)
    --- PASS: TestRoundTrip_lrtemplate_NP3_lrtemplate/o_-_06._EXPOSURE__0.lrtemplate (0.00s)
    --- PASS: TestRoundTrip_lrtemplate_NP3_lrtemplate/84._E_-_Kodak_Ektar_+_iii.lrtemplate (0.00s)
    --- PASS: TestRoundTrip_lrtemplate_NP3_lrtemplate/38._E_-_Kodak_Echrome_+_ii.lrtemplate (0.00s)
    --- PASS: TestRoundTrip_lrtemplate_NP3_lrtemplate/53._E_-_Kodak_E64_+_warm.lrtemplate (0.00s)
    --- PASS: TestRoundTrip_lrtemplate_NP3_lrtemplate/49._E_-_Kodak_E64_+_iiii.lrtemplate (0.00s)
    --- PASS: TestRoundTrip_lrtemplate_NP3_lrtemplate/o_-_48._LIGHTING_-_Tungsten.lrtemplate#02 (0.00s)
    --- PASS: TestRoundTrip_lrtemplate_NP3_lrtemplate/o_-_28._FINISH_-_Strong.lrtemplate#03 (0.00s)
    --- FAIL: TestRoundTrip_lrtemplate_NP3_lrtemplate/30._E_-_Kodak_800_+_iii.lrtemplate (0.00s)
    --- PASS: TestRoundTrip_lrtemplate_NP3_lrtemplate/12._E_-_Kodak_160_+_iii.lrtemplate (0.00s)
    --- PASS: TestRoundTrip_lrtemplate_NP3_lrtemplate/37._E_-_Kodak_Echrome_+_i.lrtemplate (0.00s)
    --- PASS: TestRoundTrip_lrtemplate_NP3_lrtemplate/o_-_28._FINISH_-_Strong.lrtemplate (0.00s)
    --- FAIL: TestRoundTrip_lrtemplate_NP3_lrtemplate/32._E_-_Kodak_800_+_iiiii.lrtemplate (0.00s)
    --- PASS: TestRoundTrip_lrtemplate_NP3_lrtemplate/42._E_-_Kodak_Echrome_+_fade.lrtemplate (0.00s)
    --- PASS: TestRoundTrip_lrtemplate_NP3_lrtemplate/o_-_27._FINISH_-_Basic.lrtemplate (0.00s)
    --- PASS: TestRoundTrip_lrtemplate_NP3_lrtemplate/50._E_-_Kodak_E64_+_iiiii.lrtemplate (0.00s)
    --- PASS: TestRoundTrip_lrtemplate_NP3_lrtemplate/25._E_-_Polaroid_+_i.lrtemplate (0.00s)
    --- FAIL: TestRoundTrip_lrtemplate_NP3_lrtemplate/41._E_-_Kodak_Echrome_+_iiiii.lrtemplate (0.00s)
    --- PASS: TestRoundTrip_lrtemplate_NP3_lrtemplate/26._E_-_Kodak_400_+_warm.lrtemplate (0.00s)
    --- PASS: TestRoundTrip_lrtemplate_NP3_lrtemplate/15._E_-_Fuji_Neo_+_iii.lrtemplate (0.00s)
    --- PASS: TestRoundTrip_lrtemplate_NP3_lrtemplate/27._E_-_Kodak_400_+_punch.lrtemplate (0.00s)
    --- FAIL: TestRoundTrip_lrtemplate_NP3_lrtemplate/77._E_-_Kodak_Gold_+_iiiii.lrtemplate (0.00s)
    --- PASS: TestRoundTrip_lrtemplate_NP3_lrtemplate/07._E_-_Kodak_Portra_+_cool.lrtemplate (0.00s)
    --- PASS: TestRoundTrip_lrtemplate_NP3_lrtemplate/22._E_-_Kodak_400_+_iiii.lrtemplate (0.00s)
    --- PASS: TestRoundTrip_lrtemplate_NP3_lrtemplate/47._E_-_Kodak_E64_+_ii.lrtemplate (0.00s)
    --- FAIL: TestRoundTrip_lrtemplate_NP3_lrtemplate/36._E_-_Kodak_800_+_punch.lrtemplate (0.00s)
    --- FAIL: TestRoundTrip_lrtemplate_NP3_lrtemplate/78._E_-_Kodak_Gold_+_fade.lrtemplate (0.00s)
    --- PASS: TestRoundTrip_lrtemplate_NP3_lrtemplate/18._E_-_Kodak_160_+_punch.lrtemplate (0.00s)
    --- PASS: TestRoundTrip_lrtemplate_NP3_lrtemplate/20._E_-_Kodak_400_+_ii.lrtemplate (0.00s)
    --- PASS: TestRoundTrip_lrtemplate_NP3_lrtemplate/o_-_26._FINISH_-_Film.lrtemplate (0.00s)
    --- PASS: TestRoundTrip_lrtemplate_NP3_lrtemplate/48._E_-_Kodak_E64_+_iii.lrtemplate (0.00s)
    --- FAIL: TestRoundTrip_lrtemplate_NP3_lrtemplate/79._E_-_Kodak_Gold_+_cool.lrtemplate (0.00s)
    --- PASS: TestRoundTrip_lrtemplate_NP3_lrtemplate/19._E_-_Kodak_400_+_i.lrtemplate (0.00s)
    --- PASS: TestRoundTrip_lrtemplate_NP3_lrtemplate/25._E_-_Kodak_400_+_cool.lrtemplate (0.00s)
    --- PASS: TestRoundTrip_lrtemplate_NP3_lrtemplate/39._E_-_Kodak_Echrome_+_iii.lrtemplate (0.00s)
    --- FAIL: TestRoundTrip_lrtemplate_NP3_lrtemplate/80._E_-_Kodak_Gold_+_warm.lrtemplate (0.00s)
    --- PASS: TestRoundTrip_lrtemplate_NP3_lrtemplate/o_-_25_-_o.lrtemplate (0.00s)
    --- PASS: TestRoundTrip_lrtemplate_NP3_lrtemplate/24._E_-_Kodak_400_+_fade.lrtemplate (0.00s)
    --- FAIL: TestRoundTrip_lrtemplate_NP3_lrtemplate/45._E_-_Kodak_Echrome_+_punch.lrtemplate (0.00s)
    --- PASS: TestRoundTrip_lrtemplate_NP3_lrtemplate/44._E_-_Kodak_Echrome_+_warm.lrtemplate (0.00s)
    --- PASS: TestRoundTrip_lrtemplate_NP3_lrtemplate/o_-_30._FINISH_-_Washed.lrtemplate#03 (0.00s)
    --- FAIL: TestRoundTrip_lrtemplate_NP3_lrtemplate/40._E_-_Kodak_Echrome_+_iiii.lrtemplate (0.00s)
    --- PASS: TestRoundTrip_lrtemplate_NP3_lrtemplate/17._E_-_Fuji_Neo_+_fade.lrtemplate (0.00s)
    --- PASS: TestRoundTrip_lrtemplate_NP3_lrtemplate/17._E_-_Kodak_160_+_warm.lrtemplate (0.00s)
    --- PASS: TestRoundTrip_lrtemplate_NP3_lrtemplate/22._E_-_Fuji_Negative_+_iiii.lrtemplate (0.00s)
    --- FAIL: TestRoundTrip_lrtemplate_NP3_lrtemplate/35._E_-_Kodak_800_+_warm.lrtemplate (0.00s)
    --- PASS: TestRoundTrip_lrtemplate_NP3_lrtemplate/23._E_-_Kodak_400_+_iiiii.lrtemplate (0.00s)
    --- PASS: TestRoundTrip_lrtemplate_NP3_lrtemplate/o_-_24._VIBRANCE_-__High.lrtemplate (0.00s)
    --- PASS: TestRoundTrip_lrtemplate_NP3_lrtemplate/82._E_-_Kodak_Ektar_+_i.lrtemplate (0.00s)
    --- PASS: TestRoundTrip_lrtemplate_NP3_lrtemplate/11._E_-_Kodak_160_+_ii.lrtemplate (0.00s)
    --- PASS: TestRoundTrip_lrtemplate_NP3_lrtemplate/10._E_-_Kodak_160_+_i.lrtemplate (0.00s)
    --- FAIL: TestRoundTrip_lrtemplate_NP3_lrtemplate/76._E_-_Kodak_Gold_+_iiii.lrtemplate (0.00s)
    --- FAIL: TestRoundTrip_lrtemplate_NP3_lrtemplate/34._E_-_Kodak_800_+_cool.lrtemplate (0.00s)
    --- PASS: TestRoundTrip_lrtemplate_NP3_lrtemplate/46._E_-_Kodak_E64_+_i.lrtemplate (0.00s)
    --- PASS: TestRoundTrip_lrtemplate_NP3_lrtemplate/21._E_-_Kodak_400_+_iii.lrtemplate (0.00s)
    --- PASS: TestRoundTrip_lrtemplate_NP3_lrtemplate/23._E_-_Fuji_Negative_+_fade.lrtemplate (0.00s)
    --- PASS: TestRoundTrip_lrtemplate_NP3_lrtemplate/05._E_-_Kodak_Portra_+_iiiii.lrtemplate (0.00s)
    --- FAIL: TestRoundTrip_lrtemplate_NP3_lrtemplate/28._E_-_Kodak_800_+_i.lrtemplate (0.00s)
    --- PASS: TestRoundTrip_lrtemplate_NP3_lrtemplate/04._E_-_Kodak_Portra_+_iiii.lrtemplate (0.00s)
    --- PASS: TestRoundTrip_lrtemplate_NP3_lrtemplate/43._E_-_Kodak_Echrome_+_cool.lrtemplate (0.01s)
    --- PASS: TestRoundTrip_lrtemplate_NP3_lrtemplate/21._E_-_Fuji_Negative_+_iii.lrtemplate (0.00s)
    --- PASS: TestRoundTrip_lrtemplate_NP3_lrtemplate/51._E_-_Kodak_E64_+_fade.lrtemplate (0.01s)
=== NAME  TestRoundTrip_lrtemplate_XMP_lrtemplate/27._E_-_Polaroid_+_iii.lrtemplate
    roundtrip_test.go:398: PointCurve length difference: orig=4, final=0 (this may be expected due to format limitations)
=== CONT  TestRoundTrip_lrtemplate_XMP_lrtemplate/05._E_-_Kodak_Plus_+_fade.lrtemplate
=== NAME  TestRoundTrip_lrtemplate_XMP_lrtemplate/29._E_-_Polaroid_+_fade.lrtemplate
    roundtrip_test.go:398: PointCurve length difference: orig=5, final=0 (this may be expected due to format limitations)
=== CONT  TestRoundTrip_lrtemplate_XMP_lrtemplate/59._E_-_Fuji_XPro_+_iiiii.lrtemplate
=== CONT  TestRoundTrip_lrtemplate_XMP_lrtemplate/35._E_-_Polaroid_Mono_+_iiiii.lrtemplate
=== NAME  TestRoundTrip_lrtemplate_XMP_lrtemplate/67._E_-_Fuji_Negative_+_iiii.lrtemplate
    roundtrip_test.go:398: PointCurve length difference: orig=6, final=0 (this may be expected due to format limitations)
=== NAME  TestRoundTrip_lrtemplate_XMP_lrtemplate/19._E_-_Fuji_Negative_+_i.lrtemplate
    roundtrip_test.go:398: PointCurve length difference: orig=4, final=0 (this may be expected due to format limitations)
=== CONT  TestRoundTrip_lrtemplate_XMP_lrtemplate/34._E_-_Polaroid_Mono_+_iiii.lrtemplate
=== CONT  TestRoundTrip_lrtemplate_XMP_lrtemplate/33._E_-_Polaroid_Mono_+_iii.lrtemplate
=== NAME  TestRoundTrip_lrtemplate_XMP_lrtemplate/o_-_29._FINISH_-_Vintage.lrtemplate#03
    roundtrip_test.go:398: PointCurve length difference: orig=6, final=0 (this may be expected due to format limitations)
=== RUN   TestRoundTrip_XMP_lrtemplate_XMP/KDK_-_Gold_200_+.xmp#01
=== PAUSE TestRoundTrip_XMP_NP3_XMP/KDK_-_Echrome_100_-_warm.xmp#01
=== NAME  TestRoundTrip_lrtemplate_XMP_lrtemplate/16._E_-_Fuji_Neo_+_iiii.lrtemplate
    roundtrip_test.go:398: PointCurve length difference: orig=2, final=0 (this may be expected due to format limitations)
=== PAUSE TestRoundTrip_XMP_lrtemplate_XMP/KDK_-_Gold_200_+.xmp#01
=== CONT  TestRoundTrip_lrtemplate_XMP_lrtemplate/03._E_-_Kodak_Plus_+_iii.lrtemplate
=== NAME  TestRoundTrip_lrtemplate_XMP_lrtemplate/66._E_-_Fuji_Negative_+_iii.lrtemplate
    roundtrip_test.go:398: PointCurve length difference: orig=6, final=0 (this may be expected due to format limitations)
=== CONT  TestRoundTrip_lrtemplate_XMP_lrtemplate/26._E_-_Polaroid_+_ii.lrtemplate
=== NAME  TestRoundTrip_lrtemplate_XMP_lrtemplate/63._E_-_Fuji_XPro_+_punch.lrtemplate
    roundtrip_test.go:398: PointCurve length difference: orig=5, final=0 (this may be expected due to format limitations)
=== NAME  TestRoundTrip_lrtemplate_XMP_lrtemplate/61._E_-_Fuji_XPro_+_cool.lrtemplate
    roundtrip_test.go:398: PointCurve length difference: orig=4, final=0 (this may be expected due to format limitations)
=== CONT  TestRoundTrip_lrtemplate_XMP_lrtemplate/56._E_-_Fuji_XPro_+_ii.lrtemplate
=== NAME  TestRoundTrip_lrtemplate_XMP_lrtemplate/62._E_-_Fuji_XPro_+_warm.lrtemplate
    roundtrip_test.go:398: PointCurve length difference: orig=4, final=0 (this may be expected due to format limitations)
=== CONT  TestRoundTrip_lrtemplate_XMP_lrtemplate/01._E_-_Kodak_Plus_+_i.lrtemplate
=== NAME  TestRoundTrip_lrtemplate_XMP_lrtemplate/65._E_-_Fuji_Negative_+_ii.lrtemplate
    roundtrip_test.go:398: PointCurve length difference: orig=6, final=0 (this may be expected due to format limitations)
=== CONT  TestRoundTrip_lrtemplate_XMP_lrtemplate/13._E_-_Fuji_Neo_+_i.lrtemplate
=== NAME  TestRoundTrip_lrtemplate_XMP_lrtemplate/60._E_-_Fuji_XPro_+_fade.lrtemplate
    roundtrip_test.go:398: PointCurve length difference: orig=5, final=0 (this may be expected due to format limitations)
=== NAME  TestRoundTrip_lrtemplate_XMP_lrtemplate/17._E_-_Fuji_Neo_+_fade.lrtemplate
    roundtrip_test.go:398: PointCurve length difference: orig=5, final=0 (this may be expected due to format limitations)
=== NAME  TestRoundTrip_lrtemplate_XMP_lrtemplate/05._E_-_Kodak_Plus_+_fade.lrtemplate
    roundtrip_test.go:398: PointCurve length difference: orig=5, final=0 (this may be expected due to format limitations)
=== CONT  TestRoundTrip_lrtemplate_XMP_lrtemplate/12._E_-_Kodak_Tri-X_+_punch.lrtemplate
=== CONT  TestRoundTrip_lrtemplate_XMP_lrtemplate/15._E_-_Fuji_Neo_+_iii.lrtemplate
=== CONT  TestRoundTrip_lrtemplate_XMP_lrtemplate/14._E_-_Fuji_Neo_+_ii.lrtemplate
=== CONT  TestRoundTrip_lrtemplate_XMP_lrtemplate/58._E_-_Fuji_XPro_+_iiii.lrtemplate
=== CONT  TestRoundTrip_lrtemplate_XMP_lrtemplate/o_-_49._LIGHTING_-_Fluorescent.lrtemplate#02
=== CONT  TestRoundTrip_lrtemplate_XMP_lrtemplate/04._E_-_Kodak_Plus_+_iiii.lrtemplate
=== RUN   TestRoundTrip_XMP_NP3_XMP/KDK_-_Echrome_100.xmp#01
=== RUN   TestRoundTrip_XMP_lrtemplate_XMP/KDK_-_Gold_200_-_boost.xmp#01
=== CONT  TestRoundTrip_lrtemplate_XMP_lrtemplate/57._E_-_Fuji_XPro_+_iii.lrtemplate
=== NAME  TestRoundTrip_lrtemplate_XMP_lrtemplate/64._E_-_Fuji_Negative_+_i.lrtemplate
    roundtrip_test.go:398: PointCurve length difference: orig=6, final=0 (this may be expected due to format limitations)
=== CONT  TestRoundTrip_lrtemplate_XMP_lrtemplate/o_-_48._LIGHTING_-_Tungsten.lrtemplate#02
=== CONT  TestRoundTrip_lrtemplate_XMP_lrtemplate/02._E_-_Kodak_Plus_+_ii.lrtemplate
=== CONT  TestRoundTrip_lrtemplate_XMP_lrtemplate/00._E_-_o____.lrtemplate
=== NAME  TestRoundTrip_lrtemplate_XMP_lrtemplate/31._E_-_Polaroid_Mono_+_i.lrtemplate
    roundtrip_test.go:398: PointCurve length difference: orig=7, final=0 (this may be expected due to format limitations)
=== NAME  TestRoundTrip_lrtemplate_XMP_lrtemplate/18._E_-_Fuji_Neo_+_punch.lrtemplate
    roundtrip_test.go:398: PointCurve length difference: orig=5, final=0 (this may be expected due to format limitations)
=== NAME  TestRoundTrip_lrtemplate_XMP_lrtemplate/28._E_-_Polaroid_+_iiii.lrtemplate
    roundtrip_test.go:398: PointCurve length difference: orig=6, final=0 (this may be expected due to format limitations)
=== CONT  TestRoundTrip_lrtemplate_XMP_lrtemplate/54._E_-_Fuji_Fortia_+_punch.lrtemplate
=== PAUSE TestRoundTrip_XMP_lrtemplate_XMP/KDK_-_Gold_200_-_boost.xmp#01
=== NAME  TestRoundTrip_lrtemplate_XMP_lrtemplate/26._E_-_Polaroid_+_ii.lrtemplate
    roundtrip_test.go:398: PointCurve length difference: orig=6, final=0 (this may be expected due to format limitations)
=== CONT  TestRoundTrip_lrtemplate_XMP_lrtemplate/11._E_-_Kodak_Tri-X_+_fade.lrtemplate
=== CONT  TestRoundTrip_lrtemplate_XMP_lrtemplate/o_-_47._LIGHTING_-_Daylight.lrtemplate#02
=== CONT  TestRoundTrip_lrtemplate_XMP_lrtemplate/o_-_46._LIGHTING_-_Cloudy.lrtemplate#02
=== NAME  TestRoundTrip_lrtemplate_XMP_lrtemplate/59._E_-_Fuji_XPro_+_iiiii.lrtemplate
    roundtrip_test.go:398: PointCurve length difference: orig=4, final=0 (this may be expected due to format limitations)
=== NAME  TestRoundTrip_lrtemplate_XMP_lrtemplate/04._E_-_Kodak_Plus_+_iiii.lrtemplate
    roundtrip_test.go:398: PointCurve length difference: orig=2, final=0 (this may be expected due to format limitations)
=== CONT  TestRoundTrip_lrtemplate_XMP_lrtemplate/53._E_-_Fuji_Fortia_+_warm.lrtemplate
=== NAME  TestRoundTrip_lrtemplate_XMP_lrtemplate/56._E_-_Fuji_XPro_+_ii.lrtemplate
    roundtrip_test.go:398: PointCurve length difference: orig=4, final=0 (this may be expected due to format limitations)
=== CONT  TestRoundTrip_lrtemplate_XMP_lrtemplate/o_-_45._LIGHTING_-_Shade.lrtemplate#02
=== NAME  TestRoundTrip_lrtemplate_XMP_lrtemplate/00._E_-_o____.lrtemplate
    roundtrip_test.go:398: PointCurve length difference: orig=2, final=0 (this may be expected due to format limitations)
=== NAME  TestRoundTrip_lrtemplate_XMP_lrtemplate/34._E_-_Polaroid_Mono_+_iiii.lrtemplate
    roundtrip_test.go:398: PointCurve length difference: orig=4, final=0 (this may be expected due to format limitations)
=== NAME  TestRoundTrip_lrtemplate_XMP_lrtemplate/15._E_-_Fuji_Neo_+_iii.lrtemplate
    roundtrip_test.go:398: PointCurve length difference: orig=5, final=0 (this may be expected due to format limitations)
=== CONT  TestRoundTrip_lrtemplate_XMP_lrtemplate/o_-_27._FINISH_-_Basic.lrtemplate#03
=== NAME  TestRoundTrip_lrtemplate_XMP_lrtemplate/33._E_-_Polaroid_Mono_+_iii.lrtemplate
    roundtrip_test.go:398: PointCurve length difference: orig=3, final=0 (this may be expected due to format limitations)
=== RUN   TestRoundTrip_XMP_lrtemplate_XMP/KDK_-_Gold_200_-_cool.xmp#01
=== CONT  TestRoundTrip_lrtemplate_XMP_lrtemplate/52._E_-_Fuji_Fortia_+_cool.lrtemplate
=== PAUSE TestRoundTrip_XMP_NP3_XMP/KDK_-_Echrome_100.xmp#01
=== NAME  TestRoundTrip_lrtemplate_XMP_lrtemplate/03._E_-_Kodak_Plus_+_iii.lrtemplate
    roundtrip_test.go:398: PointCurve length difference: orig=2, final=0 (this may be expected due to format limitations)
=== CONT  TestRoundTrip_lrtemplate_XMP_lrtemplate/50._E_-_Fuji_Fortia_+_iiiii.lrtemplate
=== NAME  TestRoundTrip_lrtemplate_XMP_lrtemplate/13._E_-_Fuji_Neo_+_i.lrtemplate
    roundtrip_test.go:398: PointCurve length difference: orig=4, final=0 (this may be expected due to format limitations)
=== CONT  TestRoundTrip_lrtemplate_XMP_lrtemplate/o_-_43._LIGHTING_-_As_Shot.lrtemplate#02
=== NAME  TestRoundTrip_lrtemplate_XMP_lrtemplate/58._E_-_Fuji_XPro_+_iiii.lrtemplate
    roundtrip_test.go:398: PointCurve length difference: orig=5, final=0 (this may be expected due to format limitations)
=== NAME  TestRoundTrip_lrtemplate_XMP_lrtemplate/57._E_-_Fuji_XPro_+_iii.lrtemplate
    roundtrip_test.go:398: PointCurve length difference: orig=5, final=0 (this may be expected due to format limitations)
=== RUN   TestRoundTrip_XMP_NP3_XMP/KDK_-_Echrome_200_++++.xmp#01
=== CONT  TestRoundTrip_lrtemplate_XMP_lrtemplate/o_-_26._FINISH_-_Film.lrtemplate#03
=== PAUSE TestRoundTrip_XMP_NP3_XMP/KDK_-_Echrome_200_++++.xmp#01
=== CONT  TestRoundTrip_lrtemplate_XMP_lrtemplate/55._E_-_Fuji_XPro_+_i.lrtemplate
=== CONT  TestRoundTrip_lrtemplate_XMP_lrtemplate/09._E_-_Kodak_Tri-X_+_iii.lrtemplate
=== RUN   TestRoundTrip_XMP_NP3_XMP/KDK_-_Echrome_200_+++.xmp#01
=== CONT  TestRoundTrip_lrtemplate_XMP_lrtemplate/o_-_42._LIGHTING_-_Auto_Set.lrtemplate#02
=== PAUSE TestRoundTrip_XMP_NP3_XMP/KDK_-_Echrome_200_+++.xmp#01
=== NAME  TestRoundTrip_lrtemplate_XMP_lrtemplate/12._E_-_Kodak_Tri-X_+_punch.lrtemplate
    roundtrip_test.go:398: PointCurve length difference: orig=2, final=0 (this may be expected due to format limitations)
=== RUN   TestRoundTrip_XMP_NP3_XMP/KDK_-_Echrome_200_++.xmp#01
=== PAUSE TestRoundTrip_XMP_NP3_XMP/KDK_-_Echrome_200_++.xmp#01
=== RUN   TestRoundTrip_XMP_NP3_XMP/KDK_-_Echrome_200_+.xmp#01
=== CONT  TestRoundTrip_lrtemplate_XMP_lrtemplate/49._E_-_Fuji_Fortia_+_iiii.lrtemplate
=== NAME  TestRoundTrip_lrtemplate_XMP_lrtemplate/01._E_-_Kodak_Plus_+_i.lrtemplate
    roundtrip_test.go:398: PointCurve length difference: orig=4, final=0 (this may be expected due to format limitations)
=== CONT  TestRoundTrip_lrtemplate_XMP_lrtemplate/o_-_31._FINISH_-_Bright.lrtemplate#02
=== CONT  TestRoundTrip_lrtemplate_XMP_lrtemplate/00._E_-_grain_x___.lrtemplate
=== CONT  TestRoundTrip_lrtemplate_XMP_lrtemplate/10._E_-_Kodak_Tri-X_+_iiii.lrtemplate
=== CONT  TestRoundTrip_lrtemplate_XMP_lrtemplate/00._E_-_auto_wb____.lrtemplate
=== PAUSE TestRoundTrip_XMP_lrtemplate_XMP/KDK_-_Gold_200_-_cool.xmp#01
=== CONT  TestRoundTrip_lrtemplate_XMP_lrtemplate/51._E_-_Fuji_Fortia_+_fade.lrtemplate
=== NAME  TestRoundTrip_lrtemplate_XMP_lrtemplate/35._E_-_Polaroid_Mono_+_iiiii.lrtemplate
    roundtrip_test.go:398: PointCurve length difference: orig=5, final=0 (this may be expected due to format limitations)
=== CONT  TestRoundTrip_lrtemplate_XMP_lrtemplate/o_-_30._FINISH_-_Washed.lrtemplate#02
=== NAME  TestRoundTrip_lrtemplate_XMP_lrtemplate/53._E_-_Fuji_Fortia_+_warm.lrtemplate
    roundtrip_test.go:398: PointCurve length difference: orig=2, final=0 (this may be expected due to format limitations)
=== NAME  TestRoundTrip_lrtemplate_XMP_lrtemplate/52._E_-_Fuji_Fortia_+_cool.lrtemplate
    roundtrip_test.go:398: PointCurve length difference: orig=2, final=0 (this may be expected due to format limitations)
=== CONT  TestRoundTrip_lrtemplate_XMP_lrtemplate/08._E_-_Kodak_Tri-X_+_ii.lrtemplate
=== CONT  TestRoundTrip_lrtemplate_XMP_lrtemplate/07._E_-_Kodak_Tri-X_+_i.lrtemplate
=== CONT  TestRoundTrip_lrtemplate_XMP_lrtemplate/o_-_29._FINISH_-_Vintage.lrtemplate#02
=== NAME  TestRoundTrip_lrtemplate_XMP_lrtemplate/o_-_26._FINISH_-_Film.lrtemplate#03
    roundtrip_test.go:398: PointCurve length difference: orig=4, final=0 (this may be expected due to format limitations)
=== CONT  TestRoundTrip_lrtemplate_XMP_lrtemplate/o_-_40._COLOR_-_Pastel_Rouge.lrtemplate#02
=== PAUSE TestRoundTrip_XMP_NP3_XMP/KDK_-_Echrome_200_+.xmp#01
=== NAME  TestRoundTrip_lrtemplate_XMP_lrtemplate/50._E_-_Fuji_Fortia_+_iiiii.lrtemplate
    roundtrip_test.go:398: PointCurve length difference: orig=2, final=0 (this may be expected due to format limitations)
=== RUN   TestRoundTrip_XMP_NP3_XMP/KDK_-_Echrome_200_-_boost.xmp#01
=== CONT  TestRoundTrip_lrtemplate_XMP_lrtemplate/o_-_50_-_o.lrtemplate#02
=== PAUSE TestRoundTrip_XMP_NP3_XMP/KDK_-_Echrome_200_-_boost.xmp#01
=== RUN   TestRoundTrip_XMP_NP3_XMP/KDK_-_Echrome_200_-_cool.xmp#01
=== CONT  TestRoundTrip_lrtemplate_XMP_lrtemplate/o_-_41_-_o.lrtemplate#02
=== PAUSE TestRoundTrip_XMP_NP3_XMP/KDK_-_Echrome_200_-_cool.xmp#01
=== RUN   TestRoundTrip_XMP_NP3_XMP/KDK_-_Echrome_200_-_film.xmp#01
=== PAUSE TestRoundTrip_XMP_NP3_XMP/KDK_-_Echrome_200_-_film.xmp#01
=== NAME  TestRoundTrip_lrtemplate_XMP_lrtemplate/49._E_-_Fuji_Fortia_+_iiii.lrtemplate
    roundtrip_test.go:398: PointCurve length difference: orig=2, final=0 (this may be expected due to format limitations)
=== NAME  TestRoundTrip_lrtemplate_XMP_lrtemplate/09._E_-_Kodak_Tri-X_+_iii.lrtemplate
    roundtrip_test.go:398: PointCurve length difference: orig=2, final=0 (this may be expected due to format limitations)
=== CONT  TestRoundTrip_lrtemplate_XMP_lrtemplate/o_-_39._COLOR_-_Warm_Light.lrtemplate#02
=== RUN   TestRoundTrip_XMP_NP3_XMP/KDK_-_Echrome_200_-_warm.xmp#01
=== CONT  TestRoundTrip_lrtemplate_XMP_lrtemplate/06._E_-_Kodak_Plus_+_punch.lrtemplate
=== CONT  TestRoundTrip_lrtemplate_XMP_lrtemplate/o_-_15._DETAIL_-_Mid.lrtemplate#02
=== NAME  TestRoundTrip_lrtemplate_XMP_lrtemplate/o_-_31._FINISH_-_Bright.lrtemplate#02
    roundtrip_test.go:398: PointCurve length difference: orig=6, final=0 (this may be expected due to format limitations)
=== CONT  TestRoundTrip_lrtemplate_XMP_lrtemplate/o_-_14._DETAIL_-_Low.lrtemplate#02
=== NAME  TestRoundTrip_lrtemplate_XMP_lrtemplate/14._E_-_Fuji_Neo_+_ii.lrtemplate
    roundtrip_test.go:398: PointCurve length difference: orig=3, final=0 (this may be expected due to format limitations)
=== CONT  TestRoundTrip_lrtemplate_XMP_lrtemplate/o_-_27._FINISH_-_Basic.lrtemplate#02
=== NAME  TestRoundTrip_lrtemplate_XMP_lrtemplate/54._E_-_Fuji_Fortia_+_punch.lrtemplate
    roundtrip_test.go:398: PointCurve length difference: orig=2, final=0 (this may be expected due to format limitations)
=== NAME  TestRoundTrip_lrtemplate_XMP_lrtemplate/07._E_-_Kodak_Tri-X_+_i.lrtemplate
    roundtrip_test.go:398: PointCurve length difference: orig=2, final=0 (this may be expected due to format limitations)
=== NAME  TestRoundTrip_lrtemplate_XMP_lrtemplate/55._E_-_Fuji_XPro_+_i.lrtemplate
    roundtrip_test.go:398: PointCurve length difference: orig=4, final=0 (this may be expected due to format limitations)
=== CONT  TestRoundTrip_lrtemplate_XMP_lrtemplate/o_-_12._CONTRAST_-_High.lrtemplate#02
=== CONT  TestRoundTrip_lrtemplate_XMP_lrtemplate/o_-_06._EXPOSURE__0.lrtemplate#02
=== NAME  TestRoundTrip_lrtemplate_XMP_lrtemplate/10._E_-_Kodak_Tri-X_+_iiii.lrtemplate
    roundtrip_test.go:398: PointCurve length difference: orig=2, final=0 (this may be expected due to format limitations)
=== CONT  TestRoundTrip_lrtemplate_XMP_lrtemplate/o_-_37._COLOR_-_Spearmint.lrtemplate#02
=== NAME  TestRoundTrip_lrtemplate_XMP_lrtemplate/o_-_27._FINISH_-_Basic.lrtemplate#03
    roundtrip_test.go:398: PointCurve length difference: orig=5, final=0 (this may be expected due to format limitations)
=== CONT  TestRoundTrip_lrtemplate_XMP_lrtemplate/o_-_05._EXPOSURE__-_1.lrtemplate#02
=== CONT  TestRoundTrip_lrtemplate_XMP_lrtemplate/o_-_10._CONTRAST_-_Low.lrtemplate#02
=== RUN   TestRoundTrip_XMP_lrtemplate_XMP/KDK_-_Gold_200_-_film.xmp#01
=== NAME  TestRoundTrip_lrtemplate_XMP_lrtemplate/11._E_-_Kodak_Tri-X_+_fade.lrtemplate
    roundtrip_test.go:398: PointCurve length difference: orig=5, final=0 (this may be expected due to format limitations)
=== CONT  TestRoundTrip_lrtemplate_XMP_lrtemplate/o_-_08._EXPOSURE_+_2.lrtemplate#02
=== CONT  TestRoundTrip_lrtemplate_XMP_lrtemplate/00._E_-_auto_tone____.lrtemplate
=== NAME  TestRoundTrip_lrtemplate_XMP_lrtemplate/51._E_-_Fuji_Fortia_+_fade.lrtemplate
    roundtrip_test.go:398: PointCurve length difference: orig=5, final=0 (this may be expected due to format limitations)
=== CONT  TestRoundTrip_lrtemplate_XMP_lrtemplate/o_-_44._LIGHTING_-_Flash.lrtemplate#02
=== CONT  TestRoundTrip_lrtemplate_XMP_lrtemplate/o_-_38._COLOR_-_Sea_Breeze.lrtemplate#02
=== NAME  TestRoundTrip_lrtemplate_XMP_lrtemplate/02._E_-_Kodak_Plus_+_ii.lrtemplate
    roundtrip_test.go:398: PointCurve length difference: orig=4, final=0 (this may be expected due to format limitations)
=== CONT  TestRoundTrip_lrtemplate_XMP_lrtemplate/o_-_00_-_o.lrtemplate#02
=== CONT  TestRoundTrip_lrtemplate_XMP_lrtemplate/o_-_28._FINISH_-_Strong.lrtemplate#02
=== PAUSE TestRoundTrip_XMP_NP3_XMP/KDK_-_Echrome_200_-_warm.xmp#01
=== RUN   TestRoundTrip_XMP_NP3_XMP/KDK_-_Echrome_200.xmp#01
=== PAUSE TestRoundTrip_XMP_NP3_XMP/KDK_-_Echrome_200.xmp#01
=== NAME  TestRoundTrip_lrtemplate_XMP_lrtemplate/o_-_27._FINISH_-_Basic.lrtemplate#02
    roundtrip_test.go:398: PointCurve length difference: orig=5, final=0 (this may be expected due to format limitations)
=== CONT  TestRoundTrip_lrtemplate_XMP_lrtemplate/o_-_36._COLOR_-_Lavender.lrtemplate#02
=== RUN   TestRoundTrip_XMP_NP3_XMP/KDK_-_Echrome_64_++++.xmp#01
=== PAUSE TestRoundTrip_XMP_NP3_XMP/KDK_-_Echrome_64_++++.xmp#01
=== CONT  TestRoundTrip_lrtemplate_XMP_lrtemplate/o_-_07._EXPOSURE_+_1.lrtemplate#02
=== RUN   TestRoundTrip_XMP_NP3_XMP/KDK_-_Echrome_64_+++.xmp#01
=== PAUSE TestRoundTrip_XMP_NP3_XMP/KDK_-_Echrome_64_+++.xmp#01
=== RUN   TestRoundTrip_XMP_NP3_XMP/KDK_-_Echrome_64_++.xmp#01
=== PAUSE TestRoundTrip_XMP_NP3_XMP/KDK_-_Echrome_64_++.xmp#01
=== RUN   TestRoundTrip_XMP_NP3_XMP/KDK_-_Echrome_64_+.xmp#01
=== PAUSE TestRoundTrip_XMP_NP3_XMP/KDK_-_Echrome_64_+.xmp#01
=== RUN   TestRoundTrip_XMP_NP3_XMP/KDK_-_Echrome_64_-_boost.xmp#01
=== PAUSE TestRoundTrip_XMP_NP3_XMP/KDK_-_Echrome_64_-_boost.xmp#01
=== RUN   TestRoundTrip_XMP_NP3_XMP/KDK_-_Echrome_64_-_cool.xmp#01
=== PAUSE TestRoundTrip_XMP_NP3_XMP/KDK_-_Echrome_64_-_cool.xmp#01
=== RUN   TestRoundTrip_XMP_NP3_XMP/KDK_-_Echrome_64_-_film.xmp#01
=== PAUSE TestRoundTrip_XMP_NP3_XMP/KDK_-_Echrome_64_-_film.xmp#01
=== RUN   TestRoundTrip_XMP_NP3_XMP/KDK_-_Echrome_64_-_warm.xmp#01
=== PAUSE TestRoundTrip_XMP_NP3_XMP/KDK_-_Echrome_64_-_warm.xmp#01
=== RUN   TestRoundTrip_XMP_NP3_XMP/KDK_-_Echrome_64.xmp#01
=== PAUSE TestRoundTrip_XMP_NP3_XMP/KDK_-_Echrome_64.xmp#01
=== RUN   TestRoundTrip_XMP_NP3_XMP/KDK_-_Echrome.xmp#01
=== CONT  TestRoundTrip_lrtemplate_XMP_lrtemplate/71._E_-_Polaroid_Tint_+_punch.lrtemplate
=== PAUSE TestRoundTrip_XMP_NP3_XMP/KDK_-_Echrome.xmp#01
=== RUN   TestRoundTrip_XMP_NP3_XMP/KDK_-_Ektar_100_++++.xmp#01
=== PAUSE TestRoundTrip_XMP_NP3_XMP/KDK_-_Ektar_100_++++.xmp#01
=== RUN   TestRoundTrip_XMP_NP3_XMP/KDK_-_Ektar_100_+++.xmp#01
=== PAUSE TestRoundTrip_XMP_NP3_XMP/KDK_-_Ektar_100_+++.xmp#01
=== CONT  TestRoundTrip_lrtemplate_XMP_lrtemplate/o_-_35._COLOR_-_Morning.lrtemplate#02
=== RUN   TestRoundTrip_XMP_NP3_XMP/KDK_-_Ektar_100_++.xmp#01
=== PAUSE TestRoundTrip_XMP_NP3_XMP/KDK_-_Ektar_100_++.xmp#01
=== RUN   TestRoundTrip_XMP_NP3_XMP/KDK_-_Ektar_100_+.xmp#01
=== PAUSE TestRoundTrip_XMP_NP3_XMP/KDK_-_Ektar_100_+.xmp#01
=== RUN   TestRoundTrip_XMP_NP3_XMP/KDK_-_Ektar_100_-_boost.xmp#01
=== PAUSE TestRoundTrip_XMP_NP3_XMP/KDK_-_Ektar_100_-_boost.xmp#01
=== CONT  TestRoundTrip_lrtemplate_XMP_lrtemplate/48._E_-_Fuji_Fortia_+_iii.lrtemplate
=== NAME  TestRoundTrip_lrtemplate_XMP_lrtemplate/08._E_-_Kodak_Tri-X_+_ii.lrtemplate
    roundtrip_test.go:398: PointCurve length difference: orig=5, final=0 (this may be expected due to format limitations)
=== CONT  TestRoundTrip_lrtemplate_XMP_lrtemplate/o_-_23._VIBRANCE__-_Mid.lrtemplate#02
=== CONT  TestRoundTrip_lrtemplate_XMP_lrtemplate/o_-_34._COLOR_-_Neutral.lrtemplate#02
=== CONT  TestRoundTrip_lrtemplate_XMP_lrtemplate/o_-_09_-_o.lrtemplate#02
=== CONT  TestRoundTrip_lrtemplate_XMP_lrtemplate/o_-_22._VIBRANCE__-_Low.lrtemplate#02
=== PAUSE TestRoundTrip_XMP_lrtemplate_XMP/KDK_-_Gold_200_-_film.xmp#01
=== RUN   TestRoundTrip_XMP_lrtemplate_XMP/KDK_-_Gold_200_-_warm.xmp#01
=== PAUSE TestRoundTrip_XMP_lrtemplate_XMP/KDK_-_Gold_200_-_warm.xmp#01
=== NAME  TestRoundTrip_lrtemplate_XMP_lrtemplate/06._E_-_Kodak_Plus_+_punch.lrtemplate
    roundtrip_test.go:398: PointCurve length difference: orig=4, final=0 (this may be expected due to format limitations)
=== CONT  TestRoundTrip_lrtemplate_XMP_lrtemplate/o_-_33_-_o.lrtemplate#02
=== NAME  TestRoundTrip_lrtemplate_XMP_lrtemplate/o_-_30._FINISH_-_Washed.lrtemplate#02
    roundtrip_test.go:398: PointCurve length difference: orig=5, final=0 (this may be expected due to format limitations)
=== CONT  TestRoundTrip_lrtemplate_XMP_lrtemplate/o_-_11._CONTRAST_-_Mid.lrtemplate#02
=== CONT  TestRoundTrip_lrtemplate_XMP_lrtemplate/o_-_03_-_o.lrtemplate#02
=== CONT  TestRoundTrip_lrtemplate_XMP_lrtemplate/68._E_-_Polaroid_Tint_+_fade.lrtemplate
=== CONT  TestRoundTrip_lrtemplate_XMP_lrtemplate/o_-_02._Lens_off.lrtemplate#02
=== CONT  TestRoundTrip_lrtemplate_XMP_lrtemplate/o_-_21_-_o.lrtemplate#02
=== CONT  TestRoundTrip_lrtemplate_XMP_lrtemplate/o_-_13_-_o.lrtemplate#02
=== NAME  TestRoundTrip_lrtemplate_XMP_lrtemplate/48._E_-_Fuji_Fortia_+_iii.lrtemplate
    roundtrip_test.go:398: PointCurve length difference: orig=2, final=0 (this may be expected due to format limitations)
=== CONT  TestRoundTrip_lrtemplate_XMP_lrtemplate/o_-_20._SHARPEN_-_High.lrtemplate#02
=== CONT  TestRoundTrip_lrtemplate_XMP_lrtemplate/o_-_26._FINISH_-_Film.lrtemplate#02
=== CONT  TestRoundTrip_lrtemplate_XMP_lrtemplate/39._E_-_Agfa_RSX_+_iii.lrtemplate
=== CONT  TestRoundTrip_lrtemplate_XMP_lrtemplate/38._E_-_Agfa_RSX_+_ii.lrtemplate
=== CONT  TestRoundTrip_lrtemplate_XMP_lrtemplate/37._E_-_Agfa_RSX_+_i.lrtemplate
=== CONT  TestRoundTrip_lrtemplate_XMP_lrtemplate/36._E_-_Agfa_Ultra_+_punch.lrtemplate
=== CONT  TestRoundTrip_lrtemplate_XMP_lrtemplate/35._E_-_Agfa_Ultra_+_warm.lrtemplate
=== NAME  TestRoundTrip_lrtemplate_XMP_lrtemplate/68._E_-_Polaroid_Tint_+_fade.lrtemplate
    roundtrip_test.go:398: PointCurve length difference: orig=4, final=0 (this may be expected due to format limitations)
=== CONT  TestRoundTrip_lrtemplate_XMP_lrtemplate/34._E_-_Agfa_Ultra_+_cool.lrtemplate
=== CONT  TestRoundTrip_lrtemplate_XMP_lrtemplate/o_-_19._SHARPEN_-_Mid.lrtemplate#02
=== NAME  TestRoundTrip_lrtemplate_XMP_lrtemplate/o_-_29._FINISH_-_Vintage.lrtemplate#02
    roundtrip_test.go:398: PointCurve length difference: orig=6, final=0 (this may be expected due to format limitations)
=== CONT  TestRoundTrip_lrtemplate_XMP_lrtemplate/70._E_-_Polaroid_Tint_+_warm.lrtemplate
=== RUN   TestRoundTrip_XMP_lrtemplate_XMP/KDK_-_Gold_200.xmp#01
=== PAUSE TestRoundTrip_XMP_lrtemplate_XMP/KDK_-_Gold_200.xmp#01
=== NAME  TestRoundTrip_lrtemplate_XMP_lrtemplate/71._E_-_Polaroid_Tint_+_punch.lrtemplate
    roundtrip_test.go:398: PointCurve length difference: orig=5, final=0 (this may be expected due to format limitations)
=== RUN   TestRoundTrip_XMP_NP3_XMP/KDK_-_Ektar_100_-_cool.xmp#01
=== PAUSE TestRoundTrip_XMP_NP3_XMP/KDK_-_Ektar_100_-_cool.xmp#01
=== CONT  TestRoundTrip_lrtemplate_XMP_lrtemplate/69._E_-_Polaroid_Tint_+_cool.lrtemplate
=== CONT  TestRoundTrip_lrtemplate_XMP_lrtemplate/58._E_-_Polaroid_Color_+_iiii.lrtemplate
=== CONT  TestRoundTrip_lrtemplate_XMP_lrtemplate/o_-_32._FINISH_-_Retro.lrtemplate#02
=== CONT  TestRoundTrip_lrtemplate_XMP_lrtemplate/67._E_-_Polaroid_Tint_+_iiiii.lrtemplate
=== CONT  TestRoundTrip_lrtemplate_XMP_lrtemplate/o_-_04._EXPOSURE__-_2.lrtemplate#02
=== CONT  TestRoundTrip_lrtemplate_XMP_lrtemplate/51._E_-_Polaroid_+_fade.lrtemplate
=== CONT  TestRoundTrip_lrtemplate_XMP_lrtemplate/66._E_-_Polaroid_Tint_+_iiii.lrtemplate
=== CONT  TestRoundTrip_lrtemplate_XMP_lrtemplate/40._E_-_Agfa_RSX_+_iiii.lrtemplate
=== CONT  TestRoundTrip_lrtemplate_XMP_lrtemplate/33._E_-_Agfa_Ultra_+_fade.lrtemplate
=== NAME  TestRoundTrip_lrtemplate_XMP_lrtemplate/o_-_26._FINISH_-_Film.lrtemplate#02
    roundtrip_test.go:398: PointCurve length difference: orig=4, final=0 (this may be expected due to format limitations)
=== CONT  TestRoundTrip_lrtemplate_XMP_lrtemplate/29._E_-_Agfa_Ultra_+_ii.lrtemplate
=== CONT  TestRoundTrip_lrtemplate_XMP_lrtemplate/o_-_18._SHARPEN_-_Low.lrtemplate#02
=== NAME  TestRoundTrip_lrtemplate_XMP_lrtemplate/o_-_28._FINISH_-_Strong.lrtemplate#02
    roundtrip_test.go:398: PointCurve length difference: orig=5, final=0 (this may be expected due to format limitations)
=== NAME  TestRoundTrip_lrtemplate_XMP_lrtemplate/70._E_-_Polaroid_Tint_+_warm.lrtemplate
    roundtrip_test.go:398: PointCurve length difference: orig=4, final=0 (this may be expected due to format limitations)
=== NAME  TestRoundTrip_lrtemplate_XMP_lrtemplate/39._E_-_Agfa_RSX_+_iii.lrtemplate
    roundtrip_test.go:398: PointCurve length difference: orig=2, final=0 (this may be expected due to format limitations)
=== NAME  TestRoundTrip_lrtemplate_XMP_lrtemplate/34._E_-_Agfa_Ultra_+_cool.lrtemplate
    roundtrip_test.go:398: PointCurve length difference: orig=2, final=0 (this may be expected due to format limitations)
=== CONT  TestRoundTrip_lrtemplate_XMP_lrtemplate/32._E_-_Agfa_Ultra_+_iiiii.lrtemplate
=== NAME  TestRoundTrip_lrtemplate_XMP_lrtemplate/37._E_-_Agfa_RSX_+_i.lrtemplate
    roundtrip_test.go:398: PointCurve length difference: orig=5, final=0 (this may be expected due to format limitations)
=== NAME  TestRoundTrip_lrtemplate_XMP_lrtemplate/38._E_-_Agfa_RSX_+_ii.lrtemplate
    roundtrip_test.go:398: PointCurve length difference: orig=5, final=0 (this may be expected due to format limitations)
=== NAME  TestRoundTrip_lrtemplate_XMP_lrtemplate/35._E_-_Agfa_Ultra_+_warm.lrtemplate
    roundtrip_test.go:398: PointCurve length difference: orig=2, final=0 (this may be expected due to format limitations)
=== NAME  TestRoundTrip_lrtemplate_XMP_lrtemplate/36._E_-_Agfa_Ultra_+_punch.lrtemplate
    roundtrip_test.go:398: PointCurve length difference: orig=4, final=0 (this may be expected due to format limitations)
=== CONT  TestRoundTrip_lrtemplate_XMP_lrtemplate/31._E_-_Agfa_Ultra_+_iiii.lrtemplate
=== CONT  TestRoundTrip_lrtemplate_XMP_lrtemplate/25._E_-_Agfa_Vista_+_cool.lrtemplate
=== CONT  TestRoundTrip_lrtemplate_XMP_lrtemplate/o_-_16._DETAIL_-_High.lrtemplate#02
=== CONT  TestRoundTrip_lrtemplate_XMP_lrtemplate/24._E_-_Agfa_Vista_+_fade.lrtemplate
=== CONT  TestRoundTrip_lrtemplate_XMP_lrtemplate/23._E_-_Agfa_Vista_+_iiiii.lrtemplate
=== NAME  TestRoundTrip_lrtemplate_XMP_lrtemplate/o_-_32._FINISH_-_Retro.lrtemplate#02
    roundtrip_test.go:398: PointCurve length difference: orig=6, final=0 (this may be expected due to format limitations)
=== CONT  TestRoundTrip_lrtemplate_XMP_lrtemplate/19._E_-_Agfa_Vista_+_i.lrtemplate
=== CONT  TestRoundTrip_lrtemplate_XMP_lrtemplate/22._E_-_Agfa_Vista_+_iiii.lrtemplate
=== NAME  TestRoundTrip_lrtemplate_XMP_lrtemplate/69._E_-_Polaroid_Tint_+_cool.lrtemplate
    roundtrip_test.go:398: PointCurve length difference: orig=4, final=0 (this may be expected due to format limitations)
=== CONT  TestRoundTrip_lrtemplate_XMP_lrtemplate/18._E_-_Agfa_Optima_+_punch.lrtemplate
=== CONT  TestRoundTrip_lrtemplate_XMP_lrtemplate/30._E_-_Agfa_Ultra_+_iii.lrtemplate
=== NAME  TestRoundTrip_lrtemplate_XMP_lrtemplate/58._E_-_Polaroid_Color_+_iiii.lrtemplate
    roundtrip_test.go:398: PointCurve length difference: orig=5, final=0 (this may be expected due to format limitations)
=== RUN   TestRoundTrip_XMP_NP3_XMP/KDK_-_Ektar_100_-_film.xmp#01
=== CONT  TestRoundTrip_lrtemplate_XMP_lrtemplate/21._E_-_Agfa_Vista_+_iii.lrtemplate
=== PAUSE TestRoundTrip_XMP_NP3_XMP/KDK_-_Ektar_100_-_film.xmp#01
=== RUN   TestRoundTrip_XMP_NP3_XMP/KDK_-_Ektar_100_-_warm.xmp#01
=== NAME  TestRoundTrip_lrtemplate_XMP_lrtemplate/66._E_-_Polaroid_Tint_+_iiii.lrtemplate
    roundtrip_test.go:398: PointCurve length difference: orig=4, final=0 (this may be expected due to format limitations)
=== CONT  TestRoundTrip_lrtemplate_XMP_lrtemplate/20._E_-_Agfa_Vista_+_ii.lrtemplate
=== PAUSE TestRoundTrip_XMP_NP3_XMP/KDK_-_Ektar_100_-_warm.xmp#01
=== NAME  TestRoundTrip_lrtemplate_XMP_lrtemplate/33._E_-_Agfa_Ultra_+_fade.lrtemplate
    roundtrip_test.go:398: PointCurve length difference: orig=3, final=0 (this may be expected due to format limitations)
=== CONT  TestRoundTrip_lrtemplate_XMP_lrtemplate/16._E_-_Agfa_Optima_+_cool.lrtemplate
=== RUN   TestRoundTrip_XMP_NP3_XMP/KDK_-_Ektar_100.xmp#01
=== PAUSE TestRoundTrip_XMP_NP3_XMP/KDK_-_Ektar_100.xmp#01
=== NAME  TestRoundTrip_lrtemplate_XMP_lrtemplate/51._E_-_Polaroid_+_fade.lrtemplate
    roundtrip_test.go:398: PointCurve length difference: orig=5, final=0 (this may be expected due to format limitations)
=== RUN   TestRoundTrip_XMP_NP3_XMP/KDK_-_Elite_100_++++.xmp#01
=== PAUSE TestRoundTrip_XMP_NP3_XMP/KDK_-_Elite_100_++++.xmp#01
=== NAME  TestRoundTrip_lrtemplate_XMP_lrtemplate/40._E_-_Agfa_RSX_+_iiii.lrtemplate
    roundtrip_test.go:398: PointCurve length difference: orig=2, final=0 (this may be expected due to format limitations)
=== CONT  TestRoundTrip_lrtemplate_XMP_lrtemplate/15._E_-_Agfa_Optima_+_fade.lrtemplate
=== RUN   TestRoundTrip_XMP_NP3_XMP/KDK_-_Elite_100_+++.xmp#01
=== PAUSE TestRoundTrip_XMP_NP3_XMP/KDK_-_Elite_100_+++.xmp#01
=== RUN   TestRoundTrip_XMP_NP3_XMP/KDK_-_Elite_100_++.xmp#01
=== PAUSE TestRoundTrip_XMP_NP3_XMP/KDK_-_Elite_100_++.xmp#01
=== CONT  TestRoundTrip_lrtemplate_XMP_lrtemplate/o_-_17_-_o.lrtemplate#02
=== RUN   TestRoundTrip_XMP_lrtemplate_XMP/KDK_-_Kodachrome_64_++++.xmp
=== PAUSE TestRoundTrip_XMP_lrtemplate_XMP/KDK_-_Kodachrome_64_++++.xmp
=== NAME  TestRoundTrip_lrtemplate_XMP_lrtemplate/67._E_-_Polaroid_Tint_+_iiiii.lrtemplate
    roundtrip_test.go:398: PointCurve length difference: orig=4, final=0 (this may be expected due to format limitations)
=== RUN   TestRoundTrip_XMP_lrtemplate_XMP/KDK_-_Kodachrome_64_+++.xmp
=== PAUSE TestRoundTrip_XMP_lrtemplate_XMP/KDK_-_Kodachrome_64_+++.xmp
=== CONT  TestRoundTrip_lrtemplate_XMP_lrtemplate/14._E_-_Agfa_Optima_+_iiiii.lrtemplate
=== RUN   TestRoundTrip_XMP_lrtemplate_XMP/KDK_-_Kodachrome_64_++.xmp
=== PAUSE TestRoundTrip_XMP_lrtemplate_XMP/KDK_-_Kodachrome_64_++.xmp
=== CONT  TestRoundTrip_lrtemplate_XMP_lrtemplate/45._E_-_Agfa_RSX_+_punch.lrtemplate
=== RUN   TestRoundTrip_XMP_lrtemplate_XMP/KDK_-_Kodachrome_64_+.xmp
=== PAUSE TestRoundTrip_XMP_lrtemplate_XMP/KDK_-_Kodachrome_64_+.xmp
=== RUN   TestRoundTrip_XMP_lrtemplate_XMP/KDK_-_Kodachrome_64_-_boost.xmp
=== CONT  TestRoundTrip_lrtemplate_XMP_lrtemplate/17._E_-_Agfa_Optima_+_warm.lrtemplate
=== NAME  TestRoundTrip_lrtemplate_XMP_lrtemplate/32._E_-_Agfa_Ultra_+_iiiii.lrtemplate
    roundtrip_test.go:398: PointCurve length difference: orig=2, final=0 (this may be expected due to format limitations)
=== CONT  TestRoundTrip_lrtemplate_XMP_lrtemplate/44._E_-_Agfa_RSX_+_warm.lrtemplate
=== NAME  TestRoundTrip_lrtemplate_XMP_lrtemplate/19._E_-_Agfa_Vista_+_i.lrtemplate
    roundtrip_test.go:398: PointCurve length difference: orig=5, final=0 (this may be expected due to format limitations)
=== CONT  TestRoundTrip_lrtemplate_XMP_lrtemplate/43._E_-_Agfa_RSX_+_cool.lrtemplate
=== NAME  TestRoundTrip_lrtemplate_XMP_lrtemplate/18._E_-_Agfa_Optima_+_punch.lrtemplate
    roundtrip_test.go:398: PointCurve length difference: orig=6, final=0 (this may be expected due to format limitations)
=== NAME  TestRoundTrip_lrtemplate_XMP_lrtemplate/23._E_-_Agfa_Vista_+_iiiii.lrtemplate
    roundtrip_test.go:398: PointCurve length difference: orig=6, final=0 (this may be expected due to format limitations)
=== CONT  TestRoundTrip_lrtemplate_XMP_lrtemplate/42._E_-_Agfa_RSX_+_fade.lrtemplate
=== CONT  TestRoundTrip_lrtemplate_XMP_lrtemplate/41._E_-_Agfa_RSX_+_iiiii.lrtemplate
=== NAME  TestRoundTrip_lrtemplate_XMP_lrtemplate/22._E_-_Agfa_Vista_+_iiii.lrtemplate
    roundtrip_test.go:398: PointCurve length difference: orig=5, final=0 (this may be expected due to format limitations)
=== CONT  TestRoundTrip_lrtemplate_XMP_lrtemplate/13._E_-_Agfa_Optima_+_iiii.lrtemplate
=== NAME  TestRoundTrip_lrtemplate_XMP_lrtemplate/25._E_-_Agfa_Vista_+_cool.lrtemplate
    roundtrip_test.go:398: PointCurve length difference: orig=4, final=0 (this may be expected due to format limitations)
=== CONT  TestRoundTrip_lrtemplate_XMP_lrtemplate/12._E_-_Agfa_Optima_+_iii.lrtemplate
=== NAME  TestRoundTrip_lrtemplate_XMP_lrtemplate/20._E_-_Agfa_Vista_+_ii.lrtemplate
    roundtrip_test.go:398: PointCurve length difference: orig=4, final=0 (this may be expected due to format limitations)
=== CONT  TestRoundTrip_lrtemplate_XMP_lrtemplate/09._E_-_Agfa_Portrait_+_punch.lrtemplate
=== NAME  TestRoundTrip_lrtemplate_XMP_lrtemplate/24._E_-_Agfa_Vista_+_fade.lrtemplate
    roundtrip_test.go:398: PointCurve length difference: orig=4, final=0 (this may be expected due to format limitations)
=== CONT  TestRoundTrip_lrtemplate_XMP_lrtemplate/11._E_-_Agfa_Optima_+_ii.lrtemplate
=== CONT  TestRoundTrip_lrtemplate_XMP_lrtemplate/46._E_-_Polaroid_+_i.lrtemplate
=== RUN   TestRoundTrip_XMP_NP3_XMP/KDK_-_Elite_100_+.xmp#01
=== PAUSE TestRoundTrip_XMP_NP3_XMP/KDK_-_Elite_100_+.xmp#01
=== RUN   TestRoundTrip_XMP_NP3_XMP/KDK_-_Elite_100_-_boost.xmp#01
=== PAUSE TestRoundTrip_XMP_NP3_XMP/KDK_-_Elite_100_-_boost.xmp#01
=== CONT  TestRoundTrip_lrtemplate_XMP_lrtemplate/10._E_-_Agfa_Optima_+_i.lrtemplate
=== NAME  TestRoundTrip_lrtemplate_XMP_lrtemplate/30._E_-_Agfa_Ultra_+_iii.lrtemplate
    roundtrip_test.go:398: PointCurve length difference: orig=6, final=0 (this may be expected due to format limitations)
=== NAME  TestRoundTrip_lrtemplate_XMP_lrtemplate/16._E_-_Agfa_Optima_+_cool.lrtemplate
    roundtrip_test.go:398: PointCurve length difference: orig=2, final=0 (this may be expected due to format limitations)
=== NAME  TestRoundTrip_lrtemplate_XMP_lrtemplate/14._E_-_Agfa_Optima_+_iiiii.lrtemplate
    roundtrip_test.go:398: PointCurve length difference: orig=5, final=0 (this may be expected due to format limitations)
=== RUN   TestRoundTrip_XMP_NP3_XMP/KDK_-_Elite_100_-_cool.xmp#01
=== CONT  TestRoundTrip_lrtemplate_XMP_lrtemplate/07._E_-_Agfa_Portrait_+_cool.lrtemplate
=== NAME  TestRoundTrip_lrtemplate_XMP_lrtemplate/17._E_-_Agfa_Optima_+_warm.lrtemplate
    roundtrip_test.go:398: PointCurve length difference: orig=2, final=0 (this may be expected due to format limitations)
=== CONT  TestRoundTrip_lrtemplate_XMP_lrtemplate/47._E_-_Fuji_Fortia_+_ii.lrtemplate
=== PAUSE TestRoundTrip_XMP_lrtemplate_XMP/KDK_-_Kodachrome_64_-_boost.xmp
=== NAME  TestRoundTrip_lrtemplate_XMP_lrtemplate/44._E_-_Agfa_RSX_+_warm.lrtemplate
    roundtrip_test.go:398: PointCurve length difference: orig=2, final=0 (this may be expected due to format limitations)
=== CONT  TestRoundTrip_lrtemplate_XMP_lrtemplate/57._E_-_Polaroid_Color_+_iii.lrtemplate
=== RUN   TestRoundTrip_XMP_lrtemplate_XMP/KDK_-_Kodachrome_64_-_color.xmp
=== NAME  TestRoundTrip_lrtemplate_XMP_lrtemplate/21._E_-_Agfa_Vista_+_iii.lrtemplate
    roundtrip_test.go:398: PointCurve length difference: orig=5, final=0 (this may be expected due to format limitations)
=== CONT  TestRoundTrip_lrtemplate_XMP_lrtemplate/27._E_-_Agfa_Vista_+_punch.lrtemplate
=== CONT  TestRoundTrip_lrtemplate_XMP_lrtemplate/o_-_25_-_o.lrtemplate#02
=== NAME  TestRoundTrip_lrtemplate_XMP_lrtemplate/13._E_-_Agfa_Optima_+_iiii.lrtemplate
    roundtrip_test.go:398: PointCurve length difference: orig=2, final=0 (this may be expected due to format limitations)
=== CONT  TestRoundTrip_lrtemplate_XMP_lrtemplate/26._E_-_Agfa_Vista_+_warm.lrtemplate
=== CONT  TestRoundTrip_lrtemplate_XMP_lrtemplate/28._E_-_Agfa_Ultra_+_i.lrtemplate
=== NAME  TestRoundTrip_lrtemplate_XMP_lrtemplate/31._E_-_Agfa_Ultra_+_iiii.lrtemplate
    roundtrip_test.go:398: PointCurve length difference: orig=2, final=0 (this may be expected due to format limitations)
=== NAME  TestRoundTrip_lrtemplate_XMP_lrtemplate/41._E_-_Agfa_RSX_+_iiiii.lrtemplate
    roundtrip_test.go:398: PointCurve length difference: orig=2, final=0 (this may be expected due to format limitations)
=== NAME  TestRoundTrip_lrtemplate_XMP_lrtemplate/29._E_-_Agfa_Ultra_+_ii.lrtemplate
    roundtrip_test.go:398: PointCurve length difference: orig=6, final=0 (this may be expected due to format limitations)
=== CONT  TestRoundTrip_lrtemplate_XMP_lrtemplate/45._E_-_Fuji_Astia_+_punch.lrtemplate
=== CONT  TestRoundTrip_lrtemplate_XMP_lrtemplate/01._E_-_Agfa_Portrait_+_i.lrtemplate
=== NAME  TestRoundTrip_lrtemplate_XMP_lrtemplate/15._E_-_Agfa_Optima_+_fade.lrtemplate
    roundtrip_test.go:398: PointCurve length difference: orig=5, final=0 (this may be expected due to format limitations)
=== CONT  TestRoundTrip_lrtemplate_XMP_lrtemplate/56._E_-_Polaroid_Color_+_ii.lrtemplate
=== NAME  TestRoundTrip_lrtemplate_XMP_lrtemplate/42._E_-_Agfa_RSX_+_fade.lrtemplate
    roundtrip_test.go:398: PointCurve length difference: orig=5, final=0 (this may be expected due to format limitations)
=== NAME  TestRoundTrip_lrtemplate_XMP_lrtemplate/46._E_-_Polaroid_+_i.lrtemplate
    roundtrip_test.go:398: PointCurve length difference: orig=3, final=0 (this may be expected due to format limitations)
=== CONT  TestRoundTrip_lrtemplate_XMP_lrtemplate/44._E_-_Fuji_Astia_+_warm.lrtemplate
=== NAME  TestRoundTrip_lrtemplate_XMP_lrtemplate/47._E_-_Fuji_Fortia_+_ii.lrtemplate
    roundtrip_test.go:398: PointCurve length difference: orig=4, final=0 (this may be expected due to format limitations)
=== CONT  TestRoundTrip_lrtemplate_XMP_lrtemplate/43._E_-_Fuji_Astia_+_cool.lrtemplate
=== NAME  TestRoundTrip_lrtemplate_XMP_lrtemplate/45._E_-_Agfa_RSX_+_punch.lrtemplate
    roundtrip_test.go:398: PointCurve length difference: orig=2, final=0 (this may be expected due to format limitations)
=== CONT  TestRoundTrip_lrtemplate_XMP_lrtemplate/54._E_-_Polaroid_+_punch.lrtemplate
=== CONT  TestRoundTrip_lrtemplate_XMP_lrtemplate/06._E_-_Agfa_Portrait_+_fade.lrtemplate
=== NAME  TestRoundTrip_lrtemplate_XMP_lrtemplate/07._E_-_Agfa_Portrait_+_cool.lrtemplate
    roundtrip_test.go:398: PointCurve length difference: orig=2, final=0 (this may be expected due to format limitations)
=== CONT  TestRoundTrip_lrtemplate_XMP_lrtemplate/o_-_24._VIBRANCE_-__High.lrtemplate#02
=== NAME  TestRoundTrip_lrtemplate_XMP_lrtemplate/26._E_-_Agfa_Vista_+_warm.lrtemplate
    roundtrip_test.go:398: PointCurve length difference: orig=4, final=0 (this may be expected due to format limitations)
=== NAME  TestRoundTrip_lrtemplate_XMP_lrtemplate/11._E_-_Agfa_Optima_+_ii.lrtemplate
    roundtrip_test.go:398: PointCurve length difference: orig=4, final=0 (this may be expected due to format limitations)
=== NAME  TestRoundTrip_lrtemplate_XMP_lrtemplate/01._E_-_Agfa_Portrait_+_i.lrtemplate
    roundtrip_test.go:398: PointCurve length difference: orig=6, final=0 (this may be expected due to format limitations)
=== CONT  TestRoundTrip_lrtemplate_XMP_lrtemplate/00._E_-_o___.lrtemplate
=== NAME  TestRoundTrip_lrtemplate_XMP_lrtemplate/12._E_-_Agfa_Optima_+_iii.lrtemplate
    roundtrip_test.go:398: PointCurve length difference: orig=6, final=0 (this may be expected due to format limitations)
=== CONT  TestRoundTrip_lrtemplate_XMP_lrtemplate/41._E_-_Fuji_Astia_+_iiiii.lrtemplate
=== NAME  TestRoundTrip_lrtemplate_XMP_lrtemplate/27._E_-_Agfa_Vista_+_punch.lrtemplate
    roundtrip_test.go:398: PointCurve length difference: orig=4, final=0 (this may be expected due to format limitations)
=== CONT  TestRoundTrip_lrtemplate_XMP_lrtemplate/00._E_-_grain_x__.lrtemplate
=== NAME  TestRoundTrip_lrtemplate_XMP_lrtemplate/09._E_-_Agfa_Portrait_+_punch.lrtemplate
    roundtrip_test.go:398: PointCurve length difference: orig=5, final=0 (this may be expected due to format limitations)
=== CONT  TestRoundTrip_lrtemplate_XMP_lrtemplate/40._E_-_Fuji_Astia_+_iiii.lrtemplate
=== NAME  TestRoundTrip_lrtemplate_XMP_lrtemplate/45._E_-_Fuji_Astia_+_punch.lrtemplate
    roundtrip_test.go:398: PointCurve length difference: orig=5, final=0 (this may be expected due to format limitations)
=== CONT  TestRoundTrip_lrtemplate_XMP_lrtemplate/00._E_-_auto_wb___.lrtemplate
=== NAME  TestRoundTrip_lrtemplate_XMP_lrtemplate/00._E_-_o___.lrtemplate
    roundtrip_test.go:398: PointCurve length difference: orig=2, final=0 (this may be expected due to format limitations)
=== NAME  TestRoundTrip_lrtemplate_XMP_lrtemplate/06._E_-_Agfa_Portrait_+_fade.lrtemplate
    roundtrip_test.go:398: PointCurve length difference: orig=5, final=0 (this may be expected due to format limitations)
=== CONT  TestRoundTrip_lrtemplate_XMP_lrtemplate/39._E_-_Fuji_Astia_+_iii.lrtemplate
=== CONT  TestRoundTrip_lrtemplate_XMP_lrtemplate/00._E_-_auto_tone___.lrtemplate
=== NAME  TestRoundTrip_lrtemplate_XMP_lrtemplate/43._E_-_Fuji_Astia_+_cool.lrtemplate
    roundtrip_test.go:398: PointCurve length difference: orig=2, final=0 (this may be expected due to format limitations)
=== CONT  TestRoundTrip_lrtemplate_XMP_lrtemplate/38._E_-_Fuji_Astia_+_ii.lrtemplate
=== NAME  TestRoundTrip_lrtemplate_XMP_lrtemplate/41._E_-_Fuji_Astia_+_iiiii.lrtemplate
    roundtrip_test.go:398: PointCurve length difference: orig=2, final=0 (this may be expected due to format limitations)
=== CONT  TestRoundTrip_lrtemplate_XMP_lrtemplate/52._E_-_Polaroid_+_cool.lrtemplate
=== CONT  TestRoundTrip_lrtemplate_XMP_lrtemplate/o_-_47._LIGHTING_-_Daylight.lrtemplate#01
=== PAUSE TestRoundTrip_XMP_lrtemplate_XMP/KDK_-_Kodachrome_64_-_color.xmp
=== RUN   TestRoundTrip_XMP_lrtemplate_XMP/KDK_-_Kodachrome_64_-_cool.xmp
=== PAUSE TestRoundTrip_XMP_lrtemplate_XMP/KDK_-_Kodachrome_64_-_cool.xmp
=== CONT  TestRoundTrip_lrtemplate_XMP_lrtemplate/05._E_-_Agfa_Portrait_+_iiiii.lrtemplate
=== CONT  TestRoundTrip_lrtemplate_XMP_lrtemplate/42._E_-_Fuji_Astia_+_fade.lrtemplate
=== CONT  TestRoundTrip_lrtemplate_XMP_lrtemplate/08._E_-_Agfa_Portrait_+_warm.lrtemplate
=== CONT  TestRoundTrip_lrtemplate_XMP_lrtemplate/55._E_-_Polaroid_Color_+_i.lrtemplate
=== NAME  TestRoundTrip_lrtemplate_XMP_lrtemplate/28._E_-_Agfa_Ultra_+_i.lrtemplate
    roundtrip_test.go:398: PointCurve length difference: orig=6, final=0 (this may be expected due to format limitations)
=== CONT  TestRoundTrip_lrtemplate_XMP_lrtemplate/o_-_42._LIGHTING_-_Auto_Set.lrtemplate#01
=== PAUSE TestRoundTrip_XMP_NP3_XMP/KDK_-_Elite_100_-_cool.xmp#01
=== NAME  TestRoundTrip_lrtemplate_XMP_lrtemplate/o_-_25_-_o.lrtemplate#02
    roundtrip_test.go:398: PointCurve length difference: orig=2, final=0 (this may be expected due to format limitations)
=== CONT  TestRoundTrip_lrtemplate_XMP_lrtemplate/o_-_45._LIGHTING_-_Shade.lrtemplate#01
=== NAME  TestRoundTrip_lrtemplate_XMP_lrtemplate/43._E_-_Agfa_RSX_+_cool.lrtemplate
    roundtrip_test.go:398: PointCurve length difference: orig=2, final=0 (this may be expected due to format limitations)
=== NAME  TestRoundTrip_lrtemplate_XMP_lrtemplate/10._E_-_Agfa_Optima_+_i.lrtemplate
    roundtrip_test.go:398: PointCurve length difference: orig=6, final=0 (this may be expected due to format limitations)
=== NAME  TestRoundTrip_lrtemplate_XMP_lrtemplate/44._E_-_Fuji_Astia_+_warm.lrtemplate
    roundtrip_test.go:398: PointCurve length difference: orig=2, final=0 (this may be expected due to format limitations)
=== CONT  TestRoundTrip_lrtemplate_XMP_lrtemplate/46._E_-_Fuji_Fortia_+_i.lrtemplate
=== NAME  TestRoundTrip_lrtemplate_XMP_lrtemplate/55._E_-_Polaroid_Color_+_i.lrtemplate
    roundtrip_test.go:398: PointCurve length difference: orig=5, final=0 (this may be expected due to format limitations)
=== RUN   TestRoundTrip_XMP_lrtemplate_XMP/KDK_-_Kodachrome_64_-_film.xmp
=== CONT  TestRoundTrip_lrtemplate_XMP_lrtemplate/37._E_-_Fuji_Astia_+_i.lrtemplate
=== CONT  TestRoundTrip_lrtemplate_XMP_lrtemplate/36._E_-_Fuji_Provia_+_punch.lrtemplate
=== NAME  TestRoundTrip_lrtemplate_XMP_lrtemplate/57._E_-_Polaroid_Color_+_iii.lrtemplate
    roundtrip_test.go:398: PointCurve length difference: orig=5, final=0 (this may be expected due to format limitations)
=== CONT  TestRoundTrip_lrtemplate_XMP_lrtemplate/o_-_40._COLOR_-_Pastel_Rouge.lrtemplate#01
=== CONT  TestRoundTrip_lrtemplate_XMP_lrtemplate/o_-_43._LIGHTING_-_As_Shot.lrtemplate#01
=== NAME  TestRoundTrip_lrtemplate_XMP_lrtemplate/40._E_-_Fuji_Astia_+_iiii.lrtemplate
    roundtrip_test.go:398: PointCurve length difference: orig=2, final=0 (this may be expected due to format limitations)
=== CONT  TestRoundTrip_lrtemplate_XMP_lrtemplate/48._E_-_Polaroid_+_iii.lrtemplate
=== CONT  TestRoundTrip_lrtemplate_XMP_lrtemplate/o_-_46._LIGHTING_-_Cloudy.lrtemplate#01
=== NAME  TestRoundTrip_lrtemplate_XMP_lrtemplate/39._E_-_Fuji_Astia_+_iii.lrtemplate
    roundtrip_test.go:398: PointCurve length difference: orig=5, final=0 (this may be expected due to format limitations)
=== NAME  TestRoundTrip_lrtemplate_XMP_lrtemplate/52._E_-_Polaroid_+_cool.lrtemplate
    roundtrip_test.go:398: PointCurve length difference: orig=5, final=0 (this may be expected due to format limitations)
=== NAME  TestRoundTrip_lrtemplate_XMP_lrtemplate/38._E_-_Fuji_Astia_+_ii.lrtemplate
    roundtrip_test.go:398: PointCurve length difference: orig=5, final=0 (this may be expected due to format limitations)
=== NAME  TestRoundTrip_lrtemplate_XMP_lrtemplate/56._E_-_Polaroid_Color_+_ii.lrtemplate
    roundtrip_test.go:398: PointCurve length difference: orig=5, final=0 (this may be expected due to format limitations)
=== NAME  TestRoundTrip_lrtemplate_XMP_lrtemplate/05._E_-_Agfa_Portrait_+_iiiii.lrtemplate
    roundtrip_test.go:398: PointCurve length difference: orig=2, final=0 (this may be expected due to format limitations)
=== CONT  TestRoundTrip_lrtemplate_XMP_lrtemplate/o_-_39._COLOR_-_Warm_Light.lrtemplate#01
=== CONT  TestRoundTrip_lrtemplate_XMP_lrtemplate/73._E_-_Fuji_100_+_i.lrtemplate
=== CONT  TestRoundTrip_lrtemplate_XMP_lrtemplate/o_-_38._COLOR_-_Sea_Breeze.lrtemplate#01
=== CONT  TestRoundTrip_lrtemplate_XMP_lrtemplate/53._E_-_Polaroid_+_warm.lrtemplate
=== RUN   TestRoundTrip_XMP_NP3_XMP/KDK_-_Elite_100_-_film.xmp#01
=== CONT  TestRoundTrip_lrtemplate_XMP_lrtemplate/00_-_o.lrtemplate
=== CONT  TestRoundTrip_lrtemplate_XMP_lrtemplate/49._E_-_Polaroid_+_iiii.lrtemplate
=== CONT  TestRoundTrip_lrtemplate_XMP_lrtemplate/o_-_41_-_o.lrtemplate#01
=== CONT  TestRoundTrip_lrtemplate_XMP_lrtemplate/o_-_50_-_o.lrtemplate#01
=== PAUSE TestRoundTrip_XMP_NP3_XMP/KDK_-_Elite_100_-_film.xmp#01
=== RUN   TestRoundTrip_XMP_NP3_XMP/KDK_-_Elite_100_-_warm.xmp#01
=== PAUSE TestRoundTrip_XMP_NP3_XMP/KDK_-_Elite_100_-_warm.xmp#01
=== RUN   TestRoundTrip_XMP_NP3_XMP/KDK_-_Elite_100.xmp#01
=== PAUSE TestRoundTrip_XMP_NP3_XMP/KDK_-_Elite_100.xmp#01
=== NAME  TestRoundTrip_lrtemplate_XMP_lrtemplate/37._E_-_Fuji_Astia_+_i.lrtemplate
    roundtrip_test.go:398: PointCurve length difference: orig=4, final=0 (this may be expected due to format limitations)
=== CONT  TestRoundTrip_lrtemplate_XMP_lrtemplate/o_-_37._COLOR_-_Spearmint.lrtemplate#01
=== RUN   TestRoundTrip_XMP_NP3_XMP/KDK_-_Gold_200_++++.xmp#01
=== NAME  TestRoundTrip_lrtemplate_XMP_lrtemplate/54._E_-_Polaroid_+_punch.lrtemplate
    roundtrip_test.go:398: PointCurve length difference: orig=6, final=0 (this may be expected due to format limitations)
=== CONT  TestRoundTrip_lrtemplate_XMP_lrtemplate/o_-_36._COLOR_-_Lavender.lrtemplate#01
=== CONT  TestRoundTrip_lrtemplate_XMP_lrtemplate/35._E_-_Fuji_Provia_+_warm.lrtemplate
=== PAUSE TestRoundTrip_XMP_NP3_XMP/KDK_-_Gold_200_++++.xmp#01
=== RUN   TestRoundTrip_XMP_NP3_XMP/KDK_-_Gold_200_+++.xmp#01
=== NAME  TestRoundTrip_lrtemplate_XMP_lrtemplate/08._E_-_Agfa_Portrait_+_warm.lrtemplate
    roundtrip_test.go:398: PointCurve length difference: orig=2, final=0 (this may be expected due to format limitations)
=== NAME  TestRoundTrip_lrtemplate_XMP_lrtemplate/42._E_-_Fuji_Astia_+_fade.lrtemplate
    roundtrip_test.go:398: PointCurve length difference: orig=4, final=0 (this may be expected due to format limitations)
=== PAUSE TestRoundTrip_XMP_lrtemplate_XMP/KDK_-_Kodachrome_64_-_film.xmp
=== NAME  TestRoundTrip_lrtemplate_XMP_lrtemplate/46._E_-_Fuji_Fortia_+_i.lrtemplate
    roundtrip_test.go:398: PointCurve length difference: orig=4, final=0 (this may be expected due to format limitations)
=== CONT  TestRoundTrip_lrtemplate_XMP_lrtemplate/o_-_31._FINISH_-_Bright.lrtemplate#01
=== CONT  TestRoundTrip_lrtemplate_XMP_lrtemplate/o_-_35._COLOR_-_Morning.lrtemplate#01
=== CONT  TestRoundTrip_lrtemplate_XMP_lrtemplate/03._E_-_Agfa_Portrait_+_iii.lrtemplate
=== CONT  TestRoundTrip_lrtemplate_XMP_lrtemplate/o_-_30._FINISH_-_Washed.lrtemplate#01
=== CONT  TestRoundTrip_lrtemplate_XMP_lrtemplate/02._E_-_Agfa_Portrait_+_ii.lrtemplate
=== CONT  TestRoundTrip_lrtemplate_XMP_lrtemplate/o_-_19._SHARPEN_-_Mid.lrtemplate#01
=== RUN   TestRoundTrip_XMP_lrtemplate_XMP/KDK_-_Kodachrome_64_-_warm.xmp
=== NAME  TestRoundTrip_lrtemplate_XMP_lrtemplate/36._E_-_Fuji_Provia_+_punch.lrtemplate
    roundtrip_test.go:398: PointCurve length difference: orig=5, final=0 (this may be expected due to format limitations)
=== PAUSE TestRoundTrip_XMP_lrtemplate_XMP/KDK_-_Kodachrome_64_-_warm.xmp
=== CONT  TestRoundTrip_lrtemplate_XMP_lrtemplate/o_-_17_-_o.lrtemplate#01
=== NAME  TestRoundTrip_lrtemplate_XMP_lrtemplate/48._E_-_Polaroid_+_iii.lrtemplate
    roundtrip_test.go:398: PointCurve length difference: orig=5, final=0 (this may be expected due to format limitations)
=== CONT  TestRoundTrip_lrtemplate_XMP_lrtemplate/o_-_34._COLOR_-_Neutral.lrtemplate#01
=== CONT  TestRoundTrip_lrtemplate_XMP_lrtemplate/47._E_-_Polaroid_+_ii.lrtemplate
=== NAME  TestRoundTrip_lrtemplate_XMP_lrtemplate/o_-_30._FINISH_-_Washed.lrtemplate#01
    roundtrip_test.go:398: PointCurve length difference: orig=5, final=0 (this may be expected due to format limitations)
=== CONT  TestRoundTrip_lrtemplate_XMP_lrtemplate/o_-_13_-_o.lrtemplate#01
=== CONT  TestRoundTrip_lrtemplate_XMP_lrtemplate/o_-_11._CONTRAST_-_Mid.lrtemplate#01
=== CONT  TestRoundTrip_lrtemplate_XMP_lrtemplate/04._E_-_Agfa_Portrait_+_iiii.lrtemplate
=== NAME  TestRoundTrip_lrtemplate_XMP_lrtemplate/o_-_31._FINISH_-_Bright.lrtemplate#01
    roundtrip_test.go:398: PointCurve length difference: orig=6, final=0 (this may be expected due to format limitations)
=== CONT  TestRoundTrip_lrtemplate_XMP_lrtemplate/o_-_12._CONTRAST_-_High.lrtemplate#01
=== CONT  TestRoundTrip_lrtemplate_XMP_lrtemplate/o_-_44._LIGHTING_-_Flash.lrtemplate#01
=== CONT  TestRoundTrip_lrtemplate_XMP_lrtemplate/o_-_49._LIGHTING_-_Fluorescent.lrtemplate#01
=== NAME  TestRoundTrip_lrtemplate_XMP_lrtemplate/00_-_o.lrtemplate
    roundtrip_test.go:398: PointCurve length difference: orig=2, final=0 (this may be expected due to format limitations)
=== CONT  TestRoundTrip_lrtemplate_XMP_lrtemplate/o_-_09_-_o.lrtemplate#01
=== PAUSE TestRoundTrip_XMP_NP3_XMP/KDK_-_Gold_200_+++.xmp#01
=== RUN   TestRoundTrip_XMP_NP3_XMP/KDK_-_Gold_200_++.xmp#01
=== NAME  TestRoundTrip_lrtemplate_XMP_lrtemplate/53._E_-_Polaroid_+_warm.lrtemplate
    roundtrip_test.go:398: PointCurve length difference: orig=6, final=0 (this may be expected due to format limitations)
=== PAUSE TestRoundTrip_XMP_NP3_XMP/KDK_-_Gold_200_++.xmp#01
=== CONT  TestRoundTrip_lrtemplate_XMP_lrtemplate/o_-_32._FINISH_-_Retro.lrtemplate#01
=== RUN   TestRoundTrip_XMP_NP3_XMP/KDK_-_Gold_200_+.xmp#01
=== PAUSE TestRoundTrip_XMP_NP3_XMP/KDK_-_Gold_200_+.xmp#01
=== RUN   TestRoundTrip_XMP_NP3_XMP/KDK_-_Gold_200_-_boost.xmp#01
=== PAUSE TestRoundTrip_XMP_NP3_XMP/KDK_-_Gold_200_-_boost.xmp#01
=== RUN   TestRoundTrip_XMP_NP3_XMP/KDK_-_Gold_200_-_cool.xmp#01
=== PAUSE TestRoundTrip_XMP_NP3_XMP/KDK_-_Gold_200_-_cool.xmp#01
=== CONT  TestRoundTrip_lrtemplate_XMP_lrtemplate/o_-_48._LIGHTING_-_Tungsten.lrtemplate#01
=== CONT  TestRoundTrip_lrtemplate_XMP_lrtemplate/o_-_07._EXPOSURE_+_1.lrtemplate#01
=== NAME  TestRoundTrip_lrtemplate_XMP_lrtemplate/03._E_-_Agfa_Portrait_+_iii.lrtemplate
    roundtrip_test.go:398: PointCurve length difference: orig=6, final=0 (this may be expected due to format limitations)
=== CONT  TestRoundTrip_lrtemplate_XMP_lrtemplate/o_-_08._EXPOSURE_+_2.lrtemplate#01
=== CONT  TestRoundTrip_lrtemplate_XMP_lrtemplate/o_-_05._EXPOSURE__-_1.lrtemplate#01
=== CONT  TestRoundTrip_lrtemplate_XMP_lrtemplate/o_-_06._EXPOSURE__0.lrtemplate#01
=== CONT  TestRoundTrip_lrtemplate_XMP_lrtemplate/o_-_03_-_o.lrtemplate#01
=== CONT  TestRoundTrip_lrtemplate_XMP_lrtemplate/o_-_04._EXPOSURE__-_2.lrtemplate#01
=== CONT  TestRoundTrip_lrtemplate_XMP_lrtemplate/o_-_01._Lens_on.lrtemplate#01
=== NAME  TestRoundTrip_lrtemplate_XMP_lrtemplate/35._E_-_Fuji_Provia_+_warm.lrtemplate
    roundtrip_test.go:398: PointCurve length difference: orig=5, final=0 (this may be expected due to format limitations)
=== CONT  TestRoundTrip_lrtemplate_XMP_lrtemplate/o_-_01._Lens_on.lrtemplate#02
=== CONT  TestRoundTrip_lrtemplate_XMP_lrtemplate/99._E_-_Fuji_800_+_punch.lrtemplate
=== NAME  TestRoundTrip_lrtemplate_XMP_lrtemplate/73._E_-_Fuji_100_+_i.lrtemplate
    roundtrip_test.go:398: PointCurve length difference: orig=4, final=0 (this may be expected due to format limitations)
=== CONT  TestRoundTrip_lrtemplate_XMP_lrtemplate/o_-_00_-_o.lrtemplate#01
=== CONT  TestRoundTrip_lrtemplate_XMP_lrtemplate/o_-_15._DETAIL_-_Mid.lrtemplate#01
=== NAME  TestRoundTrip_lrtemplate_XMP_lrtemplate/o_-_32._FINISH_-_Retro.lrtemplate#01
    roundtrip_test.go:398: PointCurve length difference: orig=6, final=0 (this may be expected due to format limitations)
=== CONT  TestRoundTrip_lrtemplate_XMP_lrtemplate/o_-_16._DETAIL_-_High.lrtemplate#01
=== CONT  TestRoundTrip_lrtemplate_XMP_lrtemplate/o_-_14._DETAIL_-_Low.lrtemplate#01
=== CONT  TestRoundTrip_lrtemplate_XMP_lrtemplate/98._E_-_Fuji_800_+_warm.lrtemplate
=== NAME  TestRoundTrip_lrtemplate_XMP_lrtemplate/49._E_-_Polaroid_+_iiii.lrtemplate
    roundtrip_test.go:398: PointCurve length difference: orig=5, final=0 (this may be expected due to format limitations)
=== CONT  TestRoundTrip_lrtemplate_XMP_lrtemplate/95._E_-_Fuji_800_+_iiiii.lrtemplate
=== CONT  TestRoundTrip_lrtemplate_XMP_lrtemplate/65._E_-_Polaroid_Tint_+_iii.lrtemplate
=== CONT  TestRoundTrip_lrtemplate_XMP_lrtemplate/92._E_-_Fuji_800_+_ii.lrtemplate
=== CONT  TestRoundTrip_lrtemplate_XMP_lrtemplate/90._E_-_Fuji_400_+_punch.lrtemplate
=== CONT  TestRoundTrip_lrtemplate_XMP_lrtemplate/89._E_-_Fuji_400_+_warm.lrtemplate
=== RUN   TestRoundTrip_XMP_NP3_XMP/KDK_-_Gold_200_-_film.xmp#01
=== PAUSE TestRoundTrip_XMP_NP3_XMP/KDK_-_Gold_200_-_film.xmp#01
=== RUN   TestRoundTrip_XMP_NP3_XMP/KDK_-_Gold_200_-_warm.xmp#01
=== CONT  TestRoundTrip_lrtemplate_XMP_lrtemplate/50._E_-_Polaroid_+_iiiii.lrtemplate
=== PAUSE TestRoundTrip_XMP_NP3_XMP/KDK_-_Gold_200_-_warm.xmp#01
=== CONT  TestRoundTrip_lrtemplate_XMP_lrtemplate/o_-_29._FINISH_-_Vintage.lrtemplate#01
=== NAME  TestRoundTrip_lrtemplate_XMP_lrtemplate/04._E_-_Agfa_Portrait_+_iiii.lrtemplate
    roundtrip_test.go:398: PointCurve length difference: orig=6, final=0 (this may be expected due to format limitations)
=== CONT  TestRoundTrip_lrtemplate_XMP_lrtemplate/88._E_-_Fuji_400_+_cool.lrtemplate
=== CONT  TestRoundTrip_lrtemplate_XMP_lrtemplate/o_-_02._Lens_off.lrtemplate#01
=== NAME  TestRoundTrip_lrtemplate_XMP_lrtemplate/02._E_-_Agfa_Portrait_+_ii.lrtemplate
    roundtrip_test.go:398: PointCurve length difference: orig=6, final=0 (this may be expected due to format limitations)
=== CONT  TestRoundTrip_lrtemplate_XMP_lrtemplate/87._E_-_Fuji_400_+_fade.lrtemplate
=== CONT  TestRoundTrip_lrtemplate_XMP_lrtemplate/86._E_-_Fuji_400_+_iiiii.lrtemplate
=== CONT  TestRoundTrip_lrtemplate_XMP_lrtemplate/97._E_-_Fuji_800_+_cool.lrtemplate
=== CONT  TestRoundTrip_lrtemplate_XMP_lrtemplate/94._E_-_Fuji_800_+_iiii.lrtemplate
=== CONT  TestRoundTrip_lrtemplate_XMP_lrtemplate/84._E_-_Fuji_400_+_iii.lrtemplate
=== NAME  TestRoundTrip_lrtemplate_XMP_lrtemplate/99._E_-_Fuji_800_+_punch.lrtemplate
    roundtrip_test.go:398: PointCurve length difference: orig=5, final=0 (this may be expected due to format limitations)
=== CONT  TestRoundTrip_lrtemplate_XMP_lrtemplate/62._E_-_Polaroid_Color_+_punch.lrtemplate
=== CONT  TestRoundTrip_lrtemplate_XMP_lrtemplate/63._E_-_Polaroid_Tint_+_i.lrtemplate
=== NAME  TestRoundTrip_lrtemplate_XMP_lrtemplate/65._E_-_Polaroid_Tint_+_iii.lrtemplate
    roundtrip_test.go:398: PointCurve length difference: orig=4, final=0 (this may be expected due to format limitations)
=== NAME  TestRoundTrip_lrtemplate_XMP_lrtemplate/95._E_-_Fuji_800_+_iiiii.lrtemplate
    roundtrip_test.go:398: PointCurve length difference: orig=2, final=0 (this may be expected due to format limitations)
=== CONT  TestRoundTrip_lrtemplate_XMP_lrtemplate/61._E_-_Polaroid_Color_+_warm.lrtemplate
=== NAME  TestRoundTrip_lrtemplate_XMP_lrtemplate/90._E_-_Fuji_400_+_punch.lrtemplate
    roundtrip_test.go:398: PointCurve length difference: orig=4, final=0 (this may be expected due to format limitations)
=== CONT  TestRoundTrip_lrtemplate_XMP_lrtemplate/85._E_-_Fuji_400_+_iiii.lrtemplate
=== NAME  TestRoundTrip_lrtemplate_XMP_lrtemplate/92._E_-_Fuji_800_+_ii.lrtemplate
    roundtrip_test.go:398: PointCurve length difference: orig=4, final=0 (this may be expected due to format limitations)
=== CONT  TestRoundTrip_lrtemplate_XMP_lrtemplate/82._E_-_Fuji_400_+_i.lrtemplate
=== NAME  TestRoundTrip_lrtemplate_XMP_lrtemplate/89._E_-_Fuji_400_+_warm.lrtemplate
    roundtrip_test.go:398: PointCurve length difference: orig=2, final=0 (this may be expected due to format limitations)
=== NAME  TestRoundTrip_lrtemplate_XMP_lrtemplate/98._E_-_Fuji_800_+_warm.lrtemplate
    roundtrip_test.go:398: PointCurve length difference: orig=4, final=0 (this may be expected due to format limitations)
=== CONT  TestRoundTrip_lrtemplate_XMP_lrtemplate/o_-_18._SHARPEN_-_Low.lrtemplate#01
=== CONT  TestRoundTrip_lrtemplate_XMP_lrtemplate/o_-_33_-_o.lrtemplate#01
=== NAME  TestRoundTrip_lrtemplate_XMP_lrtemplate/47._E_-_Polaroid_+_ii.lrtemplate
    roundtrip_test.go:398: PointCurve length difference: orig=6, final=0 (this may be expected due to format limitations)
=== CONT  TestRoundTrip_lrtemplate_XMP_lrtemplate/80._E_-_Fuji_100_+_warm.lrtemplate
=== NAME  TestRoundTrip_lrtemplate_XMP_lrtemplate/87._E_-_Fuji_400_+_fade.lrtemplate
    roundtrip_test.go:398: PointCurve length difference: orig=5, final=0 (this may be expected due to format limitations)
=== CONT  TestRoundTrip_lrtemplate_XMP_lrtemplate/79._E_-_Fuji_100_+_cool.lrtemplate
=== CONT  TestRoundTrip_lrtemplate_XMP_lrtemplate/78._E_-_Fuji_100_+_fade.lrtemplate
=== CONT  TestRoundTrip_lrtemplate_XMP_lrtemplate/93._E_-_Fuji_800_+_iii.lrtemplate
=== NAME  TestRoundTrip_lrtemplate_XMP_lrtemplate/82._E_-_Fuji_400_+_i.lrtemplate
    roundtrip_test.go:398: PointCurve length difference: orig=4, final=0 (this may be expected due to format limitations)
=== RUN   TestRoundTrip_XMP_lrtemplate_XMP/KDK_-_Kodachrome_64.xmp#01
=== RUN   TestRoundTrip_XMP_NP3_XMP/KDK_-_Gold_200.xmp#01
=== CONT  TestRoundTrip_lrtemplate_XMP_lrtemplate/64._E_-_Polaroid_Tint_+_ii.lrtemplate
=== CONT  TestRoundTrip_lrtemplate_XMP_lrtemplate/96._E_-_Fuji_800_+_fade.lrtemplate
=== CONT  TestRoundTrip_lrtemplate_XMP_lrtemplate/81._E_-_Fuji_100_+_punch.lrtemplate
=== CONT  TestRoundTrip_lrtemplate_XMP_lrtemplate/60._E_-_Polaroid_Color_+_cool.lrtemplate
=== NAME  TestRoundTrip_lrtemplate_XMP_lrtemplate/o_-_29._FINISH_-_Vintage.lrtemplate#01
    roundtrip_test.go:398: PointCurve length difference: orig=6, final=0 (this may be expected due to format limitations)
=== CONT  TestRoundTrip_lrtemplate_XMP_lrtemplate/77._E_-_Fuji_100_+_iiiii.lrtemplate
=== NAME  TestRoundTrip_lrtemplate_XMP_lrtemplate/63._E_-_Polaroid_Tint_+_i.lrtemplate
    roundtrip_test.go:398: PointCurve length difference: orig=4, final=0 (this may be expected due to format limitations)
=== NAME  TestRoundTrip_lrtemplate_XMP_lrtemplate/97._E_-_Fuji_800_+_cool.lrtemplate
    roundtrip_test.go:398: PointCurve length difference: orig=4, final=0 (this may be expected due to format limitations)
=== NAME  TestRoundTrip_lrtemplate_XMP_lrtemplate/84._E_-_Fuji_400_+_iii.lrtemplate
    roundtrip_test.go:398: PointCurve length difference: orig=4, final=0 (this may be expected due to format limitations)
=== NAME  TestRoundTrip_lrtemplate_XMP_lrtemplate/86._E_-_Fuji_400_+_iiiii.lrtemplate
    roundtrip_test.go:398: PointCurve length difference: orig=4, final=0 (this may be expected due to format limitations)
=== CONT  TestRoundTrip_lrtemplate_XMP_lrtemplate/98._E_-_Kodak_Elite_+_warm.lrtemplate
=== CONT  TestRoundTrip_lrtemplate_XMP_lrtemplate/o_-_10._CONTRAST_-_Low.lrtemplate#01
=== NAME  TestRoundTrip_lrtemplate_XMP_lrtemplate/50._E_-_Polaroid_+_iiiii.lrtemplate
    roundtrip_test.go:398: PointCurve length difference: orig=5, final=0 (this may be expected due to format limitations)
=== NAME  TestRoundTrip_lrtemplate_XMP_lrtemplate/96._E_-_Fuji_800_+_fade.lrtemplate
    roundtrip_test.go:398: PointCurve length difference: orig=4, final=0 (this may be expected due to format limitations)
=== CONT  TestRoundTrip_lrtemplate_XMP_lrtemplate/o_-_28._FINISH_-_Strong.lrtemplate#01
=== NAME  TestRoundTrip_lrtemplate_XMP_lrtemplate/60._E_-_Polaroid_Color_+_cool.lrtemplate
    roundtrip_test.go:398: PointCurve length difference: orig=5, final=0 (this may be expected due to format limitations)
=== CONT  TestRoundTrip_lrtemplate_XMP_lrtemplate/59._E_-_Polaroid_Color_+_fade.lrtemplate
=== NAME  TestRoundTrip_lrtemplate_XMP_lrtemplate/77._E_-_Fuji_100_+_iiiii.lrtemplate
    roundtrip_test.go:398: PointCurve length difference: orig=5, final=0 (this may be expected due to format limitations)
=== CONT  TestRoundTrip_lrtemplate_XMP_lrtemplate/o_-_40._COLOR_-_Pastel_Rouge.lrtemplate
=== NAME  TestRoundTrip_lrtemplate_XMP_lrtemplate/80._E_-_Fuji_100_+_warm.lrtemplate
    roundtrip_test.go:398: PointCurve length difference: orig=4, final=0 (this may be expected due to format limitations)
=== CONT  TestRoundTrip_lrtemplate_XMP_lrtemplate/91._E_-_Kodak_Elite_+_i.lrtemplate
=== NAME  TestRoundTrip_lrtemplate_XMP_lrtemplate/88._E_-_Fuji_400_+_cool.lrtemplate
    roundtrip_test.go:398: PointCurve length difference: orig=2, final=0 (this may be expected due to format limitations)
=== NAME  TestRoundTrip_lrtemplate_XMP_lrtemplate/85._E_-_Fuji_400_+_iiii.lrtemplate
    roundtrip_test.go:398: PointCurve length difference: orig=4, final=0 (this may be expected due to format limitations)
=== NAME  TestRoundTrip_lrtemplate_XMP_lrtemplate/79._E_-_Fuji_100_+_cool.lrtemplate
    roundtrip_test.go:398: PointCurve length difference: orig=4, final=0 (this may be expected due to format limitations)
=== NAME  TestRoundTrip_lrtemplate_XMP_lrtemplate/62._E_-_Polaroid_Color_+_punch.lrtemplate
    roundtrip_test.go:398: PointCurve length difference: orig=5, final=0 (this may be expected due to format limitations)
=== NAME  TestRoundTrip_lrtemplate_XMP_lrtemplate/93._E_-_Fuji_800_+_iii.lrtemplate
    roundtrip_test.go:398: PointCurve length difference: orig=2, final=0 (this may be expected due to format limitations)
=== CONT  TestRoundTrip_lrtemplate_XMP_lrtemplate/o_-_25_-_o.lrtemplate#01
=== PAUSE TestRoundTrip_XMP_NP3_XMP/KDK_-_Gold_200.xmp#01
=== NAME  TestRoundTrip_lrtemplate_XMP_lrtemplate/61._E_-_Polaroid_Color_+_warm.lrtemplate
    roundtrip_test.go:398: PointCurve length difference: orig=5, final=0 (this may be expected due to format limitations)
=== PAUSE TestRoundTrip_XMP_lrtemplate_XMP/KDK_-_Kodachrome_64.xmp#01
=== CONT  TestRoundTrip_lrtemplate_XMP_lrtemplate/74._E_-_Fuji_100_+_ii.lrtemplate
=== NAME  TestRoundTrip_lrtemplate_XMP_lrtemplate/78._E_-_Fuji_100_+_fade.lrtemplate
    roundtrip_test.go:398: PointCurve length difference: orig=4, final=0 (this may be expected due to format limitations)
=== CONT  TestRoundTrip_lrtemplate_XMP_lrtemplate/33._E_-_Fuji_Provia_+_fade.lrtemplate
=== CONT  TestRoundTrip_lrtemplate_XMP_lrtemplate/o_-_24._VIBRANCE_-__High.lrtemplate#01
=== NAME  TestRoundTrip_lrtemplate_XMP_lrtemplate/94._E_-_Fuji_800_+_iiii.lrtemplate
    roundtrip_test.go:398: PointCurve length difference: orig=4, final=0 (this may be expected due to format limitations)
=== CONT  TestRoundTrip_lrtemplate_XMP_lrtemplate/o_-_21_-_o.lrtemplate#01
=== CONT  TestRoundTrip_lrtemplate_XMP_lrtemplate/o_-_39._COLOR_-_Warm_Light.lrtemplate
=== CONT  TestRoundTrip_lrtemplate_XMP_lrtemplate/34._E_-_Fuji_Provia_+_cool.lrtemplate
=== CONT  TestRoundTrip_lrtemplate_XMP_lrtemplate/32._E_-_Fuji_Provia_+_iiiii.lrtemplate
=== CONT  TestRoundTrip_lrtemplate_XMP_lrtemplate/o_-_27._FINISH_-_Basic.lrtemplate#01
=== CONT  TestRoundTrip_lrtemplate_XMP_lrtemplate/90._E_-_Kodak_Ektar_+_punch.lrtemplate
=== CONT  TestRoundTrip_lrtemplate_XMP_lrtemplate/o_-_26._FINISH_-_Film.lrtemplate#01
=== CONT  TestRoundTrip_lrtemplate_XMP_lrtemplate/89._E_-_Kodak_Ektar_+_warm.lrtemplate
=== NAME  TestRoundTrip_lrtemplate_XMP_lrtemplate/81._E_-_Fuji_100_+_punch.lrtemplate
    roundtrip_test.go:398: PointCurve length difference: orig=6, final=0 (this may be expected due to format limitations)
=== CONT  TestRoundTrip_lrtemplate_XMP_lrtemplate/29._E_-_Fuji_Provia_+_ii.lrtemplate
=== NAME  TestRoundTrip_lrtemplate_XMP_lrtemplate/o_-_28._FINISH_-_Strong.lrtemplate#01
    roundtrip_test.go:398: PointCurve length difference: orig=5, final=0 (this may be expected due to format limitations)
=== CONT  TestRoundTrip_lrtemplate_XMP_lrtemplate/o_-_17_-_o.lrtemplate
=== NAME  TestRoundTrip_lrtemplate_XMP_lrtemplate/59._E_-_Polaroid_Color_+_fade.lrtemplate
    roundtrip_test.go:398: PointCurve length difference: orig=5, final=0 (this may be expected due to format limitations)
=== CONT  TestRoundTrip_lrtemplate_XMP_lrtemplate/28._E_-_Fuji_Provia_+_i.lrtemplate
=== CONT  TestRoundTrip_lrtemplate_XMP_lrtemplate/o_-_27._FINISH_-_Basic.lrtemplate
=== RUN   TestRoundTrip_XMP_NP3_XMP/KDK_-_Kodachrome_64_++++.xmp
=== PAUSE TestRoundTrip_XMP_NP3_XMP/KDK_-_Kodachrome_64_++++.xmp
=== RUN   TestRoundTrip_XMP_NP3_XMP/KDK_-_Kodachrome_64_+++.xmp
=== PAUSE TestRoundTrip_XMP_NP3_XMP/KDK_-_Kodachrome_64_+++.xmp
=== RUN   TestRoundTrip_XMP_NP3_XMP/KDK_-_Kodachrome_64_++.xmp
=== NAME  TestRoundTrip_lrtemplate_XMP_lrtemplate/64._E_-_Polaroid_Tint_+_ii.lrtemplate
    roundtrip_test.go:398: PointCurve length difference: orig=5, final=0 (this may be expected due to format limitations)
=== CONT  TestRoundTrip_lrtemplate_XMP_lrtemplate/o_-_38._COLOR_-_Sea_Breeze.lrtemplate
=== CONT  TestRoundTrip_lrtemplate_XMP_lrtemplate/o_-_37._COLOR_-_Spearmint.lrtemplate
=== CONT  TestRoundTrip_lrtemplate_XMP_lrtemplate/88._E_-_Kodak_Ektar_+_cool.lrtemplate
=== CONT  TestRoundTrip_lrtemplate_XMP_lrtemplate/27._E_-_Fuji_Sensia_+_punch.lrtemplate
=== RUN   TestRoundTrip_XMP_lrtemplate_XMP/KDK_-_Portra_++++.xmp#01
=== PAUSE TestRoundTrip_XMP_lrtemplate_XMP/KDK_-_Portra_++++.xmp#01
=== RUN   TestRoundTrip_XMP_lrtemplate_XMP/KDK_-_Portra_+++.xmp#01
=== PAUSE TestRoundTrip_XMP_lrtemplate_XMP/KDK_-_Portra_+++.xmp#01
=== RUN   TestRoundTrip_XMP_lrtemplate_XMP/KDK_-_Portra_++.xmp#01
=== NAME  TestRoundTrip_lrtemplate_XMP_lrtemplate/91._E_-_Kodak_Elite_+_i.lrtemplate
    roundtrip_test.go:398: PointCurve length difference: orig=5, final=0 (this may be expected due to format limitations)
=== CONT  TestRoundTrip_lrtemplate_XMP_lrtemplate/o_-_26._FINISH_-_Film.lrtemplate
=== NAME  TestRoundTrip_lrtemplate_XMP_lrtemplate/29._E_-_Fuji_Provia_+_ii.lrtemplate
    roundtrip_test.go:398: PointCurve length difference: orig=4, final=0 (this may be expected due to format limitations)
=== CONT  TestRoundTrip_lrtemplate_XMP_lrtemplate/o_-_36._COLOR_-_Lavender.lrtemplate
=== NAME  TestRoundTrip_lrtemplate_XMP_lrtemplate/o_-_27._FINISH_-_Basic.lrtemplate
    roundtrip_test.go:398: PointCurve length difference: orig=5, final=0 (this may be expected due to format limitations)
=== NAME  TestRoundTrip_lrtemplate_XMP_lrtemplate/33._E_-_Fuji_Provia_+_fade.lrtemplate
    roundtrip_test.go:398: PointCurve length difference: orig=5, final=0 (this may be expected due to format limitations)
=== CONT  TestRoundTrip_lrtemplate_XMP_lrtemplate/o_-_25_-_o.lrtemplate
=== CONT  TestRoundTrip_lrtemplate_XMP_lrtemplate/o_-_20._SHARPEN_-_High.lrtemplate#01
=== NAME  TestRoundTrip_lrtemplate_XMP_lrtemplate/74._E_-_Fuji_100_+_ii.lrtemplate
    roundtrip_test.go:398: PointCurve length difference: orig=2, final=0 (this may be expected due to format limitations)
=== PAUSE TestRoundTrip_XMP_lrtemplate_XMP/KDK_-_Portra_++.xmp#01
=== RUN   TestRoundTrip_XMP_lrtemplate_XMP/KDK_-_Portra_+.xmp#01
=== NAME  TestRoundTrip_lrtemplate_XMP_lrtemplate/32._E_-_Fuji_Provia_+_iiiii.lrtemplate
    roundtrip_test.go:398: PointCurve length difference: orig=4, final=0 (this may be expected due to format limitations)
=== CONT  TestRoundTrip_lrtemplate_XMP_lrtemplate/26._E_-_Fuji_Sensia_+_warm.lrtemplate
=== CONT  TestRoundTrip_lrtemplate_XMP_lrtemplate/o_-_24._VIBRANCE_-__High.lrtemplate
=== CONT  TestRoundTrip_lrtemplate_XMP_lrtemplate/30._E_-_Fuji_Provia_+_iii.lrtemplate
=== NAME  TestRoundTrip_lrtemplate_XMP_lrtemplate/o_-_26._FINISH_-_Film.lrtemplate#01
    roundtrip_test.go:398: PointCurve length difference: orig=4, final=0 (this may be expected due to format limitations)
=== CONT  TestRoundTrip_lrtemplate_XMP_lrtemplate/75._E_-_Fuji_100_+_iii.lrtemplate
=== CONT  TestRoundTrip_lrtemplate_XMP_lrtemplate/o_-_33_-_o.lrtemplate
=== PAUSE TestRoundTrip_XMP_NP3_XMP/KDK_-_Kodachrome_64_++.xmp
=== NAME  TestRoundTrip_lrtemplate_XMP_lrtemplate/o_-_25_-_o.lrtemplate#01
    roundtrip_test.go:398: PointCurve length difference: orig=2, final=0 (this may be expected due to format limitations)
=== RUN   TestRoundTrip_XMP_NP3_XMP/KDK_-_Kodachrome_64_+.xmp
=== PAUSE TestRoundTrip_XMP_NP3_XMP/KDK_-_Kodachrome_64_+.xmp
=== RUN   TestRoundTrip_XMP_NP3_XMP/KDK_-_Kodachrome_64_-_boost.xmp
=== PAUSE TestRoundTrip_XMP_NP3_XMP/KDK_-_Kodachrome_64_-_boost.xmp
=== NAME  TestRoundTrip_lrtemplate_XMP_lrtemplate/o_-_27._FINISH_-_Basic.lrtemplate#01
    roundtrip_test.go:398: PointCurve length difference: orig=5, final=0 (this may be expected due to format limitations)
=== CONT  TestRoundTrip_lrtemplate_XMP_lrtemplate/24._E_-_Fuji_Sensia_+_fade.lrtemplate
=== CONT  TestRoundTrip_lrtemplate_XMP_lrtemplate/86._E_-_Kodak_Ektar_+_iiiii.lrtemplate
=== CONT  TestRoundTrip_lrtemplate_XMP_lrtemplate/o_-_34._COLOR_-_Neutral.lrtemplate
=== CONT  TestRoundTrip_lrtemplate_XMP_lrtemplate/31._E_-_Fuji_Provia_+_iiii.lrtemplate
=== NAME  TestRoundTrip_lrtemplate_XMP_lrtemplate/90._E_-_Kodak_Ektar_+_punch.lrtemplate
    roundtrip_test.go:398: PointCurve length difference: orig=5, final=0 (this may be expected due to format limitations)
=== CONT  TestRoundTrip_lrtemplate_XMP_lrtemplate/23._E_-_Fuji_Sensia_+_iiiii.lrtemplate
=== NAME  TestRoundTrip_lrtemplate_XMP_lrtemplate/27._E_-_Fuji_Sensia_+_punch.lrtemplate
    roundtrip_test.go:398: PointCurve length difference: orig=2, final=0 (this may be expected due to format limitations)
=== NAME  TestRoundTrip_lrtemplate_XMP_lrtemplate/o_-_26._FINISH_-_Film.lrtemplate
    roundtrip_test.go:398: PointCurve length difference: orig=4, final=0 (this may be expected due to format limitations)
=== CONT  TestRoundTrip_lrtemplate_XMP_lrtemplate/o_-_28._FINISH_-_Strong.lrtemplate
=== CONT  TestRoundTrip_lrtemplate_XMP_lrtemplate/22._E_-_Fuji_Sensia_+_iiii-2.lrtemplate
=== CONT  TestRoundTrip_lrtemplate_XMP_lrtemplate/o_-_22._VIBRANCE__-_Low.lrtemplate#01
=== NAME  TestRoundTrip_lrtemplate_XMP_lrtemplate/26._E_-_Fuji_Sensia_+_warm.lrtemplate
    roundtrip_test.go:398: PointCurve length difference: orig=5, final=0 (this may be expected due to format limitations)
=== NAME  TestRoundTrip_lrtemplate_XMP_lrtemplate/89._E_-_Kodak_Ektar_+_warm.lrtemplate
    roundtrip_test.go:398: PointCurve length difference: orig=2, final=0 (this may be expected due to format limitations)
=== NAME  TestRoundTrip_lrtemplate_XMP_lrtemplate/34._E_-_Fuji_Provia_+_cool.lrtemplate
    roundtrip_test.go:398: PointCurve length difference: orig=5, final=0 (this may be expected due to format limitations)
=== CONT  TestRoundTrip_lrtemplate_XMP_lrtemplate/21._E_-_Fuji_Sensia_+_iii.lrtemplate
=== CONT  TestRoundTrip_lrtemplate_XMP_lrtemplate/o_-_32._FINISH_-_Retro.lrtemplate
=== NAME  TestRoundTrip_lrtemplate_XMP_lrtemplate/o_-_25_-_o.lrtemplate
    roundtrip_test.go:398: PointCurve length difference: orig=2, final=0 (this may be expected due to format limitations)
=== CONT  TestRoundTrip_lrtemplate_XMP_lrtemplate/84._E_-_Kodak_Ektar_+_iii.lrtemplate
=== CONT  TestRoundTrip_lrtemplate_XMP_lrtemplate/o_-_30._FINISH_-_Washed.lrtemplate
=== CONT  TestRoundTrip_lrtemplate_XMP_lrtemplate/o_-_29._FINISH_-_Vintage.lrtemplate
=== NAME  TestRoundTrip_lrtemplate_XMP_lrtemplate/o_-_28._FINISH_-_Strong.lrtemplate
    roundtrip_test.go:398: PointCurve length difference: orig=5, final=0 (this may be expected due to format limitations)
=== CONT  TestRoundTrip_lrtemplate_XMP_lrtemplate/20._E_-_Fuji_Sensia_+_ii.lrtemplate
=== PAUSE TestRoundTrip_XMP_lrtemplate_XMP/KDK_-_Portra_+.xmp#01
=== NAME  TestRoundTrip_lrtemplate_XMP_lrtemplate/98._E_-_Kodak_Elite_+_warm.lrtemplate
    roundtrip_test.go:398: PointCurve length difference: orig=2, final=0 (this may be expected due to format limitations)
=== CONT  TestRoundTrip_lrtemplate_XMP_lrtemplate/25._E_-_Fuji_Sensia_+_cool.lrtemplate
=== CONT  TestRoundTrip_lrtemplate_XMP_lrtemplate/87._E_-_Kodak_Ektar_+_fade.lrtemplate
=== NAME  TestRoundTrip_lrtemplate_XMP_lrtemplate/88._E_-_Kodak_Ektar_+_cool.lrtemplate
    roundtrip_test.go:398: PointCurve length difference: orig=2, final=0 (this may be expected due to format limitations)
=== RUN   TestRoundTrip_XMP_NP3_XMP/KDK_-_Kodachrome_64_-_color.xmp
=== PAUSE TestRoundTrip_XMP_NP3_XMP/KDK_-_Kodachrome_64_-_color.xmp
=== CONT  TestRoundTrip_lrtemplate_XMP_lrtemplate/85._E_-_Kodak_Ektar_+_iiii.lrtemplate
=== CONT  TestRoundTrip_lrtemplate_XMP_lrtemplate/o_-_21_-_o.lrtemplate
=== CONT  TestRoundTrip_lrtemplate_XMP_lrtemplate/o_-_31._FINISH_-_Bright.lrtemplate
=== NAME  TestRoundTrip_lrtemplate_XMP_lrtemplate/28._E_-_Fuji_Provia_+_i.lrtemplate
    roundtrip_test.go:398: PointCurve length difference: orig=4, final=0 (this may be expected due to format limitations)
=== CONT  TestRoundTrip_lrtemplate_XMP_lrtemplate/83._E_-_Kodak_Ektar_+_ii.lrtemplate
=== CONT  TestRoundTrip_lrtemplate_XMP_lrtemplate/41._E_-_Kodak_Echrome_+_iiiii.lrtemplate
=== RUN   TestRoundTrip_XMP_lrtemplate_XMP/KDK_-_Portra_-_boost.xmp#01
=== PAUSE TestRoundTrip_XMP_lrtemplate_XMP/KDK_-_Portra_-_boost.xmp#01
=== NAME  TestRoundTrip_lrtemplate_XMP_lrtemplate/o_-_29._FINISH_-_Vintage.lrtemplate
    roundtrip_test.go:398: PointCurve length difference: orig=6, final=0 (this may be expected due to format limitations)
=== NAME  TestRoundTrip_lrtemplate_XMP_lrtemplate/o_-_30._FINISH_-_Washed.lrtemplate
    roundtrip_test.go:398: PointCurve length difference: orig=5, final=0 (this may be expected due to format limitations)
=== CONT  TestRoundTrip_lrtemplate_XMP_lrtemplate/39._E_-_Kodak_Echrome_+_iii.lrtemplate
=== NAME  TestRoundTrip_lrtemplate_XMP_lrtemplate/o_-_32._FINISH_-_Retro.lrtemplate
    roundtrip_test.go:398: PointCurve length difference: orig=6, final=0 (this may be expected due to format limitations)
=== NAME  TestRoundTrip_lrtemplate_XMP_lrtemplate/86._E_-_Kodak_Ektar_+_iiiii.lrtemplate
    roundtrip_test.go:398: PointCurve length difference: orig=5, final=0 (this may be expected due to format limitations)
=== CONT  TestRoundTrip_lrtemplate_XMP_lrtemplate/61._E_-_Kodak_E100_+_cool.lrtemplate
=== NAME  TestRoundTrip_lrtemplate_XMP_lrtemplate/75._E_-_Fuji_100_+_iii.lrtemplate
    roundtrip_test.go:398: PointCurve length difference: orig=4, final=0 (this may be expected due to format limitations)
=== CONT  TestRoundTrip_lrtemplate_XMP_lrtemplate/18._E_-_Fuji_Velvia_+_punch.lrtemplate
=== NAME  TestRoundTrip_lrtemplate_XMP_lrtemplate/31._E_-_Fuji_Provia_+_iiii.lrtemplate
    roundtrip_test.go:398: PointCurve length difference: orig=5, final=0 (this may be expected due to format limitations)
=== CONT  TestRoundTrip_lrtemplate_XMP_lrtemplate/60._E_-_Kodak_E100_+_fade.lrtemplate
=== NAME  TestRoundTrip_lrtemplate_XMP_lrtemplate/84._E_-_Kodak_Ektar_+_iii.lrtemplate
    roundtrip_test.go:398: PointCurve length difference: orig=2, final=0 (this may be expected due to format limitations)
=== NAME  TestRoundTrip_lrtemplate_XMP_lrtemplate/39._E_-_Kodak_Echrome_+_iii.lrtemplate
    roundtrip_test.go:398: PointCurve length difference: orig=2, final=0 (this may be expected due to format limitations)
=== CONT  TestRoundTrip_lrtemplate_XMP_lrtemplate/17._E_-_Kodak_160_+_warm.lrtemplate
=== CONT  TestRoundTrip_lrtemplate_XMP_lrtemplate/59._E_-_Kodak_E100_+_iiiii.lrtemplate
=== NAME  TestRoundTrip_lrtemplate_XMP_lrtemplate/23._E_-_Fuji_Sensia_+_iiiii.lrtemplate
    roundtrip_test.go:398: PointCurve length difference: orig=5, final=0 (this may be expected due to format limitations)
=== NAME  TestRoundTrip_lrtemplate_XMP_lrtemplate/30._E_-_Fuji_Provia_+_iii.lrtemplate
    roundtrip_test.go:398: PointCurve length difference: orig=2, final=0 (this may be expected due to format limitations)
=== NAME  TestRoundTrip_lrtemplate_XMP_lrtemplate/24._E_-_Fuji_Sensia_+_fade.lrtemplate
    roundtrip_test.go:398: PointCurve length difference: orig=5, final=0 (this may be expected due to format limitations)
=== CONT  TestRoundTrip_lrtemplate_XMP_lrtemplate/58._E_-_Kodak_E100_+_iiii.lrtemplate
=== CONT  TestRoundTrip_lrtemplate_XMP_lrtemplate/o_-_35._COLOR_-_Morning.lrtemplate
=== CONT  TestRoundTrip_lrtemplate_XMP_lrtemplate/40._E_-_Kodak_Echrome_+_iiii.lrtemplate
=== NAME  TestRoundTrip_lrtemplate_XMP_lrtemplate/18._E_-_Fuji_Velvia_+_punch.lrtemplate
    roundtrip_test.go:398: PointCurve length difference: orig=2, final=0 (this may be expected due to format limitations)
=== NAME  TestRoundTrip_lrtemplate_XMP_lrtemplate/20._E_-_Fuji_Sensia_+_ii.lrtemplate
    roundtrip_test.go:398: PointCurve length difference: orig=5, final=0 (this may be expected due to format limitations)
=== RUN   TestRoundTrip_XMP_NP3_XMP/KDK_-_Kodachrome_64_-_cool.xmp
=== NAME  TestRoundTrip_lrtemplate_XMP_lrtemplate/21._E_-_Fuji_Sensia_+_iii.lrtemplate
    roundtrip_test.go:398: PointCurve length difference: orig=2, final=0 (this may be expected due to format limitations)
=== NAME  TestRoundTrip_lrtemplate_XMP_lrtemplate/25._E_-_Fuji_Sensia_+_cool.lrtemplate
    roundtrip_test.go:398: PointCurve length difference: orig=6, final=0 (this may be expected due to format limitations)
=== NAME  TestRoundTrip_lrtemplate_XMP_lrtemplate/87._E_-_Kodak_Ektar_+_fade.lrtemplate
    roundtrip_test.go:398: PointCurve length difference: orig=4, final=0 (this may be expected due to format limitations)
=== RUN   TestRoundTrip_XMP_lrtemplate_XMP/KDK_-_Portra_-_cool.xmp#01
=== CONT  TestRoundTrip_lrtemplate_XMP_lrtemplate/19._E_-_Fuji_Sensia_+_i.lrtemplate
=== CONT  TestRoundTrip_lrtemplate_XMP_lrtemplate/82._E_-_Kodak_Ektar_+_i.lrtemplate
=== NAME  TestRoundTrip_lrtemplate_XMP_lrtemplate/o_-_31._FINISH_-_Bright.lrtemplate
    roundtrip_test.go:398: PointCurve length difference: orig=6, final=0 (this may be expected due to format limitations)
=== CONT  TestRoundTrip_lrtemplate_XMP_lrtemplate/38._E_-_Kodak_Echrome_+_ii.lrtemplate
=== NAME  TestRoundTrip_lrtemplate_XMP_lrtemplate/85._E_-_Kodak_Ektar_+_iiii.lrtemplate
    roundtrip_test.go:398: PointCurve length difference: orig=5, final=0 (this may be expected due to format limitations)
=== NAME  TestRoundTrip_lrtemplate_XMP_lrtemplate/83._E_-_Kodak_Ektar_+_ii.lrtemplate
    roundtrip_test.go:398: PointCurve length difference: orig=4, final=0 (this may be expected due to format limitations)
=== NAME  TestRoundTrip_lrtemplate_XMP_lrtemplate/41._E_-_Kodak_Echrome_+_iiiii.lrtemplate
    roundtrip_test.go:398: PointCurve length difference: orig=4, final=0 (this may be expected due to format limitations)
=== NAME  TestRoundTrip_lrtemplate_XMP_lrtemplate/22._E_-_Fuji_Sensia_+_iiii-2.lrtemplate
    roundtrip_test.go:398: PointCurve length difference: orig=3, final=0 (this may be expected due to format limitations)
=== CONT  TestRoundTrip_lrtemplate_XMP_lrtemplate/76._E_-_Fuji_100_+_iiii.lrtemplate
=== CONT  TestRoundTrip_lrtemplate_XMP_lrtemplate/54._E_-_Kodak_E64_+_punch.lrtemplate
=== CONT  TestRoundTrip_lrtemplate_XMP_lrtemplate/11._E_-_Kodak_160_+_ii.lrtemplate
=== NAME  TestRoundTrip_lrtemplate_XMP_lrtemplate/61._E_-_Kodak_E100_+_cool.lrtemplate
    roundtrip_test.go:398: PointCurve length difference: orig=2, final=0 (this may be expected due to format limitations)
=== CONT  TestRoundTrip_lrtemplate_XMP_lrtemplate/16._E_-_Kodak_160_+_cool.lrtemplate
=== NAME  TestRoundTrip_lrtemplate_XMP_lrtemplate/59._E_-_Kodak_E100_+_iiiii.lrtemplate
    roundtrip_test.go:398: PointCurve length difference: orig=2, final=0 (this may be expected due to format limitations)
=== CONT  TestRoundTrip_lrtemplate_XMP_lrtemplate/15._E_-_Kodak_160_+_fade.lrtemplate
=== PAUSE TestRoundTrip_XMP_NP3_XMP/KDK_-_Kodachrome_64_-_cool.xmp
=== RUN   TestRoundTrip_XMP_NP3_XMP/KDK_-_Kodachrome_64_-_film.xmp
=== PAUSE TestRoundTrip_XMP_NP3_XMP/KDK_-_Kodachrome_64_-_film.xmp
=== RUN   TestRoundTrip_XMP_NP3_XMP/KDK_-_Kodachrome_64_-_warm.xmp
=== PAUSE TestRoundTrip_XMP_NP3_XMP/KDK_-_Kodachrome_64_-_warm.xmp
=== RUN   TestRoundTrip_XMP_NP3_XMP/KDK_-_Kodachrome_64.xmp#01
=== CONT  TestRoundTrip_lrtemplate_XMP_lrtemplate/57._E_-_Kodak_E100_+_iii.lrtemplate
=== CONT  TestRoundTrip_lrtemplate_XMP_lrtemplate/o_-_22._VIBRANCE__-_Low.lrtemplate
=== CONT  TestRoundTrip_lrtemplate_XMP_lrtemplate/o_-_23._VIBRANCE__-_Mid.lrtemplate#01
=== CONT  TestRoundTrip_lrtemplate_XMP_lrtemplate/14._E_-_Kodak_160_+_iiiii.lrtemplate
=== PAUSE TestRoundTrip_XMP_lrtemplate_XMP/KDK_-_Portra_-_cool.xmp#01
=== RUN   TestRoundTrip_XMP_lrtemplate_XMP/KDK_-_Portra_-_film.xmp#01
=== PAUSE TestRoundTrip_XMP_lrtemplate_XMP/KDK_-_Portra_-_film.xmp#01
=== RUN   TestRoundTrip_XMP_lrtemplate_XMP/KDK_-_Portra_-_warm.xmp#01
=== PAUSE TestRoundTrip_XMP_lrtemplate_XMP/KDK_-_Portra_-_warm.xmp#01
=== CONT  TestRoundTrip_lrtemplate_XMP_lrtemplate/13._E_-_Kodak_160_+_iiii.lrtemplate
=== NAME  TestRoundTrip_lrtemplate_XMP_lrtemplate/19._E_-_Fuji_Sensia_+_i.lrtemplate
    roundtrip_test.go:398: PointCurve length difference: orig=6, final=0 (this may be expected due to format limitations)
=== RUN   TestRoundTrip_XMP_lrtemplate_XMP/KDK_-_Portra_160_++++.xmp#01
=== CONT  TestRoundTrip_lrtemplate_XMP_lrtemplate/56._E_-_Kodak_E100_+_ii.lrtemplate
=== PAUSE TestRoundTrip_XMP_lrtemplate_XMP/KDK_-_Portra_160_++++.xmp#01
=== RUN   TestRoundTrip_XMP_lrtemplate_XMP/KDK_-_Portra_160_+++.xmp#01
=== PAUSE TestRoundTrip_XMP_lrtemplate_XMP/KDK_-_Portra_160_+++.xmp#01
=== NAME  TestRoundTrip_lrtemplate_XMP_lrtemplate/17._E_-_Kodak_160_+_warm.lrtemplate
    roundtrip_test.go:398: PointCurve length difference: orig=5, final=0 (this may be expected due to format limitations)
=== NAME  TestRoundTrip_lrtemplate_XMP_lrtemplate/58._E_-_Kodak_E100_+_iiii.lrtemplate
    roundtrip_test.go:398: PointCurve length difference: orig=4, final=0 (this may be expected due to format limitations)
=== CONT  TestRoundTrip_lrtemplate_XMP_lrtemplate/33._E_-_Kodak_800_+_fade.lrtemplate
=== NAME  TestRoundTrip_lrtemplate_XMP_lrtemplate/82._E_-_Kodak_Ektar_+_i.lrtemplate
    roundtrip_test.go:398: PointCurve length difference: orig=5, final=0 (this may be expected due to format limitations)
=== NAME  TestRoundTrip_lrtemplate_XMP_lrtemplate/11._E_-_Kodak_160_+_ii.lrtemplate
    roundtrip_test.go:398: PointCurve length difference: orig=2, final=0 (this may be expected due to format limitations)
=== NAME  TestRoundTrip_lrtemplate_XMP_lrtemplate/38._E_-_Kodak_Echrome_+_ii.lrtemplate
    roundtrip_test.go:398: PointCurve length difference: orig=2, final=0 (this may be expected due to format limitations)
=== CONT  TestRoundTrip_lrtemplate_XMP_lrtemplate/08._E_-_Kodak_Portra_+_warm.lrtemplate
=== CONT  TestRoundTrip_lrtemplate_XMP_lrtemplate/36._E_-_Kodak_800_+_punch.lrtemplate
=== NAME  TestRoundTrip_lrtemplate_XMP_lrtemplate/76._E_-_Fuji_100_+_iiii.lrtemplate
    roundtrip_test.go:398: PointCurve length difference: orig=5, final=0 (this may be expected due to format limitations)
=== NAME  TestRoundTrip_lrtemplate_XMP_lrtemplate/60._E_-_Kodak_E100_+_fade.lrtemplate
    roundtrip_test.go:398: PointCurve length difference: orig=4, final=0 (this may be expected due to format limitations)
=== CONT  TestRoundTrip_lrtemplate_XMP_lrtemplate/51._E_-_Kodak_E64_+_fade.lrtemplate
=== CONT  TestRoundTrip_lrtemplate_XMP_lrtemplate/35._E_-_Kodak_800_+_warm.lrtemplate
=== NAME  TestRoundTrip_lrtemplate_XMP_lrtemplate/15._E_-_Kodak_160_+_fade.lrtemplate
    roundtrip_test.go:398: PointCurve length difference: orig=5, final=0 (this may be expected due to format limitations)
=== CONT  TestRoundTrip_lrtemplate_XMP_lrtemplate/50._E_-_Kodak_E64_+_iiiii.lrtemplate
=== CONT  TestRoundTrip_lrtemplate_XMP_lrtemplate/55._E_-_Kodak_E100_+_i.lrtemplate
=== CONT  TestRoundTrip_lrtemplate_XMP_lrtemplate/53._E_-_Kodak_E64_+_warm.lrtemplate
=== CONT  TestRoundTrip_lrtemplate_XMP_lrtemplate/10._E_-_Kodak_160_+_i.lrtemplate
=== PAUSE TestRoundTrip_XMP_NP3_XMP/KDK_-_Kodachrome_64.xmp#01
=== CONT  TestRoundTrip_lrtemplate_XMP_lrtemplate/52._E_-_Kodak_E64_+_cool.lrtemplate
=== CONT  TestRoundTrip_lrtemplate_XMP_lrtemplate/06._E_-_Kodak_Portra_+_fade.lrtemplate
=== NAME  TestRoundTrip_lrtemplate_XMP_lrtemplate/14._E_-_Kodak_160_+_iiiii.lrtemplate
    roundtrip_test.go:398: PointCurve length difference: orig=5, final=0 (this may be expected due to format limitations)
=== CONT  TestRoundTrip_lrtemplate_XMP_lrtemplate/49._E_-_Kodak_E64_+_iiii.lrtemplate
=== RUN   TestRoundTrip_XMP_lrtemplate_XMP/KDK_-_Portra_160_++.xmp#01
=== PAUSE TestRoundTrip_XMP_lrtemplate_XMP/KDK_-_Portra_160_++.xmp#01
=== CONT  TestRoundTrip_lrtemplate_XMP_lrtemplate/12._E_-_Kodak_160_+_iii.lrtemplate
=== NAME  TestRoundTrip_lrtemplate_XMP_lrtemplate/33._E_-_Kodak_800_+_fade.lrtemplate
    roundtrip_test.go:398: PointCurve length difference: orig=4, final=0 (this may be expected due to format limitations)
=== NAME  TestRoundTrip_lrtemplate_XMP_lrtemplate/13._E_-_Kodak_160_+_iiii.lrtemplate
    roundtrip_test.go:398: PointCurve length difference: orig=5, final=0 (this may be expected due to format limitations)
=== CONT  TestRoundTrip_lrtemplate_XMP_lrtemplate/48._E_-_Kodak_E64_+_iii.lrtemplate
=== CONT  TestRoundTrip_lrtemplate_XMP_lrtemplate/47._E_-_Kodak_E64_+_ii.lrtemplate
=== NAME  TestRoundTrip_lrtemplate_XMP_lrtemplate/54._E_-_Kodak_E64_+_punch.lrtemplate
    roundtrip_test.go:398: PointCurve length difference: orig=5, final=0 (this may be expected due to format limitations)
=== CONT  TestRoundTrip_lrtemplate_XMP_lrtemplate/46._E_-_Kodak_E64_+_i.lrtemplate
=== CONT  TestRoundTrip_lrtemplate_XMP_lrtemplate/37._E_-_Kodak_Echrome_+_i.lrtemplate
=== NAME  TestRoundTrip_lrtemplate_XMP_lrtemplate/08._E_-_Kodak_Portra_+_warm.lrtemplate
    roundtrip_test.go:398: PointCurve length difference: orig=2, final=0 (this may be expected due to format limitations)
=== NAME  TestRoundTrip_lrtemplate_XMP_lrtemplate/35._E_-_Kodak_800_+_warm.lrtemplate
    roundtrip_test.go:398: PointCurve length difference: orig=5, final=0 (this may be expected due to format limitations)
=== CONT  TestRoundTrip_lrtemplate_XMP_lrtemplate/05._E_-_Kodak_Portra_+_iiiii.lrtemplate
=== CONT  TestRoundTrip_lrtemplate_XMP_lrtemplate/09._E_-_Kodak_Portra_+_punch.lrtemplate
=== NAME  TestRoundTrip_lrtemplate_XMP_lrtemplate/36._E_-_Kodak_800_+_punch.lrtemplate
    roundtrip_test.go:398: PointCurve length difference: orig=2, final=0 (this may be expected due to format limitations)
=== CONT  TestRoundTrip_lrtemplate_XMP_lrtemplate/04._E_-_Kodak_Portra_+_iiii.lrtemplate
=== CONT  TestRoundTrip_lrtemplate_XMP_lrtemplate/45._E_-_Kodak_Echrome_+_punch.lrtemplate
=== NAME  TestRoundTrip_lrtemplate_XMP_lrtemplate/40._E_-_Kodak_Echrome_+_iiii.lrtemplate
    roundtrip_test.go:398: PointCurve length difference: orig=4, final=0 (this may be expected due to format limitations)
=== CONT  TestRoundTrip_lrtemplate_XMP_lrtemplate/44._E_-_Kodak_Echrome_+_warm.lrtemplate
=== NAME  TestRoundTrip_lrtemplate_XMP_lrtemplate/50._E_-_Kodak_E64_+_iiiii.lrtemplate
    roundtrip_test.go:398: PointCurve length difference: orig=5, final=0 (this may be expected due to format limitations)
=== CONT  TestRoundTrip_lrtemplate_XMP_lrtemplate/34._E_-_Kodak_800_+_cool.lrtemplate
=== NAME  TestRoundTrip_lrtemplate_XMP_lrtemplate/10._E_-_Kodak_160_+_i.lrtemplate
    roundtrip_test.go:398: PointCurve length difference: orig=6, final=0 (this may be expected due to format limitations)
=== CONT  TestRoundTrip_lrtemplate_XMP_lrtemplate/43._E_-_Kodak_Echrome_+_cool.lrtemplate
=== NAME  TestRoundTrip_lrtemplate_XMP_lrtemplate/55._E_-_Kodak_E100_+_i.lrtemplate
    roundtrip_test.go:398: PointCurve length difference: orig=5, final=0 (this may be expected due to format limitations)
=== CONT  TestRoundTrip_lrtemplate_XMP_lrtemplate/03._E_-_Kodak_Portra_+_iii.lrtemplate
=== NAME  TestRoundTrip_lrtemplate_XMP_lrtemplate/51._E_-_Kodak_E64_+_fade.lrtemplate
    roundtrip_test.go:398: PointCurve length difference: orig=7, final=0 (this may be expected due to format limitations)
=== CONT  TestRoundTrip_lrtemplate_XMP_lrtemplate/42._E_-_Kodak_Echrome_+_fade.lrtemplate
=== CONT  TestRoundTrip_lrtemplate_XMP_lrtemplate/07._E_-_Kodak_Portra_+_cool.lrtemplate
=== NAME  TestRoundTrip_lrtemplate_XMP_lrtemplate/48._E_-_Kodak_E64_+_iii.lrtemplate
    roundtrip_test.go:398: PointCurve length difference: orig=5, final=0 (this may be expected due to format limitations)
=== CONT  TestRoundTrip_lrtemplate_XMP_lrtemplate/00._E_-_o_.lrtemplate
=== NAME  TestRoundTrip_lrtemplate_XMP_lrtemplate/47._E_-_Kodak_E64_+_ii.lrtemplate
    roundtrip_test.go:398: PointCurve length difference: orig=5, final=0 (this may be expected due to format limitations)
=== NAME  TestRoundTrip_lrtemplate_XMP_lrtemplate/52._E_-_Kodak_E64_+_cool.lrtemplate
    roundtrip_test.go:398: PointCurve length difference: orig=2, final=0 (this may be expected due to format limitations)
=== NAME  TestRoundTrip_lrtemplate_XMP_lrtemplate/49._E_-_Kodak_E64_+_iiii.lrtemplate
    roundtrip_test.go:398: PointCurve length difference: orig=5, final=0 (this may be expected due to format limitations)
=== CONT  TestRoundTrip_lrtemplate_XMP_lrtemplate/17._E_-_Fuji_Velvia_+_warm.lrtemplate
=== CONT  TestRoundTrip_lrtemplate_XMP_lrtemplate/02._E_-_Kodak_Portra_+_ii.lrtemplate
=== NAME  TestRoundTrip_lrtemplate_XMP_lrtemplate/09._E_-_Kodak_Portra_+_punch.lrtemplate
    roundtrip_test.go:398: PointCurve length difference: orig=3, final=0 (this may be expected due to format limitations)
=== NAME  TestRoundTrip_lrtemplate_XMP_lrtemplate/06._E_-_Kodak_Portra_+_fade.lrtemplate
    roundtrip_test.go:398: PointCurve length difference: orig=4, final=0 (this may be expected due to format limitations)
=== NAME  TestRoundTrip_lrtemplate_XMP_lrtemplate/57._E_-_Kodak_E100_+_iii.lrtemplate
    roundtrip_test.go:398: PointCurve length difference: orig=2, final=0 (this may be expected due to format limitations)
=== CONT  TestRoundTrip_lrtemplate_XMP_lrtemplate/00._E_-_auto_wb.lrtemplate
=== RUN   TestRoundTrip_XMP_lrtemplate_XMP/KDK_-_Portra_160_+.xmp#01
=== NAME  TestRoundTrip_lrtemplate_XMP_lrtemplate/37._E_-_Kodak_Echrome_+_i.lrtemplate
    roundtrip_test.go:398: PointCurve length difference: orig=5, final=0 (this may be expected due to format limitations)
=== PAUSE TestRoundTrip_XMP_lrtemplate_XMP/KDK_-_Portra_160_+.xmp#01
=== NAME  TestRoundTrip_lrtemplate_XMP_lrtemplate/34._E_-_Kodak_800_+_cool.lrtemplate
    roundtrip_test.go:398: PointCurve length difference: orig=5, final=0 (this may be expected due to format limitations)
=== CONT  TestRoundTrip_lrtemplate_XMP_lrtemplate/01._E_-_Kodak_Portra_+_i.lrtemplate
=== CONT  TestRoundTrip_lrtemplate_XMP_lrtemplate/81._E_-_Kodak_Gold_+_punch.lrtemplate
=== NAME  TestRoundTrip_lrtemplate_XMP_lrtemplate/56._E_-_Kodak_E100_+_ii.lrtemplate
    roundtrip_test.go:398: PointCurve length difference: orig=4, final=0 (this may be expected due to format limitations)
=== CONT  TestRoundTrip_lrtemplate_XMP_lrtemplate/o_-_05._EXPOSURE__-_1.lrtemplate
=== NAME  TestRoundTrip_lrtemplate_XMP_lrtemplate/53._E_-_Kodak_E64_+_warm.lrtemplate
    roundtrip_test.go:398: PointCurve length difference: orig=2, final=0 (this may be expected due to format limitations)
=== CONT  TestRoundTrip_lrtemplate_XMP_lrtemplate/31._E_-_Kodak_800_+_iiii.lrtemplate
=== NAME  TestRoundTrip_lrtemplate_XMP_lrtemplate/16._E_-_Kodak_160_+_cool.lrtemplate
    roundtrip_test.go:398: PointCurve length difference: orig=4, final=0 (this may be expected due to format limitations)
=== RUN   TestRoundTrip_XMP_NP3_XMP/KDK_-_Portra_++++.xmp#01
=== CONT  TestRoundTrip_lrtemplate_XMP_lrtemplate/00._E_-_grain_x.lrtemplate
=== CONT  TestRoundTrip_lrtemplate_XMP_lrtemplate/o_-_16._DETAIL_-_High.lrtemplate
=== NAME  TestRoundTrip_lrtemplate_XMP_lrtemplate/12._E_-_Kodak_160_+_iii.lrtemplate
    roundtrip_test.go:398: PointCurve length difference: orig=5, final=0 (this may be expected due to format limitations)
=== NAME  TestRoundTrip_lrtemplate_XMP_lrtemplate/04._E_-_Kodak_Portra_+_iiii.lrtemplate
    roundtrip_test.go:398: PointCurve length difference: orig=2, final=0 (this may be expected due to format limitations)
=== CONT  TestRoundTrip_lrtemplate_XMP_lrtemplate/30._E_-_Kodak_800_+_iii.lrtemplate
=== NAME  TestRoundTrip_lrtemplate_XMP_lrtemplate/00._E_-_o_.lrtemplate
    roundtrip_test.go:398: PointCurve length difference: orig=2, final=0 (this may be expected due to format limitations)
=== NAME  TestRoundTrip_lrtemplate_XMP_lrtemplate/46._E_-_Kodak_E64_+_i.lrtemplate
    roundtrip_test.go:398: PointCurve length difference: orig=6, final=0 (this may be expected due to format limitations)
=== CONT  TestRoundTrip_lrtemplate_XMP_lrtemplate/92._E_-_Kodak_Elite_+_ii.lrtemplate
=== RUN   TestRoundTrip_XMP_lrtemplate_XMP/KDK_-_Portra_160_-_boost.xmp#01
=== NAME  TestRoundTrip_lrtemplate_XMP_lrtemplate/03._E_-_Kodak_Portra_+_iii.lrtemplate
    roundtrip_test.go:398: PointCurve length difference: orig=2, final=0 (this may be expected due to format limitations)
=== NAME  TestRoundTrip_lrtemplate_XMP_lrtemplate/45._E_-_Kodak_Echrome_+_punch.lrtemplate
    roundtrip_test.go:398: PointCurve length difference: orig=4, final=0 (this may be expected due to format limitations)
=== CONT  TestRoundTrip_lrtemplate_XMP_lrtemplate/79._E_-_Kodak_Gold_+_cool.lrtemplate
=== NAME  TestRoundTrip_lrtemplate_XMP_lrtemplate/07._E_-_Kodak_Portra_+_cool.lrtemplate
    roundtrip_test.go:398: PointCurve length difference: orig=2, final=0 (this may be expected due to format limitations)
=== CONT  TestRoundTrip_lrtemplate_XMP_lrtemplate/o_-_04._EXPOSURE__-_2.lrtemplate
=== CONT  TestRoundTrip_lrtemplate_XMP_lrtemplate/78._E_-_Kodak_Gold_+_fade.lrtemplate
=== CONT  TestRoundTrip_lrtemplate_XMP_lrtemplate/80._E_-_Kodak_Gold_+_warm.lrtemplate
=== PAUSE TestRoundTrip_XMP_lrtemplate_XMP/KDK_-_Portra_160_-_boost.xmp#01
=== RUN   TestRoundTrip_XMP_lrtemplate_XMP/KDK_-_Portra_160_-_cool.xmp#01
=== NAME  TestRoundTrip_lrtemplate_XMP_lrtemplate/30._E_-_Kodak_800_+_iii.lrtemplate
    roundtrip_test.go:398: PointCurve length difference: orig=4, final=0 (this may be expected due to format limitations)
=== CONT  TestRoundTrip_lrtemplate_XMP_lrtemplate/o_-_15._DETAIL_-_Mid.lrtemplate
=== CONT  TestRoundTrip_lrtemplate_XMP_lrtemplate/o_-_01._Lens_on.lrtemplate
=== CONT  TestRoundTrip_lrtemplate_XMP_lrtemplate/97._E_-_Kodak_Elite_+_cool.lrtemplate
=== PAUSE TestRoundTrip_XMP_lrtemplate_XMP/KDK_-_Portra_160_-_cool.xmp#01
=== RUN   TestRoundTrip_XMP_lrtemplate_XMP/KDK_-_Portra_160_-_film.xmp#01
=== NAME  TestRoundTrip_lrtemplate_XMP_lrtemplate/02._E_-_Kodak_Portra_+_ii.lrtemplate
    roundtrip_test.go:398: PointCurve length difference: orig=2, final=0 (this may be expected due to format limitations)
=== CONT  TestRoundTrip_lrtemplate_XMP_lrtemplate/99._E_-_Kodak_Elite_+_punch.lrtemplate
=== NAME  TestRoundTrip_lrtemplate_XMP_lrtemplate/92._E_-_Kodak_Elite_+_ii.lrtemplate
    roundtrip_test.go:398: PointCurve length difference: orig=5, final=0 (this may be expected due to format limitations)
=== NAME  TestRoundTrip_lrtemplate_XMP_lrtemplate/81._E_-_Kodak_Gold_+_punch.lrtemplate
    roundtrip_test.go:398: PointCurve length difference: orig=5, final=0 (this may be expected due to format limitations)
=== CONT  TestRoundTrip_lrtemplate_XMP_lrtemplate/77._E_-_Kodak_Gold_+_iiiii.lrtemplate
=== CONT  TestRoundTrip_lrtemplate_XMP_lrtemplate/o_-_00_-_o.lrtemplate
=== CONT  TestRoundTrip_lrtemplate_XMP_lrtemplate/o_-_02._Lens_off.lrtemplate
=== NAME  TestRoundTrip_lrtemplate_XMP_lrtemplate/44._E_-_Kodak_Echrome_+_warm.lrtemplate
    roundtrip_test.go:398: PointCurve length difference: orig=2, final=0 (this may be expected due to format limitations)
=== CONT  TestRoundTrip_lrtemplate_XMP_lrtemplate/91._E_-_Fuji_800_+_i.lrtemplate
=== CONT  TestRoundTrip_lrtemplate_XMP_lrtemplate/96._E_-_Kodak_Elite_+_fade.lrtemplate
=== CONT  TestRoundTrip_lrtemplate_XMP_lrtemplate/75._E_-_Kodak_Gold_+_iii.lrtemplate
=== NAME  TestRoundTrip_lrtemplate_XMP_lrtemplate/01._E_-_Kodak_Portra_+_i.lrtemplate
    roundtrip_test.go:398: PointCurve length difference: orig=2, final=0 (this may be expected due to format limitations)
=== NAME  TestRoundTrip_lrtemplate_XMP_lrtemplate/17._E_-_Fuji_Velvia_+_warm.lrtemplate
    roundtrip_test.go:398: PointCurve length difference: orig=2, final=0 (this may be expected due to format limitations)
=== CONT  TestRoundTrip_lrtemplate_XMP_lrtemplate/73._E_-_Kodak_Gold_+_i.lrtemplate
=== CONT  TestRoundTrip_lrtemplate_XMP_lrtemplate/93._E_-_Kodak_Elite_+_iii.lrtemplate
=== PAUSE TestRoundTrip_XMP_lrtemplate_XMP/KDK_-_Portra_160_-_film.xmp#01
=== NAME  TestRoundTrip_lrtemplate_XMP_lrtemplate/05._E_-_Kodak_Portra_+_iiiii.lrtemplate
    roundtrip_test.go:398: PointCurve length difference: orig=2, final=0 (this may be expected due to format limitations)
=== CONT  TestRoundTrip_lrtemplate_XMP_lrtemplate/76._E_-_Kodak_Gold_+_iiii.lrtemplate
=== CONT  TestRoundTrip_lrtemplate_XMP_lrtemplate/16._E_-_Fuji_Velvia_+_cool.lrtemplate
=== CONT  TestRoundTrip_lrtemplate_XMP_lrtemplate/72._E_-_Kodak_E200_+_punch.lrtemplate
=== CONT  TestRoundTrip_lrtemplate_XMP_lrtemplate/32._E_-_Kodak_800_+_iiiii.lrtemplate
=== CONT  TestRoundTrip_lrtemplate_XMP_lrtemplate/o_-_03_-_o.lrtemplate
=== CONT  TestRoundTrip_lrtemplate_XMP_lrtemplate/95._E_-_Kodak_Elite_+_iiiii.lrtemplate
=== NAME  TestRoundTrip_lrtemplate_XMP_lrtemplate/78._E_-_Kodak_Gold_+_fade.lrtemplate
    roundtrip_test.go:398: PointCurve length difference: orig=5, final=0 (this may be expected due to format limitations)
=== PAUSE TestRoundTrip_XMP_NP3_XMP/KDK_-_Portra_++++.xmp#01
=== NAME  TestRoundTrip_lrtemplate_XMP_lrtemplate/31._E_-_Kodak_800_+_iiii.lrtemplate
    roundtrip_test.go:398: PointCurve length difference: orig=2, final=0 (this may be expected due to format limitations)
=== CONT  TestRoundTrip_lrtemplate_XMP_lrtemplate/o_-_14._DETAIL_-_Low.lrtemplate
=== RUN   TestRoundTrip_XMP_NP3_XMP/KDK_-_Portra_+++.xmp#01
=== NAME  TestRoundTrip_lrtemplate_XMP_lrtemplate/79._E_-_Kodak_Gold_+_cool.lrtemplate
    roundtrip_test.go:398: PointCurve length difference: orig=5, final=0 (this may be expected due to format limitations)
=== NAME  TestRoundTrip_lrtemplate_XMP_lrtemplate/42._E_-_Kodak_Echrome_+_fade.lrtemplate
    roundtrip_test.go:398: PointCurve length difference: orig=4, final=0 (this may be expected due to format limitations)
=== CONT  TestRoundTrip_lrtemplate_XMP_lrtemplate/66._E_-_Kodak_E200_+_iii.lrtemplate
=== CONT  TestRoundTrip_lrtemplate_XMP_lrtemplate/64._E_-_Kodak_E200_+_i.lrtemplate
=== CONT  TestRoundTrip_lrtemplate_XMP_lrtemplate/74._E_-_Kodak_Gold_+_ii.lrtemplate
=== NAME  TestRoundTrip_lrtemplate_XMP_lrtemplate/99._E_-_Kodak_Elite_+_punch.lrtemplate
    roundtrip_test.go:398: PointCurve length difference: orig=5, final=0 (this may be expected due to format limitations)
=== CONT  TestRoundTrip_lrtemplate_XMP_lrtemplate/o_-_09_-_o.lrtemplate
=== CONT  TestRoundTrip_lrtemplate_XMP_lrtemplate/o_-_10._CONTRAST_-_Low.lrtemplate
=== NAME  TestRoundTrip_lrtemplate_XMP_lrtemplate/80._E_-_Kodak_Gold_+_warm.lrtemplate
    roundtrip_test.go:398: PointCurve length difference: orig=5, final=0 (this may be expected due to format limitations)
=== NAME  TestRoundTrip_lrtemplate_XMP_lrtemplate/77._E_-_Kodak_Gold_+_iiiii.lrtemplate
    roundtrip_test.go:398: PointCurve length difference: orig=4, final=0 (this may be expected due to format limitations)
=== CONT  TestRoundTrip_lrtemplate_XMP_lrtemplate/94._E_-_Kodak_Elite_+_iiii.lrtemplate
=== CONT  TestRoundTrip_lrtemplate_XMP_lrtemplate/o_-_12._CONTRAST_-_High.lrtemplate
=== PAUSE TestRoundTrip_XMP_NP3_XMP/KDK_-_Portra_+++.xmp#01
=== CONT  TestRoundTrip_lrtemplate_XMP_lrtemplate/o_-_08._EXPOSURE_+_2.lrtemplate
=== RUN   TestRoundTrip_XMP_lrtemplate_XMP/KDK_-_Portra_160_-_warm.xmp#01
=== CONT  TestRoundTrip_lrtemplate_XMP_lrtemplate/67._E_-_Kodak_E200_+_iiii.lrtemplate
=== NAME  TestRoundTrip_lrtemplate_XMP_lrtemplate/75._E_-_Kodak_Gold_+_iii.lrtemplate
    roundtrip_test.go:398: PointCurve length difference: orig=5, final=0 (this may be expected due to format limitations)
=== RUN   TestRoundTrip_XMP_NP3_XMP/KDK_-_Portra_++.xmp#01
=== CONT  TestRoundTrip_lrtemplate_XMP_lrtemplate/62._E_-_Kodak_E100_+_warm.lrtemplate
=== NAME  TestRoundTrip_lrtemplate_XMP_lrtemplate/96._E_-_Kodak_Elite_+_fade.lrtemplate
    roundtrip_test.go:398: PointCurve length difference: orig=6, final=0 (this may be expected due to format limitations)
=== CONT  TestRoundTrip_lrtemplate_XMP_lrtemplate/01._E_-_Fuji_160_+_i.lrtemplate
=== NAME  TestRoundTrip_lrtemplate_XMP_lrtemplate/76._E_-_Kodak_Gold_+_iiii.lrtemplate
    roundtrip_test.go:398: PointCurve length difference: orig=5, final=0 (this may be expected due to format limitations)
=== CONT  TestRoundTrip_lrtemplate_XMP_lrtemplate/o_-_07._EXPOSURE_+_1.lrtemplate
=== NAME  TestRoundTrip_lrtemplate_XMP_lrtemplate/73._E_-_Kodak_Gold_+_i.lrtemplate
    roundtrip_test.go:398: PointCurve length difference: orig=5, final=0 (this may be expected due to format limitations)
=== CONT  TestRoundTrip_lrtemplate_XMP_lrtemplate/63._E_-_Kodak_E100_+_punch.lrtemplate
=== NAME  TestRoundTrip_lrtemplate_XMP_lrtemplate/72._E_-_Kodak_E200_+_punch.lrtemplate
    roundtrip_test.go:398: PointCurve length difference: orig=2, final=0 (this may be expected due to format limitations)
=== CONT  TestRoundTrip_lrtemplate_XMP_lrtemplate/14._E_-_Fuji_Velvia_+_iiiii.lrtemplate
=== NAME  TestRoundTrip_lrtemplate_XMP_lrtemplate/64._E_-_Kodak_E200_+_i.lrtemplate
    roundtrip_test.go:398: PointCurve length difference: orig=4, final=0 (this may be expected due to format limitations)
=== CONT  TestRoundTrip_lrtemplate_XMP_lrtemplate/13._E_-_Fuji_Velvia_+_iiii.lrtemplate
=== PAUSE TestRoundTrip_XMP_NP3_XMP/KDK_-_Portra_++.xmp#01
=== NAME  TestRoundTrip_lrtemplate_XMP_lrtemplate/74._E_-_Kodak_Gold_+_ii.lrtemplate
    roundtrip_test.go:398: PointCurve length difference: orig=3, final=0 (this may be expected due to format limitations)
=== NAME  TestRoundTrip_lrtemplate_XMP_lrtemplate/32._E_-_Kodak_800_+_iiiii.lrtemplate
    roundtrip_test.go:398: PointCurve length difference: orig=2, final=0 (this may be expected due to format limitations)
=== RUN   TestRoundTrip_XMP_NP3_XMP/KDK_-_Portra_+.xmp#01
=== CONT  TestRoundTrip_lrtemplate_XMP_lrtemplate/12._E_-_Fuji_Velvia_+_iii.lrtemplate
=== PAUSE TestRoundTrip_XMP_NP3_XMP/KDK_-_Portra_+.xmp#01
=== NAME  TestRoundTrip_lrtemplate_XMP_lrtemplate/95._E_-_Kodak_Elite_+_iiiii.lrtemplate
    roundtrip_test.go:398: PointCurve length difference: orig=5, final=0 (this may be expected due to format limitations)
=== RUN   TestRoundTrip_XMP_NP3_XMP/KDK_-_Portra_-_boost.xmp#01
=== CONT  TestRoundTrip_lrtemplate_XMP_lrtemplate/15._E_-_Fuji_Velvia_+_fade.lrtemplate
=== PAUSE TestRoundTrip_XMP_NP3_XMP/KDK_-_Portra_-_boost.xmp#01
=== NAME  TestRoundTrip_lrtemplate_XMP_lrtemplate/43._E_-_Kodak_Echrome_+_cool.lrtemplate
    roundtrip_test.go:398: PointCurve length difference: orig=2, final=0 (this may be expected due to format limitations)
=== NAME  TestRoundTrip_lrtemplate_XMP_lrtemplate/97._E_-_Kodak_Elite_+_cool.lrtemplate
    roundtrip_test.go:398: PointCurve length difference: orig=2, final=0 (this may be expected due to format limitations)
=== NAME  TestRoundTrip_lrtemplate_XMP_lrtemplate/91._E_-_Fuji_800_+_i.lrtemplate
    roundtrip_test.go:398: PointCurve length difference: orig=4, final=0 (this may be expected due to format limitations)
=== CONT  TestRoundTrip_lrtemplate_XMP_lrtemplate/10._E_-_Fuji_Velvia_+_i.lrtemplate
=== CONT  TestRoundTrip_lrtemplate_XMP_lrtemplate/23._E_-_Kodak_400_+_iiiii.lrtemplate
=== CONT  TestRoundTrip_lrtemplate_XMP_lrtemplate/00._E_-_o__.lrtemplate
=== PAUSE TestRoundTrip_XMP_lrtemplate_XMP/KDK_-_Portra_160_-_warm.xmp#01
=== NAME  TestRoundTrip_lrtemplate_XMP_lrtemplate/66._E_-_Kodak_E200_+_iii.lrtemplate
    roundtrip_test.go:398: PointCurve length difference: orig=2, final=0 (this may be expected due to format limitations)
=== RUN   TestRoundTrip_XMP_lrtemplate_XMP/KDK_-_Portra_160.xmp#01
=== PAUSE TestRoundTrip_XMP_lrtemplate_XMP/KDK_-_Portra_160.xmp#01
=== CONT  TestRoundTrip_lrtemplate_XMP_lrtemplate/27._E_-_Kodak_400_+_punch.lrtemplate
=== RUN   TestRoundTrip_XMP_lrtemplate_XMP/KDK_-_Portra_400_++++.xmp#01
=== PAUSE TestRoundTrip_XMP_lrtemplate_XMP/KDK_-_Portra_400_++++.xmp#01
=== NAME  TestRoundTrip_lrtemplate_XMP_lrtemplate/93._E_-_Kodak_Elite_+_iii.lrtemplate
    roundtrip_test.go:398: PointCurve length difference: orig=3, final=0 (this may be expected due to format limitations)
=== CONT  TestRoundTrip_lrtemplate_XMP_lrtemplate/26._E_-_Kodak_400_+_warm.lrtemplate
=== CONT  TestRoundTrip_lrtemplate_XMP_lrtemplate/07._E_-_Fuji_160_+_cool.lrtemplate
=== CONT  TestRoundTrip_lrtemplate_XMP_lrtemplate/29._E_-_Kodak_800_+_ii.lrtemplate
=== NAME  TestRoundTrip_lrtemplate_XMP_lrtemplate/62._E_-_Kodak_E100_+_warm.lrtemplate
    roundtrip_test.go:398: PointCurve length difference: orig=2, final=0 (this may be expected due to format limitations)
=== NAME  TestRoundTrip_lrtemplate_XMP_lrtemplate/01._E_-_Fuji_160_+_i.lrtemplate
    roundtrip_test.go:398: PointCurve length difference: orig=6, final=0 (this may be expected due to format limitations)
=== CONT  TestRoundTrip_lrtemplate_XMP_lrtemplate/06._E_-_Fuji_160_+_fade.lrtemplate
=== CONT  TestRoundTrip_lrtemplate_XMP_lrtemplate/o_-_13_-_o.lrtemplate
=== NAME  TestRoundTrip_lrtemplate_XMP_lrtemplate/16._E_-_Fuji_Velvia_+_cool.lrtemplate
    roundtrip_test.go:398: PointCurve length difference: orig=2, final=0 (this may be expected due to format limitations)
=== NAME  TestRoundTrip_lrtemplate_XMP_lrtemplate/67._E_-_Kodak_E200_+_iiii.lrtemplate
    roundtrip_test.go:398: PointCurve length difference: orig=2, final=0 (this may be expected due to format limitations)
=== CONT  TestRoundTrip_lrtemplate_XMP_lrtemplate/o_-_19._SHARPEN_-_Mid.lrtemplate
=== CONT  TestRoundTrip_lrtemplate_XMP_lrtemplate/24._E_-_Kodak_400_+_fade.lrtemplate
=== CONT  TestRoundTrip_lrtemplate_XMP_lrtemplate/11._E_-_Fuji_Velvia_+_ii.lrtemplate
=== NAME  TestRoundTrip_lrtemplate_XMP_lrtemplate/12._E_-_Fuji_Velvia_+_iii.lrtemplate
    roundtrip_test.go:398: PointCurve length difference: orig=2, final=0 (this may be expected due to format limitations)
=== RUN   TestRoundTrip_XMP_NP3_XMP/KDK_-_Portra_-_cool.xmp#01
=== NAME  TestRoundTrip_lrtemplate_XMP_lrtemplate/15._E_-_Fuji_Velvia_+_fade.lrtemplate
    roundtrip_test.go:398: PointCurve length difference: orig=4, final=0 (this may be expected due to format limitations)
=== PAUSE TestRoundTrip_XMP_NP3_XMP/KDK_-_Portra_-_cool.xmp#01
=== CONT  TestRoundTrip_lrtemplate_XMP_lrtemplate/09._E_-_Fuji_160_+_punch.lrtemplate
=== RUN   TestRoundTrip_XMP_lrtemplate_XMP/KDK_-_Portra_400_+++.xmp#01
=== NAME  TestRoundTrip_lrtemplate_XMP_lrtemplate/14._E_-_Fuji_Velvia_+_iiiii.lrtemplate
    roundtrip_test.go:398: PointCurve length difference: orig=4, final=0 (this may be expected due to format limitations)
=== CONT  TestRoundTrip_lrtemplate_XMP_lrtemplate/70._E_-_Kodak_E200_+_cool.lrtemplate
=== NAME  TestRoundTrip_lrtemplate_XMP_lrtemplate/94._E_-_Kodak_Elite_+_iiii.lrtemplate
    roundtrip_test.go:398: PointCurve length difference: orig=2, final=0 (this may be expected due to format limitations)
=== CONT  TestRoundTrip_lrtemplate_XMP_lrtemplate/08._E_-_Fuji_160_+_warm.lrtemplate
=== CONT  TestRoundTrip_lrtemplate_XMP_lrtemplate/o_-_06._EXPOSURE__0.lrtemplate
=== CONT  TestRoundTrip_lrtemplate_XMP_lrtemplate/25._E_-_Kodak_400_+_cool.lrtemplate
=== NAME  TestRoundTrip_lrtemplate_XMP_lrtemplate/23._E_-_Kodak_400_+_iiiii.lrtemplate
    roundtrip_test.go:398: PointCurve length difference: orig=5, final=0 (this may be expected due to format limitations)
=== CONT  TestRoundTrip_lrtemplate_XMP_lrtemplate/03._E_-_Fuji_160_+_iii.lrtemplate
=== NAME  TestRoundTrip_lrtemplate_XMP_lrtemplate/63._E_-_Kodak_E100_+_punch.lrtemplate
    roundtrip_test.go:398: PointCurve length difference: orig=2, final=0 (this may be expected due to format limitations)
=== CONT  TestRoundTrip_lrtemplate_XMP_lrtemplate/o_-_18._SHARPEN_-_Low.lrtemplate
=== CONT  TestRoundTrip_lrtemplate_XMP_lrtemplate/05._E_-_Fuji_160_+_iiiii.lrtemplate
=== NAME  TestRoundTrip_lrtemplate_XMP_lrtemplate/13._E_-_Fuji_Velvia_+_iiii.lrtemplate
    roundtrip_test.go:398: PointCurve length difference: orig=2, final=0 (this may be expected due to format limitations)
=== NAME  TestRoundTrip_lrtemplate_XMP_lrtemplate/26._E_-_Kodak_400_+_warm.lrtemplate
    roundtrip_test.go:398: PointCurve length difference: orig=3, final=0 (this may be expected due to format limitations)
=== NAME  TestRoundTrip_lrtemplate_XMP_lrtemplate/27._E_-_Kodak_400_+_punch.lrtemplate
    roundtrip_test.go:398: PointCurve length difference: orig=4, final=0 (this may be expected due to format limitations)
=== CONT  TestRoundTrip_lrtemplate_XMP_lrtemplate/o_-_44._LIGHTING_-_Flash.lrtemplate
=== CONT  TestRoundTrip_lrtemplate_XMP_lrtemplate/02._E_-_Fuji_160_+_ii.lrtemplate
=== CONT  TestRoundTrip_lrtemplate_XMP_lrtemplate/o_-_23._VIBRANCE__-_Mid.lrtemplate
=== CONT  TestRoundTrip_lrtemplate_XMP_lrtemplate/o_-_47._LIGHTING_-_Daylight.lrtemplate
=== CONT  TestRoundTrip_lrtemplate_XMP_lrtemplate/00._E_-_auto_wb__.lrtemplate
=== CONT  TestRoundTrip_lrtemplate_XMP_lrtemplate/04._E_-_Fuji_160_+_iiii.lrtemplate
=== RUN   TestRoundTrip_XMP_NP3_XMP/KDK_-_Portra_-_film.xmp#01
=== PAUSE TestRoundTrip_XMP_NP3_XMP/KDK_-_Portra_-_film.xmp#01
=== NAME  TestRoundTrip_lrtemplate_XMP_lrtemplate/07._E_-_Fuji_160_+_cool.lrtemplate
    roundtrip_test.go:398: PointCurve length difference: orig=5, final=0 (this may be expected due to format limitations)
=== RUN   TestRoundTrip_XMP_NP3_XMP/KDK_-_Portra_-_warm.xmp#01
=== PAUSE TestRoundTrip_XMP_lrtemplate_XMP/KDK_-_Portra_400_+++.xmp#01
=== CONT  TestRoundTrip_lrtemplate_XMP_lrtemplate/o_-_42._LIGHTING_-_Auto_Set.lrtemplate
=== RUN   TestRoundTrip_XMP_lrtemplate_XMP/KDK_-_Portra_400_++.xmp#01
=== PAUSE TestRoundTrip_XMP_lrtemplate_XMP/KDK_-_Portra_400_++.xmp#01
=== RUN   TestRoundTrip_XMP_lrtemplate_XMP/KDK_-_Portra_400_+.xmp#01
=== PAUSE TestRoundTrip_XMP_lrtemplate_XMP/KDK_-_Portra_400_+.xmp#01
=== NAME  TestRoundTrip_lrtemplate_XMP_lrtemplate/00._E_-_o__.lrtemplate
    roundtrip_test.go:398: PointCurve length difference: orig=2, final=0 (this may be expected due to format limitations)
=== CONT  TestRoundTrip_lrtemplate_XMP_lrtemplate/o_-_43._LIGHTING_-_As_Shot.lrtemplate
=== NAME  TestRoundTrip_lrtemplate_XMP_lrtemplate/10._E_-_Fuji_Velvia_+_i.lrtemplate
    roundtrip_test.go:398: PointCurve length difference: orig=5, final=0 (this may be expected due to format limitations)
=== CONT  TestRoundTrip_lrtemplate_XMP_lrtemplate/71._E_-_Kodak_E200_+_warm.lrtemplate
=== PAUSE TestRoundTrip_XMP_NP3_XMP/KDK_-_Portra_-_warm.xmp#01
=== NAME  TestRoundTrip_lrtemplate_XMP_lrtemplate/24._E_-_Kodak_400_+_fade.lrtemplate
    roundtrip_test.go:398: PointCurve length difference: orig=5, final=0 (this may be expected due to format limitations)
=== RUN   TestRoundTrip_XMP_lrtemplate_XMP/KDK_-_Portra_400_-_boost.xmp#01
=== CONT  TestRoundTrip_lrtemplate_XMP_lrtemplate/00._E_-_auto_tone__.lrtemplate
=== CONT  TestRoundTrip_lrtemplate_XMP_lrtemplate/o_-_20._SHARPEN_-_High.lrtemplate
=== NAME  TestRoundTrip_lrtemplate_XMP_lrtemplate/11._E_-_Fuji_Velvia_+_ii.lrtemplate
    roundtrip_test.go:398: PointCurve length difference: orig=4, final=0 (this may be expected due to format limitations)
=== CONT  TestRoundTrip_lrtemplate_XMP_lrtemplate/21._E_-_Kodak_400_+_iii.lrtemplate
=== NAME  TestRoundTrip_lrtemplate_XMP_lrtemplate/06._E_-_Fuji_160_+_fade.lrtemplate
    roundtrip_test.go:398: PointCurve length difference: orig=5, final=0 (this may be expected due to format limitations)
=== CONT  TestRoundTrip_lrtemplate_XMP_lrtemplate/22._E_-_Kodak_400_+_iiii.lrtemplate
=== CONT  TestRoundTrip_lrtemplate_XMP_lrtemplate/o_-_50_-_o.lrtemplate
=== CONT  TestRoundTrip_lrtemplate_XMP_lrtemplate/20._E_-_Kodak_400_+_ii.lrtemplate
=== CONT  TestRoundTrip_lrtemplate_XMP_lrtemplate/o_-_41_-_o.lrtemplate
=== PAUSE TestRoundTrip_XMP_lrtemplate_XMP/KDK_-_Portra_400_-_boost.xmp#01
=== RUN   TestRoundTrip_XMP_lrtemplate_XMP/KDK_-_Portra_400_-_cool.xmp#01
=== NAME  TestRoundTrip_lrtemplate_XMP_lrtemplate/25._E_-_Kodak_400_+_cool.lrtemplate
    roundtrip_test.go:398: PointCurve length difference: orig=3, final=0 (this may be expected due to format limitations)
=== CONT  TestRoundTrip_lrtemplate_XMP_lrtemplate/o_-_48._LIGHTING_-_Tungsten.lrtemplate
=== NAME  TestRoundTrip_lrtemplate_XMP_lrtemplate/08._E_-_Fuji_160_+_warm.lrtemplate
    roundtrip_test.go:398: PointCurve length difference: orig=5, final=0 (this may be expected due to format limitations)
=== CONT  TestRoundTrip_lrtemplate_XMP_lrtemplate/19._E_-_Kodak_400_+_i.lrtemplate
=== CONT  TestRoundTrip_lrtemplate_XMP_lrtemplate/o_-_46._LIGHTING_-_Cloudy.lrtemplate
=== CONT  TestRoundTrip_lrtemplate_XMP_lrtemplate/69._E_-_Kodak_E200_+_fade.lrtemplate
=== NAME  TestRoundTrip_lrtemplate_XMP_lrtemplate/04._E_-_Fuji_160_+_iiii.lrtemplate
    roundtrip_test.go:398: PointCurve length difference: orig=5, final=0 (this may be expected due to format limitations)
=== CONT  TestRoundTrip_lrtemplate_XMP_lrtemplate/o_-_11._CONTRAST_-_Mid.lrtemplate
=== CONT  TestRoundTrip_lrtemplate_XMP_lrtemplate/o_-_45._LIGHTING_-_Shade.lrtemplate
=== CONT  TestRoundTrip_lrtemplate_XMP_lrtemplate/18._E_-_Kodak_160_+_punch.lrtemplate
=== NAME  TestRoundTrip_lrtemplate_XMP_lrtemplate/03._E_-_Fuji_160_+_iii.lrtemplate
    roundtrip_test.go:398: PointCurve length difference: orig=5, final=0 (this may be expected due to format limitations)
=== CONT  TestRoundTrip_lrtemplate_XMP_lrtemplate/00._E_-_grain_x_.lrtemplate
=== PAUSE TestRoundTrip_XMP_lrtemplate_XMP/KDK_-_Portra_400_-_cool.xmp#01
=== CONT  TestRoundTrip_lrtemplate_XMP_lrtemplate/o_-_49._LIGHTING_-_Fluorescent.lrtemplate
=== NAME  TestRoundTrip_lrtemplate_XMP_lrtemplate/02._E_-_Fuji_160_+_ii.lrtemplate
    roundtrip_test.go:398: PointCurve length difference: orig=5, final=0 (this may be expected due to format limitations)
=== NAME  TestRoundTrip_lrtemplate_XMP_lrtemplate/09._E_-_Fuji_160_+_punch.lrtemplate
    roundtrip_test.go:398: PointCurve length difference: orig=5, final=0 (this may be expected due to format limitations)
=== NAME  TestRoundTrip_lrtemplate_XMP_lrtemplate/71._E_-_Kodak_E200_+_warm.lrtemplate
    roundtrip_test.go:398: PointCurve length difference: orig=2, final=0 (this may be expected due to format limitations)
=== CONT  TestRoundTrip_lrtemplate_XMP_lrtemplate/68._E_-_Kodak_E200_+_iiiii.lrtemplate
=== RUN   TestRoundTrip_XMP_NP3_XMP/KDK_-_Portra_160_++++.xmp#01
=== PAUSE TestRoundTrip_XMP_NP3_XMP/KDK_-_Portra_160_++++.xmp#01
=== CONT  TestRoundTrip_lrtemplate_XMP_lrtemplate/65._E_-_Kodak_E200_+_ii.lrtemplate
=== NAME  TestRoundTrip_lrtemplate_XMP_lrtemplate/21._E_-_Kodak_400_+_iii.lrtemplate
    roundtrip_test.go:398: PointCurve length difference: orig=2, final=0 (this may be expected due to format limitations)
=== NAME  TestRoundTrip_lrtemplate_XMP_lrtemplate/22._E_-_Kodak_400_+_iiii.lrtemplate
    roundtrip_test.go:398: PointCurve length difference: orig=3, final=0 (this may be expected due to format limitations)
=== NAME  TestRoundTrip_lrtemplate_XMP_lrtemplate/29._E_-_Kodak_800_+_ii.lrtemplate
    roundtrip_test.go:398: PointCurve length difference: orig=5, final=0 (this may be expected due to format limitations)
=== CONT  TestRoundTrip_lrtemplate_XMP_lrtemplate/83._E_-_Fuji_400_+_ii.lrtemplate
=== NAME  TestRoundTrip_lrtemplate_XMP_lrtemplate/05._E_-_Fuji_160_+_iiiii.lrtemplate
    roundtrip_test.go:398: PointCurve length difference: orig=5, final=0 (this may be expected due to format limitations)
=== NAME  TestRoundTrip_lrtemplate_XMP_lrtemplate/20._E_-_Kodak_400_+_ii.lrtemplate
    roundtrip_test.go:398: PointCurve length difference: orig=4, final=0 (this may be expected due to format limitations)
=== NAME  TestRoundTrip_lrtemplate_XMP_lrtemplate/70._E_-_Kodak_E200_+_cool.lrtemplate
    roundtrip_test.go:398: PointCurve length difference: orig=2, final=0 (this may be expected due to format limitations)
=== CONT  TestRoundTrip_lrtemplate_XMP_lrtemplate/28._E_-_Kodak_800_+_i.lrtemplate
=== NAME  TestRoundTrip_lrtemplate_XMP_lrtemplate/69._E_-_Kodak_E200_+_fade.lrtemplate
    roundtrip_test.go:398: PointCurve length difference: orig=4, final=0 (this may be expected due to format limitations)
=== NAME  TestRoundTrip_lrtemplate_XMP_lrtemplate/19._E_-_Kodak_400_+_i.lrtemplate
    roundtrip_test.go:398: PointCurve length difference: orig=5, final=0 (this may be expected due to format limitations)
=== NAME  TestRoundTrip_lrtemplate_XMP_lrtemplate/18._E_-_Kodak_160_+_punch.lrtemplate
    roundtrip_test.go:398: PointCurve length difference: orig=5, final=0 (this may be expected due to format limitations)
=== RUN   TestRoundTrip_XMP_lrtemplate_XMP/KDK_-_Portra_400_-_film.xmp#01
=== PAUSE TestRoundTrip_XMP_lrtemplate_XMP/KDK_-_Portra_400_-_film.xmp#01
=== RUN   TestRoundTrip_XMP_NP3_XMP/KDK_-_Portra_160_+++.xmp#01
=== RUN   TestRoundTrip_XMP_lrtemplate_XMP/KDK_-_Portra_400_-_warm.xmp#01
=== PAUSE TestRoundTrip_XMP_lrtemplate_XMP/KDK_-_Portra_400_-_warm.xmp#01
=== PAUSE TestRoundTrip_XMP_NP3_XMP/KDK_-_Portra_160_+++.xmp#01
=== RUN   TestRoundTrip_XMP_lrtemplate_XMP/KDK_-_Portra_400.xmp#01
=== PAUSE TestRoundTrip_XMP_lrtemplate_XMP/KDK_-_Portra_400.xmp#01
=== RUN   TestRoundTrip_XMP_lrtemplate_XMP/KDK_-_Portra_800_++++.xmp#01
=== PAUSE TestRoundTrip_XMP_lrtemplate_XMP/KDK_-_Portra_800_++++.xmp#01
=== RUN   TestRoundTrip_XMP_NP3_XMP/KDK_-_Portra_160_++.xmp#01
=== PAUSE TestRoundTrip_XMP_NP3_XMP/KDK_-_Portra_160_++.xmp#01
=== RUN   TestRoundTrip_XMP_lrtemplate_XMP/KDK_-_Portra_800_+++.xmp#01
=== PAUSE TestRoundTrip_XMP_lrtemplate_XMP/KDK_-_Portra_800_+++.xmp#01
=== RUN   TestRoundTrip_XMP_NP3_XMP/KDK_-_Portra_160_+.xmp#01
=== PAUSE TestRoundTrip_XMP_NP3_XMP/KDK_-_Portra_160_+.xmp#01
=== RUN   TestRoundTrip_XMP_lrtemplate_XMP/KDK_-_Portra_800_++.xmp#01
=== RUN   TestRoundTrip_XMP_NP3_XMP/KDK_-_Portra_160_-_boost.xmp#01
=== PAUSE TestRoundTrip_XMP_lrtemplate_XMP/KDK_-_Portra_800_++.xmp#01
=== NAME  TestRoundTrip_lrtemplate_XMP_lrtemplate/68._E_-_Kodak_E200_+_iiiii.lrtemplate
    roundtrip_test.go:398: PointCurve length difference: orig=2, final=0 (this may be expected due to format limitations)
=== RUN   TestRoundTrip_XMP_lrtemplate_XMP/KDK_-_Portra_800_+.xmp#01
=== PAUSE TestRoundTrip_XMP_NP3_XMP/KDK_-_Portra_160_-_boost.xmp#01
=== PAUSE TestRoundTrip_XMP_lrtemplate_XMP/KDK_-_Portra_800_+.xmp#01
=== RUN   TestRoundTrip_XMP_lrtemplate_XMP/KDK_-_Portra_800_-_boost.xmp#01
=== RUN   TestRoundTrip_XMP_NP3_XMP/KDK_-_Portra_160_-_cool.xmp#01
=== PAUSE TestRoundTrip_XMP_NP3_XMP/KDK_-_Portra_160_-_cool.xmp#01
=== PAUSE TestRoundTrip_XMP_lrtemplate_XMP/KDK_-_Portra_800_-_boost.xmp#01
=== RUN   TestRoundTrip_XMP_NP3_XMP/KDK_-_Portra_160_-_film.xmp#01
=== NAME  TestRoundTrip_lrtemplate_XMP_lrtemplate/65._E_-_Kodak_E200_+_ii.lrtemplate
    roundtrip_test.go:398: PointCurve length difference: orig=4, final=0 (this may be expected due to format limitations)
=== PAUSE TestRoundTrip_XMP_NP3_XMP/KDK_-_Portra_160_-_film.xmp#01
=== RUN   TestRoundTrip_XMP_lrtemplate_XMP/KDK_-_Portra_800_-_cool.xmp#01
=== RUN   TestRoundTrip_XMP_NP3_XMP/KDK_-_Portra_160_-_warm.xmp#01
=== PAUSE TestRoundTrip_XMP_lrtemplate_XMP/KDK_-_Portra_800_-_cool.xmp#01
=== PAUSE TestRoundTrip_XMP_NP3_XMP/KDK_-_Portra_160_-_warm.xmp#01
=== RUN   TestRoundTrip_XMP_lrtemplate_XMP/KDK_-_Portra_800_-_film.xmp#01
=== RUN   TestRoundTrip_XMP_NP3_XMP/KDK_-_Portra_160.xmp#01
=== PAUSE TestRoundTrip_XMP_lrtemplate_XMP/KDK_-_Portra_800_-_film.xmp#01
=== PAUSE TestRoundTrip_XMP_NP3_XMP/KDK_-_Portra_160.xmp#01
=== RUN   TestRoundTrip_XMP_lrtemplate_XMP/KDK_-_Portra_800_-_warm.xmp#01
=== RUN   TestRoundTrip_XMP_NP3_XMP/KDK_-_Portra_400_++++.xmp#01
=== PAUSE TestRoundTrip_XMP_NP3_XMP/KDK_-_Portra_400_++++.xmp#01
=== NAME  TestRoundTrip_lrtemplate_XMP_lrtemplate/83._E_-_Fuji_400_+_ii.lrtemplate
    roundtrip_test.go:398: PointCurve length difference: orig=2, final=0 (this may be expected due to format limitations)
=== PAUSE TestRoundTrip_XMP_lrtemplate_XMP/KDK_-_Portra_800_-_warm.xmp#01
=== RUN   TestRoundTrip_XMP_lrtemplate_XMP/KDK_-_Portra_800.xmp#01
=== PAUSE TestRoundTrip_XMP_lrtemplate_XMP/KDK_-_Portra_800.xmp#01
=== RUN   TestRoundTrip_XMP_NP3_XMP/KDK_-_Portra_400_+++.xmp#01
=== PAUSE TestRoundTrip_XMP_NP3_XMP/KDK_-_Portra_400_+++.xmp#01
=== RUN   TestRoundTrip_XMP_lrtemplate_XMP/KDK_-_Portra.xmp#01
=== RUN   TestRoundTrip_XMP_NP3_XMP/KDK_-_Portra_400_++.xmp#01
=== PAUSE TestRoundTrip_XMP_lrtemplate_XMP/KDK_-_Portra.xmp#01
=== PAUSE TestRoundTrip_XMP_NP3_XMP/KDK_-_Portra_400_++.xmp#01
=== RUN   TestRoundTrip_XMP_lrtemplate_XMP/Kodachrome.xmp
=== RUN   TestRoundTrip_XMP_NP3_XMP/KDK_-_Portra_400_+.xmp#01
=== PAUSE TestRoundTrip_XMP_lrtemplate_XMP/Kodachrome.xmp
=== RUN   TestRoundTrip_XMP_lrtemplate_XMP/LIGHTING_-_As_Shot.xmp#02
=== PAUSE TestRoundTrip_XMP_lrtemplate_XMP/LIGHTING_-_As_Shot.xmp#02
=== RUN   TestRoundTrip_XMP_lrtemplate_XMP/LIGHTING_-_Auto_Set.xmp#02
=== PAUSE TestRoundTrip_XMP_NP3_XMP/KDK_-_Portra_400_+.xmp#01
=== PAUSE TestRoundTrip_XMP_lrtemplate_XMP/LIGHTING_-_Auto_Set.xmp#02
=== RUN   TestRoundTrip_XMP_NP3_XMP/KDK_-_Portra_400_-_boost.xmp#01
=== RUN   TestRoundTrip_XMP_lrtemplate_XMP/LIGHTING_-_Cloudy.xmp#02
=== PAUSE TestRoundTrip_XMP_lrtemplate_XMP/LIGHTING_-_Cloudy.xmp#02
=== PAUSE TestRoundTrip_XMP_NP3_XMP/KDK_-_Portra_400_-_boost.xmp#01
=== NAME  TestRoundTrip_lrtemplate_XMP_lrtemplate/28._E_-_Kodak_800_+_i.lrtemplate
    roundtrip_test.go:398: PointCurve length difference: orig=5, final=0 (this may be expected due to format limitations)
=== RUN   TestRoundTrip_XMP_NP3_XMP/KDK_-_Portra_400_-_cool.xmp#01
=== PAUSE TestRoundTrip_XMP_NP3_XMP/KDK_-_Portra_400_-_cool.xmp#01
=== RUN   TestRoundTrip_XMP_NP3_XMP/KDK_-_Portra_400_-_film.xmp#01
=== RUN   TestRoundTrip_XMP_lrtemplate_XMP/LIGHTING_-_Daylight.xmp#02
=== PAUSE TestRoundTrip_XMP_lrtemplate_XMP/LIGHTING_-_Daylight.xmp#02
=== RUN   TestRoundTrip_XMP_lrtemplate_XMP/LIGHTING_-_Flash.xmp#02
=== PAUSE TestRoundTrip_XMP_NP3_XMP/KDK_-_Portra_400_-_film.xmp#01
=== PAUSE TestRoundTrip_XMP_lrtemplate_XMP/LIGHTING_-_Flash.xmp#02
--- PASS: TestRoundTrip_lrtemplate_XMP_lrtemplate (0.04s)
    --- PASS: TestRoundTrip_lrtemplate_XMP_lrtemplate/o_-_24._VIBRANCE_-__High.lrtemplate#03 (0.00s)
    --- PASS: TestRoundTrip_lrtemplate_XMP_lrtemplate/o_-_23._VIBRANCE__-_Mid.lrtemplate#03 (0.00s)
    --- PASS: TestRoundTrip_lrtemplate_XMP_lrtemplate/o_-_22._VIBRANCE__-_Low.lrtemplate#03 (0.00s)
    --- PASS: TestRoundTrip_lrtemplate_XMP_lrtemplate/o_-_21_-_o.lrtemplate#03 (0.00s)
    --- PASS: TestRoundTrip_lrtemplate_XMP_lrtemplate/o_-_20._SHARPEN_-_High.lrtemplate#03 (0.00s)
    --- PASS: TestRoundTrip_lrtemplate_XMP_lrtemplate/o_-_50_-_o.lrtemplate#03 (0.00s)
    --- PASS: TestRoundTrip_lrtemplate_XMP_lrtemplate/o_-_19._SHARPEN_-_Mid.lrtemplate#03 (0.00s)
    --- PASS: TestRoundTrip_lrtemplate_XMP_lrtemplate/o_-_16._DETAIL_-_High.lrtemplate#03 (0.00s)
    --- PASS: TestRoundTrip_lrtemplate_XMP_lrtemplate/o_-_25_-_o.lrtemplate#03 (0.00s)
    --- PASS: TestRoundTrip_lrtemplate_XMP_lrtemplate/o_-_49._LIGHTING_-_Fluorescent.lrtemplate#03 (0.00s)
    --- PASS: TestRoundTrip_lrtemplate_XMP_lrtemplate/o_-_11._CONTRAST_-_Mid.lrtemplate#03 (0.00s)
    --- PASS: TestRoundTrip_lrtemplate_XMP_lrtemplate/o_-_45._LIGHTING_-_Shade.lrtemplate#03 (0.00s)
    --- PASS: TestRoundTrip_lrtemplate_XMP_lrtemplate/o_-_13_-_o.lrtemplate#03 (0.00s)
    --- PASS: TestRoundTrip_lrtemplate_XMP_lrtemplate/o_-_48._LIGHTING_-_Tungsten.lrtemplate#03 (0.00s)
    --- PASS: TestRoundTrip_lrtemplate_XMP_lrtemplate/o_-_47._LIGHTING_-_Daylight.lrtemplate#03 (0.00s)
    --- PASS: TestRoundTrip_lrtemplate_XMP_lrtemplate/o_-_17_-_o.lrtemplate#03 (0.00s)
    --- PASS: TestRoundTrip_lrtemplate_XMP_lrtemplate/o_-_09_-_o.lrtemplate#03 (0.00s)
    --- PASS: TestRoundTrip_lrtemplate_XMP_lrtemplate/o_-_44._LIGHTING_-_Flash.lrtemplate#03 (0.00s)
    --- PASS: TestRoundTrip_lrtemplate_XMP_lrtemplate/o_-_10._CONTRAST_-_Low.lrtemplate#03 (0.00s)
    --- PASS: TestRoundTrip_lrtemplate_XMP_lrtemplate/o_-_06._EXPOSURE__0.lrtemplate#03 (0.00s)
    --- PASS: TestRoundTrip_lrtemplate_XMP_lrtemplate/o_-_08._EXPOSURE_+_2.lrtemplate#03 (0.00s)
    --- PASS: TestRoundTrip_lrtemplate_XMP_lrtemplate/o_-_41_-_o.lrtemplate#03 (0.00s)
    --- PASS: TestRoundTrip_lrtemplate_XMP_lrtemplate/o_-_07._EXPOSURE_+_1.lrtemplate#03 (0.00s)
    --- PASS: TestRoundTrip_lrtemplate_XMP_lrtemplate/o_-_43._LIGHTING_-_As_Shot.lrtemplate#03 (0.00s)
    --- PASS: TestRoundTrip_lrtemplate_XMP_lrtemplate/o_-_04._EXPOSURE__-_2.lrtemplate#03 (0.00s)
    --- PASS: TestRoundTrip_lrtemplate_XMP_lrtemplate/o_-_18._SHARPEN_-_Low.lrtemplate#03 (0.00s)
    --- PASS: TestRoundTrip_lrtemplate_XMP_lrtemplate/o_-_42._LIGHTING_-_Auto_Set.lrtemplate#03 (0.00s)
    --- PASS: TestRoundTrip_lrtemplate_XMP_lrtemplate/o_-_37._COLOR_-_Spearmint.lrtemplate#03 (0.00s)
    --- PASS: TestRoundTrip_lrtemplate_XMP_lrtemplate/o_-_03_-_o.lrtemplate#03 (0.00s)
    --- PASS: TestRoundTrip_lrtemplate_XMP_lrtemplate/o_-_02._Lens_off.lrtemplate#03 (0.00s)
    --- PASS: TestRoundTrip_lrtemplate_XMP_lrtemplate/o_-_38._COLOR_-_Sea_Breeze.lrtemplate#03 (0.00s)
    --- PASS: TestRoundTrip_lrtemplate_XMP_lrtemplate/o_-_35._COLOR_-_Morning.lrtemplate#03 (0.00s)
    --- PASS: TestRoundTrip_lrtemplate_XMP_lrtemplate/o_-_01._Lens_on.lrtemplate#03 (0.00s)
    --- PASS: TestRoundTrip_lrtemplate_XMP_lrtemplate/o_-_14._DETAIL_-_Low.lrtemplate#03 (0.00s)
    --- PASS: TestRoundTrip_lrtemplate_XMP_lrtemplate/o_-_36._COLOR_-_Lavender.lrtemplate#03 (0.00s)
    --- PASS: TestRoundTrip_lrtemplate_XMP_lrtemplate/o_-_34._COLOR_-_Neutral.lrtemplate#03 (0.00s)
    --- PASS: TestRoundTrip_lrtemplate_XMP_lrtemplate/o_-_00_-_o.lrtemplate#03 (0.00s)
    --- PASS: TestRoundTrip_lrtemplate_XMP_lrtemplate/o_-_33_-_o.lrtemplate#03 (0.00s)
    --- PASS: TestRoundTrip_lrtemplate_XMP_lrtemplate/00._E_-_auto_tone.lrtemplate (0.00s)
    --- PASS: TestRoundTrip_lrtemplate_XMP_lrtemplate/o_-_31._FINISH_-_Bright.lrtemplate#03 (0.00s)
    --- PASS: TestRoundTrip_lrtemplate_XMP_lrtemplate/72._E_-_Fuji_Negative_+_punch.lrtemplate (0.00s)
    --- PASS: TestRoundTrip_lrtemplate_XMP_lrtemplate/37._E_-_Polaroid_Mono_+_punch.lrtemplate (0.00s)
    --- PASS: TestRoundTrip_lrtemplate_XMP_lrtemplate/o_-_32._FINISH_-_Retro.lrtemplate#03 (0.00s)
    --- PASS: TestRoundTrip_lrtemplate_XMP_lrtemplate/o_-_05._EXPOSURE__-_1.lrtemplate#03 (0.00s)
    --- PASS: TestRoundTrip_lrtemplate_XMP_lrtemplate/71._E_-_Fuji_Negative_+_warm.lrtemplate (0.00s)
    --- PASS: TestRoundTrip_lrtemplate_XMP_lrtemplate/24._E_-_Fuji_Negative_+_punch.lrtemplate (0.00s)
    --- PASS: TestRoundTrip_lrtemplate_XMP_lrtemplate/23._E_-_Fuji_Negative_+_fade.lrtemplate (0.00s)
    --- PASS: TestRoundTrip_lrtemplate_XMP_lrtemplate/22._E_-_Fuji_Negative_+_iiii.lrtemplate (0.00s)
    --- PASS: TestRoundTrip_lrtemplate_XMP_lrtemplate/70._E_-_Fuji_Negative_+_cool.lrtemplate (0.00s)
    --- PASS: TestRoundTrip_lrtemplate_XMP_lrtemplate/21._E_-_Fuji_Negative_+_iii.lrtemplate (0.00s)
    --- PASS: TestRoundTrip_lrtemplate_XMP_lrtemplate/o_-_46._LIGHTING_-_Cloudy.lrtemplate#03 (0.00s)
    --- PASS: TestRoundTrip_lrtemplate_XMP_lrtemplate/o_-_30._FINISH_-_Washed.lrtemplate#03 (0.00s)
    --- PASS: TestRoundTrip_lrtemplate_XMP_lrtemplate/o_-_12._CONTRAST_-_High.lrtemplate#03 (0.00s)
    --- PASS: TestRoundTrip_lrtemplate_XMP_lrtemplate/69._E_-_Fuji_Negative_+_fade.lrtemplate (0.00s)
    --- PASS: TestRoundTrip_lrtemplate_XMP_lrtemplate/o_-_15._DETAIL_-_Mid.lrtemplate#03 (0.00s)
    --- PASS: TestRoundTrip_lrtemplate_XMP_lrtemplate/20._E_-_Fuji_Negative_+_ii.lrtemplate (0.00s)
    --- PASS: TestRoundTrip_lrtemplate_XMP_lrtemplate/25._E_-_Polaroid_+_i.lrtemplate (0.00s)
    --- PASS: TestRoundTrip_lrtemplate_XMP_lrtemplate/o_-_28._FINISH_-_Strong.lrtemplate#03 (0.00s)
    --- PASS: TestRoundTrip_lrtemplate_XMP_lrtemplate/68._E_-_Fuji_Negative_+_iiiii.lrtemplate (0.00s)
    --- PASS: TestRoundTrip_lrtemplate_XMP_lrtemplate/o_-_40._COLOR_-_Pastel_Rouge.lrtemplate#03 (0.00s)
    --- PASS: TestRoundTrip_lrtemplate_XMP_lrtemplate/36._E_-_Polaroid_Mono_+_fade.lrtemplate (0.00s)
    --- PASS: TestRoundTrip_lrtemplate_XMP_lrtemplate/32._E_-_Polaroid_Mono_+_ii.lrtemplate (0.00s)
    --- PASS: TestRoundTrip_lrtemplate_XMP_lrtemplate/30._E_-_Polaroid_+_punch.lrtemplate (0.00s)
    --- PASS: TestRoundTrip_lrtemplate_XMP_lrtemplate/27._E_-_Polaroid_+_iii.lrtemplate (0.00s)
    --- PASS: TestRoundTrip_lrtemplate_XMP_lrtemplate/o_-_39._COLOR_-_Warm_Light.lrtemplate#03 (0.00s)
    --- PASS: TestRoundTrip_lrtemplate_XMP_lrtemplate/29._E_-_Polaroid_+_fade.lrtemplate (0.00s)
    --- PASS: TestRoundTrip_lrtemplate_XMP_lrtemplate/19._E_-_Fuji_Negative_+_i.lrtemplate (0.00s)
    --- PASS: TestRoundTrip_lrtemplate_XMP_lrtemplate/67._E_-_Fuji_Negative_+_iiii.lrtemplate (0.00s)
    --- PASS: TestRoundTrip_lrtemplate_XMP_lrtemplate/o_-_29._FINISH_-_Vintage.lrtemplate#03 (0.00s)
    --- PASS: TestRoundTrip_lrtemplate_XMP_lrtemplate/16._E_-_Fuji_Neo_+_iiii.lrtemplate (0.00s)
    --- PASS: TestRoundTrip_lrtemplate_XMP_lrtemplate/66._E_-_Fuji_Negative_+_iii.lrtemplate (0.00s)
    --- PASS: TestRoundTrip_lrtemplate_XMP_lrtemplate/63._E_-_Fuji_XPro_+_punch.lrtemplate (0.00s)
    --- PASS: TestRoundTrip_lrtemplate_XMP_lrtemplate/61._E_-_Fuji_XPro_+_cool.lrtemplate (0.00s)
    --- PASS: TestRoundTrip_lrtemplate_XMP_lrtemplate/62._E_-_Fuji_XPro_+_warm.lrtemplate (0.00s)
    --- PASS: TestRoundTrip_lrtemplate_XMP_lrtemplate/65._E_-_Fuji_Negative_+_ii.lrtemplate (0.00s)
    --- PASS: TestRoundTrip_lrtemplate_XMP_lrtemplate/60._E_-_Fuji_XPro_+_fade.lrtemplate (0.00s)
    --- PASS: TestRoundTrip_lrtemplate_XMP_lrtemplate/17._E_-_Fuji_Neo_+_fade.lrtemplate (0.00s)
    --- PASS: TestRoundTrip_lrtemplate_XMP_lrtemplate/05._E_-_Kodak_Plus_+_fade.lrtemplate (0.00s)
    --- PASS: TestRoundTrip_lrtemplate_XMP_lrtemplate/64._E_-_Fuji_Negative_+_i.lrtemplate (0.00s)
    --- PASS: TestRoundTrip_lrtemplate_XMP_lrtemplate/31._E_-_Polaroid_Mono_+_i.lrtemplate (0.00s)
    --- PASS: TestRoundTrip_lrtemplate_XMP_lrtemplate/18._E_-_Fuji_Neo_+_punch.lrtemplate (0.00s)
    --- PASS: TestRoundTrip_lrtemplate_XMP_lrtemplate/28._E_-_Polaroid_+_iiii.lrtemplate (0.00s)
    --- PASS: TestRoundTrip_lrtemplate_XMP_lrtemplate/26._E_-_Polaroid_+_ii.lrtemplate (0.00s)
    --- PASS: TestRoundTrip_lrtemplate_XMP_lrtemplate/o_-_48._LIGHTING_-_Tungsten.lrtemplate#02 (0.00s)
    --- PASS: TestRoundTrip_lrtemplate_XMP_lrtemplate/59._E_-_Fuji_XPro_+_iiiii.lrtemplate (0.00s)
    --- PASS: TestRoundTrip_lrtemplate_XMP_lrtemplate/04._E_-_Kodak_Plus_+_iiii.lrtemplate (0.00s)
    --- PASS: TestRoundTrip_lrtemplate_XMP_lrtemplate/56._E_-_Fuji_XPro_+_ii.lrtemplate (0.00s)
    --- PASS: TestRoundTrip_lrtemplate_XMP_lrtemplate/00._E_-_o____.lrtemplate (0.00s)
    --- PASS: TestRoundTrip_lrtemplate_XMP_lrtemplate/34._E_-_Polaroid_Mono_+_iiii.lrtemplate (0.00s)
    --- PASS: TestRoundTrip_lrtemplate_XMP_lrtemplate/15._E_-_Fuji_Neo_+_iii.lrtemplate (0.00s)
    --- PASS: TestRoundTrip_lrtemplate_XMP_lrtemplate/33._E_-_Polaroid_Mono_+_iii.lrtemplate (0.00s)
    --- PASS: TestRoundTrip_lrtemplate_XMP_lrtemplate/03._E_-_Kodak_Plus_+_iii.lrtemplate (0.00s)
    --- PASS: TestRoundTrip_lrtemplate_XMP_lrtemplate/13._E_-_Fuji_Neo_+_i.lrtemplate (0.00s)
    --- PASS: TestRoundTrip_lrtemplate_XMP_lrtemplate/58._E_-_Fuji_XPro_+_iiii.lrtemplate (0.00s)
    --- PASS: TestRoundTrip_lrtemplate_XMP_lrtemplate/57._E_-_Fuji_XPro_+_iii.lrtemplate (0.00s)
    --- PASS: TestRoundTrip_lrtemplate_XMP_lrtemplate/o_-_47._LIGHTING_-_Daylight.lrtemplate#02 (0.00s)
    --- PASS: TestRoundTrip_lrtemplate_XMP_lrtemplate/12._E_-_Kodak_Tri-X_+_punch.lrtemplate (0.00s)
    --- PASS: TestRoundTrip_lrtemplate_XMP_lrtemplate/o_-_46._LIGHTING_-_Cloudy.lrtemplate#02 (0.00s)
    --- PASS: TestRoundTrip_lrtemplate_XMP_lrtemplate/o_-_45._LIGHTING_-_Shade.lrtemplate#02 (0.00s)
    --- PASS: TestRoundTrip_lrtemplate_XMP_lrtemplate/01._E_-_Kodak_Plus_+_i.lrtemplate (0.00s)
    --- PASS: TestRoundTrip_lrtemplate_XMP_lrtemplate/o_-_49._LIGHTING_-_Fluorescent.lrtemplate#02 (0.00s)
    --- PASS: TestRoundTrip_lrtemplate_XMP_lrtemplate/o_-_43._LIGHTING_-_As_Shot.lrtemplate#02 (0.00s)
    --- PASS: TestRoundTrip_lrtemplate_XMP_lrtemplate/35._E_-_Polaroid_Mono_+_iiiii.lrtemplate (0.00s)
    --- PASS: TestRoundTrip_lrtemplate_XMP_lrtemplate/o_-_42._LIGHTING_-_Auto_Set.lrtemplate#02 (0.00s)
    --- PASS: TestRoundTrip_lrtemplate_XMP_lrtemplate/53._E_-_Fuji_Fortia_+_warm.lrtemplate (0.00s)
    --- PASS: TestRoundTrip_lrtemplate_XMP_lrtemplate/52._E_-_Fuji_Fortia_+_cool.lrtemplate (0.00s)
    --- PASS: TestRoundTrip_lrtemplate_XMP_lrtemplate/o_-_26._FINISH_-_Film.lrtemplate#03 (0.00s)
    --- PASS: TestRoundTrip_lrtemplate_XMP_lrtemplate/50._E_-_Fuji_Fortia_+_iiiii.lrtemplate (0.00s)
    --- PASS: TestRoundTrip_lrtemplate_XMP_lrtemplate/49._E_-_Fuji_Fortia_+_iiii.lrtemplate (0.00s)
    --- PASS: TestRoundTrip_lrtemplate_XMP_lrtemplate/09._E_-_Kodak_Tri-X_+_iii.lrtemplate (0.00s)
    --- PASS: TestRoundTrip_lrtemplate_XMP_lrtemplate/00._E_-_grain_x___.lrtemplate (0.00s)
    --- PASS: TestRoundTrip_lrtemplate_XMP_lrtemplate/00._E_-_auto_wb____.lrtemplate (0.00s)
    --- PASS: TestRoundTrip_lrtemplate_XMP_lrtemplate/o_-_31._FINISH_-_Bright.lrtemplate#02 (0.00s)
    --- PASS: TestRoundTrip_lrtemplate_XMP_lrtemplate/14._E_-_Fuji_Neo_+_ii.lrtemplate (0.00s)
    --- PASS: TestRoundTrip_lrtemplate_XMP_lrtemplate/o_-_50_-_o.lrtemplate#02 (0.00s)
    --- PASS: TestRoundTrip_lrtemplate_XMP_lrtemplate/o_-_40._COLOR_-_Pastel_Rouge.lrtemplate#02 (0.00s)
    --- PASS: TestRoundTrip_lrtemplate_XMP_lrtemplate/54._E_-_Fuji_Fortia_+_punch.lrtemplate (0.00s)
    --- PASS: TestRoundTrip_lrtemplate_XMP_lrtemplate/07._E_-_Kodak_Tri-X_+_i.lrtemplate (0.00s)
    --- PASS: TestRoundTrip_lrtemplate_XMP_lrtemplate/55._E_-_Fuji_XPro_+_i.lrtemplate (0.00s)
    --- PASS: TestRoundTrip_lrtemplate_XMP_lrtemplate/10._E_-_Kodak_Tri-X_+_iiii.lrtemplate (0.00s)
    --- PASS: TestRoundTrip_lrtemplate_XMP_lrtemplate/o_-_41_-_o.lrtemplate#02 (0.00s)
    --- PASS: TestRoundTrip_lrtemplate_XMP_lrtemplate/o_-_27._FINISH_-_Basic.lrtemplate#03 (0.00s)
    --- PASS: TestRoundTrip_lrtemplate_XMP_lrtemplate/o_-_15._DETAIL_-_Mid.lrtemplate#02 (0.00s)
    --- PASS: TestRoundTrip_lrtemplate_XMP_lrtemplate/o_-_39._COLOR_-_Warm_Light.lrtemplate#02 (0.00s)
    --- PASS: TestRoundTrip_lrtemplate_XMP_lrtemplate/11._E_-_Kodak_Tri-X_+_fade.lrtemplate (0.00s)
    --- PASS: TestRoundTrip_lrtemplate_XMP_lrtemplate/51._E_-_Fuji_Fortia_+_fade.lrtemplate (0.00s)
    --- PASS: TestRoundTrip_lrtemplate_XMP_lrtemplate/02._E_-_Kodak_Plus_+_ii.lrtemplate (0.00s)
    --- PASS: TestRoundTrip_lrtemplate_XMP_lrtemplate/o_-_27._FINISH_-_Basic.lrtemplate#02 (0.00s)
    --- PASS: TestRoundTrip_lrtemplate_XMP_lrtemplate/o_-_12._CONTRAST_-_High.lrtemplate#02 (0.00s)
    --- PASS: TestRoundTrip_lrtemplate_XMP_lrtemplate/o_-_05._EXPOSURE__-_1.lrtemplate#02 (0.00s)
    --- PASS: TestRoundTrip_lrtemplate_XMP_lrtemplate/o_-_14._DETAIL_-_Low.lrtemplate#02 (0.00s)
    --- PASS: TestRoundTrip_lrtemplate_XMP_lrtemplate/08._E_-_Kodak_Tri-X_+_ii.lrtemplate (0.00s)
    --- PASS: TestRoundTrip_lrtemplate_XMP_lrtemplate/o_-_07._EXPOSURE_+_1.lrtemplate#02 (0.00s)
    --- PASS: TestRoundTrip_lrtemplate_XMP_lrtemplate/00._E_-_auto_tone____.lrtemplate (0.00s)
    --- PASS: TestRoundTrip_lrtemplate_XMP_lrtemplate/o_-_35._COLOR_-_Morning.lrtemplate#02 (0.00s)
    --- PASS: TestRoundTrip_lrtemplate_XMP_lrtemplate/06._E_-_Kodak_Plus_+_punch.lrtemplate (0.00s)
    --- PASS: TestRoundTrip_lrtemplate_XMP_lrtemplate/o_-_22._VIBRANCE__-_Low.lrtemplate#02 (0.00s)
    --- PASS: TestRoundTrip_lrtemplate_XMP_lrtemplate/o_-_09_-_o.lrtemplate#02 (0.00s)
    --- PASS: TestRoundTrip_lrtemplate_XMP_lrtemplate/o_-_00_-_o.lrtemplate#02 (0.00s)
    --- PASS: TestRoundTrip_lrtemplate_XMP_lrtemplate/o_-_23._VIBRANCE__-_Mid.lrtemplate#02 (0.00s)
    --- PASS: TestRoundTrip_lrtemplate_XMP_lrtemplate/o_-_38._COLOR_-_Sea_Breeze.lrtemplate#02 (0.00s)
    --- PASS: TestRoundTrip_lrtemplate_XMP_lrtemplate/o_-_10._CONTRAST_-_Low.lrtemplate#02 (0.00s)
    --- PASS: TestRoundTrip_lrtemplate_XMP_lrtemplate/o_-_36._COLOR_-_Lavender.lrtemplate#02 (0.00s)
    --- PASS: TestRoundTrip_lrtemplate_XMP_lrtemplate/o_-_33_-_o.lrtemplate#02 (0.00s)
    --- PASS: TestRoundTrip_lrtemplate_XMP_lrtemplate/o_-_30._FINISH_-_Washed.lrtemplate#02 (0.00s)
    --- PASS: TestRoundTrip_lrtemplate_XMP_lrtemplate/o_-_34._COLOR_-_Neutral.lrtemplate#02 (0.00s)
    --- PASS: TestRoundTrip_lrtemplate_XMP_lrtemplate/o_-_44._LIGHTING_-_Flash.lrtemplate#02 (0.00s)
    --- PASS: TestRoundTrip_lrtemplate_XMP_lrtemplate/48._E_-_Fuji_Fortia_+_iii.lrtemplate (0.00s)
    --- PASS: TestRoundTrip_lrtemplate_XMP_lrtemplate/o_-_06._EXPOSURE__0.lrtemplate#02 (0.00s)
    --- PASS: TestRoundTrip_lrtemplate_XMP_lrtemplate/o_-_08._EXPOSURE_+_2.lrtemplate#02 (0.00s)
    --- PASS: TestRoundTrip_lrtemplate_XMP_lrtemplate/o_-_03_-_o.lrtemplate#02 (0.00s)
    --- PASS: TestRoundTrip_lrtemplate_XMP_lrtemplate/o_-_11._CONTRAST_-_Mid.lrtemplate#02 (0.00s)
    --- PASS: TestRoundTrip_lrtemplate_XMP_lrtemplate/o_-_02._Lens_off.lrtemplate#02 (0.00s)
    --- PASS: TestRoundTrip_lrtemplate_XMP_lrtemplate/o_-_21_-_o.lrtemplate#02 (0.00s)
    --- PASS: TestRoundTrip_lrtemplate_XMP_lrtemplate/68._E_-_Polaroid_Tint_+_fade.lrtemplate (0.00s)
    --- PASS: TestRoundTrip_lrtemplate_XMP_lrtemplate/o_-_13_-_o.lrtemplate#02 (0.00s)
    --- PASS: TestRoundTrip_lrtemplate_XMP_lrtemplate/o_-_29._FINISH_-_Vintage.lrtemplate#02 (0.00s)
    --- PASS: TestRoundTrip_lrtemplate_XMP_lrtemplate/o_-_20._SHARPEN_-_High.lrtemplate#02 (0.00s)
    --- PASS: TestRoundTrip_lrtemplate_XMP_lrtemplate/o_-_19._SHARPEN_-_Mid.lrtemplate#02 (0.00s)
    --- PASS: TestRoundTrip_lrtemplate_XMP_lrtemplate/o_-_37._COLOR_-_Spearmint.lrtemplate#02 (0.00s)
    --- PASS: TestRoundTrip_lrtemplate_XMP_lrtemplate/71._E_-_Polaroid_Tint_+_punch.lrtemplate (0.00s)
    --- PASS: TestRoundTrip_lrtemplate_XMP_lrtemplate/o_-_26._FINISH_-_Film.lrtemplate#02 (0.00s)
    --- PASS: TestRoundTrip_lrtemplate_XMP_lrtemplate/o_-_28._FINISH_-_Strong.lrtemplate#02 (0.00s)
    --- PASS: TestRoundTrip_lrtemplate_XMP_lrtemplate/70._E_-_Polaroid_Tint_+_warm.lrtemplate (0.00s)
    --- PASS: TestRoundTrip_lrtemplate_XMP_lrtemplate/39._E_-_Agfa_RSX_+_iii.lrtemplate (0.00s)
    --- PASS: TestRoundTrip_lrtemplate_XMP_lrtemplate/34._E_-_Agfa_Ultra_+_cool.lrtemplate (0.00s)
    --- PASS: TestRoundTrip_lrtemplate_XMP_lrtemplate/38._E_-_Agfa_RSX_+_ii.lrtemplate (0.00s)
    --- PASS: TestRoundTrip_lrtemplate_XMP_lrtemplate/35._E_-_Agfa_Ultra_+_warm.lrtemplate (0.00s)
    --- PASS: TestRoundTrip_lrtemplate_XMP_lrtemplate/37._E_-_Agfa_RSX_+_i.lrtemplate (0.00s)
    --- PASS: TestRoundTrip_lrtemplate_XMP_lrtemplate/36._E_-_Agfa_Ultra_+_punch.lrtemplate (0.00s)
    --- PASS: TestRoundTrip_lrtemplate_XMP_lrtemplate/o_-_32._FINISH_-_Retro.lrtemplate#02 (0.00s)
    --- PASS: TestRoundTrip_lrtemplate_XMP_lrtemplate/o_-_04._EXPOSURE__-_2.lrtemplate#02 (0.00s)
    --- PASS: TestRoundTrip_lrtemplate_XMP_lrtemplate/69._E_-_Polaroid_Tint_+_cool.lrtemplate (0.00s)
    --- PASS: TestRoundTrip_lrtemplate_XMP_lrtemplate/o_-_18._SHARPEN_-_Low.lrtemplate#02 (0.00s)
    --- PASS: TestRoundTrip_lrtemplate_XMP_lrtemplate/58._E_-_Polaroid_Color_+_iiii.lrtemplate (0.00s)
    --- PASS: TestRoundTrip_lrtemplate_XMP_lrtemplate/66._E_-_Polaroid_Tint_+_iiii.lrtemplate (0.00s)
    --- PASS: TestRoundTrip_lrtemplate_XMP_lrtemplate/33._E_-_Agfa_Ultra_+_fade.lrtemplate (0.00s)
    --- PASS: TestRoundTrip_lrtemplate_XMP_lrtemplate/51._E_-_Polaroid_+_fade.lrtemplate (0.00s)
    --- PASS: TestRoundTrip_lrtemplate_XMP_lrtemplate/40._E_-_Agfa_RSX_+_iiii.lrtemplate (0.00s)
    --- PASS: TestRoundTrip_lrtemplate_XMP_lrtemplate/67._E_-_Polaroid_Tint_+_iiiii.lrtemplate (0.00s)
    --- PASS: TestRoundTrip_lrtemplate_XMP_lrtemplate/o_-_16._DETAIL_-_High.lrtemplate#02 (0.00s)
    --- PASS: TestRoundTrip_lrtemplate_XMP_lrtemplate/32._E_-_Agfa_Ultra_+_iiiii.lrtemplate (0.00s)
    --- PASS: TestRoundTrip_lrtemplate_XMP_lrtemplate/19._E_-_Agfa_Vista_+_i.lrtemplate (0.00s)
    --- PASS: TestRoundTrip_lrtemplate_XMP_lrtemplate/18._E_-_Agfa_Optima_+_punch.lrtemplate (0.00s)
    --- PASS: TestRoundTrip_lrtemplate_XMP_lrtemplate/23._E_-_Agfa_Vista_+_iiiii.lrtemplate (0.00s)
    --- PASS: TestRoundTrip_lrtemplate_XMP_lrtemplate/22._E_-_Agfa_Vista_+_iiii.lrtemplate (0.00s)
    --- PASS: TestRoundTrip_lrtemplate_XMP_lrtemplate/25._E_-_Agfa_Vista_+_cool.lrtemplate (0.00s)
    --- PASS: TestRoundTrip_lrtemplate_XMP_lrtemplate/20._E_-_Agfa_Vista_+_ii.lrtemplate (0.00s)
    --- PASS: TestRoundTrip_lrtemplate_XMP_lrtemplate/24._E_-_Agfa_Vista_+_fade.lrtemplate (0.00s)
    --- PASS: TestRoundTrip_lrtemplate_XMP_lrtemplate/o_-_17_-_o.lrtemplate#02 (0.00s)
    --- PASS: TestRoundTrip_lrtemplate_XMP_lrtemplate/30._E_-_Agfa_Ultra_+_iii.lrtemplate (0.00s)
    --- PASS: TestRoundTrip_lrtemplate_XMP_lrtemplate/16._E_-_Agfa_Optima_+_cool.lrtemplate (0.00s)
    --- PASS: TestRoundTrip_lrtemplate_XMP_lrtemplate/14._E_-_Agfa_Optima_+_iiiii.lrtemplate (0.00s)
    --- PASS: TestRoundTrip_lrtemplate_XMP_lrtemplate/17._E_-_Agfa_Optima_+_warm.lrtemplate (0.00s)
    --- PASS: TestRoundTrip_lrtemplate_XMP_lrtemplate/44._E_-_Agfa_RSX_+_warm.lrtemplate (0.00s)
    --- PASS: TestRoundTrip_lrtemplate_XMP_lrtemplate/21._E_-_Agfa_Vista_+_iii.lrtemplate (0.00s)
    --- PASS: TestRoundTrip_lrtemplate_XMP_lrtemplate/13._E_-_Agfa_Optima_+_iiii.lrtemplate (0.00s)
    --- PASS: TestRoundTrip_lrtemplate_XMP_lrtemplate/41._E_-_Agfa_RSX_+_iiiii.lrtemplate (0.00s)
    --- PASS: TestRoundTrip_lrtemplate_XMP_lrtemplate/31._E_-_Agfa_Ultra_+_iiii.lrtemplate (0.00s)
    --- PASS: TestRoundTrip_lrtemplate_XMP_lrtemplate/29._E_-_Agfa_Ultra_+_ii.lrtemplate (0.00s)
    --- PASS: TestRoundTrip_lrtemplate_XMP_lrtemplate/15._E_-_Agfa_Optima_+_fade.lrtemplate (0.00s)
    --- PASS: TestRoundTrip_lrtemplate_XMP_lrtemplate/42._E_-_Agfa_RSX_+_fade.lrtemplate (0.00s)
    --- PASS: TestRoundTrip_lrtemplate_XMP_lrtemplate/46._E_-_Polaroid_+_i.lrtemplate (0.00s)
    --- PASS: TestRoundTrip_lrtemplate_XMP_lrtemplate/47._E_-_Fuji_Fortia_+_ii.lrtemplate (0.00s)
    --- PASS: TestRoundTrip_lrtemplate_XMP_lrtemplate/45._E_-_Agfa_RSX_+_punch.lrtemplate (0.00s)
    --- PASS: TestRoundTrip_lrtemplate_XMP_lrtemplate/07._E_-_Agfa_Portrait_+_cool.lrtemplate (0.00s)
    --- PASS: TestRoundTrip_lrtemplate_XMP_lrtemplate/26._E_-_Agfa_Vista_+_warm.lrtemplate (0.00s)
    --- PASS: TestRoundTrip_lrtemplate_XMP_lrtemplate/11._E_-_Agfa_Optima_+_ii.lrtemplate (0.00s)
    --- PASS: TestRoundTrip_lrtemplate_XMP_lrtemplate/01._E_-_Agfa_Portrait_+_i.lrtemplate (0.00s)
    --- PASS: TestRoundTrip_lrtemplate_XMP_lrtemplate/12._E_-_Agfa_Optima_+_iii.lrtemplate (0.00s)
    --- PASS: TestRoundTrip_lrtemplate_XMP_lrtemplate/27._E_-_Agfa_Vista_+_punch.lrtemplate (0.00s)
    --- PASS: TestRoundTrip_lrtemplate_XMP_lrtemplate/09._E_-_Agfa_Portrait_+_punch.lrtemplate (0.00s)
    --- PASS: TestRoundTrip_lrtemplate_XMP_lrtemplate/45._E_-_Fuji_Astia_+_punch.lrtemplate (0.00s)
    --- PASS: TestRoundTrip_lrtemplate_XMP_lrtemplate/00._E_-_o___.lrtemplate (0.00s)
    --- PASS: TestRoundTrip_lrtemplate_XMP_lrtemplate/06._E_-_Agfa_Portrait_+_fade.lrtemplate (0.00s)
    --- PASS: TestRoundTrip_lrtemplate_XMP_lrtemplate/43._E_-_Fuji_Astia_+_cool.lrtemplate (0.00s)
    --- PASS: TestRoundTrip_lrtemplate_XMP_lrtemplate/00._E_-_grain_x__.lrtemplate (0.00s)
    --- PASS: TestRoundTrip_lrtemplate_XMP_lrtemplate/41._E_-_Fuji_Astia_+_iiiii.lrtemplate (0.00s)
    --- PASS: TestRoundTrip_lrtemplate_XMP_lrtemplate/o_-_24._VIBRANCE_-__High.lrtemplate#02 (0.00s)
    --- PASS: TestRoundTrip_lrtemplate_XMP_lrtemplate/00._E_-_auto_tone___.lrtemplate (0.00s)
    --- PASS: TestRoundTrip_lrtemplate_XMP_lrtemplate/00._E_-_auto_wb___.lrtemplate (0.00s)
    --- PASS: TestRoundTrip_lrtemplate_XMP_lrtemplate/o_-_47._LIGHTING_-_Daylight.lrtemplate#01 (0.00s)
    --- PASS: TestRoundTrip_lrtemplate_XMP_lrtemplate/28._E_-_Agfa_Ultra_+_i.lrtemplate (0.00s)
    --- PASS: TestRoundTrip_lrtemplate_XMP_lrtemplate/o_-_25_-_o.lrtemplate#02 (0.00s)
    --- PASS: TestRoundTrip_lrtemplate_XMP_lrtemplate/43._E_-_Agfa_RSX_+_cool.lrtemplate (0.00s)
    --- PASS: TestRoundTrip_lrtemplate_XMP_lrtemplate/10._E_-_Agfa_Optima_+_i.lrtemplate (0.00s)
    --- PASS: TestRoundTrip_lrtemplate_XMP_lrtemplate/44._E_-_Fuji_Astia_+_warm.lrtemplate (0.00s)
    --- PASS: TestRoundTrip_lrtemplate_XMP_lrtemplate/o_-_42._LIGHTING_-_Auto_Set.lrtemplate#01 (0.00s)
    --- PASS: TestRoundTrip_lrtemplate_XMP_lrtemplate/55._E_-_Polaroid_Color_+_i.lrtemplate (0.00s)
    --- PASS: TestRoundTrip_lrtemplate_XMP_lrtemplate/o_-_45._LIGHTING_-_Shade.lrtemplate#01 (0.00s)
    --- PASS: TestRoundTrip_lrtemplate_XMP_lrtemplate/57._E_-_Polaroid_Color_+_iii.lrtemplate (0.00s)
    --- PASS: TestRoundTrip_lrtemplate_XMP_lrtemplate/40._E_-_Fuji_Astia_+_iiii.lrtemplate (0.00s)
    --- PASS: TestRoundTrip_lrtemplate_XMP_lrtemplate/52._E_-_Polaroid_+_cool.lrtemplate (0.00s)
    --- PASS: TestRoundTrip_lrtemplate_XMP_lrtemplate/39._E_-_Fuji_Astia_+_iii.lrtemplate (0.00s)
    --- PASS: TestRoundTrip_lrtemplate_XMP_lrtemplate/05._E_-_Agfa_Portrait_+_iiiii.lrtemplate (0.00s)
    --- PASS: TestRoundTrip_lrtemplate_XMP_lrtemplate/56._E_-_Polaroid_Color_+_ii.lrtemplate (0.00s)
    --- PASS: TestRoundTrip_lrtemplate_XMP_lrtemplate/38._E_-_Fuji_Astia_+_ii.lrtemplate (0.00s)
    --- PASS: TestRoundTrip_lrtemplate_XMP_lrtemplate/37._E_-_Fuji_Astia_+_i.lrtemplate (0.00s)
    --- PASS: TestRoundTrip_lrtemplate_XMP_lrtemplate/o_-_40._COLOR_-_Pastel_Rouge.lrtemplate#01 (0.00s)
    --- PASS: TestRoundTrip_lrtemplate_XMP_lrtemplate/o_-_43._LIGHTING_-_As_Shot.lrtemplate#01 (0.00s)
    --- PASS: TestRoundTrip_lrtemplate_XMP_lrtemplate/54._E_-_Polaroid_+_punch.lrtemplate (0.00s)
    --- PASS: TestRoundTrip_lrtemplate_XMP_lrtemplate/08._E_-_Agfa_Portrait_+_warm.lrtemplate (0.00s)
    --- PASS: TestRoundTrip_lrtemplate_XMP_lrtemplate/46._E_-_Fuji_Fortia_+_i.lrtemplate (0.00s)
    --- PASS: TestRoundTrip_lrtemplate_XMP_lrtemplate/42._E_-_Fuji_Astia_+_fade.lrtemplate (0.00s)
    --- PASS: TestRoundTrip_lrtemplate_XMP_lrtemplate/o_-_46._LIGHTING_-_Cloudy.lrtemplate#01 (0.00s)
    --- PASS: TestRoundTrip_lrtemplate_XMP_lrtemplate/o_-_39._COLOR_-_Warm_Light.lrtemplate#01 (0.00s)
    --- PASS: TestRoundTrip_lrtemplate_XMP_lrtemplate/o_-_50_-_o.lrtemplate#01 (0.00s)
    --- PASS: TestRoundTrip_lrtemplate_XMP_lrtemplate/o_-_38._COLOR_-_Sea_Breeze.lrtemplate#01 (0.00s)
    --- PASS: TestRoundTrip_lrtemplate_XMP_lrtemplate/36._E_-_Fuji_Provia_+_punch.lrtemplate (0.00s)
    --- PASS: TestRoundTrip_lrtemplate_XMP_lrtemplate/o_-_41_-_o.lrtemplate#01 (0.00s)
    --- PASS: TestRoundTrip_lrtemplate_XMP_lrtemplate/o_-_36._COLOR_-_Lavender.lrtemplate#01 (0.00s)
    --- PASS: TestRoundTrip_lrtemplate_XMP_lrtemplate/o_-_37._COLOR_-_Spearmint.lrtemplate#01 (0.00s)
    --- PASS: TestRoundTrip_lrtemplate_XMP_lrtemplate/48._E_-_Polaroid_+_iii.lrtemplate (0.00s)
    --- PASS: TestRoundTrip_lrtemplate_XMP_lrtemplate/o_-_35._COLOR_-_Morning.lrtemplate#01 (0.00s)
    --- PASS: TestRoundTrip_lrtemplate_XMP_lrtemplate/o_-_30._FINISH_-_Washed.lrtemplate#01 (0.00s)
    --- PASS: TestRoundTrip_lrtemplate_XMP_lrtemplate/o_-_31._FINISH_-_Bright.lrtemplate#01 (0.00s)
    --- PASS: TestRoundTrip_lrtemplate_XMP_lrtemplate/o_-_19._SHARPEN_-_Mid.lrtemplate#01 (0.00s)
    --- PASS: TestRoundTrip_lrtemplate_XMP_lrtemplate/00_-_o.lrtemplate (0.00s)
    --- PASS: TestRoundTrip_lrtemplate_XMP_lrtemplate/53._E_-_Polaroid_+_warm.lrtemplate (0.00s)
    --- PASS: TestRoundTrip_lrtemplate_XMP_lrtemplate/o_-_17_-_o.lrtemplate#01 (0.00s)
    --- PASS: TestRoundTrip_lrtemplate_XMP_lrtemplate/o_-_13_-_o.lrtemplate#01 (0.00s)
    --- PASS: TestRoundTrip_lrtemplate_XMP_lrtemplate/03._E_-_Agfa_Portrait_+_iii.lrtemplate (0.00s)
    --- PASS: TestRoundTrip_lrtemplate_XMP_lrtemplate/o_-_34._COLOR_-_Neutral.lrtemplate#01 (0.00s)
    --- PASS: TestRoundTrip_lrtemplate_XMP_lrtemplate/o_-_11._CONTRAST_-_Mid.lrtemplate#01 (0.00s)
    --- PASS: TestRoundTrip_lrtemplate_XMP_lrtemplate/o_-_12._CONTRAST_-_High.lrtemplate#01 (0.00s)
    --- PASS: TestRoundTrip_lrtemplate_XMP_lrtemplate/o_-_44._LIGHTING_-_Flash.lrtemplate#01 (0.00s)
    --- PASS: TestRoundTrip_lrtemplate_XMP_lrtemplate/35._E_-_Fuji_Provia_+_warm.lrtemplate (0.00s)
    --- PASS: TestRoundTrip_lrtemplate_XMP_lrtemplate/o_-_49._LIGHTING_-_Fluorescent.lrtemplate#01 (0.00s)
    --- PASS: TestRoundTrip_lrtemplate_XMP_lrtemplate/73._E_-_Fuji_100_+_i.lrtemplate (0.00s)
    --- PASS: TestRoundTrip_lrtemplate_XMP_lrtemplate/o_-_32._FINISH_-_Retro.lrtemplate#01 (0.00s)
    --- PASS: TestRoundTrip_lrtemplate_XMP_lrtemplate/o_-_09_-_o.lrtemplate#01 (0.00s)
    --- PASS: TestRoundTrip_lrtemplate_XMP_lrtemplate/o_-_05._EXPOSURE__-_1.lrtemplate#01 (0.00s)
    --- PASS: TestRoundTrip_lrtemplate_XMP_lrtemplate/o_-_06._EXPOSURE__0.lrtemplate#01 (0.00s)
    --- PASS: TestRoundTrip_lrtemplate_XMP_lrtemplate/o_-_08._EXPOSURE_+_2.lrtemplate#01 (0.00s)
    --- PASS: TestRoundTrip_lrtemplate_XMP_lrtemplate/o_-_48._LIGHTING_-_Tungsten.lrtemplate#01 (0.00s)
    --- PASS: TestRoundTrip_lrtemplate_XMP_lrtemplate/49._E_-_Polaroid_+_iiii.lrtemplate (0.00s)
    --- PASS: TestRoundTrip_lrtemplate_XMP_lrtemplate/o_-_03_-_o.lrtemplate#01 (0.00s)
    --- PASS: TestRoundTrip_lrtemplate_XMP_lrtemplate/o_-_04._EXPOSURE__-_2.lrtemplate#01 (0.00s)
    --- PASS: TestRoundTrip_lrtemplate_XMP_lrtemplate/o_-_01._Lens_on.lrtemplate#01 (0.00s)
    --- PASS: TestRoundTrip_lrtemplate_XMP_lrtemplate/o_-_07._EXPOSURE_+_1.lrtemplate#01 (0.00s)
    --- PASS: TestRoundTrip_lrtemplate_XMP_lrtemplate/o_-_01._Lens_on.lrtemplate#02 (0.00s)
    --- PASS: TestRoundTrip_lrtemplate_XMP_lrtemplate/04._E_-_Agfa_Portrait_+_iiii.lrtemplate (0.00s)
    --- PASS: TestRoundTrip_lrtemplate_XMP_lrtemplate/o_-_16._DETAIL_-_High.lrtemplate#01 (0.00s)
    --- PASS: TestRoundTrip_lrtemplate_XMP_lrtemplate/o_-_00_-_o.lrtemplate#01 (0.00s)
    --- PASS: TestRoundTrip_lrtemplate_XMP_lrtemplate/02._E_-_Agfa_Portrait_+_ii.lrtemplate (0.00s)
    --- PASS: TestRoundTrip_lrtemplate_XMP_lrtemplate/o_-_15._DETAIL_-_Mid.lrtemplate#01 (0.00s)
    --- PASS: TestRoundTrip_lrtemplate_XMP_lrtemplate/o_-_14._DETAIL_-_Low.lrtemplate#01 (0.00s)
    --- PASS: TestRoundTrip_lrtemplate_XMP_lrtemplate/99._E_-_Fuji_800_+_punch.lrtemplate (0.00s)
    --- PASS: TestRoundTrip_lrtemplate_XMP_lrtemplate/65._E_-_Polaroid_Tint_+_iii.lrtemplate (0.00s)
    --- PASS: TestRoundTrip_lrtemplate_XMP_lrtemplate/95._E_-_Fuji_800_+_iiiii.lrtemplate (0.00s)
    --- PASS: TestRoundTrip_lrtemplate_XMP_lrtemplate/90._E_-_Fuji_400_+_punch.lrtemplate (0.00s)
    --- PASS: TestRoundTrip_lrtemplate_XMP_lrtemplate/92._E_-_Fuji_800_+_ii.lrtemplate (0.00s)
    --- PASS: TestRoundTrip_lrtemplate_XMP_lrtemplate/89._E_-_Fuji_400_+_warm.lrtemplate (0.00s)
    --- PASS: TestRoundTrip_lrtemplate_XMP_lrtemplate/98._E_-_Fuji_800_+_warm.lrtemplate (0.00s)
    --- PASS: TestRoundTrip_lrtemplate_XMP_lrtemplate/47._E_-_Polaroid_+_ii.lrtemplate (0.00s)
    --- PASS: TestRoundTrip_lrtemplate_XMP_lrtemplate/87._E_-_Fuji_400_+_fade.lrtemplate (0.00s)
    --- PASS: TestRoundTrip_lrtemplate_XMP_lrtemplate/o_-_18._SHARPEN_-_Low.lrtemplate#01 (0.00s)
    --- PASS: TestRoundTrip_lrtemplate_XMP_lrtemplate/o_-_02._Lens_off.lrtemplate#01 (0.00s)
    --- PASS: TestRoundTrip_lrtemplate_XMP_lrtemplate/o_-_33_-_o.lrtemplate#01 (0.00s)
    --- PASS: TestRoundTrip_lrtemplate_XMP_lrtemplate/82._E_-_Fuji_400_+_i.lrtemplate (0.00s)
    --- PASS: TestRoundTrip_lrtemplate_XMP_lrtemplate/o_-_29._FINISH_-_Vintage.lrtemplate#01 (0.00s)
    --- PASS: TestRoundTrip_lrtemplate_XMP_lrtemplate/86._E_-_Fuji_400_+_iiiii.lrtemplate (0.00s)
    --- PASS: TestRoundTrip_lrtemplate_XMP_lrtemplate/97._E_-_Fuji_800_+_cool.lrtemplate (0.00s)
    --- PASS: TestRoundTrip_lrtemplate_XMP_lrtemplate/63._E_-_Polaroid_Tint_+_i.lrtemplate (0.00s)
    --- PASS: TestRoundTrip_lrtemplate_XMP_lrtemplate/84._E_-_Fuji_400_+_iii.lrtemplate (0.00s)
    --- PASS: TestRoundTrip_lrtemplate_XMP_lrtemplate/96._E_-_Fuji_800_+_fade.lrtemplate (0.00s)
    --- PASS: TestRoundTrip_lrtemplate_XMP_lrtemplate/50._E_-_Polaroid_+_iiiii.lrtemplate (0.00s)
    --- PASS: TestRoundTrip_lrtemplate_XMP_lrtemplate/60._E_-_Polaroid_Color_+_cool.lrtemplate (0.00s)
    --- PASS: TestRoundTrip_lrtemplate_XMP_lrtemplate/77._E_-_Fuji_100_+_iiiii.lrtemplate (0.00s)
    --- PASS: TestRoundTrip_lrtemplate_XMP_lrtemplate/80._E_-_Fuji_100_+_warm.lrtemplate (0.00s)
    --- PASS: TestRoundTrip_lrtemplate_XMP_lrtemplate/88._E_-_Fuji_400_+_cool.lrtemplate (0.00s)
    --- PASS: TestRoundTrip_lrtemplate_XMP_lrtemplate/79._E_-_Fuji_100_+_cool.lrtemplate (0.00s)
    --- PASS: TestRoundTrip_lrtemplate_XMP_lrtemplate/85._E_-_Fuji_400_+_iiii.lrtemplate (0.00s)
    --- PASS: TestRoundTrip_lrtemplate_XMP_lrtemplate/93._E_-_Fuji_800_+_iii.lrtemplate (0.00s)
    --- PASS: TestRoundTrip_lrtemplate_XMP_lrtemplate/62._E_-_Polaroid_Color_+_punch.lrtemplate (0.00s)
    --- PASS: TestRoundTrip_lrtemplate_XMP_lrtemplate/61._E_-_Polaroid_Color_+_warm.lrtemplate (0.00s)
    --- PASS: TestRoundTrip_lrtemplate_XMP_lrtemplate/78._E_-_Fuji_100_+_fade.lrtemplate (0.00s)
    --- PASS: TestRoundTrip_lrtemplate_XMP_lrtemplate/94._E_-_Fuji_800_+_iiii.lrtemplate (0.00s)
    --- PASS: TestRoundTrip_lrtemplate_XMP_lrtemplate/o_-_10._CONTRAST_-_Low.lrtemplate#01 (0.00s)
    --- PASS: TestRoundTrip_lrtemplate_XMP_lrtemplate/81._E_-_Fuji_100_+_punch.lrtemplate (0.00s)
    --- PASS: TestRoundTrip_lrtemplate_XMP_lrtemplate/59._E_-_Polaroid_Color_+_fade.lrtemplate (0.00s)
    --- PASS: TestRoundTrip_lrtemplate_XMP_lrtemplate/o_-_24._VIBRANCE_-__High.lrtemplate#01 (0.00s)
    --- PASS: TestRoundTrip_lrtemplate_XMP_lrtemplate/o_-_21_-_o.lrtemplate#01 (0.00s)
    --- PASS: TestRoundTrip_lrtemplate_XMP_lrtemplate/o_-_40._COLOR_-_Pastel_Rouge.lrtemplate (0.00s)
    --- PASS: TestRoundTrip_lrtemplate_XMP_lrtemplate/o_-_39._COLOR_-_Warm_Light.lrtemplate (0.00s)
    --- PASS: TestRoundTrip_lrtemplate_XMP_lrtemplate/o_-_28._FINISH_-_Strong.lrtemplate#01 (0.00s)
    --- PASS: TestRoundTrip_lrtemplate_XMP_lrtemplate/64._E_-_Polaroid_Tint_+_ii.lrtemplate (0.00s)
    --- PASS: TestRoundTrip_lrtemplate_XMP_lrtemplate/91._E_-_Kodak_Elite_+_i.lrtemplate (0.00s)
    --- PASS: TestRoundTrip_lrtemplate_XMP_lrtemplate/29._E_-_Fuji_Provia_+_ii.lrtemplate (0.00s)
    --- PASS: TestRoundTrip_lrtemplate_XMP_lrtemplate/o_-_27._FINISH_-_Basic.lrtemplate (0.00s)
    --- PASS: TestRoundTrip_lrtemplate_XMP_lrtemplate/33._E_-_Fuji_Provia_+_fade.lrtemplate (0.00s)
    --- PASS: TestRoundTrip_lrtemplate_XMP_lrtemplate/o_-_37._COLOR_-_Spearmint.lrtemplate (0.00s)
    --- PASS: TestRoundTrip_lrtemplate_XMP_lrtemplate/74._E_-_Fuji_100_+_ii.lrtemplate (0.00s)
    --- PASS: TestRoundTrip_lrtemplate_XMP_lrtemplate/32._E_-_Fuji_Provia_+_iiiii.lrtemplate (0.00s)
    --- PASS: TestRoundTrip_lrtemplate_XMP_lrtemplate/o_-_17_-_o.lrtemplate (0.00s)
    --- PASS: TestRoundTrip_lrtemplate_XMP_lrtemplate/o_-_26._FINISH_-_Film.lrtemplate#01 (0.00s)
    --- PASS: TestRoundTrip_lrtemplate_XMP_lrtemplate/o_-_38._COLOR_-_Sea_Breeze.lrtemplate (0.00s)
    --- PASS: TestRoundTrip_lrtemplate_XMP_lrtemplate/o_-_25_-_o.lrtemplate#01 (0.00s)
    --- PASS: TestRoundTrip_lrtemplate_XMP_lrtemplate/o_-_27._FINISH_-_Basic.lrtemplate#01 (0.00s)
    --- PASS: TestRoundTrip_lrtemplate_XMP_lrtemplate/o_-_20._SHARPEN_-_High.lrtemplate#01 (0.00s)
    --- PASS: TestRoundTrip_lrtemplate_XMP_lrtemplate/o_-_36._COLOR_-_Lavender.lrtemplate (0.00s)
    --- PASS: TestRoundTrip_lrtemplate_XMP_lrtemplate/90._E_-_Kodak_Ektar_+_punch.lrtemplate (0.00s)
    --- PASS: TestRoundTrip_lrtemplate_XMP_lrtemplate/o_-_26._FINISH_-_Film.lrtemplate (0.00s)
    --- PASS: TestRoundTrip_lrtemplate_XMP_lrtemplate/27._E_-_Fuji_Sensia_+_punch.lrtemplate (0.00s)
    --- PASS: TestRoundTrip_lrtemplate_XMP_lrtemplate/26._E_-_Fuji_Sensia_+_warm.lrtemplate (0.00s)
    --- PASS: TestRoundTrip_lrtemplate_XMP_lrtemplate/89._E_-_Kodak_Ektar_+_warm.lrtemplate (0.00s)
    --- PASS: TestRoundTrip_lrtemplate_XMP_lrtemplate/34._E_-_Fuji_Provia_+_cool.lrtemplate (0.00s)
    --- PASS: TestRoundTrip_lrtemplate_XMP_lrtemplate/o_-_24._VIBRANCE_-__High.lrtemplate (0.00s)
    --- PASS: TestRoundTrip_lrtemplate_XMP_lrtemplate/o_-_25_-_o.lrtemplate (0.00s)
    --- PASS: TestRoundTrip_lrtemplate_XMP_lrtemplate/o_-_34._COLOR_-_Neutral.lrtemplate (0.00s)
    --- PASS: TestRoundTrip_lrtemplate_XMP_lrtemplate/o_-_28._FINISH_-_Strong.lrtemplate (0.00s)
    --- PASS: TestRoundTrip_lrtemplate_XMP_lrtemplate/o_-_22._VIBRANCE__-_Low.lrtemplate#01 (0.00s)
    --- PASS: TestRoundTrip_lrtemplate_XMP_lrtemplate/o_-_33_-_o.lrtemplate (0.00s)
    --- PASS: TestRoundTrip_lrtemplate_XMP_lrtemplate/98._E_-_Kodak_Elite_+_warm.lrtemplate (0.00s)
    --- PASS: TestRoundTrip_lrtemplate_XMP_lrtemplate/88._E_-_Kodak_Ektar_+_cool.lrtemplate (0.00s)
    --- PASS: TestRoundTrip_lrtemplate_XMP_lrtemplate/28._E_-_Fuji_Provia_+_i.lrtemplate (0.00s)
    --- PASS: TestRoundTrip_lrtemplate_XMP_lrtemplate/o_-_29._FINISH_-_Vintage.lrtemplate (0.00s)
    --- PASS: TestRoundTrip_lrtemplate_XMP_lrtemplate/o_-_30._FINISH_-_Washed.lrtemplate (0.00s)
    --- PASS: TestRoundTrip_lrtemplate_XMP_lrtemplate/o_-_32._FINISH_-_Retro.lrtemplate (0.00s)
    --- PASS: TestRoundTrip_lrtemplate_XMP_lrtemplate/o_-_21_-_o.lrtemplate (0.00s)
    --- PASS: TestRoundTrip_lrtemplate_XMP_lrtemplate/86._E_-_Kodak_Ektar_+_iiiii.lrtemplate (0.00s)
    --- PASS: TestRoundTrip_lrtemplate_XMP_lrtemplate/75._E_-_Fuji_100_+_iii.lrtemplate (0.00s)
    --- PASS: TestRoundTrip_lrtemplate_XMP_lrtemplate/31._E_-_Fuji_Provia_+_iiii.lrtemplate (0.00s)
    --- PASS: TestRoundTrip_lrtemplate_XMP_lrtemplate/39._E_-_Kodak_Echrome_+_iii.lrtemplate (0.00s)
    --- PASS: TestRoundTrip_lrtemplate_XMP_lrtemplate/84._E_-_Kodak_Ektar_+_iii.lrtemplate (0.00s)
    --- PASS: TestRoundTrip_lrtemplate_XMP_lrtemplate/23._E_-_Fuji_Sensia_+_iiiii.lrtemplate (0.00s)
    --- PASS: TestRoundTrip_lrtemplate_XMP_lrtemplate/30._E_-_Fuji_Provia_+_iii.lrtemplate (0.00s)
    --- PASS: TestRoundTrip_lrtemplate_XMP_lrtemplate/24._E_-_Fuji_Sensia_+_fade.lrtemplate (0.00s)
    --- PASS: TestRoundTrip_lrtemplate_XMP_lrtemplate/18._E_-_Fuji_Velvia_+_punch.lrtemplate (0.00s)
    --- PASS: TestRoundTrip_lrtemplate_XMP_lrtemplate/21._E_-_Fuji_Sensia_+_iii.lrtemplate (0.00s)
    --- PASS: TestRoundTrip_lrtemplate_XMP_lrtemplate/20._E_-_Fuji_Sensia_+_ii.lrtemplate (0.00s)
    --- PASS: TestRoundTrip_lrtemplate_XMP_lrtemplate/25._E_-_Fuji_Sensia_+_cool.lrtemplate (0.00s)
    --- PASS: TestRoundTrip_lrtemplate_XMP_lrtemplate/87._E_-_Kodak_Ektar_+_fade.lrtemplate (0.00s)
    --- PASS: TestRoundTrip_lrtemplate_XMP_lrtemplate/o_-_31._FINISH_-_Bright.lrtemplate (0.00s)
    --- PASS: TestRoundTrip_lrtemplate_XMP_lrtemplate/85._E_-_Kodak_Ektar_+_iiii.lrtemplate (0.00s)
    --- PASS: TestRoundTrip_lrtemplate_XMP_lrtemplate/83._E_-_Kodak_Ektar_+_ii.lrtemplate (0.00s)
    --- PASS: TestRoundTrip_lrtemplate_XMP_lrtemplate/41._E_-_Kodak_Echrome_+_iiiii.lrtemplate (0.00s)
    --- PASS: TestRoundTrip_lrtemplate_XMP_lrtemplate/22._E_-_Fuji_Sensia_+_iiii-2.lrtemplate (0.00s)
    --- PASS: TestRoundTrip_lrtemplate_XMP_lrtemplate/61._E_-_Kodak_E100_+_cool.lrtemplate (0.00s)
    --- PASS: TestRoundTrip_lrtemplate_XMP_lrtemplate/59._E_-_Kodak_E100_+_iiiii.lrtemplate (0.00s)
    --- PASS: TestRoundTrip_lrtemplate_XMP_lrtemplate/o_-_35._COLOR_-_Morning.lrtemplate (0.00s)
    --- PASS: TestRoundTrip_lrtemplate_XMP_lrtemplate/19._E_-_Fuji_Sensia_+_i.lrtemplate (0.00s)
    --- PASS: TestRoundTrip_lrtemplate_XMP_lrtemplate/58._E_-_Kodak_E100_+_iiii.lrtemplate (0.00s)
    --- PASS: TestRoundTrip_lrtemplate_XMP_lrtemplate/17._E_-_Kodak_160_+_warm.lrtemplate (0.00s)
    --- PASS: TestRoundTrip_lrtemplate_XMP_lrtemplate/82._E_-_Kodak_Ektar_+_i.lrtemplate (0.00s)
    --- PASS: TestRoundTrip_lrtemplate_XMP_lrtemplate/38._E_-_Kodak_Echrome_+_ii.lrtemplate (0.00s)
    --- PASS: TestRoundTrip_lrtemplate_XMP_lrtemplate/11._E_-_Kodak_160_+_ii.lrtemplate (0.00s)
    --- PASS: TestRoundTrip_lrtemplate_XMP_lrtemplate/76._E_-_Fuji_100_+_iiii.lrtemplate (0.00s)
    --- PASS: TestRoundTrip_lrtemplate_XMP_lrtemplate/o_-_23._VIBRANCE__-_Mid.lrtemplate#01 (0.00s)
    --- PASS: TestRoundTrip_lrtemplate_XMP_lrtemplate/60._E_-_Kodak_E100_+_fade.lrtemplate (0.00s)
    --- PASS: TestRoundTrip_lrtemplate_XMP_lrtemplate/15._E_-_Kodak_160_+_fade.lrtemplate (0.00s)
    --- PASS: TestRoundTrip_lrtemplate_XMP_lrtemplate/o_-_22._VIBRANCE__-_Low.lrtemplate (0.00s)
    --- PASS: TestRoundTrip_lrtemplate_XMP_lrtemplate/14._E_-_Kodak_160_+_iiiii.lrtemplate (0.00s)
    --- PASS: TestRoundTrip_lrtemplate_XMP_lrtemplate/33._E_-_Kodak_800_+_fade.lrtemplate (0.00s)
    --- PASS: TestRoundTrip_lrtemplate_XMP_lrtemplate/13._E_-_Kodak_160_+_iiii.lrtemplate (0.00s)
    --- PASS: TestRoundTrip_lrtemplate_XMP_lrtemplate/54._E_-_Kodak_E64_+_punch.lrtemplate (0.00s)
    --- PASS: TestRoundTrip_lrtemplate_XMP_lrtemplate/08._E_-_Kodak_Portra_+_warm.lrtemplate (0.00s)
    --- PASS: TestRoundTrip_lrtemplate_XMP_lrtemplate/35._E_-_Kodak_800_+_warm.lrtemplate (0.00s)
    --- PASS: TestRoundTrip_lrtemplate_XMP_lrtemplate/36._E_-_Kodak_800_+_punch.lrtemplate (0.00s)
    --- PASS: TestRoundTrip_lrtemplate_XMP_lrtemplate/40._E_-_Kodak_Echrome_+_iiii.lrtemplate (0.00s)
    --- PASS: TestRoundTrip_lrtemplate_XMP_lrtemplate/50._E_-_Kodak_E64_+_iiiii.lrtemplate (0.00s)
    --- PASS: TestRoundTrip_lrtemplate_XMP_lrtemplate/10._E_-_Kodak_160_+_i.lrtemplate (0.00s)
    --- PASS: TestRoundTrip_lrtemplate_XMP_lrtemplate/55._E_-_Kodak_E100_+_i.lrtemplate (0.00s)
    --- PASS: TestRoundTrip_lrtemplate_XMP_lrtemplate/51._E_-_Kodak_E64_+_fade.lrtemplate (0.00s)
    --- PASS: TestRoundTrip_lrtemplate_XMP_lrtemplate/48._E_-_Kodak_E64_+_iii.lrtemplate (0.00s)
    --- PASS: TestRoundTrip_lrtemplate_XMP_lrtemplate/47._E_-_Kodak_E64_+_ii.lrtemplate (0.00s)
    --- PASS: TestRoundTrip_lrtemplate_XMP_lrtemplate/52._E_-_Kodak_E64_+_cool.lrtemplate (0.00s)
    --- PASS: TestRoundTrip_lrtemplate_XMP_lrtemplate/49._E_-_Kodak_E64_+_iiii.lrtemplate (0.00s)
    --- PASS: TestRoundTrip_lrtemplate_XMP_lrtemplate/09._E_-_Kodak_Portra_+_punch.lrtemplate (0.00s)
    --- PASS: TestRoundTrip_lrtemplate_XMP_lrtemplate/06._E_-_Kodak_Portra_+_fade.lrtemplate (0.00s)
    --- PASS: TestRoundTrip_lrtemplate_XMP_lrtemplate/57._E_-_Kodak_E100_+_iii.lrtemplate (0.00s)
    --- PASS: TestRoundTrip_lrtemplate_XMP_lrtemplate/37._E_-_Kodak_Echrome_+_i.lrtemplate (0.00s)
    --- PASS: TestRoundTrip_lrtemplate_XMP_lrtemplate/34._E_-_Kodak_800_+_cool.lrtemplate (0.00s)
    --- PASS: TestRoundTrip_lrtemplate_XMP_lrtemplate/56._E_-_Kodak_E100_+_ii.lrtemplate (0.00s)
    --- PASS: TestRoundTrip_lrtemplate_XMP_lrtemplate/53._E_-_Kodak_E64_+_warm.lrtemplate (0.00s)
    --- PASS: TestRoundTrip_lrtemplate_XMP_lrtemplate/16._E_-_Kodak_160_+_cool.lrtemplate (0.00s)
    --- PASS: TestRoundTrip_lrtemplate_XMP_lrtemplate/12._E_-_Kodak_160_+_iii.lrtemplate (0.00s)
    --- PASS: TestRoundTrip_lrtemplate_XMP_lrtemplate/04._E_-_Kodak_Portra_+_iiii.lrtemplate (0.00s)
    --- PASS: TestRoundTrip_lrtemplate_XMP_lrtemplate/00._E_-_o_.lrtemplate (0.00s)
    --- PASS: TestRoundTrip_lrtemplate_XMP_lrtemplate/46._E_-_Kodak_E64_+_i.lrtemplate (0.00s)
    --- PASS: TestRoundTrip_lrtemplate_XMP_lrtemplate/00._E_-_grain_x.lrtemplate (0.00s)
    --- PASS: TestRoundTrip_lrtemplate_XMP_lrtemplate/03._E_-_Kodak_Portra_+_iii.lrtemplate (0.00s)
    --- PASS: TestRoundTrip_lrtemplate_XMP_lrtemplate/45._E_-_Kodak_Echrome_+_punch.lrtemplate (0.00s)
    --- PASS: TestRoundTrip_lrtemplate_XMP_lrtemplate/07._E_-_Kodak_Portra_+_cool.lrtemplate (0.00s)
    --- PASS: TestRoundTrip_lrtemplate_XMP_lrtemplate/30._E_-_Kodak_800_+_iii.lrtemplate (0.00s)
    --- PASS: TestRoundTrip_lrtemplate_XMP_lrtemplate/00._E_-_auto_wb.lrtemplate (0.00s)
    --- PASS: TestRoundTrip_lrtemplate_XMP_lrtemplate/o_-_16._DETAIL_-_High.lrtemplate (0.00s)
    --- PASS: TestRoundTrip_lrtemplate_XMP_lrtemplate/02._E_-_Kodak_Portra_+_ii.lrtemplate (0.00s)
    --- PASS: TestRoundTrip_lrtemplate_XMP_lrtemplate/92._E_-_Kodak_Elite_+_ii.lrtemplate (0.00s)
    --- PASS: TestRoundTrip_lrtemplate_XMP_lrtemplate/81._E_-_Kodak_Gold_+_punch.lrtemplate (0.00s)
    --- PASS: TestRoundTrip_lrtemplate_XMP_lrtemplate/o_-_04._EXPOSURE__-_2.lrtemplate (0.00s)
    --- PASS: TestRoundTrip_lrtemplate_XMP_lrtemplate/44._E_-_Kodak_Echrome_+_warm.lrtemplate (0.00s)
    --- PASS: TestRoundTrip_lrtemplate_XMP_lrtemplate/o_-_01._Lens_on.lrtemplate (0.00s)
    --- PASS: TestRoundTrip_lrtemplate_XMP_lrtemplate/o_-_15._DETAIL_-_Mid.lrtemplate (0.00s)
    --- PASS: TestRoundTrip_lrtemplate_XMP_lrtemplate/o_-_05._EXPOSURE__-_1.lrtemplate (0.00s)
    --- PASS: TestRoundTrip_lrtemplate_XMP_lrtemplate/o_-_00_-_o.lrtemplate (0.00s)
    --- PASS: TestRoundTrip_lrtemplate_XMP_lrtemplate/o_-_02._Lens_off.lrtemplate (0.00s)
    --- PASS: TestRoundTrip_lrtemplate_XMP_lrtemplate/01._E_-_Kodak_Portra_+_i.lrtemplate (0.00s)
    --- PASS: TestRoundTrip_lrtemplate_XMP_lrtemplate/17._E_-_Fuji_Velvia_+_warm.lrtemplate (0.00s)
    --- PASS: TestRoundTrip_lrtemplate_XMP_lrtemplate/05._E_-_Kodak_Portra_+_iiiii.lrtemplate (0.00s)
    --- PASS: TestRoundTrip_lrtemplate_XMP_lrtemplate/78._E_-_Kodak_Gold_+_fade.lrtemplate (0.00s)
    --- PASS: TestRoundTrip_lrtemplate_XMP_lrtemplate/31._E_-_Kodak_800_+_iiii.lrtemplate (0.00s)
    --- PASS: TestRoundTrip_lrtemplate_XMP_lrtemplate/79._E_-_Kodak_Gold_+_cool.lrtemplate (0.00s)
    --- PASS: TestRoundTrip_lrtemplate_XMP_lrtemplate/o_-_03_-_o.lrtemplate (0.00s)
    --- PASS: TestRoundTrip_lrtemplate_XMP_lrtemplate/42._E_-_Kodak_Echrome_+_fade.lrtemplate (0.00s)
    --- PASS: TestRoundTrip_lrtemplate_XMP_lrtemplate/99._E_-_Kodak_Elite_+_punch.lrtemplate (0.00s)
    --- PASS: TestRoundTrip_lrtemplate_XMP_lrtemplate/80._E_-_Kodak_Gold_+_warm.lrtemplate (0.00s)
    --- PASS: TestRoundTrip_lrtemplate_XMP_lrtemplate/77._E_-_Kodak_Gold_+_iiiii.lrtemplate (0.00s)
    --- PASS: TestRoundTrip_lrtemplate_XMP_lrtemplate/75._E_-_Kodak_Gold_+_iii.lrtemplate (0.00s)
    --- PASS: TestRoundTrip_lrtemplate_XMP_lrtemplate/96._E_-_Kodak_Elite_+_fade.lrtemplate (0.00s)
    --- PASS: TestRoundTrip_lrtemplate_XMP_lrtemplate/76._E_-_Kodak_Gold_+_iiii.lrtemplate (0.00s)
    --- PASS: TestRoundTrip_lrtemplate_XMP_lrtemplate/73._E_-_Kodak_Gold_+_i.lrtemplate (0.00s)
    --- PASS: TestRoundTrip_lrtemplate_XMP_lrtemplate/o_-_14._DETAIL_-_Low.lrtemplate (0.00s)
    --- PASS: TestRoundTrip_lrtemplate_XMP_lrtemplate/72._E_-_Kodak_E200_+_punch.lrtemplate (0.00s)
    --- PASS: TestRoundTrip_lrtemplate_XMP_lrtemplate/o_-_10._CONTRAST_-_Low.lrtemplate (0.00s)
    --- PASS: TestRoundTrip_lrtemplate_XMP_lrtemplate/o_-_09_-_o.lrtemplate (0.00s)
    --- PASS: TestRoundTrip_lrtemplate_XMP_lrtemplate/64._E_-_Kodak_E200_+_i.lrtemplate (0.00s)
    --- PASS: TestRoundTrip_lrtemplate_XMP_lrtemplate/74._E_-_Kodak_Gold_+_ii.lrtemplate (0.00s)
    --- PASS: TestRoundTrip_lrtemplate_XMP_lrtemplate/32._E_-_Kodak_800_+_iiiii.lrtemplate (0.00s)
    --- PASS: TestRoundTrip_lrtemplate_XMP_lrtemplate/o_-_12._CONTRAST_-_High.lrtemplate (0.00s)
    --- PASS: TestRoundTrip_lrtemplate_XMP_lrtemplate/95._E_-_Kodak_Elite_+_iiiii.lrtemplate (0.00s)
    --- PASS: TestRoundTrip_lrtemplate_XMP_lrtemplate/43._E_-_Kodak_Echrome_+_cool.lrtemplate (0.00s)
    --- PASS: TestRoundTrip_lrtemplate_XMP_lrtemplate/91._E_-_Fuji_800_+_i.lrtemplate (0.00s)
    --- PASS: TestRoundTrip_lrtemplate_XMP_lrtemplate/97._E_-_Kodak_Elite_+_cool.lrtemplate (0.00s)
    --- PASS: TestRoundTrip_lrtemplate_XMP_lrtemplate/o_-_08._EXPOSURE_+_2.lrtemplate (0.00s)
    --- PASS: TestRoundTrip_lrtemplate_XMP_lrtemplate/66._E_-_Kodak_E200_+_iii.lrtemplate (0.00s)
    --- PASS: TestRoundTrip_lrtemplate_XMP_lrtemplate/93._E_-_Kodak_Elite_+_iii.lrtemplate (0.00s)
    --- PASS: TestRoundTrip_lrtemplate_XMP_lrtemplate/o_-_07._EXPOSURE_+_1.lrtemplate (0.00s)
    --- PASS: TestRoundTrip_lrtemplate_XMP_lrtemplate/62._E_-_Kodak_E100_+_warm.lrtemplate (0.00s)
    --- PASS: TestRoundTrip_lrtemplate_XMP_lrtemplate/01._E_-_Fuji_160_+_i.lrtemplate (0.00s)
    --- PASS: TestRoundTrip_lrtemplate_XMP_lrtemplate/16._E_-_Fuji_Velvia_+_cool.lrtemplate (0.00s)
    --- PASS: TestRoundTrip_lrtemplate_XMP_lrtemplate/67._E_-_Kodak_E200_+_iiii.lrtemplate (0.00s)
    --- PASS: TestRoundTrip_lrtemplate_XMP_lrtemplate/12._E_-_Fuji_Velvia_+_iii.lrtemplate (0.00s)
    --- PASS: TestRoundTrip_lrtemplate_XMP_lrtemplate/15._E_-_Fuji_Velvia_+_fade.lrtemplate (0.00s)
    --- PASS: TestRoundTrip_lrtemplate_XMP_lrtemplate/14._E_-_Fuji_Velvia_+_iiiii.lrtemplate (0.00s)
    --- PASS: TestRoundTrip_lrtemplate_XMP_lrtemplate/94._E_-_Kodak_Elite_+_iiii.lrtemplate (0.00s)
    --- PASS: TestRoundTrip_lrtemplate_XMP_lrtemplate/23._E_-_Kodak_400_+_iiiii.lrtemplate (0.00s)
    --- PASS: TestRoundTrip_lrtemplate_XMP_lrtemplate/o_-_13_-_o.lrtemplate (0.00s)
    --- PASS: TestRoundTrip_lrtemplate_XMP_lrtemplate/63._E_-_Kodak_E100_+_punch.lrtemplate (0.00s)
    --- PASS: TestRoundTrip_lrtemplate_XMP_lrtemplate/13._E_-_Fuji_Velvia_+_iiii.lrtemplate (0.00s)
    --- PASS: TestRoundTrip_lrtemplate_XMP_lrtemplate/26._E_-_Kodak_400_+_warm.lrtemplate (0.00s)
    --- PASS: TestRoundTrip_lrtemplate_XMP_lrtemplate/27._E_-_Kodak_400_+_punch.lrtemplate (0.00s)
    --- PASS: TestRoundTrip_lrtemplate_XMP_lrtemplate/o_-_19._SHARPEN_-_Mid.lrtemplate (0.00s)
    --- PASS: TestRoundTrip_lrtemplate_XMP_lrtemplate/07._E_-_Fuji_160_+_cool.lrtemplate (0.00s)
    --- PASS: TestRoundTrip_lrtemplate_XMP_lrtemplate/o_-_06._EXPOSURE__0.lrtemplate (0.00s)
    --- PASS: TestRoundTrip_lrtemplate_XMP_lrtemplate/00._E_-_o__.lrtemplate (0.00s)
    --- PASS: TestRoundTrip_lrtemplate_XMP_lrtemplate/10._E_-_Fuji_Velvia_+_i.lrtemplate (0.00s)
    --- PASS: TestRoundTrip_lrtemplate_XMP_lrtemplate/24._E_-_Kodak_400_+_fade.lrtemplate (0.00s)
    --- PASS: TestRoundTrip_lrtemplate_XMP_lrtemplate/o_-_18._SHARPEN_-_Low.lrtemplate (0.00s)
    --- PASS: TestRoundTrip_lrtemplate_XMP_lrtemplate/o_-_43._LIGHTING_-_As_Shot.lrtemplate (0.00s)
    --- PASS: TestRoundTrip_lrtemplate_XMP_lrtemplate/11._E_-_Fuji_Velvia_+_ii.lrtemplate (0.00s)
    --- PASS: TestRoundTrip_lrtemplate_XMP_lrtemplate/o_-_44._LIGHTING_-_Flash.lrtemplate (0.00s)
    --- PASS: TestRoundTrip_lrtemplate_XMP_lrtemplate/06._E_-_Fuji_160_+_fade.lrtemplate (0.00s)
    --- PASS: TestRoundTrip_lrtemplate_XMP_lrtemplate/o_-_42._LIGHTING_-_Auto_Set.lrtemplate (0.00s)
    --- PASS: TestRoundTrip_lrtemplate_XMP_lrtemplate/o_-_47._LIGHTING_-_Daylight.lrtemplate (0.00s)
    --- PASS: TestRoundTrip_lrtemplate_XMP_lrtemplate/25._E_-_Kodak_400_+_cool.lrtemplate (0.00s)
    --- PASS: TestRoundTrip_lrtemplate_XMP_lrtemplate/08._E_-_Fuji_160_+_warm.lrtemplate (0.00s)
    --- PASS: TestRoundTrip_lrtemplate_XMP_lrtemplate/00._E_-_auto_tone__.lrtemplate (0.00s)
    --- PASS: TestRoundTrip_lrtemplate_XMP_lrtemplate/04._E_-_Fuji_160_+_iiii.lrtemplate (0.00s)
    --- PASS: TestRoundTrip_lrtemplate_XMP_lrtemplate/00._E_-_auto_wb__.lrtemplate (0.00s)
    --- PASS: TestRoundTrip_lrtemplate_XMP_lrtemplate/o_-_50_-_o.lrtemplate (0.00s)
    --- PASS: TestRoundTrip_lrtemplate_XMP_lrtemplate/03._E_-_Fuji_160_+_iii.lrtemplate (0.00s)
    --- PASS: TestRoundTrip_lrtemplate_XMP_lrtemplate/o_-_23._VIBRANCE__-_Mid.lrtemplate (0.00s)
    --- PASS: TestRoundTrip_lrtemplate_XMP_lrtemplate/o_-_20._SHARPEN_-_High.lrtemplate (0.00s)
    --- PASS: TestRoundTrip_lrtemplate_XMP_lrtemplate/o_-_11._CONTRAST_-_Mid.lrtemplate (0.00s)
    --- PASS: TestRoundTrip_lrtemplate_XMP_lrtemplate/o_-_41_-_o.lrtemplate (0.00s)
    --- PASS: TestRoundTrip_lrtemplate_XMP_lrtemplate/o_-_46._LIGHTING_-_Cloudy.lrtemplate (0.00s)
    --- PASS: TestRoundTrip_lrtemplate_XMP_lrtemplate/o_-_48._LIGHTING_-_Tungsten.lrtemplate (0.00s)
    --- PASS: TestRoundTrip_lrtemplate_XMP_lrtemplate/o_-_45._LIGHTING_-_Shade.lrtemplate (0.00s)
    --- PASS: TestRoundTrip_lrtemplate_XMP_lrtemplate/00._E_-_grain_x_.lrtemplate (0.00s)
    --- PASS: TestRoundTrip_lrtemplate_XMP_lrtemplate/02._E_-_Fuji_160_+_ii.lrtemplate (0.00s)
    --- PASS: TestRoundTrip_lrtemplate_XMP_lrtemplate/09._E_-_Fuji_160_+_punch.lrtemplate (0.00s)
    --- PASS: TestRoundTrip_lrtemplate_XMP_lrtemplate/71._E_-_Kodak_E200_+_warm.lrtemplate (0.00s)
    --- PASS: TestRoundTrip_lrtemplate_XMP_lrtemplate/21._E_-_Kodak_400_+_iii.lrtemplate (0.00s)
    --- PASS: TestRoundTrip_lrtemplate_XMP_lrtemplate/22._E_-_Kodak_400_+_iiii.lrtemplate (0.00s)
    --- PASS: TestRoundTrip_lrtemplate_XMP_lrtemplate/29._E_-_Kodak_800_+_ii.lrtemplate (0.00s)
    --- PASS: TestRoundTrip_lrtemplate_XMP_lrtemplate/05._E_-_Fuji_160_+_iiiii.lrtemplate (0.00s)
    --- PASS: TestRoundTrip_lrtemplate_XMP_lrtemplate/20._E_-_Kodak_400_+_ii.lrtemplate (0.00s)
    --- PASS: TestRoundTrip_lrtemplate_XMP_lrtemplate/70._E_-_Kodak_E200_+_cool.lrtemplate (0.00s)
    --- PASS: TestRoundTrip_lrtemplate_XMP_lrtemplate/69._E_-_Kodak_E200_+_fade.lrtemplate (0.00s)
    --- PASS: TestRoundTrip_lrtemplate_XMP_lrtemplate/o_-_49._LIGHTING_-_Fluorescent.lrtemplate (0.00s)
    --- PASS: TestRoundTrip_lrtemplate_XMP_lrtemplate/19._E_-_Kodak_400_+_i.lrtemplate (0.00s)
    --- PASS: TestRoundTrip_lrtemplate_XMP_lrtemplate/18._E_-_Kodak_160_+_punch.lrtemplate (0.00s)
    --- PASS: TestRoundTrip_lrtemplate_XMP_lrtemplate/68._E_-_Kodak_E200_+_iiiii.lrtemplate (0.00s)
    --- PASS: TestRoundTrip_lrtemplate_XMP_lrtemplate/65._E_-_Kodak_E200_+_ii.lrtemplate (0.00s)
    --- PASS: TestRoundTrip_lrtemplate_XMP_lrtemplate/83._E_-_Fuji_400_+_ii.lrtemplate (0.00s)
    --- PASS: TestRoundTrip_lrtemplate_XMP_lrtemplate/28._E_-_Kodak_800_+_i.lrtemplate (0.00s)
=== RUN   TestRoundTrip_XMP_NP3_XMP/KDK_-_Portra_400_-_warm.xmp#01
=== PAUSE TestRoundTrip_XMP_NP3_XMP/KDK_-_Portra_400_-_warm.xmp#01
=== RUN   TestRoundTrip_XMP_lrtemplate_XMP/LIGHTING_-_Fluorescent.xmp#02
=== RUN   TestRoundTrip_XMP_NP3_XMP/KDK_-_Portra_400.xmp#01
=== PAUSE TestRoundTrip_XMP_lrtemplate_XMP/LIGHTING_-_Fluorescent.xmp#02
=== PAUSE TestRoundTrip_XMP_NP3_XMP/KDK_-_Portra_400.xmp#01
=== RUN   TestRoundTrip_XMP_NP3_XMP/KDK_-_Portra_800_++++.xmp#01
=== PAUSE TestRoundTrip_XMP_NP3_XMP/KDK_-_Portra_800_++++.xmp#01
=== RUN   TestRoundTrip_XMP_lrtemplate_XMP/LIGHTING_-_Shade.xmp#02
=== RUN   TestRoundTrip_XMP_NP3_XMP/KDK_-_Portra_800_+++.xmp#01
=== PAUSE TestRoundTrip_XMP_lrtemplate_XMP/LIGHTING_-_Shade.xmp#02
=== PAUSE TestRoundTrip_XMP_NP3_XMP/KDK_-_Portra_800_+++.xmp#01
=== RUN   TestRoundTrip_XMP_lrtemplate_XMP/LIGHTING_-_Tungsten.xmp#02
=== RUN   TestRoundTrip_XMP_NP3_XMP/KDK_-_Portra_800_++.xmp#01
=== PAUSE TestRoundTrip_XMP_NP3_XMP/KDK_-_Portra_800_++.xmp#01
=== PAUSE TestRoundTrip_XMP_lrtemplate_XMP/LIGHTING_-_Tungsten.xmp#02
=== RUN   TestRoundTrip_XMP_NP3_XMP/KDK_-_Portra_800_+.xmp#01
=== RUN   TestRoundTrip_XMP_lrtemplate_XMP/Lens_off.xmp#02
=== PAUSE TestRoundTrip_XMP_lrtemplate_XMP/Lens_off.xmp#02
=== PAUSE TestRoundTrip_XMP_NP3_XMP/KDK_-_Portra_800_+.xmp#01
=== RUN   TestRoundTrip_XMP_lrtemplate_XMP/Lens_on.xmp#02
=== RUN   TestRoundTrip_XMP_NP3_XMP/KDK_-_Portra_800_-_boost.xmp#01
=== PAUSE TestRoundTrip_XMP_NP3_XMP/KDK_-_Portra_800_-_boost.xmp#01
=== PAUSE TestRoundTrip_XMP_lrtemplate_XMP/Lens_on.xmp#02
=== RUN   TestRoundTrip_XMP_NP3_XMP/KDK_-_Portra_800_-_cool.xmp#01
=== RUN   TestRoundTrip_XMP_lrtemplate_XMP/SHARPEN_-_High.xmp#02
=== PAUSE TestRoundTrip_XMP_lrtemplate_XMP/SHARPEN_-_High.xmp#02
=== PAUSE TestRoundTrip_XMP_NP3_XMP/KDK_-_Portra_800_-_cool.xmp#01
=== RUN   TestRoundTrip_XMP_lrtemplate_XMP/SHARPEN_-_Low.xmp#02
=== RUN   TestRoundTrip_XMP_NP3_XMP/KDK_-_Portra_800_-_film.xmp#01
=== PAUSE TestRoundTrip_XMP_lrtemplate_XMP/SHARPEN_-_Low.xmp#02
=== PAUSE TestRoundTrip_XMP_NP3_XMP/KDK_-_Portra_800_-_film.xmp#01
=== RUN   TestRoundTrip_XMP_lrtemplate_XMP/SHARPEN_-_Mid.xmp#02
=== RUN   TestRoundTrip_XMP_NP3_XMP/KDK_-_Portra_800_-_warm.xmp#01
=== PAUSE TestRoundTrip_XMP_lrtemplate_XMP/SHARPEN_-_Mid.xmp#02
=== PAUSE TestRoundTrip_XMP_NP3_XMP/KDK_-_Portra_800_-_warm.xmp#01
=== RUN   TestRoundTrip_XMP_lrtemplate_XMP/VIBRANCE__-_Low.xmp#02
=== PAUSE TestRoundTrip_XMP_lrtemplate_XMP/VIBRANCE__-_Low.xmp#02
=== RUN   TestRoundTrip_XMP_lrtemplate_XMP/VIBRANCE__-_Mid.xmp#02
=== RUN   TestRoundTrip_XMP_NP3_XMP/KDK_-_Portra_800.xmp#01
=== PAUSE TestRoundTrip_XMP_NP3_XMP/KDK_-_Portra_800.xmp#01
=== PAUSE TestRoundTrip_XMP_lrtemplate_XMP/VIBRANCE__-_Mid.xmp#02
=== RUN   TestRoundTrip_XMP_NP3_XMP/KDK_-_Portra.xmp#01
=== RUN   TestRoundTrip_XMP_lrtemplate_XMP/VIBRANCE_-__High.xmp#02
=== PAUSE TestRoundTrip_XMP_NP3_XMP/KDK_-_Portra.xmp#01
=== PAUSE TestRoundTrip_XMP_lrtemplate_XMP/VIBRANCE_-__High.xmp#02
=== RUN   TestRoundTrip_XMP_NP3_XMP/Kodachrome.xmp
=== RUN   TestRoundTrip_XMP_lrtemplate_XMP/auto_tone_.xmp
=== PAUSE TestRoundTrip_XMP_lrtemplate_XMP/auto_tone_.xmp
=== PAUSE TestRoundTrip_XMP_NP3_XMP/Kodachrome.xmp
=== RUN   TestRoundTrip_XMP_lrtemplate_XMP/auto_wb.xmp
=== PAUSE TestRoundTrip_XMP_lrtemplate_XMP/auto_wb.xmp
=== RUN   TestRoundTrip_XMP_NP3_XMP/LIGHTING_-_As_Shot.xmp#02
=== RUN   TestRoundTrip_XMP_lrtemplate_XMP/o_.xmp#01
=== PAUSE TestRoundTrip_XMP_lrtemplate_XMP/o_.xmp#01
=== PAUSE TestRoundTrip_XMP_NP3_XMP/LIGHTING_-_As_Shot.xmp#02
=== RUN   TestRoundTrip_XMP_lrtemplate_XMP/o.xmp#02
=== PAUSE TestRoundTrip_XMP_lrtemplate_XMP/o.xmp#02
=== RUN   TestRoundTrip_XMP_NP3_XMP/LIGHTING_-_Auto_Set.xmp#02
=== RUN   TestRoundTrip_XMP_lrtemplate_XMP/o_1.xmp#02
=== PAUSE TestRoundTrip_XMP_lrtemplate_XMP/o_1.xmp#02
=== PAUSE TestRoundTrip_XMP_NP3_XMP/LIGHTING_-_Auto_Set.xmp#02
=== RUN   TestRoundTrip_XMP_lrtemplate_XMP/o_2.xmp#02
=== RUN   TestRoundTrip_XMP_NP3_XMP/LIGHTING_-_Cloudy.xmp#02
=== PAUSE TestRoundTrip_XMP_lrtemplate_XMP/o_2.xmp#02
=== RUN   TestRoundTrip_XMP_lrtemplate_XMP/o_3.xmp#02
=== PAUSE TestRoundTrip_XMP_NP3_XMP/LIGHTING_-_Cloudy.xmp#02
=== PAUSE TestRoundTrip_XMP_lrtemplate_XMP/o_3.xmp#02
=== RUN   TestRoundTrip_XMP_NP3_XMP/LIGHTING_-_Daylight.xmp#02
=== RUN   TestRoundTrip_XMP_lrtemplate_XMP/o_4.xmp#02
=== PAUSE TestRoundTrip_XMP_NP3_XMP/LIGHTING_-_Daylight.xmp#02
=== RUN   TestRoundTrip_XMP_NP3_XMP/LIGHTING_-_Flash.xmp#02
=== PAUSE TestRoundTrip_XMP_lrtemplate_XMP/o_4.xmp#02
=== PAUSE TestRoundTrip_XMP_NP3_XMP/LIGHTING_-_Flash.xmp#02
=== RUN   TestRoundTrip_XMP_lrtemplate_XMP/o_5.xmp#02
=== RUN   TestRoundTrip_XMP_NP3_XMP/LIGHTING_-_Fluorescent.xmp#02
=== PAUSE TestRoundTrip_XMP_lrtemplate_XMP/o_5.xmp#02
=== PAUSE TestRoundTrip_XMP_NP3_XMP/LIGHTING_-_Fluorescent.xmp#02
=== RUN   TestRoundTrip_XMP_lrtemplate_XMP/o_6.xmp#02
=== RUN   TestRoundTrip_XMP_NP3_XMP/LIGHTING_-_Shade.xmp#02
=== PAUSE TestRoundTrip_XMP_lrtemplate_XMP/o_6.xmp#02
=== RUN   TestRoundTrip_XMP_lrtemplate_XMP/o_7.xmp#02
=== PAUSE TestRoundTrip_XMP_NP3_XMP/LIGHTING_-_Shade.xmp#02
=== PAUSE TestRoundTrip_XMP_lrtemplate_XMP/o_7.xmp#02
=== RUN   TestRoundTrip_XMP_NP3_XMP/LIGHTING_-_Tungsten.xmp#02
=== RUN   TestRoundTrip_XMP_lrtemplate_XMP/o_8.xmp#02
=== PAUSE TestRoundTrip_XMP_NP3_XMP/LIGHTING_-_Tungsten.xmp#02
=== RUN   TestRoundTrip_XMP_NP3_XMP/Lens_off.xmp#02
=== PAUSE TestRoundTrip_XMP_NP3_XMP/Lens_off.xmp#02
=== PAUSE TestRoundTrip_XMP_lrtemplate_XMP/o_8.xmp#02
=== RUN   TestRoundTrip_XMP_NP3_XMP/Lens_on.xmp#02
=== RUN   TestRoundTrip_XMP_lrtemplate_XMP/o_9.xmp#02
=== PAUSE TestRoundTrip_XMP_lrtemplate_XMP/o_9.xmp#02
=== PAUSE TestRoundTrip_XMP_NP3_XMP/Lens_on.xmp#02
=== RUN   TestRoundTrip_XMP_lrtemplate_XMP/COLOR_-_Lavender.xmp#03
=== PAUSE TestRoundTrip_XMP_lrtemplate_XMP/COLOR_-_Lavender.xmp#03
=== RUN   TestRoundTrip_XMP_lrtemplate_XMP/COLOR_-_Morning.xmp#03
=== RUN   TestRoundTrip_XMP_NP3_XMP/SHARPEN_-_High.xmp#02
=== PAUSE TestRoundTrip_XMP_lrtemplate_XMP/COLOR_-_Morning.xmp#03
=== RUN   TestRoundTrip_XMP_lrtemplate_XMP/COLOR_-_Neutral.xmp#03
=== PAUSE TestRoundTrip_XMP_NP3_XMP/SHARPEN_-_High.xmp#02
=== PAUSE TestRoundTrip_XMP_lrtemplate_XMP/COLOR_-_Neutral.xmp#03
=== RUN   TestRoundTrip_XMP_lrtemplate_XMP/COLOR_-_Pastel_Rouge.xmp#03
=== RUN   TestRoundTrip_XMP_NP3_XMP/SHARPEN_-_Low.xmp#02
=== PAUSE TestRoundTrip_XMP_NP3_XMP/SHARPEN_-_Low.xmp#02
=== PAUSE TestRoundTrip_XMP_lrtemplate_XMP/COLOR_-_Pastel_Rouge.xmp#03
=== RUN   TestRoundTrip_XMP_NP3_XMP/SHARPEN_-_Mid.xmp#02
=== PAUSE TestRoundTrip_XMP_NP3_XMP/SHARPEN_-_Mid.xmp#02
=== RUN   TestRoundTrip_XMP_lrtemplate_XMP/COLOR_-_Sea_Breeze.xmp#03
=== RUN   TestRoundTrip_XMP_NP3_XMP/VIBRANCE__-_Low.xmp#02
=== PAUSE TestRoundTrip_XMP_lrtemplate_XMP/COLOR_-_Sea_Breeze.xmp#03
=== RUN   TestRoundTrip_XMP_lrtemplate_XMP/COLOR_-_Spearmint.xmp#03
=== PAUSE TestRoundTrip_XMP_NP3_XMP/VIBRANCE__-_Low.xmp#02
=== PAUSE TestRoundTrip_XMP_lrtemplate_XMP/COLOR_-_Spearmint.xmp#03
=== RUN   TestRoundTrip_XMP_NP3_XMP/VIBRANCE__-_Mid.xmp#02
=== PAUSE TestRoundTrip_XMP_NP3_XMP/VIBRANCE__-_Mid.xmp#02
=== RUN   TestRoundTrip_XMP_lrtemplate_XMP/COLOR_-_Warm_Light.xmp#03
=== PAUSE TestRoundTrip_XMP_lrtemplate_XMP/COLOR_-_Warm_Light.xmp#03
=== RUN   TestRoundTrip_XMP_NP3_XMP/VIBRANCE_-__High.xmp#02
=== RUN   TestRoundTrip_XMP_lrtemplate_XMP/CONTRAST_-_High.xmp#03
=== PAUSE TestRoundTrip_XMP_NP3_XMP/VIBRANCE_-__High.xmp#02
=== PAUSE TestRoundTrip_XMP_lrtemplate_XMP/CONTRAST_-_High.xmp#03
=== RUN   TestRoundTrip_XMP_NP3_XMP/auto_tone_.xmp
=== PAUSE TestRoundTrip_XMP_NP3_XMP/auto_tone_.xmp
=== RUN   TestRoundTrip_XMP_NP3_XMP/auto_wb.xmp
=== PAUSE TestRoundTrip_XMP_NP3_XMP/auto_wb.xmp
=== RUN   TestRoundTrip_XMP_lrtemplate_XMP/CONTRAST_-_Low.xmp#03
=== RUN   TestRoundTrip_XMP_NP3_XMP/o_.xmp#01
=== PAUSE TestRoundTrip_XMP_lrtemplate_XMP/CONTRAST_-_Low.xmp#03
=== PAUSE TestRoundTrip_XMP_NP3_XMP/o_.xmp#01
=== RUN   TestRoundTrip_XMP_NP3_XMP/o.xmp#02
=== RUN   TestRoundTrip_XMP_lrtemplate_XMP/CONTRAST_-_Mid.xmp#03
=== PAUSE TestRoundTrip_XMP_NP3_XMP/o.xmp#02
=== PAUSE TestRoundTrip_XMP_lrtemplate_XMP/CONTRAST_-_Mid.xmp#03
=== RUN   TestRoundTrip_XMP_NP3_XMP/o_1.xmp#02
=== RUN   TestRoundTrip_XMP_lrtemplate_XMP/DETAIL_-_High.xmp#03
=== PAUSE TestRoundTrip_XMP_NP3_XMP/o_1.xmp#02
=== PAUSE TestRoundTrip_XMP_lrtemplate_XMP/DETAIL_-_High.xmp#03
=== RUN   TestRoundTrip_XMP_NP3_XMP/o_2.xmp#02
=== RUN   TestRoundTrip_XMP_lrtemplate_XMP/DETAIL_-_Low.xmp#03
=== PAUSE TestRoundTrip_XMP_NP3_XMP/o_2.xmp#02
=== PAUSE TestRoundTrip_XMP_lrtemplate_XMP/DETAIL_-_Low.xmp#03
=== RUN   TestRoundTrip_XMP_NP3_XMP/o_3.xmp#02
=== RUN   TestRoundTrip_XMP_lrtemplate_XMP/DETAIL_-_Mid.xmp#03
=== PAUSE TestRoundTrip_XMP_NP3_XMP/o_3.xmp#02
=== PAUSE TestRoundTrip_XMP_lrtemplate_XMP/DETAIL_-_Mid.xmp#03
=== RUN   TestRoundTrip_XMP_lrtemplate_XMP/EXPOSURE__-_1.xmp#03
=== PAUSE TestRoundTrip_XMP_lrtemplate_XMP/EXPOSURE__-_1.xmp#03
=== RUN   TestRoundTrip_XMP_lrtemplate_XMP/EXPOSURE__-_2.xmp#03
=== RUN   TestRoundTrip_XMP_NP3_XMP/o_4.xmp#02
=== PAUSE TestRoundTrip_XMP_NP3_XMP/o_4.xmp#02
=== PAUSE TestRoundTrip_XMP_lrtemplate_XMP/EXPOSURE__-_2.xmp#03
=== RUN   TestRoundTrip_XMP_NP3_XMP/o_5.xmp#02
=== RUN   TestRoundTrip_XMP_lrtemplate_XMP/EXPOSURE__0.xmp#03
=== PAUSE TestRoundTrip_XMP_NP3_XMP/o_5.xmp#02
=== PAUSE TestRoundTrip_XMP_lrtemplate_XMP/EXPOSURE__0.xmp#03
=== RUN   TestRoundTrip_XMP_lrtemplate_XMP/EXPOSURE_+_1.xmp#03
=== PAUSE TestRoundTrip_XMP_lrtemplate_XMP/EXPOSURE_+_1.xmp#03
=== RUN   TestRoundTrip_XMP_lrtemplate_XMP/EXPOSURE_+_2.xmp#03
=== RUN   TestRoundTrip_XMP_NP3_XMP/o_6.xmp#02
=== PAUSE TestRoundTrip_XMP_NP3_XMP/o_6.xmp#02
=== PAUSE TestRoundTrip_XMP_lrtemplate_XMP/EXPOSURE_+_2.xmp#03
=== RUN   TestRoundTrip_XMP_NP3_XMP/o_7.xmp#02
=== RUN   TestRoundTrip_XMP_lrtemplate_XMP/FINISH_-_Basic.xmp#03
=== PAUSE TestRoundTrip_XMP_lrtemplate_XMP/FINISH_-_Basic.xmp#03
=== PAUSE TestRoundTrip_XMP_NP3_XMP/o_7.xmp#02
=== RUN   TestRoundTrip_XMP_lrtemplate_XMP/FINISH_-_Bright.xmp#03
=== PAUSE TestRoundTrip_XMP_lrtemplate_XMP/FINISH_-_Bright.xmp#03
=== RUN   TestRoundTrip_XMP_lrtemplate_XMP/FINISH_-_Film.xmp#03
=== PAUSE TestRoundTrip_XMP_lrtemplate_XMP/FINISH_-_Film.xmp#03
=== RUN   TestRoundTrip_XMP_lrtemplate_XMP/FINISH_-_Retro.xmp#03
=== PAUSE TestRoundTrip_XMP_lrtemplate_XMP/FINISH_-_Retro.xmp#03
=== RUN   TestRoundTrip_XMP_NP3_XMP/o_8.xmp#02
=== PAUSE TestRoundTrip_XMP_NP3_XMP/o_8.xmp#02
=== RUN   TestRoundTrip_XMP_lrtemplate_XMP/FINISH_-_Strong.xmp#03
=== RUN   TestRoundTrip_XMP_NP3_XMP/o_9.xmp#02
=== PAUSE TestRoundTrip_XMP_lrtemplate_XMP/FINISH_-_Strong.xmp#03
=== PAUSE TestRoundTrip_XMP_NP3_XMP/o_9.xmp#02
=== RUN   TestRoundTrip_XMP_lrtemplate_XMP/FINISH_-_Vintage.xmp#03
=== PAUSE TestRoundTrip_XMP_lrtemplate_XMP/FINISH_-_Vintage.xmp#03
=== RUN   TestRoundTrip_XMP_NP3_XMP/COLOR_-_Lavender.xmp#03
=== PAUSE TestRoundTrip_XMP_NP3_XMP/COLOR_-_Lavender.xmp#03
=== RUN   TestRoundTrip_XMP_lrtemplate_XMP/FINISH_-_Washed.xmp#03
=== RUN   TestRoundTrip_XMP_NP3_XMP/COLOR_-_Morning.xmp#03
=== PAUSE TestRoundTrip_XMP_lrtemplate_XMP/FINISH_-_Washed.xmp#03
=== PAUSE TestRoundTrip_XMP_NP3_XMP/COLOR_-_Morning.xmp#03
=== RUN   TestRoundTrip_XMP_lrtemplate_XMP/LIGHTING_-_As_Shot.xmp#03
=== RUN   TestRoundTrip_XMP_NP3_XMP/COLOR_-_Neutral.xmp#03
=== PAUSE TestRoundTrip_XMP_NP3_XMP/COLOR_-_Neutral.xmp#03
=== PAUSE TestRoundTrip_XMP_lrtemplate_XMP/LIGHTING_-_As_Shot.xmp#03
=== RUN   TestRoundTrip_XMP_NP3_XMP/COLOR_-_Pastel_Rouge.xmp#03
=== RUN   TestRoundTrip_XMP_lrtemplate_XMP/LIGHTING_-_Auto_Set.xmp#03
=== PAUSE TestRoundTrip_XMP_NP3_XMP/COLOR_-_Pastel_Rouge.xmp#03
=== PAUSE TestRoundTrip_XMP_lrtemplate_XMP/LIGHTING_-_Auto_Set.xmp#03
=== RUN   TestRoundTrip_XMP_NP3_XMP/COLOR_-_Sea_Breeze.xmp#03
=== RUN   TestRoundTrip_XMP_lrtemplate_XMP/LIGHTING_-_Cloudy.xmp#03
=== PAUSE TestRoundTrip_XMP_lrtemplate_XMP/LIGHTING_-_Cloudy.xmp#03
=== RUN   TestRoundTrip_XMP_lrtemplate_XMP/LIGHTING_-_Daylight.xmp#03
=== PAUSE TestRoundTrip_XMP_lrtemplate_XMP/LIGHTING_-_Daylight.xmp#03
=== PAUSE TestRoundTrip_XMP_NP3_XMP/COLOR_-_Sea_Breeze.xmp#03
=== RUN   TestRoundTrip_XMP_NP3_XMP/COLOR_-_Spearmint.xmp#03
=== PAUSE TestRoundTrip_XMP_NP3_XMP/COLOR_-_Spearmint.xmp#03
=== RUN   TestRoundTrip_XMP_lrtemplate_XMP/LIGHTING_-_Flash.xmp#03
=== RUN   TestRoundTrip_XMP_NP3_XMP/COLOR_-_Warm_Light.xmp#03
=== PAUSE TestRoundTrip_XMP_NP3_XMP/COLOR_-_Warm_Light.xmp#03
=== PAUSE TestRoundTrip_XMP_lrtemplate_XMP/LIGHTING_-_Flash.xmp#03
=== RUN   TestRoundTrip_XMP_NP3_XMP/CONTRAST_-_High.xmp#03
=== PAUSE TestRoundTrip_XMP_NP3_XMP/CONTRAST_-_High.xmp#03
=== RUN   TestRoundTrip_XMP_lrtemplate_XMP/LIGHTING_-_Fluorescent.xmp#03
=== PAUSE TestRoundTrip_XMP_lrtemplate_XMP/LIGHTING_-_Fluorescent.xmp#03
=== RUN   TestRoundTrip_XMP_lrtemplate_XMP/LIGHTING_-_Shade.xmp#03
=== RUN   TestRoundTrip_XMP_NP3_XMP/CONTRAST_-_Low.xmp#03
=== PAUSE TestRoundTrip_XMP_lrtemplate_XMP/LIGHTING_-_Shade.xmp#03
=== PAUSE TestRoundTrip_XMP_NP3_XMP/CONTRAST_-_Low.xmp#03
=== RUN   TestRoundTrip_XMP_lrtemplate_XMP/LIGHTING_-_Tungsten.xmp#03
=== RUN   TestRoundTrip_XMP_NP3_XMP/CONTRAST_-_Mid.xmp#03
=== PAUSE TestRoundTrip_XMP_NP3_XMP/CONTRAST_-_Mid.xmp#03
=== RUN   TestRoundTrip_XMP_NP3_XMP/DETAIL_-_High.xmp#03
=== PAUSE TestRoundTrip_XMP_NP3_XMP/DETAIL_-_High.xmp#03
=== PAUSE TestRoundTrip_XMP_lrtemplate_XMP/LIGHTING_-_Tungsten.xmp#03
=== RUN   TestRoundTrip_XMP_lrtemplate_XMP/Lens_off.xmp#03
=== PAUSE TestRoundTrip_XMP_lrtemplate_XMP/Lens_off.xmp#03
=== RUN   TestRoundTrip_XMP_NP3_XMP/DETAIL_-_Low.xmp#03
=== RUN   TestRoundTrip_XMP_lrtemplate_XMP/Lens_on.xmp#03
=== PAUSE TestRoundTrip_XMP_lrtemplate_XMP/Lens_on.xmp#03
=== PAUSE TestRoundTrip_XMP_NP3_XMP/DETAIL_-_Low.xmp#03
=== RUN   TestRoundTrip_XMP_lrtemplate_XMP/POL_-_Cinematic_++++.xmp#01
=== RUN   TestRoundTrip_XMP_NP3_XMP/DETAIL_-_Mid.xmp#03
=== PAUSE TestRoundTrip_XMP_NP3_XMP/DETAIL_-_Mid.xmp#03
=== PAUSE TestRoundTrip_XMP_lrtemplate_XMP/POL_-_Cinematic_++++.xmp#01
=== RUN   TestRoundTrip_XMP_NP3_XMP/EXPOSURE__-_1.xmp#03
=== PAUSE TestRoundTrip_XMP_NP3_XMP/EXPOSURE__-_1.xmp#03
=== RUN   TestRoundTrip_XMP_lrtemplate_XMP/POL_-_Cinematic_+++.xmp#01
=== PAUSE TestRoundTrip_XMP_lrtemplate_XMP/POL_-_Cinematic_+++.xmp#01
=== RUN   TestRoundTrip_XMP_NP3_XMP/EXPOSURE__-_2.xmp#03
=== RUN   TestRoundTrip_XMP_lrtemplate_XMP/POL_-_Cinematic_++.xmp#01
=== PAUSE TestRoundTrip_XMP_NP3_XMP/EXPOSURE__-_2.xmp#03
=== RUN   TestRoundTrip_XMP_NP3_XMP/EXPOSURE__0.xmp#03
=== PAUSE TestRoundTrip_XMP_lrtemplate_XMP/POL_-_Cinematic_++.xmp#01
=== PAUSE TestRoundTrip_XMP_NP3_XMP/EXPOSURE__0.xmp#03
=== RUN   TestRoundTrip_XMP_lrtemplate_XMP/POL_-_Cinematic_+.xmp#01
=== RUN   TestRoundTrip_XMP_NP3_XMP/EXPOSURE_+_1.xmp#03
=== PAUSE TestRoundTrip_XMP_NP3_XMP/EXPOSURE_+_1.xmp#03
=== PAUSE TestRoundTrip_XMP_lrtemplate_XMP/POL_-_Cinematic_+.xmp#01
=== RUN   TestRoundTrip_XMP_NP3_XMP/EXPOSURE_+_2.xmp#03
=== RUN   TestRoundTrip_XMP_lrtemplate_XMP/POL_-_Cinematic_-_boost.xmp#01
=== PAUSE TestRoundTrip_XMP_NP3_XMP/EXPOSURE_+_2.xmp#03
=== RUN   TestRoundTrip_XMP_NP3_XMP/FINISH_-_Basic.xmp#03
=== PAUSE TestRoundTrip_XMP_lrtemplate_XMP/POL_-_Cinematic_-_boost.xmp#01
=== PAUSE TestRoundTrip_XMP_NP3_XMP/FINISH_-_Basic.xmp#03
=== RUN   TestRoundTrip_XMP_lrtemplate_XMP/POL_-_Cinematic_-_cool.xmp#01
=== RUN   TestRoundTrip_XMP_NP3_XMP/FINISH_-_Bright.xmp#03
=== PAUSE TestRoundTrip_XMP_NP3_XMP/FINISH_-_Bright.xmp#03
=== PAUSE TestRoundTrip_XMP_lrtemplate_XMP/POL_-_Cinematic_-_cool.xmp#01
=== RUN   TestRoundTrip_XMP_NP3_XMP/FINISH_-_Film.xmp#03
=== RUN   TestRoundTrip_XMP_lrtemplate_XMP/POL_-_Cinematic_-_film.xmp#01
=== PAUSE TestRoundTrip_XMP_NP3_XMP/FINISH_-_Film.xmp#03
=== RUN   TestRoundTrip_XMP_NP3_XMP/FINISH_-_Retro.xmp#03
=== PAUSE TestRoundTrip_XMP_lrtemplate_XMP/POL_-_Cinematic_-_film.xmp#01
=== PAUSE TestRoundTrip_XMP_NP3_XMP/FINISH_-_Retro.xmp#03
=== RUN   TestRoundTrip_XMP_lrtemplate_XMP/POL_-_Cinematic_-_warm.xmp#01
=== RUN   TestRoundTrip_XMP_NP3_XMP/FINISH_-_Strong.xmp#03
=== PAUSE TestRoundTrip_XMP_NP3_XMP/FINISH_-_Strong.xmp#03
=== PAUSE TestRoundTrip_XMP_lrtemplate_XMP/POL_-_Cinematic_-_warm.xmp#01
=== RUN   TestRoundTrip_XMP_NP3_XMP/FINISH_-_Vintage.xmp#03
=== RUN   TestRoundTrip_XMP_lrtemplate_XMP/POL_-_Cinematic.xmp#01
=== PAUSE TestRoundTrip_XMP_lrtemplate_XMP/POL_-_Cinematic.xmp#01
=== PAUSE TestRoundTrip_XMP_NP3_XMP/FINISH_-_Vintage.xmp#03
=== RUN   TestRoundTrip_XMP_lrtemplate_XMP/POL_-_Color_600_+++.xmp#01
=== RUN   TestRoundTrip_XMP_NP3_XMP/FINISH_-_Washed.xmp#03
=== PAUSE TestRoundTrip_XMP_lrtemplate_XMP/POL_-_Color_600_+++.xmp#01
=== RUN   TestRoundTrip_XMP_lrtemplate_XMP/POL_-_Color_600_++.xmp#01
=== PAUSE TestRoundTrip_XMP_NP3_XMP/FINISH_-_Washed.xmp#03
=== PAUSE TestRoundTrip_XMP_lrtemplate_XMP/POL_-_Color_600_++.xmp#01
=== RUN   TestRoundTrip_XMP_NP3_XMP/LIGHTING_-_As_Shot.xmp#03
=== RUN   TestRoundTrip_XMP_lrtemplate_XMP/POL_-_Color_600_+.xmp#01
=== PAUSE TestRoundTrip_XMP_lrtemplate_XMP/POL_-_Color_600_+.xmp#01
=== PAUSE TestRoundTrip_XMP_NP3_XMP/LIGHTING_-_As_Shot.xmp#03
=== RUN   TestRoundTrip_XMP_lrtemplate_XMP/POL_-_Color_600_-_boost.xmp#01
=== RUN   TestRoundTrip_XMP_NP3_XMP/LIGHTING_-_Auto_Set.xmp#03
=== PAUSE TestRoundTrip_XMP_lrtemplate_XMP/POL_-_Color_600_-_boost.xmp#01
=== RUN   TestRoundTrip_XMP_lrtemplate_XMP/POL_-_Color_600_-_cool.xmp#01
=== PAUSE TestRoundTrip_XMP_NP3_XMP/LIGHTING_-_Auto_Set.xmp#03
=== PAUSE TestRoundTrip_XMP_lrtemplate_XMP/POL_-_Color_600_-_cool.xmp#01
=== RUN   TestRoundTrip_XMP_lrtemplate_XMP/POL_-_Color_600_-_film.xmp#01
=== PAUSE TestRoundTrip_XMP_lrtemplate_XMP/POL_-_Color_600_-_film.xmp#01
=== RUN   TestRoundTrip_XMP_NP3_XMP/LIGHTING_-_Cloudy.xmp#03
=== RUN   TestRoundTrip_XMP_lrtemplate_XMP/POL_-_Color_600_-_warm.xmp#01
=== PAUSE TestRoundTrip_XMP_NP3_XMP/LIGHTING_-_Cloudy.xmp#03
=== PAUSE TestRoundTrip_XMP_lrtemplate_XMP/POL_-_Color_600_-_warm.xmp#01
=== RUN   TestRoundTrip_XMP_NP3_XMP/LIGHTING_-_Daylight.xmp#03
=== PAUSE TestRoundTrip_XMP_NP3_XMP/LIGHTING_-_Daylight.xmp#03
=== RUN   TestRoundTrip_XMP_NP3_XMP/LIGHTING_-_Flash.xmp#03
=== RUN   TestRoundTrip_XMP_lrtemplate_XMP/POL_-_Color_600.xmp#01
=== PAUSE TestRoundTrip_XMP_lrtemplate_XMP/POL_-_Color_600.xmp#01
=== PAUSE TestRoundTrip_XMP_NP3_XMP/LIGHTING_-_Flash.xmp#03
=== RUN   TestRoundTrip_XMP_lrtemplate_XMP/POL_-_Color_Instant_++++.xmp#01
=== RUN   TestRoundTrip_XMP_NP3_XMP/LIGHTING_-_Fluorescent.xmp#03
=== PAUSE TestRoundTrip_XMP_lrtemplate_XMP/POL_-_Color_Instant_++++.xmp#01
=== RUN   TestRoundTrip_XMP_lrtemplate_XMP/POL_-_Color_Instant_+++.xmp#01
=== PAUSE TestRoundTrip_XMP_lrtemplate_XMP/POL_-_Color_Instant_+++.xmp#01
=== PAUSE TestRoundTrip_XMP_NP3_XMP/LIGHTING_-_Fluorescent.xmp#03
=== RUN   TestRoundTrip_XMP_lrtemplate_XMP/POL_-_Color_Instant_++.xmp#01
=== RUN   TestRoundTrip_XMP_NP3_XMP/LIGHTING_-_Shade.xmp#03
=== PAUSE TestRoundTrip_XMP_lrtemplate_XMP/POL_-_Color_Instant_++.xmp#01
=== PAUSE TestRoundTrip_XMP_NP3_XMP/LIGHTING_-_Shade.xmp#03
=== RUN   TestRoundTrip_XMP_lrtemplate_XMP/POL_-_Color_Instant_+.xmp#01
=== PAUSE TestRoundTrip_XMP_lrtemplate_XMP/POL_-_Color_Instant_+.xmp#01
=== RUN   TestRoundTrip_XMP_NP3_XMP/LIGHTING_-_Tungsten.xmp#03
=== RUN   TestRoundTrip_XMP_lrtemplate_XMP/POL_-_Color_Instant_-_boost.xmp#01
=== PAUSE TestRoundTrip_XMP_lrtemplate_XMP/POL_-_Color_Instant_-_boost.xmp#01
=== PAUSE TestRoundTrip_XMP_NP3_XMP/LIGHTING_-_Tungsten.xmp#03
=== RUN   TestRoundTrip_XMP_lrtemplate_XMP/POL_-_Color_Instant_-_cool.xmp#01
=== RUN   TestRoundTrip_XMP_NP3_XMP/Lens_off.xmp#03
=== PAUSE TestRoundTrip_XMP_NP3_XMP/Lens_off.xmp#03
=== PAUSE TestRoundTrip_XMP_lrtemplate_XMP/POL_-_Color_Instant_-_cool.xmp#01
=== RUN   TestRoundTrip_XMP_NP3_XMP/Lens_on.xmp#03
=== RUN   TestRoundTrip_XMP_lrtemplate_XMP/POL_-_Color_Instant_-_film.xmp#01
=== PAUSE TestRoundTrip_XMP_NP3_XMP/Lens_on.xmp#03
=== PAUSE TestRoundTrip_XMP_lrtemplate_XMP/POL_-_Color_Instant_-_film.xmp#01
=== RUN   TestRoundTrip_XMP_NP3_XMP/POL_-_Cinematic_++++.xmp#01
=== RUN   TestRoundTrip_XMP_lrtemplate_XMP/POL_-_Color_Instant_-_warm.xmp#01
=== PAUSE TestRoundTrip_XMP_lrtemplate_XMP/POL_-_Color_Instant_-_warm.xmp#01
=== PAUSE TestRoundTrip_XMP_NP3_XMP/POL_-_Cinematic_++++.xmp#01
=== RUN   TestRoundTrip_XMP_NP3_XMP/POL_-_Cinematic_+++.xmp#01
=== PAUSE TestRoundTrip_XMP_NP3_XMP/POL_-_Cinematic_+++.xmp#01
=== RUN   TestRoundTrip_XMP_lrtemplate_XMP/POL_-_Color_Instant.xmp#01
=== RUN   TestRoundTrip_XMP_NP3_XMP/POL_-_Cinematic_++.xmp#01
=== PAUSE TestRoundTrip_XMP_NP3_XMP/POL_-_Cinematic_++.xmp#01
=== PAUSE TestRoundTrip_XMP_lrtemplate_XMP/POL_-_Color_Instant.xmp#01
=== RUN   TestRoundTrip_XMP_NP3_XMP/POL_-_Cinematic_+.xmp#01
=== PAUSE TestRoundTrip_XMP_NP3_XMP/POL_-_Cinematic_+.xmp#01
=== RUN   TestRoundTrip_XMP_lrtemplate_XMP/SHARPEN_-_High.xmp#03
=== RUN   TestRoundTrip_XMP_NP3_XMP/POL_-_Cinematic_-_boost.xmp#01
=== PAUSE TestRoundTrip_XMP_lrtemplate_XMP/SHARPEN_-_High.xmp#03
=== PAUSE TestRoundTrip_XMP_NP3_XMP/POL_-_Cinematic_-_boost.xmp#01
=== RUN   TestRoundTrip_XMP_lrtemplate_XMP/SHARPEN_-_Low.xmp#03
=== PAUSE TestRoundTrip_XMP_lrtemplate_XMP/SHARPEN_-_Low.xmp#03
=== RUN   TestRoundTrip_XMP_NP3_XMP/POL_-_Cinematic_-_cool.xmp#01
=== PAUSE TestRoundTrip_XMP_NP3_XMP/POL_-_Cinematic_-_cool.xmp#01
=== RUN   TestRoundTrip_XMP_lrtemplate_XMP/SHARPEN_-_Mid.xmp#03
=== RUN   TestRoundTrip_XMP_NP3_XMP/POL_-_Cinematic_-_film.xmp#01
=== PAUSE TestRoundTrip_XMP_lrtemplate_XMP/SHARPEN_-_Mid.xmp#03
=== PAUSE TestRoundTrip_XMP_NP3_XMP/POL_-_Cinematic_-_film.xmp#01
=== RUN   TestRoundTrip_XMP_NP3_XMP/POL_-_Cinematic_-_warm.xmp#01
=== PAUSE TestRoundTrip_XMP_NP3_XMP/POL_-_Cinematic_-_warm.xmp#01
=== RUN   TestRoundTrip_XMP_lrtemplate_XMP/VIBRANCE__-_Low.xmp#03
=== PAUSE TestRoundTrip_XMP_lrtemplate_XMP/VIBRANCE__-_Low.xmp#03
=== RUN   TestRoundTrip_XMP_NP3_XMP/POL_-_Cinematic.xmp#01
=== RUN   TestRoundTrip_XMP_lrtemplate_XMP/VIBRANCE__-_Mid.xmp#03
=== PAUSE TestRoundTrip_XMP_NP3_XMP/POL_-_Cinematic.xmp#01
=== PAUSE TestRoundTrip_XMP_lrtemplate_XMP/VIBRANCE__-_Mid.xmp#03
=== RUN   TestRoundTrip_XMP_NP3_XMP/POL_-_Color_600_+++.xmp#01
=== RUN   TestRoundTrip_XMP_lrtemplate_XMP/VIBRANCE_-__High.xmp#03
=== PAUSE TestRoundTrip_XMP_NP3_XMP/POL_-_Color_600_+++.xmp#01
=== PAUSE TestRoundTrip_XMP_lrtemplate_XMP/VIBRANCE_-__High.xmp#03
=== RUN   TestRoundTrip_XMP_NP3_XMP/POL_-_Color_600_++.xmp#01
=== RUN   TestRoundTrip_XMP_lrtemplate_XMP/auto_tone___.xmp#01
=== PAUSE TestRoundTrip_XMP_NP3_XMP/POL_-_Color_600_++.xmp#01
=== PAUSE TestRoundTrip_XMP_lrtemplate_XMP/auto_tone___.xmp#01
=== RUN   TestRoundTrip_XMP_NP3_XMP/POL_-_Color_600_+.xmp#01
=== RUN   TestRoundTrip_XMP_lrtemplate_XMP/auto_wb___.xmp#01
=== PAUSE TestRoundTrip_XMP_lrtemplate_XMP/auto_wb___.xmp#01
=== PAUSE TestRoundTrip_XMP_NP3_XMP/POL_-_Color_600_+.xmp#01
=== RUN   TestRoundTrip_XMP_lrtemplate_XMP/o_.xmp#02
=== PAUSE TestRoundTrip_XMP_lrtemplate_XMP/o_.xmp#02
=== RUN   TestRoundTrip_XMP_lrtemplate_XMP/o.xmp#03
=== RUN   TestRoundTrip_XMP_NP3_XMP/POL_-_Color_600_-_boost.xmp#01
=== PAUSE TestRoundTrip_XMP_lrtemplate_XMP/o.xmp#03
=== PAUSE TestRoundTrip_XMP_NP3_XMP/POL_-_Color_600_-_boost.xmp#01
=== RUN   TestRoundTrip_XMP_lrtemplate_XMP/o_1.xmp#03
=== PAUSE TestRoundTrip_XMP_lrtemplate_XMP/o_1.xmp#03
=== RUN   TestRoundTrip_XMP_NP3_XMP/POL_-_Color_600_-_cool.xmp#01
=== RUN   TestRoundTrip_XMP_lrtemplate_XMP/o_2.xmp#03
=== PAUSE TestRoundTrip_XMP_NP3_XMP/POL_-_Color_600_-_cool.xmp#01
=== RUN   TestRoundTrip_XMP_NP3_XMP/POL_-_Color_600_-_film.xmp#01
=== PAUSE TestRoundTrip_XMP_lrtemplate_XMP/o_2.xmp#03
=== PAUSE TestRoundTrip_XMP_NP3_XMP/POL_-_Color_600_-_film.xmp#01
=== RUN   TestRoundTrip_XMP_NP3_XMP/POL_-_Color_600_-_warm.xmp#01
=== RUN   TestRoundTrip_XMP_lrtemplate_XMP/o_3.xmp#03
=== PAUSE TestRoundTrip_XMP_NP3_XMP/POL_-_Color_600_-_warm.xmp#01
=== PAUSE TestRoundTrip_XMP_lrtemplate_XMP/o_3.xmp#03
=== RUN   TestRoundTrip_XMP_NP3_XMP/POL_-_Color_600.xmp#01
=== RUN   TestRoundTrip_XMP_lrtemplate_XMP/o_4.xmp#03
=== PAUSE TestRoundTrip_XMP_lrtemplate_XMP/o_4.xmp#03
=== PAUSE TestRoundTrip_XMP_NP3_XMP/POL_-_Color_600.xmp#01
=== RUN   TestRoundTrip_XMP_lrtemplate_XMP/o_5.xmp#03
=== RUN   TestRoundTrip_XMP_NP3_XMP/POL_-_Color_Instant_++++.xmp#01
=== PAUSE TestRoundTrip_XMP_NP3_XMP/POL_-_Color_Instant_++++.xmp#01
=== PAUSE TestRoundTrip_XMP_lrtemplate_XMP/o_5.xmp#03
=== RUN   TestRoundTrip_XMP_NP3_XMP/POL_-_Color_Instant_+++.xmp#01
=== PAUSE TestRoundTrip_XMP_NP3_XMP/POL_-_Color_Instant_+++.xmp#01
=== RUN   TestRoundTrip_XMP_lrtemplate_XMP/o_6.xmp#03
=== PAUSE TestRoundTrip_XMP_lrtemplate_XMP/o_6.xmp#03
=== RUN   TestRoundTrip_XMP_lrtemplate_XMP/o_7.xmp#03
=== RUN   TestRoundTrip_XMP_NP3_XMP/POL_-_Color_Instant_++.xmp#01
=== PAUSE TestRoundTrip_XMP_NP3_XMP/POL_-_Color_Instant_++.xmp#01
=== RUN   TestRoundTrip_XMP_NP3_XMP/POL_-_Color_Instant_+.xmp#01
=== PAUSE TestRoundTrip_XMP_lrtemplate_XMP/o_7.xmp#03
=== PAUSE TestRoundTrip_XMP_NP3_XMP/POL_-_Color_Instant_+.xmp#01
=== RUN   TestRoundTrip_XMP_NP3_XMP/POL_-_Color_Instant_-_boost.xmp#01
=== RUN   TestRoundTrip_XMP_lrtemplate_XMP/o_8.xmp#03
=== PAUSE TestRoundTrip_XMP_lrtemplate_XMP/o_8.xmp#03
=== PAUSE TestRoundTrip_XMP_NP3_XMP/POL_-_Color_Instant_-_boost.xmp#01
=== RUN   TestRoundTrip_XMP_lrtemplate_XMP/o_9.xmp#03
=== RUN   TestRoundTrip_XMP_NP3_XMP/POL_-_Color_Instant_-_cool.xmp#01
=== PAUSE TestRoundTrip_XMP_lrtemplate_XMP/o_9.xmp#03
=== PAUSE TestRoundTrip_XMP_NP3_XMP/POL_-_Color_Instant_-_cool.xmp#01
=== RUN   TestRoundTrip_XMP_lrtemplate_XMP/COLOR_-_Lavender.xmp#04
=== PAUSE TestRoundTrip_XMP_lrtemplate_XMP/COLOR_-_Lavender.xmp#04
=== RUN   TestRoundTrip_XMP_NP3_XMP/POL_-_Color_Instant_-_film.xmp#01
=== RUN   TestRoundTrip_XMP_lrtemplate_XMP/COLOR_-_Morning.xmp#04
=== PAUSE TestRoundTrip_XMP_NP3_XMP/POL_-_Color_Instant_-_film.xmp#01
=== PAUSE TestRoundTrip_XMP_lrtemplate_XMP/COLOR_-_Morning.xmp#04
=== RUN   TestRoundTrip_XMP_NP3_XMP/POL_-_Color_Instant_-_warm.xmp#01
=== PAUSE TestRoundTrip_XMP_NP3_XMP/POL_-_Color_Instant_-_warm.xmp#01
=== RUN   TestRoundTrip_XMP_lrtemplate_XMP/COLOR_-_Neutral.xmp#04
=== RUN   TestRoundTrip_XMP_NP3_XMP/POL_-_Color_Instant.xmp#01
=== PAUSE TestRoundTrip_XMP_NP3_XMP/POL_-_Color_Instant.xmp#01
=== PAUSE TestRoundTrip_XMP_lrtemplate_XMP/COLOR_-_Neutral.xmp#04
=== RUN   TestRoundTrip_XMP_NP3_XMP/SHARPEN_-_High.xmp#03
=== RUN   TestRoundTrip_XMP_lrtemplate_XMP/COLOR_-_Pastel_Rouge.xmp#04
=== PAUSE TestRoundTrip_XMP_NP3_XMP/SHARPEN_-_High.xmp#03
=== PAUSE TestRoundTrip_XMP_lrtemplate_XMP/COLOR_-_Pastel_Rouge.xmp#04
=== RUN   TestRoundTrip_XMP_lrtemplate_XMP/COLOR_-_Sea_Breeze.xmp#04
=== PAUSE TestRoundTrip_XMP_lrtemplate_XMP/COLOR_-_Sea_Breeze.xmp#04
=== RUN   TestRoundTrip_XMP_NP3_XMP/SHARPEN_-_Low.xmp#03
=== RUN   TestRoundTrip_XMP_lrtemplate_XMP/COLOR_-_Spearmint.xmp#04
=== PAUSE TestRoundTrip_XMP_NP3_XMP/SHARPEN_-_Low.xmp#03
=== PAUSE TestRoundTrip_XMP_lrtemplate_XMP/COLOR_-_Spearmint.xmp#04
=== RUN   TestRoundTrip_XMP_NP3_XMP/SHARPEN_-_Mid.xmp#03
=== PAUSE TestRoundTrip_XMP_NP3_XMP/SHARPEN_-_Mid.xmp#03
=== RUN   TestRoundTrip_XMP_lrtemplate_XMP/COLOR_-_Warm_Light.xmp#04
=== RUN   TestRoundTrip_XMP_NP3_XMP/VIBRANCE__-_Low.xmp#03
=== PAUSE TestRoundTrip_XMP_NP3_XMP/VIBRANCE__-_Low.xmp#03
=== PAUSE TestRoundTrip_XMP_lrtemplate_XMP/COLOR_-_Warm_Light.xmp#04
=== RUN   TestRoundTrip_XMP_NP3_XMP/VIBRANCE__-_Mid.xmp#03
=== RUN   TestRoundTrip_XMP_lrtemplate_XMP/CONTRAST_-_High.xmp#04
=== PAUSE TestRoundTrip_XMP_NP3_XMP/VIBRANCE__-_Mid.xmp#03
=== PAUSE TestRoundTrip_XMP_lrtemplate_XMP/CONTRAST_-_High.xmp#04
=== RUN   TestRoundTrip_XMP_NP3_XMP/VIBRANCE_-__High.xmp#03
=== RUN   TestRoundTrip_XMP_lrtemplate_XMP/CONTRAST_-_Low.xmp#04
=== PAUSE TestRoundTrip_XMP_NP3_XMP/VIBRANCE_-__High.xmp#03
=== PAUSE TestRoundTrip_XMP_lrtemplate_XMP/CONTRAST_-_Low.xmp#04
=== RUN   TestRoundTrip_XMP_lrtemplate_XMP/CONTRAST_-_Mid.xmp#04
=== PAUSE TestRoundTrip_XMP_lrtemplate_XMP/CONTRAST_-_Mid.xmp#04
=== RUN   TestRoundTrip_XMP_NP3_XMP/auto_tone___.xmp#01
=== RUN   TestRoundTrip_XMP_lrtemplate_XMP/DETAIL_-_High.xmp#04
=== PAUSE TestRoundTrip_XMP_NP3_XMP/auto_tone___.xmp#01
=== PAUSE TestRoundTrip_XMP_lrtemplate_XMP/DETAIL_-_High.xmp#04
=== RUN   TestRoundTrip_XMP_lrtemplate_XMP/DETAIL_-_Low.xmp#04
=== PAUSE TestRoundTrip_XMP_lrtemplate_XMP/DETAIL_-_Low.xmp#04
=== RUN   TestRoundTrip_XMP_lrtemplate_XMP/DETAIL_-_Mid.xmp#04
=== PAUSE TestRoundTrip_XMP_lrtemplate_XMP/DETAIL_-_Mid.xmp#04
=== RUN   TestRoundTrip_XMP_NP3_XMP/auto_wb___.xmp#01
=== PAUSE TestRoundTrip_XMP_NP3_XMP/auto_wb___.xmp#01
=== RUN   TestRoundTrip_XMP_lrtemplate_XMP/EXPOSURE__-_1.xmp#04
=== RUN   TestRoundTrip_XMP_NP3_XMP/o_.xmp#02
=== PAUSE TestRoundTrip_XMP_NP3_XMP/o_.xmp#02
=== PAUSE TestRoundTrip_XMP_lrtemplate_XMP/EXPOSURE__-_1.xmp#04
=== RUN   TestRoundTrip_XMP_lrtemplate_XMP/EXPOSURE__-_2.xmp#04
=== PAUSE TestRoundTrip_XMP_lrtemplate_XMP/EXPOSURE__-_2.xmp#04
=== RUN   TestRoundTrip_XMP_NP3_XMP/o.xmp#03
=== RUN   TestRoundTrip_XMP_lrtemplate_XMP/EXPOSURE__0.xmp#04
=== PAUSE TestRoundTrip_XMP_lrtemplate_XMP/EXPOSURE__0.xmp#04
=== PAUSE TestRoundTrip_XMP_NP3_XMP/o.xmp#03
=== RUN   TestRoundTrip_XMP_NP3_XMP/o_1.xmp#03
=== PAUSE TestRoundTrip_XMP_NP3_XMP/o_1.xmp#03
=== RUN   TestRoundTrip_XMP_NP3_XMP/o_2.xmp#03
=== RUN   TestRoundTrip_XMP_lrtemplate_XMP/EXPOSURE_+_1.xmp#04
=== PAUSE TestRoundTrip_XMP_lrtemplate_XMP/EXPOSURE_+_1.xmp#04
=== PAUSE TestRoundTrip_XMP_NP3_XMP/o_2.xmp#03
=== RUN   TestRoundTrip_XMP_lrtemplate_XMP/EXPOSURE_+_2.xmp#04
=== PAUSE TestRoundTrip_XMP_lrtemplate_XMP/EXPOSURE_+_2.xmp#04
=== RUN   TestRoundTrip_XMP_lrtemplate_XMP/FINISH_-_Basic.xmp#04
=== PAUSE TestRoundTrip_XMP_lrtemplate_XMP/FINISH_-_Basic.xmp#04
=== RUN   TestRoundTrip_XMP_NP3_XMP/o_3.xmp#03
=== RUN   TestRoundTrip_XMP_lrtemplate_XMP/FINISH_-_Bright.xmp#04
=== PAUSE TestRoundTrip_XMP_lrtemplate_XMP/FINISH_-_Bright.xmp#04
=== PAUSE TestRoundTrip_XMP_NP3_XMP/o_3.xmp#03
=== RUN   TestRoundTrip_XMP_lrtemplate_XMP/FINISH_-_Film.xmp#04
=== PAUSE TestRoundTrip_XMP_lrtemplate_XMP/FINISH_-_Film.xmp#04
=== RUN   TestRoundTrip_XMP_NP3_XMP/o_4.xmp#03
=== PAUSE TestRoundTrip_XMP_NP3_XMP/o_4.xmp#03
=== RUN   TestRoundTrip_XMP_lrtemplate_XMP/FINISH_-_Retro.xmp#04
=== RUN   TestRoundTrip_XMP_NP3_XMP/o_5.xmp#03
=== PAUSE TestRoundTrip_XMP_NP3_XMP/o_5.xmp#03
=== PAUSE TestRoundTrip_XMP_lrtemplate_XMP/FINISH_-_Retro.xmp#04
=== RUN   TestRoundTrip_XMP_NP3_XMP/o_6.xmp#03
=== RUN   TestRoundTrip_XMP_lrtemplate_XMP/FINISH_-_Strong.xmp#04
=== PAUSE TestRoundTrip_XMP_NP3_XMP/o_6.xmp#03
=== PAUSE TestRoundTrip_XMP_lrtemplate_XMP/FINISH_-_Strong.xmp#04
=== RUN   TestRoundTrip_XMP_NP3_XMP/o_7.xmp#03
=== PAUSE TestRoundTrip_XMP_NP3_XMP/o_7.xmp#03
=== RUN   TestRoundTrip_XMP_lrtemplate_XMP/FINISH_-_Vintage.xmp#04
=== RUN   TestRoundTrip_XMP_NP3_XMP/o_8.xmp#03
=== PAUSE TestRoundTrip_XMP_lrtemplate_XMP/FINISH_-_Vintage.xmp#04
=== PAUSE TestRoundTrip_XMP_NP3_XMP/o_8.xmp#03
=== RUN   TestRoundTrip_XMP_NP3_XMP/o_9.xmp#03
=== RUN   TestRoundTrip_XMP_lrtemplate_XMP/FINISH_-_Washed.xmp#04
=== PAUSE TestRoundTrip_XMP_NP3_XMP/o_9.xmp#03
=== PAUSE TestRoundTrip_XMP_lrtemplate_XMP/FINISH_-_Washed.xmp#04
=== RUN   TestRoundTrip_XMP_NP3_XMP/COLOR_-_Lavender.xmp#04
=== PAUSE TestRoundTrip_XMP_NP3_XMP/COLOR_-_Lavender.xmp#04
=== RUN   TestRoundTrip_XMP_NP3_XMP/COLOR_-_Morning.xmp#04
=== RUN   TestRoundTrip_XMP_lrtemplate_XMP/FUJ_-_Negative_+++.xmp#02
=== PAUSE TestRoundTrip_XMP_NP3_XMP/COLOR_-_Morning.xmp#04
=== PAUSE TestRoundTrip_XMP_lrtemplate_XMP/FUJ_-_Negative_+++.xmp#02
=== RUN   TestRoundTrip_XMP_NP3_XMP/COLOR_-_Neutral.xmp#04
=== RUN   TestRoundTrip_XMP_lrtemplate_XMP/FUJ_-_Negative_++.xmp#02
=== PAUSE TestRoundTrip_XMP_lrtemplate_XMP/FUJ_-_Negative_++.xmp#02
=== PAUSE TestRoundTrip_XMP_NP3_XMP/COLOR_-_Neutral.xmp#04
=== RUN   TestRoundTrip_XMP_lrtemplate_XMP/FUJ_-_Negative_+.xmp#02
=== RUN   TestRoundTrip_XMP_NP3_XMP/COLOR_-_Pastel_Rouge.xmp#04
=== PAUSE TestRoundTrip_XMP_lrtemplate_XMP/FUJ_-_Negative_+.xmp#02
=== RUN   TestRoundTrip_XMP_lrtemplate_XMP/FUJ_-_Negative_-_boost.xmp#02
=== PAUSE TestRoundTrip_XMP_lrtemplate_XMP/FUJ_-_Negative_-_boost.xmp#02
=== PAUSE TestRoundTrip_XMP_NP3_XMP/COLOR_-_Pastel_Rouge.xmp#04
=== RUN   TestRoundTrip_XMP_lrtemplate_XMP/FUJ_-_Negative_-_film.xmp#02
=== PAUSE TestRoundTrip_XMP_lrtemplate_XMP/FUJ_-_Negative_-_film.xmp#02
=== RUN   TestRoundTrip_XMP_NP3_XMP/COLOR_-_Sea_Breeze.xmp#04
=== PAUSE TestRoundTrip_XMP_NP3_XMP/COLOR_-_Sea_Breeze.xmp#04
=== RUN   TestRoundTrip_XMP_lrtemplate_XMP/FUJ_-_Negative.xmp#02
=== RUN   TestRoundTrip_XMP_NP3_XMP/COLOR_-_Spearmint.xmp#04
=== PAUSE TestRoundTrip_XMP_lrtemplate_XMP/FUJ_-_Negative.xmp#02
=== PAUSE TestRoundTrip_XMP_NP3_XMP/COLOR_-_Spearmint.xmp#04
=== RUN   TestRoundTrip_XMP_lrtemplate_XMP/FUJ_-_Neopan_100_+++.xmp
=== PAUSE TestRoundTrip_XMP_lrtemplate_XMP/FUJ_-_Neopan_100_+++.xmp
=== RUN   TestRoundTrip_XMP_NP3_XMP/COLOR_-_Warm_Light.xmp#04
=== RUN   TestRoundTrip_XMP_lrtemplate_XMP/FUJ_-_Neopan_100_++.xmp
=== PAUSE TestRoundTrip_XMP_lrtemplate_XMP/FUJ_-_Neopan_100_++.xmp
=== PAUSE TestRoundTrip_XMP_NP3_XMP/COLOR_-_Warm_Light.xmp#04
=== RUN   TestRoundTrip_XMP_lrtemplate_XMP/FUJ_-_Neopan_100_+.xmp
=== PAUSE TestRoundTrip_XMP_lrtemplate_XMP/FUJ_-_Neopan_100_+.xmp
=== RUN   TestRoundTrip_XMP_NP3_XMP/CONTRAST_-_High.xmp#04
=== RUN   TestRoundTrip_XMP_lrtemplate_XMP/FUJ_-_Neopan_100_-_boost.xmp
=== PAUSE TestRoundTrip_XMP_NP3_XMP/CONTRAST_-_High.xmp#04
=== RUN   TestRoundTrip_XMP_NP3_XMP/CONTRAST_-_Low.xmp#04
=== PAUSE TestRoundTrip_XMP_lrtemplate_XMP/FUJ_-_Neopan_100_-_boost.xmp
=== PAUSE TestRoundTrip_XMP_NP3_XMP/CONTRAST_-_Low.xmp#04
=== RUN   TestRoundTrip_XMP_lrtemplate_XMP/FUJ_-_Neopan_100_-_film.xmp
=== PAUSE TestRoundTrip_XMP_lrtemplate_XMP/FUJ_-_Neopan_100_-_film.xmp
=== RUN   TestRoundTrip_XMP_NP3_XMP/CONTRAST_-_Mid.xmp#04
=== RUN   TestRoundTrip_XMP_lrtemplate_XMP/FUJ_-_Neopan_100.xmp
=== PAUSE TestRoundTrip_XMP_NP3_XMP/CONTRAST_-_Mid.xmp#04
=== RUN   TestRoundTrip_XMP_NP3_XMP/DETAIL_-_High.xmp#04
=== PAUSE TestRoundTrip_XMP_lrtemplate_XMP/FUJ_-_Neopan_100.xmp
=== PAUSE TestRoundTrip_XMP_NP3_XMP/DETAIL_-_High.xmp#04
=== RUN   TestRoundTrip_XMP_lrtemplate_XMP/KDK_-_Plus_125_+++.xmp#01
=== PAUSE TestRoundTrip_XMP_lrtemplate_XMP/KDK_-_Plus_125_+++.xmp#01
=== RUN   TestRoundTrip_XMP_NP3_XMP/DETAIL_-_Low.xmp#04
=== RUN   TestRoundTrip_XMP_lrtemplate_XMP/KDK_-_Plus_125_++.xmp#01
=== PAUSE TestRoundTrip_XMP_lrtemplate_XMP/KDK_-_Plus_125_++.xmp#01
=== PAUSE TestRoundTrip_XMP_NP3_XMP/DETAIL_-_Low.xmp#04
=== RUN   TestRoundTrip_XMP_lrtemplate_XMP/KDK_-_Plus_125_+.xmp#01
=== PAUSE TestRoundTrip_XMP_lrtemplate_XMP/KDK_-_Plus_125_+.xmp#01
=== RUN   TestRoundTrip_XMP_NP3_XMP/DETAIL_-_Mid.xmp#04
=== RUN   TestRoundTrip_XMP_lrtemplate_XMP/KDK_-_Plus_125_-_boost.xmp#01
=== PAUSE TestRoundTrip_XMP_NP3_XMP/DETAIL_-_Mid.xmp#04
=== PAUSE TestRoundTrip_XMP_lrtemplate_XMP/KDK_-_Plus_125_-_boost.xmp#01
=== RUN   TestRoundTrip_XMP_NP3_XMP/EXPOSURE__-_1.xmp#04
=== RUN   TestRoundTrip_XMP_lrtemplate_XMP/KDK_-_Plus_125_-_film.xmp#01
=== PAUSE TestRoundTrip_XMP_lrtemplate_XMP/KDK_-_Plus_125_-_film.xmp#01
=== PAUSE TestRoundTrip_XMP_NP3_XMP/EXPOSURE__-_1.xmp#04
=== RUN   TestRoundTrip_XMP_lrtemplate_XMP/KDK_-_Plus_125.xmp#01
=== RUN   TestRoundTrip_XMP_NP3_XMP/EXPOSURE__-_2.xmp#04
=== PAUSE TestRoundTrip_XMP_NP3_XMP/EXPOSURE__-_2.xmp#04
=== PAUSE TestRoundTrip_XMP_lrtemplate_XMP/KDK_-_Plus_125.xmp#01
=== RUN   TestRoundTrip_XMP_NP3_XMP/EXPOSURE__0.xmp#04
=== RUN   TestRoundTrip_XMP_lrtemplate_XMP/KDK_-_Tri-X_400_+++.xmp#01
=== PAUSE TestRoundTrip_XMP_lrtemplate_XMP/KDK_-_Tri-X_400_+++.xmp#01
=== PAUSE TestRoundTrip_XMP_NP3_XMP/EXPOSURE__0.xmp#04
=== RUN   TestRoundTrip_XMP_lrtemplate_XMP/KDK_-_Tri-X_400_++.xmp#01
=== RUN   TestRoundTrip_XMP_NP3_XMP/EXPOSURE_+_1.xmp#04
=== PAUSE TestRoundTrip_XMP_NP3_XMP/EXPOSURE_+_1.xmp#04
=== PAUSE TestRoundTrip_XMP_lrtemplate_XMP/KDK_-_Tri-X_400_++.xmp#01
=== RUN   TestRoundTrip_XMP_NP3_XMP/EXPOSURE_+_2.xmp#04
=== PAUSE TestRoundTrip_XMP_NP3_XMP/EXPOSURE_+_2.xmp#04
=== RUN   TestRoundTrip_XMP_lrtemplate_XMP/KDK_-_Tri-X_400_+.xmp#01
=== RUN   TestRoundTrip_XMP_NP3_XMP/FINISH_-_Basic.xmp#04
=== PAUSE TestRoundTrip_XMP_lrtemplate_XMP/KDK_-_Tri-X_400_+.xmp#01
=== PAUSE TestRoundTrip_XMP_NP3_XMP/FINISH_-_Basic.xmp#04
=== RUN   TestRoundTrip_XMP_lrtemplate_XMP/KDK_-_Tri-X_400_-_boost.xmp#01
=== RUN   TestRoundTrip_XMP_NP3_XMP/FINISH_-_Bright.xmp#04
=== PAUSE TestRoundTrip_XMP_NP3_XMP/FINISH_-_Bright.xmp#04
=== PAUSE TestRoundTrip_XMP_lrtemplate_XMP/KDK_-_Tri-X_400_-_boost.xmp#01
=== RUN   TestRoundTrip_XMP_NP3_XMP/FINISH_-_Film.xmp#04
=== RUN   TestRoundTrip_XMP_lrtemplate_XMP/KDK_-_Tri-X_400_-_film.xmp#01
=== PAUSE TestRoundTrip_XMP_NP3_XMP/FINISH_-_Film.xmp#04
=== PAUSE TestRoundTrip_XMP_lrtemplate_XMP/KDK_-_Tri-X_400_-_film.xmp#01
=== RUN   TestRoundTrip_XMP_NP3_XMP/FINISH_-_Retro.xmp#04
=== RUN   TestRoundTrip_XMP_lrtemplate_XMP/KDK_-_Tri-X_400.xmp#01
=== PAUSE TestRoundTrip_XMP_NP3_XMP/FINISH_-_Retro.xmp#04
=== PAUSE TestRoundTrip_XMP_lrtemplate_XMP/KDK_-_Tri-X_400.xmp#01
=== RUN   TestRoundTrip_XMP_NP3_XMP/FINISH_-_Strong.xmp#04
=== PAUSE TestRoundTrip_XMP_NP3_XMP/FINISH_-_Strong.xmp#04
=== RUN   TestRoundTrip_XMP_lrtemplate_XMP/LIGHTING_-_As_Shot.xmp#04
=== RUN   TestRoundTrip_XMP_NP3_XMP/FINISH_-_Vintage.xmp#04
=== PAUSE TestRoundTrip_XMP_NP3_XMP/FINISH_-_Vintage.xmp#04
=== PAUSE TestRoundTrip_XMP_lrtemplate_XMP/LIGHTING_-_As_Shot.xmp#04
=== RUN   TestRoundTrip_XMP_NP3_XMP/FINISH_-_Washed.xmp#04
=== RUN   TestRoundTrip_XMP_lrtemplate_XMP/LIGHTING_-_Auto_Set.xmp#04
=== PAUSE TestRoundTrip_XMP_NP3_XMP/FINISH_-_Washed.xmp#04
=== PAUSE TestRoundTrip_XMP_lrtemplate_XMP/LIGHTING_-_Auto_Set.xmp#04
=== RUN   TestRoundTrip_XMP_NP3_XMP/FUJ_-_Negative_+++.xmp#02
=== RUN   TestRoundTrip_XMP_lrtemplate_XMP/LIGHTING_-_Cloudy.xmp#04
=== PAUSE TestRoundTrip_XMP_NP3_XMP/FUJ_-_Negative_+++.xmp#02
=== PAUSE TestRoundTrip_XMP_lrtemplate_XMP/LIGHTING_-_Cloudy.xmp#04
=== RUN   TestRoundTrip_XMP_NP3_XMP/FUJ_-_Negative_++.xmp#02
=== RUN   TestRoundTrip_XMP_lrtemplate_XMP/LIGHTING_-_Daylight.xmp#04
=== PAUSE TestRoundTrip_XMP_NP3_XMP/FUJ_-_Negative_++.xmp#02
=== RUN   TestRoundTrip_XMP_NP3_XMP/FUJ_-_Negative_+.xmp#02
=== PAUSE TestRoundTrip_XMP_NP3_XMP/FUJ_-_Negative_+.xmp#02
=== PAUSE TestRoundTrip_XMP_lrtemplate_XMP/LIGHTING_-_Daylight.xmp#04
=== RUN   TestRoundTrip_XMP_NP3_XMP/FUJ_-_Negative_-_boost.xmp#02
=== RUN   TestRoundTrip_XMP_lrtemplate_XMP/LIGHTING_-_Flash.xmp#04
=== PAUSE TestRoundTrip_XMP_NP3_XMP/FUJ_-_Negative_-_boost.xmp#02
=== PAUSE TestRoundTrip_XMP_lrtemplate_XMP/LIGHTING_-_Flash.xmp#04
=== RUN   TestRoundTrip_XMP_NP3_XMP/FUJ_-_Negative_-_film.xmp#02
=== PAUSE TestRoundTrip_XMP_NP3_XMP/FUJ_-_Negative_-_film.xmp#02
=== RUN   TestRoundTrip_XMP_lrtemplate_XMP/LIGHTING_-_Fluorescent.xmp#04
=== RUN   TestRoundTrip_XMP_NP3_XMP/FUJ_-_Negative.xmp#02
=== PAUSE TestRoundTrip_XMP_lrtemplate_XMP/LIGHTING_-_Fluorescent.xmp#04
=== PAUSE TestRoundTrip_XMP_NP3_XMP/FUJ_-_Negative.xmp#02
=== RUN   TestRoundTrip_XMP_lrtemplate_XMP/LIGHTING_-_Shade.xmp#04
=== RUN   TestRoundTrip_XMP_NP3_XMP/FUJ_-_Neopan_100_+++.xmp
=== PAUSE TestRoundTrip_XMP_lrtemplate_XMP/LIGHTING_-_Shade.xmp#04
=== RUN   TestRoundTrip_XMP_lrtemplate_XMP/LIGHTING_-_Tungsten.xmp#04
=== PAUSE TestRoundTrip_XMP_NP3_XMP/FUJ_-_Neopan_100_+++.xmp
=== PAUSE TestRoundTrip_XMP_lrtemplate_XMP/LIGHTING_-_Tungsten.xmp#04
=== RUN   TestRoundTrip_XMP_NP3_XMP/FUJ_-_Neopan_100_++.xmp
=== PAUSE TestRoundTrip_XMP_NP3_XMP/FUJ_-_Neopan_100_++.xmp
=== RUN   TestRoundTrip_XMP_lrtemplate_XMP/Lens_off.xmp#04
=== RUN   TestRoundTrip_XMP_NP3_XMP/FUJ_-_Neopan_100_+.xmp
=== PAUSE TestRoundTrip_XMP_NP3_XMP/FUJ_-_Neopan_100_+.xmp
=== PAUSE TestRoundTrip_XMP_lrtemplate_XMP/Lens_off.xmp#04
=== RUN   TestRoundTrip_XMP_NP3_XMP/FUJ_-_Neopan_100_-_boost.xmp
=== RUN   TestRoundTrip_XMP_lrtemplate_XMP/Lens_on.xmp#04
=== PAUSE TestRoundTrip_XMP_NP3_XMP/FUJ_-_Neopan_100_-_boost.xmp
=== RUN   TestRoundTrip_XMP_NP3_XMP/FUJ_-_Neopan_100_-_film.xmp
=== PAUSE TestRoundTrip_XMP_lrtemplate_XMP/Lens_on.xmp#04
=== PAUSE TestRoundTrip_XMP_NP3_XMP/FUJ_-_Neopan_100_-_film.xmp
=== RUN   TestRoundTrip_XMP_lrtemplate_XMP/POL_-_Mono_+++.xmp#01
=== PAUSE TestRoundTrip_XMP_lrtemplate_XMP/POL_-_Mono_+++.xmp#01
=== RUN   TestRoundTrip_XMP_NP3_XMP/FUJ_-_Neopan_100.xmp
=== RUN   TestRoundTrip_XMP_lrtemplate_XMP/POL_-_Mono_++.xmp#01
=== PAUSE TestRoundTrip_XMP_lrtemplate_XMP/POL_-_Mono_++.xmp#01
=== PAUSE TestRoundTrip_XMP_NP3_XMP/FUJ_-_Neopan_100.xmp
=== RUN   TestRoundTrip_XMP_lrtemplate_XMP/POL_-_Mono_+.xmp#01
=== PAUSE TestRoundTrip_XMP_lrtemplate_XMP/POL_-_Mono_+.xmp#01
=== RUN   TestRoundTrip_XMP_NP3_XMP/KDK_-_Plus_125_+++.xmp#01
=== RUN   TestRoundTrip_XMP_lrtemplate_XMP/POL_-_Mono_-_boost.xmp#01
=== PAUSE TestRoundTrip_XMP_lrtemplate_XMP/POL_-_Mono_-_boost.xmp#01
=== PAUSE TestRoundTrip_XMP_NP3_XMP/KDK_-_Plus_125_+++.xmp#01
=== RUN   TestRoundTrip_XMP_lrtemplate_XMP/POL_-_Mono_-_film.xmp#01
=== RUN   TestRoundTrip_XMP_NP3_XMP/KDK_-_Plus_125_++.xmp#01
=== PAUSE TestRoundTrip_XMP_NP3_XMP/KDK_-_Plus_125_++.xmp#01
=== PAUSE TestRoundTrip_XMP_lrtemplate_XMP/POL_-_Mono_-_film.xmp#01
=== RUN   TestRoundTrip_XMP_lrtemplate_XMP/POL_-_Mono.xmp#01
=== PAUSE TestRoundTrip_XMP_lrtemplate_XMP/POL_-_Mono.xmp#01
=== RUN   TestRoundTrip_XMP_NP3_XMP/KDK_-_Plus_125_+.xmp#01
=== RUN   TestRoundTrip_XMP_lrtemplate_XMP/SHARPEN_-_High.xmp#04
=== PAUSE TestRoundTrip_XMP_NP3_XMP/KDK_-_Plus_125_+.xmp#01
=== PAUSE TestRoundTrip_XMP_lrtemplate_XMP/SHARPEN_-_High.xmp#04
=== RUN   TestRoundTrip_XMP_NP3_XMP/KDK_-_Plus_125_-_boost.xmp#01
=== PAUSE TestRoundTrip_XMP_NP3_XMP/KDK_-_Plus_125_-_boost.xmp#01
=== RUN   TestRoundTrip_XMP_lrtemplate_XMP/SHARPEN_-_Low.xmp#04
=== RUN   TestRoundTrip_XMP_NP3_XMP/KDK_-_Plus_125_-_film.xmp#01
=== PAUSE TestRoundTrip_XMP_lrtemplate_XMP/SHARPEN_-_Low.xmp#04
=== RUN   TestRoundTrip_XMP_lrtemplate_XMP/SHARPEN_-_Mid.xmp#04
=== PAUSE TestRoundTrip_XMP_lrtemplate_XMP/SHARPEN_-_Mid.xmp#04
=== RUN   TestRoundTrip_XMP_lrtemplate_XMP/VIBRANCE__-_Low.xmp#04
=== PAUSE TestRoundTrip_XMP_NP3_XMP/KDK_-_Plus_125_-_film.xmp#01
=== PAUSE TestRoundTrip_XMP_lrtemplate_XMP/VIBRANCE__-_Low.xmp#04
=== RUN   TestRoundTrip_XMP_lrtemplate_XMP/VIBRANCE__-_Mid.xmp#04
=== PAUSE TestRoundTrip_XMP_lrtemplate_XMP/VIBRANCE__-_Mid.xmp#04
=== RUN   TestRoundTrip_XMP_NP3_XMP/KDK_-_Plus_125.xmp#01
=== RUN   TestRoundTrip_XMP_lrtemplate_XMP/VIBRANCE_-__High.xmp#04
=== PAUSE TestRoundTrip_XMP_NP3_XMP/KDK_-_Plus_125.xmp#01
=== PAUSE TestRoundTrip_XMP_lrtemplate_XMP/VIBRANCE_-__High.xmp#04
=== RUN   TestRoundTrip_XMP_lrtemplate_XMP/auto_tone___.xmp#02
=== RUN   TestRoundTrip_XMP_NP3_XMP/KDK_-_Tri-X_400_+++.xmp#01
=== PAUSE TestRoundTrip_XMP_lrtemplate_XMP/auto_tone___.xmp#02
=== PAUSE TestRoundTrip_XMP_NP3_XMP/KDK_-_Tri-X_400_+++.xmp#01
=== RUN   TestRoundTrip_XMP_lrtemplate_XMP/auto_wb___.xmp#02
=== PAUSE TestRoundTrip_XMP_lrtemplate_XMP/auto_wb___.xmp#02
=== RUN   TestRoundTrip_XMP_NP3_XMP/KDK_-_Tri-X_400_++.xmp#01
=== RUN   TestRoundTrip_XMP_lrtemplate_XMP/o_.xmp#03
=== PAUSE TestRoundTrip_XMP_NP3_XMP/KDK_-_Tri-X_400_++.xmp#01
=== PAUSE TestRoundTrip_XMP_lrtemplate_XMP/o_.xmp#03
=== RUN   TestRoundTrip_XMP_lrtemplate_XMP/o.xmp#04
=== RUN   TestRoundTrip_XMP_NP3_XMP/KDK_-_Tri-X_400_+.xmp#01
=== PAUSE TestRoundTrip_XMP_NP3_XMP/KDK_-_Tri-X_400_+.xmp#01
=== RUN   TestRoundTrip_XMP_NP3_XMP/KDK_-_Tri-X_400_-_boost.xmp#01
=== PAUSE TestRoundTrip_XMP_NP3_XMP/KDK_-_Tri-X_400_-_boost.xmp#01
=== PAUSE TestRoundTrip_XMP_lrtemplate_XMP/o.xmp#04
=== RUN   TestRoundTrip_XMP_NP3_XMP/KDK_-_Tri-X_400_-_film.xmp#01
=== PAUSE TestRoundTrip_XMP_NP3_XMP/KDK_-_Tri-X_400_-_film.xmp#01
=== RUN   TestRoundTrip_XMP_lrtemplate_XMP/o_1.xmp#04
=== RUN   TestRoundTrip_XMP_NP3_XMP/KDK_-_Tri-X_400.xmp#01
=== PAUSE TestRoundTrip_XMP_NP3_XMP/KDK_-_Tri-X_400.xmp#01
=== PAUSE TestRoundTrip_XMP_lrtemplate_XMP/o_1.xmp#04
=== RUN   TestRoundTrip_XMP_NP3_XMP/LIGHTING_-_As_Shot.xmp#04
=== RUN   TestRoundTrip_XMP_lrtemplate_XMP/o_2.xmp#04
=== PAUSE TestRoundTrip_XMP_NP3_XMP/LIGHTING_-_As_Shot.xmp#04
=== RUN   TestRoundTrip_XMP_NP3_XMP/LIGHTING_-_Auto_Set.xmp#04
=== PAUSE TestRoundTrip_XMP_lrtemplate_XMP/o_2.xmp#04
=== PAUSE TestRoundTrip_XMP_NP3_XMP/LIGHTING_-_Auto_Set.xmp#04
=== RUN   TestRoundTrip_XMP_lrtemplate_XMP/o_3.xmp#04
=== RUN   TestRoundTrip_XMP_NP3_XMP/LIGHTING_-_Cloudy.xmp#04
=== PAUSE TestRoundTrip_XMP_NP3_XMP/LIGHTING_-_Cloudy.xmp#04
=== PAUSE TestRoundTrip_XMP_lrtemplate_XMP/o_3.xmp#04
=== RUN   TestRoundTrip_XMP_NP3_XMP/LIGHTING_-_Daylight.xmp#04
=== RUN   TestRoundTrip_XMP_lrtemplate_XMP/o_4.xmp#04
=== PAUSE TestRoundTrip_XMP_lrtemplate_XMP/o_4.xmp#04
=== PAUSE TestRoundTrip_XMP_NP3_XMP/LIGHTING_-_Daylight.xmp#04
=== RUN   TestRoundTrip_XMP_NP3_XMP/LIGHTING_-_Flash.xmp#04
=== PAUSE TestRoundTrip_XMP_NP3_XMP/LIGHTING_-_Flash.xmp#04
=== RUN   TestRoundTrip_XMP_NP3_XMP/LIGHTING_-_Fluorescent.xmp#04
=== PAUSE TestRoundTrip_XMP_NP3_XMP/LIGHTING_-_Fluorescent.xmp#04
=== RUN   TestRoundTrip_XMP_lrtemplate_XMP/o_5.xmp#04
=== RUN   TestRoundTrip_XMP_NP3_XMP/LIGHTING_-_Shade.xmp#04
=== PAUSE TestRoundTrip_XMP_NP3_XMP/LIGHTING_-_Shade.xmp#04
=== PAUSE TestRoundTrip_XMP_lrtemplate_XMP/o_5.xmp#04
=== RUN   TestRoundTrip_XMP_NP3_XMP/LIGHTING_-_Tungsten.xmp#04
=== RUN   TestRoundTrip_XMP_lrtemplate_XMP/o_6.xmp#04
=== PAUSE TestRoundTrip_XMP_NP3_XMP/LIGHTING_-_Tungsten.xmp#04
=== PAUSE TestRoundTrip_XMP_lrtemplate_XMP/o_6.xmp#04
=== RUN   TestRoundTrip_XMP_lrtemplate_XMP/o_7.xmp#04
=== PAUSE TestRoundTrip_XMP_lrtemplate_XMP/o_7.xmp#04
=== RUN   TestRoundTrip_XMP_NP3_XMP/Lens_off.xmp#04
=== PAUSE TestRoundTrip_XMP_NP3_XMP/Lens_off.xmp#04
=== RUN   TestRoundTrip_XMP_lrtemplate_XMP/o_8.xmp#04
=== RUN   TestRoundTrip_XMP_NP3_XMP/Lens_on.xmp#04
=== PAUSE TestRoundTrip_XMP_lrtemplate_XMP/o_8.xmp#04
=== RUN   TestRoundTrip_XMP_lrtemplate_XMP/o_9.xmp#04
=== PAUSE TestRoundTrip_XMP_lrtemplate_XMP/o_9.xmp#04
=== RUN   TestRoundTrip_XMP_lrtemplate_XMP/FL_FUJI_160NS-F.xmp
=== PAUSE TestRoundTrip_XMP_lrtemplate_XMP/FL_FUJI_160NS-F.xmp
=== PAUSE TestRoundTrip_XMP_NP3_XMP/Lens_on.xmp#04
=== RUN   TestRoundTrip_XMP_lrtemplate_XMP/FL_FUJI_160NS-N.xmp
=== RUN   TestRoundTrip_XMP_NP3_XMP/POL_-_Mono_+++.xmp#01
=== PAUSE TestRoundTrip_XMP_NP3_XMP/POL_-_Mono_+++.xmp#01
=== PAUSE TestRoundTrip_XMP_lrtemplate_XMP/FL_FUJI_160NS-N.xmp
=== RUN   TestRoundTrip_XMP_NP3_XMP/POL_-_Mono_++.xmp#01
=== RUN   TestRoundTrip_XMP_lrtemplate_XMP/FL_FUJI_160NS-Original.xmp
=== PAUSE TestRoundTrip_XMP_NP3_XMP/POL_-_Mono_++.xmp#01
=== RUN   TestRoundTrip_XMP_NP3_XMP/POL_-_Mono_+.xmp#01
=== PAUSE TestRoundTrip_XMP_NP3_XMP/POL_-_Mono_+.xmp#01
=== PAUSE TestRoundTrip_XMP_lrtemplate_XMP/FL_FUJI_160NS-Original.xmp
=== RUN   TestRoundTrip_XMP_NP3_XMP/POL_-_Mono_-_boost.xmp#01
=== RUN   TestRoundTrip_XMP_lrtemplate_XMP/FL_FUJI_400H_-_Pushed.xmp
=== PAUSE TestRoundTrip_XMP_NP3_XMP/POL_-_Mono_-_boost.xmp#01
=== RUN   TestRoundTrip_XMP_NP3_XMP/POL_-_Mono_-_film.xmp#01
=== PAUSE TestRoundTrip_XMP_lrtemplate_XMP/FL_FUJI_400H_-_Pushed.xmp
=== RUN   TestRoundTrip_XMP_lrtemplate_XMP/FL_FUJI_400H-Original.xmp
=== PAUSE TestRoundTrip_XMP_NP3_XMP/POL_-_Mono_-_film.xmp#01
=== PAUSE TestRoundTrip_XMP_lrtemplate_XMP/FL_FUJI_400H-Original.xmp
=== RUN   TestRoundTrip_XMP_NP3_XMP/POL_-_Mono.xmp#01
=== RUN   TestRoundTrip_XMP_lrtemplate_XMP/FL_FUJI_PRO_800Z-F.xmp
=== PAUSE TestRoundTrip_XMP_NP3_XMP/POL_-_Mono.xmp#01
=== RUN   TestRoundTrip_XMP_NP3_XMP/SHARPEN_-_High.xmp#04
=== PAUSE TestRoundTrip_XMP_NP3_XMP/SHARPEN_-_High.xmp#04
=== PAUSE TestRoundTrip_XMP_lrtemplate_XMP/FL_FUJI_PRO_800Z-F.xmp
=== RUN   TestRoundTrip_XMP_NP3_XMP/SHARPEN_-_Low.xmp#04
=== RUN   TestRoundTrip_XMP_lrtemplate_XMP/FL_FUJI_PRO_800Z-N.xmp
=== PAUSE TestRoundTrip_XMP_lrtemplate_XMP/FL_FUJI_PRO_800Z-N.xmp
=== PAUSE TestRoundTrip_XMP_NP3_XMP/SHARPEN_-_Low.xmp#04
=== RUN   TestRoundTrip_XMP_lrtemplate_XMP/FL_FUJI_PRO_800Z.xmp
=== PAUSE TestRoundTrip_XMP_lrtemplate_XMP/FL_FUJI_PRO_800Z.xmp
=== RUN   TestRoundTrip_XMP_NP3_XMP/SHARPEN_-_Mid.xmp#04
=== RUN   TestRoundTrip_XMP_lrtemplate_XMP/FL_ILFORDHP5-Original.xmp
=== PAUSE TestRoundTrip_XMP_lrtemplate_XMP/FL_ILFORDHP5-Original.xmp
=== PAUSE TestRoundTrip_XMP_NP3_XMP/SHARPEN_-_Mid.xmp#04
=== RUN   TestRoundTrip_XMP_lrtemplate_XMP/Fuji_Pro_400H_Emulation_1.xmp
=== RUN   TestRoundTrip_XMP_NP3_XMP/VIBRANCE__-_Low.xmp#04
=== PAUSE TestRoundTrip_XMP_NP3_XMP/VIBRANCE__-_Low.xmp#04
=== PAUSE TestRoundTrip_XMP_lrtemplate_XMP/Fuji_Pro_400H_Emulation_1.xmp
=== RUN   TestRoundTrip_XMP_NP3_XMP/VIBRANCE__-_Mid.xmp#04
=== RUN   TestRoundTrip_XMP_lrtemplate_XMP/Fuji_Pro_400H_Emulation_2.xmp
=== PAUSE TestRoundTrip_XMP_lrtemplate_XMP/Fuji_Pro_400H_Emulation_2.xmp
=== PAUSE TestRoundTrip_XMP_NP3_XMP/VIBRANCE__-_Mid.xmp#04
=== RUN   TestRoundTrip_XMP_NP3_XMP/VIBRANCE_-__High.xmp#04
=== RUN   TestRoundTrip_XMP_lrtemplate_XMP/Fuji_Pro_400H_Emulation_3.xmp
=== PAUSE TestRoundTrip_XMP_lrtemplate_XMP/Fuji_Pro_400H_Emulation_3.xmp
=== PAUSE TestRoundTrip_XMP_NP3_XMP/VIBRANCE_-__High.xmp#04
=== RUN   TestRoundTrip_XMP_lrtemplate_XMP/Fuji_Pro_400H_Emulation_4.xmp
=== PAUSE TestRoundTrip_XMP_lrtemplate_XMP/Fuji_Pro_400H_Emulation_4.xmp
=== RUN   TestRoundTrip_XMP_lrtemplate_XMP/AGF_-_Ultra_100.xmp#02
=== RUN   TestRoundTrip_XMP_NP3_XMP/auto_tone___.xmp#02
=== PAUSE TestRoundTrip_XMP_lrtemplate_XMP/AGF_-_Ultra_100.xmp#02
=== RUN   TestRoundTrip_XMP_lrtemplate_XMP/AGF_-_Vista_Plus.xmp#02
=== PAUSE TestRoundTrip_XMP_lrtemplate_XMP/AGF_-_Vista_Plus.xmp#02
=== RUN   TestRoundTrip_XMP_lrtemplate_XMP/Nikon_Z_f_Camera_Binary.xmp
=== PAUSE TestRoundTrip_XMP_NP3_XMP/auto_tone___.xmp#02
=== PAUSE TestRoundTrip_XMP_lrtemplate_XMP/Nikon_Z_f_Camera_Binary.xmp
=== RUN   TestRoundTrip_XMP_NP3_XMP/auto_wb___.xmp#02
=== PAUSE TestRoundTrip_XMP_NP3_XMP/auto_wb___.xmp#02
=== RUN   TestRoundTrip_XMP_lrtemplate_XMP/Nikon_Z_f_Camera_Bleach.xmp
=== RUN   TestRoundTrip_XMP_NP3_XMP/o_.xmp#03
=== PAUSE TestRoundTrip_XMP_lrtemplate_XMP/Nikon_Z_f_Camera_Bleach.xmp
=== PAUSE TestRoundTrip_XMP_NP3_XMP/o_.xmp#03
=== RUN   TestRoundTrip_XMP_lrtemplate_XMP/Nikon_Z_f_Camera_Blue.xmp
=== PAUSE TestRoundTrip_XMP_lrtemplate_XMP/Nikon_Z_f_Camera_Blue.xmp
=== RUN   TestRoundTrip_XMP_NP3_XMP/o.xmp#04
=== RUN   TestRoundTrip_XMP_lrtemplate_XMP/Nikon_Z_f_Camera_Carbon.xmp
=== PAUSE TestRoundTrip_XMP_lrtemplate_XMP/Nikon_Z_f_Camera_Carbon.xmp
=== PAUSE TestRoundTrip_XMP_NP3_XMP/o.xmp#04
=== RUN   TestRoundTrip_XMP_lrtemplate_XMP/Nikon_Z_f_Camera_Charcoal.xmp
=== RUN   TestRoundTrip_XMP_NP3_XMP/o_1.xmp#04
=== PAUSE TestRoundTrip_XMP_lrtemplate_XMP/Nikon_Z_f_Camera_Charcoal.xmp
=== PAUSE TestRoundTrip_XMP_NP3_XMP/o_1.xmp#04
=== RUN   TestRoundTrip_XMP_lrtemplate_XMP/Nikon_Z_f_Camera_Denim.xmp
=== PAUSE TestRoundTrip_XMP_lrtemplate_XMP/Nikon_Z_f_Camera_Denim.xmp
=== RUN   TestRoundTrip_XMP_NP3_XMP/o_2.xmp#04
=== RUN   TestRoundTrip_XMP_lrtemplate_XMP/Nikon_Z_f_Camera_Dramatic.xmp
=== PAUSE TestRoundTrip_XMP_lrtemplate_XMP/Nikon_Z_f_Camera_Dramatic.xmp
=== PAUSE TestRoundTrip_XMP_NP3_XMP/o_2.xmp#04
=== RUN   TestRoundTrip_XMP_lrtemplate_XMP/Nikon_Z_f_Camera_Dream.xmp
=== RUN   TestRoundTrip_XMP_NP3_XMP/o_3.xmp#04
=== PAUSE TestRoundTrip_XMP_lrtemplate_XMP/Nikon_Z_f_Camera_Dream.xmp
=== RUN   TestRoundTrip_XMP_lrtemplate_XMP/Nikon_Z_f_Camera_Graphite.xmp
=== PAUSE TestRoundTrip_XMP_lrtemplate_XMP/Nikon_Z_f_Camera_Graphite.xmp
=== PAUSE TestRoundTrip_XMP_NP3_XMP/o_3.xmp#04
=== RUN   TestRoundTrip_XMP_lrtemplate_XMP/Nikon_Z_f_Camera_Melancholic.xmp
=== RUN   TestRoundTrip_XMP_NP3_XMP/o_4.xmp#04
=== PAUSE TestRoundTrip_XMP_NP3_XMP/o_4.xmp#04
=== PAUSE TestRoundTrip_XMP_lrtemplate_XMP/Nikon_Z_f_Camera_Melancholic.xmp
=== RUN   TestRoundTrip_XMP_NP3_XMP/o_5.xmp#04
=== RUN   TestRoundTrip_XMP_lrtemplate_XMP/Nikon_Z_f_Camera_Morning.xmp
=== PAUSE TestRoundTrip_XMP_NP3_XMP/o_5.xmp#04
=== PAUSE TestRoundTrip_XMP_lrtemplate_XMP/Nikon_Z_f_Camera_Morning.xmp
=== RUN   TestRoundTrip_XMP_NP3_XMP/o_6.xmp#04
=== PAUSE TestRoundTrip_XMP_NP3_XMP/o_6.xmp#04
=== RUN   TestRoundTrip_XMP_lrtemplate_XMP/Nikon_Z_f_Camera_Pink.xmp
=== PAUSE TestRoundTrip_XMP_lrtemplate_XMP/Nikon_Z_f_Camera_Pink.xmp
=== RUN   TestRoundTrip_XMP_lrtemplate_XMP/Nikon_Z_f_Camera_Pop.xmp
=== PAUSE TestRoundTrip_XMP_lrtemplate_XMP/Nikon_Z_f_Camera_Pop.xmp
=== RUN   TestRoundTrip_XMP_NP3_XMP/o_7.xmp#04
=== PAUSE TestRoundTrip_XMP_NP3_XMP/o_7.xmp#04
=== RUN   TestRoundTrip_XMP_lrtemplate_XMP/Nikon_Z_f_Camera_Pure.xmp
=== RUN   TestRoundTrip_XMP_NP3_XMP/o_8.xmp#04
=== PAUSE TestRoundTrip_XMP_lrtemplate_XMP/Nikon_Z_f_Camera_Pure.xmp
=== PAUSE TestRoundTrip_XMP_NP3_XMP/o_8.xmp#04
=== RUN   TestRoundTrip_XMP_lrtemplate_XMP/Nikon_Z_f_Camera_Red.xmp
=== RUN   TestRoundTrip_XMP_NP3_XMP/o_9.xmp#04
=== PAUSE TestRoundTrip_XMP_lrtemplate_XMP/Nikon_Z_f_Camera_Red.xmp
=== PAUSE TestRoundTrip_XMP_NP3_XMP/o_9.xmp#04
=== RUN   TestRoundTrip_XMP_lrtemplate_XMP/Nikon_Z_f_Camera_Sepia.xmp
=== PAUSE TestRoundTrip_XMP_lrtemplate_XMP/Nikon_Z_f_Camera_Sepia.xmp
=== RUN   TestRoundTrip_XMP_lrtemplate_XMP/Nikon_Z_f_Camera_Silence.xmp
=== RUN   TestRoundTrip_XMP_NP3_XMP/FL_FUJI_160NS-F.xmp
=== PAUSE TestRoundTrip_XMP_NP3_XMP/FL_FUJI_160NS-F.xmp
=== PAUSE TestRoundTrip_XMP_lrtemplate_XMP/Nikon_Z_f_Camera_Silence.xmp
=== RUN   TestRoundTrip_XMP_NP3_XMP/FL_FUJI_160NS-N.xmp
=== RUN   TestRoundTrip_XMP_lrtemplate_XMP/Nikon_Z_f_Camera_Somber.xmp
=== PAUSE TestRoundTrip_XMP_lrtemplate_XMP/Nikon_Z_f_Camera_Somber.xmp
=== RUN   TestRoundTrip_XMP_lrtemplate_XMP/Nikon_Z_f_Camera_Sunday.xmp
=== PAUSE TestRoundTrip_XMP_NP3_XMP/FL_FUJI_160NS-N.xmp
=== RUN   TestRoundTrip_XMP_NP3_XMP/FL_FUJI_160NS-Original.xmp
=== PAUSE TestRoundTrip_XMP_NP3_XMP/FL_FUJI_160NS-Original.xmp
=== PAUSE TestRoundTrip_XMP_lrtemplate_XMP/Nikon_Z_f_Camera_Sunday.xmp
=== RUN   TestRoundTrip_XMP_NP3_XMP/FL_FUJI_400H_-_Pushed.xmp
=== RUN   TestRoundTrip_XMP_lrtemplate_XMP/Nikon_Z_f_Camera_Toy.xmp
=== PAUSE TestRoundTrip_XMP_NP3_XMP/FL_FUJI_400H_-_Pushed.xmp
=== PAUSE TestRoundTrip_XMP_lrtemplate_XMP/Nikon_Z_f_Camera_Toy.xmp
=== RUN   TestRoundTrip_XMP_NP3_XMP/FL_FUJI_400H-Original.xmp
=== PAUSE TestRoundTrip_XMP_NP3_XMP/FL_FUJI_400H-Original.xmp
=== RUN   TestRoundTrip_XMP_NP3_XMP/FL_FUJI_PRO_800Z-F.xmp
=== PAUSE TestRoundTrip_XMP_NP3_XMP/FL_FUJI_PRO_800Z-F.xmp
=== RUN   TestRoundTrip_XMP_lrtemplate_XMP/FUJ_-_Astia_100F.xmp#02
=== RUN   TestRoundTrip_XMP_NP3_XMP/FL_FUJI_PRO_800Z-N.xmp
=== PAUSE TestRoundTrip_XMP_lrtemplate_XMP/FUJ_-_Astia_100F.xmp#02
=== PAUSE TestRoundTrip_XMP_NP3_XMP/FL_FUJI_PRO_800Z-N.xmp
=== RUN   TestRoundTrip_XMP_lrtemplate_XMP/FUJ_-_Color_100.xmp#02
=== RUN   TestRoundTrip_XMP_NP3_XMP/FL_FUJI_PRO_800Z.xmp
=== PAUSE TestRoundTrip_XMP_NP3_XMP/FL_FUJI_PRO_800Z.xmp
=== RUN   TestRoundTrip_XMP_NP3_XMP/FL_ILFORDHP5-Original.xmp
=== PAUSE TestRoundTrip_XMP_NP3_XMP/FL_ILFORDHP5-Original.xmp
=== RUN   TestRoundTrip_XMP_NP3_XMP/Fuji_Pro_400H_Emulation_1.xmp
=== PAUSE TestRoundTrip_XMP_lrtemplate_XMP/FUJ_-_Color_100.xmp#02
=== PAUSE TestRoundTrip_XMP_NP3_XMP/Fuji_Pro_400H_Emulation_1.xmp
=== RUN   TestRoundTrip_XMP_lrtemplate_XMP/FUJ_-_Fortia_50.xmp#02
=== RUN   TestRoundTrip_XMP_NP3_XMP/Fuji_Pro_400H_Emulation_2.xmp
=== PAUSE TestRoundTrip_XMP_NP3_XMP/Fuji_Pro_400H_Emulation_2.xmp
=== PAUSE TestRoundTrip_XMP_lrtemplate_XMP/FUJ_-_Fortia_50.xmp#02
=== RUN   TestRoundTrip_XMP_NP3_XMP/Fuji_Pro_400H_Emulation_3.xmp
=== RUN   TestRoundTrip_XMP_lrtemplate_XMP/FUJ_-_Negative.xmp#03
=== PAUSE TestRoundTrip_XMP_NP3_XMP/Fuji_Pro_400H_Emulation_3.xmp
=== PAUSE TestRoundTrip_XMP_lrtemplate_XMP/FUJ_-_Negative.xmp#03
=== RUN   TestRoundTrip_XMP_NP3_XMP/Fuji_Pro_400H_Emulation_4.xmp
=== PAUSE TestRoundTrip_XMP_NP3_XMP/Fuji_Pro_400H_Emulation_4.xmp
=== RUN   TestRoundTrip_XMP_lrtemplate_XMP/FUJ_-_Negative_1.xmp#01
=== RUN   TestRoundTrip_XMP_NP3_XMP/AGF_-_Ultra_100.xmp#02
=== PAUSE TestRoundTrip_XMP_NP3_XMP/AGF_-_Ultra_100.xmp#02
=== PAUSE TestRoundTrip_XMP_lrtemplate_XMP/FUJ_-_Negative_1.xmp#01
=== RUN   TestRoundTrip_XMP_NP3_XMP/AGF_-_Vista_Plus.xmp#02
=== RUN   TestRoundTrip_XMP_lrtemplate_XMP/FUJ_-_Neopan.xmp#01
=== PAUSE TestRoundTrip_XMP_NP3_XMP/AGF_-_Vista_Plus.xmp#02
=== RUN   TestRoundTrip_XMP_NP3_XMP/Nikon_Z_f_Camera_Binary.xmp
=== PAUSE TestRoundTrip_XMP_NP3_XMP/Nikon_Z_f_Camera_Binary.xmp
=== PAUSE TestRoundTrip_XMP_lrtemplate_XMP/FUJ_-_Neopan.xmp#01
=== RUN   TestRoundTrip_XMP_NP3_XMP/Nikon_Z_f_Camera_Bleach.xmp
=== RUN   TestRoundTrip_XMP_lrtemplate_XMP/FUJ_-_PRO_160.xmp#02
=== PAUSE TestRoundTrip_XMP_lrtemplate_XMP/FUJ_-_PRO_160.xmp#02
=== PAUSE TestRoundTrip_XMP_NP3_XMP/Nikon_Z_f_Camera_Bleach.xmp
=== RUN   TestRoundTrip_XMP_lrtemplate_XMP/FUJ_-_Provia_100F.xmp#02
=== PAUSE TestRoundTrip_XMP_lrtemplate_XMP/FUJ_-_Provia_100F.xmp#02
=== RUN   TestRoundTrip_XMP_NP3_XMP/Nikon_Z_f_Camera_Blue.xmp
=== RUN   TestRoundTrip_XMP_lrtemplate_XMP/FUJ_-_Sensia_100.xmp#02
=== PAUSE TestRoundTrip_XMP_NP3_XMP/Nikon_Z_f_Camera_Blue.xmp
=== PAUSE TestRoundTrip_XMP_lrtemplate_XMP/FUJ_-_Sensia_100.xmp#02
=== RUN   TestRoundTrip_XMP_lrtemplate_XMP/FUJ_-_Superia_400.xmp#02
=== RUN   TestRoundTrip_XMP_NP3_XMP/Nikon_Z_f_Camera_Carbon.xmp
=== PAUSE TestRoundTrip_XMP_lrtemplate_XMP/FUJ_-_Superia_400.xmp#02
=== RUN   TestRoundTrip_XMP_lrtemplate_XMP/FUJ_-_Superia_800.xmp#02
=== PAUSE TestRoundTrip_XMP_NP3_XMP/Nikon_Z_f_Camera_Carbon.xmp
=== PAUSE TestRoundTrip_XMP_lrtemplate_XMP/FUJ_-_Superia_800.xmp#02
=== RUN   TestRoundTrip_XMP_NP3_XMP/Nikon_Z_f_Camera_Charcoal.xmp
=== RUN   TestRoundTrip_XMP_lrtemplate_XMP/FUJ_-_Velvia_100.xmp#02
=== PAUSE TestRoundTrip_XMP_NP3_XMP/Nikon_Z_f_Camera_Charcoal.xmp
=== RUN   TestRoundTrip_XMP_NP3_XMP/Nikon_Z_f_Camera_Denim.xmp
=== PAUSE TestRoundTrip_XMP_lrtemplate_XMP/FUJ_-_Velvia_100.xmp#02
=== PAUSE TestRoundTrip_XMP_NP3_XMP/Nikon_Z_f_Camera_Denim.xmp
=== RUN   TestRoundTrip_XMP_lrtemplate_XMP/FUJ_-_XPro.xmp#02
=== RUN   TestRoundTrip_XMP_NP3_XMP/Nikon_Z_f_Camera_Dramatic.xmp
=== PAUSE TestRoundTrip_XMP_NP3_XMP/Nikon_Z_f_Camera_Dramatic.xmp
=== PAUSE TestRoundTrip_XMP_lrtemplate_XMP/FUJ_-_XPro.xmp#02
=== RUN   TestRoundTrip_XMP_NP3_XMP/Nikon_Z_f_Camera_Dream.xmp
=== RUN   TestRoundTrip_XMP_lrtemplate_XMP/KDK_-_Echrome_64.xmp#02
=== PAUSE TestRoundTrip_XMP_NP3_XMP/Nikon_Z_f_Camera_Dream.xmp
=== PAUSE TestRoundTrip_XMP_lrtemplate_XMP/KDK_-_Echrome_64.xmp#02
=== RUN   TestRoundTrip_XMP_NP3_XMP/Nikon_Z_f_Camera_Graphite.xmp
=== PAUSE TestRoundTrip_XMP_NP3_XMP/Nikon_Z_f_Camera_Graphite.xmp
=== RUN   TestRoundTrip_XMP_NP3_XMP/Nikon_Z_f_Camera_Melancholic.xmp
=== PAUSE TestRoundTrip_XMP_NP3_XMP/Nikon_Z_f_Camera_Melancholic.xmp
=== RUN   TestRoundTrip_XMP_lrtemplate_XMP/KDK_-_Ektar_100.xmp#02
=== PAUSE TestRoundTrip_XMP_lrtemplate_XMP/KDK_-_Ektar_100.xmp#02
=== RUN   TestRoundTrip_XMP_lrtemplate_XMP/KDK_-_Elite_100.xmp#02
=== RUN   TestRoundTrip_XMP_NP3_XMP/Nikon_Z_f_Camera_Morning.xmp
=== PAUSE TestRoundTrip_XMP_NP3_XMP/Nikon_Z_f_Camera_Morning.xmp
=== PAUSE TestRoundTrip_XMP_lrtemplate_XMP/KDK_-_Elite_100.xmp#02
=== RUN   TestRoundTrip_XMP_NP3_XMP/Nikon_Z_f_Camera_Pink.xmp
=== RUN   TestRoundTrip_XMP_lrtemplate_XMP/KDK_-_Gold_200.xmp#02
=== PAUSE TestRoundTrip_XMP_NP3_XMP/Nikon_Z_f_Camera_Pink.xmp
=== PAUSE TestRoundTrip_XMP_lrtemplate_XMP/KDK_-_Gold_200.xmp#02
=== RUN   TestRoundTrip_XMP_NP3_XMP/Nikon_Z_f_Camera_Pop.xmp
=== RUN   TestRoundTrip_XMP_lrtemplate_XMP/KDK_-_Plus_125.xmp#02
=== PAUSE TestRoundTrip_XMP_NP3_XMP/Nikon_Z_f_Camera_Pop.xmp
=== RUN   TestRoundTrip_XMP_NP3_XMP/Nikon_Z_f_Camera_Pure.xmp
=== PAUSE TestRoundTrip_XMP_NP3_XMP/Nikon_Z_f_Camera_Pure.xmp
=== PAUSE TestRoundTrip_XMP_lrtemplate_XMP/KDK_-_Plus_125.xmp#02
=== RUN   TestRoundTrip_XMP_NP3_XMP/Nikon_Z_f_Camera_Red.xmp
=== PAUSE TestRoundTrip_XMP_NP3_XMP/Nikon_Z_f_Camera_Red.xmp
=== RUN   TestRoundTrip_XMP_lrtemplate_XMP/KDK_-_Portra_160.xmp#02
=== PAUSE TestRoundTrip_XMP_lrtemplate_XMP/KDK_-_Portra_160.xmp#02
=== RUN   TestRoundTrip_XMP_lrtemplate_XMP/KDK_-_Portra_400.xmp#02
=== RUN   TestRoundTrip_XMP_NP3_XMP/Nikon_Z_f_Camera_Sepia.xmp
=== PAUSE TestRoundTrip_XMP_lrtemplate_XMP/KDK_-_Portra_400.xmp#02
=== PAUSE TestRoundTrip_XMP_NP3_XMP/Nikon_Z_f_Camera_Sepia.xmp
=== RUN   TestRoundTrip_XMP_lrtemplate_XMP/KDK_-_Portra_800.xmp#02
=== PAUSE TestRoundTrip_XMP_lrtemplate_XMP/KDK_-_Portra_800.xmp#02
=== RUN   TestRoundTrip_XMP_lrtemplate_XMP/KDK_-_Portra.xmp#02
=== RUN   TestRoundTrip_XMP_NP3_XMP/Nikon_Z_f_Camera_Silence.xmp
=== PAUSE TestRoundTrip_XMP_lrtemplate_XMP/KDK_-_Portra.xmp#02
=== RUN   TestRoundTrip_XMP_lrtemplate_XMP/KDK_-_Tri-X_400.xmp#02
=== PAUSE TestRoundTrip_XMP_NP3_XMP/Nikon_Z_f_Camera_Silence.xmp
=== PAUSE TestRoundTrip_XMP_lrtemplate_XMP/KDK_-_Tri-X_400.xmp#02
=== RUN   TestRoundTrip_XMP_NP3_XMP/Nikon_Z_f_Camera_Somber.xmp
=== RUN   TestRoundTrip_XMP_lrtemplate_XMP/POL_-_Cinematic.xmp#02
=== PAUSE TestRoundTrip_XMP_NP3_XMP/Nikon_Z_f_Camera_Somber.xmp
=== PAUSE TestRoundTrip_XMP_lrtemplate_XMP/POL_-_Cinematic.xmp#02
=== RUN   TestRoundTrip_XMP_lrtemplate_XMP/POL_-_Color_600.xmp#02
=== PAUSE TestRoundTrip_XMP_lrtemplate_XMP/POL_-_Color_600.xmp#02
=== RUN   TestRoundTrip_XMP_lrtemplate_XMP/portrait.xmp
=== RUN   TestRoundTrip_XMP_NP3_XMP/Nikon_Z_f_Camera_Sunday.xmp
=== PAUSE TestRoundTrip_XMP_NP3_XMP/Nikon_Z_f_Camera_Sunday.xmp
=== PAUSE TestRoundTrip_XMP_lrtemplate_XMP/portrait.xmp
=== RUN   TestRoundTrip_XMP_NP3_XMP/Nikon_Z_f_Camera_Toy.xmp
=== RUN   TestRoundTrip_XMP_lrtemplate_XMP/sample.xmp
=== PAUSE TestRoundTrip_XMP_lrtemplate_XMP/sample.xmp
=== PAUSE TestRoundTrip_XMP_NP3_XMP/Nikon_Z_f_Camera_Toy.xmp
=== RUN   TestRoundTrip_XMP_NP3_XMP/FUJ_-_Astia_100F.xmp#02
=== PAUSE TestRoundTrip_XMP_NP3_XMP/FUJ_-_Astia_100F.xmp#02
=== RUN   TestRoundTrip_XMP_NP3_XMP/FUJ_-_Color_100.xmp#02
=== PAUSE TestRoundTrip_XMP_NP3_XMP/FUJ_-_Color_100.xmp#02
=== RUN   TestRoundTrip_XMP_NP3_XMP/FUJ_-_Fortia_50.xmp#02
=== PAUSE TestRoundTrip_XMP_NP3_XMP/FUJ_-_Fortia_50.xmp#02
=== RUN   TestRoundTrip_XMP_NP3_XMP/FUJ_-_Negative.xmp#03
=== PAUSE TestRoundTrip_XMP_NP3_XMP/FUJ_-_Negative.xmp#03
=== RUN   TestRoundTrip_XMP_NP3_XMP/FUJ_-_Negative_1.xmp#01
=== CONT  TestRoundTrip_XMP_lrtemplate_XMP/POL_-_Color_600.xmp#02
=== CONT  TestRoundTrip_XMP_lrtemplate_XMP/POL_-_Color_Instant_+.xmp#01
=== CONT  TestRoundTrip_XMP_lrtemplate_XMP/LIGHTING_-_Tungsten.xmp#02
=== CONT  TestRoundTrip_XMP_lrtemplate_XMP/LIGHTING_-_Shade.xmp#02
=== CONT  TestRoundTrip_XMP_lrtemplate_XMP/--FL_MASTER-FUJI_160NS-Original.xmp
=== CONT  TestRoundTrip_XMP_lrtemplate_XMP/KDK_-_Portra_800_-_film.xmp#01
=== CONT  TestRoundTrip_XMP_lrtemplate_XMP/KDK_-_Portra_400_-_boost.xmp#01
=== CONT  TestRoundTrip_XMP_lrtemplate_XMP/KDK_-_Portra_++++.xmp#01
=== CONT  TestRoundTrip_XMP_lrtemplate_XMP/KDK_-_Elite_100.xmp#01
=== CONT  TestRoundTrip_XMP_lrtemplate_XMP/KDK_-_Echrome_64.xmp#01
=== CONT  TestRoundTrip_XMP_lrtemplate_XMP/KDK_-_Echrome_100_-_warm.xmp#01
=== CONT  TestRoundTrip_XMP_lrtemplate_XMP/FINISH_-_Strong.xmp#02
=== CONT  TestRoundTrip_XMP_lrtemplate_XMP/COLOR_-_Warm_Light.xmp#02
=== CONT  TestRoundTrip_XMP_lrtemplate_XMP/POL_-_Color_Instant_-_cool.xmp
=== CONT  TestRoundTrip_XMP_lrtemplate_XMP/POL_-_Cinematic_-_film.xmp
=== CONT  TestRoundTrip_XMP_lrtemplate_XMP/KDK_-_Portra_800_-_warm.xmp
=== CONT  TestRoundTrip_XMP_lrtemplate_XMP/KDK_-_Portra_800_-_film.xmp
=== CONT  TestRoundTrip_XMP_lrtemplate_XMP/KDK_-_Portra_800_-_boost.xmp
=== CONT  TestRoundTrip_XMP_lrtemplate_XMP/LIGHTING_-_As_Shot.xmp#02
=== PAUSE TestRoundTrip_XMP_NP3_XMP/FUJ_-_Negative_1.xmp#01
=== CONT  TestRoundTrip_XMP_lrtemplate_XMP/sample.xmp
=== RUN   TestRoundTrip_XMP_NP3_XMP/FUJ_-_Neopan.xmp#01
=== CONT  TestRoundTrip_XMP_lrtemplate_XMP/portrait.xmp
=== CONT  TestRoundTrip_XMP_lrtemplate_XMP/KDK_-_Tri-X_400_-_boost.xmp#01
=== CONT  TestRoundTrip_XMP_lrtemplate_XMP/Kodachrome.xmp
=== CONT  TestRoundTrip_XMP_lrtemplate_XMP/KDK_-_Portra.xmp#01
=== CONT  TestRoundTrip_XMP_lrtemplate_XMP/KDK_-_Portra_800.xmp#01
=== CONT  TestRoundTrip_XMP_lrtemplate_XMP/KDK_-_Portra_800_-_warm.xmp#01
=== CONT  TestRoundTrip_XMP_lrtemplate_XMP/KDK_-_Portra_800_-_cool.xmp
=== CONT  TestRoundTrip_XMP_lrtemplate_XMP/KDK_-_Portra_800_+.xmp
=== PAUSE TestRoundTrip_XMP_NP3_XMP/FUJ_-_Neopan.xmp#01
=== CONT  TestRoundTrip_XMP_lrtemplate_XMP/KDK_-_Portra_800_++.xmp
=== CONT  TestRoundTrip_XMP_lrtemplate_XMP/KDK_-_Portra_800_+++.xmp
=== CONT  TestRoundTrip_XMP_lrtemplate_XMP/KDK_-_Portra_400.xmp
=== CONT  TestRoundTrip_XMP_lrtemplate_XMP/KDK_-_Portra_400_-_warm.xmp
=== CONT  TestRoundTrip_XMP_lrtemplate_XMP/KDK_-_Portra_800_++++.xmp
=== CONT  TestRoundTrip_XMP_lrtemplate_XMP/KDK_-_Portra_400_-_film.xmp
=== CONT  TestRoundTrip_XMP_lrtemplate_XMP/KDK_-_Portra_400_-_cool.xmp
=== CONT  TestRoundTrip_XMP_lrtemplate_XMP/KDK_-_Portra_400_-_boost.xmp
=== CONT  TestRoundTrip_XMP_lrtemplate_XMP/KDK_-_Portra_400_+.xmp
=== CONT  TestRoundTrip_XMP_lrtemplate_XMP/KDK_-_Portra_-_cool.xmp
=== RUN   TestRoundTrip_XMP_NP3_XMP/FUJ_-_PRO_160.xmp#02
=== PAUSE TestRoundTrip_XMP_NP3_XMP/FUJ_-_PRO_160.xmp#02
=== RUN   TestRoundTrip_XMP_NP3_XMP/FUJ_-_Provia_100F.xmp#02
=== PAUSE TestRoundTrip_XMP_NP3_XMP/FUJ_-_Provia_100F.xmp#02
=== RUN   TestRoundTrip_XMP_NP3_XMP/FUJ_-_Sensia_100.xmp#02
=== PAUSE TestRoundTrip_XMP_NP3_XMP/FUJ_-_Sensia_100.xmp#02
=== RUN   TestRoundTrip_XMP_NP3_XMP/FUJ_-_Superia_400.xmp#02
=== PAUSE TestRoundTrip_XMP_NP3_XMP/FUJ_-_Superia_400.xmp#02
=== RUN   TestRoundTrip_XMP_NP3_XMP/FUJ_-_Superia_800.xmp#02
=== PAUSE TestRoundTrip_XMP_NP3_XMP/FUJ_-_Superia_800.xmp#02
=== RUN   TestRoundTrip_XMP_NP3_XMP/FUJ_-_Velvia_100.xmp#02
=== PAUSE TestRoundTrip_XMP_NP3_XMP/FUJ_-_Velvia_100.xmp#02
=== RUN   TestRoundTrip_XMP_NP3_XMP/FUJ_-_XPro.xmp#02
=== PAUSE TestRoundTrip_XMP_NP3_XMP/FUJ_-_XPro.xmp#02
=== RUN   TestRoundTrip_XMP_NP3_XMP/KDK_-_Echrome_64.xmp#02
=== PAUSE TestRoundTrip_XMP_NP3_XMP/KDK_-_Echrome_64.xmp#02
=== RUN   TestRoundTrip_XMP_NP3_XMP/KDK_-_Ektar_100.xmp#02
=== PAUSE TestRoundTrip_XMP_NP3_XMP/KDK_-_Ektar_100.xmp#02
=== RUN   TestRoundTrip_XMP_NP3_XMP/KDK_-_Elite_100.xmp#02
=== PAUSE TestRoundTrip_XMP_NP3_XMP/KDK_-_Elite_100.xmp#02
=== CONT  TestRoundTrip_XMP_lrtemplate_XMP/KDK_-_Portra_-_boost.xmp
=== RUN   TestRoundTrip_XMP_NP3_XMP/KDK_-_Gold_200.xmp#02
=== PAUSE TestRoundTrip_XMP_NP3_XMP/KDK_-_Gold_200.xmp#02
=== RUN   TestRoundTrip_XMP_NP3_XMP/KDK_-_Plus_125.xmp#02
=== PAUSE TestRoundTrip_XMP_NP3_XMP/KDK_-_Plus_125.xmp#02
=== RUN   TestRoundTrip_XMP_NP3_XMP/KDK_-_Portra_160.xmp#02
=== PAUSE TestRoundTrip_XMP_NP3_XMP/KDK_-_Portra_160.xmp#02
=== RUN   TestRoundTrip_XMP_NP3_XMP/KDK_-_Portra_400.xmp#02
=== PAUSE TestRoundTrip_XMP_NP3_XMP/KDK_-_Portra_400.xmp#02
=== RUN   TestRoundTrip_XMP_NP3_XMP/KDK_-_Portra_800.xmp#02
=== PAUSE TestRoundTrip_XMP_NP3_XMP/KDK_-_Portra_800.xmp#02
=== RUN   TestRoundTrip_XMP_NP3_XMP/KDK_-_Portra.xmp#02
=== PAUSE TestRoundTrip_XMP_NP3_XMP/KDK_-_Portra.xmp#02
=== RUN   TestRoundTrip_XMP_NP3_XMP/KDK_-_Tri-X_400.xmp#02
=== PAUSE TestRoundTrip_XMP_NP3_XMP/KDK_-_Tri-X_400.xmp#02
=== RUN   TestRoundTrip_XMP_NP3_XMP/POL_-_Cinematic.xmp#02
=== PAUSE TestRoundTrip_XMP_NP3_XMP/POL_-_Cinematic.xmp#02
=== RUN   TestRoundTrip_XMP_NP3_XMP/POL_-_Color_600.xmp#02
=== PAUSE TestRoundTrip_XMP_NP3_XMP/POL_-_Color_600.xmp#02
=== CONT  TestRoundTrip_XMP_lrtemplate_XMP/KDK_-_Portra_+.xmp
=== CONT  TestRoundTrip_XMP_lrtemplate_XMP/KDK_-_Portra_++.xmp
=== CONT  TestRoundTrip_XMP_lrtemplate_XMP/KDK_-_Portra_+++.xmp
=== RUN   TestRoundTrip_XMP_NP3_XMP/portrait.xmp
=== PAUSE TestRoundTrip_XMP_NP3_XMP/portrait.xmp
=== RUN   TestRoundTrip_XMP_NP3_XMP/sample.xmp
=== PAUSE TestRoundTrip_XMP_NP3_XMP/sample.xmp
=== CONT  TestRoundTrip_XMP_lrtemplate_XMP/KDK_-_Portra_400_++.xmp
=== CONT  TestRoundTrip_XMP_lrtemplate_XMP/KDK_-_Portra_400_+++.xmp
=== CONT  TestRoundTrip_XMP_lrtemplate_XMP/KDK_-_Portra_++++.xmp
=== CONT  TestRoundTrip_XMP_lrtemplate_XMP/KDK_-_Portra_400_++++.xmp
=== CONT  TestRoundTrip_XMP_lrtemplate_XMP/KDK_-_Plus_125.xmp
=== CONT  TestRoundTrip_XMP_lrtemplate_XMP/KDK_-_Portra_160.xmp
=== CONT  TestRoundTrip_XMP_lrtemplate_XMP/KDK_-_Portra_160_-_warm.xmp
=== CONT  TestRoundTrip_XMP_lrtemplate_XMP/KDK_-_Plus_125_-_film.xmp
=== CONT  TestRoundTrip_XMP_lrtemplate_XMP/KDK_-_Plus_125_-_boost.xmp
=== CONT  TestRoundTrip_XMP_lrtemplate_XMP/KDK_-_Portra_160_-_film.xmp
=== CONT  TestRoundTrip_XMP_lrtemplate_XMP/KDK_-_Plus_125_+.xmp
=== CONT  TestRoundTrip_XMP_lrtemplate_XMP/KDK_-_Plus_125_++.xmp
=== CONT  TestRoundTrip_XMP_lrtemplate_XMP/KDK_-_Portra_160_-_cool.xmp
=== CONT  TestRoundTrip_XMP_lrtemplate_XMP/KDK_-_Portra_160_-_boost.xmp
=== CONT  TestRoundTrip_XMP_lrtemplate_XMP/KDK_-_Plus_125_+++.xmp
=== CONT  TestRoundTrip_XMP_lrtemplate_XMP/KDK_-_Portra_160_+.xmp
=== CONT  TestRoundTrip_XMP_lrtemplate_XMP/KDK_-_Kodachrome_64_6.xmp
=== CONT  TestRoundTrip_XMP_lrtemplate_XMP/KDK_-_Portra_160_++.xmp
=== CONT  TestRoundTrip_XMP_lrtemplate_XMP/KDK_-_Portra_160_+++.xmp
=== CONT  TestRoundTrip_XMP_lrtemplate_XMP/KDK_-_Gold_200_+++.xmp
=== CONT  TestRoundTrip_XMP_lrtemplate_XMP/KDK_-_Portra_160_++++.xmp
=== CONT  TestRoundTrip_XMP_lrtemplate_XMP/KDK_-_Gold_200_++++.xmp
=== CONT  TestRoundTrip_XMP_lrtemplate_XMP/KDK_-_Portra_-_warm.xmp
=== CONT  TestRoundTrip_XMP_lrtemplate_XMP/KDK_-_Elite_100.xmp
=== CONT  TestRoundTrip_XMP_lrtemplate_XMP/KDK_-_Portra_-_film.xmp
=== CONT  TestRoundTrip_XMP_lrtemplate_XMP/KDK_-_Elite_100_-_warm.xmp
=== CONT  TestRoundTrip_XMP_lrtemplate_XMP/KDK_-_Ektar_100_-_warm.xmp
=== CONT  TestRoundTrip_XMP_lrtemplate_XMP/KDK_-_Elite_100_-_film.xmp
=== CONT  TestRoundTrip_XMP_lrtemplate_XMP/KDK_-_Ektar_100_-_film.xmp
=== CONT  TestRoundTrip_XMP_lrtemplate_XMP/KDK_-_Elite_100_-_cool.xmp
=== CONT  TestRoundTrip_XMP_lrtemplate_XMP/KDK_-_Ektar_100_-_cool.xmp
=== CONT  TestRoundTrip_XMP_lrtemplate_XMP/KDK_-_Elite_100_-_boost.xmp
=== CONT  TestRoundTrip_XMP_lrtemplate_XMP/KDK_-_Ektar_100_+.xmp
=== CONT  TestRoundTrip_XMP_lrtemplate_XMP/KDK_-_Ektar_100_-_boost.xmp
=== CONT  TestRoundTrip_XMP_lrtemplate_XMP/KDK_-_Kodachrome_64_5.xmp
=== CONT  TestRoundTrip_XMP_lrtemplate_XMP/KDK_-_Ektar_100_++.xmp
=== CONT  TestRoundTrip_XMP_lrtemplate_XMP/KDK_-_Kodachrome_64_4.xmp
=== CONT  TestRoundTrip_XMP_lrtemplate_XMP/KDK_-_Ektar_100_+++.xmp
=== CONT  TestRoundTrip_XMP_lrtemplate_XMP/KDK_-_Kodachrome_64_3.xmp
=== CONT  TestRoundTrip_XMP_lrtemplate_XMP/KDK_-_Elite_100_+.xmp
=== CONT  TestRoundTrip_XMP_lrtemplate_XMP/KDK_-_Ektar_100_++++.xmp
=== CONT  TestRoundTrip_XMP_lrtemplate_XMP/KDK_-_Kodachrome_64_2.xmp
=== CONT  TestRoundTrip_XMP_lrtemplate_XMP/KDK_-_Elite_100_++.xmp
=== CONT  TestRoundTrip_XMP_lrtemplate_XMP/KDK_-_Echrome_64_-_cool.xmp
=== CONT  TestRoundTrip_XMP_lrtemplate_XMP/KDK_-_Elite_100_+++.xmp
=== CONT  TestRoundTrip_XMP_lrtemplate_XMP/KDK_-_Kodachrome_64_1.xmp
=== CONT  TestRoundTrip_XMP_lrtemplate_XMP/KDK_-_Elite_100_++++.xmp
=== CONT  TestRoundTrip_XMP_lrtemplate_XMP/FUJ_-_Color_100.xmp#01
=== CONT  TestRoundTrip_XMP_lrtemplate_XMP/KDK_-_Kodachrome_64.xmp
=== CONT  TestRoundTrip_XMP_lrtemplate_XMP/KDK_-_Echrome_64.xmp
=== CONT  TestRoundTrip_XMP_lrtemplate_XMP/KDK_-_Gold_200.xmp
=== CONT  TestRoundTrip_XMP_lrtemplate_XMP/KDK_-_Echrome_64_-_warm.xmp
=== CONT  TestRoundTrip_XMP_lrtemplate_XMP/KDK_-_Echrome_64_-_film.xmp
=== CONT  TestRoundTrip_XMP_lrtemplate_XMP/KDK_-_Echrome_64_-_boost.xmp
=== CONT  TestRoundTrip_XMP_lrtemplate_XMP/KDK_-_Gold_200_-_warm.xmp
=== CONT  TestRoundTrip_XMP_lrtemplate_XMP/KDK_-_Echrome_64_+.xmp
=== CONT  TestRoundTrip_XMP_lrtemplate_XMP/KDK_-_Echrome_200_++.xmp
=== CONT  TestRoundTrip_XMP_lrtemplate_XMP/KDK_-_Gold_200_-_cool.xmp
=== CONT  TestRoundTrip_XMP_lrtemplate_XMP/KDK_-_Echrome_64_++.xmp
=== CONT  TestRoundTrip_XMP_lrtemplate_XMP/KDK_-_Gold_200_-_boost.xmp
=== CONT  TestRoundTrip_XMP_lrtemplate_XMP/KDK_-_Gold_200_-_film.xmp
=== CONT  TestRoundTrip_XMP_lrtemplate_XMP/KDK_-_Ektar_100.xmp
=== CONT  TestRoundTrip_XMP_lrtemplate_XMP/KDK_-_Gold_200_+.xmp
=== CONT  TestRoundTrip_XMP_lrtemplate_XMP/KDK_-_Echrome_64_+++.xmp
=== CONT  TestRoundTrip_XMP_lrtemplate_XMP/KDK_-_Gold_200_++.xmp
=== CONT  TestRoundTrip_XMP_lrtemplate_XMP/KDK_-_Echrome_64_++++.xmp
=== CONT  TestRoundTrip_XMP_lrtemplate_XMP/KDK_-_Echrome_100.xmp
=== CONT  TestRoundTrip_XMP_lrtemplate_XMP/KDK_-_Echrome_200.xmp
=== CONT  TestRoundTrip_XMP_lrtemplate_XMP/KDK_-_Echrome_100_++++.xmp
=== CONT  TestRoundTrip_XMP_lrtemplate_XMP/KDK_-_Echrome_200_-_warm.xmp
=== CONT  TestRoundTrip_XMP_lrtemplate_XMP/KDK_-_Echrome_100_-_warm.xmp
=== CONT  TestRoundTrip_XMP_lrtemplate_XMP/KDK_-_Echrome_200_-_film.xmp
=== CONT  TestRoundTrip_XMP_lrtemplate_XMP/KDK_-_Echrome_-_warm.xmp
=== CONT  TestRoundTrip_XMP_lrtemplate_XMP/KDK_-_Echrome_100_-_film.xmp
=== CONT  TestRoundTrip_XMP_lrtemplate_XMP/KDK_-_Echrome_200_+++.xmp
=== CONT  TestRoundTrip_XMP_lrtemplate_XMP/KDK_-_Echrome_100_-_cool.xmp
=== CONT  TestRoundTrip_XMP_lrtemplate_XMP/KDK_-_Echrome_-_cool.xmp
=== CONT  TestRoundTrip_XMP_lrtemplate_XMP/KDK_-_Echrome_200_++++.xmp
=== CONT  TestRoundTrip_XMP_lrtemplate_XMP/KDK_-_Echrome_200_-_cool.xmp
=== CONT  TestRoundTrip_XMP_lrtemplate_XMP/KDK_-_Echrome_-_film.xmp
=== CONT  TestRoundTrip_XMP_lrtemplate_XMP/KDK_-_Echrome_200_-_boost.xmp
=== CONT  TestRoundTrip_XMP_lrtemplate_XMP/KDK_-_Echrome_100_-_boost.xmp
=== CONT  TestRoundTrip_XMP_lrtemplate_XMP/KDK_-_Echrome_200_+.xmp
=== CONT  TestRoundTrip_XMP_lrtemplate_XMP/KDK_-_Echrome_-_boost.xmp
=== CONT  TestRoundTrip_XMP_lrtemplate_XMP/KDK_-_Echrome_100_+.xmp
=== CONT  TestRoundTrip_XMP_lrtemplate_XMP/KDK_-_Echrome_100_++.xmp
=== CONT  TestRoundTrip_XMP_lrtemplate_XMP/KDK_-_Echrome_+.xmp
=== CONT  TestRoundTrip_XMP_lrtemplate_XMP/KDK_-_Echrome_100_+++.xmp
=== CONT  TestRoundTrip_XMP_lrtemplate_XMP/KDK_-_Echrome_++.xmp
=== CONT  TestRoundTrip_XMP_lrtemplate_XMP/FUJ_-_Velvia_100_-_film.xmp#01
=== CONT  TestRoundTrip_XMP_lrtemplate_XMP/KDK_-_Echrome_+++.xmp
=== CONT  TestRoundTrip_XMP_lrtemplate_XMP/FUJ_-_Velvia_100_-_cool.xmp#01
=== CONT  TestRoundTrip_XMP_lrtemplate_XMP/KDK_-_Echrome_++++.xmp
=== CONT  TestRoundTrip_XMP_lrtemplate_XMP/FUJ_-_Superia_800_-_cool.xmp#01
=== CONT  TestRoundTrip_XMP_lrtemplate_XMP/FUJ_-_Velvia_100_-_boost.xmp#01
=== CONT  TestRoundTrip_XMP_lrtemplate_XMP/FUJ_-_Superia_800_-_boost.xmp#01
=== CONT  TestRoundTrip_XMP_lrtemplate_XMP/FUJ_-_XPro.xmp#01
=== CONT  TestRoundTrip_XMP_lrtemplate_XMP/FUJ_-_Velvia_100_+.xmp#01
=== CONT  TestRoundTrip_XMP_lrtemplate_XMP/FUJ_-_Superia_800_+.xmp#01
=== CONT  TestRoundTrip_XMP_lrtemplate_XMP/FUJ_-_Superia_800_++.xmp#01
=== CONT  TestRoundTrip_XMP_lrtemplate_XMP/FUJ_-_Superia_400_-_cool.xmp#01
=== CONT  TestRoundTrip_XMP_lrtemplate_XMP/FUJ_-_Superia_800_+++.xmp#01
=== CONT  TestRoundTrip_XMP_lrtemplate_XMP/FUJ_-_Superia_400_-_boost.xmp#01
=== CONT  TestRoundTrip_XMP_lrtemplate_XMP/FUJ_-_Superia_800_++++.xmp#01
=== CONT  TestRoundTrip_XMP_lrtemplate_XMP/FUJ_-_Superia_400_+.xmp#01
=== CONT  TestRoundTrip_XMP_lrtemplate_XMP/FUJ_-_Superia_400.xmp#01
=== CONT  TestRoundTrip_XMP_lrtemplate_XMP/FUJ_-_Velvia_100_++.xmp#01
=== CONT  TestRoundTrip_XMP_lrtemplate_XMP/FUJ_-_Superia_400_++.xmp#01
=== CONT  TestRoundTrip_XMP_lrtemplate_XMP/FUJ_-_Superia_400_+++.xmp#01
=== CONT  TestRoundTrip_XMP_lrtemplate_XMP/FUJ_-_Velvia_100_+++.xmp#01
=== CONT  TestRoundTrip_XMP_lrtemplate_XMP/FUJ_-_Superia_400_++++.xmp#01
=== CONT  TestRoundTrip_XMP_lrtemplate_XMP/FUJ_-_Superia_400_-_warm.xmp#01
=== CONT  TestRoundTrip_XMP_lrtemplate_XMP/FUJ_-_Superia_400_-_film.xmp#01
=== CONT  TestRoundTrip_XMP_lrtemplate_XMP/FUJ_-_Velvia_100_++++.xmp#01
=== CONT  TestRoundTrip_XMP_lrtemplate_XMP/FUJ_-_Sensia_100.xmp#01
=== CONT  TestRoundTrip_XMP_lrtemplate_XMP/FUJ_-_Superia_800.xmp#01
=== CONT  TestRoundTrip_XMP_lrtemplate_XMP/FUJ_-_Sensia_100_-_cool.xmp#01
=== CONT  TestRoundTrip_XMP_lrtemplate_XMP/FUJ_-_Superia_800_-_warm.xmp#01
=== CONT  TestRoundTrip_XMP_lrtemplate_XMP/FUJ_-_Sensia_100_-_warm.xmp#01
=== CONT  TestRoundTrip_XMP_lrtemplate_XMP/FUJ_-_Sensia_100_-_boost.xmp#01
=== CONT  TestRoundTrip_XMP_lrtemplate_XMP/FUJ_-_Sensia_100_-_film.xmp#01
=== CONT  TestRoundTrip_XMP_lrtemplate_XMP/FUJ_-_Sensia_100_+.xmp#01
=== CONT  TestRoundTrip_XMP_lrtemplate_XMP/FUJ_-_Superia_800_-_film.xmp#01
=== CONT  TestRoundTrip_XMP_lrtemplate_XMP/FUJ_-_Provia_100F_-_film.xmp#01
=== CONT  TestRoundTrip_XMP_lrtemplate_XMP/FUJ_-_Sensia_100_++.xmp#01
=== CONT  TestRoundTrip_XMP_lrtemplate_XMP/FUJ_-_Provia_100F_-_cool.xmp#01
=== CONT  TestRoundTrip_XMP_lrtemplate_XMP/FUJ_-_Sensia_100_+++.xmp#01
=== CONT  TestRoundTrip_XMP_lrtemplate_XMP/FUJ_-_PRO_160_-_warm.xmp#01
=== CONT  TestRoundTrip_XMP_lrtemplate_XMP/FUJ_-_Provia_100F_-_boost.xmp#01
=== CONT  TestRoundTrip_XMP_lrtemplate_XMP/FUJ_-_Sensia_100_++++.xmp#01
=== CONT  TestRoundTrip_XMP_lrtemplate_XMP/FUJ_-_PRO_160_-_film.xmp#01
=== CONT  TestRoundTrip_XMP_lrtemplate_XMP/FUJ_-_Provia_100F_+.xmp#01
=== CONT  TestRoundTrip_XMP_lrtemplate_XMP/FUJ_-_PRO_160_-_cool.xmp#01
=== CONT  TestRoundTrip_XMP_lrtemplate_XMP/FUJ_-_Provia_100F_++.xmp#01
=== CONT  TestRoundTrip_XMP_lrtemplate_XMP/FUJ_-_Provia_100F_+++.xmp#01
=== CONT  TestRoundTrip_XMP_lrtemplate_XMP/FUJ_-_PRO_160_-_boost.xmp#01
=== CONT  TestRoundTrip_XMP_lrtemplate_XMP/FUJ_-_PRO_160_+.xmp#01
=== CONT  TestRoundTrip_XMP_lrtemplate_XMP/FUJ_-_Provia_100F.xmp#01
=== CONT  TestRoundTrip_XMP_lrtemplate_XMP/FUJ_-_Provia_100F_++++.xmp#01
=== CONT  TestRoundTrip_XMP_lrtemplate_XMP/FUJ_-_Provia_100F_-_warm.xmp#01
=== CONT  TestRoundTrip_XMP_lrtemplate_XMP/FUJ_-_PRO_160_++.xmp#01
=== CONT  TestRoundTrip_XMP_lrtemplate_XMP/FUJ_-_PRO_160.xmp#01
=== CONT  TestRoundTrip_XMP_lrtemplate_XMP/FUJ_-_PRO_160_+++.xmp#01
=== CONT  TestRoundTrip_XMP_lrtemplate_XMP/FUJ_-_Neopan.xmp
=== CONT  TestRoundTrip_XMP_lrtemplate_XMP/FUJ_-_Negative.xmp#01
=== CONT  TestRoundTrip_XMP_lrtemplate_XMP/FUJ_-_PRO_160_++++.xmp#01
=== CONT  TestRoundTrip_XMP_lrtemplate_XMP/FUJ_-_Neopan_-_film.xmp
=== CONT  TestRoundTrip_XMP_lrtemplate_XMP/FUJ_-_Negative_-_warm.xmp#01
=== CONT  TestRoundTrip_XMP_lrtemplate_XMP/FUJ_-_Neopan_-_boost.xmp
=== CONT  TestRoundTrip_XMP_lrtemplate_XMP/FUJ_-_Negative_-_film_1.xmp
=== CONT  TestRoundTrip_XMP_lrtemplate_XMP/FUJ_-_Negative_+_1.xmp
=== CONT  TestRoundTrip_XMP_lrtemplate_XMP/FUJ_-_Negative_-_film.xmp#01
=== CONT  TestRoundTrip_XMP_lrtemplate_XMP/FUJ_-_Negative_+.xmp#01
=== CONT  TestRoundTrip_XMP_lrtemplate_XMP/FUJ_-_Neopan_+.xmp
=== CONT  TestRoundTrip_XMP_lrtemplate_XMP/FUJ_-_Negative_-_cool.xmp#01
=== CONT  TestRoundTrip_XMP_lrtemplate_XMP/FUJ_-_Negative_++_1.xmp
=== CONT  TestRoundTrip_XMP_lrtemplate_XMP/FUJ_-_Negative_-_boost_1.xmp
=== CONT  TestRoundTrip_XMP_lrtemplate_XMP/FUJ_-_Negative_++.xmp#01
=== CONT  TestRoundTrip_XMP_lrtemplate_XMP/FUJ_-_Neopan_++.xmp
=== CONT  TestRoundTrip_XMP_lrtemplate_XMP/FUJ_-_Neopan_+++.xmp
=== CONT  TestRoundTrip_XMP_lrtemplate_XMP/FUJ_-_Negative_-_boost.xmp#01
=== CONT  TestRoundTrip_XMP_lrtemplate_XMP/FUJ_-_Negative_+++_1.xmp
=== CONT  TestRoundTrip_XMP_lrtemplate_XMP/FUJ_-_Negative_+++.xmp#01
=== CONT  TestRoundTrip_XMP_lrtemplate_XMP/FUJ_-_Fortia_50.xmp#01
=== CONT  TestRoundTrip_XMP_lrtemplate_XMP/FUJ_-_Negative_++++.xmp#01
=== CONT  TestRoundTrip_XMP_lrtemplate_XMP/FUJ_-_Fortia_50_++.xmp#01
=== CONT  TestRoundTrip_XMP_lrtemplate_XMP/FUJ_-_Fortia_50_-_warm.xmp#01
=== CONT  TestRoundTrip_XMP_lrtemplate_XMP/FUJ_-_Fortia_50_-_film.xmp#01
=== CONT  TestRoundTrip_XMP_lrtemplate_XMP/FUJ_-_Fortia_50_+++.xmp#01
=== CONT  TestRoundTrip_XMP_lrtemplate_XMP/FUJ_-_XPro_-_warm.xmp#01
=== CONT  TestRoundTrip_XMP_lrtemplate_XMP/FUJ_-_Negative_1.xmp
=== CONT  TestRoundTrip_XMP_lrtemplate_XMP/FUJ_-_Fortia_50_++++.xmp#01
=== CONT  TestRoundTrip_XMP_lrtemplate_XMP/FUJ_-_Color_100_-_cool.xmp#01
=== CONT  TestRoundTrip_XMP_lrtemplate_XMP/FUJ_-_XPro_-_film.xmp#01
=== CONT  TestRoundTrip_XMP_lrtemplate_XMP/FUJ_-_Sensia_100_-_warm.xmp
=== CONT  TestRoundTrip_XMP_lrtemplate_XMP/FUJ_-_Fortia_50_-_cool.xmp#01
=== CONT  TestRoundTrip_XMP_lrtemplate_XMP/FUJ_-_Fortia_50_-_boost.xmp#01
=== CONT  TestRoundTrip_XMP_lrtemplate_XMP/FUJ_-_Color_100_-_warm.xmp#01
=== CONT  TestRoundTrip_XMP_lrtemplate_XMP/FUJ_-_XPro_-_cool.xmp#01
=== CONT  TestRoundTrip_XMP_lrtemplate_XMP/FUJ_-_Color_100_+.xmp#01
=== CONT  TestRoundTrip_XMP_lrtemplate_XMP/FUJ_-_Fortia_50_+.xmp#01
=== CONT  TestRoundTrip_XMP_lrtemplate_XMP/FUJ_-_Color_100_++.xmp#01
=== CONT  TestRoundTrip_XMP_lrtemplate_XMP/FUJ_-_Color_100_-_boost.xmp#01
=== CONT  TestRoundTrip_XMP_lrtemplate_XMP/FUJ_-_Color_100_-_film.xmp#01
=== CONT  TestRoundTrip_XMP_lrtemplate_XMP/FUJ_-_Astia_100F.xmp#01
=== CONT  TestRoundTrip_XMP_lrtemplate_XMP/FUJ_-_XPro_-_boost.xmp#01
=== CONT  TestRoundTrip_XMP_lrtemplate_XMP/FUJ_-_Color_100_+++.xmp#01
=== CONT  TestRoundTrip_XMP_lrtemplate_XMP/FUJ_-_XPro_+.xmp#01
=== CONT  TestRoundTrip_XMP_lrtemplate_XMP/FUJ_-_Astia_100F_-_warm.xmp#01
=== CONT  TestRoundTrip_XMP_lrtemplate_XMP/FUJ_-_XPro_++.xmp#01
=== CONT  TestRoundTrip_XMP_lrtemplate_XMP/FUJ_-_Astia_100F_-_film.xmp#01
=== CONT  TestRoundTrip_XMP_lrtemplate_XMP/FUJ_-_XPro_+++.xmp#01
=== CONT  TestRoundTrip_XMP_lrtemplate_XMP/FUJ_-_Astia_100F_-_cool.xmp#01
=== CONT  TestRoundTrip_XMP_lrtemplate_XMP/FUJ_-_Astia_100F_++.xmp#01
=== CONT  TestRoundTrip_XMP_lrtemplate_XMP/FUJ_-_Astia_100F_+++.xmp#01
=== CONT  TestRoundTrip_XMP_lrtemplate_XMP/FUJ_-_Astia_100F_-_boost.xmp#01
=== CONT  TestRoundTrip_XMP_lrtemplate_XMP/FUJ_-_XPro_++++.xmp#01
=== CONT  TestRoundTrip_XMP_lrtemplate_XMP/FUJ_-_Color_100_++++.xmp#01
=== CONT  TestRoundTrip_XMP_lrtemplate_XMP/FUJ_-_Astia_100F_++++.xmp#01
=== CONT  TestRoundTrip_XMP_lrtemplate_XMP/FUJ_-_Astia_100F_+.xmp#01
=== CONT  TestRoundTrip_XMP_lrtemplate_XMP/AGF_-_Vista_Plus_++++.xmp#01
=== CONT  TestRoundTrip_XMP_lrtemplate_XMP/AGF_-_Vista_Plus_-_film.xmp#01
=== CONT  TestRoundTrip_XMP_lrtemplate_XMP/AGF_-_Vista_Plus_+++.xmp#01
=== CONT  TestRoundTrip_XMP_lrtemplate_XMP/AGF_-_Ultra_100.xmp#01
=== CONT  TestRoundTrip_XMP_lrtemplate_XMP/AGF_-_Vista_Plus.xmp#01
=== CONT  TestRoundTrip_XMP_lrtemplate_XMP/AGF_-_Vista_Plus_-_warm.xmp#01
=== CONT  TestRoundTrip_XMP_lrtemplate_XMP/AGF_-_Ultra_100_-_warm.xmp#01
=== CONT  TestRoundTrip_XMP_lrtemplate_XMP/AGF_-_Ultra_100_-_film.xmp#01
=== CONT  TestRoundTrip_XMP_lrtemplate_XMP/AGF_-_Ultra_100_-_cool.xmp#01
=== CONT  TestRoundTrip_XMP_lrtemplate_XMP/AGF_-_Portrait_160.xmp#01
=== CONT  TestRoundTrip_XMP_lrtemplate_XMP/AGF_-_Portrait_160_-_boost.xmp#01
=== CONT  TestRoundTrip_XMP_lrtemplate_XMP/AGF_-_Portrait_160_-_warm.xmp#01
=== CONT  TestRoundTrip_XMP_lrtemplate_XMP/AGF_-_Portrait_160_-_film.xmp#01
=== CONT  TestRoundTrip_XMP_lrtemplate_XMP/AGF_-_Portrait_160_-_cool.xmp#01
=== CONT  TestRoundTrip_XMP_lrtemplate_XMP/AGF_-_Portrait_160_++++.xmp#01
=== CONT  TestRoundTrip_XMP_lrtemplate_XMP/AGF_-_Optima_100_-_warm.xmp#01
=== CONT  TestRoundTrip_XMP_lrtemplate_XMP/AGF_-_Optima_100_-_film.xmp#01
=== CONT  TestRoundTrip_XMP_lrtemplate_XMP/AGF_-_Portrait_160_+.xmp#01
=== CONT  TestRoundTrip_XMP_lrtemplate_XMP/AGF_-_Optima_100.xmp#01
=== CONT  TestRoundTrip_XMP_lrtemplate_XMP/AGF_-_Portrait_160_++.xmp#01
=== CONT  TestRoundTrip_XMP_lrtemplate_XMP/AGF_-_Optima_100_-_cool.xmp#01
=== CONT  TestRoundTrip_XMP_lrtemplate_XMP/AGF_-_Portrait_160_+++.xmp#01
=== CONT  TestRoundTrip_XMP_lrtemplate_XMP/AGF_-_Optima_100_-_boost.xmp#01
=== CONT  TestRoundTrip_XMP_lrtemplate_XMP/AGF_-_Optima_100_+.xmp#01
=== CONT  TestRoundTrip_XMP_lrtemplate_XMP/AGF_-_Optima_100_++.xmp#01
=== CONT  TestRoundTrip_XMP_lrtemplate_XMP/AGF_-_Optima_100_+++.xmp#01
=== CONT  TestRoundTrip_XMP_lrtemplate_XMP/AGF_-_Vista_Plus_-_cool.xmp#01
=== CONT  TestRoundTrip_XMP_lrtemplate_XMP/AGF_-_Chrome_RSX_-_cool.xmp#01
=== CONT  TestRoundTrip_XMP_lrtemplate_XMP/AGF_-_Optima_100_++++.xmp#01
=== CONT  TestRoundTrip_XMP_lrtemplate_XMP/AGF_-_Vista_Plus_-_boost.xmp#01
=== CONT  TestRoundTrip_XMP_lrtemplate_XMP/AGF_-_Chrome_RSX_-_warm.xmp#01
=== CONT  TestRoundTrip_XMP_lrtemplate_XMP/AGF_-_Vista_Plus_+.xmp#01
=== CONT  TestRoundTrip_XMP_lrtemplate_XMP/AGF_-_Chrome_RSX_-_boost.xmp#01
=== CONT  TestRoundTrip_XMP_lrtemplate_XMP/AGF_-_Vista_Plus_++.xmp#01
=== CONT  TestRoundTrip_XMP_lrtemplate_XMP/AGF_-_Chrome_RSX_-_film.xmp#01
=== CONT  TestRoundTrip_XMP_lrtemplate_XMP/AGF_-_Chrome_RSX_++.xmp#01
=== CONT  TestRoundTrip_XMP_lrtemplate_XMP/AGF_-_Chrome_RSX_+.xmp#01
=== CONT  TestRoundTrip_XMP_lrtemplate_XMP/AGF_-_Chrome_RSX.xmp#01
=== CONT  TestRoundTrip_XMP_lrtemplate_XMP/AGF_-_Chrome_RSX_+++.xmp#01
=== CONT  TestRoundTrip_XMP_lrtemplate_XMP/FUJ_-_Velvia_100.xmp#01
=== CONT  TestRoundTrip_XMP_lrtemplate_XMP/o_3.xmp#01
=== CONT  TestRoundTrip_XMP_lrtemplate_XMP/o_9.xmp#01
=== CONT  TestRoundTrip_XMP_lrtemplate_XMP/AGF_-_Chrome_RSX_++++.xmp#01
=== CONT  TestRoundTrip_XMP_lrtemplate_XMP/FUJ_-_Velvia_100_-_warm.xmp#01
=== CONT  TestRoundTrip_XMP_lrtemplate_XMP/o_1.xmp#01
=== CONT  TestRoundTrip_XMP_lrtemplate_XMP/o__.xmp
=== CONT  TestRoundTrip_XMP_lrtemplate_XMP/o.xmp#01
=== CONT  TestRoundTrip_XMP_lrtemplate_XMP/AGF_-_Ultra_100_-_boost.xmp#01
=== CONT  TestRoundTrip_XMP_lrtemplate_XMP/VIBRANCE__-_Mid.xmp#01
=== CONT  TestRoundTrip_XMP_lrtemplate_XMP/VIBRANCE__-_Low.xmp#01
=== CONT  TestRoundTrip_XMP_lrtemplate_XMP/o_2.xmp#01
=== CONT  TestRoundTrip_XMP_lrtemplate_XMP/AGF_-_Ultra_100_+.xmp#01
=== CONT  TestRoundTrip_XMP_lrtemplate_XMP/o_8.xmp#01
=== CONT  TestRoundTrip_XMP_lrtemplate_XMP/AGF_-_Ultra_100_+++.xmp#01
=== CONT  TestRoundTrip_XMP_lrtemplate_XMP/Lens_on.xmp#01
=== CONT  TestRoundTrip_XMP_lrtemplate_XMP/SHARPEN_-_High.xmp#01
=== CONT  TestRoundTrip_XMP_lrtemplate_XMP/Lens_off.xmp#01
=== CONT  TestRoundTrip_XMP_lrtemplate_XMP/AGF_-_Ultra_100_++++.xmp#01
=== CONT  TestRoundTrip_XMP_lrtemplate_XMP/auto_wb__.xmp
=== CONT  TestRoundTrip_XMP_lrtemplate_XMP/LIGHTING_-_Shade.xmp#01
=== CONT  TestRoundTrip_XMP_lrtemplate_XMP/o_6.xmp#01
=== CONT  TestRoundTrip_XMP_lrtemplate_XMP/LIGHTING_-_Tungsten.xmp#01
=== CONT  TestRoundTrip_XMP_lrtemplate_XMP/o_5.xmp#01
=== CONT  TestRoundTrip_XMP_lrtemplate_XMP/o_4.xmp#01
=== CONT  TestRoundTrip_XMP_lrtemplate_XMP/FUJ_-_Velvia_100_+++.xmp
=== CONT  TestRoundTrip_XMP_lrtemplate_XMP/FUJ_-_Velvia_100_++++.xmp
=== CONT  TestRoundTrip_XMP_lrtemplate_XMP/FUJ_-_Superia_800.xmp
=== CONT  TestRoundTrip_XMP_lrtemplate_XMP/FUJ_-_Superia_800_-_warm.xmp
=== CONT  TestRoundTrip_XMP_lrtemplate_XMP/FUJ_-_Superia_800_-_film.xmp
=== CONT  TestRoundTrip_XMP_lrtemplate_XMP/FUJ_-_Superia_800_-_cool.xmp
=== CONT  TestRoundTrip_XMP_lrtemplate_XMP/FUJ_-_Superia_800_-_boost.xmp
=== CONT  TestRoundTrip_XMP_lrtemplate_XMP/FUJ_-_Superia_800_+.xmp
=== CONT  TestRoundTrip_XMP_lrtemplate_XMP/FUJ_-_Superia_800_++.xmp
=== CONT  TestRoundTrip_XMP_lrtemplate_XMP/FUJ_-_Superia_800_+++.xmp
=== CONT  TestRoundTrip_XMP_lrtemplate_XMP/FUJ_-_Superia_800_++++.xmp
=== CONT  TestRoundTrip_XMP_lrtemplate_XMP/FUJ_-_Superia_400.xmp
=== CONT  TestRoundTrip_XMP_lrtemplate_XMP/LIGHTING_-_Flash.xmp#01
=== CONT  TestRoundTrip_XMP_lrtemplate_XMP/FUJ_-_Superia_400_-_warm.xmp
=== CONT  TestRoundTrip_XMP_lrtemplate_XMP/LIGHTING_-_Fluorescent.xmp#01
=== CONT  TestRoundTrip_XMP_lrtemplate_XMP/FUJ_-_Velvia_100_++.xmp
=== CONT  TestRoundTrip_XMP_lrtemplate_XMP/LIGHTING_-_Cloudy.xmp#01
=== CONT  TestRoundTrip_XMP_lrtemplate_XMP/FUJ_-_Superia_400_-_cool.xmp
=== CONT  TestRoundTrip_XMP_lrtemplate_XMP/auto_tone__.xmp
=== CONT  TestRoundTrip_XMP_lrtemplate_XMP/FUJ_-_Superia_400_++.xmp
=== CONT  TestRoundTrip_XMP_lrtemplate_XMP/FUJ_-_Superia_400_+++.xmp
=== CONT  TestRoundTrip_XMP_lrtemplate_XMP/FUJ_-_Superia_400_++++.xmp
=== CONT  TestRoundTrip_XMP_lrtemplate_XMP/FUJ_-_Superia_400_+.xmp
=== CONT  TestRoundTrip_XMP_lrtemplate_XMP/FUJ_-_Superia_400_-_film.xmp
=== CONT  TestRoundTrip_XMP_lrtemplate_XMP/FUJ_-_Sensia_100.xmp
=== CONT  TestRoundTrip_XMP_lrtemplate_XMP/FUJ_-_Superia_400_-_boost.xmp
=== CONT  TestRoundTrip_XMP_lrtemplate_XMP/DETAIL_-_Low.xmp
=== CONT  TestRoundTrip_XMP_lrtemplate_XMP/LIGHTING_-_Daylight.xmp#01
=== CONT  TestRoundTrip_XMP_lrtemplate_XMP/FUJ_-_Sensia_100_-_film.xmp
=== CONT  TestRoundTrip_XMP_lrtemplate_XMP/KDK_-_Echrome_-_film.xmp#01
=== CONT  TestRoundTrip_XMP_lrtemplate_XMP/KDK_-_Echrome_100_-_film.xmp#01
=== CONT  TestRoundTrip_XMP_lrtemplate_XMP/LIGHTING_-_As_Shot.xmp#01
=== CONT  TestRoundTrip_XMP_lrtemplate_XMP/KDK_-_Echrome_100_-_cool.xmp#01
=== CONT  TestRoundTrip_XMP_lrtemplate_XMP/KDK_-_Echrome_100_-_boost.xmp#01
=== CONT  TestRoundTrip_XMP_lrtemplate_XMP/LIGHTING_-_Auto_Set.xmp#01
=== CONT  TestRoundTrip_XMP_lrtemplate_XMP/KDK_-_Echrome_100_+.xmp#01
=== CONT  TestRoundTrip_XMP_lrtemplate_XMP/KDK_-_Echrome_100_++.xmp#01
=== CONT  TestRoundTrip_XMP_lrtemplate_XMP/FUJ_-_XPro_-_warm.xmp
=== CONT  TestRoundTrip_XMP_lrtemplate_XMP/KDK_-_Echrome_100_+++.xmp#01
=== CONT  TestRoundTrip_XMP_lrtemplate_XMP/FUJ_-_Sensia_100_-_cool.xmp
=== CONT  TestRoundTrip_XMP_lrtemplate_XMP/FUJ_-_Sensia_100_-_boost.xmp
=== CONT  TestRoundTrip_XMP_lrtemplate_XMP/FUJ_-_Velvia_100_-_film.xmp
=== CONT  TestRoundTrip_XMP_lrtemplate_XMP/FUJ_-_Sensia_100_++.xmp
=== CONT  TestRoundTrip_XMP_lrtemplate_XMP/FUJ_-_XPro_-_cool.xmp
=== CONT  TestRoundTrip_XMP_lrtemplate_XMP/FUJ_-_XPro_-_film.xmp
=== CONT  TestRoundTrip_XMP_lrtemplate_XMP/FUJ_-_Sensia_100_+++.xmp
=== CONT  TestRoundTrip_XMP_lrtemplate_XMP/FUJ_-_Sensia_100_++++.xmp
=== CONT  TestRoundTrip_XMP_lrtemplate_XMP/auto_tone___.xmp
=== CONT  TestRoundTrip_XMP_lrtemplate_XMP/FUJ_-_Velvia_100_-_cool.xmp
=== CONT  TestRoundTrip_XMP_lrtemplate_XMP/FUJ_-_XPro_+.xmp
=== CONT  TestRoundTrip_XMP_lrtemplate_XMP/KDK_-_Echrome_100_++++.xmp#01
=== CONT  TestRoundTrip_XMP_lrtemplate_XMP/o_7.xmp#01
=== CONT  TestRoundTrip_XMP_lrtemplate_XMP/FUJ_-_XPro.xmp
=== CONT  TestRoundTrip_XMP_lrtemplate_XMP/FUJ_-_XPro_-_boost.xmp
=== CONT  TestRoundTrip_XMP_lrtemplate_XMP/FUJ_-_Velvia_100.xmp
=== CONT  TestRoundTrip_XMP_lrtemplate_XMP/KDK_-_Echrome_-_warm.xmp#01
=== CONT  TestRoundTrip_XMP_lrtemplate_XMP/FUJ_-_Velvia_100_-_boost.xmp
=== CONT  TestRoundTrip_XMP_lrtemplate_XMP/FUJ_-_Velvia_100_-_warm.xmp
=== CONT  TestRoundTrip_XMP_lrtemplate_XMP/KDK_-_Tri-X_400.xmp
=== CONT  TestRoundTrip_XMP_lrtemplate_XMP/KDK_-_Kodachrome_64_++++.xmp
=== CONT  TestRoundTrip_XMP_lrtemplate_XMP/AGF_-_Vista_Plus_++++.xmp
=== CONT  TestRoundTrip_XMP_lrtemplate_XMP/KDK_-_Kodachrome_64.xmp#01
=== CONT  TestRoundTrip_XMP_lrtemplate_XMP/FUJ_-_Velvia_100_+.xmp
=== CONT  TestRoundTrip_XMP_lrtemplate_XMP/VIBRANCE_-__High.xmp
=== CONT  TestRoundTrip_XMP_lrtemplate_XMP/KDK_-_Kodachrome_64_-_warm.xmp
=== CONT  TestRoundTrip_XMP_lrtemplate_XMP/VIBRANCE_-__High.xmp#01
=== CONT  TestRoundTrip_XMP_lrtemplate_XMP/KDK_-_Kodachrome_64_-_film.xmp
=== CONT  TestRoundTrip_XMP_lrtemplate_XMP/POL_-_Cinematic_-_cool.xmp
=== CONT  TestRoundTrip_XMP_lrtemplate_XMP/KDK_-_Portra_800_+++.xmp#01
=== CONT  TestRoundTrip_XMP_lrtemplate_XMP/POL_-_Cinematic_-_boost.xmp
=== CONT  TestRoundTrip_XMP_lrtemplate_XMP/KDK_-_Portra_800_-_cool.xmp#01
=== CONT  TestRoundTrip_XMP_lrtemplate_XMP/POL_-_Cinematic_+.xmp
=== CONT  TestRoundTrip_XMP_lrtemplate_XMP/KDK_-_Portra_800_-_boost.xmp#01
=== CONT  TestRoundTrip_XMP_lrtemplate_XMP/POL_-_Cinematic_++.xmp
=== CONT  TestRoundTrip_XMP_lrtemplate_XMP/KDK_-_Portra_800_+.xmp#01
=== CONT  TestRoundTrip_XMP_lrtemplate_XMP/POL_-_Cinematic_+++.xmp
=== CONT  TestRoundTrip_XMP_lrtemplate_XMP/KDK_-_Portra_800_++.xmp#01
=== CONT  TestRoundTrip_XMP_lrtemplate_XMP/FUJ_-_XPro_+++.xmp
=== CONT  TestRoundTrip_XMP_lrtemplate_XMP/POL_-_Cinematic_++++.xmp
=== CONT  TestRoundTrip_XMP_lrtemplate_XMP/FUJ_-_Astia_100F.xmp
=== CONT  TestRoundTrip_XMP_lrtemplate_XMP/SHARPEN_-_Mid.xmp#01
=== CONT  TestRoundTrip_XMP_lrtemplate_XMP/FUJ_-_XPro_++.xmp
=== CONT  TestRoundTrip_XMP_lrtemplate_XMP/SHARPEN_-_Low.xmp#01
=== CONT  TestRoundTrip_XMP_lrtemplate_XMP/FUJ_-_Sensia_100_+.xmp
=== CONT  TestRoundTrip_XMP_lrtemplate_XMP/AGF_-_Ultra_100_++.xmp#01
=== CONT  TestRoundTrip_XMP_lrtemplate_XMP/KDK_-_Echrome_++.xmp#01
=== CONT  TestRoundTrip_XMP_lrtemplate_XMP/POL_-_Mono_-_film.xmp
=== CONT  TestRoundTrip_XMP_lrtemplate_XMP/POL_-_Mono_+++.xmp
=== CONT  TestRoundTrip_XMP_lrtemplate_XMP/KDK_-_Echrome_-_cool.xmp#01
=== CONT  TestRoundTrip_XMP_lrtemplate_XMP/KDK_-_Echrome_-_boost.xmp#01
=== CONT  TestRoundTrip_XMP_lrtemplate_XMP/KDK_-_Echrome_+.xmp#01
=== CONT  TestRoundTrip_XMP_lrtemplate_XMP/POL_-_Mono_+.xmp
=== CONT  TestRoundTrip_XMP_lrtemplate_XMP/POL_-_Mono_-_boost.xmp
=== CONT  TestRoundTrip_XMP_lrtemplate_XMP/POL_-_Mono_++.xmp
=== CONT  TestRoundTrip_XMP_lrtemplate_XMP/FUJ_-_Negative_+.xmp
=== CONT  TestRoundTrip_XMP_lrtemplate_XMP/EXPOSURE__-_2.xmp#02
=== CONT  TestRoundTrip_XMP_lrtemplate_XMP/FINISH_-_Retro.xmp#02
=== CONT  TestRoundTrip_XMP_lrtemplate_XMP/FUJ_-_Provia_100F_-_boost.xmp
=== CONT  TestRoundTrip_XMP_lrtemplate_XMP/FUJ_-_Provia_100F_+.xmp
=== CONT  TestRoundTrip_XMP_lrtemplate_XMP/FINISH_-_Film.xmp#02
=== CONT  TestRoundTrip_XMP_lrtemplate_XMP/FUJ_-_Provia_100F_-_film.xmp
=== CONT  TestRoundTrip_XMP_lrtemplate_XMP/FUJ_-_Provia_100F_-_cool.xmp
=== CONT  TestRoundTrip_XMP_lrtemplate_XMP/FUJ_-_Provia_100F_++.xmp
=== CONT  TestRoundTrip_XMP_lrtemplate_XMP/COLOR_-_Spearmint.xmp#02
=== CONT  TestRoundTrip_XMP_lrtemplate_XMP/FINISH_-_Bright.xmp#02
=== CONT  TestRoundTrip_XMP_lrtemplate_XMP/COLOR_-_Sea_Breeze.xmp#02
=== CONT  TestRoundTrip_XMP_lrtemplate_XMP/FINISH_-_Basic.xmp#02
=== CONT  TestRoundTrip_XMP_lrtemplate_XMP/COLOR_-_Pastel_Rouge.xmp#02
=== CONT  TestRoundTrip_XMP_lrtemplate_XMP/EXPOSURE_+_2.xmp#02
=== CONT  TestRoundTrip_XMP_lrtemplate_XMP/COLOR_-_Neutral.xmp#02
=== CONT  TestRoundTrip_XMP_lrtemplate_XMP/FUJ_-_Provia_100F_+++.xmp
=== CONT  TestRoundTrip_XMP_lrtemplate_XMP/COLOR_-_Morning.xmp#02
=== CONT  TestRoundTrip_XMP_lrtemplate_XMP/EXPOSURE_+_1.xmp#02
=== CONT  TestRoundTrip_XMP_lrtemplate_XMP/COLOR_-_Lavender.xmp#02
=== CONT  TestRoundTrip_XMP_lrtemplate_XMP/EXPOSURE__0.xmp#02
=== CONT  TestRoundTrip_XMP_lrtemplate_XMP/FUJ_-_Provia_100F_-_warm.xmp
=== CONT  TestRoundTrip_XMP_lrtemplate_XMP/DETAIL_-_Low.xmp#02
=== CONT  TestRoundTrip_XMP_lrtemplate_XMP/POL_-_Mono.xmp
=== CONT  TestRoundTrip_XMP_lrtemplate_XMP/FUJ_-_Provia_100F_++++.xmp
=== CONT  TestRoundTrip_XMP_lrtemplate_XMP/KDK_-_Echrome.xmp
=== CONT  TestRoundTrip_XMP_lrtemplate_XMP/FUJ_-_PRO_160.xmp
=== CONT  TestRoundTrip_XMP_lrtemplate_XMP/FUJ_-_Negative_++.xmp
=== CONT  TestRoundTrip_XMP_lrtemplate_XMP/FUJ_-_PRO_160_-_warm.xmp
=== CONT  TestRoundTrip_XMP_lrtemplate_XMP/FUJ_-_Negative_+++.xmp
=== CONT  TestRoundTrip_XMP_lrtemplate_XMP/FUJ_-_PRO_160_-_film.xmp
=== CONT  TestRoundTrip_XMP_lrtemplate_XMP/FUJ_-_PRO_160_-_cool.xmp
=== CONT  TestRoundTrip_XMP_lrtemplate_XMP/FUJ_-_Negative_++++.xmp
=== CONT  TestRoundTrip_XMP_lrtemplate_XMP/FUJ_-_PRO_160_+.xmp
=== CONT  TestRoundTrip_XMP_lrtemplate_XMP/EXPOSURE__-_1.xmp#02
=== CONT  TestRoundTrip_XMP_lrtemplate_XMP/EXPOSURE_+_1.xmp
=== CONT  TestRoundTrip_XMP_lrtemplate_XMP/FUJ_-_XPro_++++.xmp
=== CONT  TestRoundTrip_XMP_lrtemplate_XMP/FUJ_-_Fortia_50.xmp
=== CONT  TestRoundTrip_XMP_lrtemplate_XMP/DETAIL_-_Mid.xmp#02
=== CONT  TestRoundTrip_XMP_lrtemplate_XMP/VIBRANCE__-_Low.xmp
=== CONT  TestRoundTrip_XMP_lrtemplate_XMP/FUJ_-_PRO_160_++.xmp
=== CONT  TestRoundTrip_XMP_lrtemplate_XMP/DETAIL_-_High.xmp#01
=== CONT  TestRoundTrip_XMP_lrtemplate_XMP/FUJ_-_Negative_-_film.xmp#02
=== CONT  TestRoundTrip_XMP_lrtemplate_XMP/FUJ_-_PRO_160_+++.xmp
=== CONT  TestRoundTrip_XMP_lrtemplate_XMP/SHARPEN_-_Mid.xmp
=== CONT  TestRoundTrip_XMP_lrtemplate_XMP/FUJ_-_Astia_100F_-_warm.xmp
=== CONT  TestRoundTrip_XMP_lrtemplate_XMP/SHARPEN_-_Low.xmp
=== CONT  TestRoundTrip_XMP_lrtemplate_XMP/FUJ_-_Astia_100F_-_film.xmp
=== CONT  TestRoundTrip_XMP_lrtemplate_XMP/SHARPEN_-_High.xmp
=== CONT  TestRoundTrip_XMP_lrtemplate_XMP/FUJ_-_PRO_160_++++.xmp
=== CONT  TestRoundTrip_XMP_lrtemplate_XMP/FUJ_-_Astia_100F_-_cool.xmp
=== CONT  TestRoundTrip_XMP_lrtemplate_XMP/Lens_on.xmp
=== CONT  TestRoundTrip_XMP_lrtemplate_XMP/LIGHTING_-_Tungsten.xmp
=== CONT  TestRoundTrip_XMP_lrtemplate_XMP/DETAIL_-_Low.xmp#04
=== CONT  TestRoundTrip_XMP_lrtemplate_XMP/LIGHTING_-_Shade.xmp
=== CONT  TestRoundTrip_XMP_lrtemplate_XMP/FUJ_-_PRO_160_-_boost.xmp
=== CONT  TestRoundTrip_XMP_lrtemplate_XMP/FUJ_-_Negative.xmp
=== CONT  TestRoundTrip_XMP_lrtemplate_XMP/KDK_-_Tri-X_400_+.xmp#01
=== CONT  TestRoundTrip_XMP_lrtemplate_XMP/FUJ_-_Negative_-_warm.xmp
=== CONT  TestRoundTrip_XMP_lrtemplate_XMP/LIGHTING_-_Flash.xmp
=== CONT  TestRoundTrip_XMP_lrtemplate_XMP/LIGHTING_-_Daylight.xmp
=== CONT  TestRoundTrip_XMP_lrtemplate_XMP/FUJ_-_Negative_-_film.xmp
=== CONT  TestRoundTrip_XMP_lrtemplate_XMP/FUJ_-_Negative_-_boost.xmp#02
=== CONT  TestRoundTrip_XMP_lrtemplate_XMP/LIGHTING_-_Fluorescent.xmp
=== CONT  TestRoundTrip_XMP_lrtemplate_XMP/FUJ_-_Negative_-_cool.xmp
=== CONT  TestRoundTrip_XMP_lrtemplate_XMP/LIGHTING_-_Cloudy.xmp
=== CONT  TestRoundTrip_XMP_lrtemplate_XMP/CONTRAST_-_Mid.xmp#02
=== CONT  TestRoundTrip_XMP_lrtemplate_XMP/FUJ_-_Negative_-_boost.xmp
=== CONT  TestRoundTrip_XMP_lrtemplate_XMP/FUJ_-_Negative_++.xmp#02
=== CONT  TestRoundTrip_XMP_lrtemplate_XMP/DETAIL_-_High.xmp#02
=== CONT  TestRoundTrip_XMP_lrtemplate_XMP/LIGHTING_-_Auto_Set.xmp
=== CONT  TestRoundTrip_XMP_lrtemplate_XMP/LIGHTING_-_As_Shot.xmp
=== CONT  TestRoundTrip_XMP_lrtemplate_XMP/KDK_-_Tri-X_400_+++.xmp#01
=== CONT  TestRoundTrip_XMP_lrtemplate_XMP/FUJ_-_Negative_+.xmp#02
=== CONT  TestRoundTrip_XMP_lrtemplate_XMP/FINISH_-_Washed.xmp
=== CONT  TestRoundTrip_XMP_lrtemplate_XMP/FUJ_-_Color_100.xmp
=== CONT  TestRoundTrip_XMP_lrtemplate_XMP/FINISH_-_Vintage.xmp
=== CONT  TestRoundTrip_XMP_lrtemplate_XMP/FUJ_-_Astia_100F_-_boost.xmp
=== CONT  TestRoundTrip_XMP_lrtemplate_XMP/FUJ_-_Fortia_50_-_film.xmp
=== CONT  TestRoundTrip_XMP_lrtemplate_XMP/FUJ_-_Fortia_50_-_boost.xmp
=== CONT  TestRoundTrip_XMP_lrtemplate_XMP/FUJ_-_Fortia_50_+.xmp
=== CONT  TestRoundTrip_XMP_lrtemplate_XMP/FUJ_-_Fortia_50_++.xmp
=== CONT  TestRoundTrip_XMP_lrtemplate_XMP/KDK_-_Plus_125.xmp#01
=== CONT  TestRoundTrip_XMP_lrtemplate_XMP/FUJ_-_Fortia_50_+++.xmp
=== CONT  TestRoundTrip_XMP_lrtemplate_XMP/FINISH_-_Strong.xmp
=== CONT  TestRoundTrip_XMP_lrtemplate_XMP/KDK_-_Tri-X_400_++.xmp#01
=== CONT  TestRoundTrip_XMP_lrtemplate_XMP/FUJ_-_Fortia_50_-_cool.xmp
=== CONT  TestRoundTrip_XMP_lrtemplate_XMP/CONTRAST_-_Low.xmp#02
=== CONT  TestRoundTrip_XMP_lrtemplate_XMP/FINISH_-_Retro.xmp
=== CONT  TestRoundTrip_XMP_lrtemplate_XMP/FUJ_-_Negative_+++.xmp#02
=== CONT  TestRoundTrip_XMP_lrtemplate_XMP/KDK_-_Plus_125_-_film.xmp#01
=== CONT  TestRoundTrip_XMP_lrtemplate_XMP/FINISH_-_Film.xmp
=== CONT  TestRoundTrip_XMP_lrtemplate_XMP/FINISH_-_Washed.xmp#04
=== CONT  TestRoundTrip_XMP_lrtemplate_XMP/KDK_-_Plus_125_-_boost.xmp#01
=== CONT  TestRoundTrip_XMP_lrtemplate_XMP/FINISH_-_Vintage.xmp#04
=== CONT  TestRoundTrip_XMP_lrtemplate_XMP/FUJ_-_Fortia_50_++++.xmp
=== CONT  TestRoundTrip_XMP_lrtemplate_XMP/KDK_-_Plus_125_+.xmp#01
=== CONT  TestRoundTrip_XMP_lrtemplate_XMP/FINISH_-_Strong.xmp#04
=== CONT  TestRoundTrip_XMP_lrtemplate_XMP/Lens_off.xmp
=== CONT  TestRoundTrip_XMP_lrtemplate_XMP/EXPOSURE_+_2.xmp#04
=== CONT  TestRoundTrip_XMP_lrtemplate_XMP/POL_-_Color_Instant_++.xmp#01
=== CONT  TestRoundTrip_XMP_lrtemplate_XMP/POL_-_Color_Instant_+++.xmp#01
=== CONT  TestRoundTrip_XMP_lrtemplate_XMP/FUJ_-_Provia_100F.xmp
=== CONT  TestRoundTrip_XMP_lrtemplate_XMP/CONTRAST_-_Mid.xmp#01
=== CONT  TestRoundTrip_XMP_lrtemplate_XMP/POL_-_Color_Instant_++++.xmp#01
=== CONT  TestRoundTrip_XMP_lrtemplate_XMP/POL_-_Color_600.xmp#01
=== CONT  TestRoundTrip_XMP_lrtemplate_XMP/CONTRAST_-_Low.xmp#01
=== CONT  TestRoundTrip_XMP_lrtemplate_XMP/KDK_-_Kodachrome_64_-_cool.xmp
=== CONT  TestRoundTrip_XMP_lrtemplate_XMP/FUJ_-_Color_100_-_warm.xmp
=== CONT  TestRoundTrip_XMP_lrtemplate_XMP/FUJ_-_Fortia_50_-_warm.xmp
=== CONT  TestRoundTrip_XMP_lrtemplate_XMP/POL_-_Color_600_-_warm.xmp#01
=== CONT  TestRoundTrip_XMP_lrtemplate_XMP/KDK_-_Kodachrome_64_-_color.xmp
=== CONT  TestRoundTrip_XMP_lrtemplate_XMP/FUJ_-_Color_100_-_film.xmp
=== CONT  TestRoundTrip_XMP_lrtemplate_XMP/KDK_-_Kodachrome_64_-_boost.xmp
=== CONT  TestRoundTrip_XMP_lrtemplate_XMP/FUJ_-_Astia_100F_+.xmp
=== CONT  TestRoundTrip_XMP_lrtemplate_XMP/CONTRAST_-_High.xmp#01
=== CONT  TestRoundTrip_XMP_lrtemplate_XMP/KDK_-_Kodachrome_64_+.xmp
=== CONT  TestRoundTrip_XMP_lrtemplate_XMP/KDK_-_Kodachrome_64_++.xmp
=== CONT  TestRoundTrip_XMP_lrtemplate_XMP/KDK_-_Kodachrome_64_+++.xmp
=== CONT  TestRoundTrip_XMP_lrtemplate_XMP/KDK_-_Tri-X_400_++.xmp
=== CONT  TestRoundTrip_XMP_lrtemplate_XMP/KDK_-_Tri-X_400_-_film.xmp
=== CONT  TestRoundTrip_XMP_lrtemplate_XMP/KDK_-_Tri-X_400_-_boost.xmp
=== CONT  TestRoundTrip_XMP_lrtemplate_XMP/KDK_-_Tri-X_400_+.xmp
=== CONT  TestRoundTrip_XMP_lrtemplate_XMP/FINISH_-_Bright.xmp#01
=== CONT  TestRoundTrip_XMP_lrtemplate_XMP/EXPOSURE_+_1.xmp#04
=== CONT  TestRoundTrip_XMP_lrtemplate_XMP/FUJ_-_Astia_100F_++.xmp
=== CONT  TestRoundTrip_XMP_lrtemplate_XMP/FUJ_-_Astia_100F_++++.xmp
=== CONT  TestRoundTrip_XMP_lrtemplate_XMP/FUJ_-_Astia_100F_+++.xmp
=== CONT  TestRoundTrip_XMP_lrtemplate_XMP/FINISH_-_Washed.xmp#01
=== CONT  TestRoundTrip_XMP_lrtemplate_XMP/FINISH_-_Vintage.xmp#01
=== CONT  TestRoundTrip_XMP_lrtemplate_XMP/FINISH_-_Strong.xmp#01
=== CONT  TestRoundTrip_XMP_lrtemplate_XMP/FINISH_-_Basic.xmp#01
=== CONT  TestRoundTrip_XMP_lrtemplate_XMP/COLOR_-_Warm_Light.xmp#01
=== CONT  TestRoundTrip_XMP_lrtemplate_XMP/EXPOSURE_+_2.xmp#01
=== CONT  TestRoundTrip_XMP_lrtemplate_XMP/FINISH_-_Retro.xmp#01
=== CONT  TestRoundTrip_XMP_lrtemplate_XMP/EXPOSURE_+_1.xmp#01
=== CONT  TestRoundTrip_XMP_lrtemplate_XMP/EXPOSURE__0.xmp#04
=== CONT  TestRoundTrip_XMP_lrtemplate_XMP/EXPOSURE__0.xmp#01
=== CONT  TestRoundTrip_XMP_lrtemplate_XMP/COLOR_-_Spearmint.xmp#01
=== CONT  TestRoundTrip_XMP_lrtemplate_XMP/FINISH_-_Film.xmp#01
=== CONT  TestRoundTrip_XMP_lrtemplate_XMP/EXPOSURE__-_2.xmp#01
=== CONT  TestRoundTrip_XMP_lrtemplate_XMP/EXPOSURE__-_1.xmp#04
=== CONT  TestRoundTrip_XMP_lrtemplate_XMP/FINISH_-_Basic.xmp
=== CONT  TestRoundTrip_XMP_lrtemplate_XMP/EXPOSURE__-_2.xmp#04
=== CONT  TestRoundTrip_XMP_lrtemplate_XMP/DETAIL_-_Mid.xmp#04
=== CONT  TestRoundTrip_XMP_lrtemplate_XMP/FINISH_-_Bright.xmp
=== CONT  TestRoundTrip_XMP_lrtemplate_XMP/EXPOSURE__-_2.xmp#03
=== CONT  TestRoundTrip_XMP_lrtemplate_XMP/COLOR_-_Sea_Breeze.xmp#01
=== CONT  TestRoundTrip_XMP_lrtemplate_XMP/EXPOSURE_+_2.xmp
=== CONT  TestRoundTrip_XMP_lrtemplate_XMP/FINISH_-_Film.xmp#04
=== CONT  TestRoundTrip_XMP_lrtemplate_XMP/KDK_-_Elite_100_-_warm.xmp#01
=== CONT  TestRoundTrip_XMP_lrtemplate_XMP/POL_-_Color_600_++.xmp#01
=== CONT  TestRoundTrip_XMP_lrtemplate_XMP/POL_-_Color_600_+.xmp#01
=== CONT  TestRoundTrip_XMP_lrtemplate_XMP/POL_-_Cinematic.xmp#01
=== CONT  TestRoundTrip_XMP_lrtemplate_XMP/POL_-_Color_600_-_boost.xmp#01
=== CONT  TestRoundTrip_XMP_lrtemplate_XMP/VIBRANCE__-_Mid.xmp
=== CONT  TestRoundTrip_XMP_lrtemplate_XMP/COLOR_-_Pastel_Rouge.xmp#01
=== CONT  TestRoundTrip_XMP_lrtemplate_XMP/POL_-_Color_600_+++.xmp#01
=== CONT  TestRoundTrip_XMP_lrtemplate_XMP/COLOR_-_Morning.xmp#01
=== CONT  TestRoundTrip_XMP_lrtemplate_XMP/POL_-_Cinematic_-_warm.xmp#01
=== CONT  TestRoundTrip_XMP_lrtemplate_XMP/COLOR_-_Lavender.xmp#01
=== CONT  TestRoundTrip_XMP_lrtemplate_XMP/KDK_-_Plus_125_++.xmp#01
=== CONT  TestRoundTrip_XMP_lrtemplate_XMP/EXPOSURE__0.xmp
=== CONT  TestRoundTrip_XMP_lrtemplate_XMP/POL_-_Cinematic_-_film.xmp#01
=== CONT  TestRoundTrip_XMP_lrtemplate_XMP/o_9.xmp
=== CONT  TestRoundTrip_XMP_lrtemplate_XMP/KDK_-_Ektar_100.xmp#01
=== CONT  TestRoundTrip_XMP_lrtemplate_XMP/FUJ_-_Neopan_100_-_boost.xmp
=== CONT  TestRoundTrip_XMP_lrtemplate_XMP/o_5.xmp
=== CONT  TestRoundTrip_XMP_lrtemplate_XMP/POL_-_Cinematic_-_boost.xmp#01
=== CONT  TestRoundTrip_XMP_lrtemplate_XMP/FINISH_-_Retro.xmp#04
=== CONT  TestRoundTrip_XMP_lrtemplate_XMP/KDK_-_Elite_100_-_film.xmp#01
=== CONT  TestRoundTrip_XMP_lrtemplate_XMP/POL_-_Cinematic_-_cool.xmp#01
=== CONT  TestRoundTrip_XMP_lrtemplate_XMP/POL_-_Cinematic_+.xmp#01
=== CONT  TestRoundTrip_XMP_lrtemplate_XMP/FUJ_-_Neopan_100_++.xmp
=== CONT  TestRoundTrip_XMP_lrtemplate_XMP/POL_-_Color_600_-_cool.xmp#01
=== CONT  TestRoundTrip_XMP_lrtemplate_XMP/KDK_-_Plus_125_+++.xmp#01
=== CONT  TestRoundTrip_XMP_lrtemplate_XMP/EXPOSURE__-_1.xmp#01
=== CONT  TestRoundTrip_XMP_lrtemplate_XMP/o_3.xmp
=== CONT  TestRoundTrip_XMP_lrtemplate_XMP/o_2.xmp
=== CONT  TestRoundTrip_XMP_lrtemplate_XMP/FUJ_-_Color_100_-_boost.xmp
=== CONT  TestRoundTrip_XMP_lrtemplate_XMP/COLOR_-_Neutral.xmp#01
=== CONT  TestRoundTrip_XMP_lrtemplate_XMP/o_8.xmp
=== CONT  TestRoundTrip_XMP_lrtemplate_XMP/FUJ_-_Neopan_100.xmp
=== CONT  TestRoundTrip_XMP_lrtemplate_XMP/EXPOSURE__-_2.xmp
=== CONT  TestRoundTrip_XMP_lrtemplate_XMP/o_.xmp
=== CONT  TestRoundTrip_XMP_lrtemplate_XMP/o_7.xmp
=== CONT  TestRoundTrip_XMP_lrtemplate_XMP/FUJ_-_Color_100_++.xmp
=== CONT  TestRoundTrip_XMP_lrtemplate_XMP/DETAIL_-_Mid.xmp#01
=== CONT  TestRoundTrip_XMP_lrtemplate_XMP/DETAIL_-_Low.xmp#01
=== CONT  TestRoundTrip_XMP_lrtemplate_XMP/FUJ_-_Neopan_100_-_film.xmp
=== CONT  TestRoundTrip_XMP_lrtemplate_XMP/FUJ_-_Neopan_100_+.xmp
=== CONT  TestRoundTrip_XMP_lrtemplate_XMP/o_6.xmp
=== CONT  TestRoundTrip_XMP_lrtemplate_XMP/FUJ_-_Color_100_-_cool.xmp
=== CONT  TestRoundTrip_XMP_lrtemplate_XMP/o_4.xmp
=== CONT  TestRoundTrip_XMP_lrtemplate_XMP/POL_-_Cinematic_++.xmp#01
=== CONT  TestRoundTrip_XMP_lrtemplate_XMP/o.xmp
=== CONT  TestRoundTrip_XMP_lrtemplate_XMP/auto_wb___.xmp
=== CONT  TestRoundTrip_XMP_lrtemplate_XMP/DETAIL_-_High.xmp
=== CONT  TestRoundTrip_XMP_lrtemplate_XMP/FUJ_-_Color_100_+++.xmp
=== CONT  TestRoundTrip_XMP_lrtemplate_XMP/DETAIL_-_Mid.xmp
=== CONT  TestRoundTrip_XMP_lrtemplate_XMP/CONTRAST_-_Mid.xmp
=== CONT  TestRoundTrip_XMP_lrtemplate_XMP/o_1.xmp
=== CONT  TestRoundTrip_XMP_lrtemplate_XMP/COLOR_-_Neutral.xmp
=== CONT  TestRoundTrip_XMP_lrtemplate_XMP/LIGHTING_-_Daylight.xmp#02
=== CONT  TestRoundTrip_XMP_lrtemplate_XMP/FUJ_-_Color_100_++++.xmp
=== CONT  TestRoundTrip_XMP_lrtemplate_XMP/CONTRAST_-_Low.xmp
=== CONT  TestRoundTrip_XMP_lrtemplate_XMP/CONTRAST_-_High.xmp
=== CONT  TestRoundTrip_XMP_lrtemplate_XMP/FUJ_-_Color_100_+.xmp
=== CONT  TestRoundTrip_XMP_lrtemplate_XMP/o_3.xmp#03
=== CONT  TestRoundTrip_XMP_lrtemplate_XMP/COLOR_-_Warm_Light.xmp
=== CONT  TestRoundTrip_XMP_lrtemplate_XMP/LIGHTING_-_Flash.xmp#02
=== CONT  TestRoundTrip_XMP_lrtemplate_XMP/DETAIL_-_High.xmp#04
=== CONT  TestRoundTrip_XMP_lrtemplate_XMP/POL_-_Color_600_-_film.xmp#01
=== CONT  TestRoundTrip_XMP_lrtemplate_XMP/CONTRAST_-_Mid.xmp#04
=== CONT  TestRoundTrip_XMP_lrtemplate_XMP/CONTRAST_-_Low.xmp#04
=== CONT  TestRoundTrip_XMP_lrtemplate_XMP/COLOR_-_Spearmint.xmp
=== CONT  TestRoundTrip_XMP_lrtemplate_XMP/EXPOSURE__-_1.xmp#03
=== CONT  TestRoundTrip_XMP_lrtemplate_XMP/CONTRAST_-_High.xmp#04
=== CONT  TestRoundTrip_XMP_lrtemplate_XMP/DETAIL_-_Mid.xmp#03
=== CONT  TestRoundTrip_XMP_lrtemplate_XMP/FUJ_-_Negative.xmp#02
=== CONT  TestRoundTrip_XMP_lrtemplate_XMP/COLOR_-_Warm_Light.xmp#04
=== CONT  TestRoundTrip_XMP_lrtemplate_XMP/COLOR_-_Sea_Breeze.xmp
=== CONT  TestRoundTrip_XMP_lrtemplate_XMP/COLOR_-_Spearmint.xmp#04
=== CONT  TestRoundTrip_XMP_lrtemplate_XMP/DETAIL_-_Low.xmp#03
=== CONT  TestRoundTrip_XMP_lrtemplate_XMP/COLOR_-_Pastel_Rouge.xmp
=== CONT  TestRoundTrip_XMP_lrtemplate_XMP/COLOR_-_Sea_Breeze.xmp#04
=== CONT  TestRoundTrip_XMP_lrtemplate_XMP/FINISH_-_Bright.xmp#04
=== CONT  TestRoundTrip_XMP_lrtemplate_XMP/o_9.xmp#03
=== CONT  TestRoundTrip_XMP_lrtemplate_XMP/o_8.xmp#03
=== CONT  TestRoundTrip_XMP_lrtemplate_XMP/COLOR_-_Pastel_Rouge.xmp#04
=== CONT  TestRoundTrip_XMP_lrtemplate_XMP/DETAIL_-_High.xmp#03
=== CONT  TestRoundTrip_XMP_lrtemplate_XMP/KDK_-_Echrome_200.xmp#01
=== CONT  TestRoundTrip_XMP_lrtemplate_XMP/LIGHTING_-_Auto_Set.xmp#03
=== CONT  TestRoundTrip_XMP_lrtemplate_XMP/POL_-_Cinematic_+++.xmp#01
=== CONT  TestRoundTrip_XMP_lrtemplate_XMP/COLOR_-_Neutral.xmp#04
=== CONT  TestRoundTrip_XMP_lrtemplate_XMP/COLOR_-_Morning.xmp#04
=== CONT  TestRoundTrip_XMP_lrtemplate_XMP/POL_-_Cinematic_++++.xmp#01
=== CONT  TestRoundTrip_XMP_lrtemplate_XMP/o_7.xmp#03
=== CONT  TestRoundTrip_XMP_lrtemplate_XMP/CONTRAST_-_Mid.xmp#03
=== CONT  TestRoundTrip_XMP_lrtemplate_XMP/Lens_on.xmp#03
=== CONT  TestRoundTrip_XMP_lrtemplate_XMP/CONTRAST_-_Low.xmp#03
=== CONT  TestRoundTrip_XMP_lrtemplate_XMP/Lens_off.xmp#03
=== CONT  TestRoundTrip_XMP_lrtemplate_XMP/CONTRAST_-_High.xmp#03
=== CONT  TestRoundTrip_XMP_lrtemplate_XMP/COLOR_-_Lavender.xmp#04
=== CONT  TestRoundTrip_XMP_lrtemplate_XMP/LIGHTING_-_Tungsten.xmp#03
=== CONT  TestRoundTrip_XMP_lrtemplate_XMP/COLOR_-_Warm_Light.xmp#03
=== CONT  TestRoundTrip_XMP_lrtemplate_XMP/LIGHTING_-_Shade.xmp#03
=== CONT  TestRoundTrip_XMP_lrtemplate_XMP/KDK_-_Echrome_200_+.xmp#01
=== CONT  TestRoundTrip_XMP_lrtemplate_XMP/COLOR_-_Spearmint.xmp#03
=== CONT  TestRoundTrip_XMP_lrtemplate_XMP/KDK_-_Echrome_200_-_warm.xmp#01
=== CONT  TestRoundTrip_XMP_lrtemplate_XMP/LIGHTING_-_Fluorescent.xmp#03
=== CONT  TestRoundTrip_XMP_lrtemplate_XMP/o_6.xmp#03
=== CONT  TestRoundTrip_XMP_lrtemplate_XMP/LIGHTING_-_Flash.xmp#03
=== CONT  TestRoundTrip_XMP_lrtemplate_XMP/o_5.xmp#03
=== CONT  TestRoundTrip_XMP_lrtemplate_XMP/COLOR_-_Sea_Breeze.xmp#03
=== CONT  TestRoundTrip_XMP_lrtemplate_XMP/LIGHTING_-_Daylight.xmp#03
=== CONT  TestRoundTrip_XMP_lrtemplate_XMP/o_4.xmp#03
=== CONT  TestRoundTrip_XMP_lrtemplate_XMP/KDK_-_Echrome_200_-_film.xmp#01
=== CONT  TestRoundTrip_XMP_lrtemplate_XMP/COLOR_-_Pastel_Rouge.xmp#03
=== CONT  TestRoundTrip_XMP_lrtemplate_XMP/COLOR_-_Neutral.xmp#03
=== CONT  TestRoundTrip_XMP_lrtemplate_XMP/COLOR_-_Morning.xmp#03
=== CONT  TestRoundTrip_XMP_lrtemplate_XMP/LIGHTING_-_Cloudy.xmp#03
=== CONT  TestRoundTrip_XMP_lrtemplate_XMP/VIBRANCE__-_Low.xmp#03
=== CONT  TestRoundTrip_XMP_lrtemplate_XMP/KDK_-_Elite_100_-_cool.xmp#01
=== CONT  TestRoundTrip_XMP_lrtemplate_XMP/Fuji_Pro_400H_Emulation_3.xmp
=== CONT  TestRoundTrip_XMP_lrtemplate_XMP/COLOR_-_Lavender.xmp#03
=== CONT  TestRoundTrip_XMP_lrtemplate_XMP/POL_-_Cinematic.xmp#02
=== CONT  TestRoundTrip_XMP_lrtemplate_XMP/KDK_-_Tri-X_400.xmp#02
=== CONT  TestRoundTrip_XMP_lrtemplate_XMP/KDK_-_Echrome_64_-_warm.xmp#01
=== CONT  TestRoundTrip_XMP_lrtemplate_XMP/KDK_-_Portra.xmp#02
=== CONT  TestRoundTrip_XMP_lrtemplate_XMP/LIGHTING_-_Fluorescent.xmp#02
=== CONT  TestRoundTrip_XMP_lrtemplate_XMP/KDK_-_Portra_800.xmp#02
=== CONT  TestRoundTrip_XMP_lrtemplate_XMP/o_9.xmp#02
=== CONT  TestRoundTrip_XMP_lrtemplate_XMP/KDK_-_Echrome_64_-_film.xmp#01
=== CONT  TestRoundTrip_XMP_lrtemplate_XMP/LIGHTING_-_Cloudy.xmp#02
=== CONT  TestRoundTrip_XMP_lrtemplate_XMP/KDK_-_Portra_400.xmp#02
=== CONT  TestRoundTrip_XMP_lrtemplate_XMP/o_7.xmp#02
=== CONT  TestRoundTrip_XMP_lrtemplate_XMP/o_6.xmp#02
=== CONT  TestRoundTrip_XMP_lrtemplate_XMP/LIGHTING_-_Auto_Set.xmp#02
=== CONT  TestRoundTrip_XMP_lrtemplate_XMP/auto_tone_.xmp
=== CONT  TestRoundTrip_XMP_lrtemplate_XMP/o_5.xmp#02
=== CONT  TestRoundTrip_XMP_lrtemplate_XMP/o_8.xmp#02
=== CONT  TestRoundTrip_XMP_lrtemplate_XMP/o_4.xmp#02
=== CONT  TestRoundTrip_XMP_lrtemplate_XMP/o_1.xmp#02
=== CONT  TestRoundTrip_XMP_lrtemplate_XMP/o_2.xmp#02
=== CONT  TestRoundTrip_XMP_lrtemplate_XMP/FINISH_-_Film.xmp#03
=== CONT  TestRoundTrip_XMP_lrtemplate_XMP/CONTRAST_-_High.xmp#02
=== CONT  TestRoundTrip_XMP_lrtemplate_XMP/POL_-_Color_600_-_film.xmp
=== CONT  TestRoundTrip_XMP_lrtemplate_XMP/o.xmp#02
=== CONT  TestRoundTrip_XMP_lrtemplate_XMP/POL_-_Color_Instant_++.xmp
=== CONT  TestRoundTrip_XMP_lrtemplate_XMP/KDK_-_Portra_160.xmp#02
=== CONT  TestRoundTrip_XMP_lrtemplate_XMP/auto_wb.xmp
=== CONT  TestRoundTrip_XMP_lrtemplate_XMP/EXPOSURE_+_1.xmp#03
=== CONT  TestRoundTrip_XMP_lrtemplate_XMP/POL_-_Color_Instant_+++.xmp
=== CONT  TestRoundTrip_XMP_lrtemplate_XMP/o_3.xmp#02
=== CONT  TestRoundTrip_XMP_lrtemplate_XMP/LIGHTING_-_As_Shot.xmp#03
=== CONT  TestRoundTrip_XMP_lrtemplate_XMP/POL_-_Color_Instant_+.xmp
=== CONT  TestRoundTrip_XMP_lrtemplate_XMP/EXPOSURE_+_2.xmp#03
=== CONT  TestRoundTrip_XMP_lrtemplate_XMP/KDK_-_Plus_125.xmp#02
=== CONT  TestRoundTrip_XMP_lrtemplate_XMP/POL_-_Color_Instant_-_boost.xmp
=== CONT  TestRoundTrip_XMP_lrtemplate_XMP/KDK_-_Gold_200.xmp#02
=== CONT  TestRoundTrip_XMP_lrtemplate_XMP/EXPOSURE__0.xmp#03
=== CONT  TestRoundTrip_XMP_lrtemplate_XMP/KDK_-_Elite_100.xmp#02
=== CONT  TestRoundTrip_XMP_lrtemplate_XMP/FINISH_-_Bright.xmp#03
=== CONT  TestRoundTrip_XMP_lrtemplate_XMP/VIBRANCE_-__High.xmp#02
=== CONT  TestRoundTrip_XMP_lrtemplate_XMP/KDK_-_Echrome_200_-_cool.xmp#01
=== CONT  TestRoundTrip_XMP_lrtemplate_XMP/KDK_-_Ektar_100.xmp#02
=== CONT  TestRoundTrip_XMP_lrtemplate_XMP/KDK_-_Echrome_64_++.xmp#01
=== CONT  TestRoundTrip_XMP_lrtemplate_XMP/KDK_-_Echrome_64_-_boost.xmp#01
=== CONT  TestRoundTrip_XMP_lrtemplate_XMP/KDK_-_Echrome_200_-_boost.xmp#01
=== CONT  TestRoundTrip_XMP_lrtemplate_XMP/EXPOSURE__-_1.xmp
=== CONT  TestRoundTrip_XMP_lrtemplate_XMP/auto_tone___.xmp#02
=== CONT  TestRoundTrip_XMP_lrtemplate_XMP/o_2.xmp#03
=== CONT  TestRoundTrip_XMP_lrtemplate_XMP/FUJ_-_Neopan_100_+++.xmp
=== CONT  TestRoundTrip_XMP_lrtemplate_XMP/KDK_-_Echrome_64_-_cool.xmp#01
=== CONT  TestRoundTrip_XMP_lrtemplate_XMP/o_1.xmp#03
=== CONT  TestRoundTrip_XMP_lrtemplate_XMP/COLOR_-_Morning.xmp
=== CONT  TestRoundTrip_XMP_lrtemplate_XMP/o.xmp#03
=== CONT  TestRoundTrip_XMP_lrtemplate_XMP/Fuji_Pro_400H_Emulation_2.xmp
=== CONT  TestRoundTrip_XMP_lrtemplate_XMP/KDK_-_Echrome_64.xmp#02
=== CONT  TestRoundTrip_XMP_lrtemplate_XMP/o_.xmp#02
=== CONT  TestRoundTrip_XMP_lrtemplate_XMP/KDK_-_Echrome_64_+++.xmp#01
=== CONT  TestRoundTrip_XMP_lrtemplate_XMP/o_.xmp#01
=== CONT  TestRoundTrip_XMP_lrtemplate_XMP/auto_wb___.xmp#01
=== CONT  TestRoundTrip_XMP_lrtemplate_XMP/KDK_-_Echrome_64_++++.xmp#01
=== CONT  TestRoundTrip_XMP_lrtemplate_XMP/auto_tone___.xmp#01
=== CONT  TestRoundTrip_XMP_lrtemplate_XMP/AGF_-_Vista_Plus_-_cool.xmp
=== CONT  TestRoundTrip_XMP_lrtemplate_XMP/VIBRANCE_-__High.xmp#03
=== CONT  TestRoundTrip_XMP_lrtemplate_XMP/COLOR_-_Lavender.xmp
=== CONT  TestRoundTrip_XMP_lrtemplate_XMP/AGF_-_Vista_Plus.xmp
=== CONT  TestRoundTrip_XMP_lrtemplate_XMP/AGF_-_Vista_Plus_-_warm.xmp
=== CONT  TestRoundTrip_XMP_lrtemplate_XMP/SHARPEN_-_Low.xmp#02
=== CONT  TestRoundTrip_XMP_lrtemplate_XMP/AGF_-_Vista_Plus_+.xmp
=== CONT  TestRoundTrip_XMP_lrtemplate_XMP/AGF_-_Vista_Plus_+++.xmp
=== CONT  TestRoundTrip_XMP_lrtemplate_XMP/AGF_-_Vista_Plus_-_film.xmp
=== CONT  TestRoundTrip_XMP_lrtemplate_XMP/AGF_-_Vista_Plus_-_boost.xmp
=== CONT  TestRoundTrip_XMP_lrtemplate_XMP/AGF_-_Vista_Plus_++.xmp
=== CONT  TestRoundTrip_XMP_lrtemplate_XMP/VIBRANCE__-_Mid.xmp#03
=== CONT  TestRoundTrip_XMP_lrtemplate_XMP/FINISH_-_Basic.xmp#03
=== CONT  TestRoundTrip_XMP_lrtemplate_XMP/AGF_-_Optima_100_++.xmp
=== CONT  TestRoundTrip_XMP_lrtemplate_XMP/AGF_-_Ultra_100_-_warm.xmp
=== CONT  TestRoundTrip_XMP_lrtemplate_XMP/KDK_-_Echrome_+++.xmp#01
=== CONT  TestRoundTrip_XMP_lrtemplate_XMP/AGF_-_Ultra_100_-_film.xmp
=== CONT  TestRoundTrip_XMP_lrtemplate_XMP/AGF_-_Ultra_100_-_cool.xmp
=== CONT  TestRoundTrip_XMP_lrtemplate_XMP/KDK_-_Portra_160_+.xmp#01
=== CONT  TestRoundTrip_XMP_lrtemplate_XMP/FINISH_-_Washed.xmp#03
=== CONT  TestRoundTrip_XMP_lrtemplate_XMP/AGF_-_Ultra_100_-_boost.xmp
=== CONT  TestRoundTrip_XMP_lrtemplate_XMP/VIBRANCE__-_Low.xmp#02
=== CONT  TestRoundTrip_XMP_lrtemplate_XMP/KDK_-_Echrome_++++.xmp#01
=== CONT  TestRoundTrip_XMP_lrtemplate_XMP/AGF_-_Ultra_100.xmp
=== CONT  TestRoundTrip_XMP_lrtemplate_XMP/KDK_-_Portra_400_+.xmp#01
=== CONT  TestRoundTrip_XMP_lrtemplate_XMP/AGF_-_Ultra_100_+.xmp
=== CONT  TestRoundTrip_XMP_lrtemplate_XMP/KDK_-_Portra_400_++.xmp#01
=== CONT  TestRoundTrip_XMP_lrtemplate_XMP/AGF_-_Optima_100_+++.xmp
=== CONT  TestRoundTrip_XMP_lrtemplate_XMP/SHARPEN_-_Mid.xmp#02
=== CONT  TestRoundTrip_XMP_lrtemplate_XMP/FINISH_-_Vintage.xmp#03
=== CONT  TestRoundTrip_XMP_lrtemplate_XMP/KDK_-_Portra_400_+++.xmp#01
=== CONT  TestRoundTrip_XMP_lrtemplate_XMP/AGF_-_Ultra_100_+++.xmp
=== CONT  TestRoundTrip_XMP_lrtemplate_XMP/KDK_-_Tri-X_400_+++.xmp
=== CONT  TestRoundTrip_XMP_lrtemplate_XMP/AGF_-_Optima_100_++++.xmp
=== CONT  TestRoundTrip_XMP_lrtemplate_XMP/KDK_-_Portra_400_++++.xmp#01
=== CONT  TestRoundTrip_XMP_lrtemplate_XMP/AGF_-_Ultra_100_++++.xmp
=== CONT  TestRoundTrip_XMP_lrtemplate_XMP/KDK_-_Portra_160.xmp#01
=== CONT  TestRoundTrip_XMP_lrtemplate_XMP/KDK_-_Gold_200_-_boost.xmp#01
=== CONT  TestRoundTrip_XMP_lrtemplate_XMP/AGF_-_Portrait_160.xmp
=== CONT  TestRoundTrip_XMP_lrtemplate_XMP/KDK_-_Portra_160_-_warm.xmp#01
=== CONT  TestRoundTrip_XMP_lrtemplate_XMP/AGF_-_Portrait_160_-_warm.xmp
=== CONT  TestRoundTrip_XMP_lrtemplate_XMP/KDK_-_Echrome_64_+.xmp#01
=== CONT  TestRoundTrip_XMP_lrtemplate_XMP/AGF_-_Ultra_100_++.xmp
=== CONT  TestRoundTrip_XMP_lrtemplate_XMP/KDK_-_Portra_160_-_film.xmp#01
=== CONT  TestRoundTrip_XMP_lrtemplate_XMP/KDK_-_Ektar_100_+.xmp#01
=== CONT  TestRoundTrip_XMP_lrtemplate_XMP/AGF_-_Chrome_RSX.xmp
=== CONT  TestRoundTrip_XMP_lrtemplate_XMP/KDK_-_Ektar_100_-_warm.xmp#01
=== CONT  TestRoundTrip_XMP_lrtemplate_XMP/KDK_-_Gold_200.xmp#01
=== CONT  TestRoundTrip_XMP_lrtemplate_XMP/Fuji_Pro_400H_Emulation_1.xmp
=== CONT  TestRoundTrip_XMP_lrtemplate_XMP/KDK_-_Ektar_100_-_film.xmp#01
=== CONT  TestRoundTrip_XMP_lrtemplate_XMP/FL_ILFORDHP5-Original.xmp
=== CONT  TestRoundTrip_XMP_lrtemplate_XMP/VIBRANCE__-_Mid.xmp#02
=== CONT  TestRoundTrip_XMP_lrtemplate_XMP/FL_FUJI_PRO_800Z.xmp
=== CONT  TestRoundTrip_XMP_lrtemplate_XMP/FL_FUJI_PRO_800Z-N.xmp
=== CONT  TestRoundTrip_XMP_lrtemplate_XMP/KDK_-_Portra_160_-_cool.xmp#01
=== CONT  TestRoundTrip_XMP_lrtemplate_XMP/KDK_-_Gold_200_-_film.xmp#01
=== CONT  TestRoundTrip_XMP_lrtemplate_XMP/FL_FUJI_PRO_800Z-F.xmp
=== CONT  TestRoundTrip_XMP_lrtemplate_XMP/KDK_-_Portra_160_-_boost.xmp#01
=== CONT  TestRoundTrip_XMP_lrtemplate_XMP/KDK_-_Gold_200_-_cool.xmp#01
=== CONT  TestRoundTrip_XMP_lrtemplate_XMP/KDK_-_Ektar_100_-_cool.xmp#01
=== CONT  TestRoundTrip_XMP_lrtemplate_XMP/SHARPEN_-_High.xmp#02
=== CONT  TestRoundTrip_XMP_lrtemplate_XMP/KDK_-_Portra_-_film.xmp#01
=== CONT  TestRoundTrip_XMP_lrtemplate_XMP/KDK_-_Portra_160_+++.xmp#01
=== CONT  TestRoundTrip_XMP_lrtemplate_XMP/KDK_-_Gold_200_-_warm.xmp#01
=== CONT  TestRoundTrip_XMP_lrtemplate_XMP/AGF_-_Portrait_160_-_film.xmp
=== CONT  TestRoundTrip_XMP_lrtemplate_XMP/KDK_-_Ektar_100_-_boost.xmp#01
=== CONT  TestRoundTrip_XMP_lrtemplate_XMP/KDK_-_Portra_160_++++.xmp#01
=== CONT  TestRoundTrip_XMP_lrtemplate_XMP/Lens_on.xmp#02
=== CONT  TestRoundTrip_XMP_lrtemplate_XMP/--FL_MASTER-FUJI_400H-Pushed-F.xmp
=== CONT  TestRoundTrip_XMP_lrtemplate_XMP/--MASTER_PACK_DEVELOPMENT_TOOLS------------.xmp
=== CONT  TestRoundTrip_XMP_lrtemplate_XMP/--FL_MASTER-FUJI_400H-Original.xmp
=== CONT  TestRoundTrip_XMP_lrtemplate_XMP/AGF_-_Chrome_RSX_-_cool.xmp
=== CONT  TestRoundTrip_XMP_lrtemplate_XMP/--FL_MASTER-FUJI_160NS-Pushed-N.xmp
=== CONT  TestRoundTrip_XMP_lrtemplate_XMP/AGF_-_Portrait_160_-_boost.xmp
=== CONT  TestRoundTrip_XMP_lrtemplate_XMP/AGF_-_Chrome_RSX_-_boost.xmp
=== CONT  TestRoundTrip_XMP_lrtemplate_XMP/--FL_MASTER-FUJI_160NS-Pushed-F.xmp
=== CONT  TestRoundTrip_XMP_lrtemplate_XMP/AGF_-_Chrome_RSX_+.xmp
=== CONT  TestRoundTrip_XMP_lrtemplate_XMP/AGF_-_Chrome_RSX_++.xmp
=== CONT  TestRoundTrip_XMP_lrtemplate_XMP/FL_FUJI_400H-Original.xmp
=== CONT  TestRoundTrip_XMP_lrtemplate_XMP/AGF_-_Portrait_160_+.xmp
=== CONT  TestRoundTrip_XMP_lrtemplate_XMP/--FL_MASTER-FUJI_ILFORD_HP5.xmp
=== CONT  TestRoundTrip_XMP_lrtemplate_XMP/KDK_-_Elite_100_++.xmp#01
=== CONT  TestRoundTrip_XMP_lrtemplate_XMP/KDK_-_Elite_100_-_boost.xmp#01
=== CONT  TestRoundTrip_XMP_lrtemplate_XMP/AGF_-_Portrait_160_-_cool.xmp
=== CONT  TestRoundTrip_XMP_lrtemplate_XMP/KDK_-_Portra_-_warm.xmp#01
=== CONT  TestRoundTrip_XMP_lrtemplate_XMP/Lens_off.xmp#02
=== CONT  TestRoundTrip_XMP_lrtemplate_XMP/KDK_-_Elite_100_+.xmp#01
=== CONT  TestRoundTrip_XMP_lrtemplate_XMP/AGF_-_Chrome_RSX_-_warm.xmp
=== CONT  TestRoundTrip_XMP_lrtemplate_XMP/KDK_-_Portra_160_++.xmp#01
=== CONT  TestRoundTrip_XMP_lrtemplate_XMP/AGF_-_Chrome_RSX_+++.xmp
=== CONT  TestRoundTrip_XMP_lrtemplate_XMP/POL_-_Color_Instant_++++.xmp
=== CONT  TestRoundTrip_XMP_lrtemplate_XMP/AGF_-_Portrait_160_++.xmp
=== CONT  TestRoundTrip_XMP_lrtemplate_XMP/POL_-_Color_600.xmp
=== CONT  TestRoundTrip_XMP_lrtemplate_XMP/AGF_-_Chrome_RSX_++++.xmp
=== CONT  TestRoundTrip_XMP_lrtemplate_XMP/AGF_-_Portrait_160_+++.xmp
=== CONT  TestRoundTrip_XMP_lrtemplate_XMP/FINISH_-_Washed.xmp#02
=== CONT  TestRoundTrip_XMP_lrtemplate_XMP/FL_FUJI_400H_-_Pushed.xmp
=== CONT  TestRoundTrip_XMP_lrtemplate_XMP/AGF_-_Portrait_160_++++.xmp
=== CONT  TestRoundTrip_XMP_lrtemplate_XMP/AGF_-_Optima_100_-_film.xmp
=== CONT  TestRoundTrip_XMP_lrtemplate_XMP/FL_FUJI_160NS-Original.xmp
=== CONT  TestRoundTrip_XMP_lrtemplate_XMP/AGF_-_Optima_100.xmp
=== CONT  TestRoundTrip_XMP_lrtemplate_XMP/FL_FUJI_160NS-N.xmp
=== CONT  TestRoundTrip_XMP_lrtemplate_XMP/AGF_-_Optima_100_-_boost.xmp
=== CONT  TestRoundTrip_XMP_lrtemplate_XMP/AGF_-_Optima_100_-_warm.xmp
=== CONT  TestRoundTrip_XMP_lrtemplate_XMP/POL_-_Color_600_-_warm.xmp
=== CONT  TestRoundTrip_XMP_lrtemplate_XMP/POL_-_Color_600_++.xmp
=== CONT  TestRoundTrip_XMP_lrtemplate_XMP/FL_FUJI_160NS-F.xmp
=== CONT  TestRoundTrip_XMP_lrtemplate_XMP/o_9.xmp#04
=== CONT  TestRoundTrip_XMP_lrtemplate_XMP/AGF_-_Optima_100_+.xmp
=== CONT  TestRoundTrip_XMP_lrtemplate_XMP/AGF_-_Optima_100_-_cool.xmp
=== CONT  TestRoundTrip_XMP_lrtemplate_XMP/FINISH_-_Strong.xmp#03
=== CONT  TestRoundTrip_XMP_lrtemplate_XMP/FINISH_-_Basic.xmp#04
=== CONT  TestRoundTrip_XMP_lrtemplate_XMP/POL_-_Color_600_-_boost.xmp
=== CONT  TestRoundTrip_XMP_lrtemplate_XMP/POL_-_Color_600_-_cool.xmp
=== CONT  TestRoundTrip_XMP_lrtemplate_XMP/POL_-_Color_600_+.xmp
=== CONT  TestRoundTrip_XMP_lrtemplate_XMP/--FL_MASTER-FUJI_800Z-Pushed-N.xmp
=== CONT  TestRoundTrip_XMP_lrtemplate_XMP/KDK_-_Echrome_200_+++.xmp#01
=== CONT  TestRoundTrip_XMP_lrtemplate_XMP/o_8.xmp#04
=== CONT  TestRoundTrip_XMP_lrtemplate_XMP/--FL_MASTER-FUJI_400H-Pushed-N.xmp
=== CONT  TestRoundTrip_XMP_lrtemplate_XMP/KDK_-_Portra_+.xmp#01
=== CONT  TestRoundTrip_XMP_lrtemplate_XMP/KDK_-_Echrome_200_++.xmp#01
=== CONT  TestRoundTrip_XMP_lrtemplate_XMP/KDK_-_Ektar_100_+++.xmp#01
=== CONT  TestRoundTrip_XMP_lrtemplate_XMP/o_2.xmp#04
=== CONT  TestRoundTrip_XMP_lrtemplate_XMP/--FL_MASTER-FUJI_800Z-Original.xmp
=== CONT  TestRoundTrip_XMP_lrtemplate_XMP/KDK_-_Ektar_100_++.xmp#01
=== CONT  TestRoundTrip_XMP_lrtemplate_XMP/o_6.xmp#04
=== CONT  TestRoundTrip_XMP_lrtemplate_XMP/POL_-_Color_Instant_-_warm.xmp#01
=== CONT  TestRoundTrip_XMP_lrtemplate_XMP/--FL_MASTER-FUJI_800Z-Pushed-F.xmp
=== CONT  TestRoundTrip_XMP_lrtemplate_XMP/-REDUCE_COLORS_SATURATION.xmp
=== CONT  TestRoundTrip_XMP_lrtemplate_XMP/POL_-_Color_Instant.xmp#01
=== CONT  TestRoundTrip_XMP_lrtemplate_XMP/SHARPEN_-_Mid.xmp#03
=== CONT  TestRoundTrip_XMP_lrtemplate_XMP/KDK_-_Echrome_200_++++.xmp#01
=== CONT  TestRoundTrip_XMP_lrtemplate_XMP/KDK_-_Portra_-_boost.xmp#01
=== CONT  TestRoundTrip_XMP_lrtemplate_XMP/KDK_-_Portra_-_cool.xmp#01
=== CONT  TestRoundTrip_XMP_lrtemplate_XMP/FINISH_-_Retro.xmp#03
=== CONT  TestRoundTrip_XMP_lrtemplate_XMP/POL_-_Color_Instant_-_film.xmp#01
=== CONT  TestRoundTrip_XMP_lrtemplate_XMP/o_5.xmp#04
=== CONT  TestRoundTrip_XMP_lrtemplate_XMP/SHARPEN_-_Low.xmp#03
=== CONT  TestRoundTrip_XMP_lrtemplate_XMP/o_3.xmp#04
=== CONT  TestRoundTrip_XMP_lrtemplate_XMP/o_4.xmp#04
=== CONT  TestRoundTrip_XMP_lrtemplate_XMP/SHARPEN_-_High.xmp#03
=== CONT  TestRoundTrip_XMP_lrtemplate_XMP/-SMOOTHER_DETAILS.xmp
=== CONT  TestRoundTrip_XMP_lrtemplate_XMP/POL_-_Cinematic_-_warm.xmp
=== CONT  TestRoundTrip_XMP_lrtemplate_XMP/-ADD_FILM_GRAINS.xmp
=== CONT  TestRoundTrip_XMP_lrtemplate_XMP/KDK_-_Portra_++.xmp#01
=== CONT  TestRoundTrip_XMP_lrtemplate_XMP/o_.xmp#03
=== CONT  TestRoundTrip_XMP_lrtemplate_XMP/POL_-_Color_Instant_-_warm.xmp
=== CONT  TestRoundTrip_XMP_lrtemplate_XMP/KDK_-_Portra_400_-_warm.xmp#01
=== CONT  TestRoundTrip_XMP_lrtemplate_XMP/o_7.xmp#04
=== CONT  TestRoundTrip_XMP_lrtemplate_XMP/POL_-_Color_Instant.xmp
=== CONT  TestRoundTrip_XMP_lrtemplate_XMP/KDK_-_Portra_800_++++.xmp#01
=== CONT  TestRoundTrip_XMP_lrtemplate_XMP/POL_-_Mono_+++.xmp#01
=== CONT  TestRoundTrip_XMP_lrtemplate_XMP/KDK_-_Portra_400.xmp#01
=== CONT  TestRoundTrip_XMP_lrtemplate_XMP/Nikon_Z_f_Camera_Red.xmp
=== CONT  TestRoundTrip_XMP_lrtemplate_XMP/auto_wb___.xmp#02
=== CONT  TestRoundTrip_XMP_lrtemplate_XMP/FUJ_-_Fortia_50.xmp#02
=== CONT  TestRoundTrip_XMP_lrtemplate_XMP/VIBRANCE_-__High.xmp#04
=== CONT  TestRoundTrip_XMP_lrtemplate_XMP/KDK_-_Gold_200_+.xmp#01
=== CONT  TestRoundTrip_XMP_lrtemplate_XMP/FINISH_-_Vintage.xmp#02
=== CONT  TestRoundTrip_XMP_lrtemplate_XMP/VIBRANCE__-_Mid.xmp#04
=== CONT  TestRoundTrip_XMP_lrtemplate_XMP/KDK_-_Portra.xmp
=== CONT  TestRoundTrip_XMP_lrtemplate_XMP/KDK_-_Echrome_100.xmp#01
=== CONT  TestRoundTrip_XMP_lrtemplate_XMP/VIBRANCE__-_Low.xmp#04
=== CONT  TestRoundTrip_XMP_lrtemplate_XMP/o.xmp#04
=== CONT  TestRoundTrip_XMP_lrtemplate_XMP/SHARPEN_-_Mid.xmp#04
=== CONT  TestRoundTrip_XMP_lrtemplate_XMP/Nikon_Z_f_Camera_Denim.xmp
=== CONT  TestRoundTrip_XMP_lrtemplate_XMP/KDK_-_Portra_+++.xmp#01
=== CONT  TestRoundTrip_XMP_lrtemplate_XMP/SHARPEN_-_Low.xmp#04
=== CONT  TestRoundTrip_XMP_lrtemplate_XMP/KDK_-_Ektar_100_++++.xmp#01
=== CONT  TestRoundTrip_XMP_lrtemplate_XMP/Nikon_Z_f_Camera_Pure.xmp
=== CONT  TestRoundTrip_XMP_lrtemplate_XMP/o_1.xmp#04
=== CONT  TestRoundTrip_XMP_lrtemplate_XMP/Nikon_Z_f_Camera_Sunday.xmp
=== CONT  TestRoundTrip_XMP_lrtemplate_XMP/Nikon_Z_f_Camera_Bleach.xmp
=== CONT  TestRoundTrip_XMP_lrtemplate_XMP/FUJ_-_Astia_100F.xmp#02
=== CONT  TestRoundTrip_XMP_lrtemplate_XMP/Nikon_Z_f_Camera_Pop.xmp
=== CONT  TestRoundTrip_XMP_lrtemplate_XMP/Nikon_Z_f_Camera_Blue.xmp
=== CONT  TestRoundTrip_XMP_lrtemplate_XMP/FUJ_-_Negative.xmp#03
=== CONT  TestRoundTrip_XMP_lrtemplate_XMP/Nikon_Z_f_Camera_Toy.xmp
=== CONT  TestRoundTrip_XMP_lrtemplate_XMP/FUJ_-_Velvia_100.xmp#02
=== CONT  TestRoundTrip_XMP_lrtemplate_XMP/POL_-_Color_600_+++.xmp
=== CONT  TestRoundTrip_XMP_lrtemplate_XMP/KDK_-_Gold_200_++.xmp#01
=== CONT  TestRoundTrip_XMP_lrtemplate_XMP/KDK_-_Portra_800.xmp
=== CONT  TestRoundTrip_XMP_lrtemplate_XMP/FUJ_-_Color_100.xmp#02
=== CONT  TestRoundTrip_XMP_lrtemplate_XMP/POL_-_Cinematic.xmp
=== CONT  TestRoundTrip_XMP_lrtemplate_XMP/POL_-_Mono_-_boost.xmp#01
=== CONT  TestRoundTrip_XMP_lrtemplate_XMP/FUJ_-_Sensia_100.xmp#02
=== CONT  TestRoundTrip_XMP_lrtemplate_XMP/FUJ_-_Neopan.xmp#01
=== CONT  TestRoundTrip_XMP_lrtemplate_XMP/AGF_-_Chrome_RSX_-_film.xmp
=== CONT  TestRoundTrip_XMP_lrtemplate_XMP/FUJ_-_Provia_100F.xmp#02
=== CONT  TestRoundTrip_XMP_lrtemplate_XMP/FUJ_-_PRO_160.xmp#02
=== CONT  TestRoundTrip_XMP_lrtemplate_XMP/AGF_-_Vista_Plus.xmp#02
=== CONT  TestRoundTrip_XMP_lrtemplate_XMP/Nikon_Z_f_Camera_Binary.xmp
=== CONT  TestRoundTrip_XMP_lrtemplate_XMP/Nikon_Z_f_Camera_Pink.xmp
=== CONT  TestRoundTrip_XMP_lrtemplate_XMP/FUJ_-_XPro.xmp#02
=== CONT  TestRoundTrip_XMP_lrtemplate_XMP/Nikon_Z_f_Camera_Carbon.xmp
=== CONT  TestRoundTrip_XMP_lrtemplate_XMP/POL_-_Mono_-_film.xmp#01
=== CONT  TestRoundTrip_XMP_lrtemplate_XMP/POL_-_Color_Instant_-_film.xmp
=== CONT  TestRoundTrip_XMP_lrtemplate_XMP/AGF_-_Ultra_100.xmp#02
=== CONT  TestRoundTrip_XMP_lrtemplate_XMP/POL_-_Mono.xmp#01
=== CONT  TestRoundTrip_XMP_lrtemplate_XMP/Fuji_Pro_400H_Emulation_4.xmp
=== CONT  TestRoundTrip_XMP_lrtemplate_XMP/POL_-_Mono_+.xmp#01
=== CONT  TestRoundTrip_XMP_lrtemplate_XMP/KDK_-_Elite_100_+++.xmp#01
=== CONT  TestRoundTrip_XMP_lrtemplate_XMP/KDK_-_Portra_400_-_film.xmp#01
=== CONT  TestRoundTrip_XMP_lrtemplate_XMP/Nikon_Z_f_Camera_Graphite.xmp
=== CONT  TestRoundTrip_XMP_lrtemplate_XMP/Nikon_Z_f_Camera_Charcoal.xmp
=== CONT  TestRoundTrip_XMP_lrtemplate_XMP/POL_-_Mono_++.xmp#01
=== CONT  TestRoundTrip_XMP_lrtemplate_XMP/FUJ_-_Negative_1.xmp#01
=== CONT  TestRoundTrip_XMP_lrtemplate_XMP/KDK_-_Echrome.xmp#01
=== CONT  TestRoundTrip_XMP_lrtemplate_XMP/LIGHTING_-_Flash.xmp#04
=== CONT  TestRoundTrip_XMP_lrtemplate_XMP/Lens_on.xmp#04
=== CONT  TestRoundTrip_XMP_lrtemplate_XMP/Nikon_Z_f_Camera_Melancholic.xmp
=== CONT  TestRoundTrip_XMP_lrtemplate_XMP/LIGHTING_-_Auto_Set.xmp#04
=== CONT  TestRoundTrip_XMP_lrtemplate_XMP/Lens_off.xmp#04
=== CONT  TestRoundTrip_XMP_lrtemplate_XMP/LIGHTING_-_Daylight.xmp#04
=== CONT  TestRoundTrip_XMP_lrtemplate_XMP/Nikon_Z_f_Camera_Dream.xmp
=== CONT  TestRoundTrip_XMP_lrtemplate_XMP/KDK_-_Elite_100_++++.xmp#01
=== CONT  TestRoundTrip_XMP_lrtemplate_XMP/KDK_-_Tri-X_400.xmp#01
=== CONT  TestRoundTrip_XMP_lrtemplate_XMP/FUJ_-_Superia_800.xmp#02
=== CONT  TestRoundTrip_XMP_lrtemplate_XMP/Nikon_Z_f_Camera_Dramatic.xmp
=== CONT  TestRoundTrip_XMP_lrtemplate_XMP/LIGHTING_-_As_Shot.xmp#04
=== CONT  TestRoundTrip_XMP_lrtemplate_XMP/KDK_-_Gold_200_++++.xmp#01
=== CONT  TestRoundTrip_XMP_lrtemplate_XMP/KDK_-_Tri-X_400_-_film.xmp#01
=== CONT  TestRoundTrip_XMP_lrtemplate_XMP/Nikon_Z_f_Camera_Sepia.xmp
=== CONT  TestRoundTrip_XMP_lrtemplate_XMP/Nikon_Z_f_Camera_Morning.xmp
=== CONT  TestRoundTrip_XMP_lrtemplate_XMP/LIGHTING_-_Fluorescent.xmp#04
=== CONT  TestRoundTrip_XMP_lrtemplate_XMP/KDK_-_Gold_200_+++.xmp#01
=== CONT  TestRoundTrip_XMP_lrtemplate_XMP/KDK_-_Portra_400_-_cool.xmp#01
=== CONT  TestRoundTrip_XMP_lrtemplate_XMP/POL_-_Color_Instant_-_boost.xmp#01
=== CONT  TestRoundTrip_XMP_lrtemplate_XMP/Nikon_Z_f_Camera_Somber.xmp
=== CONT  TestRoundTrip_XMP_lrtemplate_XMP/FUJ_-_Superia_400.xmp#02
=== CONT  TestRoundTrip_XMP_lrtemplate_XMP/Nikon_Z_f_Camera_Silence.xmp
=== CONT  TestRoundTrip_XMP_lrtemplate_XMP/SHARPEN_-_High.xmp#04
=== CONT  TestRoundTrip_XMP_lrtemplate_XMP/LIGHTING_-_Shade.xmp#04
=== CONT  TestRoundTrip_XMP_lrtemplate_XMP/POL_-_Color_Instant_-_cool.xmp#01
=== CONT  TestRoundTrip_XMP_lrtemplate_XMP/LIGHTING_-_Tungsten.xmp#04
=== CONT  TestRoundTrip_XMP_lrtemplate_XMP/LIGHTING_-_Cloudy.xmp#04
=== CONT  TestRoundTrip_XMP_NP3_XMP/--FL_MASTER-FUJI_160NS-Original.xmp
=== CONT  TestRoundTrip_XMP_NP3_XMP/FUJ_-_Provia_100F_-_cool.xmp
=== CONT  TestRoundTrip_XMP_NP3_XMP/FUJ_-_Provia_100F_-_boost.xmp
=== CONT  TestRoundTrip_XMP_NP3_XMP/FUJ_-_Provia_100F_+.xmp
=== CONT  TestRoundTrip_XMP_NP3_XMP/FUJ_-_Provia_100F_++.xmp
=== CONT  TestRoundTrip_XMP_NP3_XMP/FUJ_-_Provia_100F_-_film.xmp
=== CONT  TestRoundTrip_XMP_NP3_XMP/FUJ_-_Provia_100F_++++.xmp
=== CONT  TestRoundTrip_XMP_NP3_XMP/FUJ_-_PRO_160.xmp
=== CONT  TestRoundTrip_XMP_NP3_XMP/FUJ_-_PRO_160_-_warm.xmp
=== CONT  TestRoundTrip_XMP_NP3_XMP/FUJ_-_PRO_160_-_film.xmp
=== CONT  TestRoundTrip_XMP_NP3_XMP/FUJ_-_PRO_160_-_cool.xmp
=== CONT  TestRoundTrip_XMP_NP3_XMP/FUJ_-_PRO_160_-_boost.xmp
=== CONT  TestRoundTrip_XMP_NP3_XMP/FUJ_-_PRO_160_+.xmp
=== CONT  TestRoundTrip_XMP_NP3_XMP/FUJ_-_PRO_160_+++.xmp
=== CONT  TestRoundTrip_XMP_NP3_XMP/FUJ_-_PRO_160_++.xmp
=== NAME  TestRoundTrip_XMP_NP3_XMP/FUJ_-_Provia_100F_-_cool.xmp
    roundtrip_test.go:144: Highlights: orig=-22 (expected loss: NP3 doesn't support this parameter)
=== NAME  TestRoundTrip_XMP_NP3_XMP/--FL_MASTER-FUJI_160NS-Original.xmp
    roundtrip_test.go:144: Highlights: orig=-20 (expected loss: NP3 doesn't support this parameter)
=== CONT  TestRoundTrip_XMP_NP3_XMP/FUJ_-_PRO_160_++++.xmp
=== CONT  TestRoundTrip_XMP_NP3_XMP/FUJ_-_Negative.xmp
=== NAME  TestRoundTrip_XMP_NP3_XMP/FUJ_-_Provia_100F_-_boost.xmp
    roundtrip_test.go:144: Highlights: orig=-28 (expected loss: NP3 doesn't support this parameter)
    roundtrip_test.go:144: Shadows: orig=18 (expected loss: NP3 doesn't support this parameter)
=== NAME  TestRoundTrip_XMP_NP3_XMP/--FL_MASTER-FUJI_160NS-Original.xmp
    roundtrip_test.go:144: Shadows: orig=25 (expected loss: NP3 doesn't support this parameter)
    roundtrip_test.go:144: Whites: orig=10 (expected loss: NP3 doesn't support this parameter)
    roundtrip_test.go:144: Blacks: orig=35 (expected loss: NP3 doesn't support this parameter)
=== NAME  TestRoundTrip_XMP_NP3_XMP/FUJ_-_Provia_100F_++.xmp
    roundtrip_test.go:144: Highlights: orig=-22 (expected loss: NP3 doesn't support this parameter)
=== CONT  TestRoundTrip_XMP_NP3_XMP/FUJ_-_Provia_100F_+++.xmp
=== NAME  TestRoundTrip_XMP_NP3_XMP/FUJ_-_Provia_100F_++.xmp
    roundtrip_test.go:144: Shadows: orig=22 (expected loss: NP3 doesn't support this parameter)
    roundtrip_test.go:144: Whites: orig=-18 (expected loss: NP3 doesn't support this parameter)
=== NAME  TestRoundTrip_XMP_NP3_XMP/FUJ_-_Provia_100F_-_film.xmp
    roundtrip_test.go:144: Highlights: orig=-25 (expected loss: NP3 doesn't support this parameter)
=== NAME  TestRoundTrip_XMP_NP3_XMP/FUJ_-_Provia_100F_++++.xmp
    roundtrip_test.go:144: Highlights: orig=-28 (expected loss: NP3 doesn't support this parameter)
=== NAME  TestRoundTrip_XMP_NP3_XMP/FUJ_-_Provia_100F_-_film.xmp
    roundtrip_test.go:144: Shadows: orig=20 (expected loss: NP3 doesn't support this parameter)
=== NAME  TestRoundTrip_XMP_NP3_XMP/FUJ_-_Provia_100F_++++.xmp
    roundtrip_test.go:144: Shadows: orig=13 (expected loss: NP3 doesn't support this parameter)
    roundtrip_test.go:144: Whites: orig=-7 (expected loss: NP3 doesn't support this parameter)
=== NAME  TestRoundTrip_XMP_NP3_XMP/FUJ_-_Provia_100F_-_film.xmp
    roundtrip_test.go:144: Whites: orig=-20 (expected loss: NP3 doesn't support this parameter)
=== NAME  TestRoundTrip_XMP_NP3_XMP/FUJ_-_Provia_100F_++.xmp
    roundtrip_test.go:144: Blacks: orig=22 (expected loss: NP3 doesn't support this parameter)
=== NAME  TestRoundTrip_XMP_NP3_XMP/FUJ_-_Provia_100F_-_boost.xmp
    roundtrip_test.go:144: Whites: orig=-15 (expected loss: NP3 doesn't support this parameter)
=== NAME  TestRoundTrip_XMP_NP3_XMP/FUJ_-_Provia_100F_++.xmp
    roundtrip_test.go:144: Split toning saturation/balance: (expected loss: NP3 only supports hue)
=== NAME  TestRoundTrip_XMP_NP3_XMP/FUJ_-_Provia_100F_-_boost.xmp
    roundtrip_test.go:144: Blacks: orig=-5 (expected loss: NP3 doesn't support this parameter)
=== CONT  TestRoundTrip_XMP_NP3_XMP/FUJ_-_Negative_-_warm.xmp
=== NAME  TestRoundTrip_XMP_NP3_XMP/FUJ_-_Provia_100F_+.xmp
    roundtrip_test.go:144: Highlights: orig=-28 (expected loss: NP3 doesn't support this parameter)
=== NAME  TestRoundTrip_XMP_NP3_XMP/FUJ_-_Provia_100F_++.xmp
    roundtrip_test.go:144: Split toning hue: orig shadow=0, highlight=225 (NP3 has limited split toning support)
=== CONT  TestRoundTrip_XMP_NP3_XMP/FUJ_-_Negative_+.xmp
=== NAME  TestRoundTrip_XMP_NP3_XMP/FUJ_-_Provia_100F_+.xmp
    roundtrip_test.go:144: Shadows: orig=28 (expected loss: NP3 doesn't support this parameter)
=== NAME  TestRoundTrip_XMP_NP3_XMP/FUJ_-_Provia_100F_++++.xmp
    roundtrip_test.go:144: Blacks: orig=3 (expected loss: NP3 doesn't support this parameter)
=== NAME  TestRoundTrip_XMP_NP3_XMP/FUJ_-_Provia_100F_-_boost.xmp
    roundtrip_test.go:144: Split toning saturation/balance: (expected loss: NP3 only supports hue)
=== CONT  TestRoundTrip_XMP_NP3_XMP/FUJ_-_Negative_-_film.xmp
=== NAME  TestRoundTrip_XMP_NP3_XMP/FUJ_-_Provia_100F_-_film.xmp
    roundtrip_test.go:144: Blacks: orig=10 (expected loss: NP3 doesn't support this parameter)
=== NAME  TestRoundTrip_XMP_NP3_XMP/FUJ_-_PRO_160.xmp
    roundtrip_test.go:144: Highlights: orig=-28 (expected loss: NP3 doesn't support this parameter)
=== NAME  TestRoundTrip_XMP_NP3_XMP/FUJ_-_Provia_100F_-_cool.xmp
    roundtrip_test.go:144: Shadows: orig=18 (expected loss: NP3 doesn't support this parameter)
=== CONT  TestRoundTrip_XMP_NP3_XMP/FUJ_-_Negative_-_cool.xmp
=== NAME  TestRoundTrip_XMP_NP3_XMP/FUJ_-_PRO_160_-_boost.xmp
    roundtrip_test.go:144: Highlights: orig=-22 (expected loss: NP3 doesn't support this parameter)
=== NAME  TestRoundTrip_XMP_NP3_XMP/FUJ_-_PRO_160_-_cool.xmp
    roundtrip_test.go:144: Highlights: orig=-28 (expected loss: NP3 doesn't support this parameter)
=== NAME  TestRoundTrip_XMP_NP3_XMP/FUJ_-_Negative_-_warm.xmp
    roundtrip_test.go:144: Highlights: orig=-10 (expected loss: NP3 doesn't support this parameter)
=== NAME  TestRoundTrip_XMP_NP3_XMP/FUJ_-_Negative.xmp
    roundtrip_test.go:144: Highlights: orig=-20 (expected loss: NP3 doesn't support this parameter)
=== NAME  TestRoundTrip_XMP_NP3_XMP/FUJ_-_Provia_100F_-_cool.xmp
    roundtrip_test.go:144: Whites: orig=-20 (expected loss: NP3 doesn't support this parameter)
=== NAME  TestRoundTrip_XMP_NP3_XMP/FUJ_-_PRO_160_-_cool.xmp
    roundtrip_test.go:144: Shadows: orig=21 (expected loss: NP3 doesn't support this parameter)
=== NAME  TestRoundTrip_XMP_NP3_XMP/FUJ_-_PRO_160_++.xmp
    roundtrip_test.go:144: Highlights: orig=-28 (expected loss: NP3 doesn't support this parameter)
    roundtrip_test.go:144: Shadows: orig=15 (expected loss: NP3 doesn't support this parameter)
    roundtrip_test.go:144: Whites: orig=-12 (expected loss: NP3 doesn't support this parameter)
=== CONT  TestRoundTrip_XMP_NP3_XMP/FUJ_-_Negative_+++.xmp
=== NAME  TestRoundTrip_XMP_NP3_XMP/FUJ_-_Negative_+.xmp
    roundtrip_test.go:144: Highlights: orig=-10 (expected loss: NP3 doesn't support this parameter)
=== NAME  TestRoundTrip_XMP_NP3_XMP/FUJ_-_PRO_160_+++.xmp
    roundtrip_test.go:144: Highlights: orig=-28 (expected loss: NP3 doesn't support this parameter)
    roundtrip_test.go:144: Shadows: orig=5 (expected loss: NP3 doesn't support this parameter)
=== NAME  TestRoundTrip_XMP_NP3_XMP/FUJ_-_Negative_-_film.xmp
    roundtrip_test.go:144: Highlights: orig=-10 (expected loss: NP3 doesn't support this parameter)
=== CONT  TestRoundTrip_XMP_NP3_XMP/FUJ_-_Negative_-_boost.xmp
=== NAME  TestRoundTrip_XMP_NP3_XMP/FUJ_-_PRO_160_-_film.xmp
    roundtrip_test.go:144: Highlights: orig=-28 (expected loss: NP3 doesn't support this parameter)
    roundtrip_test.go:144: Shadows: orig=5 (expected loss: NP3 doesn't support this parameter)
    roundtrip_test.go:144: Whites: orig=-12 (expected loss: NP3 doesn't support this parameter)
=== CONT  TestRoundTrip_XMP_NP3_XMP/FUJ_-_Negative_++++.xmp
=== NAME  TestRoundTrip_XMP_NP3_XMP/FUJ_-_Provia_100F_+++.xmp
    roundtrip_test.go:144: Highlights: orig=-20 (expected loss: NP3 doesn't support this parameter)
=== NAME  TestRoundTrip_XMP_NP3_XMP/FUJ_-_Provia_100F_+.xmp
    roundtrip_test.go:144: Whites: orig=-20 (expected loss: NP3 doesn't support this parameter)
=== NAME  TestRoundTrip_XMP_NP3_XMP/FUJ_-_Provia_100F_++++.xmp
    roundtrip_test.go:144: Split toning hue: orig shadow=0, highlight=220 (NP3 has limited split toning support)
=== NAME  TestRoundTrip_XMP_NP3_XMP/FUJ_-_Provia_100F_-_film.xmp
    roundtrip_test.go:144: Split toning saturation/balance: (expected loss: NP3 only supports hue)
=== NAME  TestRoundTrip_XMP_NP3_XMP/FUJ_-_PRO_160.xmp
    roundtrip_test.go:144: Shadows: orig=15 (expected loss: NP3 doesn't support this parameter)
=== NAME  TestRoundTrip_XMP_NP3_XMP/FUJ_-_Provia_100F_-_boost.xmp
    roundtrip_test.go:144: Split toning hue: orig shadow=0, highlight=212 (NP3 has limited split toning support)
=== NAME  TestRoundTrip_XMP_NP3_XMP/FUJ_-_PRO_160_-_boost.xmp
    roundtrip_test.go:144: Shadows: orig=20 (expected loss: NP3 doesn't support this parameter)
=== NAME  TestRoundTrip_XMP_NP3_XMP/FUJ_-_PRO_160_-_warm.xmp
    roundtrip_test.go:144: Highlights: orig=-26 (expected loss: NP3 doesn't support this parameter)
=== NAME  TestRoundTrip_XMP_NP3_XMP/FUJ_-_Negative.xmp
    roundtrip_test.go:144: Shadows: orig=20 (expected loss: NP3 doesn't support this parameter)
=== NAME  TestRoundTrip_XMP_NP3_XMP/FUJ_-_PRO_160_+.xmp
    roundtrip_test.go:144: Highlights: orig=-28 (expected loss: NP3 doesn't support this parameter)
=== NAME  TestRoundTrip_XMP_NP3_XMP/FUJ_-_Negative_-_warm.xmp
    roundtrip_test.go:144: Shadows: orig=15 (expected loss: NP3 doesn't support this parameter)
=== NAME  TestRoundTrip_XMP_NP3_XMP/FUJ_-_Negative.xmp
    roundtrip_test.go:144: Whites: orig=-10 (expected loss: NP3 doesn't support this parameter)
=== NAME  TestRoundTrip_XMP_NP3_XMP/FUJ_-_Negative_-_warm.xmp
    roundtrip_test.go:144: Whites: orig=-10 (expected loss: NP3 doesn't support this parameter)
=== NAME  TestRoundTrip_XMP_NP3_XMP/FUJ_-_Negative.xmp
    roundtrip_test.go:144: Blacks: orig=20 (expected loss: NP3 doesn't support this parameter)
=== NAME  TestRoundTrip_XMP_NP3_XMP/FUJ_-_PRO_160_-_warm.xmp
    roundtrip_test.go:144: Shadows: orig=15 (expected loss: NP3 doesn't support this parameter)
    roundtrip_test.go:144: Whites: orig=-12 (expected loss: NP3 doesn't support this parameter)
=== CONT  TestRoundTrip_XMP_NP3_XMP/FUJ_-_Fortia_50_-_boost.xmp
=== NAME  TestRoundTrip_XMP_NP3_XMP/FUJ_-_Negative_-_warm.xmp
    roundtrip_test.go:144: Blacks: orig=-10 (expected loss: NP3 doesn't support this parameter)
=== CONT  TestRoundTrip_XMP_NP3_XMP/FUJ_-_Fortia_50_+.xmp
=== NAME  TestRoundTrip_XMP_NP3_XMP/FUJ_-_Provia_100F_-_cool.xmp
    roundtrip_test.go:144: Blacks: orig=8 (expected loss: NP3 doesn't support this parameter)
    roundtrip_test.go:144: Split toning saturation/balance: (expected loss: NP3 only supports hue)
=== NAME  TestRoundTrip_XMP_NP3_XMP/FUJ_-_PRO_160_-_cool.xmp
    roundtrip_test.go:144: Whites: orig=-19 (expected loss: NP3 doesn't support this parameter)
=== NAME  TestRoundTrip_XMP_NP3_XMP/FUJ_-_Negative_+.xmp
    roundtrip_test.go:144: Shadows: orig=15 (expected loss: NP3 doesn't support this parameter)
=== NAME  TestRoundTrip_XMP_NP3_XMP/FUJ_-_PRO_160_+++.xmp
    roundtrip_test.go:144: Whites: orig=-12 (expected loss: NP3 doesn't support this parameter)
=== NAME  TestRoundTrip_XMP_NP3_XMP/FUJ_-_Negative_-_film.xmp
    roundtrip_test.go:144: Shadows: orig=15 (expected loss: NP3 doesn't support this parameter)
=== CONT  TestRoundTrip_XMP_NP3_XMP/FUJ_-_Fortia_50_++.xmp
=== NAME  TestRoundTrip_XMP_NP3_XMP/FUJ_-_Negative_-_film.xmp
    roundtrip_test.go:144: Whites: orig=-10 (expected loss: NP3 doesn't support this parameter)
=== NAME  TestRoundTrip_XMP_NP3_XMP/FUJ_-_Negative_+.xmp
    roundtrip_test.go:144: Whites: orig=-10 (expected loss: NP3 doesn't support this parameter)
    roundtrip_test.go:144: Blacks: orig=-20 (expected loss: NP3 doesn't support this parameter)
=== NAME  TestRoundTrip_XMP_NP3_XMP/FUJ_-_Provia_100F_+++.xmp
    roundtrip_test.go:144: Shadows: orig=20 (expected loss: NP3 doesn't support this parameter)
=== NAME  TestRoundTrip_XMP_NP3_XMP/FUJ_-_Provia_100F_+.xmp
    roundtrip_test.go:144: Blacks: orig=30 (expected loss: NP3 doesn't support this parameter)
=== NAME  TestRoundTrip_XMP_NP3_XMP/FUJ_-_PRO_160.xmp
    roundtrip_test.go:144: Whites: orig=-15 (expected loss: NP3 doesn't support this parameter)
=== CONT  TestRoundTrip_XMP_NP3_XMP/FUJ_-_Fortia_50.xmp
=== CONT  TestRoundTrip_XMP_NP3_XMP/FUJ_-_Fortia_50_-_warm.xmp
=== NAME  TestRoundTrip_XMP_NP3_XMP/FUJ_-_Negative_-_boost.xmp
    roundtrip_test.go:144: Highlights: orig=-15 (expected loss: NP3 doesn't support this parameter)
    roundtrip_test.go:144: Shadows: orig=15 (expected loss: NP3 doesn't support this parameter)
=== NAME  TestRoundTrip_XMP_NP3_XMP/FUJ_-_Provia_100F_-_film.xmp
    roundtrip_test.go:144: Split toning hue: orig shadow=0, highlight=212 (NP3 has limited split toning support)
=== CONT  TestRoundTrip_XMP_NP3_XMP/FUJ_-_Color_100.xmp
=== NAME  TestRoundTrip_XMP_NP3_XMP/FUJ_-_PRO_160_-_boost.xmp
    roundtrip_test.go:144: Blacks: orig=20 (expected loss: NP3 doesn't support this parameter)
=== CONT  TestRoundTrip_XMP_NP3_XMP/FUJ_-_Color_100_-_warm.xmp
=== NAME  TestRoundTrip_XMP_NP3_XMP/FUJ_-_PRO_160_++++.xmp
    roundtrip_test.go:144: Highlights: orig=-22 (expected loss: NP3 doesn't support this parameter)
=== NAME  TestRoundTrip_XMP_NP3_XMP/FUJ_-_PRO_160_+.xmp
    roundtrip_test.go:144: Shadows: orig=15 (expected loss: NP3 doesn't support this parameter)
    roundtrip_test.go:144: Whites: orig=-12 (expected loss: NP3 doesn't support this parameter)
    roundtrip_test.go:144: Blacks: orig=8 (expected loss: NP3 doesn't support this parameter)
=== CONT  TestRoundTrip_XMP_NP3_XMP/FUJ_-_Negative_++.xmp
=== CONT  TestRoundTrip_XMP_NP3_XMP/FUJ_-_Fortia_50_-_film.xmp
=== CONT  TestRoundTrip_XMP_NP3_XMP/FUJ_-_Color_100_-_film.xmp
=== CONT  TestRoundTrip_XMP_NP3_XMP/FUJ_-_Fortia_50_-_cool.xmp
=== NAME  TestRoundTrip_XMP_NP3_XMP/FUJ_-_Provia_100F_-_cool.xmp
    roundtrip_test.go:144: Split toning hue: orig shadow=0, highlight=212 (NP3 has limited split toning support)
=== CONT  TestRoundTrip_XMP_NP3_XMP/FUJ_-_Color_100_-_cool.xmp
=== NAME  TestRoundTrip_XMP_NP3_XMP/FUJ_-_Negative_-_film.xmp
    roundtrip_test.go:144: Blacks: orig=-25 (expected loss: NP3 doesn't support this parameter)
=== NAME  TestRoundTrip_XMP_NP3_XMP/FUJ_-_Negative_-_cool.xmp
    roundtrip_test.go:144: Highlights: orig=-10 (expected loss: NP3 doesn't support this parameter)
=== CONT  TestRoundTrip_XMP_NP3_XMP/FUJ_-_Color_100_-_boost.xmp
=== NAME  TestRoundTrip_XMP_NP3_XMP/FUJ_-_Fortia_50_++.xmp
    roundtrip_test.go:144: Vibrance reset to 0: orig=10 (may be due to Picture Control base mapping)
    roundtrip_test.go:144: Highlights: orig=-25 (expected loss: NP3 doesn't support this parameter)
=== NAME  TestRoundTrip_XMP_NP3_XMP/FUJ_-_Fortia_50_+.xmp
    roundtrip_test.go:144: Vibrance reset to 0: orig=6 (may be due to Picture Control base mapping)
    roundtrip_test.go:144: Highlights: orig=-20 (expected loss: NP3 doesn't support this parameter)
=== NAME  TestRoundTrip_XMP_NP3_XMP/FUJ_-_Negative_-_cool.xmp
    roundtrip_test.go:144: Shadows: orig=15 (expected loss: NP3 doesn't support this parameter)
    roundtrip_test.go:144: Whites: orig=-10 (expected loss: NP3 doesn't support this parameter)
=== NAME  TestRoundTrip_XMP_NP3_XMP/FUJ_-_Fortia_50_++.xmp
    roundtrip_test.go:144: Shadows: orig=20 (expected loss: NP3 doesn't support this parameter)
=== CONT  TestRoundTrip_XMP_NP3_XMP/FUJ_-_Fortia_50_++++.xmp
=== NAME  TestRoundTrip_XMP_NP3_XMP/FUJ_-_Fortia_50_++.xmp
    roundtrip_test.go:144: Blacks: orig=18 (expected loss: NP3 doesn't support this parameter)
=== NAME  TestRoundTrip_XMP_NP3_XMP/FUJ_-_Provia_100F_+++.xmp
    roundtrip_test.go:144: Whites: orig=-20 (expected loss: NP3 doesn't support this parameter)
=== NAME  TestRoundTrip_XMP_NP3_XMP/FUJ_-_Fortia_50_++.xmp
    roundtrip_test.go:144: Split toning hue: orig shadow=0, highlight=275 (NP3 has limited split toning support)
=== CONT  TestRoundTrip_XMP_NP3_XMP/FUJ_-_Color_100_+.xmp
=== NAME  TestRoundTrip_XMP_NP3_XMP/FUJ_-_Provia_100F_+++.xmp
    roundtrip_test.go:144: Blacks: orig=20 (expected loss: NP3 doesn't support this parameter)
=== NAME  TestRoundTrip_XMP_NP3_XMP/FUJ_-_PRO_160.xmp
    roundtrip_test.go:144: Blacks: orig=18 (expected loss: NP3 doesn't support this parameter)
=== NAME  TestRoundTrip_XMP_NP3_XMP/FUJ_-_Negative_-_boost.xmp
    roundtrip_test.go:144: Whites: orig=-10 (expected loss: NP3 doesn't support this parameter)
=== NAME  TestRoundTrip_XMP_NP3_XMP/FUJ_-_Color_100_-_warm.xmp
    roundtrip_test.go:144: Highlights: orig=-15 (expected loss: NP3 doesn't support this parameter)
    roundtrip_test.go:144: Shadows: orig=20 (expected loss: NP3 doesn't support this parameter)
=== NAME  TestRoundTrip_XMP_NP3_XMP/FUJ_-_Negative_+++.xmp
    roundtrip_test.go:144: Highlights: orig=-10 (expected loss: NP3 doesn't support this parameter)
    roundtrip_test.go:144: Shadows: orig=15 (expected loss: NP3 doesn't support this parameter)
    roundtrip_test.go:144: Whites: orig=-10 (expected loss: NP3 doesn't support this parameter)
=== NAME  TestRoundTrip_XMP_NP3_XMP/FUJ_-_PRO_160_++++.xmp
    roundtrip_test.go:144: Shadows: orig=20 (expected loss: NP3 doesn't support this parameter)
=== NAME  TestRoundTrip_XMP_NP3_XMP/FUJ_-_Fortia_50_-_film.xmp
    roundtrip_test.go:144: Vibrance reset to 0: orig=5 (may be due to Picture Control base mapping)
=== NAME  TestRoundTrip_XMP_NP3_XMP/FUJ_-_PRO_160_++++.xmp
    roundtrip_test.go:144: Blacks: orig=10 (expected loss: NP3 doesn't support this parameter)
=== NAME  TestRoundTrip_XMP_NP3_XMP/FUJ_-_Fortia_50_-_film.xmp
    roundtrip_test.go:144: Highlights: orig=-28 (expected loss: NP3 doesn't support this parameter)
    roundtrip_test.go:144: Shadows: orig=18 (expected loss: NP3 doesn't support this parameter)
=== NAME  TestRoundTrip_XMP_NP3_XMP/FUJ_-_Fortia_50_-_boost.xmp
    roundtrip_test.go:144: Highlights: orig=-28 (expected loss: NP3 doesn't support this parameter)
=== NAME  TestRoundTrip_XMP_NP3_XMP/FUJ_-_Fortia_50_-_film.xmp
    roundtrip_test.go:144: Blacks: orig=18 (expected loss: NP3 doesn't support this parameter)
=== NAME  TestRoundTrip_XMP_NP3_XMP/FUJ_-_Fortia_50_-_boost.xmp
    roundtrip_test.go:144: Shadows: orig=18 (expected loss: NP3 doesn't support this parameter)
=== NAME  TestRoundTrip_XMP_NP3_XMP/FUJ_-_Color_100_-_film.xmp
    roundtrip_test.go:144: Highlights: orig=-15 (expected loss: NP3 doesn't support this parameter)
=== NAME  TestRoundTrip_XMP_NP3_XMP/FUJ_-_Fortia_50_-_boost.xmp
    roundtrip_test.go:144: Blacks: orig=18 (expected loss: NP3 doesn't support this parameter)
=== NAME  TestRoundTrip_XMP_NP3_XMP/FUJ_-_Color_100_-_film.xmp
    roundtrip_test.go:144: Shadows: orig=20 (expected loss: NP3 doesn't support this parameter)
=== NAME  TestRoundTrip_XMP_NP3_XMP/FUJ_-_Fortia_50_-_cool.xmp
    roundtrip_test.go:144: Vibrance reset to 0: orig=10 (may be due to Picture Control base mapping)
=== NAME  TestRoundTrip_XMP_NP3_XMP/FUJ_-_Negative_++.xmp
    roundtrip_test.go:144: Highlights: orig=-8 (expected loss: NP3 doesn't support this parameter)
=== NAME  TestRoundTrip_XMP_NP3_XMP/FUJ_-_Fortia_50_+.xmp
    roundtrip_test.go:144: Shadows: orig=18 (expected loss: NP3 doesn't support this parameter)
    roundtrip_test.go:144: Blacks: orig=18 (expected loss: NP3 doesn't support this parameter)
=== NAME  TestRoundTrip_XMP_NP3_XMP/FUJ_-_Fortia_50_-_cool.xmp
    roundtrip_test.go:144: Highlights: orig=-28 (expected loss: NP3 doesn't support this parameter)
=== NAME  TestRoundTrip_XMP_NP3_XMP/FUJ_-_Fortia_50_+.xmp
    roundtrip_test.go:144: Split toning hue: orig shadow=0, highlight=265 (NP3 has limited split toning support)
=== NAME  TestRoundTrip_XMP_NP3_XMP/FUJ_-_Color_100_-_cool.xmp
    roundtrip_test.go:144: Highlights: orig=-15 (expected loss: NP3 doesn't support this parameter)
=== CONT  TestRoundTrip_XMP_NP3_XMP/FUJ_-_Astia_100F_-_warm.xmp
=== NAME  TestRoundTrip_XMP_NP3_XMP/FUJ_-_Color_100_-_cool.xmp
    roundtrip_test.go:144: Shadows: orig=20 (expected loss: NP3 doesn't support this parameter)
=== NAME  TestRoundTrip_XMP_NP3_XMP/FUJ_-_Fortia_50_-_cool.xmp
    roundtrip_test.go:144: Shadows: orig=18 (expected loss: NP3 doesn't support this parameter)
    roundtrip_test.go:144: Blacks: orig=18 (expected loss: NP3 doesn't support this parameter)
=== NAME  TestRoundTrip_XMP_NP3_XMP/FUJ_-_Provia_100F_+.xmp
    roundtrip_test.go:144: Split toning saturation/balance: (expected loss: NP3 only supports hue)
=== CONT  TestRoundTrip_XMP_NP3_XMP/FUJ_-_Astia_100F_-_film.xmp
=== NAME  TestRoundTrip_XMP_NP3_XMP/FUJ_-_Fortia_50.xmp
    roundtrip_test.go:144: Vibrance reset to 0: orig=5 (may be due to Picture Control base mapping)
=== NAME  TestRoundTrip_XMP_NP3_XMP/FUJ_-_Provia_100F_+.xmp
    roundtrip_test.go:144: Split toning hue: orig shadow=0, highlight=215 (NP3 has limited split toning support)
=== NAME  TestRoundTrip_XMP_NP3_XMP/FUJ_-_Color_100.xmp
    roundtrip_test.go:144: Highlights: orig=-15 (expected loss: NP3 doesn't support this parameter)
=== NAME  TestRoundTrip_XMP_NP3_XMP/FUJ_-_Fortia_50_-_warm.xmp
    roundtrip_test.go:144: Vibrance reset to 0: orig=15 (may be due to Picture Control base mapping)
=== NAME  TestRoundTrip_XMP_NP3_XMP/FUJ_-_Color_100_-_boost.xmp
    roundtrip_test.go:493: Clarity mismatch: orig=-8, final=-10 (diff=2, tolerance=1)
    roundtrip_test.go:144: Highlights: orig=-20 (expected loss: NP3 doesn't support this parameter)
    roundtrip_test.go:144: Shadows: orig=20 (expected loss: NP3 doesn't support this parameter)
=== NAME  TestRoundTrip_XMP_NP3_XMP/FUJ_-_Provia_100F_+++.xmp
    roundtrip_test.go:144: Split toning saturation/balance: (expected loss: NP3 only supports hue)
=== CONT  TestRoundTrip_XMP_NP3_XMP/FUJ_-_Color_100_++.xmp
=== NAME  TestRoundTrip_XMP_NP3_XMP/FUJ_-_Provia_100F_+++.xmp
    roundtrip_test.go:144: Split toning hue: orig shadow=0, highlight=212 (NP3 has limited split toning support)
=== NAME  TestRoundTrip_XMP_NP3_XMP/FUJ_-_Negative_-_boost.xmp
    roundtrip_test.go:144: Blacks: orig=-20 (expected loss: NP3 doesn't support this parameter)
=== CONT  TestRoundTrip_XMP_NP3_XMP/FUJ_-_Astia_100F_-_boost.xmp
=== NAME  TestRoundTrip_XMP_NP3_XMP/FUJ_-_Color_100_-_warm.xmp
    roundtrip_test.go:144: Whites: orig=-10 (expected loss: NP3 doesn't support this parameter)
=== CONT  TestRoundTrip_XMP_NP3_XMP/FUJ_-_Astia_100F_+.xmp
=== NAME  TestRoundTrip_XMP_NP3_XMP/FUJ_-_Color_100_-_warm.xmp
    roundtrip_test.go:144: Blacks: orig=25 (expected loss: NP3 doesn't support this parameter)
=== NAME  TestRoundTrip_XMP_NP3_XMP/FUJ_-_Fortia_50_++++.xmp
    roundtrip_test.go:144: Vibrance reset to 0: orig=10 (may be due to Picture Control base mapping)
=== CONT  TestRoundTrip_XMP_NP3_XMP/FUJ_-_Astia_100F_++.xmp
=== NAME  TestRoundTrip_XMP_NP3_XMP/FUJ_-_Negative_+++.xmp
    roundtrip_test.go:144: Blacks: orig=-15 (expected loss: NP3 doesn't support this parameter)
=== NAME  TestRoundTrip_XMP_NP3_XMP/FUJ_-_Color_100_+.xmp
    roundtrip_test.go:144: Highlights: orig=-15 (expected loss: NP3 doesn't support this parameter)
=== CONT  TestRoundTrip_XMP_NP3_XMP/FUJ_-_Color_100_+++.xmp
=== CONT  TestRoundTrip_XMP_NP3_XMP/FUJ_-_Color_100_++++.xmp
=== CONT  TestRoundTrip_XMP_NP3_XMP/FUJ_-_Fortia_50_+++.xmp
=== NAME  TestRoundTrip_XMP_NP3_XMP/FUJ_-_Color_100_-_film.xmp
    roundtrip_test.go:144: Whites: orig=-10 (expected loss: NP3 doesn't support this parameter)
    roundtrip_test.go:144: Blacks: orig=25 (expected loss: NP3 doesn't support this parameter)
=== CONT  TestRoundTrip_XMP_NP3_XMP/Nikon_Z_f_Camera_Pure.xmp
=== CONT  TestRoundTrip_XMP_NP3_XMP/FUJ_-_Astia_100F.xmp
=== NAME  TestRoundTrip_XMP_NP3_XMP/FUJ_-_Negative_++.xmp
    roundtrip_test.go:144: Shadows: orig=10 (expected loss: NP3 doesn't support this parameter)
    roundtrip_test.go:144: Whites: orig=-12 (expected loss: NP3 doesn't support this parameter)
=== CONT  TestRoundTrip_XMP_NP3_XMP/o_7.xmp#04
=== NAME  TestRoundTrip_XMP_NP3_XMP/FUJ_-_Astia_100F_-_warm.xmp
    roundtrip_test.go:144: Highlights: orig=-22 (expected loss: NP3 doesn't support this parameter)
    roundtrip_test.go:144: Shadows: orig=18 (expected loss: NP3 doesn't support this parameter)
    roundtrip_test.go:144: Blacks: orig=22 (expected loss: NP3 doesn't support this parameter)
=== CONT  TestRoundTrip_XMP_NP3_XMP/Nikon_Z_f_Camera_Pop.xmp
--- PASS: TestRoundTrip_XMP_lrtemplate_XMP (0.10s)
    --- PASS: TestRoundTrip_XMP_lrtemplate_XMP/LIGHTING_-_Tungsten.xmp#02 (0.00s)
    --- PASS: TestRoundTrip_XMP_lrtemplate_XMP/LIGHTING_-_Shade.xmp#02 (0.00s)
    --- PASS: TestRoundTrip_XMP_lrtemplate_XMP/--FL_MASTER-FUJI_160NS-Original.xmp (0.00s)
    --- PASS: TestRoundTrip_XMP_lrtemplate_XMP/COLOR_-_Warm_Light.xmp#02 (0.00s)
    --- PASS: TestRoundTrip_XMP_lrtemplate_XMP/POL_-_Color_Instant_+.xmp#01 (0.00s)
    --- PASS: TestRoundTrip_XMP_lrtemplate_XMP/FINISH_-_Strong.xmp#02 (0.00s)
    --- PASS: TestRoundTrip_XMP_lrtemplate_XMP/KDK_-_Elite_100.xmp#01 (0.00s)
    --- PASS: TestRoundTrip_XMP_lrtemplate_XMP/KDK_-_Echrome_100_-_warm.xmp#01 (0.00s)
    --- PASS: TestRoundTrip_XMP_lrtemplate_XMP/KDK_-_Echrome_64.xmp#01 (0.00s)
    --- PASS: TestRoundTrip_XMP_lrtemplate_XMP/KDK_-_Portra_800_-_film.xmp#01 (0.00s)
    --- PASS: TestRoundTrip_XMP_lrtemplate_XMP/KDK_-_Portra_400_-_boost.xmp#01 (0.00s)
    --- PASS: TestRoundTrip_XMP_lrtemplate_XMP/KDK_-_Tri-X_400_-_boost.xmp#01 (0.00s)
    --- PASS: TestRoundTrip_XMP_lrtemplate_XMP/KDK_-_Portra_++++.xmp#01 (0.00s)
    --- PASS: TestRoundTrip_XMP_lrtemplate_XMP/LIGHTING_-_As_Shot.xmp#02 (0.00s)
    --- PASS: TestRoundTrip_XMP_lrtemplate_XMP/Kodachrome.xmp (0.00s)
    --- PASS: TestRoundTrip_XMP_lrtemplate_XMP/sample.xmp (0.00s)
    --- PASS: TestRoundTrip_XMP_lrtemplate_XMP/KDK_-_Portra_800_-_warm.xmp#01 (0.00s)
    --- PASS: TestRoundTrip_XMP_lrtemplate_XMP/KDK_-_Portra_800.xmp#01 (0.00s)
    --- PASS: TestRoundTrip_XMP_lrtemplate_XMP/KDK_-_Portra.xmp#01 (0.00s)
    --- PASS: TestRoundTrip_XMP_lrtemplate_XMP/POL_-_Color_600.xmp#02 (0.01s)
    --- PASS: TestRoundTrip_XMP_lrtemplate_XMP/POL_-_Cinematic_-_film.xmp (0.01s)
    --- PASS: TestRoundTrip_XMP_lrtemplate_XMP/KDK_-_Portra_400_-_boost.xmp (0.01s)
    --- PASS: TestRoundTrip_XMP_lrtemplate_XMP/KDK_-_Portra_800_-_warm.xmp (0.01s)
    --- PASS: TestRoundTrip_XMP_lrtemplate_XMP/POL_-_Color_Instant_-_cool.xmp (0.01s)
    --- PASS: TestRoundTrip_XMP_lrtemplate_XMP/KDK_-_Portra_800_-_film.xmp (0.01s)
    --- PASS: TestRoundTrip_XMP_lrtemplate_XMP/KDK_-_Portra_400_-_cool.xmp (0.01s)
    --- PASS: TestRoundTrip_XMP_lrtemplate_XMP/KDK_-_Portra_400_-_warm.xmp (0.01s)
    --- PASS: TestRoundTrip_XMP_lrtemplate_XMP/KDK_-_Portra_800_-_cool.xmp (0.01s)
    --- PASS: TestRoundTrip_XMP_lrtemplate_XMP/KDK_-_Portra_800_-_boost.xmp (0.01s)
    --- PASS: TestRoundTrip_XMP_lrtemplate_XMP/KDK_-_Portra_-_cool.xmp (0.01s)
    --- PASS: TestRoundTrip_XMP_lrtemplate_XMP/portrait.xmp (0.01s)
    --- PASS: TestRoundTrip_XMP_lrtemplate_XMP/KDK_-_Portra_800_+.xmp (0.01s)
    --- PASS: TestRoundTrip_XMP_lrtemplate_XMP/KDK_-_Portra_-_boost.xmp (0.01s)
    --- PASS: TestRoundTrip_XMP_lrtemplate_XMP/KDK_-_Portra_+++.xmp (0.01s)
    --- PASS: TestRoundTrip_XMP_lrtemplate_XMP/KDK_-_Portra_800_++.xmp (0.01s)
    --- PASS: TestRoundTrip_XMP_lrtemplate_XMP/KDK_-_Portra_+.xmp (0.01s)
    --- PASS: TestRoundTrip_XMP_lrtemplate_XMP/KDK_-_Portra_400.xmp (0.01s)
    --- PASS: TestRoundTrip_XMP_lrtemplate_XMP/KDK_-_Portra_400_+++.xmp (0.01s)
    --- PASS: TestRoundTrip_XMP_lrtemplate_XMP/KDK_-_Portra_400_++.xmp (0.01s)
    --- PASS: TestRoundTrip_XMP_lrtemplate_XMP/KDK_-_Portra_400_+.xmp (0.01s)
    --- PASS: TestRoundTrip_XMP_lrtemplate_XMP/KDK_-_Portra_800_++++.xmp (0.01s)
    --- PASS: TestRoundTrip_XMP_lrtemplate_XMP/KDK_-_Portra_800_+++.xmp (0.01s)
    --- PASS: TestRoundTrip_XMP_lrtemplate_XMP/KDK_-_Plus_125.xmp (0.01s)
    --- PASS: TestRoundTrip_XMP_lrtemplate_XMP/KDK_-_Portra_++.xmp (0.01s)
    --- PASS: TestRoundTrip_XMP_lrtemplate_XMP/KDK_-_Portra_400_++++.xmp (0.01s)
    --- PASS: TestRoundTrip_XMP_lrtemplate_XMP/KDK_-_Portra_++++.xmp (0.01s)
    --- PASS: TestRoundTrip_XMP_lrtemplate_XMP/KDK_-_Portra_400_-_film.xmp (0.01s)
    --- PASS: TestRoundTrip_XMP_lrtemplate_XMP/KDK_-_Portra_160.xmp (0.01s)
    --- PASS: TestRoundTrip_XMP_lrtemplate_XMP/KDK_-_Portra_160_-_warm.xmp (0.01s)
    --- PASS: TestRoundTrip_XMP_lrtemplate_XMP/KDK_-_Portra_160_-_film.xmp (0.01s)
    --- PASS: TestRoundTrip_XMP_lrtemplate_XMP/KDK_-_Plus_125_-_boost.xmp (0.01s)
    --- PASS: TestRoundTrip_XMP_lrtemplate_XMP/KDK_-_Plus_125_-_film.xmp (0.01s)
    --- PASS: TestRoundTrip_XMP_lrtemplate_XMP/KDK_-_Plus_125_++.xmp (0.01s)
    --- PASS: TestRoundTrip_XMP_lrtemplate_XMP/KDK_-_Portra_160_++++.xmp (0.01s)
    --- PASS: TestRoundTrip_XMP_lrtemplate_XMP/KDK_-_Gold_200_+++.xmp (0.01s)
    --- PASS: TestRoundTrip_XMP_lrtemplate_XMP/KDK_-_Portra_160_+.xmp (0.01s)
    --- PASS: TestRoundTrip_XMP_lrtemplate_XMP/KDK_-_Kodachrome_64_4.xmp (0.00s)
    --- PASS: TestRoundTrip_XMP_lrtemplate_XMP/KDK_-_Plus_125_+.xmp (0.01s)
    --- PASS: TestRoundTrip_XMP_lrtemplate_XMP/KDK_-_Portra_-_warm.xmp (0.01s)
    --- PASS: TestRoundTrip_XMP_lrtemplate_XMP/KDK_-_Ektar_100_-_warm.xmp (0.01s)
    --- PASS: TestRoundTrip_XMP_lrtemplate_XMP/KDK_-_Portra_160_-_cool.xmp (0.01s)
    --- PASS: TestRoundTrip_XMP_lrtemplate_XMP/KDK_-_Elite_100_-_warm.xmp (0.01s)
    --- PASS: TestRoundTrip_XMP_lrtemplate_XMP/KDK_-_Gold_200_++++.xmp (0.01s)
    --- PASS: TestRoundTrip_XMP_lrtemplate_XMP/KDK_-_Kodachrome_64_6.xmp (0.01s)
    --- PASS: TestRoundTrip_XMP_lrtemplate_XMP/KDK_-_Elite_100.xmp (0.01s)
    --- PASS: TestRoundTrip_XMP_lrtemplate_XMP/KDK_-_Portra_160_+++.xmp (0.01s)
    --- PASS: TestRoundTrip_XMP_lrtemplate_XMP/KDK_-_Portra_160_++.xmp (0.01s)
    --- PASS: TestRoundTrip_XMP_lrtemplate_XMP/KDK_-_Plus_125_+++.xmp (0.01s)
    --- PASS: TestRoundTrip_XMP_lrtemplate_XMP/KDK_-_Portra_160_-_boost.xmp (0.01s)
    --- PASS: TestRoundTrip_XMP_lrtemplate_XMP/KDK_-_Elite_100_-_film.xmp (0.01s)
    --- PASS: TestRoundTrip_XMP_lrtemplate_XMP/KDK_-_Ektar_100_-_film.xmp (0.01s)
    --- PASS: TestRoundTrip_XMP_lrtemplate_XMP/KDK_-_Elite_100_-_boost.xmp (0.01s)
    --- PASS: TestRoundTrip_XMP_lrtemplate_XMP/KDK_-_Ektar_100_++.xmp (0.01s)
    --- PASS: TestRoundTrip_XMP_lrtemplate_XMP/KDK_-_Elite_100_-_cool.xmp (0.01s)
    --- PASS: TestRoundTrip_XMP_lrtemplate_XMP/KDK_-_Ektar_100_-_cool.xmp (0.01s)
    --- PASS: TestRoundTrip_XMP_lrtemplate_XMP/KDK_-_Kodachrome_64_5.xmp (0.01s)
    --- PASS: TestRoundTrip_XMP_lrtemplate_XMP/KDK_-_Ektar_100_-_boost.xmp (0.01s)
    --- PASS: TestRoundTrip_XMP_lrtemplate_XMP/KDK_-_Portra_-_film.xmp (0.01s)
    --- PASS: TestRoundTrip_XMP_lrtemplate_XMP/KDK_-_Ektar_100_+.xmp (0.01s)
    --- PASS: TestRoundTrip_XMP_lrtemplate_XMP/KDK_-_Ektar_100_+++.xmp (0.01s)
    --- PASS: TestRoundTrip_XMP_lrtemplate_XMP/KDK_-_Kodachrome_64_3.xmp (0.01s)
    --- PASS: TestRoundTrip_XMP_lrtemplate_XMP/KDK_-_Kodachrome_64.xmp (0.01s)
    --- PASS: TestRoundTrip_XMP_lrtemplate_XMP/KDK_-_Elite_100_+++.xmp (0.01s)
    --- PASS: TestRoundTrip_XMP_lrtemplate_XMP/KDK_-_Echrome_64_-_film.xmp (0.01s)
    --- PASS: TestRoundTrip_XMP_lrtemplate_XMP/KDK_-_Echrome_64_++.xmp (0.01s)
    --- PASS: TestRoundTrip_XMP_lrtemplate_XMP/KDK_-_Echrome_64_-_cool.xmp (0.01s)
    --- PASS: TestRoundTrip_XMP_lrtemplate_XMP/FUJ_-_Color_100.xmp#01 (0.01s)
    --- PASS: TestRoundTrip_XMP_lrtemplate_XMP/KDK_-_Kodachrome_64_2.xmp (0.01s)
    --- PASS: TestRoundTrip_XMP_lrtemplate_XMP/KDK_-_Ektar_100_++++.xmp (0.01s)
    --- PASS: TestRoundTrip_XMP_lrtemplate_XMP/KDK_-_Elite_100_+.xmp (0.01s)
    --- PASS: TestRoundTrip_XMP_lrtemplate_XMP/KDK_-_Elite_100_++++.xmp (0.01s)
    --- PASS: TestRoundTrip_XMP_lrtemplate_XMP/KDK_-_Gold_200_-_warm.xmp (0.01s)
    --- PASS: TestRoundTrip_XMP_lrtemplate_XMP/KDK_-_Echrome_64.xmp (0.01s)
    --- PASS: TestRoundTrip_XMP_lrtemplate_XMP/KDK_-_Kodachrome_64_1.xmp (0.01s)
    --- PASS: TestRoundTrip_XMP_lrtemplate_XMP/KDK_-_Gold_200_-_cool.xmp (0.01s)
    --- PASS: TestRoundTrip_XMP_lrtemplate_XMP/KDK_-_Echrome_64_+.xmp (0.01s)
    --- PASS: TestRoundTrip_XMP_lrtemplate_XMP/KDK_-_Gold_200.xmp (0.01s)
    --- PASS: TestRoundTrip_XMP_lrtemplate_XMP/KDK_-_Gold_200_-_film.xmp (0.01s)
    --- PASS: TestRoundTrip_XMP_lrtemplate_XMP/KDK_-_Gold_200_-_boost.xmp (0.01s)
    --- PASS: TestRoundTrip_XMP_lrtemplate_XMP/KDK_-_Ektar_100.xmp (0.01s)
    --- PASS: TestRoundTrip_XMP_lrtemplate_XMP/KDK_-_Echrome_200_++.xmp (0.01s)
    --- PASS: TestRoundTrip_XMP_lrtemplate_XMP/KDK_-_Echrome_64_-_boost.xmp (0.01s)
    --- PASS: TestRoundTrip_XMP_lrtemplate_XMP/KDK_-_Elite_100_++.xmp (0.01s)
    --- PASS: TestRoundTrip_XMP_lrtemplate_XMP/KDK_-_Echrome_100_++++.xmp (0.01s)
    --- PASS: TestRoundTrip_XMP_lrtemplate_XMP/KDK_-_Echrome_64_-_warm.xmp (0.01s)
    --- PASS: TestRoundTrip_XMP_lrtemplate_XMP/KDK_-_Echrome_64_+++.xmp (0.01s)
    --- PASS: TestRoundTrip_XMP_lrtemplate_XMP/KDK_-_Echrome_64_++++.xmp (0.01s)
    --- PASS: TestRoundTrip_XMP_lrtemplate_XMP/KDK_-_Gold_200_+.xmp (0.01s)
    --- PASS: TestRoundTrip_XMP_lrtemplate_XMP/KDK_-_Echrome_200.xmp (0.01s)
    --- PASS: TestRoundTrip_XMP_lrtemplate_XMP/KDK_-_Echrome_100.xmp (0.01s)
    --- PASS: TestRoundTrip_XMP_lrtemplate_XMP/KDK_-_Echrome_200_-_warm.xmp (0.01s)
    --- PASS: TestRoundTrip_XMP_lrtemplate_XMP/KDK_-_Echrome_-_warm.xmp (0.01s)
    --- PASS: TestRoundTrip_XMP_lrtemplate_XMP/KDK_-_Gold_200_++.xmp (0.01s)
    --- PASS: TestRoundTrip_XMP_lrtemplate_XMP/KDK_-_Echrome_200_-_film.xmp (0.01s)
    --- PASS: TestRoundTrip_XMP_lrtemplate_XMP/KDK_-_Echrome_100_-_warm.xmp (0.01s)
    --- PASS: TestRoundTrip_XMP_lrtemplate_XMP/KDK_-_Echrome_100_-_cool.xmp (0.01s)
    --- PASS: TestRoundTrip_XMP_lrtemplate_XMP/KDK_-_Echrome_200_+++.xmp (0.01s)
    --- PASS: TestRoundTrip_XMP_lrtemplate_XMP/KDK_-_Echrome_-_boost.xmp (0.01s)
    --- PASS: TestRoundTrip_XMP_lrtemplate_XMP/KDK_-_Echrome_200_-_boost.xmp (0.01s)
    --- PASS: TestRoundTrip_XMP_lrtemplate_XMP/KDK_-_Echrome_100_+.xmp (0.01s)
    --- PASS: TestRoundTrip_XMP_lrtemplate_XMP/KDK_-_Echrome_++.xmp (0.01s)
    --- PASS: TestRoundTrip_XMP_lrtemplate_XMP/KDK_-_Echrome_200_++++.xmp (0.01s)
    --- PASS: TestRoundTrip_XMP_lrtemplate_XMP/KDK_-_Echrome_100_+++.xmp (0.01s)
    --- PASS: TestRoundTrip_XMP_lrtemplate_XMP/KDK_-_Echrome_-_film.xmp (0.01s)
    --- PASS: TestRoundTrip_XMP_lrtemplate_XMP/KDK_-_Echrome_+++.xmp (0.01s)
    --- PASS: TestRoundTrip_XMP_lrtemplate_XMP/KDK_-_Echrome_100_++.xmp (0.01s)
    --- PASS: TestRoundTrip_XMP_lrtemplate_XMP/FUJ_-_Velvia_100_-_film.xmp#01 (0.01s)
    --- PASS: TestRoundTrip_XMP_lrtemplate_XMP/KDK_-_Echrome_+.xmp (0.01s)
    --- PASS: TestRoundTrip_XMP_lrtemplate_XMP/KDK_-_Echrome_100_-_film.xmp (0.01s)
    --- PASS: TestRoundTrip_XMP_lrtemplate_XMP/KDK_-_Echrome_-_cool.xmp (0.01s)
    --- PASS: TestRoundTrip_XMP_lrtemplate_XMP/KDK_-_Echrome_100_-_boost.xmp (0.01s)
    --- PASS: TestRoundTrip_XMP_lrtemplate_XMP/KDK_-_Echrome_200_+.xmp (0.01s)
    --- PASS: TestRoundTrip_XMP_lrtemplate_XMP/FUJ_-_XPro.xmp#01 (0.01s)
    --- PASS: TestRoundTrip_XMP_lrtemplate_XMP/KDK_-_Echrome_++++.xmp (0.01s)
    --- PASS: TestRoundTrip_XMP_lrtemplate_XMP/FUJ_-_Velvia_100_-_cool.xmp#01 (0.01s)
    --- PASS: TestRoundTrip_XMP_lrtemplate_XMP/FUJ_-_Superia_800_++.xmp#01 (0.01s)
    --- PASS: TestRoundTrip_XMP_lrtemplate_XMP/FUJ_-_Superia_800_-_boost.xmp#01 (0.01s)
    --- PASS: TestRoundTrip_XMP_lrtemplate_XMP/FUJ_-_Velvia_100_-_boost.xmp#01 (0.01s)
    --- PASS: TestRoundTrip_XMP_lrtemplate_XMP/KDK_-_Echrome_200_-_cool.xmp (0.01s)
    --- PASS: TestRoundTrip_XMP_lrtemplate_XMP/FUJ_-_Superia_400_+.xmp#01 (0.01s)
    --- PASS: TestRoundTrip_XMP_lrtemplate_XMP/FUJ_-_Superia_400_-_boost.xmp#01 (0.01s)
    --- PASS: TestRoundTrip_XMP_lrtemplate_XMP/FUJ_-_Superia_800_-_cool.xmp#01 (0.01s)
    --- PASS: TestRoundTrip_XMP_lrtemplate_XMP/FUJ_-_Superia_800_+.xmp#01 (0.01s)
    --- PASS: TestRoundTrip_XMP_lrtemplate_XMP/FUJ_-_Superia_400.xmp#01 (0.01s)
    --- PASS: TestRoundTrip_XMP_lrtemplate_XMP/FUJ_-_Velvia_100_+.xmp#01 (0.01s)
    --- PASS: TestRoundTrip_XMP_lrtemplate_XMP/FUJ_-_Superia_800_++++.xmp#01 (0.01s)
    --- PASS: TestRoundTrip_XMP_lrtemplate_XMP/FUJ_-_Velvia_100_++++.xmp#01 (0.01s)
    --- PASS: TestRoundTrip_XMP_lrtemplate_XMP/FUJ_-_Velvia_100_++.xmp#01 (0.01s)
    --- PASS: TestRoundTrip_XMP_lrtemplate_XMP/FUJ_-_Superia_400_-_warm.xmp#01 (0.01s)
    --- PASS: TestRoundTrip_XMP_lrtemplate_XMP/FUJ_-_Superia_400_++++.xmp#01 (0.01s)
    --- PASS: TestRoundTrip_XMP_lrtemplate_XMP/FUJ_-_Sensia_100_-_film.xmp#01 (0.01s)
    --- PASS: TestRoundTrip_XMP_lrtemplate_XMP/FUJ_-_Superia_400_-_film.xmp#01 (0.01s)
    --- PASS: TestRoundTrip_XMP_lrtemplate_XMP/FUJ_-_Superia_400_+++.xmp#01 (0.01s)
    --- PASS: TestRoundTrip_XMP_lrtemplate_XMP/FUJ_-_Sensia_100.xmp#01 (0.01s)
    --- PASS: TestRoundTrip_XMP_lrtemplate_XMP/FUJ_-_Velvia_100_+++.xmp#01 (0.01s)
    --- PASS: TestRoundTrip_XMP_lrtemplate_XMP/FUJ_-_Superia_800_+++.xmp#01 (0.01s)
    --- PASS: TestRoundTrip_XMP_lrtemplate_XMP/FUJ_-_Superia_800_-_warm.xmp#01 (0.01s)
    --- PASS: TestRoundTrip_XMP_lrtemplate_XMP/FUJ_-_Superia_800.xmp#01 (0.01s)
    --- PASS: TestRoundTrip_XMP_lrtemplate_XMP/FUJ_-_Superia_400_-_cool.xmp#01 (0.01s)
    --- PASS: TestRoundTrip_XMP_lrtemplate_XMP/FUJ_-_Sensia_100_-_cool.xmp#01 (0.01s)
    --- PASS: TestRoundTrip_XMP_lrtemplate_XMP/FUJ_-_Sensia_100_-_boost.xmp#01 (0.01s)
    --- PASS: TestRoundTrip_XMP_lrtemplate_XMP/FUJ_-_Superia_400_++.xmp#01 (0.01s)
    --- PASS: TestRoundTrip_XMP_lrtemplate_XMP/FUJ_-_Sensia_100_-_warm.xmp#01 (0.01s)
    --- PASS: TestRoundTrip_XMP_lrtemplate_XMP/FUJ_-_Sensia_100_+.xmp#01 (0.01s)
    --- PASS: TestRoundTrip_XMP_lrtemplate_XMP/FUJ_-_Provia_100F_-_cool.xmp#01 (0.01s)
    --- PASS: TestRoundTrip_XMP_lrtemplate_XMP/FUJ_-_Provia_100F_-_film.xmp#01 (0.01s)
    --- PASS: TestRoundTrip_XMP_lrtemplate_XMP/FUJ_-_Sensia_100_+++.xmp#01 (0.01s)
    --- PASS: TestRoundTrip_XMP_lrtemplate_XMP/FUJ_-_PRO_160_+.xmp#01 (0.01s)
    --- PASS: TestRoundTrip_XMP_lrtemplate_XMP/FUJ_-_Provia_100F_-_boost.xmp#01 (0.01s)
    --- PASS: TestRoundTrip_XMP_lrtemplate_XMP/FUJ_-_Sensia_100_++.xmp#01 (0.01s)
    --- PASS: TestRoundTrip_XMP_lrtemplate_XMP/FUJ_-_PRO_160_++.xmp#01 (0.01s)
    --- PASS: TestRoundTrip_XMP_lrtemplate_XMP/FUJ_-_PRO_160_-_warm.xmp#01 (0.01s)
    --- PASS: TestRoundTrip_XMP_lrtemplate_XMP/FUJ_-_PRO_160_-_boost.xmp#01 (0.01s)
    --- PASS: TestRoundTrip_XMP_lrtemplate_XMP/FUJ_-_Superia_800_-_film.xmp#01 (0.01s)
    --- PASS: TestRoundTrip_XMP_lrtemplate_XMP/FUJ_-_Provia_100F_+.xmp#01 (0.01s)
    --- PASS: TestRoundTrip_XMP_lrtemplate_XMP/FUJ_-_Provia_100F_++.xmp#01 (0.01s)
    --- PASS: TestRoundTrip_XMP_lrtemplate_XMP/FUJ_-_Provia_100F.xmp#01 (0.01s)
    --- PASS: TestRoundTrip_XMP_lrtemplate_XMP/FUJ_-_Sensia_100_++++.xmp#01 (0.01s)
    --- PASS: TestRoundTrip_XMP_lrtemplate_XMP/FUJ_-_Provia_100F_-_warm.xmp#01 (0.01s)
    --- PASS: TestRoundTrip_XMP_lrtemplate_XMP/FUJ_-_Provia_100F_++++.xmp#01 (0.01s)
    --- PASS: TestRoundTrip_XMP_lrtemplate_XMP/FUJ_-_PRO_160_+++.xmp#01 (0.01s)
    --- PASS: TestRoundTrip_XMP_lrtemplate_XMP/FUJ_-_PRO_160_-_film.xmp#01 (0.01s)
    --- PASS: TestRoundTrip_XMP_lrtemplate_XMP/FUJ_-_PRO_160_++++.xmp#01 (0.01s)
    --- PASS: TestRoundTrip_XMP_lrtemplate_XMP/FUJ_-_PRO_160_-_cool.xmp#01 (0.01s)
    --- PASS: TestRoundTrip_XMP_lrtemplate_XMP/FUJ_-_Provia_100F_+++.xmp#01 (0.01s)
    --- PASS: TestRoundTrip_XMP_lrtemplate_XMP/FUJ_-_Negative.xmp#01 (0.01s)
    --- PASS: TestRoundTrip_XMP_lrtemplate_XMP/FUJ_-_Neopan.xmp (0.01s)
    --- PASS: TestRoundTrip_XMP_lrtemplate_XMP/FUJ_-_Negative_-_warm.xmp#01 (0.01s)
    --- PASS: TestRoundTrip_XMP_lrtemplate_XMP/FUJ_-_Neopan_-_boost.xmp (0.01s)
    --- PASS: TestRoundTrip_XMP_lrtemplate_XMP/FUJ_-_PRO_160.xmp#01 (0.01s)
    --- PASS: TestRoundTrip_XMP_lrtemplate_XMP/FUJ_-_Neopan_-_film.xmp (0.01s)
    --- PASS: TestRoundTrip_XMP_lrtemplate_XMP/FUJ_-_Negative_+++_1.xmp (0.01s)
    --- PASS: TestRoundTrip_XMP_lrtemplate_XMP/FUJ_-_Negative_-_film.xmp#01 (0.01s)
    --- PASS: TestRoundTrip_XMP_lrtemplate_XMP/FUJ_-_Neopan_+.xmp (0.01s)
    --- PASS: TestRoundTrip_XMP_lrtemplate_XMP/FUJ_-_Negative_-_cool.xmp#01 (0.01s)
    --- PASS: TestRoundTrip_XMP_lrtemplate_XMP/FUJ_-_Neopan_++.xmp (0.01s)
    --- PASS: TestRoundTrip_XMP_lrtemplate_XMP/FUJ_-_Negative_-_film_1.xmp (0.01s)
    --- PASS: TestRoundTrip_XMP_lrtemplate_XMP/FUJ_-_Negative_+++.xmp#01 (0.01s)
    --- PASS: TestRoundTrip_XMP_lrtemplate_XMP/FUJ_-_Negative_+_1.xmp (0.01s)
    --- PASS: TestRoundTrip_XMP_lrtemplate_XMP/FUJ_-_Negative_-_boost.xmp#01 (0.01s)
    --- PASS: TestRoundTrip_XMP_lrtemplate_XMP/FUJ_-_Fortia_50_-_warm.xmp#01 (0.01s)
    --- PASS: TestRoundTrip_XMP_lrtemplate_XMP/FUJ_-_Fortia_50_-_film.xmp#01 (0.01s)
    --- PASS: TestRoundTrip_XMP_lrtemplate_XMP/FUJ_-_Negative_-_boost_1.xmp (0.01s)
    --- PASS: TestRoundTrip_XMP_lrtemplate_XMP/FUJ_-_Negative_+.xmp#01 (0.01s)
    --- PASS: TestRoundTrip_XMP_lrtemplate_XMP/FUJ_-_Sensia_100_-_warm.xmp (0.00s)
    --- PASS: TestRoundTrip_XMP_lrtemplate_XMP/FUJ_-_Fortia_50.xmp#01 (0.01s)
    --- PASS: TestRoundTrip_XMP_lrtemplate_XMP/FUJ_-_XPro_-_warm.xmp#01 (0.01s)
    --- PASS: TestRoundTrip_XMP_lrtemplate_XMP/FUJ_-_Negative_1.xmp (0.01s)
    --- PASS: TestRoundTrip_XMP_lrtemplate_XMP/FUJ_-_Fortia_50_++++.xmp#01 (0.01s)
    --- PASS: TestRoundTrip_XMP_lrtemplate_XMP/FUJ_-_Negative_++++.xmp#01 (0.01s)
    --- PASS: TestRoundTrip_XMP_lrtemplate_XMP/FUJ_-_Neopan_+++.xmp (0.01s)
    --- PASS: TestRoundTrip_XMP_lrtemplate_XMP/FUJ_-_Negative_++.xmp#01 (0.01s)
    --- PASS: TestRoundTrip_XMP_lrtemplate_XMP/FUJ_-_Color_100_-_cool.xmp#01 (0.01s)
    --- PASS: TestRoundTrip_XMP_lrtemplate_XMP/FUJ_-_Negative_++_1.xmp (0.01s)
    --- PASS: TestRoundTrip_XMP_lrtemplate_XMP/FUJ_-_Fortia_50_+++.xmp#01 (0.01s)
    --- PASS: TestRoundTrip_XMP_lrtemplate_XMP/FUJ_-_Fortia_50_++.xmp#01 (0.01s)
    --- PASS: TestRoundTrip_XMP_lrtemplate_XMP/FUJ_-_Color_100_-_warm.xmp#01 (0.01s)
    --- PASS: TestRoundTrip_XMP_lrtemplate_XMP/FUJ_-_Color_100_+++.xmp#01 (0.01s)
    --- PASS: TestRoundTrip_XMP_lrtemplate_XMP/FUJ_-_Fortia_50_+.xmp#01 (0.01s)
    --- PASS: TestRoundTrip_XMP_lrtemplate_XMP/FUJ_-_Astia_100F.xmp#01 (0.01s)
    --- PASS: TestRoundTrip_XMP_lrtemplate_XMP/FUJ_-_Color_100_-_film.xmp#01 (0.01s)
    --- PASS: TestRoundTrip_XMP_lrtemplate_XMP/FUJ_-_Color_100_++.xmp#01 (0.01s)
    --- PASS: TestRoundTrip_XMP_lrtemplate_XMP/FUJ_-_XPro_-_film.xmp#01 (0.01s)
    --- PASS: TestRoundTrip_XMP_lrtemplate_XMP/FUJ_-_Fortia_50_-_boost.xmp#01 (0.01s)
    --- PASS: TestRoundTrip_XMP_lrtemplate_XMP/FUJ_-_XPro_-_cool.xmp#01 (0.01s)
    --- PASS: TestRoundTrip_XMP_lrtemplate_XMP/FUJ_-_Color_100_+.xmp#01 (0.01s)
    --- PASS: TestRoundTrip_XMP_lrtemplate_XMP/FUJ_-_Fortia_50_-_cool.xmp#01 (0.01s)
    --- PASS: TestRoundTrip_XMP_lrtemplate_XMP/FUJ_-_Astia_100F_-_film.xmp#01 (0.01s)
    --- PASS: TestRoundTrip_XMP_lrtemplate_XMP/FUJ_-_Astia_100F_++.xmp#01 (0.01s)
    --- PASS: TestRoundTrip_XMP_lrtemplate_XMP/FUJ_-_Astia_100F_-_boost.xmp#01 (0.01s)
    --- PASS: TestRoundTrip_XMP_lrtemplate_XMP/FUJ_-_Astia_100F_-_warm.xmp#01 (0.01s)
    --- PASS: TestRoundTrip_XMP_lrtemplate_XMP/FUJ_-_Astia_100F_+++.xmp#01 (0.01s)
    --- PASS: TestRoundTrip_XMP_lrtemplate_XMP/FUJ_-_Astia_100F_-_cool.xmp#01 (0.01s)
    --- PASS: TestRoundTrip_XMP_lrtemplate_XMP/FUJ_-_XPro_+.xmp#01 (0.01s)
    --- PASS: TestRoundTrip_XMP_lrtemplate_XMP/FUJ_-_XPro_++++.xmp#01 (0.01s)
    --- PASS: TestRoundTrip_XMP_lrtemplate_XMP/FUJ_-_XPro_+++.xmp#01 (0.01s)
    --- PASS: TestRoundTrip_XMP_lrtemplate_XMP/FUJ_-_XPro_++.xmp#01 (0.01s)
    --- PASS: TestRoundTrip_XMP_lrtemplate_XMP/FUJ_-_Color_100_-_boost.xmp#01 (0.01s)
    --- PASS: TestRoundTrip_XMP_lrtemplate_XMP/FUJ_-_XPro_-_boost.xmp#01 (0.01s)
    --- PASS: TestRoundTrip_XMP_lrtemplate_XMP/AGF_-_Vista_Plus_++++.xmp#01 (0.01s)
    --- PASS: TestRoundTrip_XMP_lrtemplate_XMP/FUJ_-_Astia_100F_++++.xmp#01 (0.01s)
    --- PASS: TestRoundTrip_XMP_lrtemplate_XMP/FUJ_-_Color_100_++++.xmp#01 (0.01s)
    --- PASS: TestRoundTrip_XMP_lrtemplate_XMP/AGF_-_Vista_Plus.xmp#01 (0.01s)
    --- PASS: TestRoundTrip_XMP_lrtemplate_XMP/FUJ_-_Astia_100F_+.xmp#01 (0.01s)
    --- PASS: TestRoundTrip_XMP_lrtemplate_XMP/AGF_-_Ultra_100.xmp#01 (0.01s)
    --- PASS: TestRoundTrip_XMP_lrtemplate_XMP/AGF_-_Vista_Plus_-_film.xmp#01 (0.01s)
    --- PASS: TestRoundTrip_XMP_lrtemplate_XMP/AGF_-_Portrait_160.xmp#01 (0.01s)
    --- PASS: TestRoundTrip_XMP_lrtemplate_XMP/AGF_-_Vista_Plus_-_warm.xmp#01 (0.01s)
    --- PASS: TestRoundTrip_XMP_lrtemplate_XMP/AGF_-_Portrait_160_-_film.xmp#01 (0.01s)
    --- PASS: TestRoundTrip_XMP_lrtemplate_XMP/AGF_-_Ultra_100_-_film.xmp#01 (0.01s)
    --- PASS: TestRoundTrip_XMP_lrtemplate_XMP/AGF_-_Optima_100_-_warm.xmp#01 (0.01s)
    --- PASS: TestRoundTrip_XMP_lrtemplate_XMP/AGF_-_Portrait_160_++++.xmp#01 (0.01s)
    --- PASS: TestRoundTrip_XMP_lrtemplate_XMP/AGF_-_Portrait_160_-_cool.xmp#01 (0.01s)
    --- PASS: TestRoundTrip_XMP_lrtemplate_XMP/AGF_-_Ultra_100_-_cool.xmp#01 (0.01s)
    --- PASS: TestRoundTrip_XMP_lrtemplate_XMP/AGF_-_Portrait_160_++.xmp#01 (0.01s)
    --- PASS: TestRoundTrip_XMP_lrtemplate_XMP/AGF_-_Portrait_160_-_boost.xmp#01 (0.01s)
    --- PASS: TestRoundTrip_XMP_lrtemplate_XMP/AGF_-_Optima_100.xmp#01 (0.01s)
    --- PASS: TestRoundTrip_XMP_lrtemplate_XMP/AGF_-_Optima_100_-_film.xmp#01 (0.01s)
    --- PASS: TestRoundTrip_XMP_lrtemplate_XMP/AGF_-_Chrome_RSX_-_cool.xmp#01 (0.01s)
    --- PASS: TestRoundTrip_XMP_lrtemplate_XMP/AGF_-_Optima_100_-_boost.xmp#01 (0.01s)
    --- PASS: TestRoundTrip_XMP_lrtemplate_XMP/AGF_-_Portrait_160_+++.xmp#01 (0.01s)
    --- PASS: TestRoundTrip_XMP_lrtemplate_XMP/AGF_-_Optima_100_-_cool.xmp#01 (0.01s)
    --- PASS: TestRoundTrip_XMP_lrtemplate_XMP/AGF_-_Optima_100_++++.xmp#01 (0.01s)
    --- PASS: TestRoundTrip_XMP_lrtemplate_XMP/AGF_-_Vista_Plus_+++.xmp#01 (0.01s)
    --- PASS: TestRoundTrip_XMP_lrtemplate_XMP/AGF_-_Portrait_160_+.xmp#01 (0.01s)
    --- PASS: TestRoundTrip_XMP_lrtemplate_XMP/AGF_-_Portrait_160_-_warm.xmp#01 (0.01s)
    --- PASS: TestRoundTrip_XMP_lrtemplate_XMP/AGF_-_Optima_100_+++.xmp#01 (0.01s)
    --- PASS: TestRoundTrip_XMP_lrtemplate_XMP/AGF_-_Optima_100_++.xmp#01 (0.01s)
    --- PASS: TestRoundTrip_XMP_lrtemplate_XMP/AGF_-_Vista_Plus_-_cool.xmp#01 (0.01s)
    --- PASS: TestRoundTrip_XMP_lrtemplate_XMP/o_3.xmp#01 (0.00s)
    --- PASS: TestRoundTrip_XMP_lrtemplate_XMP/AGF_-_Chrome_RSX_-_warm.xmp#01 (0.01s)
    --- PASS: TestRoundTrip_XMP_lrtemplate_XMP/AGF_-_Ultra_100_-_warm.xmp#01 (0.01s)
    --- PASS: TestRoundTrip_XMP_lrtemplate_XMP/o_9.xmp#01 (0.00s)
    --- PASS: TestRoundTrip_XMP_lrtemplate_XMP/VIBRANCE__-_Mid.xmp#01 (0.00s)
    --- PASS: TestRoundTrip_XMP_lrtemplate_XMP/VIBRANCE__-_Low.xmp#01 (0.00s)
    --- PASS: TestRoundTrip_XMP_lrtemplate_XMP/o__.xmp (0.00s)
    --- PASS: TestRoundTrip_XMP_lrtemplate_XMP/o_8.xmp#01 (0.00s)
    --- PASS: TestRoundTrip_XMP_lrtemplate_XMP/o_2.xmp#01 (0.00s)
    --- PASS: TestRoundTrip_XMP_lrtemplate_XMP/Lens_on.xmp#01 (0.00s)
    --- PASS: TestRoundTrip_XMP_lrtemplate_XMP/o_1.xmp#01 (0.00s)
    --- PASS: TestRoundTrip_XMP_lrtemplate_XMP/SHARPEN_-_High.xmp#01 (0.00s)
    --- PASS: TestRoundTrip_XMP_lrtemplate_XMP/Lens_off.xmp#01 (0.00s)
    --- PASS: TestRoundTrip_XMP_lrtemplate_XMP/o.xmp#01 (0.00s)
    --- PASS: TestRoundTrip_XMP_lrtemplate_XMP/auto_wb__.xmp (0.00s)
    --- PASS: TestRoundTrip_XMP_lrtemplate_XMP/LIGHTING_-_Shade.xmp#01 (0.00s)
    --- PASS: TestRoundTrip_XMP_lrtemplate_XMP/o_5.xmp#01 (0.00s)
    --- PASS: TestRoundTrip_XMP_lrtemplate_XMP/o_4.xmp#01 (0.00s)
    --- PASS: TestRoundTrip_XMP_lrtemplate_XMP/LIGHTING_-_Tungsten.xmp#01 (0.00s)
    --- PASS: TestRoundTrip_XMP_lrtemplate_XMP/AGF_-_Vista_Plus_-_boost.xmp#01 (0.01s)
    --- PASS: TestRoundTrip_XMP_lrtemplate_XMP/FUJ_-_Superia_800.xmp (0.00s)
    --- PASS: TestRoundTrip_XMP_lrtemplate_XMP/o_6.xmp#01 (0.00s)
    --- PASS: TestRoundTrip_XMP_lrtemplate_XMP/FUJ_-_Velvia_100_+++.xmp (0.00s)
    --- PASS: TestRoundTrip_XMP_lrtemplate_XMP/FUJ_-_Velvia_100_++++.xmp (0.00s)
    --- PASS: TestRoundTrip_XMP_lrtemplate_XMP/FUJ_-_Superia_800_-_warm.xmp (0.00s)
    --- PASS: TestRoundTrip_XMP_lrtemplate_XMP/FUJ_-_Superia_800_-_film.xmp (0.00s)
    --- PASS: TestRoundTrip_XMP_lrtemplate_XMP/AGF_-_Vista_Plus_++.xmp#01 (0.01s)
    --- PASS: TestRoundTrip_XMP_lrtemplate_XMP/FUJ_-_Superia_800_-_cool.xmp (0.00s)
    --- PASS: TestRoundTrip_XMP_lrtemplate_XMP/FUJ_-_Superia_800_+.xmp (0.00s)
    --- PASS: TestRoundTrip_XMP_lrtemplate_XMP/FUJ_-_Superia_400.xmp (0.00s)
    --- PASS: TestRoundTrip_XMP_lrtemplate_XMP/LIGHTING_-_Flash.xmp#01 (0.00s)
    --- PASS: TestRoundTrip_XMP_lrtemplate_XMP/AGF_-_Optima_100_+.xmp#01 (0.01s)
    --- PASS: TestRoundTrip_XMP_lrtemplate_XMP/FUJ_-_Superia_800_+++.xmp (0.00s)
    --- PASS: TestRoundTrip_XMP_lrtemplate_XMP/FUJ_-_Superia_800_++.xmp (0.00s)
    --- PASS: TestRoundTrip_XMP_lrtemplate_XMP/FUJ_-_Superia_800_++++.xmp (0.00s)
    --- PASS: TestRoundTrip_XMP_lrtemplate_XMP/FUJ_-_Superia_800_-_boost.xmp (0.00s)
    --- PASS: TestRoundTrip_XMP_lrtemplate_XMP/LIGHTING_-_Fluorescent.xmp#01 (0.00s)
    --- PASS: TestRoundTrip_XMP_lrtemplate_XMP/FUJ_-_Superia_400_-_warm.xmp (0.00s)
    --- PASS: TestRoundTrip_XMP_lrtemplate_XMP/auto_tone__.xmp (0.00s)
    --- PASS: TestRoundTrip_XMP_lrtemplate_XMP/FUJ_-_Superia_400_++.xmp (0.00s)
    --- PASS: TestRoundTrip_XMP_lrtemplate_XMP/FUJ_-_Velvia_100_++.xmp (0.00s)
    --- PASS: TestRoundTrip_XMP_lrtemplate_XMP/FUJ_-_Superia_400_-_cool.xmp (0.00s)
    --- PASS: TestRoundTrip_XMP_lrtemplate_XMP/AGF_-_Chrome_RSX_++.xmp#01 (0.01s)
    --- PASS: TestRoundTrip_XMP_lrtemplate_XMP/FUJ_-_Superia_400_-_film.xmp (0.00s)
    --- PASS: TestRoundTrip_XMP_lrtemplate_XMP/AGF_-_Chrome_RSX_+++.xmp#01 (0.01s)
    --- PASS: TestRoundTrip_XMP_lrtemplate_XMP/AGF_-_Chrome_RSX_-_boost.xmp#01 (0.01s)
    --- PASS: TestRoundTrip_XMP_lrtemplate_XMP/AGF_-_Chrome_RSX_-_film.xmp#01 (0.01s)
    --- PASS: TestRoundTrip_XMP_lrtemplate_XMP/AGF_-_Chrome_RSX.xmp#01 (0.01s)
    --- PASS: TestRoundTrip_XMP_lrtemplate_XMP/AGF_-_Ultra_100_+++.xmp#01 (0.01s)
    --- PASS: TestRoundTrip_XMP_lrtemplate_XMP/FUJ_-_Superia_400_+.xmp (0.00s)
    --- PASS: TestRoundTrip_XMP_lrtemplate_XMP/FUJ_-_Superia_400_+++.xmp (0.00s)
    --- PASS: TestRoundTrip_XMP_lrtemplate_XMP/DETAIL_-_Low.xmp (0.00s)
    --- PASS: TestRoundTrip_XMP_lrtemplate_XMP/LIGHTING_-_Daylight.xmp#01 (0.00s)
    --- PASS: TestRoundTrip_XMP_lrtemplate_XMP/FUJ_-_Sensia_100.xmp (0.00s)
    --- PASS: TestRoundTrip_XMP_lrtemplate_XMP/FUJ_-_Velvia_100.xmp#01 (0.01s)
    --- PASS: TestRoundTrip_XMP_lrtemplate_XMP/FUJ_-_Superia_400_++++.xmp (0.00s)
    --- PASS: TestRoundTrip_XMP_lrtemplate_XMP/LIGHTING_-_Cloudy.xmp#01 (0.00s)
    --- PASS: TestRoundTrip_XMP_lrtemplate_XMP/LIGHTING_-_As_Shot.xmp#01 (0.00s)
    --- PASS: TestRoundTrip_XMP_lrtemplate_XMP/AGF_-_Vista_Plus_+.xmp#01 (0.01s)
    --- PASS: TestRoundTrip_XMP_lrtemplate_XMP/FUJ_-_Superia_400_-_boost.xmp (0.00s)
    --- PASS: TestRoundTrip_XMP_lrtemplate_XMP/AGF_-_Ultra_100_-_boost.xmp#01 (0.01s)
    --- PASS: TestRoundTrip_XMP_lrtemplate_XMP/AGF_-_Chrome_RSX_+.xmp#01 (0.01s)
    --- PASS: TestRoundTrip_XMP_lrtemplate_XMP/LIGHTING_-_Auto_Set.xmp#01 (0.00s)
    --- PASS: TestRoundTrip_XMP_lrtemplate_XMP/KDK_-_Echrome_100_-_cool.xmp#01 (0.00s)
    --- PASS: TestRoundTrip_XMP_lrtemplate_XMP/KDK_-_Echrome_-_film.xmp#01 (0.00s)
    --- PASS: TestRoundTrip_XMP_lrtemplate_XMP/FUJ_-_Sensia_100_-_film.xmp (0.00s)
    --- PASS: TestRoundTrip_XMP_lrtemplate_XMP/FUJ_-_Velvia_100_-_warm.xmp#01 (0.01s)
    --- PASS: TestRoundTrip_XMP_lrtemplate_XMP/KDK_-_Echrome_100_-_boost.xmp#01 (0.00s)
    --- PASS: TestRoundTrip_XMP_lrtemplate_XMP/AGF_-_Chrome_RSX_++++.xmp#01 (0.01s)
    --- PASS: TestRoundTrip_XMP_lrtemplate_XMP/KDK_-_Echrome_100_-_film.xmp#01 (0.00s)
    --- PASS: TestRoundTrip_XMP_lrtemplate_XMP/KDK_-_Echrome_100_+++.xmp#01 (0.00s)
    --- PASS: TestRoundTrip_XMP_lrtemplate_XMP/KDK_-_Echrome_100_+.xmp#01 (0.00s)
    --- PASS: TestRoundTrip_XMP_lrtemplate_XMP/FUJ_-_Velvia_100_-_film.xmp (0.00s)
    --- PASS: TestRoundTrip_XMP_lrtemplate_XMP/FUJ_-_XPro_-_warm.xmp (0.00s)
    --- PASS: TestRoundTrip_XMP_lrtemplate_XMP/FUJ_-_Sensia_100_-_boost.xmp (0.00s)
    --- PASS: TestRoundTrip_XMP_lrtemplate_XMP/FUJ_-_Sensia_100_-_cool.xmp (0.00s)
    --- PASS: TestRoundTrip_XMP_lrtemplate_XMP/KDK_-_Echrome_100_++.xmp#01 (0.00s)
    --- PASS: TestRoundTrip_XMP_lrtemplate_XMP/FUJ_-_Sensia_100_++.xmp (0.00s)
    --- PASS: TestRoundTrip_XMP_lrtemplate_XMP/FUJ_-_XPro_-_film.xmp (0.00s)
    --- PASS: TestRoundTrip_XMP_lrtemplate_XMP/auto_tone___.xmp (0.00s)
    --- PASS: TestRoundTrip_XMP_lrtemplate_XMP/FUJ_-_XPro_-_cool.xmp (0.00s)
    --- PASS: TestRoundTrip_XMP_lrtemplate_XMP/FUJ_-_Sensia_100_+++.xmp (0.00s)
    --- PASS: TestRoundTrip_XMP_lrtemplate_XMP/FUJ_-_Velvia_100_-_cool.xmp (0.00s)
    --- PASS: TestRoundTrip_XMP_lrtemplate_XMP/FUJ_-_Sensia_100_++++.xmp (0.00s)
    --- PASS: TestRoundTrip_XMP_lrtemplate_XMP/FUJ_-_XPro_+.xmp (0.00s)
    --- PASS: TestRoundTrip_XMP_lrtemplate_XMP/KDK_-_Echrome_100_++++.xmp#01 (0.00s)
    --- PASS: TestRoundTrip_XMP_lrtemplate_XMP/o_7.xmp#01 (0.00s)
    --- PASS: TestRoundTrip_XMP_lrtemplate_XMP/FUJ_-_Velvia_100.xmp (0.00s)
    --- PASS: TestRoundTrip_XMP_lrtemplate_XMP/FUJ_-_XPro.xmp (0.00s)
    --- PASS: TestRoundTrip_XMP_lrtemplate_XMP/KDK_-_Echrome_-_warm.xmp#01 (0.00s)
    --- PASS: TestRoundTrip_XMP_lrtemplate_XMP/FUJ_-_XPro_-_boost.xmp (0.00s)
    --- PASS: TestRoundTrip_XMP_lrtemplate_XMP/FUJ_-_Velvia_100_-_boost.xmp (0.00s)
    --- PASS: TestRoundTrip_XMP_lrtemplate_XMP/FUJ_-_Velvia_100_-_warm.xmp (0.00s)
    --- PASS: TestRoundTrip_XMP_lrtemplate_XMP/VIBRANCE_-__High.xmp (0.00s)
    --- PASS: TestRoundTrip_XMP_lrtemplate_XMP/KDK_-_Kodachrome_64.xmp#01 (0.00s)
    --- PASS: TestRoundTrip_XMP_lrtemplate_XMP/AGF_-_Vista_Plus_++++.xmp (0.00s)
    --- PASS: TestRoundTrip_XMP_lrtemplate_XMP/VIBRANCE_-__High.xmp#01 (0.00s)
    --- PASS: TestRoundTrip_XMP_lrtemplate_XMP/KDK_-_Kodachrome_64_++++.xmp (0.00s)
    --- PASS: TestRoundTrip_XMP_lrtemplate_XMP/AGF_-_Ultra_100_++++.xmp#01 (0.01s)
    --- PASS: TestRoundTrip_XMP_lrtemplate_XMP/KDK_-_Kodachrome_64_-_warm.xmp (0.00s)
    --- PASS: TestRoundTrip_XMP_lrtemplate_XMP/FUJ_-_Velvia_100_+.xmp (0.00s)
    --- PASS: TestRoundTrip_XMP_lrtemplate_XMP/KDK_-_Kodachrome_64_-_film.xmp (0.00s)
    --- PASS: TestRoundTrip_XMP_lrtemplate_XMP/SHARPEN_-_Low.xmp#01 (0.00s)
    --- PASS: TestRoundTrip_XMP_lrtemplate_XMP/KDK_-_Portra_800_+++.xmp#01 (0.00s)
    --- PASS: TestRoundTrip_XMP_lrtemplate_XMP/KDK_-_Echrome_-_cool.xmp#01 (0.00s)
    --- PASS: TestRoundTrip_XMP_lrtemplate_XMP/FUJ_-_Sensia_100_+.xmp (0.00s)
    --- PASS: TestRoundTrip_XMP_lrtemplate_XMP/KDK_-_Echrome_+.xmp#01 (0.00s)
    --- PASS: TestRoundTrip_XMP_lrtemplate_XMP/KDK_-_Echrome_-_boost.xmp#01 (0.00s)
    --- PASS: TestRoundTrip_XMP_lrtemplate_XMP/KDK_-_Echrome_++.xmp#01 (0.00s)
    --- PASS: TestRoundTrip_XMP_lrtemplate_XMP/KDK_-_Portra_800_-_cool.xmp#01 (0.00s)
    --- PASS: TestRoundTrip_XMP_lrtemplate_XMP/AGF_-_Ultra_100_+.xmp#01 (0.01s)
    --- PASS: TestRoundTrip_XMP_lrtemplate_XMP/KDK_-_Portra_800_-_boost.xmp#01 (0.00s)
    --- PASS: TestRoundTrip_XMP_lrtemplate_XMP/EXPOSURE__-_2.xmp#02 (0.00s)
    --- PASS: TestRoundTrip_XMP_lrtemplate_XMP/KDK_-_Portra_800_+.xmp#01 (0.00s)
    --- PASS: TestRoundTrip_XMP_lrtemplate_XMP/FUJ_-_Negative_+.xmp (0.00s)
    --- PASS: TestRoundTrip_XMP_lrtemplate_XMP/FINISH_-_Retro.xmp#02 (0.00s)
    --- PASS: TestRoundTrip_XMP_lrtemplate_XMP/FUJ_-_XPro_+++.xmp (0.00s)
    --- PASS: TestRoundTrip_XMP_lrtemplate_XMP/FINISH_-_Film.xmp#02 (0.00s)
    --- PASS: TestRoundTrip_XMP_lrtemplate_XMP/KDK_-_Portra_800_++.xmp#01 (0.00s)
    --- PASS: TestRoundTrip_XMP_lrtemplate_XMP/FUJ_-_Provia_100F_-_boost.xmp (0.00s)
    --- PASS: TestRoundTrip_XMP_lrtemplate_XMP/SHARPEN_-_Mid.xmp#01 (0.00s)
    --- PASS: TestRoundTrip_XMP_lrtemplate_XMP/COLOR_-_Spearmint.xmp#02 (0.00s)
    --- PASS: TestRoundTrip_XMP_lrtemplate_XMP/FUJ_-_Provia_100F_+.xmp (0.00s)
    --- PASS: TestRoundTrip_XMP_lrtemplate_XMP/FUJ_-_Provia_100F_-_film.xmp (0.00s)
    --- PASS: TestRoundTrip_XMP_lrtemplate_XMP/COLOR_-_Sea_Breeze.xmp#02 (0.00s)
    --- PASS: TestRoundTrip_XMP_lrtemplate_XMP/FUJ_-_XPro_++.xmp (0.00s)
    --- PASS: TestRoundTrip_XMP_lrtemplate_XMP/FINISH_-_Bright.xmp#02 (0.00s)
    --- PASS: TestRoundTrip_XMP_lrtemplate_XMP/FUJ_-_Provia_100F_++.xmp (0.00s)
    --- PASS: TestRoundTrip_XMP_lrtemplate_XMP/COLOR_-_Pastel_Rouge.xmp#02 (0.00s)
    --- PASS: TestRoundTrip_XMP_lrtemplate_XMP/FINISH_-_Basic.xmp#02 (0.00s)
    --- PASS: TestRoundTrip_XMP_lrtemplate_XMP/COLOR_-_Neutral.xmp#02 (0.00s)
    --- PASS: TestRoundTrip_XMP_lrtemplate_XMP/COLOR_-_Morning.xmp#02 (0.00s)
    --- PASS: TestRoundTrip_XMP_lrtemplate_XMP/EXPOSURE_+_1.xmp#02 (0.00s)
    --- PASS: TestRoundTrip_XMP_lrtemplate_XMP/FUJ_-_Provia_100F_-_cool.xmp (0.00s)
    --- PASS: TestRoundTrip_XMP_lrtemplate_XMP/EXPOSURE_+_2.xmp#02 (0.00s)
    --- PASS: TestRoundTrip_XMP_lrtemplate_XMP/EXPOSURE__0.xmp#02 (0.00s)
    --- PASS: TestRoundTrip_XMP_lrtemplate_XMP/FUJ_-_Provia_100F_+++.xmp (0.00s)
    --- PASS: TestRoundTrip_XMP_lrtemplate_XMP/COLOR_-_Lavender.xmp#02 (0.00s)
    --- PASS: TestRoundTrip_XMP_lrtemplate_XMP/DETAIL_-_Low.xmp#02 (0.00s)
    --- PASS: TestRoundTrip_XMP_lrtemplate_XMP/FUJ_-_Provia_100F_-_warm.xmp (0.00s)
    --- PASS: TestRoundTrip_XMP_lrtemplate_XMP/FUJ_-_Provia_100F_++++.xmp (0.00s)
    --- PASS: TestRoundTrip_XMP_lrtemplate_XMP/FUJ_-_PRO_160.xmp (0.00s)
    --- PASS: TestRoundTrip_XMP_lrtemplate_XMP/FUJ_-_Astia_100F.xmp (0.00s)
    --- PASS: TestRoundTrip_XMP_lrtemplate_XMP/FUJ_-_Negative_++.xmp (0.00s)
    --- PASS: TestRoundTrip_XMP_lrtemplate_XMP/FUJ_-_PRO_160_-_warm.xmp (0.00s)
    --- PASS: TestRoundTrip_XMP_lrtemplate_XMP/FUJ_-_Negative_+++.xmp (0.00s)
    --- PASS: TestRoundTrip_XMP_lrtemplate_XMP/FUJ_-_PRO_160_-_film.xmp (0.00s)
    --- PASS: TestRoundTrip_XMP_lrtemplate_XMP/FUJ_-_PRO_160_+.xmp (0.00s)
    --- PASS: TestRoundTrip_XMP_lrtemplate_XMP/FUJ_-_PRO_160_-_cool.xmp (0.00s)
    --- PASS: TestRoundTrip_XMP_lrtemplate_XMP/KDK_-_Tri-X_400.xmp (0.01s)
    --- PASS: TestRoundTrip_XMP_lrtemplate_XMP/FUJ_-_Negative_++++.xmp (0.00s)
    --- PASS: TestRoundTrip_XMP_lrtemplate_XMP/EXPOSURE__-_1.xmp#02 (0.00s)
    --- PASS: TestRoundTrip_XMP_lrtemplate_XMP/EXPOSURE_+_1.xmp (0.00s)
    --- PASS: TestRoundTrip_XMP_lrtemplate_XMP/VIBRANCE__-_Low.xmp (0.00s)
    --- PASS: TestRoundTrip_XMP_lrtemplate_XMP/DETAIL_-_Mid.xmp#02 (0.00s)
    --- PASS: TestRoundTrip_XMP_lrtemplate_XMP/FUJ_-_Fortia_50.xmp (0.00s)
    --- PASS: TestRoundTrip_XMP_lrtemplate_XMP/FUJ_-_XPro_++++.xmp (0.00s)
    --- PASS: TestRoundTrip_XMP_lrtemplate_XMP/POL_-_Cinematic_-_cool.xmp (0.01s)
    --- PASS: TestRoundTrip_XMP_lrtemplate_XMP/POL_-_Cinematic_++.xmp (0.01s)
    --- PASS: TestRoundTrip_XMP_lrtemplate_XMP/POL_-_Mono_-_boost.xmp (0.01s)
    --- PASS: TestRoundTrip_XMP_lrtemplate_XMP/SHARPEN_-_High.xmp (0.00s)
    --- PASS: TestRoundTrip_XMP_lrtemplate_XMP/FUJ_-_PRO_160_++.xmp (0.00s)
    --- PASS: TestRoundTrip_XMP_lrtemplate_XMP/FUJ_-_PRO_160_++++.xmp (0.00s)
    --- PASS: TestRoundTrip_XMP_lrtemplate_XMP/Lens_on.xmp (0.00s)
    --- PASS: TestRoundTrip_XMP_lrtemplate_XMP/LIGHTING_-_Tungsten.xmp (0.00s)
    --- PASS: TestRoundTrip_XMP_lrtemplate_XMP/DETAIL_-_High.xmp#01 (0.00s)
    --- PASS: TestRoundTrip_XMP_lrtemplate_XMP/POL_-_Mono_++.xmp (0.01s)
    --- PASS: TestRoundTrip_XMP_lrtemplate_XMP/FUJ_-_Astia_100F_-_cool.xmp (0.00s)
    --- PASS: TestRoundTrip_XMP_lrtemplate_XMP/LIGHTING_-_Shade.xmp (0.00s)
    --- PASS: TestRoundTrip_XMP_lrtemplate_XMP/POL_-_Cinematic_+.xmp (0.01s)
    --- PASS: TestRoundTrip_XMP_lrtemplate_XMP/FUJ_-_PRO_160_+++.xmp (0.00s)
    --- PASS: TestRoundTrip_XMP_lrtemplate_XMP/FUJ_-_Negative_-_film.xmp#02 (0.00s)
    --- PASS: TestRoundTrip_XMP_lrtemplate_XMP/POL_-_Mono_+++.xmp (0.01s)
    --- PASS: TestRoundTrip_XMP_lrtemplate_XMP/DETAIL_-_Low.xmp#04 (0.00s)
    --- PASS: TestRoundTrip_XMP_lrtemplate_XMP/SHARPEN_-_Low.xmp (0.00s)
    --- PASS: TestRoundTrip_XMP_lrtemplate_XMP/FUJ_-_PRO_160_-_boost.xmp (0.00s)
    --- PASS: TestRoundTrip_XMP_lrtemplate_XMP/POL_-_Cinematic_-_boost.xmp (0.01s)
    --- PASS: TestRoundTrip_XMP_lrtemplate_XMP/SHARPEN_-_Mid.xmp (0.00s)
    --- PASS: TestRoundTrip_XMP_lrtemplate_XMP/LIGHTING_-_Fluorescent.xmp (0.00s)
    --- PASS: TestRoundTrip_XMP_lrtemplate_XMP/FUJ_-_Astia_100F_-_warm.xmp (0.00s)
    --- PASS: TestRoundTrip_XMP_lrtemplate_XMP/FUJ_-_Astia_100F_-_film.xmp (0.00s)
    --- PASS: TestRoundTrip_XMP_lrtemplate_XMP/LIGHTING_-_Daylight.xmp (0.00s)
    --- PASS: TestRoundTrip_XMP_lrtemplate_XMP/FUJ_-_Negative.xmp (0.00s)
    --- PASS: TestRoundTrip_XMP_lrtemplate_XMP/POL_-_Cinematic_++++.xmp (0.01s)
    --- PASS: TestRoundTrip_XMP_lrtemplate_XMP/POL_-_Cinematic_+++.xmp (0.01s)
    --- PASS: TestRoundTrip_XMP_lrtemplate_XMP/CONTRAST_-_Mid.xmp#02 (0.00s)
    --- PASS: TestRoundTrip_XMP_lrtemplate_XMP/POL_-_Mono_-_film.xmp (0.01s)
    --- PASS: TestRoundTrip_XMP_lrtemplate_XMP/FUJ_-_Negative_-_film.xmp (0.00s)
    --- PASS: TestRoundTrip_XMP_lrtemplate_XMP/KDK_-_Echrome.xmp (0.01s)
    --- PASS: TestRoundTrip_XMP_lrtemplate_XMP/FUJ_-_Negative_-_boost.xmp#02 (0.00s)
    --- PASS: TestRoundTrip_XMP_lrtemplate_XMP/POL_-_Mono.xmp (0.01s)
    --- PASS: TestRoundTrip_XMP_lrtemplate_XMP/KDK_-_Tri-X_400_+.xmp#01 (0.00s)
    --- PASS: TestRoundTrip_XMP_lrtemplate_XMP/POL_-_Mono_+.xmp (0.01s)
    --- PASS: TestRoundTrip_XMP_lrtemplate_XMP/AGF_-_Ultra_100_++.xmp#01 (0.01s)
    --- PASS: TestRoundTrip_XMP_lrtemplate_XMP/LIGHTING_-_Flash.xmp (0.00s)
    --- PASS: TestRoundTrip_XMP_lrtemplate_XMP/FUJ_-_Negative_-_warm.xmp (0.00s)
    --- PASS: TestRoundTrip_XMP_lrtemplate_XMP/FUJ_-_Negative_-_cool.xmp (0.00s)
    --- PASS: TestRoundTrip_XMP_lrtemplate_XMP/LIGHTING_-_As_Shot.xmp (0.00s)
    --- PASS: TestRoundTrip_XMP_lrtemplate_XMP/FUJ_-_Negative_-_boost.xmp (0.00s)
    --- PASS: TestRoundTrip_XMP_lrtemplate_XMP/LIGHTING_-_Cloudy.xmp (0.00s)
    --- PASS: TestRoundTrip_XMP_lrtemplate_XMP/LIGHTING_-_Auto_Set.xmp (0.00s)
    --- PASS: TestRoundTrip_XMP_lrtemplate_XMP/FUJ_-_Negative_++.xmp#02 (0.00s)
    --- PASS: TestRoundTrip_XMP_lrtemplate_XMP/FUJ_-_Negative_+.xmp#02 (0.00s)
    --- PASS: TestRoundTrip_XMP_lrtemplate_XMP/DETAIL_-_High.xmp#02 (0.00s)
    --- PASS: TestRoundTrip_XMP_lrtemplate_XMP/FUJ_-_Color_100.xmp (0.00s)
    --- PASS: TestRoundTrip_XMP_lrtemplate_XMP/FUJ_-_Fortia_50_++.xmp (0.00s)
    --- PASS: TestRoundTrip_XMP_lrtemplate_XMP/FUJ_-_Astia_100F_-_boost.xmp (0.00s)
    --- PASS: TestRoundTrip_XMP_lrtemplate_XMP/FINISH_-_Retro.xmp (0.00s)
    --- PASS: TestRoundTrip_XMP_lrtemplate_XMP/FINISH_-_Vintage.xmp (0.00s)
    --- PASS: TestRoundTrip_XMP_lrtemplate_XMP/FINISH_-_Film.xmp (0.00s)
    --- PASS: TestRoundTrip_XMP_lrtemplate_XMP/FUJ_-_Fortia_50_+++.xmp (0.00s)
    --- PASS: TestRoundTrip_XMP_lrtemplate_XMP/FINISH_-_Washed.xmp (0.00s)
    --- PASS: TestRoundTrip_XMP_lrtemplate_XMP/FINISH_-_Strong.xmp (0.00s)
    --- PASS: TestRoundTrip_XMP_lrtemplate_XMP/KDK_-_Plus_125.xmp#01 (0.00s)
    --- PASS: TestRoundTrip_XMP_lrtemplate_XMP/CONTRAST_-_Low.xmp#02 (0.00s)
    --- PASS: TestRoundTrip_XMP_lrtemplate_XMP/KDK_-_Tri-X_400_+++.xmp#01 (0.00s)
    --- PASS: TestRoundTrip_XMP_lrtemplate_XMP/FINISH_-_Vintage.xmp#04 (0.00s)
    --- PASS: TestRoundTrip_XMP_lrtemplate_XMP/KDK_-_Tri-X_400_++.xmp#01 (0.00s)
    --- PASS: TestRoundTrip_XMP_lrtemplate_XMP/FUJ_-_Fortia_50_-_film.xmp (0.00s)
    --- PASS: TestRoundTrip_XMP_lrtemplate_XMP/FINISH_-_Washed.xmp#04 (0.00s)
    --- PASS: TestRoundTrip_XMP_lrtemplate_XMP/FUJ_-_Fortia_50_-_boost.xmp (0.00s)
    --- PASS: TestRoundTrip_XMP_lrtemplate_XMP/FUJ_-_Fortia_50_++++.xmp (0.00s)
    --- PASS: TestRoundTrip_XMP_lrtemplate_XMP/FUJ_-_Negative_+++.xmp#02 (0.00s)
    --- PASS: TestRoundTrip_XMP_lrtemplate_XMP/KDK_-_Plus_125_-_boost.xmp#01 (0.00s)
    --- PASS: TestRoundTrip_XMP_lrtemplate_XMP/KDK_-_Plus_125_-_film.xmp#01 (0.00s)
    --- PASS: TestRoundTrip_XMP_lrtemplate_XMP/EXPOSURE_+_2.xmp#04 (0.00s)
    --- PASS: TestRoundTrip_XMP_lrtemplate_XMP/FINISH_-_Strong.xmp#04 (0.00s)
    --- PASS: TestRoundTrip_XMP_lrtemplate_XMP/FUJ_-_Fortia_50_-_cool.xmp (0.00s)
    --- PASS: TestRoundTrip_XMP_lrtemplate_XMP/CONTRAST_-_Mid.xmp#01 (0.00s)
    --- PASS: TestRoundTrip_XMP_lrtemplate_XMP/FUJ_-_Fortia_50_+.xmp (0.00s)
    --- PASS: TestRoundTrip_XMP_lrtemplate_XMP/Lens_off.xmp (0.00s)
    --- PASS: TestRoundTrip_XMP_lrtemplate_XMP/POL_-_Color_Instant_++.xmp#01 (0.00s)
    --- PASS: TestRoundTrip_XMP_lrtemplate_XMP/CONTRAST_-_Low.xmp#01 (0.00s)
    --- PASS: TestRoundTrip_XMP_lrtemplate_XMP/KDK_-_Plus_125_+.xmp#01 (0.00s)
    --- PASS: TestRoundTrip_XMP_lrtemplate_XMP/FUJ_-_Provia_100F.xmp (0.00s)
    --- PASS: TestRoundTrip_XMP_lrtemplate_XMP/POL_-_Color_Instant_++++.xmp#01 (0.00s)
    --- PASS: TestRoundTrip_XMP_lrtemplate_XMP/POL_-_Color_600.xmp#01 (0.00s)
    --- PASS: TestRoundTrip_XMP_lrtemplate_XMP/POL_-_Color_Instant_+++.xmp#01 (0.00s)
    --- PASS: TestRoundTrip_XMP_lrtemplate_XMP/CONTRAST_-_High.xmp#01 (0.00s)
    --- PASS: TestRoundTrip_XMP_lrtemplate_XMP/FUJ_-_Color_100_-_warm.xmp (0.00s)
    --- PASS: TestRoundTrip_XMP_lrtemplate_XMP/KDK_-_Kodachrome_64_-_cool.xmp (0.00s)
    --- PASS: TestRoundTrip_XMP_lrtemplate_XMP/POL_-_Color_600_-_warm.xmp#01 (0.00s)
    --- PASS: TestRoundTrip_XMP_lrtemplate_XMP/FUJ_-_Fortia_50_-_warm.xmp (0.00s)
    --- PASS: TestRoundTrip_XMP_lrtemplate_XMP/KDK_-_Kodachrome_64_-_color.xmp (0.00s)
    --- PASS: TestRoundTrip_XMP_lrtemplate_XMP/KDK_-_Kodachrome_64_-_boost.xmp (0.00s)
    --- PASS: TestRoundTrip_XMP_lrtemplate_XMP/KDK_-_Kodachrome_64_+.xmp (0.00s)
    --- PASS: TestRoundTrip_XMP_lrtemplate_XMP/KDK_-_Kodachrome_64_++.xmp (0.00s)
    --- PASS: TestRoundTrip_XMP_lrtemplate_XMP/KDK_-_Kodachrome_64_+++.xmp (0.00s)
    --- PASS: TestRoundTrip_XMP_lrtemplate_XMP/FUJ_-_Astia_100F_+.xmp (0.00s)
    --- PASS: TestRoundTrip_XMP_lrtemplate_XMP/FUJ_-_Color_100_-_film.xmp (0.00s)
    --- PASS: TestRoundTrip_XMP_lrtemplate_XMP/EXPOSURE_+_1.xmp#04 (0.00s)
    --- PASS: TestRoundTrip_XMP_lrtemplate_XMP/FINISH_-_Bright.xmp#01 (0.00s)
    --- PASS: TestRoundTrip_XMP_lrtemplate_XMP/FINISH_-_Washed.xmp#01 (0.00s)
    --- PASS: TestRoundTrip_XMP_lrtemplate_XMP/FUJ_-_Astia_100F_++.xmp (0.00s)
    --- PASS: TestRoundTrip_XMP_lrtemplate_XMP/EXPOSURE_+_1.xmp#01 (0.00s)
    --- PASS: TestRoundTrip_XMP_lrtemplate_XMP/FINISH_-_Basic.xmp#01 (0.00s)
    --- PASS: TestRoundTrip_XMP_lrtemplate_XMP/DETAIL_-_Mid.xmp#04 (0.00s)
    --- PASS: TestRoundTrip_XMP_lrtemplate_XMP/COLOR_-_Spearmint.xmp#01 (0.00s)
    --- PASS: TestRoundTrip_XMP_lrtemplate_XMP/FINISH_-_Bright.xmp (0.00s)
    --- PASS: TestRoundTrip_XMP_lrtemplate_XMP/EXPOSURE__-_2.xmp#04 (0.00s)
    --- PASS: TestRoundTrip_XMP_lrtemplate_XMP/FINISH_-_Vintage.xmp#01 (0.00s)
    --- PASS: TestRoundTrip_XMP_lrtemplate_XMP/EXPOSURE_+_2.xmp#01 (0.00s)
    --- PASS: TestRoundTrip_XMP_lrtemplate_XMP/FINISH_-_Retro.xmp#01 (0.00s)
    --- PASS: TestRoundTrip_XMP_lrtemplate_XMP/EXPOSURE__0.xmp#01 (0.00s)
    --- PASS: TestRoundTrip_XMP_lrtemplate_XMP/COLOR_-_Warm_Light.xmp#01 (0.00s)
    --- PASS: TestRoundTrip_XMP_lrtemplate_XMP/EXPOSURE_+_2.xmp (0.00s)
    --- PASS: TestRoundTrip_XMP_lrtemplate_XMP/EXPOSURE__0.xmp#04 (0.00s)
    --- PASS: TestRoundTrip_XMP_lrtemplate_XMP/FUJ_-_Astia_100F_++++.xmp (0.00s)
    --- PASS: TestRoundTrip_XMP_lrtemplate_XMP/EXPOSURE__-_2.xmp#03 (0.00s)
    --- PASS: TestRoundTrip_XMP_lrtemplate_XMP/FUJ_-_Astia_100F_+++.xmp (0.00s)
    --- PASS: TestRoundTrip_XMP_lrtemplate_XMP/COLOR_-_Sea_Breeze.xmp#01 (0.00s)
    --- PASS: TestRoundTrip_XMP_lrtemplate_XMP/FINISH_-_Film.xmp#04 (0.00s)
    --- PASS: TestRoundTrip_XMP_lrtemplate_XMP/VIBRANCE__-_Mid.xmp (0.00s)
    --- PASS: TestRoundTrip_XMP_lrtemplate_XMP/KDK_-_Elite_100_-_warm.xmp#01 (0.00s)
    --- PASS: TestRoundTrip_XMP_lrtemplate_XMP/COLOR_-_Pastel_Rouge.xmp#01 (0.00s)
    --- PASS: TestRoundTrip_XMP_lrtemplate_XMP/FINISH_-_Film.xmp#01 (0.00s)
    --- PASS: TestRoundTrip_XMP_lrtemplate_XMP/POL_-_Color_600_-_boost.xmp#01 (0.00s)
    --- PASS: TestRoundTrip_XMP_lrtemplate_XMP/COLOR_-_Morning.xmp#01 (0.00s)
    --- PASS: TestRoundTrip_XMP_lrtemplate_XMP/POL_-_Cinematic.xmp#01 (0.00s)
    --- PASS: TestRoundTrip_XMP_lrtemplate_XMP/POL_-_Color_600_++.xmp#01 (0.00s)
    --- PASS: TestRoundTrip_XMP_lrtemplate_XMP/EXPOSURE__-_2.xmp#01 (0.00s)
    --- PASS: TestRoundTrip_XMP_lrtemplate_XMP/FINISH_-_Strong.xmp#01 (0.00s)
    --- PASS: TestRoundTrip_XMP_lrtemplate_XMP/POL_-_Color_600_+++.xmp#01 (0.00s)
    --- PASS: TestRoundTrip_XMP_lrtemplate_XMP/COLOR_-_Lavender.xmp#01 (0.00s)
    --- PASS: TestRoundTrip_XMP_lrtemplate_XMP/EXPOSURE__-_1.xmp#04 (0.00s)
    --- PASS: TestRoundTrip_XMP_lrtemplate_XMP/o_9.xmp (0.00s)
    --- PASS: TestRoundTrip_XMP_lrtemplate_XMP/FINISH_-_Basic.xmp (0.00s)
    --- PASS: TestRoundTrip_XMP_lrtemplate_XMP/POL_-_Cinematic_-_warm.xmp#01 (0.00s)
    --- PASS: TestRoundTrip_XMP_lrtemplate_XMP/EXPOSURE__0.xmp (0.00s)
    --- PASS: TestRoundTrip_XMP_lrtemplate_XMP/KDK_-_Plus_125_++.xmp#01 (0.00s)
    --- PASS: TestRoundTrip_XMP_lrtemplate_XMP/POL_-_Color_600_+.xmp#01 (0.00s)
    --- PASS: TestRoundTrip_XMP_lrtemplate_XMP/POL_-_Cinematic_-_film.xmp#01 (0.00s)
    --- PASS: TestRoundTrip_XMP_lrtemplate_XMP/o_5.xmp (0.00s)
    --- PASS: TestRoundTrip_XMP_lrtemplate_XMP/FUJ_-_Neopan_100_-_boost.xmp (0.00s)
    --- PASS: TestRoundTrip_XMP_lrtemplate_XMP/KDK_-_Ektar_100.xmp#01 (0.00s)
    --- PASS: TestRoundTrip_XMP_lrtemplate_XMP/POL_-_Cinematic_-_boost.xmp#01 (0.00s)
    --- PASS: TestRoundTrip_XMP_lrtemplate_XMP/POL_-_Cinematic_-_cool.xmp#01 (0.00s)
    --- PASS: TestRoundTrip_XMP_lrtemplate_XMP/POL_-_Cinematic_+.xmp#01 (0.00s)
    --- PASS: TestRoundTrip_XMP_lrtemplate_XMP/KDK_-_Elite_100_-_film.xmp#01 (0.00s)
    --- PASS: TestRoundTrip_XMP_lrtemplate_XMP/FUJ_-_Neopan_100_++.xmp (0.00s)
    --- PASS: TestRoundTrip_XMP_lrtemplate_XMP/POL_-_Color_600_-_cool.xmp#01 (0.00s)
    --- PASS: TestRoundTrip_XMP_lrtemplate_XMP/o_2.xmp (0.00s)
    --- PASS: TestRoundTrip_XMP_lrtemplate_XMP/FUJ_-_Color_100_-_boost.xmp (0.00s)
    --- PASS: TestRoundTrip_XMP_lrtemplate_XMP/EXPOSURE__-_1.xmp#01 (0.00s)
    --- PASS: TestRoundTrip_XMP_lrtemplate_XMP/o_3.xmp (0.00s)
    --- PASS: TestRoundTrip_XMP_lrtemplate_XMP/FINISH_-_Retro.xmp#04 (0.00s)
    --- PASS: TestRoundTrip_XMP_lrtemplate_XMP/COLOR_-_Neutral.xmp#01 (0.00s)
    --- PASS: TestRoundTrip_XMP_lrtemplate_XMP/o_7.xmp (0.00s)
    --- PASS: TestRoundTrip_XMP_lrtemplate_XMP/o_8.xmp (0.00s)
    --- PASS: TestRoundTrip_XMP_lrtemplate_XMP/o_.xmp (0.00s)
    --- PASS: TestRoundTrip_XMP_lrtemplate_XMP/KDK_-_Plus_125_+++.xmp#01 (0.00s)
    --- PASS: TestRoundTrip_XMP_lrtemplate_XMP/EXPOSURE__-_2.xmp (0.00s)
    --- PASS: TestRoundTrip_XMP_lrtemplate_XMP/KDK_-_Tri-X_400_-_film.xmp (0.01s)
    --- PASS: TestRoundTrip_XMP_lrtemplate_XMP/FUJ_-_Neopan_100.xmp (0.00s)
    --- PASS: TestRoundTrip_XMP_lrtemplate_XMP/DETAIL_-_Mid.xmp#01 (0.00s)
    --- PASS: TestRoundTrip_XMP_lrtemplate_XMP/FUJ_-_Color_100_++.xmp (0.00s)
    --- PASS: TestRoundTrip_XMP_lrtemplate_XMP/DETAIL_-_Low.xmp#01 (0.00s)
    --- PASS: TestRoundTrip_XMP_lrtemplate_XMP/o_4.xmp (0.00s)
    --- PASS: TestRoundTrip_XMP_lrtemplate_XMP/o_6.xmp (0.00s)
    --- PASS: TestRoundTrip_XMP_lrtemplate_XMP/FUJ_-_Neopan_100_+.xmp (0.00s)
    --- PASS: TestRoundTrip_XMP_lrtemplate_XMP/o.xmp (0.00s)
    --- PASS: TestRoundTrip_XMP_lrtemplate_XMP/FUJ_-_Color_100_-_cool.xmp (0.00s)
    --- PASS: TestRoundTrip_XMP_lrtemplate_XMP/FUJ_-_Neopan_100_-_film.xmp (0.00s)
    --- PASS: TestRoundTrip_XMP_lrtemplate_XMP/DETAIL_-_High.xmp (0.00s)
    --- PASS: TestRoundTrip_XMP_lrtemplate_XMP/DETAIL_-_Mid.xmp (0.00s)
    --- PASS: TestRoundTrip_XMP_lrtemplate_XMP/POL_-_Cinematic_++.xmp#01 (0.00s)
    --- PASS: TestRoundTrip_XMP_lrtemplate_XMP/auto_wb___.xmp (0.00s)
    --- PASS: TestRoundTrip_XMP_lrtemplate_XMP/o_1.xmp (0.00s)
    --- PASS: TestRoundTrip_XMP_lrtemplate_XMP/FUJ_-_Color_100_+++.xmp (0.00s)
    --- PASS: TestRoundTrip_XMP_lrtemplate_XMP/COLOR_-_Neutral.xmp (0.00s)
    --- PASS: TestRoundTrip_XMP_lrtemplate_XMP/CONTRAST_-_Mid.xmp (0.00s)
    --- PASS: TestRoundTrip_XMP_lrtemplate_XMP/LIGHTING_-_Daylight.xmp#02 (0.00s)
    --- PASS: TestRoundTrip_XMP_lrtemplate_XMP/CONTRAST_-_Low.xmp (0.00s)
    --- PASS: TestRoundTrip_XMP_lrtemplate_XMP/o_3.xmp#03 (0.00s)
    --- PASS: TestRoundTrip_XMP_lrtemplate_XMP/CONTRAST_-_High.xmp (0.00s)
    --- PASS: TestRoundTrip_XMP_lrtemplate_XMP/FUJ_-_Color_100_++++.xmp (0.00s)
    --- PASS: TestRoundTrip_XMP_lrtemplate_XMP/KDK_-_Tri-X_400_-_boost.xmp (0.01s)
    --- PASS: TestRoundTrip_XMP_lrtemplate_XMP/LIGHTING_-_Flash.xmp#02 (0.00s)
    --- PASS: TestRoundTrip_XMP_lrtemplate_XMP/FUJ_-_Color_100_+.xmp (0.00s)
    --- PASS: TestRoundTrip_XMP_lrtemplate_XMP/COLOR_-_Warm_Light.xmp (0.00s)
    --- PASS: TestRoundTrip_XMP_lrtemplate_XMP/EXPOSURE__-_1.xmp#03 (0.00s)
    --- PASS: TestRoundTrip_XMP_lrtemplate_XMP/DETAIL_-_High.xmp#04 (0.00s)
    --- PASS: TestRoundTrip_XMP_lrtemplate_XMP/KDK_-_Tri-X_400_+.xmp (0.01s)
    --- PASS: TestRoundTrip_XMP_lrtemplate_XMP/CONTRAST_-_Mid.xmp#04 (0.00s)
    --- PASS: TestRoundTrip_XMP_lrtemplate_XMP/CONTRAST_-_Low.xmp#04 (0.00s)
    --- PASS: TestRoundTrip_XMP_lrtemplate_XMP/CONTRAST_-_High.xmp#04 (0.00s)
    --- PASS: TestRoundTrip_XMP_lrtemplate_XMP/POL_-_Color_600_-_film.xmp#01 (0.00s)
    --- PASS: TestRoundTrip_XMP_lrtemplate_XMP/DETAIL_-_Mid.xmp#03 (0.00s)
    --- PASS: TestRoundTrip_XMP_lrtemplate_XMP/COLOR_-_Spearmint.xmp (0.00s)
    --- PASS: TestRoundTrip_XMP_lrtemplate_XMP/COLOR_-_Warm_Light.xmp#04 (0.00s)
    --- PASS: TestRoundTrip_XMP_lrtemplate_XMP/DETAIL_-_Low.xmp#03 (0.00s)
    --- PASS: TestRoundTrip_XMP_lrtemplate_XMP/COLOR_-_Spearmint.xmp#04 (0.00s)
    --- PASS: TestRoundTrip_XMP_lrtemplate_XMP/FUJ_-_Negative.xmp#02 (0.00s)
    --- PASS: TestRoundTrip_XMP_lrtemplate_XMP/COLOR_-_Sea_Breeze.xmp (0.00s)
    --- PASS: TestRoundTrip_XMP_lrtemplate_XMP/COLOR_-_Pastel_Rouge.xmp (0.00s)
    --- PASS: TestRoundTrip_XMP_lrtemplate_XMP/COLOR_-_Sea_Breeze.xmp#04 (0.00s)
    --- PASS: TestRoundTrip_XMP_lrtemplate_XMP/o_9.xmp#03 (0.00s)
    --- PASS: TestRoundTrip_XMP_lrtemplate_XMP/o_8.xmp#03 (0.00s)
    --- PASS: TestRoundTrip_XMP_lrtemplate_XMP/KDK_-_Tri-X_400_++.xmp (0.01s)
    --- PASS: TestRoundTrip_XMP_lrtemplate_XMP/FINISH_-_Bright.xmp#04 (0.00s)
    --- PASS: TestRoundTrip_XMP_lrtemplate_XMP/DETAIL_-_High.xmp#03 (0.00s)
    --- PASS: TestRoundTrip_XMP_lrtemplate_XMP/COLOR_-_Pastel_Rouge.xmp#04 (0.00s)
    --- PASS: TestRoundTrip_XMP_lrtemplate_XMP/LIGHTING_-_Auto_Set.xmp#03 (0.00s)
    --- PASS: TestRoundTrip_XMP_lrtemplate_XMP/CONTRAST_-_Mid.xmp#03 (0.00s)
    --- PASS: TestRoundTrip_XMP_lrtemplate_XMP/COLOR_-_Neutral.xmp#04 (0.00s)
    --- PASS: TestRoundTrip_XMP_lrtemplate_XMP/Lens_off.xmp#03 (0.00s)
    --- PASS: TestRoundTrip_XMP_lrtemplate_XMP/COLOR_-_Morning.xmp#04 (0.00s)
    --- PASS: TestRoundTrip_XMP_lrtemplate_XMP/KDK_-_Echrome_200.xmp#01 (0.00s)
    --- PASS: TestRoundTrip_XMP_lrtemplate_XMP/CONTRAST_-_High.xmp#03 (0.00s)
    --- PASS: TestRoundTrip_XMP_lrtemplate_XMP/POL_-_Cinematic_+++.xmp#01 (0.00s)
    --- PASS: TestRoundTrip_XMP_lrtemplate_XMP/CONTRAST_-_Low.xmp#03 (0.00s)
    --- PASS: TestRoundTrip_XMP_lrtemplate_XMP/Lens_on.xmp#03 (0.00s)
    --- PASS: TestRoundTrip_XMP_lrtemplate_XMP/o_7.xmp#03 (0.00s)
    --- PASS: TestRoundTrip_XMP_lrtemplate_XMP/POL_-_Cinematic_++++.xmp#01 (0.00s)
    --- PASS: TestRoundTrip_XMP_lrtemplate_XMP/LIGHTING_-_Tungsten.xmp#03 (0.00s)
    --- PASS: TestRoundTrip_XMP_lrtemplate_XMP/COLOR_-_Warm_Light.xmp#03 (0.00s)
    --- PASS: TestRoundTrip_XMP_lrtemplate_XMP/LIGHTING_-_Shade.xmp#03 (0.00s)
    --- PASS: TestRoundTrip_XMP_lrtemplate_XMP/COLOR_-_Lavender.xmp#04 (0.00s)
    --- PASS: TestRoundTrip_XMP_lrtemplate_XMP/COLOR_-_Sea_Breeze.xmp#03 (0.00s)
    --- PASS: TestRoundTrip_XMP_lrtemplate_XMP/COLOR_-_Morning.xmp#03 (0.00s)
    --- PASS: TestRoundTrip_XMP_lrtemplate_XMP/LIGHTING_-_Fluorescent.xmp#02 (0.00s)
    --- PASS: TestRoundTrip_XMP_lrtemplate_XMP/LIGHTING_-_Fluorescent.xmp#03 (0.00s)
    --- PASS: TestRoundTrip_XMP_lrtemplate_XMP/o_5.xmp#03 (0.00s)
    --- PASS: TestRoundTrip_XMP_lrtemplate_XMP/COLOR_-_Lavender.xmp#03 (0.00s)
    --- PASS: TestRoundTrip_XMP_lrtemplate_XMP/o_6.xmp#03 (0.00s)
    --- PASS: TestRoundTrip_XMP_lrtemplate_XMP/COLOR_-_Pastel_Rouge.xmp#03 (0.00s)
    --- PASS: TestRoundTrip_XMP_lrtemplate_XMP/VIBRANCE__-_Low.xmp#03 (0.00s)
    --- PASS: TestRoundTrip_XMP_lrtemplate_XMP/KDK_-_Elite_100_-_cool.xmp#01 (0.00s)
    --- PASS: TestRoundTrip_XMP_lrtemplate_XMP/KDK_-_Echrome_200_-_film.xmp#01 (0.00s)
    --- PASS: TestRoundTrip_XMP_lrtemplate_XMP/KDK_-_Echrome_200_-_warm.xmp#01 (0.00s)
    --- PASS: TestRoundTrip_XMP_lrtemplate_XMP/o_9.xmp#02 (0.00s)
    --- PASS: TestRoundTrip_XMP_lrtemplate_XMP/COLOR_-_Spearmint.xmp#03 (0.00s)
    --- PASS: TestRoundTrip_XMP_lrtemplate_XMP/KDK_-_Echrome_200_+.xmp#01 (0.00s)
    --- PASS: TestRoundTrip_XMP_lrtemplate_XMP/COLOR_-_Neutral.xmp#03 (0.00s)
    --- PASS: TestRoundTrip_XMP_lrtemplate_XMP/LIGHTING_-_Cloudy.xmp#02 (0.00s)
    --- PASS: TestRoundTrip_XMP_lrtemplate_XMP/Fuji_Pro_400H_Emulation_3.xmp (0.00s)
    --- PASS: TestRoundTrip_XMP_lrtemplate_XMP/KDK_-_Echrome_64_-_warm.xmp#01 (0.00s)
    --- PASS: TestRoundTrip_XMP_lrtemplate_XMP/LIGHTING_-_Flash.xmp#03 (0.00s)
    --- PASS: TestRoundTrip_XMP_lrtemplate_XMP/o_7.xmp#02 (0.00s)
    --- PASS: TestRoundTrip_XMP_lrtemplate_XMP/o_4.xmp#03 (0.00s)
    --- PASS: TestRoundTrip_XMP_lrtemplate_XMP/LIGHTING_-_Daylight.xmp#03 (0.00s)
    --- PASS: TestRoundTrip_XMP_lrtemplate_XMP/o_6.xmp#02 (0.00s)
    --- PASS: TestRoundTrip_XMP_lrtemplate_XMP/LIGHTING_-_Cloudy.xmp#03 (0.00s)
    --- PASS: TestRoundTrip_XMP_lrtemplate_XMP/KDK_-_Echrome_64_-_film.xmp#01 (0.00s)
    --- PASS: TestRoundTrip_XMP_lrtemplate_XMP/auto_tone_.xmp (0.00s)
    --- PASS: TestRoundTrip_XMP_lrtemplate_XMP/LIGHTING_-_Auto_Set.xmp#02 (0.00s)
    --- PASS: TestRoundTrip_XMP_lrtemplate_XMP/o_5.xmp#02 (0.00s)
    --- PASS: TestRoundTrip_XMP_lrtemplate_XMP/o_8.xmp#02 (0.00s)
    --- PASS: TestRoundTrip_XMP_lrtemplate_XMP/o_4.xmp#02 (0.00s)
    --- PASS: TestRoundTrip_XMP_lrtemplate_XMP/o_1.xmp#02 (0.00s)
    --- PASS: TestRoundTrip_XMP_lrtemplate_XMP/o.xmp#02 (0.00s)
    --- PASS: TestRoundTrip_XMP_lrtemplate_XMP/LIGHTING_-_As_Shot.xmp#03 (0.00s)
    --- PASS: TestRoundTrip_XMP_lrtemplate_XMP/auto_wb.xmp (0.00s)
    --- PASS: TestRoundTrip_XMP_lrtemplate_XMP/o_3.xmp#02 (0.00s)
    --- PASS: TestRoundTrip_XMP_lrtemplate_XMP/FINISH_-_Bright.xmp#03 (0.00s)
    --- PASS: TestRoundTrip_XMP_lrtemplate_XMP/EXPOSURE_+_2.xmp#03 (0.00s)
    --- PASS: TestRoundTrip_XMP_lrtemplate_XMP/EXPOSURE__0.xmp#03 (0.00s)
    --- PASS: TestRoundTrip_XMP_lrtemplate_XMP/EXPOSURE_+_1.xmp#03 (0.00s)
    --- PASS: TestRoundTrip_XMP_lrtemplate_XMP/VIBRANCE_-__High.xmp#02 (0.00s)
    --- PASS: TestRoundTrip_XMP_lrtemplate_XMP/FINISH_-_Film.xmp#03 (0.00s)
    --- PASS: TestRoundTrip_XMP_lrtemplate_XMP/KDK_-_Echrome_200_-_cool.xmp#01 (0.00s)
    --- PASS: TestRoundTrip_XMP_lrtemplate_XMP/KDK_-_Echrome_64_++.xmp#01 (0.00s)
    --- PASS: TestRoundTrip_XMP_lrtemplate_XMP/o_2.xmp#02 (0.00s)
    --- PASS: TestRoundTrip_XMP_lrtemplate_XMP/EXPOSURE__-_1.xmp (0.00s)
    --- PASS: TestRoundTrip_XMP_lrtemplate_XMP/KDK_-_Echrome_64_-_boost.xmp#01 (0.00s)
    --- PASS: TestRoundTrip_XMP_lrtemplate_XMP/KDK_-_Echrome_200_-_boost.xmp#01 (0.00s)
    --- PASS: TestRoundTrip_XMP_lrtemplate_XMP/CONTRAST_-_High.xmp#02 (0.00s)
    --- PASS: TestRoundTrip_XMP_lrtemplate_XMP/o_2.xmp#03 (0.00s)
    --- PASS: TestRoundTrip_XMP_lrtemplate_XMP/auto_tone___.xmp#02 (0.00s)
    --- PASS: TestRoundTrip_XMP_lrtemplate_XMP/o_1.xmp#03 (0.00s)
    --- PASS: TestRoundTrip_XMP_lrtemplate_XMP/FUJ_-_Neopan_100_+++.xmp (0.00s)
    --- PASS: TestRoundTrip_XMP_lrtemplate_XMP/COLOR_-_Morning.xmp (0.00s)
    --- PASS: TestRoundTrip_XMP_lrtemplate_XMP/o.xmp#03 (0.00s)
    --- PASS: TestRoundTrip_XMP_lrtemplate_XMP/auto_wb___.xmp#01 (0.00s)
    --- PASS: TestRoundTrip_XMP_lrtemplate_XMP/auto_tone___.xmp#01 (0.00s)
    --- PASS: TestRoundTrip_XMP_lrtemplate_XMP/o_.xmp#01 (0.00s)
    --- PASS: TestRoundTrip_XMP_lrtemplate_XMP/o_.xmp#02 (0.00s)
    --- PASS: TestRoundTrip_XMP_lrtemplate_XMP/Fuji_Pro_400H_Emulation_2.xmp (0.00s)
    --- PASS: TestRoundTrip_XMP_lrtemplate_XMP/KDK_-_Echrome_64_++++.xmp#01 (0.00s)
    --- PASS: TestRoundTrip_XMP_lrtemplate_XMP/VIBRANCE_-__High.xmp#03 (0.00s)
    --- PASS: TestRoundTrip_XMP_lrtemplate_XMP/KDK_-_Echrome_64_+++.xmp#01 (0.00s)
    --- PASS: TestRoundTrip_XMP_lrtemplate_XMP/KDK_-_Echrome_64_-_cool.xmp#01 (0.00s)
    --- PASS: TestRoundTrip_XMP_lrtemplate_XMP/KDK_-_Portra_800.xmp#02 (0.00s)
    --- PASS: TestRoundTrip_XMP_lrtemplate_XMP/AGF_-_Vista_Plus_-_cool.xmp (0.00s)
    --- PASS: TestRoundTrip_XMP_lrtemplate_XMP/COLOR_-_Lavender.xmp (0.00s)
    --- PASS: TestRoundTrip_XMP_lrtemplate_XMP/KDK_-_Tri-X_400.xmp#02 (0.01s)
    --- PASS: TestRoundTrip_XMP_lrtemplate_XMP/SHARPEN_-_Low.xmp#02 (0.00s)
    --- PASS: TestRoundTrip_XMP_lrtemplate_XMP/AGF_-_Vista_Plus_+++.xmp (0.00s)
    --- PASS: TestRoundTrip_XMP_lrtemplate_XMP/AGF_-_Vista_Plus_+.xmp (0.00s)
    --- PASS: TestRoundTrip_XMP_lrtemplate_XMP/POL_-_Color_600_-_film.xmp (0.01s)
    --- PASS: TestRoundTrip_XMP_lrtemplate_XMP/AGF_-_Vista_Plus_-_boost.xmp (0.00s)
    --- PASS: TestRoundTrip_XMP_lrtemplate_XMP/AGF_-_Vista_Plus_++.xmp (0.00s)
    --- PASS: TestRoundTrip_XMP_lrtemplate_XMP/AGF_-_Vista_Plus.xmp (0.00s)
    --- PASS: TestRoundTrip_XMP_lrtemplate_XMP/KDK_-_Portra.xmp#02 (0.01s)
    --- PASS: TestRoundTrip_XMP_lrtemplate_XMP/AGF_-_Vista_Plus_-_warm.xmp (0.00s)
    --- PASS: TestRoundTrip_XMP_lrtemplate_XMP/AGF_-_Vista_Plus_-_film.xmp (0.00s)
    --- PASS: TestRoundTrip_XMP_lrtemplate_XMP/KDK_-_Portra_400.xmp#02 (0.01s)
    --- PASS: TestRoundTrip_XMP_lrtemplate_XMP/FINISH_-_Basic.xmp#03 (0.00s)
    --- PASS: TestRoundTrip_XMP_lrtemplate_XMP/VIBRANCE__-_Mid.xmp#03 (0.00s)
    --- PASS: TestRoundTrip_XMP_lrtemplate_XMP/POL_-_Cinematic.xmp#02 (0.01s)
    --- PASS: TestRoundTrip_XMP_lrtemplate_XMP/POL_-_Color_Instant_+++.xmp (0.01s)
    --- PASS: TestRoundTrip_XMP_lrtemplate_XMP/AGF_-_Optima_100_++.xmp (0.00s)
    --- PASS: TestRoundTrip_XMP_lrtemplate_XMP/KDK_-_Portra_160_+.xmp#01 (0.00s)
    --- PASS: TestRoundTrip_XMP_lrtemplate_XMP/AGF_-_Ultra_100_-_warm.xmp (0.00s)
    --- PASS: TestRoundTrip_XMP_lrtemplate_XMP/POL_-_Color_Instant_++.xmp (0.01s)
    --- PASS: TestRoundTrip_XMP_lrtemplate_XMP/KDK_-_Echrome_+++.xmp#01 (0.00s)
    --- PASS: TestRoundTrip_XMP_lrtemplate_XMP/KDK_-_Portra_400_+.xmp#01 (0.00s)
    --- PASS: TestRoundTrip_XMP_lrtemplate_XMP/AGF_-_Ultra_100_-_boost.xmp (0.00s)
    --- PASS: TestRoundTrip_XMP_lrtemplate_XMP/AGF_-_Ultra_100.xmp (0.00s)
    --- PASS: TestRoundTrip_XMP_lrtemplate_XMP/AGF_-_Ultra_100_+.xmp (0.00s)
    --- PASS: TestRoundTrip_XMP_lrtemplate_XMP/AGF_-_Ultra_100_-_cool.xmp (0.00s)
    --- PASS: TestRoundTrip_XMP_lrtemplate_XMP/VIBRANCE__-_Low.xmp#02 (0.00s)
    --- PASS: TestRoundTrip_XMP_lrtemplate_XMP/KDK_-_Echrome_++++.xmp#01 (0.00s)
    --- PASS: TestRoundTrip_XMP_lrtemplate_XMP/AGF_-_Ultra_100_-_film.xmp (0.00s)
    --- PASS: TestRoundTrip_XMP_lrtemplate_XMP/SHARPEN_-_Mid.xmp#02 (0.00s)
    --- PASS: TestRoundTrip_XMP_lrtemplate_XMP/KDK_-_Portra_400_++.xmp#01 (0.00s)
    --- PASS: TestRoundTrip_XMP_lrtemplate_XMP/AGF_-_Optima_100_+++.xmp (0.00s)
    --- PASS: TestRoundTrip_XMP_lrtemplate_XMP/KDK_-_Portra_400_+++.xmp#01 (0.00s)
    --- PASS: TestRoundTrip_XMP_lrtemplate_XMP/AGF_-_Ultra_100_+++.xmp (0.00s)
    --- PASS: TestRoundTrip_XMP_lrtemplate_XMP/KDK_-_Gold_200.xmp#02 (0.01s)
    --- PASS: TestRoundTrip_XMP_lrtemplate_XMP/FINISH_-_Vintage.xmp#03 (0.00s)
    --- PASS: TestRoundTrip_XMP_lrtemplate_XMP/AGF_-_Optima_100_++++.xmp (0.00s)
    --- PASS: TestRoundTrip_XMP_lrtemplate_XMP/AGF_-_Ultra_100_++++.xmp (0.00s)
    --- PASS: TestRoundTrip_XMP_lrtemplate_XMP/KDK_-_Portra_400_++++.xmp#01 (0.00s)
    --- PASS: TestRoundTrip_XMP_lrtemplate_XMP/KDK_-_Portra_160.xmp#01 (0.00s)
    --- PASS: TestRoundTrip_XMP_lrtemplate_XMP/KDK_-_Gold_200_-_boost.xmp#01 (0.00s)
    --- PASS: TestRoundTrip_XMP_lrtemplate_XMP/AGF_-_Portrait_160.xmp (0.00s)
    --- PASS: TestRoundTrip_XMP_lrtemplate_XMP/KDK_-_Portra_160_-_warm.xmp#01 (0.00s)
    --- PASS: TestRoundTrip_XMP_lrtemplate_XMP/FINISH_-_Washed.xmp#03 (0.00s)
    --- PASS: TestRoundTrip_XMP_lrtemplate_XMP/KDK_-_Echrome_64_+.xmp#01 (0.00s)
    --- PASS: TestRoundTrip_XMP_lrtemplate_XMP/AGF_-_Portrait_160_-_warm.xmp (0.00s)
    --- PASS: TestRoundTrip_XMP_lrtemplate_XMP/VIBRANCE__-_Mid.xmp#02 (0.00s)
    --- PASS: TestRoundTrip_XMP_lrtemplate_XMP/AGF_-_Chrome_RSX.xmp (0.00s)
    --- PASS: TestRoundTrip_XMP_lrtemplate_XMP/KDK_-_Ektar_100_+.xmp#01 (0.00s)
    --- PASS: TestRoundTrip_XMP_lrtemplate_XMP/FL_ILFORDHP5-Original.xmp (0.00s)
    --- PASS: TestRoundTrip_XMP_lrtemplate_XMP/KDK_-_Ektar_100_-_film.xmp#01 (0.00s)
    --- PASS: TestRoundTrip_XMP_lrtemplate_XMP/KDK_-_Portra_160_-_film.xmp#01 (0.00s)
    --- PASS: TestRoundTrip_XMP_lrtemplate_XMP/KDK_-_Portra_160_-_cool.xmp#01 (0.00s)
    --- PASS: TestRoundTrip_XMP_lrtemplate_XMP/KDK_-_Gold_200.xmp#01 (0.00s)
    --- PASS: TestRoundTrip_XMP_lrtemplate_XMP/SHARPEN_-_High.xmp#02 (0.00s)
    --- PASS: TestRoundTrip_XMP_lrtemplate_XMP/Fuji_Pro_400H_Emulation_1.xmp (0.00s)
    --- PASS: TestRoundTrip_XMP_lrtemplate_XMP/KDK_-_Gold_200_-_cool.xmp#01 (0.00s)
    --- PASS: TestRoundTrip_XMP_lrtemplate_XMP/KDK_-_Portra_160_-_boost.xmp#01 (0.00s)
    --- PASS: TestRoundTrip_XMP_lrtemplate_XMP/AGF_-_Ultra_100_++.xmp (0.00s)
    --- PASS: TestRoundTrip_XMP_lrtemplate_XMP/KDK_-_Ektar_100_-_cool.xmp#01 (0.00s)
    --- PASS: TestRoundTrip_XMP_lrtemplate_XMP/KDK_-_Gold_200_-_film.xmp#01 (0.00s)
    --- PASS: TestRoundTrip_XMP_lrtemplate_XMP/KDK_-_Ektar_100_-_warm.xmp#01 (0.00s)
    --- PASS: TestRoundTrip_XMP_lrtemplate_XMP/KDK_-_Portra_-_film.xmp#01 (0.00s)
    --- PASS: TestRoundTrip_XMP_lrtemplate_XMP/KDK_-_Portra_160_+++.xmp#01 (0.00s)
    --- PASS: TestRoundTrip_XMP_lrtemplate_XMP/KDK_-_Portra_160_++++.xmp#01 (0.00s)
    --- PASS: TestRoundTrip_XMP_lrtemplate_XMP/KDK_-_Plus_125.xmp#02 (0.01s)
    --- PASS: TestRoundTrip_XMP_lrtemplate_XMP/KDK_-_Ektar_100_-_boost.xmp#01 (0.00s)
    --- PASS: TestRoundTrip_XMP_lrtemplate_XMP/KDK_-_Echrome_64.xmp#02 (0.01s)
    --- PASS: TestRoundTrip_XMP_lrtemplate_XMP/POL_-_Color_Instant_+.xmp (0.01s)
    --- PASS: TestRoundTrip_XMP_lrtemplate_XMP/KDK_-_Gold_200_-_warm.xmp#01 (0.00s)
    --- PASS: TestRoundTrip_XMP_lrtemplate_XMP/KDK_-_Portra_160.xmp#02 (0.01s)
    --- PASS: TestRoundTrip_XMP_lrtemplate_XMP/KDK_-_Elite_100.xmp#02 (0.01s)
    --- PASS: TestRoundTrip_XMP_lrtemplate_XMP/Lens_on.xmp#02 (0.00s)
    --- PASS: TestRoundTrip_XMP_lrtemplate_XMP/KDK_-_Ektar_100.xmp#02 (0.01s)
    --- PASS: TestRoundTrip_XMP_lrtemplate_XMP/--MASTER_PACK_DEVELOPMENT_TOOLS------------.xmp (0.00s)
    --- PASS: TestRoundTrip_XMP_lrtemplate_XMP/AGF_-_Portrait_160_-_film.xmp (0.00s)
    --- PASS: TestRoundTrip_XMP_lrtemplate_XMP/--FL_MASTER-FUJI_400H-Pushed-F.xmp (0.00s)
    --- PASS: TestRoundTrip_XMP_lrtemplate_XMP/POL_-_Color_Instant_-_boost.xmp (0.01s)
    --- PASS: TestRoundTrip_XMP_lrtemplate_XMP/AGF_-_Chrome_RSX_-_cool.xmp (0.00s)
    --- PASS: TestRoundTrip_XMP_lrtemplate_XMP/--FL_MASTER-FUJI_400H-Original.xmp (0.00s)
    --- PASS: TestRoundTrip_XMP_lrtemplate_XMP/AGF_-_Portrait_160_-_boost.xmp (0.00s)
    --- PASS: TestRoundTrip_XMP_lrtemplate_XMP/--FL_MASTER-FUJI_ILFORD_HP5.xmp (0.00s)
    --- PASS: TestRoundTrip_XMP_lrtemplate_XMP/AGF_-_Chrome_RSX_++.xmp (0.00s)
    --- PASS: TestRoundTrip_XMP_lrtemplate_XMP/AGF_-_Chrome_RSX_-_warm.xmp (0.00s)
    --- PASS: TestRoundTrip_XMP_lrtemplate_XMP/AGF_-_Portrait_160_-_cool.xmp (0.00s)
    --- PASS: TestRoundTrip_XMP_lrtemplate_XMP/AGF_-_Portrait_160_+.xmp (0.00s)
    --- PASS: TestRoundTrip_XMP_lrtemplate_XMP/AGF_-_Chrome_RSX_+.xmp (0.00s)
    --- PASS: TestRoundTrip_XMP_lrtemplate_XMP/KDK_-_Elite_100_++.xmp#01 (0.00s)
    --- PASS: TestRoundTrip_XMP_lrtemplate_XMP/AGF_-_Chrome_RSX_-_boost.xmp (0.00s)
    --- PASS: TestRoundTrip_XMP_lrtemplate_XMP/KDK_-_Portra_-_warm.xmp#01 (0.00s)
    --- PASS: TestRoundTrip_XMP_lrtemplate_XMP/KDK_-_Elite_100_+.xmp#01 (0.00s)
    --- PASS: TestRoundTrip_XMP_lrtemplate_XMP/Lens_off.xmp#02 (0.00s)
    --- PASS: TestRoundTrip_XMP_lrtemplate_XMP/AGF_-_Chrome_RSX_+++.xmp (0.00s)
    --- PASS: TestRoundTrip_XMP_lrtemplate_XMP/KDK_-_Portra_160_++.xmp#01 (0.00s)
    --- PASS: TestRoundTrip_XMP_lrtemplate_XMP/--FL_MASTER-FUJI_160NS-Pushed-N.xmp (0.00s)
    --- PASS: TestRoundTrip_XMP_lrtemplate_XMP/--FL_MASTER-FUJI_160NS-Pushed-F.xmp (0.00s)
    --- PASS: TestRoundTrip_XMP_lrtemplate_XMP/KDK_-_Elite_100_-_boost.xmp#01 (0.00s)
    --- PASS: TestRoundTrip_XMP_lrtemplate_XMP/AGF_-_Portrait_160_++.xmp (0.00s)
    --- PASS: TestRoundTrip_XMP_lrtemplate_XMP/KDK_-_Tri-X_400_+++.xmp (0.01s)
    --- PASS: TestRoundTrip_XMP_lrtemplate_XMP/FINISH_-_Washed.xmp#02 (0.00s)
    --- PASS: TestRoundTrip_XMP_lrtemplate_XMP/AGF_-_Portrait_160_++++.xmp (0.00s)
    --- PASS: TestRoundTrip_XMP_lrtemplate_XMP/AGF_-_Portrait_160_+++.xmp (0.00s)
    --- PASS: TestRoundTrip_XMP_lrtemplate_XMP/AGF_-_Chrome_RSX_++++.xmp (0.00s)
    --- PASS: TestRoundTrip_XMP_lrtemplate_XMP/AGF_-_Optima_100_-_boost.xmp (0.00s)
    --- PASS: TestRoundTrip_XMP_lrtemplate_XMP/o_9.xmp#04 (0.00s)
    --- PASS: TestRoundTrip_XMP_lrtemplate_XMP/AGF_-_Optima_100_-_warm.xmp (0.00s)
    --- PASS: TestRoundTrip_XMP_lrtemplate_XMP/AGF_-_Optima_100_-_film.xmp (0.00s)
    --- PASS: TestRoundTrip_XMP_lrtemplate_XMP/AGF_-_Optima_100.xmp (0.00s)
    --- PASS: TestRoundTrip_XMP_lrtemplate_XMP/FINISH_-_Strong.xmp#03 (0.00s)
    --- PASS: TestRoundTrip_XMP_lrtemplate_XMP/AGF_-_Optima_100_-_cool.xmp (0.00s)
    --- PASS: TestRoundTrip_XMP_lrtemplate_XMP/FINISH_-_Basic.xmp#04 (0.00s)
    --- PASS: TestRoundTrip_XMP_lrtemplate_XMP/o_2.xmp#04 (0.00s)
    --- PASS: TestRoundTrip_XMP_lrtemplate_XMP/AGF_-_Optima_100_+.xmp (0.00s)
    --- PASS: TestRoundTrip_XMP_lrtemplate_XMP/--FL_MASTER-FUJI_800Z-Pushed-N.xmp (0.00s)
    --- PASS: TestRoundTrip_XMP_lrtemplate_XMP/KDK_-_Ektar_100_+++.xmp#01 (0.00s)
    --- PASS: TestRoundTrip_XMP_lrtemplate_XMP/--FL_MASTER-FUJI_400H-Pushed-N.xmp (0.00s)
    --- PASS: TestRoundTrip_XMP_lrtemplate_XMP/KDK_-_Echrome_200_++.xmp#01 (0.00s)
    --- PASS: TestRoundTrip_XMP_lrtemplate_XMP/o_8.xmp#04 (0.00s)
    --- PASS: TestRoundTrip_XMP_lrtemplate_XMP/KDK_-_Echrome_200_+++.xmp#01 (0.00s)
    --- PASS: TestRoundTrip_XMP_lrtemplate_XMP/--FL_MASTER-FUJI_800Z-Original.xmp (0.00s)
    --- PASS: TestRoundTrip_XMP_lrtemplate_XMP/KDK_-_Portra_+.xmp#01 (0.00s)
    --- PASS: TestRoundTrip_XMP_lrtemplate_XMP/KDK_-_Ektar_100_++.xmp#01 (0.00s)
    --- PASS: TestRoundTrip_XMP_lrtemplate_XMP/o_6.xmp#04 (0.00s)
    --- PASS: TestRoundTrip_XMP_lrtemplate_XMP/-REDUCE_COLORS_SATURATION.xmp (0.00s)
    --- PASS: TestRoundTrip_XMP_lrtemplate_XMP/POL_-_Color_Instant_-_warm.xmp#01 (0.00s)
    --- PASS: TestRoundTrip_XMP_lrtemplate_XMP/SHARPEN_-_Mid.xmp#03 (0.00s)
    --- PASS: TestRoundTrip_XMP_lrtemplate_XMP/POL_-_Color_Instant.xmp#01 (0.00s)
    --- PASS: TestRoundTrip_XMP_lrtemplate_XMP/KDK_-_Echrome_200_++++.xmp#01 (0.00s)
    --- PASS: TestRoundTrip_XMP_lrtemplate_XMP/KDK_-_Portra_-_boost.xmp#01 (0.00s)
    --- PASS: TestRoundTrip_XMP_lrtemplate_XMP/KDK_-_Portra_-_cool.xmp#01 (0.00s)
    --- PASS: TestRoundTrip_XMP_lrtemplate_XMP/o_3.xmp#04 (0.00s)
    --- PASS: TestRoundTrip_XMP_lrtemplate_XMP/SHARPEN_-_Low.xmp#03 (0.00s)
    --- PASS: TestRoundTrip_XMP_lrtemplate_XMP/o_4.xmp#04 (0.00s)
    --- PASS: TestRoundTrip_XMP_lrtemplate_XMP/FINISH_-_Retro.xmp#03 (0.00s)
    --- PASS: TestRoundTrip_XMP_lrtemplate_XMP/--FL_MASTER-FUJI_800Z-Pushed-F.xmp (0.00s)
    --- PASS: TestRoundTrip_XMP_lrtemplate_XMP/o_5.xmp#04 (0.00s)
    --- PASS: TestRoundTrip_XMP_lrtemplate_XMP/POL_-_Color_Instant_-_film.xmp#01 (0.00s)
    --- PASS: TestRoundTrip_XMP_lrtemplate_XMP/-SMOOTHER_DETAILS.xmp (0.00s)
    --- PASS: TestRoundTrip_XMP_lrtemplate_XMP/SHARPEN_-_High.xmp#03 (0.00s)
    --- PASS: TestRoundTrip_XMP_lrtemplate_XMP/FL_FUJI_160NS-Original.xmp (0.01s)
    --- PASS: TestRoundTrip_XMP_lrtemplate_XMP/KDK_-_Portra_++.xmp#01 (0.00s)
    --- PASS: TestRoundTrip_XMP_lrtemplate_XMP/FL_FUJI_400H-Original.xmp (0.01s)
    --- PASS: TestRoundTrip_XMP_lrtemplate_XMP/-ADD_FILM_GRAINS.xmp (0.00s)
    --- PASS: TestRoundTrip_XMP_lrtemplate_XMP/POL_-_Color_600_++.xmp (0.01s)
    --- PASS: TestRoundTrip_XMP_lrtemplate_XMP/POL_-_Color_600.xmp (0.01s)
    --- PASS: TestRoundTrip_XMP_lrtemplate_XMP/POL_-_Color_600_-_warm.xmp (0.01s)
    --- PASS: TestRoundTrip_XMP_lrtemplate_XMP/POL_-_Color_Instant_++++.xmp (0.01s)
    --- PASS: TestRoundTrip_XMP_lrtemplate_XMP/o_7.xmp#04 (0.00s)
    --- PASS: TestRoundTrip_XMP_lrtemplate_XMP/FL_FUJI_PRO_800Z-F.xmp (0.01s)
    --- PASS: TestRoundTrip_XMP_lrtemplate_XMP/FL_FUJI_PRO_800Z.xmp (0.01s)
    --- PASS: TestRoundTrip_XMP_lrtemplate_XMP/o_.xmp#03 (0.00s)
    --- PASS: TestRoundTrip_XMP_lrtemplate_XMP/FL_FUJI_PRO_800Z-N.xmp (0.01s)
    --- PASS: TestRoundTrip_XMP_lrtemplate_XMP/VIBRANCE_-__High.xmp#04 (0.00s)
    --- PASS: TestRoundTrip_XMP_lrtemplate_XMP/auto_wb___.xmp#02 (0.00s)
    --- PASS: TestRoundTrip_XMP_lrtemplate_XMP/KDK_-_Portra_400_-_warm.xmp#01 (0.00s)
    --- PASS: TestRoundTrip_XMP_lrtemplate_XMP/FL_FUJI_160NS-F.xmp (0.01s)
    --- PASS: TestRoundTrip_XMP_lrtemplate_XMP/KDK_-_Portra_800_++++.xmp#01 (0.00s)
    --- PASS: TestRoundTrip_XMP_lrtemplate_XMP/POL_-_Color_600_-_boost.xmp (0.01s)
    --- PASS: TestRoundTrip_XMP_lrtemplate_XMP/POL_-_Mono_+++.xmp#01 (0.00s)
    --- PASS: TestRoundTrip_XMP_lrtemplate_XMP/VIBRANCE__-_Low.xmp#04 (0.00s)
    --- PASS: TestRoundTrip_XMP_lrtemplate_XMP/KDK_-_Gold_200_+.xmp#01 (0.00s)
    --- PASS: TestRoundTrip_XMP_lrtemplate_XMP/KDK_-_Portra_400.xmp#01 (0.00s)
    --- PASS: TestRoundTrip_XMP_lrtemplate_XMP/Nikon_Z_f_Camera_Red.xmp (0.00s)
    --- PASS: TestRoundTrip_XMP_lrtemplate_XMP/KDK_-_Echrome_100.xmp#01 (0.00s)
    --- PASS: TestRoundTrip_XMP_lrtemplate_XMP/o.xmp#04 (0.00s)
    --- PASS: TestRoundTrip_XMP_lrtemplate_XMP/SHARPEN_-_Mid.xmp#04 (0.00s)
    --- PASS: TestRoundTrip_XMP_lrtemplate_XMP/o_1.xmp#04 (0.00s)
    --- PASS: TestRoundTrip_XMP_lrtemplate_XMP/KDK_-_Portra_+++.xmp#01 (0.00s)
    --- PASS: TestRoundTrip_XMP_lrtemplate_XMP/KDK_-_Ektar_100_++++.xmp#01 (0.00s)
    --- PASS: TestRoundTrip_XMP_lrtemplate_XMP/Nikon_Z_f_Camera_Denim.xmp (0.00s)
    --- PASS: TestRoundTrip_XMP_lrtemplate_XMP/Nikon_Z_f_Camera_Bleach.xmp (0.00s)
    --- PASS: TestRoundTrip_XMP_lrtemplate_XMP/SHARPEN_-_Low.xmp#04 (0.00s)
    --- PASS: TestRoundTrip_XMP_lrtemplate_XMP/FINISH_-_Vintage.xmp#02 (0.00s)
    --- PASS: TestRoundTrip_XMP_lrtemplate_XMP/KDK_-_Gold_200_++.xmp#01 (0.00s)
    --- PASS: TestRoundTrip_XMP_lrtemplate_XMP/Nikon_Z_f_Camera_Blue.xmp (0.00s)
    --- PASS: TestRoundTrip_XMP_lrtemplate_XMP/VIBRANCE__-_Mid.xmp#04 (0.00s)
    --- PASS: TestRoundTrip_XMP_lrtemplate_XMP/Nikon_Z_f_Camera_Toy.xmp (0.00s)
    --- PASS: TestRoundTrip_XMP_lrtemplate_XMP/FL_FUJI_160NS-N.xmp (0.01s)
    --- PASS: TestRoundTrip_XMP_lrtemplate_XMP/Nikon_Z_f_Camera_Pure.xmp (0.00s)
    --- PASS: TestRoundTrip_XMP_lrtemplate_XMP/POL_-_Color_600_+.xmp (0.01s)
    --- PASS: TestRoundTrip_XMP_lrtemplate_XMP/Nikon_Z_f_Camera_Sunday.xmp (0.00s)
    --- PASS: TestRoundTrip_XMP_lrtemplate_XMP/AGF_-_Chrome_RSX_-_film.xmp (0.00s)
    --- PASS: TestRoundTrip_XMP_lrtemplate_XMP/Nikon_Z_f_Camera_Pop.xmp (0.00s)
    --- PASS: TestRoundTrip_XMP_lrtemplate_XMP/POL_-_Color_600_-_cool.xmp (0.01s)
    --- PASS: TestRoundTrip_XMP_lrtemplate_XMP/POL_-_Mono_-_boost.xmp#01 (0.00s)
    --- PASS: TestRoundTrip_XMP_lrtemplate_XMP/FL_FUJI_400H_-_Pushed.xmp (0.01s)
    --- PASS: TestRoundTrip_XMP_lrtemplate_XMP/Nikon_Z_f_Camera_Binary.xmp (0.00s)
    --- PASS: TestRoundTrip_XMP_lrtemplate_XMP/POL_-_Cinematic_-_warm.xmp (0.01s)
    --- PASS: TestRoundTrip_XMP_lrtemplate_XMP/FUJ_-_Fortia_50.xmp#02 (0.01s)
    --- PASS: TestRoundTrip_XMP_lrtemplate_XMP/POL_-_Mono_-_film.xmp#01 (0.00s)
    --- PASS: TestRoundTrip_XMP_lrtemplate_XMP/Nikon_Z_f_Camera_Carbon.xmp (0.00s)
    --- PASS: TestRoundTrip_XMP_lrtemplate_XMP/POL_-_Mono_+.xmp#01 (0.00s)
    --- PASS: TestRoundTrip_XMP_lrtemplate_XMP/KDK_-_Elite_100_+++.xmp#01 (0.00s)
    --- PASS: TestRoundTrip_XMP_lrtemplate_XMP/POL_-_Color_Instant_-_warm.xmp (0.01s)
    --- PASS: TestRoundTrip_XMP_lrtemplate_XMP/POL_-_Mono.xmp#01 (0.00s)
    --- PASS: TestRoundTrip_XMP_lrtemplate_XMP/KDK_-_Portra_400_-_film.xmp#01 (0.00s)
    --- PASS: TestRoundTrip_XMP_lrtemplate_XMP/FUJ_-_Velvia_100.xmp#02 (0.01s)
    --- PASS: TestRoundTrip_XMP_lrtemplate_XMP/Nikon_Z_f_Camera_Graphite.xmp (0.00s)
    --- PASS: TestRoundTrip_XMP_lrtemplate_XMP/KDK_-_Portra.xmp (0.01s)
    --- PASS: TestRoundTrip_XMP_lrtemplate_XMP/POL_-_Color_Instant.xmp (0.01s)
    --- PASS: TestRoundTrip_XMP_lrtemplate_XMP/Lens_on.xmp#04 (0.00s)
    --- PASS: TestRoundTrip_XMP_lrtemplate_XMP/LIGHTING_-_Flash.xmp#04 (0.00s)
    --- PASS: TestRoundTrip_XMP_lrtemplate_XMP/Fuji_Pro_400H_Emulation_4.xmp (0.00s)
    --- PASS: TestRoundTrip_XMP_lrtemplate_XMP/KDK_-_Echrome.xmp#01 (0.00s)
    --- PASS: TestRoundTrip_XMP_lrtemplate_XMP/FUJ_-_Negative.xmp#03 (0.01s)
    --- PASS: TestRoundTrip_XMP_lrtemplate_XMP/Nikon_Z_f_Camera_Pink.xmp (0.00s)
    --- PASS: TestRoundTrip_XMP_lrtemplate_XMP/LIGHTING_-_Auto_Set.xmp#04 (0.00s)
    --- PASS: TestRoundTrip_XMP_lrtemplate_XMP/Lens_off.xmp#04 (0.00s)
    --- PASS: TestRoundTrip_XMP_lrtemplate_XMP/FUJ_-_Astia_100F.xmp#02 (0.01s)
    --- PASS: TestRoundTrip_XMP_lrtemplate_XMP/Nikon_Z_f_Camera_Charcoal.xmp (0.00s)
    --- PASS: TestRoundTrip_XMP_lrtemplate_XMP/POL_-_Mono_++.xmp#01 (0.00s)
    --- PASS: TestRoundTrip_XMP_lrtemplate_XMP/LIGHTING_-_Daylight.xmp#04 (0.00s)
    --- PASS: TestRoundTrip_XMP_lrtemplate_XMP/POL_-_Cinematic.xmp (0.01s)
    --- PASS: TestRoundTrip_XMP_lrtemplate_XMP/FUJ_-_Color_100.xmp#02 (0.01s)
    --- PASS: TestRoundTrip_XMP_lrtemplate_XMP/POL_-_Color_600_+++.xmp (0.01s)
    --- PASS: TestRoundTrip_XMP_lrtemplate_XMP/KDK_-_Portra_800.xmp (0.01s)
    --- PASS: TestRoundTrip_XMP_lrtemplate_XMP/Nikon_Z_f_Camera_Melancholic.xmp (0.00s)
    --- PASS: TestRoundTrip_XMP_lrtemplate_XMP/FUJ_-_Sensia_100.xmp#02 (0.01s)
    --- PASS: TestRoundTrip_XMP_lrtemplate_XMP/KDK_-_Elite_100_++++.xmp#01 (0.00s)
    --- PASS: TestRoundTrip_XMP_lrtemplate_XMP/KDK_-_Tri-X_400.xmp#01 (0.00s)
    --- PASS: TestRoundTrip_XMP_lrtemplate_XMP/LIGHTING_-_As_Shot.xmp#04 (0.00s)
    --- PASS: TestRoundTrip_XMP_lrtemplate_XMP/KDK_-_Tri-X_400_-_film.xmp#01 (0.00s)
    --- PASS: TestRoundTrip_XMP_lrtemplate_XMP/AGF_-_Ultra_100.xmp#02 (0.01s)
    --- PASS: TestRoundTrip_XMP_lrtemplate_XMP/KDK_-_Gold_200_++++.xmp#01 (0.00s)
    --- PASS: TestRoundTrip_XMP_lrtemplate_XMP/LIGHTING_-_Fluorescent.xmp#04 (0.00s)
    --- PASS: TestRoundTrip_XMP_lrtemplate_XMP/POL_-_Color_Instant_-_film.xmp (0.01s)
    --- PASS: TestRoundTrip_XMP_lrtemplate_XMP/AGF_-_Vista_Plus.xmp#02 (0.01s)
    --- PASS: TestRoundTrip_XMP_lrtemplate_XMP/Nikon_Z_f_Camera_Dream.xmp (0.00s)
    --- PASS: TestRoundTrip_XMP_lrtemplate_XMP/FUJ_-_PRO_160.xmp#02 (0.01s)
    --- PASS: TestRoundTrip_XMP_lrtemplate_XMP/Nikon_Z_f_Camera_Dramatic.xmp (0.00s)
    --- PASS: TestRoundTrip_XMP_lrtemplate_XMP/LIGHTING_-_Shade.xmp#04 (0.00s)
    --- PASS: TestRoundTrip_XMP_lrtemplate_XMP/Nikon_Z_f_Camera_Morning.xmp (0.00s)
    --- PASS: TestRoundTrip_XMP_lrtemplate_XMP/LIGHTING_-_Tungsten.xmp#04 (0.00s)
    --- PASS: TestRoundTrip_XMP_lrtemplate_XMP/KDK_-_Portra_400_-_cool.xmp#01 (0.00s)
    --- PASS: TestRoundTrip_XMP_lrtemplate_XMP/FUJ_-_Provia_100F.xmp#02 (0.01s)
    --- PASS: TestRoundTrip_XMP_lrtemplate_XMP/POL_-_Color_Instant_-_cool.xmp#01 (0.00s)
    --- PASS: TestRoundTrip_XMP_lrtemplate_XMP/Nikon_Z_f_Camera_Sepia.xmp (0.00s)
    --- PASS: TestRoundTrip_XMP_lrtemplate_XMP/FUJ_-_Neopan.xmp#01 (0.01s)
    --- PASS: TestRoundTrip_XMP_lrtemplate_XMP/KDK_-_Gold_200_+++.xmp#01 (0.00s)
    --- PASS: TestRoundTrip_XMP_lrtemplate_XMP/LIGHTING_-_Cloudy.xmp#04 (0.00s)
    --- PASS: TestRoundTrip_XMP_lrtemplate_XMP/POL_-_Color_Instant_-_boost.xmp#01 (0.00s)
    --- PASS: TestRoundTrip_XMP_lrtemplate_XMP/Nikon_Z_f_Camera_Somber.xmp (0.00s)
    --- PASS: TestRoundTrip_XMP_lrtemplate_XMP/SHARPEN_-_High.xmp#04 (0.00s)
    --- PASS: TestRoundTrip_XMP_lrtemplate_XMP/Nikon_Z_f_Camera_Silence.xmp (0.00s)
    --- PASS: TestRoundTrip_XMP_lrtemplate_XMP/FUJ_-_XPro.xmp#02 (0.01s)
    --- PASS: TestRoundTrip_XMP_lrtemplate_XMP/FUJ_-_Negative_1.xmp#01 (0.01s)
    --- PASS: TestRoundTrip_XMP_lrtemplate_XMP/FUJ_-_Superia_400.xmp#02 (0.00s)
    --- PASS: TestRoundTrip_XMP_lrtemplate_XMP/FUJ_-_Superia_800.xmp#02 (0.01s)
=== NAME  TestRoundTrip_XMP_NP3_XMP/FUJ_-_Color_100_++++.xmp
    roundtrip_test.go:493: Clarity mismatch: orig=-12, final=-10 (diff=2, tolerance=1)
    roundtrip_test.go:144: Highlights: orig=-10 (expected loss: NP3 doesn't support this parameter)
=== NAME  TestRoundTrip_XMP_NP3_XMP/FUJ_-_Color_100_-_cool.xmp
    roundtrip_test.go:144: Whites: orig=-10 (expected loss: NP3 doesn't support this parameter)
=== NAME  TestRoundTrip_XMP_NP3_XMP/FUJ_-_Fortia_50.xmp
    roundtrip_test.go:144: Highlights: orig=-20 (expected loss: NP3 doesn't support this parameter)
=== NAME  TestRoundTrip_XMP_NP3_XMP/FUJ_-_Color_100_-_cool.xmp
    roundtrip_test.go:144: Blacks: orig=25 (expected loss: NP3 doesn't support this parameter)
=== NAME  TestRoundTrip_XMP_NP3_XMP/FUJ_-_Fortia_50.xmp
    roundtrip_test.go:144: Shadows: orig=18 (expected loss: NP3 doesn't support this parameter)
=== NAME  TestRoundTrip_XMP_NP3_XMP/FUJ_-_Color_100.xmp
    roundtrip_test.go:144: Shadows: orig=20 (expected loss: NP3 doesn't support this parameter)
=== NAME  TestRoundTrip_XMP_NP3_XMP/FUJ_-_Fortia_50_-_warm.xmp
    roundtrip_test.go:144: Highlights: orig=-28 (expected loss: NP3 doesn't support this parameter)
    roundtrip_test.go:144: Shadows: orig=18 (expected loss: NP3 doesn't support this parameter)
=== NAME  TestRoundTrip_XMP_NP3_XMP/FUJ_-_Color_100.xmp
    roundtrip_test.go:144: Whites: orig=-10 (expected loss: NP3 doesn't support this parameter)
=== NAME  TestRoundTrip_XMP_NP3_XMP/FUJ_-_Color_100_-_boost.xmp
    roundtrip_test.go:144: Whites: orig=-10 (expected loss: NP3 doesn't support this parameter)
=== NAME  TestRoundTrip_XMP_NP3_XMP/FUJ_-_Fortia_50_++++.xmp
    roundtrip_test.go:144: Highlights: orig=-28 (expected loss: NP3 doesn't support this parameter)
=== NAME  TestRoundTrip_XMP_NP3_XMP/FUJ_-_Negative_++++.xmp
    roundtrip_test.go:144: Highlights: orig=-10 (expected loss: NP3 doesn't support this parameter)
=== CONT  TestRoundTrip_XMP_NP3_XMP/FUJ_-_Astia_100F_+++.xmp
=== NAME  TestRoundTrip_XMP_NP3_XMP/FUJ_-_Color_100_+.xmp
    roundtrip_test.go:144: Shadows: orig=20 (expected loss: NP3 doesn't support this parameter)
=== CONT  TestRoundTrip_XMP_NP3_XMP/Nikon_Z_f_Camera_Pink.xmp
=== NAME  TestRoundTrip_XMP_NP3_XMP/FUJ_-_Negative_-_cool.xmp
    roundtrip_test.go:144: Blacks: orig=-10 (expected loss: NP3 doesn't support this parameter)
=== NAME  TestRoundTrip_XMP_NP3_XMP/FUJ_-_Color_100_+++.xmp
    roundtrip_test.go:144: Highlights: orig=-15 (expected loss: NP3 doesn't support this parameter)
=== NAME  TestRoundTrip_XMP_NP3_XMP/FUJ_-_Astia_100F_-_film.xmp
    roundtrip_test.go:144: Highlights: orig=-22 (expected loss: NP3 doesn't support this parameter)
=== NAME  TestRoundTrip_XMP_NP3_XMP/FUJ_-_Astia_100F_+.xmp
    roundtrip_test.go:144: Sharpness mismatch: orig=38, final=0 (diff=38, tolerance=10)
=== NAME  TestRoundTrip_XMP_NP3_XMP/FUJ_-_Astia_100F_-_boost.xmp
    roundtrip_test.go:493: Clarity mismatch: orig=7, final=5 (diff=2, tolerance=1)
=== NAME  TestRoundTrip_XMP_NP3_XMP/FUJ_-_Astia_100F_++.xmp
    roundtrip_test.go:144: Sharpness mismatch: orig=38, final=0 (diff=38, tolerance=10)
=== NAME  TestRoundTrip_XMP_NP3_XMP/FUJ_-_Astia_100F.xmp
    roundtrip_test.go:144: Highlights: orig=-20 (expected loss: NP3 doesn't support this parameter)
=== CONT  TestRoundTrip_XMP_NP3_XMP/Nikon_Z_f_Camera_Morning.xmp
=== NAME  TestRoundTrip_XMP_NP3_XMP/FUJ_-_Fortia_50_+++.xmp
    roundtrip_test.go:144: Vibrance reset to 0: orig=10 (may be due to Picture Control base mapping)
=== NAME  TestRoundTrip_XMP_NP3_XMP/FUJ_-_Color_100_++.xmp
    roundtrip_test.go:144: Highlights: orig=-15 (expected loss: NP3 doesn't support this parameter)
=== CONT  TestRoundTrip_XMP_NP3_XMP/Nikon_Z_f_Camera_Melancholic.xmp
=== NAME  TestRoundTrip_XMP_NP3_XMP/FUJ_-_Astia_100F_-_boost.xmp
    roundtrip_test.go:144: Highlights: orig=-25 (expected loss: NP3 doesn't support this parameter)
=== NAME  TestRoundTrip_XMP_NP3_XMP/FUJ_-_Astia_100F_++.xmp
    roundtrip_test.go:144: Highlights: orig=-22 (expected loss: NP3 doesn't support this parameter)
    roundtrip_test.go:144: Shadows: orig=18 (expected loss: NP3 doesn't support this parameter)
=== NAME  TestRoundTrip_XMP_NP3_XMP/FUJ_-_Color_100_++.xmp
    roundtrip_test.go:144: Shadows: orig=20 (expected loss: NP3 doesn't support this parameter)
    roundtrip_test.go:144: Whites: orig=-10 (expected loss: NP3 doesn't support this parameter)
=== CONT  TestRoundTrip_XMP_NP3_XMP/FUJ_-_Astia_100F_-_cool.xmp
=== CONT  TestRoundTrip_XMP_NP3_XMP/Nikon_Z_f_Camera_Dream.xmp
=== NAME  TestRoundTrip_XMP_NP3_XMP/FUJ_-_Fortia_50.xmp
    roundtrip_test.go:144: Blacks: orig=25 (expected loss: NP3 doesn't support this parameter)
    roundtrip_test.go:144: Split toning hue: orig shadow=0, highlight=270 (NP3 has limited split toning support)
=== CONT  TestRoundTrip_XMP_NP3_XMP/Nikon_Z_f_Camera_Denim.xmp
=== NAME  TestRoundTrip_XMP_NP3_XMP/FUJ_-_Fortia_50_-_warm.xmp
    roundtrip_test.go:144: Blacks: orig=18 (expected loss: NP3 doesn't support this parameter)
=== NAME  TestRoundTrip_XMP_NP3_XMP/FUJ_-_Color_100.xmp
    roundtrip_test.go:144: Blacks: orig=25 (expected loss: NP3 doesn't support this parameter)
=== NAME  TestRoundTrip_XMP_NP3_XMP/FUJ_-_Color_100_-_boost.xmp
    roundtrip_test.go:144: Blacks: orig=25 (expected loss: NP3 doesn't support this parameter)
=== CONT  TestRoundTrip_XMP_NP3_XMP/Nikon_Z_f_Camera_Carbon.xmp
=== NAME  TestRoundTrip_XMP_NP3_XMP/FUJ_-_Fortia_50_++++.xmp
    roundtrip_test.go:144: Shadows: orig=18 (expected loss: NP3 doesn't support this parameter)
    roundtrip_test.go:144: Blacks: orig=18 (expected loss: NP3 doesn't support this parameter)
=== CONT  TestRoundTrip_XMP_NP3_XMP/Nikon_Z_f_Camera_Blue.xmp
=== NAME  TestRoundTrip_XMP_NP3_XMP/FUJ_-_Negative_++++.xmp
    roundtrip_test.go:144: Shadows: orig=15 (expected loss: NP3 doesn't support this parameter)
    roundtrip_test.go:144: Whites: orig=-10 (expected loss: NP3 doesn't support this parameter)
=== CONT  TestRoundTrip_XMP_NP3_XMP/Nikon_Z_f_Camera_Dramatic.xmp
=== NAME  TestRoundTrip_XMP_NP3_XMP/FUJ_-_Astia_100F_+.xmp
    roundtrip_test.go:144: Highlights: orig=-22 (expected loss: NP3 doesn't support this parameter)
    roundtrip_test.go:144: Shadows: orig=22 (expected loss: NP3 doesn't support this parameter)
    roundtrip_test.go:144: Whites: orig=-12 (expected loss: NP3 doesn't support this parameter)
=== NAME  TestRoundTrip_XMP_NP3_XMP/FUJ_-_Color_100_+.xmp
    roundtrip_test.go:144: Whites: orig=-10 (expected loss: NP3 doesn't support this parameter)
    roundtrip_test.go:144: Blacks: orig=25 (expected loss: NP3 doesn't support this parameter)
=== NAME  TestRoundTrip_XMP_NP3_XMP/FUJ_-_Color_100_+++.xmp
    roundtrip_test.go:144: Shadows: orig=20 (expected loss: NP3 doesn't support this parameter)
=== CONT  TestRoundTrip_XMP_NP3_XMP/Nikon_Z_f_Camera_Bleach.xmp
=== NAME  TestRoundTrip_XMP_NP3_XMP/FUJ_-_Color_100_+++.xmp
    roundtrip_test.go:144: Whites: orig=-10 (expected loss: NP3 doesn't support this parameter)
=== NAME  TestRoundTrip_XMP_NP3_XMP/FUJ_-_Astia_100F.xmp
    roundtrip_test.go:144: Shadows: orig=20 (expected loss: NP3 doesn't support this parameter)
    roundtrip_test.go:144: Whites: orig=-10 (expected loss: NP3 doesn't support this parameter)
=== NAME  TestRoundTrip_XMP_NP3_XMP/FUJ_-_Astia_100F_-_film.xmp
    roundtrip_test.go:144: Shadows: orig=22 (expected loss: NP3 doesn't support this parameter)
=== NAME  TestRoundTrip_XMP_NP3_XMP/FUJ_-_Astia_100F_-_boost.xmp
    roundtrip_test.go:144: Shadows: orig=25 (expected loss: NP3 doesn't support this parameter)
    roundtrip_test.go:144: Blacks: orig=27 (expected loss: NP3 doesn't support this parameter)
=== NAME  TestRoundTrip_XMP_NP3_XMP/FUJ_-_Fortia_50_+++.xmp
    roundtrip_test.go:144: Highlights: orig=-25 (expected loss: NP3 doesn't support this parameter)
=== NAME  TestRoundTrip_XMP_NP3_XMP/FUJ_-_Astia_100F_+++.xmp
    roundtrip_test.go:144: Highlights: orig=-22 (expected loss: NP3 doesn't support this parameter)
=== NAME  TestRoundTrip_XMP_NP3_XMP/FUJ_-_Fortia_50_+++.xmp
    roundtrip_test.go:144: Shadows: orig=18 (expected loss: NP3 doesn't support this parameter)
=== NAME  TestRoundTrip_XMP_NP3_XMP/FUJ_-_Astia_100F_+++.xmp
    roundtrip_test.go:144: Shadows: orig=18 (expected loss: NP3 doesn't support this parameter)
    roundtrip_test.go:144: Blacks: orig=22 (expected loss: NP3 doesn't support this parameter)
=== NAME  TestRoundTrip_XMP_NP3_XMP/FUJ_-_Fortia_50_+++.xmp
    roundtrip_test.go:144: Blacks: orig=18 (expected loss: NP3 doesn't support this parameter)
=== CONT  TestRoundTrip_XMP_NP3_XMP/AGF_-_Vista_Plus.xmp#02
=== NAME  TestRoundTrip_XMP_NP3_XMP/FUJ_-_Color_100_++++.xmp
    roundtrip_test.go:144: Shadows: orig=25 (expected loss: NP3 doesn't support this parameter)
    roundtrip_test.go:144: Whites: orig=-10 (expected loss: NP3 doesn't support this parameter)
=== NAME  TestRoundTrip_XMP_NP3_XMP/FUJ_-_Astia_100F_++.xmp
    roundtrip_test.go:144: Blacks: orig=22 (expected loss: NP3 doesn't support this parameter)
=== NAME  TestRoundTrip_XMP_NP3_XMP/FUJ_-_Color_100_++.xmp
    roundtrip_test.go:144: Blacks: orig=25 (expected loss: NP3 doesn't support this parameter)
=== NAME  TestRoundTrip_XMP_NP3_XMP/FUJ_-_Astia_100F_-_cool.xmp
    roundtrip_test.go:144: Highlights: orig=-22 (expected loss: NP3 doesn't support this parameter)
=== NAME  TestRoundTrip_XMP_NP3_XMP/FUJ_-_Fortia_50_-_warm.xmp
    roundtrip_test.go:144: Split toning hue: orig shadow=0, highlight=275 (NP3 has limited split toning support)
=== CONT  TestRoundTrip_XMP_NP3_XMP/Fuji_Pro_400H_Emulation_3.xmp
=== CONT  TestRoundTrip_XMP_NP3_XMP/Nikon_Z_f_Camera_Charcoal.xmp
=== NAME  TestRoundTrip_XMP_NP3_XMP/FUJ_-_Negative_++++.xmp
    roundtrip_test.go:144: Blacks: orig=-20 (expected loss: NP3 doesn't support this parameter)
=== CONT  TestRoundTrip_XMP_NP3_XMP/o_5.xmp#04
=== CONT  TestRoundTrip_XMP_NP3_XMP/Fuji_Pro_400H_Emulation_2.xmp
=== NAME  TestRoundTrip_XMP_NP3_XMP/FUJ_-_Astia_100F_+.xmp
    roundtrip_test.go:144: Blacks: orig=22 (expected loss: NP3 doesn't support this parameter)
=== CONT  TestRoundTrip_XMP_NP3_XMP/o_4.xmp#04
=== NAME  TestRoundTrip_XMP_NP3_XMP/FUJ_-_Color_100_+++.xmp
    roundtrip_test.go:144: Blacks: orig=25 (expected loss: NP3 doesn't support this parameter)
=== CONT  TestRoundTrip_XMP_NP3_XMP/Fuji_Pro_400H_Emulation_1.xmp
=== NAME  TestRoundTrip_XMP_NP3_XMP/FUJ_-_Astia_100F.xmp
    roundtrip_test.go:144: Blacks: orig=20 (expected loss: NP3 doesn't support this parameter)
=== NAME  TestRoundTrip_XMP_NP3_XMP/FUJ_-_Astia_100F_-_film.xmp
    roundtrip_test.go:144: Blacks: orig=28 (expected loss: NP3 doesn't support this parameter)
=== CONT  TestRoundTrip_XMP_NP3_XMP/FL_ILFORDHP5-Original.xmp
=== CONT  TestRoundTrip_XMP_NP3_XMP/Nikon_Z_f_Camera_Binary.xmp
=== CONT  TestRoundTrip_XMP_NP3_XMP/Nikon_Z_f_Camera_Graphite.xmp
=== CONT  TestRoundTrip_XMP_NP3_XMP/FL_FUJI_PRO_800Z.xmp
=== CONT  TestRoundTrip_XMP_NP3_XMP/o_6.xmp#04
=== NAME  TestRoundTrip_XMP_NP3_XMP/FUJ_-_Color_100_++++.xmp
    roundtrip_test.go:144: Blacks: orig=8 (expected loss: NP3 doesn't support this parameter)
=== CONT  TestRoundTrip_XMP_NP3_XMP/FL_FUJI_PRO_800Z-F.xmp
=== CONT  TestRoundTrip_XMP_NP3_XMP/AGF_-_Ultra_100.xmp#02
=== CONT  TestRoundTrip_XMP_NP3_XMP/FL_FUJI_PRO_800Z-N.xmp
=== CONT  TestRoundTrip_XMP_NP3_XMP/Fuji_Pro_400H_Emulation_4.xmp
=== CONT  TestRoundTrip_XMP_NP3_XMP/FL_FUJI_400H_-_Pushed.xmp
=== CONT  TestRoundTrip_XMP_NP3_XMP/FL_FUJI_160NS-Original.xmp
=== NAME  TestRoundTrip_XMP_NP3_XMP/Fuji_Pro_400H_Emulation_1.xmp
    roundtrip_test.go:144: Highlights: orig=-10 (expected loss: NP3 doesn't support this parameter)
    roundtrip_test.go:144: Shadows: orig=10 (expected loss: NP3 doesn't support this parameter)
=== CONT  TestRoundTrip_XMP_NP3_XMP/FL_FUJI_160NS-N.xmp
=== NAME  TestRoundTrip_XMP_NP3_XMP/Fuji_Pro_400H_Emulation_1.xmp
    roundtrip_test.go:144: Whites: orig=-10 (expected loss: NP3 doesn't support this parameter)
    roundtrip_test.go:144: Blacks: orig=25 (expected loss: NP3 doesn't support this parameter)
=== CONT  TestRoundTrip_XMP_NP3_XMP/FL_FUJI_160NS-F.xmp
=== NAME  TestRoundTrip_XMP_NP3_XMP/Fuji_Pro_400H_Emulation_1.xmp
    roundtrip_test.go:144: Split toning saturation/balance: (expected loss: NP3 only supports hue)
    roundtrip_test.go:144: Split toning hue: orig shadow=55, highlight=55 (NP3 has limited split toning support)
=== CONT  TestRoundTrip_XMP_NP3_XMP/LIGHTING_-_Auto_Set.xmp#04
=== CONT  TestRoundTrip_XMP_NP3_XMP/LIGHTING_-_As_Shot.xmp#04
=== NAME  TestRoundTrip_XMP_NP3_XMP/FUJ_-_Astia_100F_-_cool.xmp
    roundtrip_test.go:144: Shadows: orig=18 (expected loss: NP3 doesn't support this parameter)
=== CONT  TestRoundTrip_XMP_NP3_XMP/FL_FUJI_400H-Original.xmp
=== NAME  TestRoundTrip_XMP_NP3_XMP/Fuji_Pro_400H_Emulation_3.xmp
    roundtrip_test.go:144: Highlights: orig=-10 (expected loss: NP3 doesn't support this parameter)
    roundtrip_test.go:144: Shadows: orig=10 (expected loss: NP3 doesn't support this parameter)
=== CONT  TestRoundTrip_XMP_NP3_XMP/o_9.xmp#04
=== NAME  TestRoundTrip_XMP_NP3_XMP/Fuji_Pro_400H_Emulation_3.xmp
    roundtrip_test.go:144: Whites: orig=-10 (expected loss: NP3 doesn't support this parameter)
=== CONT  TestRoundTrip_XMP_NP3_XMP/KDK_-_Tri-X_400.xmp#01
=== NAME  TestRoundTrip_XMP_NP3_XMP/FUJ_-_Astia_100F_-_cool.xmp
    roundtrip_test.go:144: Blacks: orig=22 (expected loss: NP3 doesn't support this parameter)
=== CONT  TestRoundTrip_XMP_NP3_XMP/KDK_-_Tri-X_400_-_film.xmp#01
=== NAME  TestRoundTrip_XMP_NP3_XMP/Fuji_Pro_400H_Emulation_3.xmp
    roundtrip_test.go:144: Blacks: orig=25 (expected loss: NP3 doesn't support this parameter)
    roundtrip_test.go:144: Split toning saturation/balance: (expected loss: NP3 only supports hue)
    roundtrip_test.go:144: Split toning hue: orig shadow=55, highlight=55 (NP3 has limited split toning support)
=== CONT  TestRoundTrip_XMP_NP3_XMP/KDK_-_Tri-X_400_-_boost.xmp#01
=== NAME  TestRoundTrip_XMP_NP3_XMP/FL_ILFORDHP5-Original.xmp
    roundtrip_test.go:144: Highlights: orig=-82 (expected loss: NP3 doesn't support this parameter)
    roundtrip_test.go:144: Shadows: orig=47 (expected loss: NP3 doesn't support this parameter)
    roundtrip_test.go:144: Whites: orig=-22 (expected loss: NP3 doesn't support this parameter)
    roundtrip_test.go:144: Blacks: orig=51 (expected loss: NP3 doesn't support this parameter)
=== CONT  TestRoundTrip_XMP_NP3_XMP/KDK_-_Tri-X_400_+.xmp#01
=== CONT  TestRoundTrip_XMP_NP3_XMP/KDK_-_Tri-X_400_++.xmp#01
=== CONT  TestRoundTrip_XMP_NP3_XMP/KDK_-_Tri-X_400_+++.xmp#01
=== CONT  TestRoundTrip_XMP_NP3_XMP/KDK_-_Plus_125.xmp#01
=== CONT  TestRoundTrip_XMP_NP3_XMP/KDK_-_Plus_125_-_film.xmp#01
=== CONT  TestRoundTrip_XMP_NP3_XMP/KDK_-_Plus_125_-_boost.xmp#01
=== CONT  TestRoundTrip_XMP_NP3_XMP/KDK_-_Plus_125_+.xmp#01
=== NAME  TestRoundTrip_XMP_NP3_XMP/KDK_-_Tri-X_400_+.xmp#01
    roundtrip_test.go:144: Highlights: orig=-38 (expected loss: NP3 doesn't support this parameter)
    roundtrip_test.go:144: Shadows: orig=22 (expected loss: NP3 doesn't support this parameter)
    roundtrip_test.go:144: Whites: orig=-8 (expected loss: NP3 doesn't support this parameter)
    roundtrip_test.go:144: Blacks: orig=8 (expected loss: NP3 doesn't support this parameter)
=== NAME  TestRoundTrip_XMP_NP3_XMP/Fuji_Pro_400H_Emulation_4.xmp
    roundtrip_test.go:144: Highlights: orig=-10 (expected loss: NP3 doesn't support this parameter)
    roundtrip_test.go:144: Shadows: orig=10 (expected loss: NP3 doesn't support this parameter)
    roundtrip_test.go:144: Whites: orig=-10 (expected loss: NP3 doesn't support this parameter)
    roundtrip_test.go:144: Blacks: orig=25 (expected loss: NP3 doesn't support this parameter)
    roundtrip_test.go:144: Split toning saturation/balance: (expected loss: NP3 only supports hue)
    roundtrip_test.go:144: Split toning hue: orig shadow=55, highlight=55 (NP3 has limited split toning support)
=== CONT  TestRoundTrip_XMP_NP3_XMP/o_8.xmp#04
=== NAME  TestRoundTrip_XMP_NP3_XMP/KDK_-_Tri-X_400_-_boost.xmp#01
    roundtrip_test.go:144: Highlights: orig=-38 (expected loss: NP3 doesn't support this parameter)
    roundtrip_test.go:144: Shadows: orig=18 (expected loss: NP3 doesn't support this parameter)
    roundtrip_test.go:144: Whites: orig=-6 (expected loss: NP3 doesn't support this parameter)
=== CONT  TestRoundTrip_XMP_NP3_XMP/o_3.xmp#04
=== NAME  TestRoundTrip_XMP_NP3_XMP/KDK_-_Plus_125_-_film.xmp#01
    roundtrip_test.go:144: Highlights: orig=-20 (expected loss: NP3 doesn't support this parameter)
    roundtrip_test.go:144: Shadows: orig=12 (expected loss: NP3 doesn't support this parameter)
    roundtrip_test.go:144: Whites: orig=-22 (expected loss: NP3 doesn't support this parameter)
    roundtrip_test.go:144: Blacks: orig=8 (expected loss: NP3 doesn't support this parameter)
=== CONT  TestRoundTrip_XMP_NP3_XMP/KDK_-_Plus_125_++.xmp#01
=== CONT  TestRoundTrip_XMP_NP3_XMP/FINISH_-_Film.xmp#04
=== CONT  TestRoundTrip_XMP_NP3_XMP/FINISH_-_Retro.xmp#04
=== CONT  TestRoundTrip_XMP_NP3_XMP/FINISH_-_Bright.xmp#04
=== NAME  TestRoundTrip_XMP_NP3_XMP/KDK_-_Tri-X_400_-_film.xmp#01
    roundtrip_test.go:144: Highlights: orig=-38 (expected loss: NP3 doesn't support this parameter)
=== NAME  TestRoundTrip_XMP_NP3_XMP/KDK_-_Tri-X_400_+++.xmp#01
    roundtrip_test.go:144: Highlights: orig=-38 (expected loss: NP3 doesn't support this parameter)
=== NAME  TestRoundTrip_XMP_NP3_XMP/KDK_-_Tri-X_400_-_film.xmp#01
    roundtrip_test.go:144: Shadows: orig=18 (expected loss: NP3 doesn't support this parameter)
=== NAME  TestRoundTrip_XMP_NP3_XMP/KDK_-_Tri-X_400_+++.xmp#01
    roundtrip_test.go:144: Shadows: orig=18 (expected loss: NP3 doesn't support this parameter)
=== NAME  TestRoundTrip_XMP_NP3_XMP/KDK_-_Tri-X_400_-_film.xmp#01
    roundtrip_test.go:144: Whites: orig=-6 (expected loss: NP3 doesn't support this parameter)
=== NAME  TestRoundTrip_XMP_NP3_XMP/KDK_-_Tri-X_400_+++.xmp#01
    roundtrip_test.go:144: Whites: orig=-6 (expected loss: NP3 doesn't support this parameter)
=== CONT  TestRoundTrip_XMP_NP3_XMP/o_2.xmp#04
=== CONT  TestRoundTrip_XMP_NP3_XMP/Kodachrome.xmp
=== NAME  TestRoundTrip_XMP_NP3_XMP/KDK_-_Tri-X_400_++.xmp#01
    roundtrip_test.go:144: Highlights: orig=-28 (expected loss: NP3 doesn't support this parameter)
    roundtrip_test.go:144: Shadows: orig=18 (expected loss: NP3 doesn't support this parameter)
=== NAME  TestRoundTrip_XMP_NP3_XMP/KDK_-_Plus_125_-_boost.xmp#01
    roundtrip_test.go:144: Highlights: orig=-28 (expected loss: NP3 doesn't support this parameter)
=== NAME  TestRoundTrip_XMP_NP3_XMP/Fuji_Pro_400H_Emulation_2.xmp
    roundtrip_test.go:144: Highlights: orig=-10 (expected loss: NP3 doesn't support this parameter)
=== NAME  TestRoundTrip_XMP_NP3_XMP/KDK_-_Tri-X_400.xmp#01
    roundtrip_test.go:144: Highlights: orig=-38 (expected loss: NP3 doesn't support this parameter)
=== NAME  TestRoundTrip_XMP_NP3_XMP/KDK_-_Plus_125.xmp#01
    roundtrip_test.go:144: Highlights: orig=-28 (expected loss: NP3 doesn't support this parameter)
=== NAME  TestRoundTrip_XMP_NP3_XMP/KDK_-_Tri-X_400.xmp#01
    roundtrip_test.go:144: Shadows: orig=18 (expected loss: NP3 doesn't support this parameter)
=== NAME  TestRoundTrip_XMP_NP3_XMP/KDK_-_Plus_125.xmp#01
    roundtrip_test.go:144: Shadows: orig=22 (expected loss: NP3 doesn't support this parameter)
=== NAME  TestRoundTrip_XMP_NP3_XMP/KDK_-_Tri-X_400.xmp#01
    roundtrip_test.go:144: Whites: orig=-6 (expected loss: NP3 doesn't support this parameter)
=== NAME  TestRoundTrip_XMP_NP3_XMP/KDK_-_Plus_125_-_boost.xmp#01
    roundtrip_test.go:144: Shadows: orig=22 (expected loss: NP3 doesn't support this parameter)
    roundtrip_test.go:144: Whites: orig=-21 (expected loss: NP3 doesn't support this parameter)
=== NAME  TestRoundTrip_XMP_NP3_XMP/Fuji_Pro_400H_Emulation_2.xmp
    roundtrip_test.go:144: Shadows: orig=15 (expected loss: NP3 doesn't support this parameter)
=== NAME  TestRoundTrip_XMP_NP3_XMP/KDK_-_Tri-X_400_++.xmp#01
    roundtrip_test.go:144: Whites: orig=-13 (expected loss: NP3 doesn't support this parameter)
=== NAME  TestRoundTrip_XMP_NP3_XMP/Fuji_Pro_400H_Emulation_2.xmp
    roundtrip_test.go:144: Whites: orig=-15 (expected loss: NP3 doesn't support this parameter)
=== CONT  TestRoundTrip_XMP_NP3_XMP/EXPOSURE_+_2.xmp#04
=== NAME  TestRoundTrip_XMP_NP3_XMP/KDK_-_Plus_125.xmp#01
    roundtrip_test.go:144: Whites: orig=-21 (expected loss: NP3 doesn't support this parameter)
    roundtrip_test.go:144: Blacks: orig=23 (expected loss: NP3 doesn't support this parameter)
=== CONT  TestRoundTrip_XMP_NP3_XMP/o_1.xmp#04
=== NAME  TestRoundTrip_XMP_NP3_XMP/KDK_-_Plus_125_+.xmp#01
    roundtrip_test.go:144: Highlights: orig=-18 (expected loss: NP3 doesn't support this parameter)
=== CONT  TestRoundTrip_XMP_NP3_XMP/KDK_-_Plus_125_+++.xmp#01
=== NAME  TestRoundTrip_XMP_NP3_XMP/Fuji_Pro_400H_Emulation_2.xmp
    roundtrip_test.go:144: Blacks: orig=25 (expected loss: NP3 doesn't support this parameter)
=== CONT  TestRoundTrip_XMP_NP3_XMP/FINISH_-_Basic.xmp#04
=== NAME  TestRoundTrip_XMP_NP3_XMP/Fuji_Pro_400H_Emulation_2.xmp
    roundtrip_test.go:144: Split toning saturation/balance: (expected loss: NP3 only supports hue)
=== NAME  TestRoundTrip_XMP_NP3_XMP/KDK_-_Plus_125_-_boost.xmp#01
    roundtrip_test.go:144: Blacks: orig=23 (expected loss: NP3 doesn't support this parameter)
=== NAME  TestRoundTrip_XMP_NP3_XMP/KDK_-_Plus_125_+.xmp#01
    roundtrip_test.go:144: Shadows: orig=13 (expected loss: NP3 doesn't support this parameter)
=== NAME  TestRoundTrip_XMP_NP3_XMP/Fuji_Pro_400H_Emulation_2.xmp
    roundtrip_test.go:144: Split toning hue: orig shadow=55, highlight=55 (NP3 has limited split toning support)
=== CONT  TestRoundTrip_XMP_NP3_XMP/EXPOSURE__0.xmp#04
=== CONT  TestRoundTrip_XMP_NP3_XMP/EXPOSURE_+_1.xmp#04
=== NAME  TestRoundTrip_XMP_NP3_XMP/KDK_-_Plus_125_+.xmp#01
    roundtrip_test.go:144: Whites: orig=-18 (expected loss: NP3 doesn't support this parameter)
    roundtrip_test.go:144: Blacks: orig=18 (expected loss: NP3 doesn't support this parameter)
=== CONT  TestRoundTrip_XMP_NP3_XMP/EXPOSURE__-_1.xmp#04
=== CONT  TestRoundTrip_XMP_NP3_XMP/DETAIL_-_Mid.xmp#04
=== CONT  TestRoundTrip_XMP_NP3_XMP/DETAIL_-_Low.xmp#04
=== NAME  TestRoundTrip_XMP_NP3_XMP/KDK_-_Plus_125_++.xmp#01
    roundtrip_test.go:144: Highlights: orig=-18 (expected loss: NP3 doesn't support this parameter)
    roundtrip_test.go:144: Shadows: orig=12 (expected loss: NP3 doesn't support this parameter)
    roundtrip_test.go:144: Whites: orig=-22 (expected loss: NP3 doesn't support this parameter)
=== CONT  TestRoundTrip_XMP_NP3_XMP/DETAIL_-_High.xmp#04
=== CONT  TestRoundTrip_XMP_NP3_XMP/EXPOSURE__-_2.xmp#04
=== CONT  TestRoundTrip_XMP_NP3_XMP/sample.xmp
=== CONT  TestRoundTrip_XMP_NP3_XMP/CONTRAST_-_Mid.xmp#04
=== NAME  TestRoundTrip_XMP_NP3_XMP/KDK_-_Plus_125_+++.xmp#01
    roundtrip_test.go:144: Highlights: orig=-18 (expected loss: NP3 doesn't support this parameter)
    roundtrip_test.go:144: Shadows: orig=12 (expected loss: NP3 doesn't support this parameter)
    roundtrip_test.go:144: Whites: orig=-22 (expected loss: NP3 doesn't support this parameter)
    roundtrip_test.go:144: Blacks: orig=8 (expected loss: NP3 doesn't support this parameter)
=== CONT  TestRoundTrip_XMP_NP3_XMP/o_3.xmp#03
=== CONT  TestRoundTrip_XMP_NP3_XMP/CONTRAST_-_Low.xmp#04
=== CONT  TestRoundTrip_XMP_NP3_XMP/portrait.xmp
=== NAME  TestRoundTrip_XMP_NP3_XMP/Kodachrome.xmp
    roundtrip_test.go:144: Highlights: orig=-20 (expected loss: NP3 doesn't support this parameter)
    roundtrip_test.go:144: Shadows: orig=30 (expected loss: NP3 doesn't support this parameter)
=== CONT  TestRoundTrip_XMP_NP3_XMP/o_2.xmp#03
=== NAME  TestRoundTrip_XMP_NP3_XMP/Kodachrome.xmp
    roundtrip_test.go:144: Split toning saturation/balance: (expected loss: NP3 only supports hue)
=== CONT  TestRoundTrip_XMP_NP3_XMP/COLOR_-_Spearmint.xmp#04
=== NAME  TestRoundTrip_XMP_NP3_XMP/Kodachrome.xmp
    roundtrip_test.go:144: Split toning hue: orig shadow=215, highlight=51 (NP3 has limited split toning support)
=== CONT  TestRoundTrip_XMP_NP3_XMP/COLOR_-_Sea_Breeze.xmp#04
=== NAME  TestRoundTrip_XMP_NP3_XMP/sample.xmp
    roundtrip_test.go:144: Exposure mismatch: orig=1.50, final=0.00 (diff=1.50)
    roundtrip_test.go:144: Vibrance reset to 0: orig=15 (may be due to Picture Control base mapping)
    roundtrip_test.go:493: Tint mismatch: orig=5, final=0 (diff=5, tolerance=1)
    roundtrip_test.go:144: Highlights: orig=-30 (expected loss: NP3 doesn't support this parameter)
=== CONT  TestRoundTrip_XMP_NP3_XMP/COLOR_-_Warm_Light.xmp#04
=== NAME  TestRoundTrip_XMP_NP3_XMP/sample.xmp
    roundtrip_test.go:144: Shadows: orig=40 (expected loss: NP3 doesn't support this parameter)
    roundtrip_test.go:144: Whites: orig=10 (expected loss: NP3 doesn't support this parameter)
    roundtrip_test.go:144: Blacks: orig=-15 (expected loss: NP3 doesn't support this parameter)
    roundtrip_test.go:144: Split toning saturation/balance: (expected loss: NP3 only supports hue)
    roundtrip_test.go:493: Temperature mismatch: orig=5500, final=0 (diff=5500, tolerance=1)
=== CONT  TestRoundTrip_XMP_NP3_XMP/COLOR_-_Pastel_Rouge.xmp#04
=== NAME  TestRoundTrip_XMP_NP3_XMP/sample.xmp
    roundtrip_test.go:144: Split toning hue: orig shadow=240, highlight=50 (NP3 has limited split toning support)
=== CONT  TestRoundTrip_XMP_NP3_XMP/POL_-_Cinematic.xmp#02
=== CONT  TestRoundTrip_XMP_NP3_XMP/COLOR_-_Neutral.xmp#04
=== NAME  TestRoundTrip_XMP_NP3_XMP/KDK_-_Plus_125_++.xmp#01
    roundtrip_test.go:144: Blacks: orig=8 (expected loss: NP3 doesn't support this parameter)
=== CONT  TestRoundTrip_XMP_NP3_XMP/KDK_-_Tri-X_400.xmp#02
=== CONT  TestRoundTrip_XMP_NP3_XMP/CONTRAST_-_High.xmp#04
=== CONT  TestRoundTrip_XMP_NP3_XMP/COLOR_-_Morning.xmp#04
=== CONT  TestRoundTrip_XMP_NP3_XMP/KDK_-_Portra.xmp#02
=== CONT  TestRoundTrip_XMP_NP3_XMP/COLOR_-_Lavender.xmp#04
=== NAME  TestRoundTrip_XMP_NP3_XMP/COLOR_-_Spearmint.xmp#04
    roundtrip_test.go:144: Split toning saturation/balance: (expected loss: NP3 only supports hue)
    roundtrip_test.go:144: Split toning hue: orig shadow=179, highlight=111 (NP3 has limited split toning support)
=== CONT  TestRoundTrip_XMP_NP3_XMP/KDK_-_Portra_800.xmp#02
=== NAME  TestRoundTrip_XMP_NP3_XMP/COLOR_-_Sea_Breeze.xmp#04
    roundtrip_test.go:144: Split toning saturation/balance: (expected loss: NP3 only supports hue)
    roundtrip_test.go:144: Split toning hue: orig shadow=223, highlight=228 (NP3 has limited split toning support)
=== CONT  TestRoundTrip_XMP_NP3_XMP/o_9.xmp#03
=== NAME  TestRoundTrip_XMP_NP3_XMP/COLOR_-_Warm_Light.xmp#04
    roundtrip_test.go:144: Split toning saturation/balance: (expected loss: NP3 only supports hue)
=== CONT  TestRoundTrip_XMP_NP3_XMP/KDK_-_Portra_400.xmp#02
=== NAME  TestRoundTrip_XMP_NP3_XMP/COLOR_-_Warm_Light.xmp#04
    roundtrip_test.go:144: Split toning hue: orig shadow=60, highlight=56 (NP3 has limited split toning support)
=== CONT  TestRoundTrip_XMP_NP3_XMP/KDK_-_Portra_160.xmp#02
=== CONT  TestRoundTrip_XMP_NP3_XMP/POL_-_Color_600.xmp#02
=== CONT  TestRoundTrip_XMP_NP3_XMP/KDK_-_Plus_125.xmp#02
=== NAME  TestRoundTrip_XMP_NP3_XMP/COLOR_-_Pastel_Rouge.xmp#04
    roundtrip_test.go:144: Split toning saturation/balance: (expected loss: NP3 only supports hue)
    roundtrip_test.go:144: Split toning hue: orig shadow=242, highlight=10 (NP3 has limited split toning support)
=== CONT  TestRoundTrip_XMP_NP3_XMP/o_7.xmp#03
=== CONT  TestRoundTrip_XMP_NP3_XMP/o_8.xmp#03
=== NAME  TestRoundTrip_XMP_NP3_XMP/COLOR_-_Morning.xmp#04
    roundtrip_test.go:144: Split toning saturation/balance: (expected loss: NP3 only supports hue)
    roundtrip_test.go:144: Split toning hue: orig shadow=226, highlight=44 (NP3 has limited split toning support)
=== NAME  TestRoundTrip_XMP_NP3_XMP/COLOR_-_Lavender.xmp#04
    roundtrip_test.go:144: Split toning saturation/balance: (expected loss: NP3 only supports hue)
    roundtrip_test.go:144: Split toning hue: orig shadow=223, highlight=51 (NP3 has limited split toning support)
=== CONT  TestRoundTrip_XMP_NP3_XMP/o_6.xmp#03
=== CONT  TestRoundTrip_XMP_NP3_XMP/KDK_-_Gold_200.xmp#02
=== CONT  TestRoundTrip_XMP_NP3_XMP/KDK_-_Elite_100.xmp#02
=== CONT  TestRoundTrip_XMP_NP3_XMP/o_5.xmp#03
=== CONT  TestRoundTrip_XMP_NP3_XMP/o_4.xmp#03
=== CONT  TestRoundTrip_XMP_NP3_XMP/KDK_-_Ektar_100.xmp#02
=== NAME  TestRoundTrip_XMP_NP3_XMP/COLOR_-_Neutral.xmp#04
    roundtrip_test.go:144: Split toning saturation/balance: (expected loss: NP3 only supports hue)
    roundtrip_test.go:144: Split toning hue: orig shadow=242, highlight=45 (NP3 has limited split toning support)
=== CONT  TestRoundTrip_XMP_NP3_XMP/KDK_-_Echrome_64.xmp#02
=== CONT  TestRoundTrip_XMP_NP3_XMP/FUJ_-_XPro.xmp#02
=== CONT  TestRoundTrip_XMP_NP3_XMP/FUJ_-_Velvia_100.xmp#02
=== NAME  TestRoundTrip_XMP_NP3_XMP/FL_FUJI_160NS-F.xmp
    roundtrip_test.go:144: Shadows: orig=10 (expected loss: NP3 doesn't support this parameter)
    roundtrip_test.go:144: Blacks: orig=15 (expected loss: NP3 doesn't support this parameter)
=== CONT  TestRoundTrip_XMP_NP3_XMP/FINISH_-_Strong.xmp#03
=== NAME  TestRoundTrip_XMP_NP3_XMP/FL_FUJI_400H-Original.xmp
    roundtrip_test.go:144: Exposure mismatch: orig=0.99, final=0.98 (diff=0.01)
    roundtrip_test.go:144: Highlights: orig=-65 (expected loss: NP3 doesn't support this parameter)
    roundtrip_test.go:144: Shadows: orig=43 (expected loss: NP3 doesn't support this parameter)
    roundtrip_test.go:144: Whites: orig=9 (expected loss: NP3 doesn't support this parameter)
    roundtrip_test.go:144: Blacks: orig=-30 (expected loss: NP3 doesn't support this parameter)
=== CONT  TestRoundTrip_XMP_NP3_XMP/FUJ_-_Superia_800.xmp#02
=== NAME  TestRoundTrip_XMP_NP3_XMP/FL_FUJI_160NS-N.xmp
    roundtrip_test.go:144: Highlights: orig=-20 (expected loss: NP3 doesn't support this parameter)
=== CONT  TestRoundTrip_XMP_NP3_XMP/FINISH_-_Retro.xmp#03
=== CONT  TestRoundTrip_XMP_NP3_XMP/FUJ_-_Superia_400.xmp#02
=== CONT  TestRoundTrip_XMP_NP3_XMP/o_7.xmp#02
=== CONT  TestRoundTrip_XMP_NP3_XMP/o_6.xmp#02
=== CONT  TestRoundTrip_XMP_NP3_XMP/o_5.xmp#02
=== CONT  TestRoundTrip_XMP_NP3_XMP/o_4.xmp#02
=== CONT  TestRoundTrip_XMP_NP3_XMP/o_3.xmp#02
=== CONT  TestRoundTrip_XMP_NP3_XMP/o_2.xmp#02
=== CONT  TestRoundTrip_XMP_NP3_XMP/o_1.xmp#02
=== NAME  TestRoundTrip_XMP_NP3_XMP/FL_FUJI_PRO_800Z-N.xmp
    roundtrip_test.go:144: Shadows: orig=12 (expected loss: NP3 doesn't support this parameter)
    roundtrip_test.go:144: Blacks: orig=16 (expected loss: NP3 doesn't support this parameter)
=== CONT  TestRoundTrip_XMP_NP3_XMP/o_8.xmp#02
=== CONT  TestRoundTrip_XMP_NP3_XMP/o.xmp#02
=== CONT  TestRoundTrip_XMP_NP3_XMP/o_.xmp#01
=== CONT  TestRoundTrip_XMP_NP3_XMP/auto_wb.xmp
=== CONT  TestRoundTrip_XMP_NP3_XMP/auto_tone_.xmp
=== CONT  TestRoundTrip_XMP_NP3_XMP/VIBRANCE_-__High.xmp#02
=== CONT  TestRoundTrip_XMP_NP3_XMP/VIBRANCE__-_Mid.xmp#02
=== CONT  TestRoundTrip_XMP_NP3_XMP/VIBRANCE__-_Low.xmp#02
=== CONT  TestRoundTrip_XMP_NP3_XMP/SHARPEN_-_Mid.xmp#02
=== NAME  TestRoundTrip_XMP_NP3_XMP/FL_FUJI_160NS-Original.xmp
    roundtrip_test.go:144: Shadows: orig=10 (expected loss: NP3 doesn't support this parameter)
    roundtrip_test.go:144: Blacks: orig=8 (expected loss: NP3 doesn't support this parameter)
=== CONT  TestRoundTrip_XMP_NP3_XMP/FINISH_-_Film.xmp#03
=== CONT  TestRoundTrip_XMP_NP3_XMP/FINISH_-_Bright.xmp#03
=== CONT  TestRoundTrip_XMP_NP3_XMP/FINISH_-_Basic.xmp#03
=== CONT  TestRoundTrip_XMP_NP3_XMP/EXPOSURE_+_2.xmp#03
=== CONT  TestRoundTrip_XMP_NP3_XMP/SHARPEN_-_Low.xmp#02
=== CONT  TestRoundTrip_XMP_NP3_XMP/EXPOSURE_+_1.xmp#03
=== CONT  TestRoundTrip_XMP_NP3_XMP/EXPOSURE__0.xmp#03
=== CONT  TestRoundTrip_XMP_NP3_XMP/SHARPEN_-_High.xmp#02
=== NAME  TestRoundTrip_XMP_NP3_XMP/VIBRANCE__-_Low.xmp#02
    roundtrip_test.go:144: Vibrance reset to 0: orig=-10 (may be due to Picture Control base mapping)
=== CONT  TestRoundTrip_XMP_NP3_XMP/EXPOSURE__-_2.xmp#03
=== CONT  TestRoundTrip_XMP_NP3_XMP/EXPOSURE__-_1.xmp#03
=== CONT  TestRoundTrip_XMP_NP3_XMP/DETAIL_-_Mid.xmp#03
=== NAME  TestRoundTrip_XMP_NP3_XMP/VIBRANCE_-__High.xmp#02
    roundtrip_test.go:144: Vibrance reset to 0: orig=25 (may be due to Picture Control base mapping)
=== CONT  TestRoundTrip_XMP_NP3_XMP/DETAIL_-_Low.xmp#03
=== CONT  TestRoundTrip_XMP_NP3_XMP/DETAIL_-_High.xmp#03
=== CONT  TestRoundTrip_XMP_NP3_XMP/CONTRAST_-_Mid.xmp#03
=== CONT  TestRoundTrip_XMP_NP3_XMP/CONTRAST_-_Low.xmp#03
=== CONT  TestRoundTrip_XMP_NP3_XMP/LIGHTING_-_Daylight.xmp#02
=== CONT  TestRoundTrip_XMP_NP3_XMP/CONTRAST_-_High.xmp#03
=== CONT  TestRoundTrip_XMP_NP3_XMP/Lens_on.xmp#02
=== CONT  TestRoundTrip_XMP_NP3_XMP/LIGHTING_-_Cloudy.xmp#02
=== CONT  TestRoundTrip_XMP_NP3_XMP/Lens_off.xmp#02
=== CONT  TestRoundTrip_XMP_NP3_XMP/LIGHTING_-_Tungsten.xmp#02
=== CONT  TestRoundTrip_XMP_NP3_XMP/LIGHTING_-_As_Shot.xmp#02
=== CONT  TestRoundTrip_XMP_NP3_XMP/COLOR_-_Spearmint.xmp#02
=== CONT  TestRoundTrip_XMP_NP3_XMP/COLOR_-_Warm_Light.xmp#03
=== CONT  TestRoundTrip_XMP_NP3_XMP/COLOR_-_Spearmint.xmp#03
=== CONT  TestRoundTrip_XMP_NP3_XMP/COLOR_-_Sea_Breeze.xmp#03
=== CONT  TestRoundTrip_XMP_NP3_XMP/COLOR_-_Pastel_Rouge.xmp#03
=== CONT  TestRoundTrip_XMP_NP3_XMP/COLOR_-_Neutral.xmp#03
=== CONT  TestRoundTrip_XMP_NP3_XMP/o_1.xmp#03
=== CONT  TestRoundTrip_XMP_NP3_XMP/COLOR_-_Morning.xmp#03
=== CONT  TestRoundTrip_XMP_NP3_XMP/o.xmp#03
=== CONT  TestRoundTrip_XMP_NP3_XMP/o_.xmp#02
=== CONT  TestRoundTrip_XMP_NP3_XMP/FUJ_-_Provia_100F.xmp#02
=== CONT  TestRoundTrip_XMP_NP3_XMP/FUJ_-_PRO_160.xmp#02
=== CONT  TestRoundTrip_XMP_NP3_XMP/FUJ_-_Neopan.xmp#01
=== NAME  TestRoundTrip_XMP_NP3_XMP/COLOR_-_Spearmint.xmp#03
    roundtrip_test.go:144: Split toning saturation/balance: (expected loss: NP3 only supports hue)
    roundtrip_test.go:144: Split toning hue: orig shadow=179, highlight=111 (NP3 has limited split toning support)
=== CONT  TestRoundTrip_XMP_NP3_XMP/COLOR_-_Lavender.xmp#03
=== NAME  TestRoundTrip_XMP_NP3_XMP/COLOR_-_Warm_Light.xmp#03
    roundtrip_test.go:144: Split toning saturation/balance: (expected loss: NP3 only supports hue)
=== NAME  TestRoundTrip_XMP_NP3_XMP/COLOR_-_Spearmint.xmp#02
    roundtrip_test.go:144: Split toning saturation/balance: (expected loss: NP3 only supports hue)
=== NAME  TestRoundTrip_XMP_NP3_XMP/COLOR_-_Warm_Light.xmp#03
    roundtrip_test.go:144: Split toning hue: orig shadow=60, highlight=56 (NP3 has limited split toning support)
=== CONT  TestRoundTrip_XMP_NP3_XMP/FUJ_-_Negative_1.xmp#01
=== NAME  TestRoundTrip_XMP_NP3_XMP/COLOR_-_Spearmint.xmp#02
    roundtrip_test.go:144: Split toning hue: orig shadow=179, highlight=111 (NP3 has limited split toning support)
=== CONT  TestRoundTrip_XMP_NP3_XMP/o_9.xmp#02
=== CONT  TestRoundTrip_XMP_NP3_XMP/FUJ_-_Fortia_50.xmp#02
=== NAME  TestRoundTrip_XMP_NP3_XMP/COLOR_-_Morning.xmp#03
    roundtrip_test.go:144: Split toning saturation/balance: (expected loss: NP3 only supports hue)
    roundtrip_test.go:144: Split toning hue: orig shadow=226, highlight=44 (NP3 has limited split toning support)
=== CONT  TestRoundTrip_XMP_NP3_XMP/FUJ_-_Color_100.xmp#02
=== CONT  TestRoundTrip_XMP_NP3_XMP/LIGHTING_-_Shade.xmp#02
=== CONT  TestRoundTrip_XMP_NP3_XMP/FUJ_-_Sensia_100.xmp#02
=== NAME  TestRoundTrip_XMP_NP3_XMP/COLOR_-_Lavender.xmp#03
    roundtrip_test.go:144: Split toning saturation/balance: (expected loss: NP3 only supports hue)
=== NAME  TestRoundTrip_XMP_NP3_XMP/COLOR_-_Pastel_Rouge.xmp#03
    roundtrip_test.go:144: Split toning saturation/balance: (expected loss: NP3 only supports hue)
=== CONT  TestRoundTrip_XMP_NP3_XMP/KDK_-_Portra_400_+++.xmp#01
=== NAME  TestRoundTrip_XMP_NP3_XMP/COLOR_-_Pastel_Rouge.xmp#03
    roundtrip_test.go:144: Split toning hue: orig shadow=242, highlight=10 (NP3 has limited split toning support)
=== CONT  TestRoundTrip_XMP_NP3_XMP/FUJ_-_Astia_100F.xmp#02
=== NAME  TestRoundTrip_XMP_NP3_XMP/COLOR_-_Neutral.xmp#03
    roundtrip_test.go:144: Split toning saturation/balance: (expected loss: NP3 only supports hue)
    roundtrip_test.go:144: Split toning hue: orig shadow=242, highlight=45 (NP3 has limited split toning support)
=== CONT  TestRoundTrip_XMP_NP3_XMP/LIGHTING_-_Fluorescent.xmp#02
=== CONT  TestRoundTrip_XMP_NP3_XMP/auto_wb___.xmp#01
=== CONT  TestRoundTrip_XMP_NP3_XMP/FUJ_-_Neopan_100.xmp
=== CONT  TestRoundTrip_XMP_NP3_XMP/FUJ_-_Negative.xmp#03
=== CONT  TestRoundTrip_XMP_NP3_XMP/LIGHTING_-_Auto_Set.xmp#02
=== NAME  TestRoundTrip_XMP_NP3_XMP/COLOR_-_Sea_Breeze.xmp#03
    roundtrip_test.go:144: Split toning saturation/balance: (expected loss: NP3 only supports hue)
=== NAME  TestRoundTrip_XMP_NP3_XMP/COLOR_-_Lavender.xmp#03
    roundtrip_test.go:144: Split toning hue: orig shadow=223, highlight=51 (NP3 has limited split toning support)
=== NAME  TestRoundTrip_XMP_NP3_XMP/FL_FUJI_PRO_800Z-F.xmp
    roundtrip_test.go:144: Shadows: orig=8 (expected loss: NP3 doesn't support this parameter)
    roundtrip_test.go:144: Blacks: orig=10 (expected loss: NP3 doesn't support this parameter)
=== CONT  TestRoundTrip_XMP_NP3_XMP/FUJ_-_Neopan_100_-_film.xmp
=== CONT  TestRoundTrip_XMP_NP3_XMP/Nikon_Z_f_Camera_Toy.xmp
=== NAME  TestRoundTrip_XMP_NP3_XMP/COLOR_-_Sea_Breeze.xmp#03
    roundtrip_test.go:144: Split toning hue: orig shadow=223, highlight=228 (NP3 has limited split toning support)
=== CONT  TestRoundTrip_XMP_NP3_XMP/auto_tone___.xmp#01
=== CONT  TestRoundTrip_XMP_NP3_XMP/FUJ_-_Neopan_100_-_boost.xmp
=== CONT  TestRoundTrip_XMP_NP3_XMP/VIBRANCE_-__High.xmp#03
=== CONT  TestRoundTrip_XMP_NP3_XMP/FUJ_-_Neopan_100_+.xmp
=== NAME  TestRoundTrip_XMP_NP3_XMP/FUJ_-_Neopan_100_-_film.xmp
    roundtrip_test.go:144: Highlights: orig=-28 (expected loss: NP3 doesn't support this parameter)
    roundtrip_test.go:144: Shadows: orig=28 (expected loss: NP3 doesn't support this parameter)
    roundtrip_test.go:144: Whites: orig=-8 (expected loss: NP3 doesn't support this parameter)
=== NAME  TestRoundTrip_XMP_NP3_XMP/KDK_-_Portra_400_+++.xmp#01
    roundtrip_test.go:144: Highlights: orig=-20 (expected loss: NP3 doesn't support this parameter)
=== CONT  TestRoundTrip_XMP_NP3_XMP/FUJ_-_Neopan_100_++.xmp
=== NAME  TestRoundTrip_XMP_NP3_XMP/FUJ_-_Neopan_100_-_film.xmp
    roundtrip_test.go:144: Blacks: orig=28 (expected loss: NP3 doesn't support this parameter)
=== CONT  TestRoundTrip_XMP_NP3_XMP/FUJ_-_Negative.xmp#02
=== NAME  TestRoundTrip_XMP_NP3_XMP/FUJ_-_Neopan_100_-_boost.xmp
    roundtrip_test.go:144: Highlights: orig=-25 (expected loss: NP3 doesn't support this parameter)
    roundtrip_test.go:144: Shadows: orig=25 (expected loss: NP3 doesn't support this parameter)
    roundtrip_test.go:144: Whites: orig=-5 (expected loss: NP3 doesn't support this parameter)
    roundtrip_test.go:144: Blacks: orig=30 (expected loss: NP3 doesn't support this parameter)
=== CONT  TestRoundTrip_XMP_NP3_XMP/FUJ_-_Negative_-_film.xmp#02
=== NAME  TestRoundTrip_XMP_NP3_XMP/VIBRANCE_-__High.xmp#03
    roundtrip_test.go:144: Vibrance reset to 0: orig=25 (may be due to Picture Control base mapping)
=== NAME  TestRoundTrip_XMP_NP3_XMP/FUJ_-_Neopan_100.xmp
    roundtrip_test.go:144: Highlights: orig=-33 (expected loss: NP3 doesn't support this parameter)
=== CONT  TestRoundTrip_XMP_NP3_XMP/Nikon_Z_f_Camera_Sunday.xmp
=== NAME  TestRoundTrip_XMP_NP3_XMP/FUJ_-_Neopan_100.xmp
    roundtrip_test.go:144: Shadows: orig=32 (expected loss: NP3 doesn't support this parameter)
    roundtrip_test.go:144: Whites: orig=-5 (expected loss: NP3 doesn't support this parameter)
    roundtrip_test.go:144: Blacks: orig=34 (expected loss: NP3 doesn't support this parameter)
=== CONT  TestRoundTrip_XMP_NP3_XMP/FUJ_-_Negative_-_boost.xmp#02
=== NAME  TestRoundTrip_XMP_NP3_XMP/FUJ_-_Neopan_100_+.xmp
    roundtrip_test.go:144: Highlights: orig=-25 (expected loss: NP3 doesn't support this parameter)
    roundtrip_test.go:144: Shadows: orig=25 (expected loss: NP3 doesn't support this parameter)
    roundtrip_test.go:144: Whites: orig=-5 (expected loss: NP3 doesn't support this parameter)
    roundtrip_test.go:144: Blacks: orig=28 (expected loss: NP3 doesn't support this parameter)
=== CONT  TestRoundTrip_XMP_NP3_XMP/VIBRANCE__-_Low.xmp#03
=== NAME  TestRoundTrip_XMP_NP3_XMP/FUJ_-_Neopan_100_++.xmp
    roundtrip_test.go:144: Highlights: orig=-28 (expected loss: NP3 doesn't support this parameter)
    roundtrip_test.go:144: Shadows: orig=28 (expected loss: NP3 doesn't support this parameter)
    roundtrip_test.go:144: Whites: orig=-8 (expected loss: NP3 doesn't support this parameter)
    roundtrip_test.go:144: Blacks: orig=28 (expected loss: NP3 doesn't support this parameter)
=== CONT  TestRoundTrip_XMP_NP3_XMP/KDK_-_Portra_800.xmp#01
=== CONT  TestRoundTrip_XMP_NP3_XMP/SHARPEN_-_Mid.xmp#03
=== NAME  TestRoundTrip_XMP_NP3_XMP/FUJ_-_Negative.xmp#02
    roundtrip_test.go:144: Highlights: orig=-10 (expected loss: NP3 doesn't support this parameter)
    roundtrip_test.go:144: Shadows: orig=10 (expected loss: NP3 doesn't support this parameter)
    roundtrip_test.go:144: Whites: orig=-10 (expected loss: NP3 doesn't support this parameter)
    roundtrip_test.go:144: Blacks: orig=-20 (expected loss: NP3 doesn't support this parameter)
=== CONT  TestRoundTrip_XMP_NP3_XMP/KDK_-_Portra_800_-_warm.xmp#01
=== NAME  TestRoundTrip_XMP_NP3_XMP/VIBRANCE__-_Low.xmp#03
    roundtrip_test.go:144: Vibrance reset to 0: orig=-10 (may be due to Picture Control base mapping)
=== CONT  TestRoundTrip_XMP_NP3_XMP/FUJ_-_Neopan_100_+++.xmp
=== CONT  TestRoundTrip_XMP_NP3_XMP/POL_-_Color_600_-_boost.xmp#01
=== CONT  TestRoundTrip_XMP_NP3_XMP/SHARPEN_-_Low.xmp#03
=== NAME  TestRoundTrip_XMP_NP3_XMP/KDK_-_Portra_400_+++.xmp#01
    roundtrip_test.go:144: Shadows: orig=20 (expected loss: NP3 doesn't support this parameter)
    roundtrip_test.go:144: Whites: orig=-10 (expected loss: NP3 doesn't support this parameter)
=== CONT  TestRoundTrip_XMP_NP3_XMP/FUJ_-_Negative_+.xmp#02
=== NAME  TestRoundTrip_XMP_NP3_XMP/KDK_-_Portra_400_+++.xmp#01
    roundtrip_test.go:144: Blacks: orig=20 (expected loss: NP3 doesn't support this parameter)
=== NAME  TestRoundTrip_XMP_NP3_XMP/FUJ_-_Negative_-_film.xmp#02
    roundtrip_test.go:144: Highlights: orig=-10 (expected loss: NP3 doesn't support this parameter)
    roundtrip_test.go:144: Shadows: orig=10 (expected loss: NP3 doesn't support this parameter)
    roundtrip_test.go:144: Blacks: orig=-20 (expected loss: NP3 doesn't support this parameter)
=== CONT  TestRoundTrip_XMP_NP3_XMP/KDK_-_Portra_800_-_film.xmp#01
=== CONT  TestRoundTrip_XMP_NP3_XMP/POL_-_Color_Instant_-_warm.xmp#01
=== CONT  TestRoundTrip_XMP_NP3_XMP/KDK_-_Portra.xmp#01
=== CONT  TestRoundTrip_XMP_NP3_XMP/SHARPEN_-_High.xmp#03
=== NAME  TestRoundTrip_XMP_NP3_XMP/FUJ_-_Negative_-_boost.xmp#02
    roundtrip_test.go:144: Highlights: orig=-10 (expected loss: NP3 doesn't support this parameter)
=== CONT  TestRoundTrip_XMP_NP3_XMP/VIBRANCE__-_Mid.xmp#03
=== NAME  TestRoundTrip_XMP_NP3_XMP/FUJ_-_Negative_-_boost.xmp#02
    roundtrip_test.go:144: Shadows: orig=10 (expected loss: NP3 doesn't support this parameter)
    roundtrip_test.go:144: Whites: orig=-10 (expected loss: NP3 doesn't support this parameter)
=== CONT  TestRoundTrip_XMP_NP3_XMP/POL_-_Color_Instant.xmp#01
=== NAME  TestRoundTrip_XMP_NP3_XMP/FUJ_-_Negative_-_boost.xmp#02
    roundtrip_test.go:144: Blacks: orig=-20 (expected loss: NP3 doesn't support this parameter)
=== CONT  TestRoundTrip_XMP_NP3_XMP/KDK_-_Portra_800_-_cool.xmp#01
=== NAME  TestRoundTrip_XMP_NP3_XMP/POL_-_Color_600_-_boost.xmp#01
    roundtrip_test.go:144: Highlights: orig=-18 (expected loss: NP3 doesn't support this parameter)
    roundtrip_test.go:144: Shadows: orig=31 (expected loss: NP3 doesn't support this parameter)
    roundtrip_test.go:144: Whites: orig=-24 (expected loss: NP3 doesn't support this parameter)
    roundtrip_test.go:144: Blacks: orig=28 (expected loss: NP3 doesn't support this parameter)
=== CONT  TestRoundTrip_XMP_NP3_XMP/POL_-_Color_Instant_-_film.xmp#01
=== NAME  TestRoundTrip_XMP_NP3_XMP/KDK_-_Portra_800.xmp#01
    roundtrip_test.go:144: Highlights: orig=-12 (expected loss: NP3 doesn't support this parameter)
    roundtrip_test.go:144: Shadows: orig=12 (expected loss: NP3 doesn't support this parameter)
    roundtrip_test.go:144: Whites: orig=-12 (expected loss: NP3 doesn't support this parameter)
    roundtrip_test.go:144: Blacks: orig=22 (expected loss: NP3 doesn't support this parameter)
    roundtrip_test.go:144: Split toning saturation/balance: (expected loss: NP3 only supports hue)
    roundtrip_test.go:144: Split toning hue: orig shadow=0, highlight=160 (NP3 has limited split toning support)
=== CONT  TestRoundTrip_XMP_NP3_XMP/POL_-_Color_Instant_-_cool.xmp#01
=== CONT  TestRoundTrip_XMP_NP3_XMP/POL_-_Color_Instant_-_boost.xmp#01
=== CONT  TestRoundTrip_XMP_NP3_XMP/POL_-_Color_Instant_+.xmp#01
=== CONT  TestRoundTrip_XMP_NP3_XMP/o.xmp#04
=== CONT  TestRoundTrip_XMP_NP3_XMP/POL_-_Color_Instant_++.xmp#01
=== NAME  TestRoundTrip_XMP_NP3_XMP/POL_-_Color_Instant_-_warm.xmp#01
    roundtrip_test.go:144: Highlights: orig=-10 (expected loss: NP3 doesn't support this parameter)
    roundtrip_test.go:144: Shadows: orig=15 (expected loss: NP3 doesn't support this parameter)
    roundtrip_test.go:144: Whites: orig=-10 (expected loss: NP3 doesn't support this parameter)
    roundtrip_test.go:144: Blacks: orig=5 (expected loss: NP3 doesn't support this parameter)
=== CONT  TestRoundTrip_XMP_NP3_XMP/o_.xmp#03
=== NAME  TestRoundTrip_XMP_NP3_XMP/KDK_-_Portra.xmp#01
    roundtrip_test.go:144: Highlights: orig=-10 (expected loss: NP3 doesn't support this parameter)
    roundtrip_test.go:144: Shadows: orig=25 (expected loss: NP3 doesn't support this parameter)
    roundtrip_test.go:144: Whites: orig=-10 (expected loss: NP3 doesn't support this parameter)
    roundtrip_test.go:144: Blacks: orig=25 (expected loss: NP3 doesn't support this parameter)
=== CONT  TestRoundTrip_XMP_NP3_XMP/KDK_-_Portra_800_-_boost.xmp#01
=== NAME  TestRoundTrip_XMP_NP3_XMP/KDK_-_Portra_800_-_cool.xmp#01
    roundtrip_test.go:144: Highlights: orig=-12 (expected loss: NP3 doesn't support this parameter)
    roundtrip_test.go:144: Shadows: orig=12 (expected loss: NP3 doesn't support this parameter)
    roundtrip_test.go:144: Whites: orig=-12 (expected loss: NP3 doesn't support this parameter)
    roundtrip_test.go:144: Blacks: orig=22 (expected loss: NP3 doesn't support this parameter)
    roundtrip_test.go:144: Split toning saturation/balance: (expected loss: NP3 only supports hue)
    roundtrip_test.go:144: Split toning hue: orig shadow=0, highlight=160 (NP3 has limited split toning support)
=== CONT  TestRoundTrip_XMP_NP3_XMP/KDK_-_Echrome_64_-_boost.xmp#01
=== NAME  TestRoundTrip_XMP_NP3_XMP/POL_-_Color_Instant_-_film.xmp#01
    roundtrip_test.go:144: Highlights: orig=-10 (expected loss: NP3 doesn't support this parameter)
    roundtrip_test.go:144: Shadows: orig=10 (expected loss: NP3 doesn't support this parameter)
    roundtrip_test.go:144: Whites: orig=-10 (expected loss: NP3 doesn't support this parameter)
    roundtrip_test.go:144: Blacks: orig=5 (expected loss: NP3 doesn't support this parameter)
=== CONT  TestRoundTrip_XMP_NP3_XMP/KDK_-_Elite_100_-_cool.xmp#01
=== NAME  TestRoundTrip_XMP_NP3_XMP/POL_-_Color_Instant.xmp#01
    roundtrip_test.go:144: Highlights: orig=-10 (expected loss: NP3 doesn't support this parameter)
    roundtrip_test.go:144: Shadows: orig=10 (expected loss: NP3 doesn't support this parameter)
    roundtrip_test.go:144: Whites: orig=-10 (expected loss: NP3 doesn't support this parameter)
    roundtrip_test.go:144: Blacks: orig=5 (expected loss: NP3 doesn't support this parameter)
=== CONT  TestRoundTrip_XMP_NP3_XMP/KDK_-_Elite_100_-_boost.xmp#01
=== NAME  TestRoundTrip_XMP_NP3_XMP/POL_-_Color_Instant_-_cool.xmp#01
    roundtrip_test.go:144: Highlights: orig=-10 (expected loss: NP3 doesn't support this parameter)
    roundtrip_test.go:144: Shadows: orig=10 (expected loss: NP3 doesn't support this parameter)
    roundtrip_test.go:144: Whites: orig=-10 (expected loss: NP3 doesn't support this parameter)
    roundtrip_test.go:144: Blacks: orig=4 (expected loss: NP3 doesn't support this parameter)
=== CONT  TestRoundTrip_XMP_NP3_XMP/auto_tone___.xmp#02
=== NAME  TestRoundTrip_XMP_NP3_XMP/FUJ_-_Negative_+.xmp#02
    roundtrip_test.go:144: Highlights: orig=-10 (expected loss: NP3 doesn't support this parameter)
    roundtrip_test.go:144: Shadows: orig=15 (expected loss: NP3 doesn't support this parameter)
    roundtrip_test.go:144: Blacks: orig=-20 (expected loss: NP3 doesn't support this parameter)
=== CONT  TestRoundTrip_XMP_NP3_XMP/KDK_-_Portra_800_+.xmp#01
=== NAME  TestRoundTrip_XMP_NP3_XMP/POL_-_Color_Instant_++.xmp#01
    roundtrip_test.go:144: Highlights: orig=-10 (expected loss: NP3 doesn't support this parameter)
    roundtrip_test.go:144: Shadows: orig=15 (expected loss: NP3 doesn't support this parameter)
    roundtrip_test.go:144: Whites: orig=-10 (expected loss: NP3 doesn't support this parameter)
=== CONT  TestRoundTrip_XMP_NP3_XMP/KDK_-_Elite_100_++.xmp#01
=== NAME  TestRoundTrip_XMP_NP3_XMP/FUJ_-_Neopan_100_+++.xmp
    roundtrip_test.go:144: Highlights: orig=-25 (expected loss: NP3 doesn't support this parameter)
    roundtrip_test.go:144: Shadows: orig=22 (expected loss: NP3 doesn't support this parameter)
    roundtrip_test.go:144: Whites: orig=-5 (expected loss: NP3 doesn't support this parameter)
=== NAME  TestRoundTrip_XMP_NP3_XMP/KDK_-_Elite_100_-_boost.xmp#01
    roundtrip_test.go:144: Highlights: orig=-25 (expected loss: NP3 doesn't support this parameter)
=== CONT  TestRoundTrip_XMP_NP3_XMP/POL_-_Color_Instant_+++.xmp#01
=== NAME  TestRoundTrip_XMP_NP3_XMP/KDK_-_Portra_800_-_film.xmp#01
    roundtrip_test.go:144: Highlights: orig=-8 (expected loss: NP3 doesn't support this parameter)
    roundtrip_test.go:144: Shadows: orig=12 (expected loss: NP3 doesn't support this parameter)
=== NAME  TestRoundTrip_XMP_NP3_XMP/KDK_-_Elite_100_-_boost.xmp#01
    roundtrip_test.go:144: Shadows: orig=23 (expected loss: NP3 doesn't support this parameter)
=== NAME  TestRoundTrip_XMP_NP3_XMP/FUJ_-_Neopan_100_+++.xmp
    roundtrip_test.go:144: Blacks: orig=37 (expected loss: NP3 doesn't support this parameter)
=== NAME  TestRoundTrip_XMP_NP3_XMP/KDK_-_Elite_100_-_boost.xmp#01
    roundtrip_test.go:144: Whites: orig=-32 (expected loss: NP3 doesn't support this parameter)
=== CONT  TestRoundTrip_XMP_NP3_XMP/KDK_-_Portra_800_+++.xmp#01
=== NAME  TestRoundTrip_XMP_NP3_XMP/KDK_-_Elite_100_-_boost.xmp#01
    roundtrip_test.go:144: Blacks: orig=38 (expected loss: NP3 doesn't support this parameter)
=== NAME  TestRoundTrip_XMP_NP3_XMP/KDK_-_Echrome_64_-_boost.xmp#01
    roundtrip_test.go:144: Highlights: orig=-24 (expected loss: NP3 doesn't support this parameter)
=== CONT  TestRoundTrip_XMP_NP3_XMP/POL_-_Color_Instant_++++.xmp#01
=== NAME  TestRoundTrip_XMP_NP3_XMP/POL_-_Color_Instant_++.xmp#01
    roundtrip_test.go:144: Blacks: orig=5 (expected loss: NP3 doesn't support this parameter)
=== CONT  TestRoundTrip_XMP_NP3_XMP/FUJ_-_Negative_+++.xmp#02
=== CONT  TestRoundTrip_XMP_NP3_XMP/auto_wb___.xmp#02
=== NAME  TestRoundTrip_XMP_NP3_XMP/POL_-_Color_Instant_+.xmp#01
    roundtrip_test.go:144: Highlights: orig=-10 (expected loss: NP3 doesn't support this parameter)
    roundtrip_test.go:144: Shadows: orig=10 (expected loss: NP3 doesn't support this parameter)
    roundtrip_test.go:144: Whites: orig=-10 (expected loss: NP3 doesn't support this parameter)
    roundtrip_test.go:144: Blacks: orig=5 (expected loss: NP3 doesn't support this parameter)
=== CONT  TestRoundTrip_XMP_NP3_XMP/POL_-_Color_600.xmp#01
=== CONT  TestRoundTrip_XMP_NP3_XMP/KDK_-_Elite_100_+.xmp#01
=== NAME  TestRoundTrip_XMP_NP3_XMP/POL_-_Color_Instant_-_boost.xmp#01
    roundtrip_test.go:144: Highlights: orig=-24 (expected loss: NP3 doesn't support this parameter)
    roundtrip_test.go:144: Shadows: orig=26 (expected loss: NP3 doesn't support this parameter)
    roundtrip_test.go:144: Whites: orig=-15 (expected loss: NP3 doesn't support this parameter)
    roundtrip_test.go:144: Blacks: orig=17 (expected loss: NP3 doesn't support this parameter)
=== NAME  TestRoundTrip_XMP_NP3_XMP/KDK_-_Elite_100_++.xmp#01
    roundtrip_test.go:144: Highlights: orig=-27 (expected loss: NP3 doesn't support this parameter)
    roundtrip_test.go:144: Shadows: orig=22 (expected loss: NP3 doesn't support this parameter)
    roundtrip_test.go:144: Whites: orig=-37 (expected loss: NP3 doesn't support this parameter)
=== CONT  TestRoundTrip_XMP_NP3_XMP/KDK_-_Elite_100_+++.xmp#01
=== NAME  TestRoundTrip_XMP_NP3_XMP/KDK_-_Elite_100_++.xmp#01
    roundtrip_test.go:144: Blacks: orig=42 (expected loss: NP3 doesn't support this parameter)
=== CONT  TestRoundTrip_XMP_NP3_XMP/POL_-_Color_600_-_warm.xmp#01
=== CONT  TestRoundTrip_XMP_NP3_XMP/KDK_-_Elite_100_++++.xmp#01
=== CONT  TestRoundTrip_XMP_NP3_XMP/KDK_-_Portra_800_++.xmp#01
=== NAME  TestRoundTrip_XMP_NP3_XMP/KDK_-_Portra_800_-_warm.xmp#01
    roundtrip_test.go:144: Highlights: orig=-12 (expected loss: NP3 doesn't support this parameter)
    roundtrip_test.go:144: Shadows: orig=12 (expected loss: NP3 doesn't support this parameter)
    roundtrip_test.go:144: Whites: orig=-12 (expected loss: NP3 doesn't support this parameter)
=== NAME  TestRoundTrip_XMP_NP3_XMP/FUJ_-_Negative_+++.xmp#02
    roundtrip_test.go:144: Highlights: orig=-10 (expected loss: NP3 doesn't support this parameter)
    roundtrip_test.go:144: Shadows: orig=10 (expected loss: NP3 doesn't support this parameter)
    roundtrip_test.go:144: Whites: orig=-10 (expected loss: NP3 doesn't support this parameter)
    roundtrip_test.go:144: Blacks: orig=-15 (expected loss: NP3 doesn't support this parameter)
=== CONT  TestRoundTrip_XMP_NP3_XMP/POL_-_Color_600_-_film.xmp#01
=== NAME  TestRoundTrip_XMP_NP3_XMP/KDK_-_Portra_800_+.xmp#01
    roundtrip_test.go:144: Highlights: orig=-20 (expected loss: NP3 doesn't support this parameter)
    roundtrip_test.go:144: Shadows: orig=16 (expected loss: NP3 doesn't support this parameter)
=== NAME  TestRoundTrip_XMP_NP3_XMP/KDK_-_Portra_800_-_warm.xmp#01
    roundtrip_test.go:144: Blacks: orig=22 (expected loss: NP3 doesn't support this parameter)
=== NAME  TestRoundTrip_XMP_NP3_XMP/POL_-_Color_Instant_++++.xmp#01
    roundtrip_test.go:144: Highlights: orig=-10 (expected loss: NP3 doesn't support this parameter)
    roundtrip_test.go:144: Shadows: orig=10 (expected loss: NP3 doesn't support this parameter)
    roundtrip_test.go:144: Whites: orig=-10 (expected loss: NP3 doesn't support this parameter)
=== NAME  TestRoundTrip_XMP_NP3_XMP/KDK_-_Portra_800_-_warm.xmp#01
    roundtrip_test.go:144: Split toning saturation/balance: (expected loss: NP3 only supports hue)
=== NAME  TestRoundTrip_XMP_NP3_XMP/KDK_-_Echrome_64_-_boost.xmp#01
    roundtrip_test.go:144: Shadows: orig=24 (expected loss: NP3 doesn't support this parameter)
=== NAME  TestRoundTrip_XMP_NP3_XMP/POL_-_Color_600.xmp#01
    roundtrip_test.go:144: Highlights: orig=-10 (expected loss: NP3 doesn't support this parameter)
=== NAME  TestRoundTrip_XMP_NP3_XMP/KDK_-_Echrome_64_-_boost.xmp#01
    roundtrip_test.go:144: Whites: orig=-20 (expected loss: NP3 doesn't support this parameter)
=== NAME  TestRoundTrip_XMP_NP3_XMP/POL_-_Color_600.xmp#01
    roundtrip_test.go:144: Shadows: orig=10 (expected loss: NP3 doesn't support this parameter)
    roundtrip_test.go:144: Whites: orig=-10 (expected loss: NP3 doesn't support this parameter)
=== NAME  TestRoundTrip_XMP_NP3_XMP/POL_-_Color_Instant_+++.xmp#01
    roundtrip_test.go:144: Highlights: orig=-10 (expected loss: NP3 doesn't support this parameter)
=== NAME  TestRoundTrip_XMP_NP3_XMP/POL_-_Color_600.xmp#01
    roundtrip_test.go:144: Blacks: orig=10 (expected loss: NP3 doesn't support this parameter)
=== NAME  TestRoundTrip_XMP_NP3_XMP/KDK_-_Elite_100_+.xmp#01
    roundtrip_test.go:144: Highlights: orig=-23 (expected loss: NP3 doesn't support this parameter)
=== CONT  TestRoundTrip_XMP_NP3_XMP/KDK_-_Ektar_100.xmp#01
=== NAME  TestRoundTrip_XMP_NP3_XMP/KDK_-_Elite_100_+.xmp#01
    roundtrip_test.go:144: Shadows: orig=23 (expected loss: NP3 doesn't support this parameter)
=== NAME  TestRoundTrip_XMP_NP3_XMP/POL_-_Color_Instant_+++.xmp#01
    roundtrip_test.go:144: Shadows: orig=10 (expected loss: NP3 doesn't support this parameter)
=== NAME  TestRoundTrip_XMP_NP3_XMP/KDK_-_Portra_800_+++.xmp#01
    roundtrip_test.go:144: Highlights: orig=-12 (expected loss: NP3 doesn't support this parameter)
=== CONT  TestRoundTrip_XMP_NP3_XMP/FUJ_-_Negative_++.xmp#02
=== NAME  TestRoundTrip_XMP_NP3_XMP/POL_-_Color_Instant_++++.xmp#01
    roundtrip_test.go:144: Blacks: orig=4 (expected loss: NP3 doesn't support this parameter)
=== NAME  TestRoundTrip_XMP_NP3_XMP/KDK_-_Portra_800_+++.xmp#01
    roundtrip_test.go:144: Shadows: orig=12 (expected loss: NP3 doesn't support this parameter)
    roundtrip_test.go:144: Whites: orig=-12 (expected loss: NP3 doesn't support this parameter)
=== CONT  TestRoundTrip_XMP_NP3_XMP/POL_-_Color_600_-_cool.xmp#01
=== NAME  TestRoundTrip_XMP_NP3_XMP/POL_-_Color_600_-_warm.xmp#01
    roundtrip_test.go:144: Highlights: orig=-10 (expected loss: NP3 doesn't support this parameter)
=== NAME  TestRoundTrip_XMP_NP3_XMP/KDK_-_Echrome_64_-_boost.xmp#01
    roundtrip_test.go:144: Blacks: orig=18 (expected loss: NP3 doesn't support this parameter)
=== NAME  TestRoundTrip_XMP_NP3_XMP/KDK_-_Portra_800_-_boost.xmp#01
    roundtrip_test.go:144: Highlights: orig=-29 (expected loss: NP3 doesn't support this parameter)
    roundtrip_test.go:144: Shadows: orig=27 (expected loss: NP3 doesn't support this parameter)
=== NAME  TestRoundTrip_XMP_NP3_XMP/KDK_-_Elite_100_+.xmp#01
    roundtrip_test.go:144: Whites: orig=-33 (expected loss: NP3 doesn't support this parameter)
=== NAME  TestRoundTrip_XMP_NP3_XMP/KDK_-_Portra_800_+.xmp#01
    roundtrip_test.go:144: Whites: orig=-12 (expected loss: NP3 doesn't support this parameter)
=== NAME  TestRoundTrip_XMP_NP3_XMP/KDK_-_Elite_100_+++.xmp#01
    roundtrip_test.go:144: Highlights: orig=-25 (expected loss: NP3 doesn't support this parameter)
=== NAME  TestRoundTrip_XMP_NP3_XMP/KDK_-_Portra_800_+.xmp#01
    roundtrip_test.go:144: Blacks: orig=22 (expected loss: NP3 doesn't support this parameter)
    roundtrip_test.go:144: Split toning saturation/balance: (expected loss: NP3 only supports hue)
=== NAME  TestRoundTrip_XMP_NP3_XMP/KDK_-_Elite_100_+++.xmp#01
    roundtrip_test.go:144: Shadows: orig=23 (expected loss: NP3 doesn't support this parameter)
    roundtrip_test.go:144: Whites: orig=-32 (expected loss: NP3 doesn't support this parameter)
=== NAME  TestRoundTrip_XMP_NP3_XMP/POL_-_Color_Instant_+++.xmp#01
    roundtrip_test.go:144: Whites: orig=-10 (expected loss: NP3 doesn't support this parameter)
=== NAME  TestRoundTrip_XMP_NP3_XMP/KDK_-_Portra_800_-_warm.xmp#01
    roundtrip_test.go:144: Split toning hue: orig shadow=0, highlight=160 (NP3 has limited split toning support)
=== CONT  TestRoundTrip_XMP_NP3_XMP/KDK_-_Echrome_64_+++.xmp#01
=== NAME  TestRoundTrip_XMP_NP3_XMP/KDK_-_Portra_800_+++.xmp#01
    roundtrip_test.go:144: Blacks: orig=22 (expected loss: NP3 doesn't support this parameter)
=== CONT  TestRoundTrip_XMP_NP3_XMP/KDK_-_Echrome_64_++++.xmp#01
=== NAME  TestRoundTrip_XMP_NP3_XMP/KDK_-_Portra_800_++.xmp#01
    roundtrip_test.go:144: Highlights: orig=-8 (expected loss: NP3 doesn't support this parameter)
    roundtrip_test.go:144: Shadows: orig=12 (expected loss: NP3 doesn't support this parameter)
=== NAME  TestRoundTrip_XMP_NP3_XMP/POL_-_Color_600_-_film.xmp#01
    roundtrip_test.go:144: Highlights: orig=-10 (expected loss: NP3 doesn't support this parameter)
=== NAME  TestRoundTrip_XMP_NP3_XMP/FUJ_-_Negative_++.xmp#02
    roundtrip_test.go:144: Highlights: orig=-10 (expected loss: NP3 doesn't support this parameter)
=== NAME  TestRoundTrip_XMP_NP3_XMP/POL_-_Color_600_-_film.xmp#01
    roundtrip_test.go:144: Shadows: orig=10 (expected loss: NP3 doesn't support this parameter)
=== NAME  TestRoundTrip_XMP_NP3_XMP/FUJ_-_Negative_++.xmp#02
    roundtrip_test.go:144: Shadows: orig=15 (expected loss: NP3 doesn't support this parameter)
=== NAME  TestRoundTrip_XMP_NP3_XMP/KDK_-_Ektar_100.xmp#01
    roundtrip_test.go:144: Highlights: orig=-20 (expected loss: NP3 doesn't support this parameter)
=== NAME  TestRoundTrip_XMP_NP3_XMP/FUJ_-_Negative_++.xmp#02
    roundtrip_test.go:144: Blacks: orig=-28 (expected loss: NP3 doesn't support this parameter)
=== CONT  TestRoundTrip_XMP_NP3_XMP/KDK_-_Echrome_64_+.xmp#01
=== NAME  TestRoundTrip_XMP_NP3_XMP/KDK_-_Ektar_100.xmp#01
    roundtrip_test.go:144: Shadows: orig=12 (expected loss: NP3 doesn't support this parameter)
    roundtrip_test.go:144: Whites: orig=-32 (expected loss: NP3 doesn't support this parameter)
=== NAME  TestRoundTrip_XMP_NP3_XMP/KDK_-_Portra_800_-_boost.xmp#01
    roundtrip_test.go:144: Whites: orig=-8 (expected loss: NP3 doesn't support this parameter)
=== NAME  TestRoundTrip_XMP_NP3_XMP/KDK_-_Elite_100_+.xmp#01
    roundtrip_test.go:144: Blacks: orig=38 (expected loss: NP3 doesn't support this parameter)
=== CONT  TestRoundTrip_XMP_NP3_XMP/KDK_-_Echrome_64_++.xmp#01
=== NAME  TestRoundTrip_XMP_NP3_XMP/KDK_-_Portra_800_-_film.xmp#01
    roundtrip_test.go:144: Whites: orig=-12 (expected loss: NP3 doesn't support this parameter)
    roundtrip_test.go:144: Blacks: orig=20 (expected loss: NP3 doesn't support this parameter)
=== NAME  TestRoundTrip_XMP_NP3_XMP/KDK_-_Portra_800_+.xmp#01
    roundtrip_test.go:144: Split toning hue: orig shadow=0, highlight=160 (NP3 has limited split toning support)
=== NAME  TestRoundTrip_XMP_NP3_XMP/KDK_-_Elite_100_+++.xmp#01
    roundtrip_test.go:144: Blacks: orig=38 (expected loss: NP3 doesn't support this parameter)
=== NAME  TestRoundTrip_XMP_NP3_XMP/POL_-_Color_Instant_+++.xmp#01
    roundtrip_test.go:144: Blacks: orig=5 (expected loss: NP3 doesn't support this parameter)
=== CONT  TestRoundTrip_XMP_NP3_XMP/KDK_-_Echrome_200_+.xmp#01
=== CONT  TestRoundTrip_XMP_NP3_XMP/KDK_-_Echrome_200_++.xmp#01
=== NAME  TestRoundTrip_XMP_NP3_XMP/KDK_-_Portra_800_++.xmp#01
    roundtrip_test.go:144: Whites: orig=-9 (expected loss: NP3 doesn't support this parameter)
    roundtrip_test.go:144: Blacks: orig=28 (expected loss: NP3 doesn't support this parameter)
    roundtrip_test.go:144: Split toning saturation/balance: (expected loss: NP3 only supports hue)
=== NAME  TestRoundTrip_XMP_NP3_XMP/POL_-_Color_600_-_warm.xmp#01
    roundtrip_test.go:144: Shadows: orig=12 (expected loss: NP3 doesn't support this parameter)
    roundtrip_test.go:144: Whites: orig=-10 (expected loss: NP3 doesn't support this parameter)
    roundtrip_test.go:144: Blacks: orig=12 (expected loss: NP3 doesn't support this parameter)
=== CONT  TestRoundTrip_XMP_NP3_XMP/KDK_-_Echrome_200.xmp#01
=== CONT  TestRoundTrip_XMP_NP3_XMP/KDK_-_Echrome_200_+++.xmp#01
=== NAME  TestRoundTrip_XMP_NP3_XMP/POL_-_Color_600_-_film.xmp#01
    roundtrip_test.go:144: Whites: orig=-10 (expected loss: NP3 doesn't support this parameter)
    roundtrip_test.go:144: Blacks: orig=2 (expected loss: NP3 doesn't support this parameter)
=== CONT  TestRoundTrip_XMP_NP3_XMP/KDK_-_Echrome_200_-_warm.xmp#01
=== CONT  TestRoundTrip_XMP_NP3_XMP/KDK_-_Echrome_200_++++.xmp#01
=== CONT  TestRoundTrip_XMP_NP3_XMP/FINISH_-_Washed.xmp#04
=== NAME  TestRoundTrip_XMP_NP3_XMP/KDK_-_Ektar_100.xmp#01
    roundtrip_test.go:144: Blacks: orig=22 (expected loss: NP3 doesn't support this parameter)
=== CONT  TestRoundTrip_XMP_NP3_XMP/FINISH_-_Vintage.xmp#04
=== NAME  TestRoundTrip_XMP_NP3_XMP/POL_-_Color_600_-_cool.xmp#01
    roundtrip_test.go:144: Highlights: orig=-10 (expected loss: NP3 doesn't support this parameter)
=== NAME  TestRoundTrip_XMP_NP3_XMP/KDK_-_Echrome_64_++++.xmp#01
    roundtrip_test.go:144: Highlights: orig=-24 (expected loss: NP3 doesn't support this parameter)
=== NAME  TestRoundTrip_XMP_NP3_XMP/KDK_-_Echrome_64_+++.xmp#01
    roundtrip_test.go:144: Highlights: orig=-18 (expected loss: NP3 doesn't support this parameter)
    roundtrip_test.go:144: Shadows: orig=18 (expected loss: NP3 doesn't support this parameter)
=== NAME  TestRoundTrip_XMP_NP3_XMP/POL_-_Color_600_-_cool.xmp#01
    roundtrip_test.go:144: Shadows: orig=12 (expected loss: NP3 doesn't support this parameter)
=== CONT  TestRoundTrip_XMP_NP3_XMP/KDK_-_Echrome_200_-_film.xmp#01
=== NAME  TestRoundTrip_XMP_NP3_XMP/POL_-_Color_600_-_cool.xmp#01
    roundtrip_test.go:144: Whites: orig=-10 (expected loss: NP3 doesn't support this parameter)
    roundtrip_test.go:144: Blacks: orig=12 (expected loss: NP3 doesn't support this parameter)
=== CONT  TestRoundTrip_XMP_NP3_XMP/FINISH_-_Strong.xmp#04
=== CONT  TestRoundTrip_XMP_NP3_XMP/KDK_-_Echrome_200_-_boost.xmp#01
=== CONT  TestRoundTrip_XMP_NP3_XMP/KDK_-_Echrome_100_++.xmp#01
=== NAME  TestRoundTrip_XMP_NP3_XMP/KDK_-_Portra_800_++.xmp#01
    roundtrip_test.go:144: Split toning hue: orig shadow=0, highlight=160 (NP3 has limited split toning support)
=== CONT  TestRoundTrip_XMP_NP3_XMP/KDK_-_Echrome_100_+++.xmp#01
=== CONT  TestRoundTrip_XMP_NP3_XMP/KDK_-_Echrome_100.xmp#01
=== NAME  TestRoundTrip_XMP_NP3_XMP/KDK_-_Portra_800_-_boost.xmp#01
    roundtrip_test.go:144: Blacks: orig=28 (expected loss: NP3 doesn't support this parameter)
=== CONT  TestRoundTrip_XMP_NP3_XMP/KDK_-_Echrome_100_++++.xmp#01
=== CONT  TestRoundTrip_XMP_NP3_XMP/KDK_-_Echrome_-_warm.xmp#01
=== NAME  TestRoundTrip_XMP_NP3_XMP/KDK_-_Echrome_64_++.xmp#01
    roundtrip_test.go:144: Highlights: orig=-20 (expected loss: NP3 doesn't support this parameter)
    roundtrip_test.go:144: Shadows: orig=18 (expected loss: NP3 doesn't support this parameter)
    roundtrip_test.go:144: Whites: orig=-20 (expected loss: NP3 doesn't support this parameter)
=== NAME  TestRoundTrip_XMP_NP3_XMP/KDK_-_Echrome_64_++++.xmp#01
    roundtrip_test.go:144: Shadows: orig=24 (expected loss: NP3 doesn't support this parameter)
=== NAME  TestRoundTrip_XMP_NP3_XMP/KDK_-_Echrome_64_+++.xmp#01
    roundtrip_test.go:144: Whites: orig=-20 (expected loss: NP3 doesn't support this parameter)
    roundtrip_test.go:144: Blacks: orig=18 (expected loss: NP3 doesn't support this parameter)
=== NAME  TestRoundTrip_XMP_NP3_XMP/KDK_-_Echrome_200_+++.xmp#01
    roundtrip_test.go:144: Highlights: orig=-22 (expected loss: NP3 doesn't support this parameter)
=== CONT  TestRoundTrip_XMP_NP3_XMP/KDK_-_Echrome_-_cool.xmp#01
=== NAME  TestRoundTrip_XMP_NP3_XMP/KDK_-_Echrome_200_+++.xmp#01
    roundtrip_test.go:144: Shadows: orig=22 (expected loss: NP3 doesn't support this parameter)
    roundtrip_test.go:144: Whites: orig=-10 (expected loss: NP3 doesn't support this parameter)
    roundtrip_test.go:144: Blacks: orig=25 (expected loss: NP3 doesn't support this parameter)
=== CONT  TestRoundTrip_XMP_NP3_XMP/KDK_-_Echrome_++.xmp#01
=== NAME  TestRoundTrip_XMP_NP3_XMP/KDK_-_Echrome_200.xmp#01
    roundtrip_test.go:144: Highlights: orig=-30 (expected loss: NP3 doesn't support this parameter)
=== NAME  TestRoundTrip_XMP_NP3_XMP/KDK_-_Echrome_64_++.xmp#01
    roundtrip_test.go:144: Blacks: orig=18 (expected loss: NP3 doesn't support this parameter)
=== NAME  TestRoundTrip_XMP_NP3_XMP/KDK_-_Echrome_200.xmp#01
    roundtrip_test.go:144: Shadows: orig=25 (expected loss: NP3 doesn't support this parameter)
    roundtrip_test.go:144: Whites: orig=-10 (expected loss: NP3 doesn't support this parameter)
=== CONT  TestRoundTrip_XMP_NP3_XMP/KDK_-_Echrome_+++.xmp#01
=== NAME  TestRoundTrip_XMP_NP3_XMP/KDK_-_Echrome_200_++.xmp#01
    roundtrip_test.go:144: Highlights: orig=-18 (expected loss: NP3 doesn't support this parameter)
    roundtrip_test.go:144: Shadows: orig=18 (expected loss: NP3 doesn't support this parameter)
=== NAME  TestRoundTrip_XMP_NP3_XMP/KDK_-_Echrome_200_-_film.xmp#01
    roundtrip_test.go:144: Highlights: orig=-24 (expected loss: NP3 doesn't support this parameter)
=== NAME  TestRoundTrip_XMP_NP3_XMP/KDK_-_Echrome_64_++++.xmp#01
    roundtrip_test.go:144: Whites: orig=-20 (expected loss: NP3 doesn't support this parameter)
=== CONT  TestRoundTrip_XMP_NP3_XMP/KDK_-_Echrome_200_-_cool.xmp#01
=== NAME  TestRoundTrip_XMP_NP3_XMP/KDK_-_Echrome_64_+.xmp#01
    roundtrip_test.go:144: Highlights: orig=-22 (expected loss: NP3 doesn't support this parameter)
    roundtrip_test.go:144: Shadows: orig=22 (expected loss: NP3 doesn't support this parameter)
    roundtrip_test.go:144: Whites: orig=-22 (expected loss: NP3 doesn't support this parameter)
=== NAME  TestRoundTrip_XMP_NP3_XMP/KDK_-_Echrome_200_++++.xmp#01
    roundtrip_test.go:144: Highlights: orig=-22 (expected loss: NP3 doesn't support this parameter)
=== NAME  TestRoundTrip_XMP_NP3_XMP/KDK_-_Echrome_200_++.xmp#01
    roundtrip_test.go:144: Whites: orig=-8 (expected loss: NP3 doesn't support this parameter)
    roundtrip_test.go:144: Blacks: orig=25 (expected loss: NP3 doesn't support this parameter)
=== CONT  TestRoundTrip_XMP_NP3_XMP/KDK_-_Echrome_++++.xmp#01
=== NAME  TestRoundTrip_XMP_NP3_XMP/KDK_-_Echrome_64_+.xmp#01
    roundtrip_test.go:144: Blacks: orig=22 (expected loss: NP3 doesn't support this parameter)
=== CONT  TestRoundTrip_XMP_NP3_XMP/FINISH_-_Retro.xmp#02
=== NAME  TestRoundTrip_XMP_NP3_XMP/KDK_-_Echrome_200_++++.xmp#01
    roundtrip_test.go:144: Shadows: orig=22 (expected loss: NP3 doesn't support this parameter)
=== CONT  TestRoundTrip_XMP_NP3_XMP/KDK_-_Echrome_-_boost.xmp#01
=== NAME  TestRoundTrip_XMP_NP3_XMP/KDK_-_Echrome_200_++++.xmp#01
    roundtrip_test.go:144: Whites: orig=-10 (expected loss: NP3 doesn't support this parameter)
=== CONT  TestRoundTrip_XMP_NP3_XMP/KDK_-_Echrome_+.xmp#01
=== NAME  TestRoundTrip_XMP_NP3_XMP/KDK_-_Echrome_200_-_warm.xmp#01
    roundtrip_test.go:144: Highlights: orig=-22 (expected loss: NP3 doesn't support this parameter)
=== CONT  TestRoundTrip_XMP_NP3_XMP/KDK_-_Echrome_-_film.xmp#01
=== NAME  TestRoundTrip_XMP_NP3_XMP/KDK_-_Echrome_200.xmp#01
    roundtrip_test.go:144: Blacks: orig=35 (expected loss: NP3 doesn't support this parameter)
=== NAME  TestRoundTrip_XMP_NP3_XMP/KDK_-_Echrome_200_-_film.xmp#01
    roundtrip_test.go:144: Shadows: orig=24 (expected loss: NP3 doesn't support this parameter)
=== NAME  TestRoundTrip_XMP_NP3_XMP/KDK_-_Echrome_64_++++.xmp#01
    roundtrip_test.go:144: Blacks: orig=18 (expected loss: NP3 doesn't support this parameter)
=== NAME  TestRoundTrip_XMP_NP3_XMP/KDK_-_Echrome_200_+.xmp#01
    roundtrip_test.go:144: Highlights: orig=-30 (expected loss: NP3 doesn't support this parameter)
=== NAME  TestRoundTrip_XMP_NP3_XMP/KDK_-_Echrome_100_+++.xmp#01
    roundtrip_test.go:144: Highlights: orig=-25 (expected loss: NP3 doesn't support this parameter)
=== CONT  TestRoundTrip_XMP_NP3_XMP/FINISH_-_Film.xmp#02
=== CONT  TestRoundTrip_XMP_NP3_XMP/FINISH_-_Bright.xmp#02
=== NAME  TestRoundTrip_XMP_NP3_XMP/KDK_-_Echrome_100_+++.xmp#01
    roundtrip_test.go:144: Shadows: orig=25 (expected loss: NP3 doesn't support this parameter)
=== NAME  TestRoundTrip_XMP_NP3_XMP/KDK_-_Echrome_100.xmp#01
    roundtrip_test.go:144: Highlights: orig=-28 (expected loss: NP3 doesn't support this parameter)
=== NAME  TestRoundTrip_XMP_NP3_XMP/KDK_-_Echrome_-_warm.xmp#01
    roundtrip_test.go:144: Highlights: orig=-18 (expected loss: NP3 doesn't support this parameter)
=== NAME  TestRoundTrip_XMP_NP3_XMP/KDK_-_Echrome_-_boost.xmp#01
    roundtrip_test.go:144: Highlights: orig=-30 (expected loss: NP3 doesn't support this parameter)
=== NAME  TestRoundTrip_XMP_NP3_XMP/KDK_-_Echrome_-_warm.xmp#01
    roundtrip_test.go:144: Shadows: orig=18 (expected loss: NP3 doesn't support this parameter)
=== NAME  TestRoundTrip_XMP_NP3_XMP/KDK_-_Echrome_-_boost.xmp#01
    roundtrip_test.go:144: Shadows: orig=30 (expected loss: NP3 doesn't support this parameter)
    roundtrip_test.go:144: Whites: orig=-9 (expected loss: NP3 doesn't support this parameter)
=== NAME  TestRoundTrip_XMP_NP3_XMP/KDK_-_Echrome_100_++++.xmp#01
    roundtrip_test.go:144: Highlights: orig=-23 (expected loss: NP3 doesn't support this parameter)
    roundtrip_test.go:144: Shadows: orig=23 (expected loss: NP3 doesn't support this parameter)
=== CONT  TestRoundTrip_XMP_NP3_XMP/FINISH_-_Vintage.xmp#02
=== NAME  TestRoundTrip_XMP_NP3_XMP/KDK_-_Echrome_200_-_boost.xmp#01
    roundtrip_test.go:144: Highlights: orig=-23 (expected loss: NP3 doesn't support this parameter)
=== NAME  TestRoundTrip_XMP_NP3_XMP/KDK_-_Echrome_100_++++.xmp#01
    roundtrip_test.go:144: Whites: orig=-12 (expected loss: NP3 doesn't support this parameter)
=== NAME  TestRoundTrip_XMP_NP3_XMP/KDK_-_Echrome_100_++.xmp#01
    roundtrip_test.go:144: Highlights: orig=-18 (expected loss: NP3 doesn't support this parameter)
=== CONT  TestRoundTrip_XMP_NP3_XMP/FINISH_-_Strong.xmp#02
=== NAME  TestRoundTrip_XMP_NP3_XMP/KDK_-_Echrome_++.xmp#01
    roundtrip_test.go:144: Highlights: orig=-20 (expected loss: NP3 doesn't support this parameter)
=== NAME  TestRoundTrip_XMP_NP3_XMP/KDK_-_Echrome_+++.xmp#01
    roundtrip_test.go:144: Highlights: orig=-12 (expected loss: NP3 doesn't support this parameter)
=== NAME  TestRoundTrip_XMP_NP3_XMP/KDK_-_Echrome_++++.xmp#01
    roundtrip_test.go:144: Highlights: orig=-25 (expected loss: NP3 doesn't support this parameter)
=== NAME  TestRoundTrip_XMP_NP3_XMP/KDK_-_Echrome_200_++++.xmp#01
    roundtrip_test.go:144: Blacks: orig=28 (expected loss: NP3 doesn't support this parameter)
=== NAME  TestRoundTrip_XMP_NP3_XMP/KDK_-_Echrome_200_-_warm.xmp#01
    roundtrip_test.go:144: Shadows: orig=22 (expected loss: NP3 doesn't support this parameter)
=== NAME  TestRoundTrip_XMP_NP3_XMP/KDK_-_Echrome_200_-_film.xmp#01
    roundtrip_test.go:144: Whites: orig=-8 (expected loss: NP3 doesn't support this parameter)
=== CONT  TestRoundTrip_XMP_NP3_XMP/FINISH_-_Washed.xmp#02
=== NAME  TestRoundTrip_XMP_NP3_XMP/KDK_-_Echrome_200_+.xmp#01
    roundtrip_test.go:144: Shadows: orig=25 (expected loss: NP3 doesn't support this parameter)
=== NAME  TestRoundTrip_XMP_NP3_XMP/KDK_-_Echrome_200_-_cool.xmp#01
    roundtrip_test.go:144: Highlights: orig=-22 (expected loss: NP3 doesn't support this parameter)
=== NAME  TestRoundTrip_XMP_NP3_XMP/KDK_-_Echrome_200_-_film.xmp#01
    roundtrip_test.go:144: Blacks: orig=24 (expected loss: NP3 doesn't support this parameter)
=== CONT  TestRoundTrip_XMP_NP3_XMP/COLOR_-_Lavender.xmp#02
=== NAME  TestRoundTrip_XMP_NP3_XMP/KDK_-_Echrome_100_+++.xmp#01
    roundtrip_test.go:144: Whites: orig=-12 (expected loss: NP3 doesn't support this parameter)
    roundtrip_test.go:144: Blacks: orig=30 (expected loss: NP3 doesn't support this parameter)
=== CONT  TestRoundTrip_XMP_NP3_XMP/FINISH_-_Basic.xmp#02
=== CONT  TestRoundTrip_XMP_NP3_XMP/KDK_-_Ektar_100_-_cool.xmp#01
=== CONT  TestRoundTrip_XMP_NP3_XMP/KDK_-_Ektar_100_-_warm.xmp#01
=== CONT  TestRoundTrip_XMP_NP3_XMP/EXPOSURE_+_2.xmp#02
=== NAME  TestRoundTrip_XMP_NP3_XMP/KDK_-_Echrome_100.xmp#01
    roundtrip_test.go:144: Shadows: orig=28 (expected loss: NP3 doesn't support this parameter)
=== NAME  TestRoundTrip_XMP_NP3_XMP/KDK_-_Echrome_-_warm.xmp#01
    roundtrip_test.go:144: Whites: orig=-18 (expected loss: NP3 doesn't support this parameter)
=== NAME  TestRoundTrip_XMP_NP3_XMP/KDK_-_Echrome_-_boost.xmp#01
    roundtrip_test.go:144: Blacks: orig=32 (expected loss: NP3 doesn't support this parameter)
=== NAME  TestRoundTrip_XMP_NP3_XMP/KDK_-_Echrome_-_warm.xmp#01
    roundtrip_test.go:144: Blacks: orig=18 (expected loss: NP3 doesn't support this parameter)
=== CONT  TestRoundTrip_XMP_NP3_XMP/POL_-_Mono.xmp
=== CONT  TestRoundTrip_XMP_NP3_XMP/POL_-_Mono_-_film.xmp
=== NAME  TestRoundTrip_XMP_NP3_XMP/KDK_-_Echrome_-_film.xmp#01
    roundtrip_test.go:144: Highlights: orig=-15 (expected loss: NP3 doesn't support this parameter)
    roundtrip_test.go:144: Shadows: orig=15 (expected loss: NP3 doesn't support this parameter)
    roundtrip_test.go:144: Whites: orig=-18 (expected loss: NP3 doesn't support this parameter)
=== CONT  TestRoundTrip_XMP_NP3_XMP/POL_-_Mono_+.xmp
=== NAME  TestRoundTrip_XMP_NP3_XMP/KDK_-_Echrome_200_-_boost.xmp#01
    roundtrip_test.go:144: Shadows: orig=18 (expected loss: NP3 doesn't support this parameter)
    roundtrip_test.go:144: Blacks: orig=22 (expected loss: NP3 doesn't support this parameter)
=== CONT  TestRoundTrip_XMP_NP3_XMP/EXPOSURE__0.xmp#02
=== NAME  TestRoundTrip_XMP_NP3_XMP/KDK_-_Echrome_+.xmp#01
    roundtrip_test.go:144: Highlights: orig=-20 (expected loss: NP3 doesn't support this parameter)
=== NAME  TestRoundTrip_XMP_NP3_XMP/KDK_-_Echrome_100_++++.xmp#01
    roundtrip_test.go:144: Blacks: orig=34 (expected loss: NP3 doesn't support this parameter)
=== NAME  TestRoundTrip_XMP_NP3_XMP/KDK_-_Echrome_100_++.xmp#01
    roundtrip_test.go:144: Shadows: orig=18 (expected loss: NP3 doesn't support this parameter)
    roundtrip_test.go:144: Whites: orig=-12 (expected loss: NP3 doesn't support this parameter)
=== NAME  TestRoundTrip_XMP_NP3_XMP/KDK_-_Ektar_100_-_cool.xmp#01
    roundtrip_test.go:144: Highlights: orig=-20 (expected loss: NP3 doesn't support this parameter)
=== NAME  TestRoundTrip_XMP_NP3_XMP/KDK_-_Echrome_100_++.xmp#01
    roundtrip_test.go:144: Blacks: orig=28 (expected loss: NP3 doesn't support this parameter)
=== NAME  TestRoundTrip_XMP_NP3_XMP/KDK_-_Ektar_100_-_cool.xmp#01
    roundtrip_test.go:144: Shadows: orig=15 (expected loss: NP3 doesn't support this parameter)
=== CONT  TestRoundTrip_XMP_NP3_XMP/EXPOSURE__-_2.xmp#02
=== NAME  TestRoundTrip_XMP_NP3_XMP/KDK_-_Echrome_++.xmp#01
    roundtrip_test.go:144: Shadows: orig=15 (expected loss: NP3 doesn't support this parameter)
    roundtrip_test.go:144: Whites: orig=-20 (expected loss: NP3 doesn't support this parameter)
=== CONT  TestRoundTrip_XMP_NP3_XMP/EXPOSURE__-_1.xmp#02
=== NAME  TestRoundTrip_XMP_NP3_XMP/KDK_-_Ektar_100_-_cool.xmp#01
    roundtrip_test.go:144: Whites: orig=-28 (expected loss: NP3 doesn't support this parameter)
    roundtrip_test.go:144: Blacks: orig=20 (expected loss: NP3 doesn't support this parameter)
=== NAME  TestRoundTrip_XMP_NP3_XMP/KDK_-_Ektar_100_-_warm.xmp#01
    roundtrip_test.go:144: Highlights: orig=-18 (expected loss: NP3 doesn't support this parameter)
=== NAME  TestRoundTrip_XMP_NP3_XMP/KDK_-_Echrome_+++.xmp#01
    roundtrip_test.go:144: Shadows: orig=12 (expected loss: NP3 doesn't support this parameter)
=== NAME  TestRoundTrip_XMP_NP3_XMP/KDK_-_Echrome_200_-_warm.xmp#01
    roundtrip_test.go:144: Whites: orig=-12 (expected loss: NP3 doesn't support this parameter)
=== CONT  TestRoundTrip_XMP_NP3_XMP/KDK_-_Ektar_100_-_film.xmp#01
=== NAME  TestRoundTrip_XMP_NP3_XMP/KDK_-_Echrome_200_-_cool.xmp#01
    roundtrip_test.go:144: Shadows: orig=22 (expected loss: NP3 doesn't support this parameter)
=== NAME  TestRoundTrip_XMP_NP3_XMP/KDK_-_Echrome_-_cool.xmp#01
    roundtrip_test.go:144: Highlights: orig=-18 (expected loss: NP3 doesn't support this parameter)
=== NAME  TestRoundTrip_XMP_NP3_XMP/KDK_-_Echrome_200_+.xmp#01
    roundtrip_test.go:144: Whites: orig=-10 (expected loss: NP3 doesn't support this parameter)
=== NAME  TestRoundTrip_XMP_NP3_XMP/KDK_-_Echrome_++++.xmp#01
    roundtrip_test.go:144: Shadows: orig=25 (expected loss: NP3 doesn't support this parameter)
=== NAME  TestRoundTrip_XMP_NP3_XMP/KDK_-_Echrome_100.xmp#01
    roundtrip_test.go:144: Whites: orig=-10 (expected loss: NP3 doesn't support this parameter)
=== CONT  TestRoundTrip_XMP_NP3_XMP/POL_-_Mono_-_boost.xmp
=== NAME  TestRoundTrip_XMP_NP3_XMP/KDK_-_Echrome_++++.xmp#01
    roundtrip_test.go:144: Whites: orig=-9 (expected loss: NP3 doesn't support this parameter)
=== NAME  TestRoundTrip_XMP_NP3_XMP/KDK_-_Echrome_200_+.xmp#01
    roundtrip_test.go:144: Blacks: orig=25 (expected loss: NP3 doesn't support this parameter)
=== NAME  TestRoundTrip_XMP_NP3_XMP/KDK_-_Echrome_++++.xmp#01
    roundtrip_test.go:144: Blacks: orig=32 (expected loss: NP3 doesn't support this parameter)
=== CONT  TestRoundTrip_XMP_NP3_XMP/POL_-_Color_Instant.xmp
=== NAME  TestRoundTrip_XMP_NP3_XMP/COLOR_-_Lavender.xmp#02
    roundtrip_test.go:144: Split toning saturation/balance: (expected loss: NP3 only supports hue)
=== NAME  TestRoundTrip_XMP_NP3_XMP/KDK_-_Echrome_-_film.xmp#01
    roundtrip_test.go:144: Blacks: orig=15 (expected loss: NP3 doesn't support this parameter)
=== CONT  TestRoundTrip_XMP_NP3_XMP/DETAIL_-_Mid.xmp#02
=== CONT  TestRoundTrip_XMP_NP3_XMP/POL_-_Color_Instant_-_warm.xmp
=== NAME  TestRoundTrip_XMP_NP3_XMP/KDK_-_Echrome_+.xmp#01
    roundtrip_test.go:144: Shadows: orig=20 (expected loss: NP3 doesn't support this parameter)
    roundtrip_test.go:144: Whites: orig=-20 (expected loss: NP3 doesn't support this parameter)
=== CONT  TestRoundTrip_XMP_NP3_XMP/POL_-_Mono_++.xmp
=== CONT  TestRoundTrip_XMP_NP3_XMP/POL_-_Mono_+++.xmp
=== NAME  TestRoundTrip_XMP_NP3_XMP/KDK_-_Echrome_++.xmp#01
    roundtrip_test.go:144: Blacks: orig=15 (expected loss: NP3 doesn't support this parameter)
=== CONT  TestRoundTrip_XMP_NP3_XMP/KDK_-_Ektar_100_++.xmp#01
=== CONT  TestRoundTrip_XMP_NP3_XMP/KDK_-_Ektar_100_+++.xmp#01
=== CONT  TestRoundTrip_XMP_NP3_XMP/KDK_-_Ektar_100_-_boost.xmp#01
=== NAME  TestRoundTrip_XMP_NP3_XMP/KDK_-_Ektar_100_-_warm.xmp#01
    roundtrip_test.go:144: Shadows: orig=8 (expected loss: NP3 doesn't support this parameter)
    roundtrip_test.go:144: Whites: orig=-28 (expected loss: NP3 doesn't support this parameter)
    roundtrip_test.go:144: Blacks: orig=18 (expected loss: NP3 doesn't support this parameter)
=== CONT  TestRoundTrip_XMP_NP3_XMP/POL_-_Color_Instant_-_cool.xmp
=== NAME  TestRoundTrip_XMP_NP3_XMP/KDK_-_Echrome_+++.xmp#01
    roundtrip_test.go:144: Whites: orig=-12 (expected loss: NP3 doesn't support this parameter)
    roundtrip_test.go:144: Blacks: orig=22 (expected loss: NP3 doesn't support this parameter)
=== NAME  TestRoundTrip_XMP_NP3_XMP/KDK_-_Echrome_200_-_warm.xmp#01
    roundtrip_test.go:144: Blacks: orig=28 (expected loss: NP3 doesn't support this parameter)
=== NAME  TestRoundTrip_XMP_NP3_XMP/KDK_-_Echrome_200_-_cool.xmp#01
    roundtrip_test.go:144: Whites: orig=-12 (expected loss: NP3 doesn't support this parameter)
=== CONT  TestRoundTrip_XMP_NP3_XMP/KDK_-_Echrome_100_-_warm.xmp#01
=== NAME  TestRoundTrip_XMP_NP3_XMP/KDK_-_Echrome_-_cool.xmp#01
    roundtrip_test.go:144: Shadows: orig=18 (expected loss: NP3 doesn't support this parameter)
=== CONT  TestRoundTrip_XMP_NP3_XMP/EXPOSURE_+_1.xmp#02
=== NAME  TestRoundTrip_XMP_NP3_XMP/KDK_-_Echrome_-_cool.xmp#01
    roundtrip_test.go:144: Whites: orig=-18 (expected loss: NP3 doesn't support this parameter)
=== CONT  TestRoundTrip_XMP_NP3_XMP/KDK_-_Ektar_100_+.xmp#01
=== NAME  TestRoundTrip_XMP_NP3_XMP/COLOR_-_Lavender.xmp#02
    roundtrip_test.go:144: Split toning hue: orig shadow=223, highlight=51 (NP3 has limited split toning support)
=== CONT  TestRoundTrip_XMP_NP3_XMP/DETAIL_-_Low.xmp#02
=== CONT  TestRoundTrip_XMP_NP3_XMP/POL_-_Color_Instant_+.xmp
=== NAME  TestRoundTrip_XMP_NP3_XMP/KDK_-_Ektar_100_-_boost.xmp#01
    roundtrip_test.go:144: Highlights: orig=-20 (expected loss: NP3 doesn't support this parameter)
    roundtrip_test.go:144: Shadows: orig=15 (expected loss: NP3 doesn't support this parameter)
=== NAME  TestRoundTrip_XMP_NP3_XMP/KDK_-_Ektar_100_+.xmp#01
    roundtrip_test.go:144: Highlights: orig=-20 (expected loss: NP3 doesn't support this parameter)
    roundtrip_test.go:144: Shadows: orig=10 (expected loss: NP3 doesn't support this parameter)
    roundtrip_test.go:144: Whites: orig=-25 (expected loss: NP3 doesn't support this parameter)
    roundtrip_test.go:144: Blacks: orig=20 (expected loss: NP3 doesn't support this parameter)
=== CONT  TestRoundTrip_XMP_NP3_XMP/DETAIL_-_High.xmp#02
=== NAME  TestRoundTrip_XMP_NP3_XMP/KDK_-_Ektar_100_+++.xmp#01
    roundtrip_test.go:144: Highlights: orig=-20 (expected loss: NP3 doesn't support this parameter)
=== NAME  TestRoundTrip_XMP_NP3_XMP/KDK_-_Ektar_100_++.xmp#01
    roundtrip_test.go:144: Highlights: orig=-20 (expected loss: NP3 doesn't support this parameter)
=== NAME  TestRoundTrip_XMP_NP3_XMP/KDK_-_Ektar_100_+++.xmp#01
    roundtrip_test.go:144: Shadows: orig=10 (expected loss: NP3 doesn't support this parameter)
=== NAME  TestRoundTrip_XMP_NP3_XMP/KDK_-_Ektar_100_++.xmp#01
    roundtrip_test.go:144: Shadows: orig=15 (expected loss: NP3 doesn't support this parameter)
=== CONT  TestRoundTrip_XMP_NP3_XMP/POL_-_Color_Instant_-_film.xmp
=== NAME  TestRoundTrip_XMP_NP3_XMP/KDK_-_Ektar_100_++.xmp#01
    roundtrip_test.go:144: Whites: orig=-25 (expected loss: NP3 doesn't support this parameter)
    roundtrip_test.go:144: Blacks: orig=20 (expected loss: NP3 doesn't support this parameter)
=== CONT  TestRoundTrip_XMP_NP3_XMP/KDK_-_Portra_800_++++.xmp#01
=== CONT  TestRoundTrip_XMP_NP3_XMP/POL_-_Color_Instant_-_boost.xmp
=== NAME  TestRoundTrip_XMP_NP3_XMP/KDK_-_Ektar_100_-_boost.xmp#01
    roundtrip_test.go:144: Whites: orig=-25 (expected loss: NP3 doesn't support this parameter)
=== NAME  TestRoundTrip_XMP_NP3_XMP/KDK_-_Echrome_100.xmp#01
    roundtrip_test.go:144: Blacks: orig=33 (expected loss: NP3 doesn't support this parameter)
=== CONT  TestRoundTrip_XMP_NP3_XMP/KDK_-_Portra_400.xmp#01
=== CONT  TestRoundTrip_XMP_NP3_XMP/KDK_-_Echrome_100_-_film.xmp#01
=== CONT  TestRoundTrip_XMP_NP3_XMP/KDK_-_Portra_400_-_warm.xmp#01
=== NAME  TestRoundTrip_XMP_NP3_XMP/KDK_-_Ektar_100_+++.xmp#01
    roundtrip_test.go:144: Whites: orig=-30 (expected loss: NP3 doesn't support this parameter)
    roundtrip_test.go:144: Blacks: orig=20 (expected loss: NP3 doesn't support this parameter)
=== NAME  TestRoundTrip_XMP_NP3_XMP/KDK_-_Echrome_-_cool.xmp#01
    roundtrip_test.go:144: Blacks: orig=18 (expected loss: NP3 doesn't support this parameter)
=== NAME  TestRoundTrip_XMP_NP3_XMP/KDK_-_Echrome_200_-_cool.xmp#01
    roundtrip_test.go:144: Blacks: orig=28 (expected loss: NP3 doesn't support this parameter)
=== CONT  TestRoundTrip_XMP_NP3_XMP/POL_-_Color_600_++.xmp#01
=== NAME  TestRoundTrip_XMP_NP3_XMP/KDK_-_Ektar_100_-_film.xmp#01
    roundtrip_test.go:144: Highlights: orig=-20 (expected loss: NP3 doesn't support this parameter)
    roundtrip_test.go:144: Shadows: orig=8 (expected loss: NP3 doesn't support this parameter)
=== NAME  TestRoundTrip_XMP_NP3_XMP/KDK_-_Portra_400.xmp#01
    roundtrip_test.go:144: Highlights: orig=-20 (expected loss: NP3 doesn't support this parameter)
    roundtrip_test.go:144: Shadows: orig=20 (expected loss: NP3 doesn't support this parameter)
    roundtrip_test.go:144: Whites: orig=-10 (expected loss: NP3 doesn't support this parameter)
    roundtrip_test.go:144: Blacks: orig=20 (expected loss: NP3 doesn't support this parameter)
=== CONT  TestRoundTrip_XMP_NP3_XMP/KDK_-_Portra_400_-_cool.xmp#01
=== NAME  TestRoundTrip_XMP_NP3_XMP/KDK_-_Echrome_100_-_film.xmp#01
    roundtrip_test.go:144: Highlights: orig=-24 (expected loss: NP3 doesn't support this parameter)
=== NAME  TestRoundTrip_XMP_NP3_XMP/KDK_-_Ektar_100_-_film.xmp#01
    roundtrip_test.go:144: Whites: orig=-26 (expected loss: NP3 doesn't support this parameter)
    roundtrip_test.go:144: Blacks: orig=16 (expected loss: NP3 doesn't support this parameter)
=== CONT  TestRoundTrip_XMP_NP3_XMP/POL_-_Color_600_+++.xmp#01
=== NAME  TestRoundTrip_XMP_NP3_XMP/KDK_-_Echrome_+.xmp#01
    roundtrip_test.go:144: Blacks: orig=20 (expected loss: NP3 doesn't support this parameter)
=== CONT  TestRoundTrip_XMP_NP3_XMP/POL_-_Cinematic.xmp#01
=== NAME  TestRoundTrip_XMP_NP3_XMP/KDK_-_Ektar_100_-_boost.xmp#01
    roundtrip_test.go:144: Blacks: orig=20 (expected loss: NP3 doesn't support this parameter)
=== CONT  TestRoundTrip_XMP_NP3_XMP/KDK_-_Echrome_100_-_cool.xmp#01
=== CONT  TestRoundTrip_XMP_NP3_XMP/POL_-_Color_600_+.xmp#01
=== NAME  TestRoundTrip_XMP_NP3_XMP/KDK_-_Portra_400_-_warm.xmp#01
    roundtrip_test.go:144: Highlights: orig=-20 (expected loss: NP3 doesn't support this parameter)
    roundtrip_test.go:144: Shadows: orig=20 (expected loss: NP3 doesn't support this parameter)
    roundtrip_test.go:144: Whites: orig=-10 (expected loss: NP3 doesn't support this parameter)
    roundtrip_test.go:144: Blacks: orig=20 (expected loss: NP3 doesn't support this parameter)
=== CONT  TestRoundTrip_XMP_NP3_XMP/POL_-_Cinematic_-_warm.xmp#01
=== CONT  TestRoundTrip_XMP_NP3_XMP/KDK_-_Portra_400_-_film.xmp#01
=== NAME  TestRoundTrip_XMP_NP3_XMP/KDK_-_Portra_800_++++.xmp#01
    roundtrip_test.go:144: Highlights: orig=-19 (expected loss: NP3 doesn't support this parameter)
    roundtrip_test.go:144: Shadows: orig=18 (expected loss: NP3 doesn't support this parameter)
    roundtrip_test.go:144: Whites: orig=-18 (expected loss: NP3 doesn't support this parameter)
    roundtrip_test.go:144: Blacks: orig=22 (expected loss: NP3 doesn't support this parameter)
=== CONT  TestRoundTrip_XMP_NP3_XMP/POL_-_Cinematic_-_film.xmp#01
=== CONT  TestRoundTrip_XMP_NP3_XMP/KDK_-_Ektar_100_++++.xmp#01
=== NAME  TestRoundTrip_XMP_NP3_XMP/POL_-_Color_600_++.xmp#01
    roundtrip_test.go:144: Highlights: orig=-10 (expected loss: NP3 doesn't support this parameter)
    roundtrip_test.go:144: Shadows: orig=12 (expected loss: NP3 doesn't support this parameter)
    roundtrip_test.go:144: Whites: orig=-10 (expected loss: NP3 doesn't support this parameter)
    roundtrip_test.go:144: Blacks: orig=12 (expected loss: NP3 doesn't support this parameter)
=== CONT  TestRoundTrip_XMP_NP3_XMP/POL_-_Cinematic_-_cool.xmp#01
=== NAME  TestRoundTrip_XMP_NP3_XMP/KDK_-_Portra_400_-_cool.xmp#01
    roundtrip_test.go:144: Highlights: orig=-20 (expected loss: NP3 doesn't support this parameter)
    roundtrip_test.go:144: Shadows: orig=20 (expected loss: NP3 doesn't support this parameter)
    roundtrip_test.go:144: Whites: orig=-10 (expected loss: NP3 doesn't support this parameter)
    roundtrip_test.go:144: Blacks: orig=20 (expected loss: NP3 doesn't support this parameter)
=== CONT  TestRoundTrip_XMP_NP3_XMP/POL_-_Cinematic_-_boost.xmp#01
=== NAME  TestRoundTrip_XMP_NP3_XMP/KDK_-_Echrome_100_-_cool.xmp#01
    roundtrip_test.go:144: Highlights: orig=-22 (expected loss: NP3 doesn't support this parameter)
    roundtrip_test.go:144: Shadows: orig=22 (expected loss: NP3 doesn't support this parameter)
    roundtrip_test.go:144: Whites: orig=-12 (expected loss: NP3 doesn't support this parameter)
    roundtrip_test.go:144: Blacks: orig=28 (expected loss: NP3 doesn't support this parameter)
=== CONT  TestRoundTrip_XMP_NP3_XMP/POL_-_Cinematic_+.xmp#01
=== NAME  TestRoundTrip_XMP_NP3_XMP/POL_-_Cinematic.xmp#01
    roundtrip_test.go:144: Highlights: orig=-10 (expected loss: NP3 doesn't support this parameter)
=== NAME  TestRoundTrip_XMP_NP3_XMP/POL_-_Color_600_+.xmp#01
    roundtrip_test.go:144: Highlights: orig=-10 (expected loss: NP3 doesn't support this parameter)
=== NAME  TestRoundTrip_XMP_NP3_XMP/POL_-_Cinematic.xmp#01
    roundtrip_test.go:144: Shadows: orig=10 (expected loss: NP3 doesn't support this parameter)
=== NAME  TestRoundTrip_XMP_NP3_XMP/POL_-_Color_600_+.xmp#01
    roundtrip_test.go:144: Shadows: orig=10 (expected loss: NP3 doesn't support this parameter)
=== NAME  TestRoundTrip_XMP_NP3_XMP/POL_-_Cinematic.xmp#01
    roundtrip_test.go:144: Whites: orig=-10 (expected loss: NP3 doesn't support this parameter)
=== NAME  TestRoundTrip_XMP_NP3_XMP/POL_-_Color_600_+.xmp#01
    roundtrip_test.go:144: Whites: orig=-10 (expected loss: NP3 doesn't support this parameter)
=== NAME  TestRoundTrip_XMP_NP3_XMP/POL_-_Cinematic.xmp#01
    roundtrip_test.go:144: Blacks: orig=10 (expected loss: NP3 doesn't support this parameter)
=== NAME  TestRoundTrip_XMP_NP3_XMP/POL_-_Color_600_+.xmp#01
    roundtrip_test.go:144: Blacks: orig=5 (expected loss: NP3 doesn't support this parameter)
=== CONT  TestRoundTrip_XMP_NP3_XMP/KDK_-_Echrome.xmp#01
=== CONT  TestRoundTrip_XMP_NP3_XMP/POL_-_Cinematic_++.xmp#01
=== NAME  TestRoundTrip_XMP_NP3_XMP/POL_-_Cinematic_-_film.xmp#01
    roundtrip_test.go:144: Highlights: orig=-10 (expected loss: NP3 doesn't support this parameter)
    roundtrip_test.go:144: Shadows: orig=12 (expected loss: NP3 doesn't support this parameter)
    roundtrip_test.go:144: Whites: orig=-10 (expected loss: NP3 doesn't support this parameter)
    roundtrip_test.go:144: Blacks: orig=12 (expected loss: NP3 doesn't support this parameter)
=== CONT  TestRoundTrip_XMP_NP3_XMP/KDK_-_Echrome_64.xmp#01
=== NAME  TestRoundTrip_XMP_NP3_XMP/POL_-_Cinematic_-_warm.xmp#01
    roundtrip_test.go:144: Highlights: orig=-10 (expected loss: NP3 doesn't support this parameter)
=== NAME  TestRoundTrip_XMP_NP3_XMP/POL_-_Color_600_+++.xmp#01
    roundtrip_test.go:144: Highlights: orig=-10 (expected loss: NP3 doesn't support this parameter)
    roundtrip_test.go:144: Shadows: orig=10 (expected loss: NP3 doesn't support this parameter)
    roundtrip_test.go:144: Whites: orig=-10 (expected loss: NP3 doesn't support this parameter)
    roundtrip_test.go:144: Blacks: orig=5 (expected loss: NP3 doesn't support this parameter)
=== CONT  TestRoundTrip_XMP_NP3_XMP/Nikon_Z_f_Camera_Somber.xmp
=== NAME  TestRoundTrip_XMP_NP3_XMP/POL_-_Cinematic_-_warm.xmp#01
    roundtrip_test.go:144: Shadows: orig=12 (expected loss: NP3 doesn't support this parameter)
=== NAME  TestRoundTrip_XMP_NP3_XMP/KDK_-_Echrome_100_-_film.xmp#01
    roundtrip_test.go:144: Shadows: orig=24 (expected loss: NP3 doesn't support this parameter)
=== NAME  TestRoundTrip_XMP_NP3_XMP/POL_-_Cinematic_-_warm.xmp#01
    roundtrip_test.go:144: Whites: orig=-10 (expected loss: NP3 doesn't support this parameter)
=== NAME  TestRoundTrip_XMP_NP3_XMP/KDK_-_Echrome_100_-_film.xmp#01
    roundtrip_test.go:144: Whites: orig=-10 (expected loss: NP3 doesn't support this parameter)
=== NAME  TestRoundTrip_XMP_NP3_XMP/POL_-_Cinematic_+.xmp#01
    roundtrip_test.go:144: Highlights: orig=-10 (expected loss: NP3 doesn't support this parameter)
=== NAME  TestRoundTrip_XMP_NP3_XMP/POL_-_Cinematic_-_warm.xmp#01
    roundtrip_test.go:144: Blacks: orig=12 (expected loss: NP3 doesn't support this parameter)
=== NAME  TestRoundTrip_XMP_NP3_XMP/KDK_-_Echrome_100_-_warm.xmp#01
    roundtrip_test.go:144: Highlights: orig=-22 (expected loss: NP3 doesn't support this parameter)
    roundtrip_test.go:144: Shadows: orig=22 (expected loss: NP3 doesn't support this parameter)
    roundtrip_test.go:144: Whites: orig=-12 (expected loss: NP3 doesn't support this parameter)
    roundtrip_test.go:144: Blacks: orig=28 (expected loss: NP3 doesn't support this parameter)
=== CONT  TestRoundTrip_XMP_NP3_XMP/KDK_-_Echrome_64_-_warm.xmp#01
=== NAME  TestRoundTrip_XMP_NP3_XMP/POL_-_Cinematic_+.xmp#01
    roundtrip_test.go:144: Shadows: orig=10 (expected loss: NP3 doesn't support this parameter)
    roundtrip_test.go:144: Whites: orig=-10 (expected loss: NP3 doesn't support this parameter)
    roundtrip_test.go:144: Blacks: orig=5 (expected loss: NP3 doesn't support this parameter)
=== NAME  TestRoundTrip_XMP_NP3_XMP/POL_-_Cinematic_++.xmp#01
    roundtrip_test.go:144: Highlights: orig=-10 (expected loss: NP3 doesn't support this parameter)
    roundtrip_test.go:144: Shadows: orig=12 (expected loss: NP3 doesn't support this parameter)
    roundtrip_test.go:144: Whites: orig=-10 (expected loss: NP3 doesn't support this parameter)
    roundtrip_test.go:144: Blacks: orig=12 (expected loss: NP3 doesn't support this parameter)
=== NAME  TestRoundTrip_XMP_NP3_XMP/KDK_-_Echrome_100_-_film.xmp#01
    roundtrip_test.go:144: Blacks: orig=24 (expected loss: NP3 doesn't support this parameter)
=== NAME  TestRoundTrip_XMP_NP3_XMP/KDK_-_Ektar_100_++++.xmp#01
    roundtrip_test.go:144: Highlights: orig=-20 (expected loss: NP3 doesn't support this parameter)
=== CONT  TestRoundTrip_XMP_NP3_XMP/KDK_-_Echrome_100_+.xmp#01
=== NAME  TestRoundTrip_XMP_NP3_XMP/POL_-_Cinematic_-_cool.xmp#01
    roundtrip_test.go:144: Highlights: orig=-10 (expected loss: NP3 doesn't support this parameter)
    roundtrip_test.go:144: Shadows: orig=12 (expected loss: NP3 doesn't support this parameter)
=== NAME  TestRoundTrip_XMP_NP3_XMP/POL_-_Cinematic_-_boost.xmp#01
    roundtrip_test.go:144: Highlights: orig=-25 (expected loss: NP3 doesn't support this parameter)
=== CONT  TestRoundTrip_XMP_NP3_XMP/KDK_-_Echrome_100_-_boost.xmp#01
=== NAME  TestRoundTrip_XMP_NP3_XMP/POL_-_Cinematic_-_boost.xmp#01
    roundtrip_test.go:144: Shadows: orig=20 (expected loss: NP3 doesn't support this parameter)
=== NAME  TestRoundTrip_XMP_NP3_XMP/KDK_-_Echrome_64.xmp#01
    roundtrip_test.go:144: Highlights: orig=-28 (expected loss: NP3 doesn't support this parameter)
=== NAME  TestRoundTrip_XMP_NP3_XMP/KDK_-_Portra_400_-_film.xmp#01
    roundtrip_test.go:144: Highlights: orig=-20 (expected loss: NP3 doesn't support this parameter)
=== NAME  TestRoundTrip_XMP_NP3_XMP/KDK_-_Echrome.xmp#01
    roundtrip_test.go:144: Highlights: orig=-25 (expected loss: NP3 doesn't support this parameter)
    roundtrip_test.go:144: Shadows: orig=25 (expected loss: NP3 doesn't support this parameter)
=== NAME  TestRoundTrip_XMP_NP3_XMP/KDK_-_Echrome_64.xmp#01
    roundtrip_test.go:144: Shadows: orig=28 (expected loss: NP3 doesn't support this parameter)
=== NAME  TestRoundTrip_XMP_NP3_XMP/KDK_-_Echrome.xmp#01
    roundtrip_test.go:144: Whites: orig=-20 (expected loss: NP3 doesn't support this parameter)
=== NAME  TestRoundTrip_XMP_NP3_XMP/KDK_-_Echrome_64.xmp#01
    roundtrip_test.go:144: Whites: orig=-28 (expected loss: NP3 doesn't support this parameter)
=== NAME  TestRoundTrip_XMP_NP3_XMP/KDK_-_Echrome.xmp#01
    roundtrip_test.go:144: Blacks: orig=25 (expected loss: NP3 doesn't support this parameter)
=== NAME  TestRoundTrip_XMP_NP3_XMP/KDK_-_Echrome_64_-_warm.xmp#01
    roundtrip_test.go:144: Highlights: orig=-18 (expected loss: NP3 doesn't support this parameter)
    roundtrip_test.go:144: Shadows: orig=18 (expected loss: NP3 doesn't support this parameter)
=== CONT  TestRoundTrip_XMP_NP3_XMP/POL_-_Color_Instant_++.xmp
=== CONT  TestRoundTrip_XMP_NP3_XMP/POL_-_Color_600.xmp
=== CONT  TestRoundTrip_XMP_NP3_XMP/KDK_-_Echrome_64_-_film.xmp#01
=== CONT  TestRoundTrip_XMP_NP3_XMP/POL_-_Color_600_-_warm.xmp
=== CONT  TestRoundTrip_XMP_NP3_XMP/KDK_-_Echrome_64_-_cool.xmp#01
=== CONT  TestRoundTrip_XMP_NP3_XMP/POL_-_Color_600_-_film.xmp
=== NAME  TestRoundTrip_XMP_NP3_XMP/KDK_-_Ektar_100_++++.xmp#01
    roundtrip_test.go:144: Shadows: orig=16 (expected loss: NP3 doesn't support this parameter)
=== NAME  TestRoundTrip_XMP_NP3_XMP/POL_-_Cinematic_-_cool.xmp#01
    roundtrip_test.go:144: Whites: orig=-10 (expected loss: NP3 doesn't support this parameter)
=== NAME  TestRoundTrip_XMP_NP3_XMP/POL_-_Cinematic_-_boost.xmp#01
    roundtrip_test.go:144: Whites: orig=-10 (expected loss: NP3 doesn't support this parameter)
=== NAME  TestRoundTrip_XMP_NP3_XMP/KDK_-_Portra_400_-_film.xmp#01
    roundtrip_test.go:144: Shadows: orig=20 (expected loss: NP3 doesn't support this parameter)
=== CONT  TestRoundTrip_XMP_NP3_XMP/POL_-_Color_600_-_cool.xmp
=== NAME  TestRoundTrip_XMP_NP3_XMP/KDK_-_Echrome_64.xmp#01
    roundtrip_test.go:144: Blacks: orig=28 (expected loss: NP3 doesn't support this parameter)
=== NAME  TestRoundTrip_XMP_NP3_XMP/KDK_-_Echrome_64_-_warm.xmp#01
    roundtrip_test.go:144: Whites: orig=-20 (expected loss: NP3 doesn't support this parameter)
=== NAME  TestRoundTrip_XMP_NP3_XMP/KDK_-_Echrome_100_+.xmp#01
    roundtrip_test.go:144: Highlights: orig=-20 (expected loss: NP3 doesn't support this parameter)
=== CONT  TestRoundTrip_XMP_NP3_XMP/POL_-_Cinematic_++++.xmp
=== NAME  TestRoundTrip_XMP_NP3_XMP/KDK_-_Ektar_100_++++.xmp#01
    roundtrip_test.go:144: Whites: orig=-30 (expected loss: NP3 doesn't support this parameter)
=== NAME  TestRoundTrip_XMP_NP3_XMP/KDK_-_Echrome_64_-_warm.xmp#01
    roundtrip_test.go:144: Blacks: orig=18 (expected loss: NP3 doesn't support this parameter)
=== CONT  TestRoundTrip_XMP_NP3_XMP/VIBRANCE__-_Mid.xmp#04
=== NAME  TestRoundTrip_XMP_NP3_XMP/KDK_-_Echrome_100_+.xmp#01
    roundtrip_test.go:144: Shadows: orig=20 (expected loss: NP3 doesn't support this parameter)
    roundtrip_test.go:144: Whites: orig=-10 (expected loss: NP3 doesn't support this parameter)
    roundtrip_test.go:144: Blacks: orig=25 (expected loss: NP3 doesn't support this parameter)
=== CONT  TestRoundTrip_XMP_NP3_XMP/KDK_-_Tri-X_400_-_film.xmp
=== NAME  TestRoundTrip_XMP_NP3_XMP/KDK_-_Echrome_100_-_boost.xmp#01
    roundtrip_test.go:144: Highlights: orig=-27 (expected loss: NP3 doesn't support this parameter)
    roundtrip_test.go:144: Shadows: orig=8 (expected loss: NP3 doesn't support this parameter)
    roundtrip_test.go:144: Blacks: orig=-18 (expected loss: NP3 doesn't support this parameter)
    roundtrip_test.go:144: Split toning saturation/balance: (expected loss: NP3 only supports hue)
=== CONT  TestRoundTrip_XMP_NP3_XMP/VIBRANCE__-_Low.xmp#04
=== CONT  TestRoundTrip_XMP_NP3_XMP/POL_-_Color_Instant_+++.xmp
=== NAME  TestRoundTrip_XMP_NP3_XMP/KDK_-_Echrome_100_-_boost.xmp#01
    roundtrip_test.go:144: Split toning hue: orig shadow=0, highlight=46 (NP3 has limited split toning support)
=== CONT  TestRoundTrip_XMP_NP3_XMP/KDK_-_Tri-X_400_-_boost.xmp
=== NAME  TestRoundTrip_XMP_NP3_XMP/KDK_-_Echrome_64_-_cool.xmp#01
    roundtrip_test.go:144: Highlights: orig=-18 (expected loss: NP3 doesn't support this parameter)
    roundtrip_test.go:144: Shadows: orig=18 (expected loss: NP3 doesn't support this parameter)
=== NAME  TestRoundTrip_XMP_NP3_XMP/KDK_-_Ektar_100_++++.xmp#01
    roundtrip_test.go:144: Blacks: orig=20 (expected loss: NP3 doesn't support this parameter)
=== CONT  TestRoundTrip_XMP_NP3_XMP/SHARPEN_-_Mid.xmp#04
=== CONT  TestRoundTrip_XMP_NP3_XMP/KDK_-_Tri-X_400_+.xmp
=== NAME  TestRoundTrip_XMP_NP3_XMP/KDK_-_Echrome_64_-_film.xmp#01
    roundtrip_test.go:144: Highlights: orig=-18 (expected loss: NP3 doesn't support this parameter)
    roundtrip_test.go:144: Shadows: orig=18 (expected loss: NP3 doesn't support this parameter)
    roundtrip_test.go:144: Whites: orig=-20 (expected loss: NP3 doesn't support this parameter)
    roundtrip_test.go:144: Blacks: orig=18 (expected loss: NP3 doesn't support this parameter)
=== CONT  TestRoundTrip_XMP_NP3_XMP/POL_-_Color_Instant_++++.xmp
=== CONT  TestRoundTrip_XMP_NP3_XMP/KDK_-_Tri-X_400_++.xmp
=== CONT  TestRoundTrip_XMP_NP3_XMP/VIBRANCE_-__High.xmp#04
=== NAME  TestRoundTrip_XMP_NP3_XMP/POL_-_Cinematic_-_boost.xmp#01
    roundtrip_test.go:144: Blacks: orig=20 (expected loss: NP3 doesn't support this parameter)
=== CONT  TestRoundTrip_XMP_NP3_XMP/KDK_-_Portra_800_+++.xmp
=== NAME  TestRoundTrip_XMP_NP3_XMP/VIBRANCE__-_Low.xmp#04
    roundtrip_test.go:144: Vibrance reset to 0: orig=-10 (may be due to Picture Control base mapping)
=== NAME  TestRoundTrip_XMP_NP3_XMP/POL_-_Cinematic_-_cool.xmp#01
    roundtrip_test.go:144: Blacks: orig=12 (expected loss: NP3 doesn't support this parameter)
=== NAME  TestRoundTrip_XMP_NP3_XMP/KDK_-_Portra_400_-_film.xmp#01
    roundtrip_test.go:144: Whites: orig=-10 (expected loss: NP3 doesn't support this parameter)
=== CONT  TestRoundTrip_XMP_NP3_XMP/KDK_-_Tri-X_400.xmp
=== CONT  TestRoundTrip_XMP_NP3_XMP/KDK_-_Kodachrome_64_-_film.xmp
=== NAME  TestRoundTrip_XMP_NP3_XMP/KDK_-_Echrome_64_-_cool.xmp#01
    roundtrip_test.go:144: Whites: orig=-20 (expected loss: NP3 doesn't support this parameter)
=== CONT  TestRoundTrip_XMP_NP3_XMP/KDK_-_Portra_800_++++.xmp
=== CONT  TestRoundTrip_XMP_NP3_XMP/KDK_-_Kodachrome_64_-_cool.xmp
=== CONT  TestRoundTrip_XMP_NP3_XMP/KDK_-_Portra_400.xmp
=== NAME  TestRoundTrip_XMP_NP3_XMP/KDK_-_Portra_400_-_film.xmp#01
    roundtrip_test.go:144: Blacks: orig=25 (expected loss: NP3 doesn't support this parameter)
=== CONT  TestRoundTrip_XMP_NP3_XMP/KDK_-_Kodachrome_64_-_color.xmp
=== NAME  TestRoundTrip_XMP_NP3_XMP/KDK_-_Echrome_64_-_cool.xmp#01
    roundtrip_test.go:144: Blacks: orig=18 (expected loss: NP3 doesn't support this parameter)
=== CONT  TestRoundTrip_XMP_NP3_XMP/SHARPEN_-_Low.xmp#04
=== CONT  TestRoundTrip_XMP_NP3_XMP/POL_-_Color_600_-_boost.xmp
=== NAME  TestRoundTrip_XMP_NP3_XMP/KDK_-_Kodachrome_64_-_film.xmp
    roundtrip_test.go:144: Vibrance reset to 0: orig=-10 (may be due to Picture Control base mapping)
    roundtrip_test.go:144: Highlights: orig=-60 (expected loss: NP3 doesn't support this parameter)
    roundtrip_test.go:144: Shadows: orig=45 (expected loss: NP3 doesn't support this parameter)
    roundtrip_test.go:144: Whites: orig=-10 (expected loss: NP3 doesn't support this parameter)
    roundtrip_test.go:144: Blacks: orig=33 (expected loss: NP3 doesn't support this parameter)
=== CONT  TestRoundTrip_XMP_NP3_XMP/KDK_-_Portra_400_-_film.xmp
=== NAME  TestRoundTrip_XMP_NP3_XMP/KDK_-_Kodachrome_64_-_cool.xmp
    roundtrip_test.go:144: Highlights: orig=-45 (expected loss: NP3 doesn't support this parameter)
    roundtrip_test.go:144: Shadows: orig=45 (expected loss: NP3 doesn't support this parameter)
    roundtrip_test.go:144: Whites: orig=-10 (expected loss: NP3 doesn't support this parameter)
=== CONT  TestRoundTrip_XMP_NP3_XMP/SHARPEN_-_High.xmp#04
=== NAME  TestRoundTrip_XMP_NP3_XMP/KDK_-_Kodachrome_64_-_cool.xmp
    roundtrip_test.go:144: Blacks: orig=33 (expected loss: NP3 doesn't support this parameter)
=== NAME  TestRoundTrip_XMP_NP3_XMP/KDK_-_Kodachrome_64_-_color.xmp
    roundtrip_test.go:144: Vibrance reset to 0: orig=-10 (may be due to Picture Control base mapping)
    roundtrip_test.go:144: Highlights: orig=-18 (expected loss: NP3 doesn't support this parameter)
    roundtrip_test.go:144: Shadows: orig=18 (expected loss: NP3 doesn't support this parameter)
    roundtrip_test.go:144: Whites: orig=-12 (expected loss: NP3 doesn't support this parameter)
    roundtrip_test.go:144: Blacks: orig=28 (expected loss: NP3 doesn't support this parameter)
=== CONT  TestRoundTrip_XMP_NP3_XMP/POL_-_Color_600_+.xmp
=== NAME  TestRoundTrip_XMP_NP3_XMP/VIBRANCE_-__High.xmp#04
    roundtrip_test.go:144: Vibrance reset to 0: orig=25 (may be due to Picture Control base mapping)
=== CONT  TestRoundTrip_XMP_NP3_XMP/KDK_-_Kodachrome_64_-_boost.xmp
=== NAME  TestRoundTrip_XMP_NP3_XMP/KDK_-_Kodachrome_64_-_color.xmp
    roundtrip_test.go:144: Split toning saturation/balance: (expected loss: NP3 only supports hue)
    roundtrip_test.go:144: Split toning hue: orig shadow=170, highlight=28 (NP3 has limited split toning support)
=== CONT  TestRoundTrip_XMP_NP3_XMP/POL_-_Color_600_+++.xmp
=== CONT  TestRoundTrip_XMP_NP3_XMP/POL_-_Color_600_++.xmp
=== CONT  TestRoundTrip_XMP_NP3_XMP/POL_-_Cinematic.xmp
=== CONT  TestRoundTrip_XMP_NP3_XMP/POL_-_Cinematic_-_warm.xmp
=== NAME  TestRoundTrip_XMP_NP3_XMP/KDK_-_Kodachrome_64_-_boost.xmp
    roundtrip_test.go:144: Vibrance reset to 0: orig=-10 (may be due to Picture Control base mapping)
    roundtrip_test.go:144: Highlights: orig=-50 (expected loss: NP3 doesn't support this parameter)
    roundtrip_test.go:144: Shadows: orig=50 (expected loss: NP3 doesn't support this parameter)
    roundtrip_test.go:144: Whites: orig=-25 (expected loss: NP3 doesn't support this parameter)
    roundtrip_test.go:144: Blacks: orig=20 (expected loss: NP3 doesn't support this parameter)
    roundtrip_test.go:144: Split toning saturation/balance: (expected loss: NP3 only supports hue)
    roundtrip_test.go:144: Split toning hue: orig shadow=0, highlight=42 (NP3 has limited split toning support)
=== CONT  TestRoundTrip_XMP_NP3_XMP/CONTRAST_-_Mid.xmp#02
=== CONT  TestRoundTrip_XMP_NP3_XMP/POL_-_Cinematic_-_film.xmp
=== CONT  TestRoundTrip_XMP_NP3_XMP/CONTRAST_-_Low.xmp#02
=== CONT  TestRoundTrip_XMP_NP3_XMP/LIGHTING_-_Flash.xmp#02
=== CONT  TestRoundTrip_XMP_NP3_XMP/KDK_-_Kodachrome_64_+.xmp
=== CONT  TestRoundTrip_XMP_NP3_XMP/CONTRAST_-_High.xmp#02
=== CONT  TestRoundTrip_XMP_NP3_XMP/COLOR_-_Warm_Light.xmp#02
=== CONT  TestRoundTrip_XMP_NP3_XMP/POL_-_Cinematic_-_cool.xmp
=== CONT  TestRoundTrip_XMP_NP3_XMP/POL_-_Cinematic_+++.xmp#01
=== CONT  TestRoundTrip_XMP_NP3_XMP/KDK_-_Kodachrome_64_++.xmp
=== NAME  TestRoundTrip_XMP_NP3_XMP/KDK_-_Kodachrome_64_+.xmp
    roundtrip_test.go:144: Vibrance reset to 0: orig=-10 (may be due to Picture Control base mapping)
    roundtrip_test.go:144: Highlights: orig=-45 (expected loss: NP3 doesn't support this parameter)
    roundtrip_test.go:144: Shadows: orig=45 (expected loss: NP3 doesn't support this parameter)
=== CONT  TestRoundTrip_XMP_NP3_XMP/KDK_-_Portra_160_-_boost.xmp
=== CONT  TestRoundTrip_XMP_NP3_XMP/POL_-_Cinematic_-_boost.xmp
=== CONT  TestRoundTrip_XMP_NP3_XMP/KDK_-_Portra_400_++++.xmp#01
=== CONT  TestRoundTrip_XMP_NP3_XMP/POL_-_Mono.xmp#01
=== CONT  TestRoundTrip_XMP_NP3_XMP/Nikon_Z_f_Camera_Silence.xmp
=== CONT  TestRoundTrip_XMP_NP3_XMP/KDK_-_Portra_400_-_warm.xmp
=== CONT  TestRoundTrip_XMP_NP3_XMP/Nikon_Z_f_Camera_Sepia.xmp
=== CONT  TestRoundTrip_XMP_NP3_XMP/KDK_-_Portra.xmp
=== CONT  TestRoundTrip_XMP_NP3_XMP/KDK_-_Tri-X_400_+++.xmp
=== CONT  TestRoundTrip_XMP_NP3_XMP/KDK_-_Portra_800.xmp
=== NAME  TestRoundTrip_XMP_NP3_XMP/COLOR_-_Warm_Light.xmp#02
    roundtrip_test.go:144: Split toning saturation/balance: (expected loss: NP3 only supports hue)
    roundtrip_test.go:144: Split toning hue: orig shadow=60, highlight=56 (NP3 has limited split toning support)
=== CONT  TestRoundTrip_XMP_NP3_XMP/KDK_-_Portra_160_-_warm.xmp#01
=== CONT  TestRoundTrip_XMP_NP3_XMP/KDK_-_Plus_125_-_film.xmp
=== CONT  TestRoundTrip_XMP_NP3_XMP/KDK_-_Portra_160_-_film.xmp#01
=== NAME  TestRoundTrip_XMP_NP3_XMP/KDK_-_Kodachrome_64_++.xmp
    roundtrip_test.go:144: Vibrance reset to 0: orig=-10 (may be due to Picture Control base mapping)
    roundtrip_test.go:144: Highlights: orig=-18 (expected loss: NP3 doesn't support this parameter)
    roundtrip_test.go:144: Shadows: orig=18 (expected loss: NP3 doesn't support this parameter)
    roundtrip_test.go:144: Whites: orig=-12 (expected loss: NP3 doesn't support this parameter)
    roundtrip_test.go:144: Blacks: orig=28 (expected loss: NP3 doesn't support this parameter)
=== CONT  TestRoundTrip_XMP_NP3_XMP/KDK_-_Portra_160_-_cool.xmp#01
=== CONT  TestRoundTrip_XMP_NP3_XMP/KDK_-_Portra_800_-_warm.xmp
=== NAME  TestRoundTrip_XMP_NP3_XMP/POL_-_Mono.xmp#01
    roundtrip_test.go:144: Highlights: orig=-15 (expected loss: NP3 doesn't support this parameter)
    roundtrip_test.go:144: Shadows: orig=34 (expected loss: NP3 doesn't support this parameter)
    roundtrip_test.go:144: Whites: orig=-15 (expected loss: NP3 doesn't support this parameter)
    roundtrip_test.go:144: Blacks: orig=20 (expected loss: NP3 doesn't support this parameter)
=== CONT  TestRoundTrip_XMP_NP3_XMP/KDK_-_Kodachrome_64_++++.xmp
=== NAME  TestRoundTrip_XMP_NP3_XMP/KDK_-_Kodachrome_64_+.xmp
    roundtrip_test.go:144: Whites: orig=-10 (expected loss: NP3 doesn't support this parameter)
    roundtrip_test.go:144: Blacks: orig=33 (expected loss: NP3 doesn't support this parameter)
=== CONT  TestRoundTrip_XMP_NP3_XMP/KDK_-_Gold_200.xmp#01
=== NAME  TestRoundTrip_XMP_NP3_XMP/KDK_-_Portra_400_++++.xmp#01
    roundtrip_test.go:144: Highlights: orig=-20 (expected loss: NP3 doesn't support this parameter)
    roundtrip_test.go:144: Shadows: orig=20 (expected loss: NP3 doesn't support this parameter)
    roundtrip_test.go:144: Whites: orig=-10 (expected loss: NP3 doesn't support this parameter)
    roundtrip_test.go:144: Blacks: orig=20 (expected loss: NP3 doesn't support this parameter)
=== CONT  TestRoundTrip_XMP_NP3_XMP/KDK_-_Portra_800_-_film.xmp
=== NAME  TestRoundTrip_XMP_NP3_XMP/KDK_-_Portra_160_-_warm.xmp#01
    roundtrip_test.go:144: Highlights: orig=-28 (expected loss: NP3 doesn't support this parameter)
    roundtrip_test.go:144: Shadows: orig=28 (expected loss: NP3 doesn't support this parameter)
    roundtrip_test.go:144: Whites: orig=-38 (expected loss: NP3 doesn't support this parameter)
    roundtrip_test.go:144: Blacks: orig=22 (expected loss: NP3 doesn't support this parameter)
=== CONT  TestRoundTrip_XMP_NP3_XMP/KDK_-_Gold_200_-_warm.xmp#01
=== CONT  TestRoundTrip_XMP_NP3_XMP/KDK_-_Portra_160.xmp#01
=== CONT  TestRoundTrip_XMP_NP3_XMP/KDK_-_Kodachrome_64_+++.xmp
=== NAME  TestRoundTrip_XMP_NP3_XMP/KDK_-_Portra_160_-_film.xmp#01
    roundtrip_test.go:144: Highlights: orig=-22 (expected loss: NP3 doesn't support this parameter)
    roundtrip_test.go:144: Shadows: orig=22 (expected loss: NP3 doesn't support this parameter)
    roundtrip_test.go:144: Whites: orig=-22 (expected loss: NP3 doesn't support this parameter)
=== CONT  TestRoundTrip_XMP_NP3_XMP/KDK_-_Portra_160_-_boost.xmp#01
=== NAME  TestRoundTrip_XMP_NP3_XMP/KDK_-_Portra_160_-_cool.xmp#01
    roundtrip_test.go:144: Highlights: orig=-22 (expected loss: NP3 doesn't support this parameter)
    roundtrip_test.go:144: Shadows: orig=22 (expected loss: NP3 doesn't support this parameter)
    roundtrip_test.go:144: Whites: orig=-22 (expected loss: NP3 doesn't support this parameter)
    roundtrip_test.go:144: Blacks: orig=18 (expected loss: NP3 doesn't support this parameter)
=== CONT  TestRoundTrip_XMP_NP3_XMP/KDK_-_Portra_160_+.xmp#01
=== NAME  TestRoundTrip_XMP_NP3_XMP/KDK_-_Portra_160_-_film.xmp#01
    roundtrip_test.go:144: Blacks: orig=22 (expected loss: NP3 doesn't support this parameter)
=== CONT  TestRoundTrip_XMP_NP3_XMP/KDK_-_Gold_200_-_film.xmp#01
=== CONT  TestRoundTrip_XMP_NP3_XMP/KDK_-_Gold_200_-_cool.xmp#01
=== NAME  TestRoundTrip_XMP_NP3_XMP/POL_-_Cinematic_+++.xmp#01
    roundtrip_test.go:144: Highlights: orig=-25 (expected loss: NP3 doesn't support this parameter)
    roundtrip_test.go:144: Shadows: orig=20 (expected loss: NP3 doesn't support this parameter)
=== NAME  TestRoundTrip_XMP_NP3_XMP/KDK_-_Gold_200.xmp#01
    roundtrip_test.go:144: Highlights: orig=-58 (expected loss: NP3 doesn't support this parameter)
=== NAME  TestRoundTrip_XMP_NP3_XMP/KDK_-_Kodachrome_64_++++.xmp
    roundtrip_test.go:144: Vibrance reset to 0: orig=-8 (may be due to Picture Control base mapping)
=== NAME  TestRoundTrip_XMP_NP3_XMP/KDK_-_Gold_200_-_warm.xmp#01
    roundtrip_test.go:493: Clarity mismatch: orig=-8, final=-10 (diff=2, tolerance=1)
=== NAME  TestRoundTrip_XMP_NP3_XMP/KDK_-_Kodachrome_64_+++.xmp
    roundtrip_test.go:144: Highlights: orig=-45 (expected loss: NP3 doesn't support this parameter)
=== NAME  TestRoundTrip_XMP_NP3_XMP/KDK_-_Portra_160.xmp#01
    roundtrip_test.go:144: Highlights: orig=-36 (expected loss: NP3 doesn't support this parameter)
    roundtrip_test.go:144: Shadows: orig=37 (expected loss: NP3 doesn't support this parameter)
=== NAME  TestRoundTrip_XMP_NP3_XMP/KDK_-_Gold_200.xmp#01
    roundtrip_test.go:144: Shadows: orig=42 (expected loss: NP3 doesn't support this parameter)
    roundtrip_test.go:144: Whites: orig=-42 (expected loss: NP3 doesn't support this parameter)
=== NAME  TestRoundTrip_XMP_NP3_XMP/KDK_-_Portra_160.xmp#01
    roundtrip_test.go:144: Whites: orig=-22 (expected loss: NP3 doesn't support this parameter)
=== CONT  TestRoundTrip_XMP_NP3_XMP/KDK_-_Gold_200_-_boost.xmp#01
=== CONT  TestRoundTrip_XMP_NP3_XMP/KDK_-_Portra_160_++.xmp#01
=== NAME  TestRoundTrip_XMP_NP3_XMP/KDK_-_Portra_160_+.xmp#01
    roundtrip_test.go:144: Highlights: orig=-18 (expected loss: NP3 doesn't support this parameter)
=== NAME  TestRoundTrip_XMP_NP3_XMP/KDK_-_Gold_200_-_cool.xmp#01
    roundtrip_test.go:144: Highlights: orig=-38 (expected loss: NP3 doesn't support this parameter)
=== NAME  TestRoundTrip_XMP_NP3_XMP/KDK_-_Gold_200_-_film.xmp#01
    roundtrip_test.go:144: Highlights: orig=-60 (expected loss: NP3 doesn't support this parameter)
    roundtrip_test.go:144: Shadows: orig=38 (expected loss: NP3 doesn't support this parameter)
=== NAME  TestRoundTrip_XMP_NP3_XMP/KDK_-_Gold_200_-_cool.xmp#01
    roundtrip_test.go:144: Shadows: orig=18 (expected loss: NP3 doesn't support this parameter)
=== NAME  TestRoundTrip_XMP_NP3_XMP/KDK_-_Portra_160_-_boost.xmp#01
    roundtrip_test.go:144: Highlights: orig=-22 (expected loss: NP3 doesn't support this parameter)
=== NAME  TestRoundTrip_XMP_NP3_XMP/POL_-_Cinematic_+++.xmp#01
    roundtrip_test.go:144: Whites: orig=-10 (expected loss: NP3 doesn't support this parameter)
=== NAME  TestRoundTrip_XMP_NP3_XMP/KDK_-_Portra_160_-_boost.xmp#01
    roundtrip_test.go:144: Shadows: orig=30 (expected loss: NP3 doesn't support this parameter)
    roundtrip_test.go:144: Whites: orig=-22 (expected loss: NP3 doesn't support this parameter)
=== NAME  TestRoundTrip_XMP_NP3_XMP/POL_-_Cinematic_+++.xmp#01
    roundtrip_test.go:144: Blacks: orig=20 (expected loss: NP3 doesn't support this parameter)
=== NAME  TestRoundTrip_XMP_NP3_XMP/KDK_-_Portra_160_-_boost.xmp#01
    roundtrip_test.go:144: Blacks: orig=30 (expected loss: NP3 doesn't support this parameter)
=== CONT  TestRoundTrip_XMP_NP3_XMP/KDK_-_Portra_160_++++.xmp#01
=== NAME  TestRoundTrip_XMP_NP3_XMP/KDK_-_Gold_200_-_warm.xmp#01
    roundtrip_test.go:144: Highlights: orig=-38 (expected loss: NP3 doesn't support this parameter)
=== NAME  TestRoundTrip_XMP_NP3_XMP/KDK_-_Kodachrome_64_++++.xmp
    roundtrip_test.go:144: Highlights: orig=-35 (expected loss: NP3 doesn't support this parameter)
    roundtrip_test.go:144: Shadows: orig=35 (expected loss: NP3 doesn't support this parameter)
=== NAME  TestRoundTrip_XMP_NP3_XMP/KDK_-_Portra_160_++.xmp#01
    roundtrip_test.go:144: Highlights: orig=-22 (expected loss: NP3 doesn't support this parameter)
=== CONT  TestRoundTrip_XMP_NP3_XMP/KDK_-_Portra_-_warm.xmp#01
=== NAME  TestRoundTrip_XMP_NP3_XMP/KDK_-_Portra_160_++.xmp#01
    roundtrip_test.go:144: Shadows: orig=22 (expected loss: NP3 doesn't support this parameter)
    roundtrip_test.go:144: Whites: orig=-22 (expected loss: NP3 doesn't support this parameter)
    roundtrip_test.go:144: Blacks: orig=22 (expected loss: NP3 doesn't support this parameter)
=== CONT  TestRoundTrip_XMP_NP3_XMP/KDK_-_Portra_-_film.xmp#01
=== NAME  TestRoundTrip_XMP_NP3_XMP/KDK_-_Portra_160.xmp#01
    roundtrip_test.go:144: Blacks: orig=27 (expected loss: NP3 doesn't support this parameter)
=== CONT  TestRoundTrip_XMP_NP3_XMP/KDK_-_Portra_800_-_boost.xmp
=== NAME  TestRoundTrip_XMP_NP3_XMP/KDK_-_Portra_160_+.xmp#01
    roundtrip_test.go:144: Shadows: orig=20 (expected loss: NP3 doesn't support this parameter)
    roundtrip_test.go:144: Whites: orig=-10 (expected loss: NP3 doesn't support this parameter)
    roundtrip_test.go:144: Blacks: orig=22 (expected loss: NP3 doesn't support this parameter)
=== CONT  TestRoundTrip_XMP_NP3_XMP/KDK_-_Portra_-_cool.xmp#01
=== NAME  TestRoundTrip_XMP_NP3_XMP/KDK_-_Gold_200_-_cool.xmp#01
    roundtrip_test.go:144: Whites: orig=-28 (expected loss: NP3 doesn't support this parameter)
    roundtrip_test.go:144: Blacks: orig=22 (expected loss: NP3 doesn't support this parameter)
=== CONT  TestRoundTrip_XMP_NP3_XMP/KDK_-_Gold_200_++.xmp#01
=== CONT  TestRoundTrip_XMP_NP3_XMP/KDK_-_Portra_400_-_cool.xmp
=== NAME  TestRoundTrip_XMP_NP3_XMP/KDK_-_Gold_200_-_film.xmp#01
    roundtrip_test.go:144: Whites: orig=-38 (expected loss: NP3 doesn't support this parameter)
    roundtrip_test.go:144: Blacks: orig=28 (expected loss: NP3 doesn't support this parameter)
=== CONT  TestRoundTrip_XMP_NP3_XMP/KDK_-_Portra_-_boost.xmp#01
=== CONT  TestRoundTrip_XMP_NP3_XMP/KDK_-_Portra_160_+++.xmp#01
=== NAME  TestRoundTrip_XMP_NP3_XMP/KDK_-_Gold_200_-_warm.xmp#01
    roundtrip_test.go:144: Shadows: orig=22 (expected loss: NP3 doesn't support this parameter)
=== NAME  TestRoundTrip_XMP_NP3_XMP/KDK_-_Portra_-_warm.xmp#01
    roundtrip_test.go:144: Highlights: orig=-18 (expected loss: NP3 doesn't support this parameter)
=== NAME  TestRoundTrip_XMP_NP3_XMP/KDK_-_Gold_200_-_warm.xmp#01
    roundtrip_test.go:144: Whites: orig=-28 (expected loss: NP3 doesn't support this parameter)
=== NAME  TestRoundTrip_XMP_NP3_XMP/KDK_-_Portra_-_warm.xmp#01
    roundtrip_test.go:144: Shadows: orig=22 (expected loss: NP3 doesn't support this parameter)
=== NAME  TestRoundTrip_XMP_NP3_XMP/KDK_-_Kodachrome_64_+++.xmp
    roundtrip_test.go:144: Shadows: orig=45 (expected loss: NP3 doesn't support this parameter)
=== NAME  TestRoundTrip_XMP_NP3_XMP/KDK_-_Portra_160_++++.xmp#01
    roundtrip_test.go:144: Highlights: orig=-22 (expected loss: NP3 doesn't support this parameter)
=== NAME  TestRoundTrip_XMP_NP3_XMP/KDK_-_Gold_200_-_boost.xmp#01
    roundtrip_test.go:144: Highlights: orig=-38 (expected loss: NP3 doesn't support this parameter)
=== NAME  TestRoundTrip_XMP_NP3_XMP/KDK_-_Kodachrome_64_++++.xmp
    roundtrip_test.go:144: Whites: orig=-12 (expected loss: NP3 doesn't support this parameter)
=== NAME  TestRoundTrip_XMP_NP3_XMP/KDK_-_Gold_200_-_boost.xmp#01
    roundtrip_test.go:144: Shadows: orig=22 (expected loss: NP3 doesn't support this parameter)
    roundtrip_test.go:144: Whites: orig=-28 (expected loss: NP3 doesn't support this parameter)
=== NAME  TestRoundTrip_XMP_NP3_XMP/KDK_-_Gold_200.xmp#01
    roundtrip_test.go:144: Blacks: orig=32 (expected loss: NP3 doesn't support this parameter)
=== NAME  TestRoundTrip_XMP_NP3_XMP/KDK_-_Gold_200_-_boost.xmp#01
    roundtrip_test.go:144: Blacks: orig=22 (expected loss: NP3 doesn't support this parameter)
=== CONT  TestRoundTrip_XMP_NP3_XMP/KDK_-_Portra_400_++.xmp
=== NAME  TestRoundTrip_XMP_NP3_XMP/KDK_-_Kodachrome_64_++++.xmp
    roundtrip_test.go:144: Blacks: orig=28 (expected loss: NP3 doesn't support this parameter)
=== CONT  TestRoundTrip_XMP_NP3_XMP/KDK_-_Portra_400_+++.xmp
=== CONT  TestRoundTrip_XMP_NP3_XMP/KDK_-_Portra_400_+.xmp
=== CONT  TestRoundTrip_XMP_NP3_XMP/KDK_-_Portra_+.xmp#01
=== CONT  TestRoundTrip_XMP_NP3_XMP/KDK_-_Portra_400_-_boost.xmp
=== NAME  TestRoundTrip_XMP_NP3_XMP/KDK_-_Portra_-_film.xmp#01
    roundtrip_test.go:144: Highlights: orig=-22 (expected loss: NP3 doesn't support this parameter)
    roundtrip_test.go:144: Shadows: orig=22 (expected loss: NP3 doesn't support this parameter)
    roundtrip_test.go:144: Whites: orig=-17 (expected loss: NP3 doesn't support this parameter)
    roundtrip_test.go:144: Blacks: orig=17 (expected loss: NP3 doesn't support this parameter)
=== NAME  TestRoundTrip_XMP_NP3_XMP/KDK_-_Gold_200_-_warm.xmp#01
    roundtrip_test.go:144: Blacks: orig=18 (expected loss: NP3 doesn't support this parameter)
=== CONT  TestRoundTrip_XMP_NP3_XMP/KDK_-_Portra_400_++++.xmp
=== NAME  TestRoundTrip_XMP_NP3_XMP/KDK_-_Kodachrome_64_+++.xmp
    roundtrip_test.go:144: Whites: orig=-10 (expected loss: NP3 doesn't support this parameter)
    roundtrip_test.go:144: Blacks: orig=33 (expected loss: NP3 doesn't support this parameter)
=== CONT  TestRoundTrip_XMP_NP3_XMP/KDK_-_Portra_++.xmp#01
=== NAME  TestRoundTrip_XMP_NP3_XMP/KDK_-_Portra_-_warm.xmp#01
    roundtrip_test.go:144: Whites: orig=-8 (expected loss: NP3 doesn't support this parameter)
    roundtrip_test.go:144: Blacks: orig=22 (expected loss: NP3 doesn't support this parameter)
=== CONT  TestRoundTrip_XMP_NP3_XMP/KDK_-_Portra_800_+.xmp
=== NAME  TestRoundTrip_XMP_NP3_XMP/KDK_-_Portra_-_boost.xmp#01
    roundtrip_test.go:144: Highlights: orig=-30 (expected loss: NP3 doesn't support this parameter)
    roundtrip_test.go:144: Shadows: orig=30 (expected loss: NP3 doesn't support this parameter)
=== NAME  TestRoundTrip_XMP_NP3_XMP/KDK_-_Portra_160_+++.xmp#01
    roundtrip_test.go:144: Highlights: orig=-22 (expected loss: NP3 doesn't support this parameter)
=== NAME  TestRoundTrip_XMP_NP3_XMP/KDK_-_Portra_-_boost.xmp#01
    roundtrip_test.go:144: Whites: orig=-10 (expected loss: NP3 doesn't support this parameter)
=== NAME  TestRoundTrip_XMP_NP3_XMP/KDK_-_Portra_160_+++.xmp#01
    roundtrip_test.go:144: Shadows: orig=22 (expected loss: NP3 doesn't support this parameter)
=== NAME  TestRoundTrip_XMP_NP3_XMP/KDK_-_Portra_-_boost.xmp#01
    roundtrip_test.go:144: Blacks: orig=24 (expected loss: NP3 doesn't support this parameter)
=== NAME  TestRoundTrip_XMP_NP3_XMP/KDK_-_Portra_160_+++.xmp#01
    roundtrip_test.go:144: Whites: orig=-22 (expected loss: NP3 doesn't support this parameter)
    roundtrip_test.go:144: Blacks: orig=22 (expected loss: NP3 doesn't support this parameter)
=== CONT  TestRoundTrip_XMP_NP3_XMP/KDK_-_Portra_800_++.xmp
=== NAME  TestRoundTrip_XMP_NP3_XMP/KDK_-_Portra_+.xmp#01
    roundtrip_test.go:144: Highlights: orig=-10 (expected loss: NP3 doesn't support this parameter)
    roundtrip_test.go:144: Shadows: orig=25 (expected loss: NP3 doesn't support this parameter)
    roundtrip_test.go:144: Whites: orig=-10 (expected loss: NP3 doesn't support this parameter)
    roundtrip_test.go:144: Blacks: orig=25 (expected loss: NP3 doesn't support this parameter)
=== CONT  TestRoundTrip_XMP_NP3_XMP/POL_-_Cinematic_++++.xmp#01
=== CONT  TestRoundTrip_XMP_NP3_XMP/KDK_-_Plus_125_-_boost.xmp
=== CONT  TestRoundTrip_XMP_NP3_XMP/KDK_-_Portra_160.xmp
=== CONT  TestRoundTrip_XMP_NP3_XMP/KDK_-_Portra_800_-_cool.xmp
=== NAME  TestRoundTrip_XMP_NP3_XMP/KDK_-_Portra_++.xmp#01
    roundtrip_test.go:144: Highlights: orig=-10 (expected loss: NP3 doesn't support this parameter)
    roundtrip_test.go:144: Shadows: orig=25 (expected loss: NP3 doesn't support this parameter)
=== NAME  TestRoundTrip_XMP_NP3_XMP/KDK_-_Gold_200_++.xmp#01
    roundtrip_test.go:144: Highlights: orig=-40 (expected loss: NP3 doesn't support this parameter)
=== CONT  TestRoundTrip_XMP_NP3_XMP/KDK_-_Portra_160_-_warm.xmp
=== NAME  TestRoundTrip_XMP_NP3_XMP/KDK_-_Gold_200_++.xmp#01
    roundtrip_test.go:144: Shadows: orig=22 (expected loss: NP3 doesn't support this parameter)
    roundtrip_test.go:144: Whites: orig=-15 (expected loss: NP3 doesn't support this parameter)
    roundtrip_test.go:144: Blacks: orig=32 (expected loss: NP3 doesn't support this parameter)
=== NAME  TestRoundTrip_XMP_NP3_XMP/KDK_-_Portra_-_cool.xmp#01
    roundtrip_test.go:144: Highlights: orig=-18 (expected loss: NP3 doesn't support this parameter)
=== CONT  TestRoundTrip_XMP_NP3_XMP/KDK_-_Gold_200_+++.xmp#01
=== NAME  TestRoundTrip_XMP_NP3_XMP/POL_-_Cinematic_++++.xmp#01
    roundtrip_test.go:144: Highlights: orig=-34 (expected loss: NP3 doesn't support this parameter)
    roundtrip_test.go:144: Shadows: orig=27 (expected loss: NP3 doesn't support this parameter)
    roundtrip_test.go:144: Whites: orig=-1 (expected loss: NP3 doesn't support this parameter)
    roundtrip_test.go:144: Blacks: orig=15 (expected loss: NP3 doesn't support this parameter)
=== CONT  TestRoundTrip_XMP_NP3_XMP/KDK_-_Gold_200_+.xmp#01
=== NAME  TestRoundTrip_XMP_NP3_XMP/KDK_-_Portra_160_++++.xmp#01
    roundtrip_test.go:144: Shadows: orig=22 (expected loss: NP3 doesn't support this parameter)
    roundtrip_test.go:144: Whites: orig=-22 (expected loss: NP3 doesn't support this parameter)
    roundtrip_test.go:144: Blacks: orig=22 (expected loss: NP3 doesn't support this parameter)
=== CONT  TestRoundTrip_XMP_NP3_XMP/KDK_-_Gold_200_-_film.xmp
=== CONT  TestRoundTrip_XMP_NP3_XMP/KDK_-_Plus_125_++.xmp
=== NAME  TestRoundTrip_XMP_NP3_XMP/KDK_-_Portra_++.xmp#01
    roundtrip_test.go:144: Whites: orig=-10 (expected loss: NP3 doesn't support this parameter)
    roundtrip_test.go:144: Blacks: orig=25 (expected loss: NP3 doesn't support this parameter)
=== CONT  TestRoundTrip_XMP_NP3_XMP/KDK_-_Portra_160_-_film.xmp
=== CONT  TestRoundTrip_XMP_NP3_XMP/Lens_on.xmp#03
=== CONT  TestRoundTrip_XMP_NP3_XMP/KDK_-_Portra_160_-_cool.xmp
=== NAME  TestRoundTrip_XMP_NP3_XMP/KDK_-_Portra_-_cool.xmp#01
    roundtrip_test.go:144: Shadows: orig=20 (expected loss: NP3 doesn't support this parameter)
=== CONT  TestRoundTrip_XMP_NP3_XMP/KDK_-_Plus_125_+.xmp
=== NAME  TestRoundTrip_XMP_NP3_XMP/KDK_-_Portra_-_cool.xmp#01
    roundtrip_test.go:144: Whites: orig=-10 (expected loss: NP3 doesn't support this parameter)
    roundtrip_test.go:144: Blacks: orig=15 (expected loss: NP3 doesn't support this parameter)
=== CONT  TestRoundTrip_XMP_NP3_XMP/Lens_off.xmp#03
=== CONT  TestRoundTrip_XMP_NP3_XMP/LIGHTING_-_Tungsten.xmp#03
=== CONT  TestRoundTrip_XMP_NP3_XMP/KDK_-_Plus_125_+++.xmp
=== NAME  TestRoundTrip_XMP_NP3_XMP/KDK_-_Gold_200_+++.xmp#01
    roundtrip_test.go:144: Highlights: orig=-45 (expected loss: NP3 doesn't support this parameter)
    roundtrip_test.go:144: Shadows: orig=22 (expected loss: NP3 doesn't support this parameter)
    roundtrip_test.go:144: Whites: orig=-28 (expected loss: NP3 doesn't support this parameter)
    roundtrip_test.go:144: Blacks: orig=22 (expected loss: NP3 doesn't support this parameter)
=== CONT  TestRoundTrip_XMP_NP3_XMP/KDK_-_Kodachrome_64_6.xmp
=== NAME  TestRoundTrip_XMP_NP3_XMP/KDK_-_Gold_200_+.xmp#01
    roundtrip_test.go:144: Highlights: orig=-48 (expected loss: NP3 doesn't support this parameter)
    roundtrip_test.go:144: Shadows: orig=28 (expected loss: NP3 doesn't support this parameter)
    roundtrip_test.go:144: Whites: orig=-38 (expected loss: NP3 doesn't support this parameter)
    roundtrip_test.go:144: Blacks: orig=22 (expected loss: NP3 doesn't support this parameter)
=== CONT  TestRoundTrip_XMP_NP3_XMP/LIGHTING_-_Shade.xmp#03
=== CONT  TestRoundTrip_XMP_NP3_XMP/LIGHTING_-_Fluorescent.xmp#03
=== CONT  TestRoundTrip_XMP_NP3_XMP/KDK_-_Gold_200_-_cool.xmp
=== CONT  TestRoundTrip_XMP_NP3_XMP/LIGHTING_-_Flash.xmp#03
=== CONT  TestRoundTrip_XMP_NP3_XMP/KDK_-_Gold_200_-_boost.xmp
=== CONT  TestRoundTrip_XMP_NP3_XMP/LIGHTING_-_Daylight.xmp#03
=== CONT  TestRoundTrip_XMP_NP3_XMP/KDK_-_Gold_200_+.xmp
=== CONT  TestRoundTrip_XMP_NP3_XMP/KDK_-_Kodachrome_64_5.xmp
=== CONT  TestRoundTrip_XMP_NP3_XMP/KDK_-_Portra_400_-_boost.xmp#01
=== CONT  TestRoundTrip_XMP_NP3_XMP/KDK_-_Kodachrome_64_4.xmp
=== CONT  TestRoundTrip_XMP_NP3_XMP/POL_-_Mono_-_film.xmp#01
=== CONT  TestRoundTrip_XMP_NP3_XMP/LIGHTING_-_Cloudy.xmp#03
=== CONT  TestRoundTrip_XMP_NP3_XMP/POL_-_Mono_-_boost.xmp#01
=== CONT  TestRoundTrip_XMP_NP3_XMP/POL_-_Mono_+.xmp#01
=== CONT  TestRoundTrip_XMP_NP3_XMP/POL_-_Mono_++.xmp#01
=== NAME  TestRoundTrip_XMP_NP3_XMP/POL_-_Mono_-_boost.xmp#01
    roundtrip_test.go:144: Highlights: orig=-10 (expected loss: NP3 doesn't support this parameter)
    roundtrip_test.go:144: Shadows: orig=10 (expected loss: NP3 doesn't support this parameter)
=== NAME  TestRoundTrip_XMP_NP3_XMP/KDK_-_Portra_400_-_boost.xmp#01
    roundtrip_test.go:144: Highlights: orig=-20 (expected loss: NP3 doesn't support this parameter)
=== CONT  TestRoundTrip_XMP_NP3_XMP/KDK_-_Gold_200_++.xmp
=== NAME  TestRoundTrip_XMP_NP3_XMP/KDK_-_Portra_400_-_boost.xmp#01
    roundtrip_test.go:144: Shadows: orig=20 (expected loss: NP3 doesn't support this parameter)
=== NAME  TestRoundTrip_XMP_NP3_XMP/POL_-_Mono_+.xmp#01
    roundtrip_test.go:144: Highlights: orig=-15 (expected loss: NP3 doesn't support this parameter)
=== NAME  TestRoundTrip_XMP_NP3_XMP/KDK_-_Portra_400_-_boost.xmp#01
    roundtrip_test.go:144: Whites: orig=-10 (expected loss: NP3 doesn't support this parameter)
=== NAME  TestRoundTrip_XMP_NP3_XMP/POL_-_Mono_+.xmp#01
    roundtrip_test.go:144: Shadows: orig=20 (expected loss: NP3 doesn't support this parameter)
=== NAME  TestRoundTrip_XMP_NP3_XMP/KDK_-_Portra_400_-_boost.xmp#01
    roundtrip_test.go:144: Blacks: orig=20 (expected loss: NP3 doesn't support this parameter)
=== NAME  TestRoundTrip_XMP_NP3_XMP/POL_-_Mono_+.xmp#01
    roundtrip_test.go:144: Whites: orig=-15 (expected loss: NP3 doesn't support this parameter)
=== NAME  TestRoundTrip_XMP_NP3_XMP/POL_-_Mono_-_film.xmp#01
    roundtrip_test.go:144: Highlights: orig=-10 (expected loss: NP3 doesn't support this parameter)
=== CONT  TestRoundTrip_XMP_NP3_XMP/POL_-_Mono_+++.xmp#01
=== NAME  TestRoundTrip_XMP_NP3_XMP/POL_-_Mono_+.xmp#01
    roundtrip_test.go:144: Blacks: orig=10 (expected loss: NP3 doesn't support this parameter)
=== NAME  TestRoundTrip_XMP_NP3_XMP/POL_-_Mono_-_boost.xmp#01
    roundtrip_test.go:144: Whites: orig=-10 (expected loss: NP3 doesn't support this parameter)
=== CONT  TestRoundTrip_XMP_NP3_XMP/KDK_-_Gold_200_+++.xmp
=== NAME  TestRoundTrip_XMP_NP3_XMP/POL_-_Mono_-_film.xmp#01
    roundtrip_test.go:144: Shadows: orig=10 (expected loss: NP3 doesn't support this parameter)
=== CONT  TestRoundTrip_XMP_NP3_XMP/KDK_-_Gold_200_++++.xmp
=== NAME  TestRoundTrip_XMP_NP3_XMP/POL_-_Mono_-_film.xmp#01
    roundtrip_test.go:144: Whites: orig=-5 (expected loss: NP3 doesn't support this parameter)
=== CONT  TestRoundTrip_XMP_NP3_XMP/KDK_-_Portra_160_+.xmp
=== CONT  TestRoundTrip_XMP_NP3_XMP/KDK_-_Elite_100.xmp
=== NAME  TestRoundTrip_XMP_NP3_XMP/POL_-_Mono_++.xmp#01
    roundtrip_test.go:144: Highlights: orig=-10 (expected loss: NP3 doesn't support this parameter)
    roundtrip_test.go:144: Shadows: orig=18 (expected loss: NP3 doesn't support this parameter)
    roundtrip_test.go:144: Whites: orig=-10 (expected loss: NP3 doesn't support this parameter)
    roundtrip_test.go:144: Blacks: orig=-10 (expected loss: NP3 doesn't support this parameter)
=== CONT  TestRoundTrip_XMP_NP3_XMP/LIGHTING_-_Auto_Set.xmp#03
=== CONT  TestRoundTrip_XMP_NP3_XMP/KDK_-_Elite_100_-_warm.xmp
=== CONT  TestRoundTrip_XMP_NP3_XMP/KDK_-_Elite_100_-_film.xmp
=== CONT  TestRoundTrip_XMP_NP3_XMP/KDK_-_Portra_+++.xmp#01
=== CONT  TestRoundTrip_XMP_NP3_XMP/KDK_-_Portra_160_++.xmp
=== NAME  TestRoundTrip_XMP_NP3_XMP/POL_-_Mono_+++.xmp#01
    roundtrip_test.go:144: Highlights: orig=-12 (expected loss: NP3 doesn't support this parameter)
    roundtrip_test.go:144: Shadows: orig=12 (expected loss: NP3 doesn't support this parameter)
    roundtrip_test.go:144: Blacks: orig=-10 (expected loss: NP3 doesn't support this parameter)
=== CONT  TestRoundTrip_XMP_NP3_XMP/KDK_-_Portra_++++.xmp#01
=== CONT  TestRoundTrip_XMP_NP3_XMP/KDK_-_Elite_100_-_cool.xmp
=== CONT  TestRoundTrip_XMP_NP3_XMP/KDK_-_Portra_160_+++.xmp
=== CONT  TestRoundTrip_XMP_NP3_XMP/KDK_-_Kodachrome_64.xmp#01
=== CONT  TestRoundTrip_XMP_NP3_XMP/KDK_-_Portra_160_++++.xmp
=== CONT  TestRoundTrip_XMP_NP3_XMP/KDK_-_Kodachrome_64_-_warm.xmp
=== NAME  TestRoundTrip_XMP_NP3_XMP/KDK_-_Portra_++++.xmp#01
    roundtrip_test.go:144: Highlights: orig=-10 (expected loss: NP3 doesn't support this parameter)
    roundtrip_test.go:144: Shadows: orig=25 (expected loss: NP3 doesn't support this parameter)
    roundtrip_test.go:144: Whites: orig=-10 (expected loss: NP3 doesn't support this parameter)
    roundtrip_test.go:144: Blacks: orig=25 (expected loss: NP3 doesn't support this parameter)
=== CONT  TestRoundTrip_XMP_NP3_XMP/KDK_-_Gold_200_++++.xmp#01
=== NAME  TestRoundTrip_XMP_NP3_XMP/KDK_-_Kodachrome_64.xmp#01
    roundtrip_test.go:144: Vibrance reset to 0: orig=-10 (may be due to Picture Control base mapping)
    roundtrip_test.go:144: Highlights: orig=-51 (expected loss: NP3 doesn't support this parameter)
    roundtrip_test.go:144: Shadows: orig=55 (expected loss: NP3 doesn't support this parameter)
    roundtrip_test.go:144: Whites: orig=-20 (expected loss: NP3 doesn't support this parameter)
    roundtrip_test.go:144: Blacks: orig=18 (expected loss: NP3 doesn't support this parameter)
    roundtrip_test.go:144: Split toning hue: orig shadow=199, highlight=61 (NP3 has limited split toning support)
=== CONT  TestRoundTrip_XMP_NP3_XMP/KDK_-_Elite_100_++++.xmp
=== NAME  TestRoundTrip_XMP_NP3_XMP/KDK_-_Kodachrome_64_-_warm.xmp
    roundtrip_test.go:144: Vibrance reset to 0: orig=-5 (may be due to Picture Control base mapping)
    roundtrip_test.go:144: Highlights: orig=-45 (expected loss: NP3 doesn't support this parameter)
    roundtrip_test.go:144: Shadows: orig=45 (expected loss: NP3 doesn't support this parameter)
    roundtrip_test.go:144: Whites: orig=-10 (expected loss: NP3 doesn't support this parameter)
    roundtrip_test.go:144: Blacks: orig=33 (expected loss: NP3 doesn't support this parameter)
=== CONT  TestRoundTrip_XMP_NP3_XMP/KDK_-_Kodachrome_64_3.xmp
=== CONT  TestRoundTrip_XMP_NP3_XMP/KDK_-_Ektar_100.xmp
=== NAME  TestRoundTrip_XMP_NP3_XMP/KDK_-_Gold_200_++++.xmp#01
    roundtrip_test.go:144: Highlights: orig=-35 (expected loss: NP3 doesn't support this parameter)
    roundtrip_test.go:144: Shadows: orig=22 (expected loss: NP3 doesn't support this parameter)
    roundtrip_test.go:144: Whites: orig=-30 (expected loss: NP3 doesn't support this parameter)
    roundtrip_test.go:144: Blacks: orig=20 (expected loss: NP3 doesn't support this parameter)
=== CONT  TestRoundTrip_XMP_NP3_XMP/KDK_-_Kodachrome_64_2.xmp
=== CONT  TestRoundTrip_XMP_NP3_XMP/KDK_-_Portra_-_warm.xmp
=== CONT  TestRoundTrip_XMP_NP3_XMP/KDK_-_Elite_100_+++.xmp
=== CONT  TestRoundTrip_XMP_NP3_XMP/KDK_-_Elite_100.xmp#01
=== NAME  TestRoundTrip_XMP_NP3_XMP/KDK_-_Portra_+++.xmp#01
    roundtrip_test.go:144: Highlights: orig=-10 (expected loss: NP3 doesn't support this parameter)
    roundtrip_test.go:144: Shadows: orig=25 (expected loss: NP3 doesn't support this parameter)
    roundtrip_test.go:144: Whites: orig=-6 (expected loss: NP3 doesn't support this parameter)
    roundtrip_test.go:144: Blacks: orig=25 (expected loss: NP3 doesn't support this parameter)
=== CONT  TestRoundTrip_XMP_NP3_XMP/KDK_-_Portra_400_+.xmp#01
=== CONT  TestRoundTrip_XMP_NP3_XMP/KDK_-_Kodachrome_64_1.xmp
=== CONT  TestRoundTrip_XMP_NP3_XMP/KDK_-_Ektar_100_-_warm.xmp
=== CONT  TestRoundTrip_XMP_NP3_XMP/KDK_-_Kodachrome_64.xmp
=== CONT  TestRoundTrip_XMP_NP3_XMP/KDK_-_Ektar_100_-_film.xmp
=== CONT  TestRoundTrip_XMP_NP3_XMP/KDK_-_Gold_200.xmp
=== CONT  TestRoundTrip_XMP_NP3_XMP/KDK_-_Gold_200_-_warm.xmp
=== NAME  TestRoundTrip_XMP_NP3_XMP/KDK_-_Portra_400_+.xmp#01
    roundtrip_test.go:144: Highlights: orig=-23 (expected loss: NP3 doesn't support this parameter)
    roundtrip_test.go:144: Shadows: orig=23 (expected loss: NP3 doesn't support this parameter)
    roundtrip_test.go:144: Whites: orig=-10 (expected loss: NP3 doesn't support this parameter)
    roundtrip_test.go:144: Blacks: orig=23 (expected loss: NP3 doesn't support this parameter)
=== CONT  TestRoundTrip_XMP_NP3_XMP/KDK_-_Ektar_100_-_cool.xmp
=== CONT  TestRoundTrip_XMP_NP3_XMP/KDK_-_Echrome_64_-_warm.xmp
=== NAME  TestRoundTrip_XMP_NP3_XMP/KDK_-_Elite_100.xmp#01
    roundtrip_test.go:144: Highlights: orig=-28 (expected loss: NP3 doesn't support this parameter)
    roundtrip_test.go:144: Shadows: orig=22 (expected loss: NP3 doesn't support this parameter)
    roundtrip_test.go:144: Whites: orig=-38 (expected loss: NP3 doesn't support this parameter)
    roundtrip_test.go:144: Blacks: orig=45 (expected loss: NP3 doesn't support this parameter)
=== CONT  TestRoundTrip_XMP_NP3_XMP/KDK_-_Elite_100_-_warm.xmp#01
=== CONT  TestRoundTrip_XMP_NP3_XMP/KDK_-_Echrome_64.xmp
=== CONT  TestRoundTrip_XMP_NP3_XMP/KDK_-_Elite_100_-_film.xmp#01
=== CONT  TestRoundTrip_XMP_NP3_XMP/KDK_-_Ektar_100_-_boost.xmp
=== CONT  TestRoundTrip_XMP_NP3_XMP/KDK_-_Ektar_100_+.xmp
=== CONT  TestRoundTrip_XMP_NP3_XMP/KDK_-_Echrome_200_-_boost.xmp
=== CONT  TestRoundTrip_XMP_NP3_XMP/KDK_-_Ektar_100_++.xmp
=== CONT  TestRoundTrip_XMP_NP3_XMP/KDK_-_Echrome_200_+.xmp
=== CONT  TestRoundTrip_XMP_NP3_XMP/KDK_-_Ektar_100_+++.xmp
=== CONT  TestRoundTrip_XMP_NP3_XMP/KDK_-_Echrome_200_++.xmp
=== CONT  TestRoundTrip_XMP_NP3_XMP/KDK_-_Ektar_100_++++.xmp
=== CONT  TestRoundTrip_XMP_NP3_XMP/KDK_-_Echrome.xmp
=== CONT  TestRoundTrip_XMP_NP3_XMP/KDK_-_Elite_100_-_boost.xmp
=== CONT  TestRoundTrip_XMP_NP3_XMP/KDK_-_Echrome_100_++.xmp
=== CONT  TestRoundTrip_XMP_NP3_XMP/KDK_-_Elite_100_+.xmp
=== CONT  TestRoundTrip_XMP_NP3_XMP/FUJ_-_XPro.xmp#01
=== CONT  TestRoundTrip_XMP_NP3_XMP/KDK_-_Portra_400_++.xmp#01
=== CONT  TestRoundTrip_XMP_NP3_XMP/KDK_-_Elite_100_++.xmp
=== CONT  TestRoundTrip_XMP_NP3_XMP/FUJ_-_XPro_-_warm.xmp#01
=== NAME  TestRoundTrip_XMP_NP3_XMP/KDK_-_Elite_100_-_film.xmp#01
    roundtrip_test.go:144: Highlights: orig=-23 (expected loss: NP3 doesn't support this parameter)
    roundtrip_test.go:144: Shadows: orig=23 (expected loss: NP3 doesn't support this parameter)
    roundtrip_test.go:144: Whites: orig=-33 (expected loss: NP3 doesn't support this parameter)
    roundtrip_test.go:144: Blacks: orig=38 (expected loss: NP3 doesn't support this parameter)
=== CONT  TestRoundTrip_XMP_NP3_XMP/KDK_-_Echrome_200_+++.xmp
=== NAME  TestRoundTrip_XMP_NP3_XMP/KDK_-_Portra_400_++.xmp#01
    roundtrip_test.go:144: Highlights: orig=-25 (expected loss: NP3 doesn't support this parameter)
    roundtrip_test.go:144: Shadows: orig=25 (expected loss: NP3 doesn't support this parameter)
    roundtrip_test.go:144: Whites: orig=-6 (expected loss: NP3 doesn't support this parameter)
    roundtrip_test.go:144: Blacks: orig=25 (expected loss: NP3 doesn't support this parameter)
=== CONT  TestRoundTrip_XMP_NP3_XMP/FUJ_-_XPro_-_film.xmp#01
=== CONT  TestRoundTrip_XMP_NP3_XMP/KDK_-_Echrome_200_++++.xmp
=== CONT  TestRoundTrip_XMP_NP3_XMP/KDK_-_Echrome_100_+++.xmp
=== CONT  TestRoundTrip_XMP_NP3_XMP/KDK_-_Echrome_100_++++.xmp
=== CONT  TestRoundTrip_XMP_NP3_XMP/KDK_-_Echrome_100.xmp
=== CONT  TestRoundTrip_XMP_NP3_XMP/FUJ_-_Velvia_100_-_warm.xmp#01
=== CONT  TestRoundTrip_XMP_NP3_XMP/FUJ_-_Velvia_100_-_cool.xmp#01
=== CONT  TestRoundTrip_XMP_NP3_XMP/KDK_-_Echrome_100_-_warm.xmp
=== CONT  TestRoundTrip_XMP_NP3_XMP/KDK_-_Echrome_-_warm.xmp
=== CONT  TestRoundTrip_XMP_NP3_XMP/FUJ_-_Velvia_100_-_film.xmp#01
=== CONT  TestRoundTrip_XMP_NP3_XMP/FUJ_-_XPro_-_boost.xmp#01
=== CONT  TestRoundTrip_XMP_NP3_XMP/FUJ_-_Velvia_100_-_boost.xmp#01
=== CONT  TestRoundTrip_XMP_NP3_XMP/FUJ_-_Velvia_100_+.xmp#01
=== CONT  TestRoundTrip_XMP_NP3_XMP/FUJ_-_XPro_-_cool.xmp#01
=== CONT  TestRoundTrip_XMP_NP3_XMP/FUJ_-_Superia_800_-_film.xmp#01
=== CONT  TestRoundTrip_XMP_NP3_XMP/FUJ_-_Velvia_100_++.xmp#01
=== CONT  TestRoundTrip_XMP_NP3_XMP/LIGHTING_-_As_Shot.xmp#03
=== CONT  TestRoundTrip_XMP_NP3_XMP/KDK_-_Echrome_-_film.xmp
=== CONT  TestRoundTrip_XMP_NP3_XMP/KDK_-_Echrome_-_cool.xmp
=== CONT  TestRoundTrip_XMP_NP3_XMP/KDK_-_Echrome_-_boost.xmp
=== CONT  TestRoundTrip_XMP_NP3_XMP/KDK_-_Echrome_64_-_film.xmp
=== CONT  TestRoundTrip_XMP_NP3_XMP/FUJ_-_Superia_800_-_cool.xmp#01
=== CONT  TestRoundTrip_XMP_NP3_XMP/Lens_on.xmp#04
=== CONT  TestRoundTrip_XMP_NP3_XMP/FINISH_-_Washed.xmp#03
=== CONT  TestRoundTrip_XMP_NP3_XMP/Lens_off.xmp#04
=== CONT  TestRoundTrip_XMP_NP3_XMP/LIGHTING_-_Tungsten.xmp#04
=== CONT  TestRoundTrip_XMP_NP3_XMP/FUJ_-_XPro_+.xmp#01
=== CONT  TestRoundTrip_XMP_NP3_XMP/KDK_-_Echrome_64_-_cool.xmp
=== CONT  TestRoundTrip_XMP_NP3_XMP/KDK_-_Echrome_64_-_boost.xmp
=== CONT  TestRoundTrip_XMP_NP3_XMP/FUJ_-_XPro_+++.xmp#01
=== CONT  TestRoundTrip_XMP_NP3_XMP/FINISH_-_Vintage.xmp#03
=== CONT  TestRoundTrip_XMP_NP3_XMP/FUJ_-_XPro_++++.xmp#01
=== CONT  TestRoundTrip_XMP_NP3_XMP/KDK_-_Echrome_+.xmp
=== CONT  TestRoundTrip_XMP_NP3_XMP/LIGHTING_-_Shade.xmp#04
=== CONT  TestRoundTrip_XMP_NP3_XMP/FUJ_-_XPro_++.xmp#01
=== CONT  TestRoundTrip_XMP_NP3_XMP/FUJ_-_Superia_800_-_boost.xmp#01
=== CONT  TestRoundTrip_XMP_NP3_XMP/Nikon_Z_f_Camera_Red.xmp
=== CONT  TestRoundTrip_XMP_NP3_XMP/FUJ_-_Superia_800_+.xmp#01
=== CONT  TestRoundTrip_XMP_NP3_XMP/FUJ_-_Superia_400_-_boost.xmp#01
=== CONT  TestRoundTrip_XMP_NP3_XMP/FUJ_-_Superia_400_+.xmp#01
=== CONT  TestRoundTrip_XMP_NP3_XMP/FUJ_-_Superia_400_++.xmp#01
=== CONT  TestRoundTrip_XMP_NP3_XMP/FUJ_-_Superia_400_+++.xmp#01
=== CONT  TestRoundTrip_XMP_NP3_XMP/FUJ_-_Superia_400_++++.xmp#01
=== CONT  TestRoundTrip_XMP_NP3_XMP/FUJ_-_Velvia_100.xmp#01
=== CONT  TestRoundTrip_XMP_NP3_XMP/FUJ_-_Sensia_100_-_warm.xmp#01
=== CONT  TestRoundTrip_XMP_NP3_XMP/FUJ_-_Superia_800_++.xmp#01
=== CONT  TestRoundTrip_XMP_NP3_XMP/FUJ_-_Sensia_100_-_film.xmp#01
=== CONT  TestRoundTrip_XMP_NP3_XMP/FUJ_-_Sensia_100_-_cool.xmp#01
=== CONT  TestRoundTrip_XMP_NP3_XMP/FUJ_-_Sensia_100.xmp#01
=== CONT  TestRoundTrip_XMP_NP3_XMP/KDK_-_Echrome_++.xmp
=== CONT  TestRoundTrip_XMP_NP3_XMP/FUJ_-_Sensia_100_-_boost.xmp#01
=== CONT  TestRoundTrip_XMP_NP3_XMP/KDK_-_Echrome_+++.xmp
=== CONT  TestRoundTrip_XMP_NP3_XMP/FUJ_-_Provia_100F_-_boost.xmp#01
=== CONT  TestRoundTrip_XMP_NP3_XMP/KDK_-_Echrome_++++.xmp
=== CONT  TestRoundTrip_XMP_NP3_XMP/FUJ_-_Provia_100F_+.xmp#01
=== CONT  TestRoundTrip_XMP_NP3_XMP/FUJ_-_PRO_160_-_boost.xmp#01
=== CONT  TestRoundTrip_XMP_NP3_XMP/FUJ_-_Provia_100F_++++.xmp#01
=== CONT  TestRoundTrip_XMP_NP3_XMP/KDK_-_Portra_-_film.xmp
=== CONT  TestRoundTrip_XMP_NP3_XMP/FUJ_-_Sensia_100_+.xmp#01
=== CONT  TestRoundTrip_XMP_NP3_XMP/FUJ_-_Provia_100F_+++.xmp#01
=== CONT  TestRoundTrip_XMP_NP3_XMP/LIGHTING_-_Fluorescent.xmp#04
=== CONT  TestRoundTrip_XMP_NP3_XMP/FUJ_-_PRO_160_+.xmp#01
=== CONT  TestRoundTrip_XMP_NP3_XMP/FUJ_-_Sensia_100_++.xmp#01
=== CONT  TestRoundTrip_XMP_NP3_XMP/FUJ_-_PRO_160_+++.xmp#01
=== CONT  TestRoundTrip_XMP_NP3_XMP/KDK_-_Portra_-_cool.xmp
=== CONT  TestRoundTrip_XMP_NP3_XMP/FUJ_-_PRO_160_-_cool.xmp#01
=== CONT  TestRoundTrip_XMP_NP3_XMP/FUJ_-_Provia_100F_++.xmp#01
=== CONT  TestRoundTrip_XMP_NP3_XMP/FUJ_-_Superia_800_+++.xmp#01
=== CONT  TestRoundTrip_XMP_NP3_XMP/FUJ_-_PRO_160_++++.xmp#01
=== CONT  TestRoundTrip_XMP_NP3_XMP/FUJ_-_Sensia_100_+++.xmp#01
=== CONT  TestRoundTrip_XMP_NP3_XMP/FUJ_-_Neopan.xmp
=== CONT  TestRoundTrip_XMP_NP3_XMP/FUJ_-_PRO_160_++.xmp#01
=== CONT  TestRoundTrip_XMP_NP3_XMP/LIGHTING_-_Flash.xmp#04
=== CONT  TestRoundTrip_XMP_NP3_XMP/FUJ_-_Neopan_-_film.xmp
=== CONT  TestRoundTrip_XMP_NP3_XMP/LIGHTING_-_Daylight.xmp#04
=== CONT  TestRoundTrip_XMP_NP3_XMP/KDK_-_Portra_-_boost.xmp
=== CONT  TestRoundTrip_XMP_NP3_XMP/FUJ_-_Neopan_-_boost.xmp
=== CONT  TestRoundTrip_XMP_NP3_XMP/KDK_-_Portra_+.xmp
=== CONT  TestRoundTrip_XMP_NP3_XMP/FUJ_-_PRO_160.xmp#01
=== CONT  TestRoundTrip_XMP_NP3_XMP/FUJ_-_Sensia_100_++++.xmp#01
=== CONT  TestRoundTrip_XMP_NP3_XMP/FUJ_-_PRO_160_-_warm.xmp#01
=== CONT  TestRoundTrip_XMP_NP3_XMP/FUJ_-_Provia_100F.xmp#01
=== CONT  TestRoundTrip_XMP_NP3_XMP/KDK_-_Portra_++.xmp
=== CONT  TestRoundTrip_XMP_NP3_XMP/KDK_-_Portra_+++.xmp
=== CONT  TestRoundTrip_XMP_NP3_XMP/KDK_-_Portra_++++.xmp
=== CONT  TestRoundTrip_XMP_NP3_XMP/FUJ_-_Provia_100F_-_warm.xmp#01
=== CONT  TestRoundTrip_XMP_NP3_XMP/KDK_-_Echrome_100_-_film.xmp
=== CONT  TestRoundTrip_XMP_NP3_XMP/KDK_-_Plus_125.xmp
=== CONT  TestRoundTrip_XMP_NP3_XMP/KDK_-_Echrome_100_-_cool.xmp
=== CONT  TestRoundTrip_XMP_NP3_XMP/KDK_-_Echrome_100_-_boost.xmp
=== CONT  TestRoundTrip_XMP_NP3_XMP/KDK_-_Echrome_100_+.xmp
=== CONT  TestRoundTrip_XMP_NP3_XMP/FUJ_-_Negative_-_film_1.xmp
=== CONT  TestRoundTrip_XMP_NP3_XMP/FUJ_-_Negative_++_1.xmp
=== CONT  TestRoundTrip_XMP_NP3_XMP/FUJ_-_Negative_++.xmp#01
=== CONT  TestRoundTrip_XMP_NP3_XMP/FUJ_-_Negative_+++_1.xmp
=== CONT  TestRoundTrip_XMP_NP3_XMP/FUJ_-_Negative_+++.xmp#01
=== CONT  TestRoundTrip_XMP_NP3_XMP/FUJ_-_Negative_++++.xmp#01
=== CONT  TestRoundTrip_XMP_NP3_XMP/FUJ_-_Negative_-_film.xmp#01
=== CONT  TestRoundTrip_XMP_NP3_XMP/FUJ_-_Fortia_50_-_warm.xmp#01
=== CONT  TestRoundTrip_XMP_NP3_XMP/FUJ_-_Fortia_50.xmp#01
=== CONT  TestRoundTrip_XMP_NP3_XMP/FUJ_-_Negative_-_cool.xmp#01
=== CONT  TestRoundTrip_XMP_NP3_XMP/FUJ_-_Negative_-_boost_1.xmp
=== CONT  TestRoundTrip_XMP_NP3_XMP/FUJ_-_Velvia_100_+++.xmp#01
=== CONT  TestRoundTrip_XMP_NP3_XMP/FUJ_-_Velvia_100_++++.xmp#01
=== CONT  TestRoundTrip_XMP_NP3_XMP/FUJ_-_Negative_-_boost.xmp#01
=== CONT  TestRoundTrip_XMP_NP3_XMP/FUJ_-_Superia_800.xmp#01
=== CONT  TestRoundTrip_XMP_NP3_XMP/FUJ_-_Superia_800_-_warm.xmp#01
=== CONT  TestRoundTrip_XMP_NP3_XMP/FUJ_-_Fortia_50_-_film.xmp#01
=== CONT  TestRoundTrip_XMP_NP3_XMP/FUJ_-_Fortia_50_-_cool.xmp#01
=== CONT  TestRoundTrip_XMP_NP3_XMP/FUJ_-_Provia_100F_-_film.xmp#01
=== CONT  TestRoundTrip_XMP_NP3_XMP/FUJ_-_Color_100.xmp#01
=== CONT  TestRoundTrip_XMP_NP3_XMP/FUJ_-_Provia_100F_-_cool.xmp#01
=== CONT  TestRoundTrip_XMP_NP3_XMP/FUJ_-_Fortia_50_-_boost.xmp#01
=== CONT  TestRoundTrip_XMP_NP3_XMP/FUJ_-_Color_100_++.xmp#01
=== CONT  TestRoundTrip_XMP_NP3_XMP/FUJ_-_Negative_+_1.xmp
=== CONT  TestRoundTrip_XMP_NP3_XMP/FUJ_-_Negative_+.xmp#01
=== CONT  TestRoundTrip_XMP_NP3_XMP/FUJ_-_Color_100_+++.xmp#01
=== CONT  TestRoundTrip_XMP_NP3_XMP/FUJ_-_Color_100_-_warm.xmp#01
=== CONT  TestRoundTrip_XMP_NP3_XMP/FUJ_-_Color_100_++++.xmp#01
=== CONT  TestRoundTrip_XMP_NP3_XMP/FUJ_-_Astia_100F_-_cool.xmp#01
=== CONT  TestRoundTrip_XMP_NP3_XMP/FUJ_-_PRO_160_-_film.xmp#01
=== CONT  TestRoundTrip_XMP_NP3_XMP/FUJ_-_Fortia_50_+.xmp#01
=== CONT  TestRoundTrip_XMP_NP3_XMP/FUJ_-_Fortia_50_++.xmp#01
=== CONT  TestRoundTrip_XMP_NP3_XMP/AGF_-_Vista_Plus.xmp#01
=== CONT  TestRoundTrip_XMP_NP3_XMP/FUJ_-_Color_100_-_film.xmp#01
=== CONT  TestRoundTrip_XMP_NP3_XMP/AGF_-_Vista_Plus_-_warm.xmp#01
=== CONT  TestRoundTrip_XMP_NP3_XMP/FUJ_-_Color_100_-_cool.xmp#01
=== CONT  TestRoundTrip_XMP_NP3_XMP/AGF_-_Vista_Plus_-_film.xmp#01
=== CONT  TestRoundTrip_XMP_NP3_XMP/FUJ_-_Color_100_-_boost.xmp#01
=== CONT  TestRoundTrip_XMP_NP3_XMP/AGF_-_Vista_Plus_-_cool.xmp#01
=== CONT  TestRoundTrip_XMP_NP3_XMP/AGF_-_Vista_Plus_-_boost.xmp#01
=== CONT  TestRoundTrip_XMP_NP3_XMP/FUJ_-_Fortia_50_+++.xmp#01
=== CONT  TestRoundTrip_XMP_NP3_XMP/FUJ_-_Color_100_+.xmp#01
=== CONT  TestRoundTrip_XMP_NP3_XMP/AGF_-_Vista_Plus_+.xmp#01
=== CONT  TestRoundTrip_XMP_NP3_XMP/AGF_-_Vista_Plus_++.xmp#01
=== CONT  TestRoundTrip_XMP_NP3_XMP/AGF_-_Vista_Plus_+++.xmp#01
=== CONT  TestRoundTrip_XMP_NP3_XMP/LIGHTING_-_Cloudy.xmp#04
=== CONT  TestRoundTrip_XMP_NP3_XMP/AGF_-_Vista_Plus_++++.xmp#01
=== CONT  TestRoundTrip_XMP_NP3_XMP/AGF_-_Ultra_100.xmp#01
=== CONT  TestRoundTrip_XMP_NP3_XMP/AGF_-_Ultra_100_-_film.xmp#01
=== CONT  TestRoundTrip_XMP_NP3_XMP/AGF_-_Ultra_100_-_warm.xmp#01
=== CONT  TestRoundTrip_XMP_NP3_XMP/FUJ_-_Fortia_50_++++.xmp#01
=== CONT  TestRoundTrip_XMP_NP3_XMP/FUJ_-_Astia_100F_-_boost.xmp#01
=== CONT  TestRoundTrip_XMP_NP3_XMP/AGF_-_Portrait_160_-_cool.xmp#01
=== CONT  TestRoundTrip_XMP_NP3_XMP/AGF_-_Portrait_160_++++.xmp#01
=== CONT  TestRoundTrip_XMP_NP3_XMP/AGF_-_Ultra_100_+++.xmp#01
=== CONT  TestRoundTrip_XMP_NP3_XMP/AGF_-_Ultra_100_++++.xmp#01
=== CONT  TestRoundTrip_XMP_NP3_XMP/AGF_-_Optima_100.xmp#01
=== CONT  TestRoundTrip_XMP_NP3_XMP/AGF_-_Portrait_160.xmp#01
=== CONT  TestRoundTrip_XMP_NP3_XMP/AGF_-_Optima_100_-_warm.xmp#01
=== CONT  TestRoundTrip_XMP_NP3_XMP/AGF_-_Portrait_160_-_warm.xmp#01
=== CONT  TestRoundTrip_XMP_NP3_XMP/AGF_-_Optima_100_-_film.xmp#01
=== CONT  TestRoundTrip_XMP_NP3_XMP/AGF_-_Optima_100_-_cool.xmp#01
=== CONT  TestRoundTrip_XMP_NP3_XMP/AGF_-_Optima_100_-_boost.xmp#01
=== CONT  TestRoundTrip_XMP_NP3_XMP/AGF_-_Optima_100_+.xmp#01
=== CONT  TestRoundTrip_XMP_NP3_XMP/AGF_-_Optima_100_++.xmp#01
=== CONT  TestRoundTrip_XMP_NP3_XMP/AGF_-_Optima_100_+++.xmp#01
=== CONT  TestRoundTrip_XMP_NP3_XMP/AGF_-_Chrome_RSX.xmp#01
=== CONT  TestRoundTrip_XMP_NP3_XMP/AGF_-_Portrait_160_-_film.xmp#01
=== CONT  TestRoundTrip_XMP_NP3_XMP/AGF_-_Chrome_RSX_-_film.xmp#01
=== CONT  TestRoundTrip_XMP_NP3_XMP/AGF_-_Optima_100_++++.xmp#01
=== CONT  TestRoundTrip_XMP_NP3_XMP/AGF_-_Chrome_RSX_-_cool.xmp#01
=== CONT  TestRoundTrip_XMP_NP3_XMP/AGF_-_Chrome_RSX_-_boost.xmp#01
=== CONT  TestRoundTrip_XMP_NP3_XMP/AGF_-_Chrome_RSX_-_warm.xmp#01
=== CONT  TestRoundTrip_XMP_NP3_XMP/AGF_-_Chrome_RSX_+.xmp#01
=== CONT  TestRoundTrip_XMP_NP3_XMP/AGF_-_Chrome_RSX_++.xmp#01
=== CONT  TestRoundTrip_XMP_NP3_XMP/o_8.xmp#01
=== CONT  TestRoundTrip_XMP_NP3_XMP/FUJ_-_Provia_100F_-_warm.xmp
=== CONT  TestRoundTrip_XMP_NP3_XMP/o_7.xmp#01
=== CONT  TestRoundTrip_XMP_NP3_XMP/AGF_-_Chrome_RSX_++++.xmp#01
=== CONT  TestRoundTrip_XMP_NP3_XMP/FUJ_-_Astia_100F_-_warm.xmp#01
=== CONT  TestRoundTrip_XMP_NP3_XMP/o_9.xmp#01
=== CONT  TestRoundTrip_XMP_NP3_XMP/FUJ_-_Astia_100F_-_film.xmp#01
=== NAME  TestRoundTrip_XMP_NP3_XMP/FUJ_-_Provia_100F_-_warm.xmp
    roundtrip_test.go:144: Highlights: orig=-22 (expected loss: NP3 doesn't support this parameter)
    roundtrip_test.go:144: Shadows: orig=18 (expected loss: NP3 doesn't support this parameter)
    roundtrip_test.go:144: Whites: orig=-20 (expected loss: NP3 doesn't support this parameter)
    roundtrip_test.go:144: Blacks: orig=8 (expected loss: NP3 doesn't support this parameter)
    roundtrip_test.go:144: Split toning saturation/balance: (expected loss: NP3 only supports hue)
    roundtrip_test.go:144: Split toning hue: orig shadow=0, highlight=212 (NP3 has limited split toning support)
=== CONT  TestRoundTrip_XMP_NP3_XMP/o_6.xmp#01
=== CONT  TestRoundTrip_XMP_NP3_XMP/o_4.xmp#01
=== CONT  TestRoundTrip_XMP_NP3_XMP/AGF_-_Chrome_RSX_+++.xmp#01
=== CONT  TestRoundTrip_XMP_NP3_XMP/o_1.xmp#01
=== CONT  TestRoundTrip_XMP_NP3_XMP/o_5.xmp#01
=== CONT  TestRoundTrip_XMP_NP3_XMP/auto_wb__.xmp
=== CONT  TestRoundTrip_XMP_NP3_XMP/o__.xmp
=== CONT  TestRoundTrip_XMP_NP3_XMP/auto_tone__.xmp
=== CONT  TestRoundTrip_XMP_NP3_XMP/VIBRANCE_-__High.xmp#01
=== CONT  TestRoundTrip_XMP_NP3_XMP/o.xmp#01
=== CONT  TestRoundTrip_XMP_NP3_XMP/o_3.xmp#01
=== NAME  TestRoundTrip_XMP_NP3_XMP/VIBRANCE_-__High.xmp#01
    roundtrip_test.go:144: Vibrance reset to 0: orig=25 (may be due to Picture Control base mapping)
=== CONT  TestRoundTrip_XMP_NP3_XMP/SHARPEN_-_Mid.xmp#01
=== CONT  TestRoundTrip_XMP_NP3_XMP/o_2.xmp#01
=== CONT  TestRoundTrip_XMP_NP3_XMP/VIBRANCE__-_Low.xmp#01
=== CONT  TestRoundTrip_XMP_NP3_XMP/SHARPEN_-_High.xmp#01
=== CONT  TestRoundTrip_XMP_NP3_XMP/SHARPEN_-_Low.xmp#01
=== CONT  TestRoundTrip_XMP_NP3_XMP/AGF_-_Portrait_160_-_boost.xmp#01
=== CONT  TestRoundTrip_XMP_NP3_XMP/FUJ_-_Neopan_++.xmp
=== NAME  TestRoundTrip_XMP_NP3_XMP/VIBRANCE__-_Low.xmp#01
    roundtrip_test.go:144: Vibrance reset to 0: orig=-10 (may be due to Picture Control base mapping)
=== CONT  TestRoundTrip_XMP_NP3_XMP/FUJ_-_Negative_1.xmp
=== CONT  TestRoundTrip_XMP_NP3_XMP/VIBRANCE__-_Mid.xmp#01
=== CONT  TestRoundTrip_XMP_NP3_XMP/Lens_off.xmp#01
=== CONT  TestRoundTrip_XMP_NP3_XMP/AGF_-_Portrait_160_+.xmp#01
=== CONT  TestRoundTrip_XMP_NP3_XMP/LIGHTING_-_Tungsten.xmp#01
=== CONT  TestRoundTrip_XMP_NP3_XMP/LIGHTING_-_As_Shot.xmp#01
=== CONT  TestRoundTrip_XMP_NP3_XMP/FUJ_-_XPro.xmp
=== CONT  TestRoundTrip_XMP_NP3_XMP/FUJ_-_XPro_-_warm.xmp
=== CONT  TestRoundTrip_XMP_NP3_XMP/FUJ_-_XPro_-_film.xmp
=== CONT  TestRoundTrip_XMP_NP3_XMP/AGF_-_Portrait_160_++.xmp#01
=== CONT  TestRoundTrip_XMP_NP3_XMP/FUJ_-_XPro_-_cool.xmp
=== CONT  TestRoundTrip_XMP_NP3_XMP/KDK_-_Echrome_64_++++.xmp
=== NAME  TestRoundTrip_XMP_NP3_XMP/FUJ_-_XPro.xmp
    roundtrip_test.go:144: Highlights: orig=-17 (expected loss: NP3 doesn't support this parameter)
    roundtrip_test.go:144: Shadows: orig=27 (expected loss: NP3 doesn't support this parameter)
    roundtrip_test.go:144: Whites: orig=-17 (expected loss: NP3 doesn't support this parameter)
    roundtrip_test.go:144: Blacks: orig=27 (expected loss: NP3 doesn't support this parameter)
    roundtrip_test.go:144: Split toning saturation/balance: (expected loss: NP3 only supports hue)
    roundtrip_test.go:144: Split toning hue: orig shadow=210, highlight=0 (NP3 has limited split toning support)
=== CONT  TestRoundTrip_XMP_NP3_XMP/AGF_-_Portrait_160_+++.xmp#01
=== CONT  TestRoundTrip_XMP_NP3_XMP/Lens_on.xmp#01
=== NAME  TestRoundTrip_XMP_NP3_XMP/FUJ_-_XPro_-_film.xmp
    roundtrip_test.go:144: Highlights: orig=-18 (expected loss: NP3 doesn't support this parameter)
    roundtrip_test.go:144: Shadows: orig=18 (expected loss: NP3 doesn't support this parameter)
    roundtrip_test.go:144: Whites: orig=-15 (expected loss: NP3 doesn't support this parameter)
    roundtrip_test.go:144: Blacks: orig=18 (expected loss: NP3 doesn't support this parameter)
    roundtrip_test.go:144: Split toning saturation/balance: (expected loss: NP3 only supports hue)
    roundtrip_test.go:144: Split toning hue: orig shadow=205, highlight=0 (NP3 has limited split toning support)
=== CONT  TestRoundTrip_XMP_NP3_XMP/FUJ_-_Astia_100F_+.xmp#01
=== NAME  TestRoundTrip_XMP_NP3_XMP/FUJ_-_XPro_-_warm.xmp
    roundtrip_test.go:144: Highlights: orig=-19 (expected loss: NP3 doesn't support this parameter)
=== NAME  TestRoundTrip_XMP_NP3_XMP/FUJ_-_XPro_-_cool.xmp
    roundtrip_test.go:144: Highlights: orig=-17 (expected loss: NP3 doesn't support this parameter)
=== NAME  TestRoundTrip_XMP_NP3_XMP/FUJ_-_XPro_-_warm.xmp
    roundtrip_test.go:144: Shadows: orig=28 (expected loss: NP3 doesn't support this parameter)
=== NAME  TestRoundTrip_XMP_NP3_XMP/FUJ_-_XPro_-_cool.xmp
    roundtrip_test.go:144: Shadows: orig=27 (expected loss: NP3 doesn't support this parameter)
=== NAME  TestRoundTrip_XMP_NP3_XMP/FUJ_-_XPro_-_warm.xmp
    roundtrip_test.go:144: Whites: orig=-14 (expected loss: NP3 doesn't support this parameter)
=== NAME  TestRoundTrip_XMP_NP3_XMP/FUJ_-_XPro_-_cool.xmp
    roundtrip_test.go:144: Whites: orig=-17 (expected loss: NP3 doesn't support this parameter)
=== NAME  TestRoundTrip_XMP_NP3_XMP/FUJ_-_XPro_-_warm.xmp
    roundtrip_test.go:144: Blacks: orig=27 (expected loss: NP3 doesn't support this parameter)
=== NAME  TestRoundTrip_XMP_NP3_XMP/FUJ_-_XPro_-_cool.xmp
    roundtrip_test.go:144: Blacks: orig=27 (expected loss: NP3 doesn't support this parameter)
=== NAME  TestRoundTrip_XMP_NP3_XMP/FUJ_-_XPro_-_warm.xmp
    roundtrip_test.go:144: Split toning saturation/balance: (expected loss: NP3 only supports hue)
    roundtrip_test.go:144: Split toning hue: orig shadow=210, highlight=0 (NP3 has limited split toning support)
=== CONT  TestRoundTrip_XMP_NP3_XMP/FUJ_-_XPro_++.xmp
=== CONT  TestRoundTrip_XMP_NP3_XMP/FUJ_-_Neopan_+++.xmp
=== CONT  TestRoundTrip_XMP_NP3_XMP/FUJ_-_XPro_+++.xmp
=== CONT  TestRoundTrip_XMP_NP3_XMP/FUJ_-_Astia_100F_++.xmp#01
=== NAME  TestRoundTrip_XMP_NP3_XMP/FUJ_-_XPro_-_cool.xmp
    roundtrip_test.go:144: Split toning saturation/balance: (expected loss: NP3 only supports hue)
    roundtrip_test.go:144: Split toning hue: orig shadow=210, highlight=0 (NP3 has limited split toning support)
=== CONT  TestRoundTrip_XMP_NP3_XMP/FUJ_-_XPro_++++.xmp
=== CONT  TestRoundTrip_XMP_NP3_XMP/FUJ_-_Velvia_100.xmp
=== CONT  TestRoundTrip_XMP_NP3_XMP/FUJ_-_Neopan_+.xmp
=== CONT  TestRoundTrip_XMP_NP3_XMP/FUJ_-_XPro_-_boost.xmp
=== CONT  TestRoundTrip_XMP_NP3_XMP/COLOR_-_Sea_Breeze.xmp#02
=== NAME  TestRoundTrip_XMP_NP3_XMP/FUJ_-_XPro_++.xmp
    roundtrip_test.go:144: Highlights: orig=-12 (expected loss: NP3 doesn't support this parameter)
    roundtrip_test.go:144: Shadows: orig=18 (expected loss: NP3 doesn't support this parameter)
    roundtrip_test.go:144: Whites: orig=-12 (expected loss: NP3 doesn't support this parameter)
    roundtrip_test.go:144: Blacks: orig=20 (expected loss: NP3 doesn't support this parameter)
    roundtrip_test.go:144: Split toning saturation/balance: (expected loss: NP3 only supports hue)
    roundtrip_test.go:144: Split toning hue: orig shadow=205, highlight=0 (NP3 has limited split toning support)
=== CONT  TestRoundTrip_XMP_NP3_XMP/FUJ_-_Velvia_100_-_warm.xmp
=== NAME  TestRoundTrip_XMP_NP3_XMP/COLOR_-_Sea_Breeze.xmp#02
    roundtrip_test.go:144: Split toning saturation/balance: (expected loss: NP3 only supports hue)
    roundtrip_test.go:144: Split toning hue: orig shadow=223, highlight=228 (NP3 has limited split toning support)
=== CONT  TestRoundTrip_XMP_NP3_XMP/FUJ_-_Velvia_100_-_film.xmp
=== CONT  TestRoundTrip_XMP_NP3_XMP/FUJ_-_Velvia_100_-_boost.xmp
=== NAME  TestRoundTrip_XMP_NP3_XMP/FUJ_-_XPro_++++.xmp
    roundtrip_test.go:144: Highlights: orig=-18 (expected loss: NP3 doesn't support this parameter)
    roundtrip_test.go:144: Shadows: orig=18 (expected loss: NP3 doesn't support this parameter)
    roundtrip_test.go:144: Whites: orig=-18 (expected loss: NP3 doesn't support this parameter)
    roundtrip_test.go:144: Blacks: orig=18 (expected loss: NP3 doesn't support this parameter)
    roundtrip_test.go:144: Split toning saturation/balance: (expected loss: NP3 only supports hue)
    roundtrip_test.go:144: Split toning hue: orig shadow=210, highlight=0 (NP3 has limited split toning support)
=== CONT  TestRoundTrip_XMP_NP3_XMP/FUJ_-_Velvia_100_++.xmp
=== CONT  TestRoundTrip_XMP_NP3_XMP/FUJ_-_Negative.xmp#01
=== NAME  TestRoundTrip_XMP_NP3_XMP/FUJ_-_XPro_+++.xmp
    roundtrip_test.go:144: Highlights: orig=-12 (expected loss: NP3 doesn't support this parameter)
    roundtrip_test.go:144: Shadows: orig=22 (expected loss: NP3 doesn't support this parameter)
=== NAME  TestRoundTrip_XMP_NP3_XMP/FUJ_-_XPro_-_boost.xmp
    roundtrip_test.go:144: Highlights: orig=-12 (expected loss: NP3 doesn't support this parameter)
=== CONT  TestRoundTrip_XMP_NP3_XMP/FUJ_-_Velvia_100_+.xmp
=== NAME  TestRoundTrip_XMP_NP3_XMP/FUJ_-_Velvia_100.xmp
    roundtrip_test.go:144: Highlights: orig=-28 (expected loss: NP3 doesn't support this parameter)
=== CONT  TestRoundTrip_XMP_NP3_XMP/FUJ_-_Velvia_100_+++.xmp
=== NAME  TestRoundTrip_XMP_NP3_XMP/FUJ_-_Velvia_100_-_warm.xmp
    roundtrip_test.go:144: Highlights: orig=-28 (expected loss: NP3 doesn't support this parameter)
=== CONT  TestRoundTrip_XMP_NP3_XMP/FUJ_-_XPro_+.xmp
=== NAME  TestRoundTrip_XMP_NP3_XMP/FUJ_-_XPro_-_boost.xmp
    roundtrip_test.go:144: Shadows: orig=22 (expected loss: NP3 doesn't support this parameter)
    roundtrip_test.go:144: Whites: orig=-12 (expected loss: NP3 doesn't support this parameter)
    roundtrip_test.go:144: Blacks: orig=26 (expected loss: NP3 doesn't support this parameter)
    roundtrip_test.go:144: Split toning saturation/balance: (expected loss: NP3 only supports hue)
=== NAME  TestRoundTrip_XMP_NP3_XMP/FUJ_-_Velvia_100_-_warm.xmp
    roundtrip_test.go:144: Shadows: orig=18 (expected loss: NP3 doesn't support this parameter)
=== NAME  TestRoundTrip_XMP_NP3_XMP/FUJ_-_Velvia_100_-_film.xmp
    roundtrip_test.go:144: Highlights: orig=-20 (expected loss: NP3 doesn't support this parameter)
=== NAME  TestRoundTrip_XMP_NP3_XMP/FUJ_-_Velvia_100.xmp
    roundtrip_test.go:144: Shadows: orig=22 (expected loss: NP3 doesn't support this parameter)
    roundtrip_test.go:144: Blacks: orig=22 (expected loss: NP3 doesn't support this parameter)
=== NAME  TestRoundTrip_XMP_NP3_XMP/FUJ_-_Velvia_100_-_boost.xmp
    roundtrip_test.go:144: Highlights: orig=-30 (expected loss: NP3 doesn't support this parameter)
=== NAME  TestRoundTrip_XMP_NP3_XMP/FUJ_-_XPro_+++.xmp
    roundtrip_test.go:144: Whites: orig=-12 (expected loss: NP3 doesn't support this parameter)
    roundtrip_test.go:144: Blacks: orig=26 (expected loss: NP3 doesn't support this parameter)
=== NAME  TestRoundTrip_XMP_NP3_XMP/FUJ_-_XPro_-_boost.xmp
    roundtrip_test.go:144: Split toning hue: orig shadow=205, highlight=0 (NP3 has limited split toning support)
=== NAME  TestRoundTrip_XMP_NP3_XMP/FUJ_-_XPro_+++.xmp
    roundtrip_test.go:144: Split toning saturation/balance: (expected loss: NP3 only supports hue)
=== NAME  TestRoundTrip_XMP_NP3_XMP/FUJ_-_Velvia_100_-_warm.xmp
    roundtrip_test.go:144: Split toning saturation/balance: (expected loss: NP3 only supports hue)
=== NAME  TestRoundTrip_XMP_NP3_XMP/FUJ_-_XPro_+++.xmp
    roundtrip_test.go:144: Split toning hue: orig shadow=205, highlight=0 (NP3 has limited split toning support)
=== NAME  TestRoundTrip_XMP_NP3_XMP/FUJ_-_Velvia_100_-_warm.xmp
    roundtrip_test.go:144: Split toning hue: orig shadow=0, highlight=45 (NP3 has limited split toning support)
=== CONT  TestRoundTrip_XMP_NP3_XMP/FUJ_-_Superia_800_-_warm.xmp
=== NAME  TestRoundTrip_XMP_NP3_XMP/FUJ_-_Velvia_100_-_film.xmp
    roundtrip_test.go:144: Shadows: orig=20 (expected loss: NP3 doesn't support this parameter)
    roundtrip_test.go:144: Blacks: orig=10 (expected loss: NP3 doesn't support this parameter)
=== CONT  TestRoundTrip_XMP_NP3_XMP/POL_-_Cinematic_+.xmp
=== CONT  TestRoundTrip_XMP_NP3_XMP/FUJ_-_Superia_800.xmp
=== CONT  TestRoundTrip_XMP_NP3_XMP/FUJ_-_Velvia_100_++++.xmp
=== NAME  TestRoundTrip_XMP_NP3_XMP/FUJ_-_Velvia_100_-_boost.xmp
    roundtrip_test.go:144: Shadows: orig=20 (expected loss: NP3 doesn't support this parameter)
    roundtrip_test.go:144: Blacks: orig=5 (expected loss: NP3 doesn't support this parameter)
=== CONT  TestRoundTrip_XMP_NP3_XMP/FUJ_-_Superia_800_-_film.xmp
=== NAME  TestRoundTrip_XMP_NP3_XMP/FUJ_-_Velvia_100_-_boost.xmp
    roundtrip_test.go:144: Split toning saturation/balance: (expected loss: NP3 only supports hue)
    roundtrip_test.go:144: Split toning hue: orig shadow=0, highlight=45 (NP3 has limited split toning support)
=== CONT  TestRoundTrip_XMP_NP3_XMP/POL_-_Cinematic_++.xmp
=== NAME  TestRoundTrip_XMP_NP3_XMP/FUJ_-_Velvia_100_++.xmp
    roundtrip_test.go:144: Highlights: orig=-28 (expected loss: NP3 doesn't support this parameter)
    roundtrip_test.go:144: Shadows: orig=18 (expected loss: NP3 doesn't support this parameter)
    roundtrip_test.go:144: Blacks: orig=12 (expected loss: NP3 doesn't support this parameter)
=== CONT  TestRoundTrip_XMP_NP3_XMP/FUJ_-_Negative_-_warm.xmp#01
=== CONT  TestRoundTrip_XMP_NP3_XMP/POL_-_Cinematic_+++.xmp
=== NAME  TestRoundTrip_XMP_NP3_XMP/FUJ_-_Velvia_100_+.xmp
    roundtrip_test.go:144: Highlights: orig=-30 (expected loss: NP3 doesn't support this parameter)
    roundtrip_test.go:144: Shadows: orig=15 (expected loss: NP3 doesn't support this parameter)
    roundtrip_test.go:144: Blacks: orig=16 (expected loss: NP3 doesn't support this parameter)
=== NAME  TestRoundTrip_XMP_NP3_XMP/FUJ_-_XPro_+.xmp
    roundtrip_test.go:144: Highlights: orig=-18 (expected loss: NP3 doesn't support this parameter)
    roundtrip_test.go:144: Shadows: orig=18 (expected loss: NP3 doesn't support this parameter)
    roundtrip_test.go:144: Whites: orig=-18 (expected loss: NP3 doesn't support this parameter)
    roundtrip_test.go:144: Blacks: orig=18 (expected loss: NP3 doesn't support this parameter)
    roundtrip_test.go:144: Split toning saturation/balance: (expected loss: NP3 only supports hue)
    roundtrip_test.go:144: Split toning hue: orig shadow=210, highlight=0 (NP3 has limited split toning support)
=== CONT  TestRoundTrip_XMP_NP3_XMP/FUJ_-_Superia_800_++.xmp
=== CONT  TestRoundTrip_XMP_NP3_XMP/FUJ_-_Superia_800_-_boost.xmp
=== NAME  TestRoundTrip_XMP_NP3_XMP/FUJ_-_Velvia_100_+++.xmp
    roundtrip_test.go:144: Highlights: orig=-28 (expected loss: NP3 doesn't support this parameter)
    roundtrip_test.go:144: Shadows: orig=18 (expected loss: NP3 doesn't support this parameter)
=== NAME  TestRoundTrip_XMP_NP3_XMP/FUJ_-_Superia_800_-_warm.xmp
    roundtrip_test.go:144: Highlights: orig=-10 (expected loss: NP3 doesn't support this parameter)
    roundtrip_test.go:144: Shadows: orig=25 (expected loss: NP3 doesn't support this parameter)
=== NAME  TestRoundTrip_XMP_NP3_XMP/FUJ_-_Velvia_100_+++.xmp
    roundtrip_test.go:144: Blacks: orig=18 (expected loss: NP3 doesn't support this parameter)
=== CONT  TestRoundTrip_XMP_NP3_XMP/FUJ_-_Superia_400.xmp
=== NAME  TestRoundTrip_XMP_NP3_XMP/FUJ_-_Velvia_100_++++.xmp
    roundtrip_test.go:144: Highlights: orig=-20 (expected loss: NP3 doesn't support this parameter)
    roundtrip_test.go:144: Shadows: orig=20 (expected loss: NP3 doesn't support this parameter)
    roundtrip_test.go:144: Blacks: orig=10 (expected loss: NP3 doesn't support this parameter)
=== CONT  TestRoundTrip_XMP_NP3_XMP/FUJ_-_Superia_800_+.xmp
=== CONT  TestRoundTrip_XMP_NP3_XMP/FUJ_-_Superia_400_-_warm.xmp
=== CONT  TestRoundTrip_XMP_NP3_XMP/FUJ_-_Superia_400_-_film.xmp
=== CONT  TestRoundTrip_XMP_NP3_XMP/FUJ_-_Superia_400_-_cool.xmp
=== NAME  TestRoundTrip_XMP_NP3_XMP/FUJ_-_Superia_800_++.xmp
    roundtrip_test.go:144: Highlights: orig=-10 (expected loss: NP3 doesn't support this parameter)
    roundtrip_test.go:144: Shadows: orig=20 (expected loss: NP3 doesn't support this parameter)
    roundtrip_test.go:144: Whites: orig=-10 (expected loss: NP3 doesn't support this parameter)
    roundtrip_test.go:144: Blacks: orig=25 (expected loss: NP3 doesn't support this parameter)
=== CONT  TestRoundTrip_XMP_NP3_XMP/FUJ_-_Superia_400_-_boost.xmp
=== NAME  TestRoundTrip_XMP_NP3_XMP/FUJ_-_Superia_800.xmp
    roundtrip_test.go:144: Highlights: orig=-10 (expected loss: NP3 doesn't support this parameter)
    roundtrip_test.go:144: Shadows: orig=15 (expected loss: NP3 doesn't support this parameter)
    roundtrip_test.go:144: Whites: orig=-10 (expected loss: NP3 doesn't support this parameter)
    roundtrip_test.go:144: Blacks: orig=20 (expected loss: NP3 doesn't support this parameter)
=== CONT  TestRoundTrip_XMP_NP3_XMP/FUJ_-_Astia_100F_+++.xmp#01
=== NAME  TestRoundTrip_XMP_NP3_XMP/FUJ_-_Superia_800_-_boost.xmp
    roundtrip_test.go:144: Highlights: orig=-10 (expected loss: NP3 doesn't support this parameter)
    roundtrip_test.go:144: Shadows: orig=28 (expected loss: NP3 doesn't support this parameter)
    roundtrip_test.go:144: Whites: orig=-10 (expected loss: NP3 doesn't support this parameter)
=== NAME  TestRoundTrip_XMP_NP3_XMP/FUJ_-_Superia_400_-_warm.xmp
    roundtrip_test.go:144: Highlights: orig=-15 (expected loss: NP3 doesn't support this parameter)
=== NAME  TestRoundTrip_XMP_NP3_XMP/FUJ_-_Superia_800_-_boost.xmp
    roundtrip_test.go:144: Blacks: orig=25 (expected loss: NP3 doesn't support this parameter)
=== NAME  TestRoundTrip_XMP_NP3_XMP/FUJ_-_Superia_400_-_warm.xmp
    roundtrip_test.go:144: Shadows: orig=25 (expected loss: NP3 doesn't support this parameter)
=== NAME  TestRoundTrip_XMP_NP3_XMP/FUJ_-_Superia_400.xmp
    roundtrip_test.go:144: Highlights: orig=-15 (expected loss: NP3 doesn't support this parameter)
=== NAME  TestRoundTrip_XMP_NP3_XMP/FUJ_-_Superia_800_+.xmp
    roundtrip_test.go:144: Highlights: orig=-10 (expected loss: NP3 doesn't support this parameter)
=== NAME  TestRoundTrip_XMP_NP3_XMP/FUJ_-_Superia_400_-_film.xmp
    roundtrip_test.go:144: Highlights: orig=-15 (expected loss: NP3 doesn't support this parameter)
=== NAME  TestRoundTrip_XMP_NP3_XMP/FUJ_-_Superia_800_+.xmp
    roundtrip_test.go:144: Shadows: orig=25 (expected loss: NP3 doesn't support this parameter)
=== NAME  TestRoundTrip_XMP_NP3_XMP/FUJ_-_Superia_800_-_warm.xmp
    roundtrip_test.go:144: Whites: orig=-10 (expected loss: NP3 doesn't support this parameter)
    roundtrip_test.go:144: Blacks: orig=25 (expected loss: NP3 doesn't support this parameter)
=== CONT  TestRoundTrip_XMP_NP3_XMP/FUJ_-_Astia_100F_++++.xmp#01
=== NAME  TestRoundTrip_XMP_NP3_XMP/FUJ_-_Superia_400.xmp
    roundtrip_test.go:144: Shadows: orig=25 (expected loss: NP3 doesn't support this parameter)
    roundtrip_test.go:144: Whites: orig=-10 (expected loss: NP3 doesn't support this parameter)
    roundtrip_test.go:144: Blacks: orig=25 (expected loss: NP3 doesn't support this parameter)
=== NAME  TestRoundTrip_XMP_NP3_XMP/FUJ_-_Superia_800_-_film.xmp
    roundtrip_test.go:144: Highlights: orig=-10 (expected loss: NP3 doesn't support this parameter)
    roundtrip_test.go:144: Shadows: orig=35 (expected loss: NP3 doesn't support this parameter)
    roundtrip_test.go:144: Whites: orig=-10 (expected loss: NP3 doesn't support this parameter)
    roundtrip_test.go:144: Blacks: orig=28 (expected loss: NP3 doesn't support this parameter)
=== CONT  TestRoundTrip_XMP_NP3_XMP/FUJ_-_Superia_400_++.xmp
=== CONT  TestRoundTrip_XMP_NP3_XMP/FUJ_-_Superia_400_++++.xmp
=== NAME  TestRoundTrip_XMP_NP3_XMP/FUJ_-_Superia_400_-_warm.xmp
    roundtrip_test.go:144: Whites: orig=-10 (expected loss: NP3 doesn't support this parameter)
    roundtrip_test.go:144: Blacks: orig=25 (expected loss: NP3 doesn't support this parameter)
=== CONT  TestRoundTrip_XMP_NP3_XMP/FUJ_-_Superia_400_+.xmp
=== CONT  TestRoundTrip_XMP_NP3_XMP/FUJ_-_Superia_800_+++.xmp
=== CONT  TestRoundTrip_XMP_NP3_XMP/FUJ_-_Superia_800_++++.xmp
=== CONT  TestRoundTrip_XMP_NP3_XMP/FUJ_-_Sensia_100.xmp
=== NAME  TestRoundTrip_XMP_NP3_XMP/FUJ_-_Superia_400_-_film.xmp
    roundtrip_test.go:144: Shadows: orig=25 (expected loss: NP3 doesn't support this parameter)
    roundtrip_test.go:144: Whites: orig=-10 (expected loss: NP3 doesn't support this parameter)
    roundtrip_test.go:144: Blacks: orig=25 (expected loss: NP3 doesn't support this parameter)
=== CONT  TestRoundTrip_XMP_NP3_XMP/COLOR_-_Pastel_Rouge.xmp#02
=== NAME  TestRoundTrip_XMP_NP3_XMP/FUJ_-_Superia_800_+.xmp
    roundtrip_test.go:144: Whites: orig=-10 (expected loss: NP3 doesn't support this parameter)
    roundtrip_test.go:144: Blacks: orig=25 (expected loss: NP3 doesn't support this parameter)
=== CONT  TestRoundTrip_XMP_NP3_XMP/FUJ_-_Sensia_100_-_warm.xmp
=== NAME  TestRoundTrip_XMP_NP3_XMP/FUJ_-_Superia_400_-_boost.xmp
    roundtrip_test.go:144: Highlights: orig=-26 (expected loss: NP3 doesn't support this parameter)
    roundtrip_test.go:144: Shadows: orig=26 (expected loss: NP3 doesn't support this parameter)
    roundtrip_test.go:144: Whites: orig=-16 (expected loss: NP3 doesn't support this parameter)
    roundtrip_test.go:144: Blacks: orig=26 (expected loss: NP3 doesn't support this parameter)
=== CONT  TestRoundTrip_XMP_NP3_XMP/COLOR_-_Neutral.xmp#02
=== CONT  TestRoundTrip_XMP_NP3_XMP/COLOR_-_Morning.xmp#02
=== CONT  TestRoundTrip_XMP_NP3_XMP/FUJ_-_Superia_400_+++.xmp
=== NAME  TestRoundTrip_XMP_NP3_XMP/FUJ_-_Superia_400_-_cool.xmp
    roundtrip_test.go:144: Highlights: orig=-15 (expected loss: NP3 doesn't support this parameter)
    roundtrip_test.go:144: Shadows: orig=25 (expected loss: NP3 doesn't support this parameter)
    roundtrip_test.go:144: Whites: orig=-10 (expected loss: NP3 doesn't support this parameter)
    roundtrip_test.go:144: Blacks: orig=25 (expected loss: NP3 doesn't support this parameter)
=== CONT  TestRoundTrip_XMP_NP3_XMP/FUJ_-_Sensia_100_+.xmp
=== NAME  TestRoundTrip_XMP_NP3_XMP/FUJ_-_Superia_400_++.xmp
    roundtrip_test.go:144: Highlights: orig=-18 (expected loss: NP3 doesn't support this parameter)
    roundtrip_test.go:144: Shadows: orig=28 (expected loss: NP3 doesn't support this parameter)
=== NAME  TestRoundTrip_XMP_NP3_XMP/FUJ_-_Sensia_100_+.xmp
    roundtrip_test.go:144: Highlights: orig=-18 (expected loss: NP3 doesn't support this parameter)
=== NAME  TestRoundTrip_XMP_NP3_XMP/FUJ_-_Superia_400_++++.xmp
    roundtrip_test.go:144: Highlights: orig=-26 (expected loss: NP3 doesn't support this parameter)
=== NAME  TestRoundTrip_XMP_NP3_XMP/COLOR_-_Pastel_Rouge.xmp#02
    roundtrip_test.go:144: Split toning saturation/balance: (expected loss: NP3 only supports hue)
=== NAME  TestRoundTrip_XMP_NP3_XMP/FUJ_-_Superia_800_++++.xmp
    roundtrip_test.go:144: Highlights: orig=-10 (expected loss: NP3 doesn't support this parameter)
=== NAME  TestRoundTrip_XMP_NP3_XMP/COLOR_-_Morning.xmp#02
    roundtrip_test.go:144: Split toning saturation/balance: (expected loss: NP3 only supports hue)
=== NAME  TestRoundTrip_XMP_NP3_XMP/FUJ_-_Sensia_100.xmp
    roundtrip_test.go:144: Highlights: orig=-18 (expected loss: NP3 doesn't support this parameter)
=== NAME  TestRoundTrip_XMP_NP3_XMP/FUJ_-_Sensia_100_-_warm.xmp
    roundtrip_test.go:144: Highlights: orig=-18 (expected loss: NP3 doesn't support this parameter)
=== NAME  TestRoundTrip_XMP_NP3_XMP/FUJ_-_Superia_800_++++.xmp
    roundtrip_test.go:144: Shadows: orig=20 (expected loss: NP3 doesn't support this parameter)
=== NAME  TestRoundTrip_XMP_NP3_XMP/COLOR_-_Morning.xmp#02
    roundtrip_test.go:144: Split toning hue: orig shadow=226, highlight=44 (NP3 has limited split toning support)
=== CONT  TestRoundTrip_XMP_NP3_XMP/FUJ_-_Sensia_100_-_boost.xmp
=== CONT  TestRoundTrip_XMP_NP3_XMP/FUJ_-_Sensia_100_-_cool.xmp
=== NAME  TestRoundTrip_XMP_NP3_XMP/FUJ_-_Superia_400_+++.xmp
    roundtrip_test.go:144: Highlights: orig=-15 (expected loss: NP3 doesn't support this parameter)
    roundtrip_test.go:144: Shadows: orig=25 (expected loss: NP3 doesn't support this parameter)
    roundtrip_test.go:144: Whites: orig=-10 (expected loss: NP3 doesn't support this parameter)
=== NAME  TestRoundTrip_XMP_NP3_XMP/COLOR_-_Neutral.xmp#02
    roundtrip_test.go:144: Split toning saturation/balance: (expected loss: NP3 only supports hue)
=== NAME  TestRoundTrip_XMP_NP3_XMP/FUJ_-_Superia_400_+.xmp
    roundtrip_test.go:144: Highlights: orig=-15 (expected loss: NP3 doesn't support this parameter)
    roundtrip_test.go:144: Shadows: orig=25 (expected loss: NP3 doesn't support this parameter)
=== CONT  TestRoundTrip_XMP_NP3_XMP/FUJ_-_Sensia_100_+++.xmp
=== NAME  TestRoundTrip_XMP_NP3_XMP/FUJ_-_Superia_800_+++.xmp
    roundtrip_test.go:144: Highlights: orig=-10 (expected loss: NP3 doesn't support this parameter)
    roundtrip_test.go:144: Shadows: orig=25 (expected loss: NP3 doesn't support this parameter)
    roundtrip_test.go:144: Whites: orig=-10 (expected loss: NP3 doesn't support this parameter)
    roundtrip_test.go:144: Blacks: orig=25 (expected loss: NP3 doesn't support this parameter)
=== CONT  TestRoundTrip_XMP_NP3_XMP/FUJ_-_Sensia_100_++++.xmp
=== CONT  TestRoundTrip_XMP_NP3_XMP/FUJ_-_Provia_100F.xmp
=== NAME  TestRoundTrip_XMP_NP3_XMP/FUJ_-_Superia_400_++.xmp
    roundtrip_test.go:144: Whites: orig=-12 (expected loss: NP3 doesn't support this parameter)
    roundtrip_test.go:144: Blacks: orig=27 (expected loss: NP3 doesn't support this parameter)
=== CONT  TestRoundTrip_XMP_NP3_XMP/COLOR_-_Neutral.xmp
=== NAME  TestRoundTrip_XMP_NP3_XMP/FUJ_-_Sensia_100_+.xmp
    roundtrip_test.go:144: Shadows: orig=13 (expected loss: NP3 doesn't support this parameter)
    roundtrip_test.go:144: Whites: orig=-10 (expected loss: NP3 doesn't support this parameter)
    roundtrip_test.go:144: Blacks: orig=13 (expected loss: NP3 doesn't support this parameter)
=== CONT  TestRoundTrip_XMP_NP3_XMP/FUJ_-_Superia_400_-_warm.xmp#01
=== NAME  TestRoundTrip_XMP_NP3_XMP/FUJ_-_Superia_400_++++.xmp
    roundtrip_test.go:144: Shadows: orig=26 (expected loss: NP3 doesn't support this parameter)
=== NAME  TestRoundTrip_XMP_NP3_XMP/FUJ_-_Sensia_100_-_boost.xmp
    roundtrip_test.go:144: Highlights: orig=-23 (expected loss: NP3 doesn't support this parameter)
=== NAME  TestRoundTrip_XMP_NP3_XMP/FUJ_-_Sensia_100_-_cool.xmp
    roundtrip_test.go:144: Highlights: orig=-24 (expected loss: NP3 doesn't support this parameter)
=== NAME  TestRoundTrip_XMP_NP3_XMP/FUJ_-_Sensia_100_-_boost.xmp
    roundtrip_test.go:144: Shadows: orig=24 (expected loss: NP3 doesn't support this parameter)
=== NAME  TestRoundTrip_XMP_NP3_XMP/FUJ_-_Sensia_100_-_cool.xmp
    roundtrip_test.go:144: Shadows: orig=20 (expected loss: NP3 doesn't support this parameter)
=== NAME  TestRoundTrip_XMP_NP3_XMP/FUJ_-_Sensia_100_-_warm.xmp
    roundtrip_test.go:144: Shadows: orig=13 (expected loss: NP3 doesn't support this parameter)
    roundtrip_test.go:144: Whites: orig=-10 (expected loss: NP3 doesn't support this parameter)
=== NAME  TestRoundTrip_XMP_NP3_XMP/COLOR_-_Neutral.xmp
    roundtrip_test.go:144: Split toning saturation/balance: (expected loss: NP3 only supports hue)
=== NAME  TestRoundTrip_XMP_NP3_XMP/FUJ_-_Sensia_100_-_warm.xmp
    roundtrip_test.go:144: Blacks: orig=13 (expected loss: NP3 doesn't support this parameter)
=== NAME  TestRoundTrip_XMP_NP3_XMP/COLOR_-_Neutral.xmp
    roundtrip_test.go:144: Split toning hue: orig shadow=242, highlight=45 (NP3 has limited split toning support)
=== CONT  TestRoundTrip_XMP_NP3_XMP/FUJ_-_Superia_400.xmp#01
=== CONT  TestRoundTrip_XMP_NP3_XMP/FUJ_-_Superia_800_-_cool.xmp
=== NAME  TestRoundTrip_XMP_NP3_XMP/FUJ_-_Sensia_100_+++.xmp
    roundtrip_test.go:144: Highlights: orig=-18 (expected loss: NP3 doesn't support this parameter)
    roundtrip_test.go:144: Shadows: orig=12 (expected loss: NP3 doesn't support this parameter)
    roundtrip_test.go:144: Whites: orig=-10 (expected loss: NP3 doesn't support this parameter)
    roundtrip_test.go:144: Blacks: orig=10 (expected loss: NP3 doesn't support this parameter)
=== CONT  TestRoundTrip_XMP_NP3_XMP/DETAIL_-_Low.xmp
=== NAME  TestRoundTrip_XMP_NP3_XMP/FUJ_-_Sensia_100.xmp
    roundtrip_test.go:144: Shadows: orig=20 (expected loss: NP3 doesn't support this parameter)
    roundtrip_test.go:144: Whites: orig=-10 (expected loss: NP3 doesn't support this parameter)
    roundtrip_test.go:144: Blacks: orig=20 (expected loss: NP3 doesn't support this parameter)
=== CONT  TestRoundTrip_XMP_NP3_XMP/FUJ_-_Sensia_100_-_film.xmp
=== NAME  TestRoundTrip_XMP_NP3_XMP/FUJ_-_Superia_800_-_cool.xmp
    roundtrip_test.go:144: Highlights: orig=-10 (expected loss: NP3 doesn't support this parameter)
=== CONT  TestRoundTrip_XMP_NP3_XMP/FUJ_-_Sensia_100_++.xmp
=== NAME  TestRoundTrip_XMP_NP3_XMP/FUJ_-_Superia_400_+++.xmp
    roundtrip_test.go:144: Blacks: orig=25 (expected loss: NP3 doesn't support this parameter)
=== NAME  TestRoundTrip_XMP_NP3_XMP/COLOR_-_Neutral.xmp#02
    roundtrip_test.go:144: Split toning hue: orig shadow=242, highlight=45 (NP3 has limited split toning support)
=== NAME  TestRoundTrip_XMP_NP3_XMP/FUJ_-_Superia_400_+.xmp
    roundtrip_test.go:144: Whites: orig=-10 (expected loss: NP3 doesn't support this parameter)
=== NAME  TestRoundTrip_XMP_NP3_XMP/FUJ_-_Superia_400_++++.xmp
    roundtrip_test.go:144: Whites: orig=-16 (expected loss: NP3 doesn't support this parameter)
=== CONT  TestRoundTrip_XMP_NP3_XMP/AGF_-_Ultra_100_+.xmp#01
=== NAME  TestRoundTrip_XMP_NP3_XMP/FUJ_-_Superia_400_++++.xmp
    roundtrip_test.go:144: Blacks: orig=26 (expected loss: NP3 doesn't support this parameter)
=== NAME  TestRoundTrip_XMP_NP3_XMP/FUJ_-_Superia_400_+.xmp
    roundtrip_test.go:144: Blacks: orig=25 (expected loss: NP3 doesn't support this parameter)
=== CONT  TestRoundTrip_XMP_NP3_XMP/FUJ_-_Superia_400_-_cool.xmp#01
=== NAME  TestRoundTrip_XMP_NP3_XMP/FUJ_-_Provia_100F.xmp
    roundtrip_test.go:144: Highlights: orig=-22 (expected loss: NP3 doesn't support this parameter)
    roundtrip_test.go:144: Shadows: orig=22 (expected loss: NP3 doesn't support this parameter)
=== NAME  TestRoundTrip_XMP_NP3_XMP/FUJ_-_Sensia_100_++++.xmp
    roundtrip_test.go:144: Highlights: orig=-20 (expected loss: NP3 doesn't support this parameter)
=== CONT  TestRoundTrip_XMP_NP3_XMP/FUJ_-_Astia_100F_++++.xmp
=== NAME  TestRoundTrip_XMP_NP3_XMP/FUJ_-_Sensia_100_++++.xmp
    roundtrip_test.go:144: Shadows: orig=22 (expected loss: NP3 doesn't support this parameter)
=== CONT  TestRoundTrip_XMP_NP3_XMP/o_1.xmp
=== NAME  TestRoundTrip_XMP_NP3_XMP/FUJ_-_Superia_800_++++.xmp
    roundtrip_test.go:144: Whites: orig=-10 (expected loss: NP3 doesn't support this parameter)
=== CONT  TestRoundTrip_XMP_NP3_XMP/o_2.xmp
=== CONT  TestRoundTrip_XMP_NP3_XMP/FINISH_-_Washed.xmp#01
=== CONT  TestRoundTrip_XMP_NP3_XMP/FUJ_-_Velvia_100_-_cool.xmp
=== NAME  TestRoundTrip_XMP_NP3_XMP/FUJ_-_Superia_800_++++.xmp
    roundtrip_test.go:144: Blacks: orig=25 (expected loss: NP3 doesn't support this parameter)
=== CONT  TestRoundTrip_XMP_NP3_XMP/FINISH_-_Strong.xmp#01
=== CONT  TestRoundTrip_XMP_NP3_XMP/o.xmp
=== NAME  TestRoundTrip_XMP_NP3_XMP/FUJ_-_Superia_800_-_cool.xmp
    roundtrip_test.go:144: Shadows: orig=25 (expected loss: NP3 doesn't support this parameter)
    roundtrip_test.go:144: Whites: orig=-10 (expected loss: NP3 doesn't support this parameter)
    roundtrip_test.go:144: Blacks: orig=25 (expected loss: NP3 doesn't support this parameter)
=== CONT  TestRoundTrip_XMP_NP3_XMP/o_.xmp
=== CONT  TestRoundTrip_XMP_NP3_XMP/FUJ_-_Superia_400_-_film.xmp#01
=== CONT  TestRoundTrip_XMP_NP3_XMP/LIGHTING_-_Shade.xmp#01
=== CONT  TestRoundTrip_XMP_NP3_XMP/AGF_-_Ultra_100_-_boost.xmp#01
=== CONT  TestRoundTrip_XMP_NP3_XMP/LIGHTING_-_Fluorescent.xmp#01
=== NAME  TestRoundTrip_XMP_NP3_XMP/FUJ_-_Sensia_100_-_film.xmp
    roundtrip_test.go:144: Highlights: orig=-20 (expected loss: NP3 doesn't support this parameter)
    roundtrip_test.go:144: Shadows: orig=22 (expected loss: NP3 doesn't support this parameter)
    roundtrip_test.go:144: Whites: orig=-10 (expected loss: NP3 doesn't support this parameter)
    roundtrip_test.go:144: Blacks: orig=25 (expected loss: NP3 doesn't support this parameter)
=== CONT  TestRoundTrip_XMP_NP3_XMP/LIGHTING_-_Flash.xmp#01
=== CONT  TestRoundTrip_XMP_NP3_XMP/AGF_-_Portrait_160_+.xmp
=== NAME  TestRoundTrip_XMP_NP3_XMP/FUJ_-_Sensia_100_++.xmp
    roundtrip_test.go:144: Highlights: orig=-18 (expected loss: NP3 doesn't support this parameter)
=== NAME  TestRoundTrip_XMP_NP3_XMP/COLOR_-_Pastel_Rouge.xmp#02
    roundtrip_test.go:144: Split toning hue: orig shadow=242, highlight=10 (NP3 has limited split toning support)
=== NAME  TestRoundTrip_XMP_NP3_XMP/FUJ_-_Velvia_100_-_cool.xmp
    roundtrip_test.go:144: Highlights: orig=-20 (expected loss: NP3 doesn't support this parameter)
    roundtrip_test.go:144: Shadows: orig=18 (expected loss: NP3 doesn't support this parameter)
    roundtrip_test.go:144: Blacks: orig=15 (expected loss: NP3 doesn't support this parameter)
    roundtrip_test.go:144: Split toning saturation/balance: (expected loss: NP3 only supports hue)
=== CONT  TestRoundTrip_XMP_NP3_XMP/LIGHTING_-_Daylight.xmp#01
=== NAME  TestRoundTrip_XMP_NP3_XMP/FUJ_-_Velvia_100_-_cool.xmp
    roundtrip_test.go:144: Split toning hue: orig shadow=0, highlight=230 (NP3 has limited split toning support)
=== NAME  TestRoundTrip_XMP_NP3_XMP/FUJ_-_Sensia_100_-_cool.xmp
    roundtrip_test.go:144: Whites: orig=-12 (expected loss: NP3 doesn't support this parameter)
=== NAME  TestRoundTrip_XMP_NP3_XMP/FUJ_-_Sensia_100_-_boost.xmp
    roundtrip_test.go:144: Whites: orig=-10 (expected loss: NP3 doesn't support this parameter)
=== NAME  TestRoundTrip_XMP_NP3_XMP/FUJ_-_Astia_100F_++++.xmp
    roundtrip_test.go:144: Highlights: orig=-22 (expected loss: NP3 doesn't support this parameter)
    roundtrip_test.go:144: Shadows: orig=12 (expected loss: NP3 doesn't support this parameter)
=== CONT  TestRoundTrip_XMP_NP3_XMP/CONTRAST_-_Low.xmp
=== NAME  TestRoundTrip_XMP_NP3_XMP/FUJ_-_Sensia_100_-_boost.xmp
    roundtrip_test.go:144: Blacks: orig=22 (expected loss: NP3 doesn't support this parameter)
=== NAME  TestRoundTrip_XMP_NP3_XMP/FUJ_-_Astia_100F_++++.xmp
    roundtrip_test.go:144: Blacks: orig=22 (expected loss: NP3 doesn't support this parameter)
=== NAME  TestRoundTrip_XMP_NP3_XMP/FUJ_-_Provia_100F.xmp
    roundtrip_test.go:144: Whites: orig=-14 (expected loss: NP3 doesn't support this parameter)
=== CONT  TestRoundTrip_XMP_NP3_XMP/COLOR_-_Sea_Breeze.xmp
=== NAME  TestRoundTrip_XMP_NP3_XMP/FUJ_-_Sensia_100_++++.xmp
    roundtrip_test.go:144: Whites: orig=-10 (expected loss: NP3 doesn't support this parameter)
    roundtrip_test.go:144: Blacks: orig=25 (expected loss: NP3 doesn't support this parameter)
=== CONT  TestRoundTrip_XMP_NP3_XMP/DETAIL_-_High.xmp
=== NAME  TestRoundTrip_XMP_NP3_XMP/FUJ_-_Sensia_100_++.xmp
    roundtrip_test.go:144: Shadows: orig=12 (expected loss: NP3 doesn't support this parameter)
=== CONT  TestRoundTrip_XMP_NP3_XMP/COLOR_-_Morning.xmp
=== NAME  TestRoundTrip_XMP_NP3_XMP/FUJ_-_Sensia_100_++.xmp
    roundtrip_test.go:144: Whites: orig=-10 (expected loss: NP3 doesn't support this parameter)
=== CONT  TestRoundTrip_XMP_NP3_XMP/LIGHTING_-_Cloudy.xmp#01
=== CONT  TestRoundTrip_XMP_NP3_XMP/AGF_-_Ultra_100_-_cool.xmp#01
=== NAME  TestRoundTrip_XMP_NP3_XMP/FUJ_-_Sensia_100_-_cool.xmp
    roundtrip_test.go:144: Blacks: orig=25 (expected loss: NP3 doesn't support this parameter)
=== CONT  TestRoundTrip_XMP_NP3_XMP/COLOR_-_Lavender.xmp
=== CONT  TestRoundTrip_XMP_NP3_XMP/FINISH_-_Vintage.xmp#01
=== CONT  TestRoundTrip_XMP_NP3_XMP/CONTRAST_-_Mid.xmp
=== CONT  TestRoundTrip_XMP_NP3_XMP/CONTRAST_-_High.xmp
=== CONT  TestRoundTrip_XMP_NP3_XMP/AGF_-_Vista_Plus.xmp
=== CONT  TestRoundTrip_XMP_NP3_XMP/AGF_-_Vista_Plus_-_warm.xmp
=== CONT  TestRoundTrip_XMP_NP3_XMP/COLOR_-_Warm_Light.xmp
=== CONT  TestRoundTrip_XMP_NP3_XMP/AGF_-_Vista_Plus_-_film.xmp
=== NAME  TestRoundTrip_XMP_NP3_XMP/AGF_-_Portrait_160_+.xmp
    roundtrip_test.go:144: Highlights: orig=-20 (expected loss: NP3 doesn't support this parameter)
    roundtrip_test.go:144: Shadows: orig=20 (expected loss: NP3 doesn't support this parameter)
    roundtrip_test.go:144: Whites: orig=-15 (expected loss: NP3 doesn't support this parameter)
=== CONT  TestRoundTrip_XMP_NP3_XMP/COLOR_-_Spearmint.xmp
=== NAME  TestRoundTrip_XMP_NP3_XMP/COLOR_-_Sea_Breeze.xmp
    roundtrip_test.go:144: Split toning saturation/balance: (expected loss: NP3 only supports hue)
    roundtrip_test.go:144: Split toning hue: orig shadow=223, highlight=228 (NP3 has limited split toning support)
=== CONT  TestRoundTrip_XMP_NP3_XMP/AGF_-_Vista_Plus_-_cool.xmp
=== CONT  TestRoundTrip_XMP_NP3_XMP/AGF_-_Ultra_100_++.xmp#01
=== NAME  TestRoundTrip_XMP_NP3_XMP/COLOR_-_Morning.xmp
    roundtrip_test.go:144: Split toning saturation/balance: (expected loss: NP3 only supports hue)
    roundtrip_test.go:144: Split toning hue: orig shadow=226, highlight=44 (NP3 has limited split toning support)
=== CONT  TestRoundTrip_XMP_NP3_XMP/KDK_-_Echrome_64_+.xmp
=== CONT  TestRoundTrip_XMP_NP3_XMP/AGF_-_Vista_Plus_-_boost.xmp
=== CONT  TestRoundTrip_XMP_NP3_XMP/FINISH_-_Retro.xmp#01
=== NAME  TestRoundTrip_XMP_NP3_XMP/COLOR_-_Warm_Light.xmp
    roundtrip_test.go:144: Split toning saturation/balance: (expected loss: NP3 only supports hue)
=== NAME  TestRoundTrip_XMP_NP3_XMP/COLOR_-_Lavender.xmp
    roundtrip_test.go:144: Split toning saturation/balance: (expected loss: NP3 only supports hue)
=== NAME  TestRoundTrip_XMP_NP3_XMP/COLOR_-_Warm_Light.xmp
    roundtrip_test.go:144: Split toning hue: orig shadow=60, highlight=56 (NP3 has limited split toning support)
=== NAME  TestRoundTrip_XMP_NP3_XMP/FUJ_-_Provia_100F.xmp
    roundtrip_test.go:144: Blacks: orig=28 (expected loss: NP3 doesn't support this parameter)
=== CONT  TestRoundTrip_XMP_NP3_XMP/KDK_-_Echrome_64_+++.xmp
=== NAME  TestRoundTrip_XMP_NP3_XMP/FUJ_-_Provia_100F.xmp
    roundtrip_test.go:144: Split toning hue: orig shadow=0, highlight=212 (NP3 has limited split toning support)
=== CONT  TestRoundTrip_XMP_NP3_XMP/LIGHTING_-_Auto_Set.xmp#01
=== CONT  TestRoundTrip_XMP_NP3_XMP/AGF_-_Chrome_RSX_-_boost.xmp
=== NAME  TestRoundTrip_XMP_NP3_XMP/AGF_-_Vista_Plus_-_film.xmp
    roundtrip_test.go:144: Highlights: orig=-48 (expected loss: NP3 doesn't support this parameter)
    roundtrip_test.go:144: Shadows: orig=32 (expected loss: NP3 doesn't support this parameter)
    roundtrip_test.go:144: Whites: orig=-18 (expected loss: NP3 doesn't support this parameter)
    roundtrip_test.go:144: Blacks: orig=28 (expected loss: NP3 doesn't support this parameter)
=== CONT  TestRoundTrip_XMP_NP3_XMP/AGF_-_Ultra_100_+.xmp
=== CONT  TestRoundTrip_XMP_NP3_XMP/COLOR_-_Pastel_Rouge.xmp
=== NAME  TestRoundTrip_XMP_NP3_XMP/AGF_-_Vista_Plus_-_cool.xmp
    roundtrip_test.go:144: Highlights: orig=-40 (expected loss: NP3 doesn't support this parameter)
    roundtrip_test.go:144: Shadows: orig=32 (expected loss: NP3 doesn't support this parameter)
=== NAME  TestRoundTrip_XMP_NP3_XMP/COLOR_-_Spearmint.xmp
    roundtrip_test.go:144: Split toning saturation/balance: (expected loss: NP3 only supports hue)
=== NAME  TestRoundTrip_XMP_NP3_XMP/FUJ_-_Sensia_100_++.xmp
    roundtrip_test.go:144: Blacks: orig=10 (expected loss: NP3 doesn't support this parameter)
=== CONT  TestRoundTrip_XMP_NP3_XMP/AGF_-_Portrait_160_++.xmp
=== NAME  TestRoundTrip_XMP_NP3_XMP/AGF_-_Vista_Plus.xmp
    roundtrip_test.go:144: Highlights: orig=-55 (expected loss: NP3 doesn't support this parameter)
=== NAME  TestRoundTrip_XMP_NP3_XMP/COLOR_-_Spearmint.xmp
    roundtrip_test.go:144: Split toning hue: orig shadow=179, highlight=111 (NP3 has limited split toning support)
=== NAME  TestRoundTrip_XMP_NP3_XMP/AGF_-_Vista_Plus_-_cool.xmp
    roundtrip_test.go:144: Whites: orig=-18 (expected loss: NP3 doesn't support this parameter)
=== CONT  TestRoundTrip_XMP_NP3_XMP/FINISH_-_Film.xmp#01
=== CONT  TestRoundTrip_XMP_NP3_XMP/KDK_-_Echrome_64_++.xmp
=== NAME  TestRoundTrip_XMP_NP3_XMP/AGF_-_Vista_Plus_-_warm.xmp
    roundtrip_test.go:144: Highlights: orig=-35 (expected loss: NP3 doesn't support this parameter)
    roundtrip_test.go:144: Shadows: orig=35 (expected loss: NP3 doesn't support this parameter)
    roundtrip_test.go:144: Whites: orig=-23 (expected loss: NP3 doesn't support this parameter)
    roundtrip_test.go:144: Blacks: orig=23 (expected loss: NP3 doesn't support this parameter)
=== NAME  TestRoundTrip_XMP_NP3_XMP/AGF_-_Vista_Plus_-_boost.xmp
    roundtrip_test.go:144: Highlights: orig=-48 (expected loss: NP3 doesn't support this parameter)
    roundtrip_test.go:144: Shadows: orig=32 (expected loss: NP3 doesn't support this parameter)
=== NAME  TestRoundTrip_XMP_NP3_XMP/AGF_-_Vista_Plus_-_warm.xmp
    roundtrip_test.go:144: Split toning saturation/balance: (expected loss: NP3 only supports hue)
=== NAME  TestRoundTrip_XMP_NP3_XMP/AGF_-_Vista_Plus_-_cool.xmp
    roundtrip_test.go:144: Blacks: orig=22 (expected loss: NP3 doesn't support this parameter)
    roundtrip_test.go:144: Split toning saturation/balance: (expected loss: NP3 only supports hue)
    roundtrip_test.go:144: Split toning hue: orig shadow=211, highlight=0 (NP3 has limited split toning support)
=== NAME  TestRoundTrip_XMP_NP3_XMP/AGF_-_Vista_Plus_-_boost.xmp
    roundtrip_test.go:144: Whites: orig=-18 (expected loss: NP3 doesn't support this parameter)
    roundtrip_test.go:144: Blacks: orig=28 (expected loss: NP3 doesn't support this parameter)
=== NAME  TestRoundTrip_XMP_NP3_XMP/AGF_-_Vista_Plus.xmp
    roundtrip_test.go:144: Shadows: orig=50 (expected loss: NP3 doesn't support this parameter)
=== NAME  TestRoundTrip_XMP_NP3_XMP/AGF_-_Portrait_160_+.xmp
    roundtrip_test.go:144: Blacks: orig=30 (expected loss: NP3 doesn't support this parameter)
=== CONT  TestRoundTrip_XMP_NP3_XMP/AGF_-_Portrait_160_+++.xmp
=== NAME  TestRoundTrip_XMP_NP3_XMP/COLOR_-_Lavender.xmp
    roundtrip_test.go:144: Split toning hue: orig shadow=223, highlight=51 (NP3 has limited split toning support)
=== CONT  TestRoundTrip_XMP_NP3_XMP/KDK_-_Echrome_200.xmp
=== CONT  TestRoundTrip_XMP_NP3_XMP/FINISH_-_Bright.xmp#01
=== CONT  TestRoundTrip_XMP_NP3_XMP/AGF_-_Portrait_160_++++.xmp
=== NAME  TestRoundTrip_XMP_NP3_XMP/AGF_-_Vista_Plus.xmp
    roundtrip_test.go:144: Whites: orig=-38 (expected loss: NP3 doesn't support this parameter)
    roundtrip_test.go:144: Blacks: orig=28 (expected loss: NP3 doesn't support this parameter)
=== CONT  TestRoundTrip_XMP_NP3_XMP/FINISH_-_Basic.xmp#01
=== CONT  TestRoundTrip_XMP_NP3_XMP/FUJ_-_Astia_100F.xmp#01
=== NAME  TestRoundTrip_XMP_NP3_XMP/AGF_-_Vista_Plus_-_warm.xmp
    roundtrip_test.go:144: Split toning hue: orig shadow=0, highlight=30 (NP3 has limited split toning support)
=== CONT  TestRoundTrip_XMP_NP3_XMP/EXPOSURE_+_2.xmp#01
=== CONT  TestRoundTrip_XMP_NP3_XMP/AGF_-_Optima_100.xmp
=== CONT  TestRoundTrip_XMP_NP3_XMP/KDK_-_Echrome_200_-_warm.xmp
=== CONT  TestRoundTrip_XMP_NP3_XMP/EXPOSURE_+_1.xmp#01
=== NAME  TestRoundTrip_XMP_NP3_XMP/COLOR_-_Pastel_Rouge.xmp
    roundtrip_test.go:144: Split toning saturation/balance: (expected loss: NP3 only supports hue)
=== NAME  TestRoundTrip_XMP_NP3_XMP/AGF_-_Optima_100.xmp
    roundtrip_test.go:144: Highlights: orig=-24 (expected loss: NP3 doesn't support this parameter)
    roundtrip_test.go:144: Shadows: orig=32 (expected loss: NP3 doesn't support this parameter)
=== NAME  TestRoundTrip_XMP_NP3_XMP/COLOR_-_Pastel_Rouge.xmp
    roundtrip_test.go:144: Split toning hue: orig shadow=242, highlight=10 (NP3 has limited split toning support)
=== NAME  TestRoundTrip_XMP_NP3_XMP/AGF_-_Optima_100.xmp
    roundtrip_test.go:144: Whites: orig=-25 (expected loss: NP3 doesn't support this parameter)
=== CONT  TestRoundTrip_XMP_NP3_XMP/AGF_-_Ultra_100_+++.xmp
=== NAME  TestRoundTrip_XMP_NP3_XMP/AGF_-_Chrome_RSX_-_boost.xmp
    roundtrip_test.go:144: Vibrance reset to 0: orig=-4 (may be due to Picture Control base mapping)
    roundtrip_test.go:144: Highlights: orig=-33 (expected loss: NP3 doesn't support this parameter)
    roundtrip_test.go:144: Shadows: orig=32 (expected loss: NP3 doesn't support this parameter)
    roundtrip_test.go:144: Whites: orig=-35 (expected loss: NP3 doesn't support this parameter)
=== NAME  TestRoundTrip_XMP_NP3_XMP/AGF_-_Ultra_100_+.xmp
    roundtrip_test.go:144: Highlights: orig=-33 (expected loss: NP3 doesn't support this parameter)
=== NAME  TestRoundTrip_XMP_NP3_XMP/AGF_-_Optima_100.xmp
    roundtrip_test.go:144: Blacks: orig=38 (expected loss: NP3 doesn't support this parameter)
=== NAME  TestRoundTrip_XMP_NP3_XMP/AGF_-_Ultra_100_+.xmp
    roundtrip_test.go:144: Shadows: orig=30 (expected loss: NP3 doesn't support this parameter)
=== CONT  TestRoundTrip_XMP_NP3_XMP/AGF_-_Ultra_100_++++.xmp
=== NAME  TestRoundTrip_XMP_NP3_XMP/AGF_-_Ultra_100_+.xmp
    roundtrip_test.go:144: Whites: orig=-38 (expected loss: NP3 doesn't support this parameter)
    roundtrip_test.go:144: Blacks: orig=33 (expected loss: NP3 doesn't support this parameter)
=== CONT  TestRoundTrip_XMP_NP3_XMP/AGF_-_Portrait_160.xmp
=== CONT  TestRoundTrip_XMP_NP3_XMP/AGF_-_Portrait_160_-_warm.xmp
=== CONT  TestRoundTrip_XMP_NP3_XMP/AGF_-_Optima_100_-_warm.xmp
=== CONT  TestRoundTrip_XMP_NP3_XMP/AGF_-_Vista_Plus_+.xmp
=== NAME  TestRoundTrip_XMP_NP3_XMP/AGF_-_Portrait_160_++++.xmp
    roundtrip_test.go:144: Highlights: orig=-20 (expected loss: NP3 doesn't support this parameter)
=== NAME  TestRoundTrip_XMP_NP3_XMP/AGF_-_Ultra_100_++++.xmp
    roundtrip_test.go:144: Highlights: orig=-18 (expected loss: NP3 doesn't support this parameter)
=== CONT  TestRoundTrip_XMP_NP3_XMP/FUJ_-_Superia_800_++++.xmp#01
=== NAME  TestRoundTrip_XMP_NP3_XMP/AGF_-_Ultra_100_++++.xmp
    roundtrip_test.go:144: Shadows: orig=12 (expected loss: NP3 doesn't support this parameter)
    roundtrip_test.go:144: Whites: orig=-18 (expected loss: NP3 doesn't support this parameter)
    roundtrip_test.go:144: Blacks: orig=20 (expected loss: NP3 doesn't support this parameter)
=== NAME  TestRoundTrip_XMP_NP3_XMP/AGF_-_Portrait_160_++++.xmp
    roundtrip_test.go:144: Shadows: orig=10 (expected loss: NP3 doesn't support this parameter)
=== CONT  TestRoundTrip_XMP_NP3_XMP/KDK_-_Echrome_200_-_film.xmp
=== NAME  TestRoundTrip_XMP_NP3_XMP/AGF_-_Portrait_160_++++.xmp
    roundtrip_test.go:144: Whites: orig=-15 (expected loss: NP3 doesn't support this parameter)
    roundtrip_test.go:144: Blacks: orig=30 (expected loss: NP3 doesn't support this parameter)
=== NAME  TestRoundTrip_XMP_NP3_XMP/AGF_-_Portrait_160_-_warm.xmp
    roundtrip_test.go:144: Highlights: orig=-22 (expected loss: NP3 doesn't support this parameter)
    roundtrip_test.go:144: Shadows: orig=10 (expected loss: NP3 doesn't support this parameter)
=== NAME  TestRoundTrip_XMP_NP3_XMP/AGF_-_Portrait_160_++.xmp
    roundtrip_test.go:144: Highlights: orig=-23 (expected loss: NP3 doesn't support this parameter)
    roundtrip_test.go:144: Shadows: orig=19 (expected loss: NP3 doesn't support this parameter)
    roundtrip_test.go:144: Whites: orig=-13 (expected loss: NP3 doesn't support this parameter)
    roundtrip_test.go:144: Blacks: orig=33 (expected loss: NP3 doesn't support this parameter)
=== NAME  TestRoundTrip_XMP_NP3_XMP/AGF_-_Chrome_RSX_-_boost.xmp
    roundtrip_test.go:144: Blacks: orig=24 (expected loss: NP3 doesn't support this parameter)
=== NAME  TestRoundTrip_XMP_NP3_XMP/AGF_-_Portrait_160.xmp
    roundtrip_test.go:144: Highlights: orig=-23 (expected loss: NP3 doesn't support this parameter)
=== CONT  TestRoundTrip_XMP_NP3_XMP/KDK_-_Echrome_200_-_cool.xmp
=== CONT  TestRoundTrip_XMP_NP3_XMP/EXPOSURE__-_1.xmp#01
=== NAME  TestRoundTrip_XMP_NP3_XMP/AGF_-_Portrait_160.xmp
    roundtrip_test.go:144: Shadows: orig=23 (expected loss: NP3 doesn't support this parameter)
    roundtrip_test.go:144: Whites: orig=-15 (expected loss: NP3 doesn't support this parameter)
    roundtrip_test.go:144: Blacks: orig=33 (expected loss: NP3 doesn't support this parameter)
=== CONT  TestRoundTrip_XMP_NP3_XMP/AGF_-_Ultra_100_++.xmp
=== CONT  TestRoundTrip_XMP_NP3_XMP/DETAIL_-_Mid.xmp#01
=== CONT  TestRoundTrip_XMP_NP3_XMP/EXPOSURE__0.xmp#01
=== CONT  TestRoundTrip_XMP_NP3_XMP/EXPOSURE__-_2.xmp#01
=== NAME  TestRoundTrip_XMP_NP3_XMP/AGF_-_Portrait_160_-_warm.xmp
    roundtrip_test.go:144: Whites: orig=-17 (expected loss: NP3 doesn't support this parameter)
    roundtrip_test.go:144: Blacks: orig=35 (expected loss: NP3 doesn't support this parameter)
=== NAME  TestRoundTrip_XMP_NP3_XMP/AGF_-_Ultra_100_+++.xmp
    roundtrip_test.go:144: Highlights: orig=-38 (expected loss: NP3 doesn't support this parameter)
=== NAME  TestRoundTrip_XMP_NP3_XMP/AGF_-_Vista_Plus_+.xmp
    roundtrip_test.go:144: Highlights: orig=-42 (expected loss: NP3 doesn't support this parameter)
=== NAME  TestRoundTrip_XMP_NP3_XMP/AGF_-_Ultra_100_+++.xmp
    roundtrip_test.go:144: Shadows: orig=25 (expected loss: NP3 doesn't support this parameter)
    roundtrip_test.go:144: Whites: orig=-29 (expected loss: NP3 doesn't support this parameter)
    roundtrip_test.go:144: Blacks: orig=38 (expected loss: NP3 doesn't support this parameter)
=== NAME  TestRoundTrip_XMP_NP3_XMP/AGF_-_Vista_Plus_+.xmp
    roundtrip_test.go:144: Shadows: orig=30 (expected loss: NP3 doesn't support this parameter)
=== CONT  TestRoundTrip_XMP_NP3_XMP/DETAIL_-_Low.xmp#01
=== CONT  TestRoundTrip_XMP_NP3_XMP/AGF_-_Ultra_100_-_warm.xmp
=== NAME  TestRoundTrip_XMP_NP3_XMP/AGF_-_Optima_100_-_warm.xmp
    roundtrip_test.go:144: Highlights: orig=-23 (expected loss: NP3 doesn't support this parameter)
=== NAME  TestRoundTrip_XMP_NP3_XMP/AGF_-_Vista_Plus_+.xmp
    roundtrip_test.go:144: Whites: orig=-20 (expected loss: NP3 doesn't support this parameter)
=== NAME  TestRoundTrip_XMP_NP3_XMP/AGF_-_Optima_100_-_warm.xmp
    roundtrip_test.go:144: Shadows: orig=23 (expected loss: NP3 doesn't support this parameter)
    roundtrip_test.go:144: Whites: orig=-23 (expected loss: NP3 doesn't support this parameter)
    roundtrip_test.go:144: Blacks: orig=30 (expected loss: NP3 doesn't support this parameter)
=== NAME  TestRoundTrip_XMP_NP3_XMP/AGF_-_Vista_Plus_+.xmp
    roundtrip_test.go:144: Blacks: orig=20 (expected loss: NP3 doesn't support this parameter)
=== CONT  TestRoundTrip_XMP_NP3_XMP/AGF_-_Vista_Plus_+++.xmp
=== CONT  TestRoundTrip_XMP_NP3_XMP/DETAIL_-_High.xmp#01
=== CONT  TestRoundTrip_XMP_NP3_XMP/AGF_-_Vista_Plus_++++.xmp
=== CONT  TestRoundTrip_XMP_NP3_XMP/CONTRAST_-_Mid.xmp#01
=== CONT  TestRoundTrip_XMP_NP3_XMP/CONTRAST_-_Low.xmp#01
=== CONT  TestRoundTrip_XMP_NP3_XMP/CONTRAST_-_High.xmp#01
=== CONT  TestRoundTrip_XMP_NP3_XMP/AGF_-_Ultra_100.xmp
=== CONT  TestRoundTrip_XMP_NP3_XMP/COLOR_-_Warm_Light.xmp#01
=== CONT  TestRoundTrip_XMP_NP3_XMP/AGF_-_Ultra_100_-_cool.xmp
=== CONT  TestRoundTrip_XMP_NP3_XMP/AGF_-_Optima_100_-_film.xmp
=== NAME  TestRoundTrip_XMP_NP3_XMP/AGF_-_Vista_Plus_++++.xmp
    roundtrip_test.go:144: Highlights: orig=-35 (expected loss: NP3 doesn't support this parameter)
=== CONT  TestRoundTrip_XMP_NP3_XMP/AGF_-_Ultra_100_-_film.xmp
=== NAME  TestRoundTrip_XMP_NP3_XMP/AGF_-_Portrait_160_+++.xmp
    roundtrip_test.go:144: Highlights: orig=-20 (expected loss: NP3 doesn't support this parameter)
    roundtrip_test.go:144: Shadows: orig=20 (expected loss: NP3 doesn't support this parameter)
    roundtrip_test.go:144: Whites: orig=-15 (expected loss: NP3 doesn't support this parameter)
    roundtrip_test.go:144: Blacks: orig=30 (expected loss: NP3 doesn't support this parameter)
=== CONT  TestRoundTrip_XMP_NP3_XMP/AGF_-_Optima_100_-_cool.xmp
=== CONT  TestRoundTrip_XMP_NP3_XMP/o_9.xmp
=== CONT  TestRoundTrip_XMP_NP3_XMP/AGF_-_Optima_100_-_boost.xmp
=== NAME  TestRoundTrip_XMP_NP3_XMP/AGF_-_Vista_Plus_+++.xmp
    roundtrip_test.go:144: Highlights: orig=-60 (expected loss: NP3 doesn't support this parameter)
    roundtrip_test.go:144: Shadows: orig=40 (expected loss: NP3 doesn't support this parameter)
    roundtrip_test.go:144: Whites: orig=-28 (expected loss: NP3 doesn't support this parameter)
    roundtrip_test.go:144: Blacks: orig=28 (expected loss: NP3 doesn't support this parameter)
=== CONT  TestRoundTrip_XMP_NP3_XMP/COLOR_-_Sea_Breeze.xmp#01
=== CONT  TestRoundTrip_XMP_NP3_XMP/AGF_-_Vista_Plus_++.xmp
=== CONT  TestRoundTrip_XMP_NP3_XMP/AGF_-_Optima_100_+.xmp
=== NAME  TestRoundTrip_XMP_NP3_XMP/AGF_-_Ultra_100.xmp
    roundtrip_test.go:144: Highlights: orig=-22 (expected loss: NP3 doesn't support this parameter)
    roundtrip_test.go:144: Shadows: orig=22 (expected loss: NP3 doesn't support this parameter)
    roundtrip_test.go:144: Whites: orig=-22 (expected loss: NP3 doesn't support this parameter)
=== NAME  TestRoundTrip_XMP_NP3_XMP/AGF_-_Optima_100_-_film.xmp
    roundtrip_test.go:144: Highlights: orig=-23 (expected loss: NP3 doesn't support this parameter)
    roundtrip_test.go:144: Shadows: orig=23 (expected loss: NP3 doesn't support this parameter)
    roundtrip_test.go:144: Whites: orig=-23 (expected loss: NP3 doesn't support this parameter)
    roundtrip_test.go:144: Blacks: orig=33 (expected loss: NP3 doesn't support this parameter)
=== CONT  TestRoundTrip_XMP_NP3_XMP/AGF_-_Chrome_RSX.xmp
=== NAME  TestRoundTrip_XMP_NP3_XMP/AGF_-_Optima_100_-_boost.xmp
    roundtrip_test.go:144: Highlights: orig=-24 (expected loss: NP3 doesn't support this parameter)
    roundtrip_test.go:144: Shadows: orig=32 (expected loss: NP3 doesn't support this parameter)
=== NAME  TestRoundTrip_XMP_NP3_XMP/AGF_-_Ultra_100_-_film.xmp
    roundtrip_test.go:144: Highlights: orig=-18 (expected loss: NP3 doesn't support this parameter)
=== CONT  TestRoundTrip_XMP_NP3_XMP/AGF_-_Optima_100_++.xmp
=== NAME  TestRoundTrip_XMP_NP3_XMP/AGF_-_Ultra_100_-_cool.xmp
    roundtrip_test.go:144: Highlights: orig=-24 (expected loss: NP3 doesn't support this parameter)
    roundtrip_test.go:144: Shadows: orig=12 (expected loss: NP3 doesn't support this parameter)
    roundtrip_test.go:144: Whites: orig=-26 (expected loss: NP3 doesn't support this parameter)
    roundtrip_test.go:144: Blacks: orig=20 (expected loss: NP3 doesn't support this parameter)
=== NAME  TestRoundTrip_XMP_NP3_XMP/AGF_-_Optima_100_-_boost.xmp
    roundtrip_test.go:144: Whites: orig=-25 (expected loss: NP3 doesn't support this parameter)
=== CONT  TestRoundTrip_XMP_NP3_XMP/AGF_-_Ultra_100_-_boost.xmp
=== NAME  TestRoundTrip_XMP_NP3_XMP/AGF_-_Optima_100_-_boost.xmp
    roundtrip_test.go:144: Blacks: orig=38 (expected loss: NP3 doesn't support this parameter)
=== CONT  TestRoundTrip_XMP_NP3_XMP/AGF_-_Chrome_RSX_-_warm.xmp
=== CONT  TestRoundTrip_XMP_NP3_XMP/o_6.xmp
=== NAME  TestRoundTrip_XMP_NP3_XMP/AGF_-_Optima_100_-_cool.xmp
    roundtrip_test.go:144: Highlights: orig=-23 (expected loss: NP3 doesn't support this parameter)
=== NAME  TestRoundTrip_XMP_NP3_XMP/COLOR_-_Sea_Breeze.xmp#01
    roundtrip_test.go:144: Split toning saturation/balance: (expected loss: NP3 only supports hue)
=== NAME  TestRoundTrip_XMP_NP3_XMP/AGF_-_Optima_100_-_cool.xmp
    roundtrip_test.go:144: Shadows: orig=23 (expected loss: NP3 doesn't support this parameter)
    roundtrip_test.go:144: Whites: orig=-23 (expected loss: NP3 doesn't support this parameter)
    roundtrip_test.go:144: Blacks: orig=33 (expected loss: NP3 doesn't support this parameter)
=== NAME  TestRoundTrip_XMP_NP3_XMP/AGF_-_Optima_100_+.xmp
    roundtrip_test.go:144: Highlights: orig=-24 (expected loss: NP3 doesn't support this parameter)
=== CONT  TestRoundTrip_XMP_NP3_XMP/o_8.xmp
=== NAME  TestRoundTrip_XMP_NP3_XMP/AGF_-_Optima_100_+.xmp
    roundtrip_test.go:144: Shadows: orig=32 (expected loss: NP3 doesn't support this parameter)
=== NAME  TestRoundTrip_XMP_NP3_XMP/AGF_-_Vista_Plus_++++.xmp
    roundtrip_test.go:144: Shadows: orig=35 (expected loss: NP3 doesn't support this parameter)
=== NAME  TestRoundTrip_XMP_NP3_XMP/COLOR_-_Warm_Light.xmp#01
    roundtrip_test.go:144: Split toning saturation/balance: (expected loss: NP3 only supports hue)
    roundtrip_test.go:144: Split toning hue: orig shadow=60, highlight=56 (NP3 has limited split toning support)
=== CONT  TestRoundTrip_XMP_NP3_XMP/AGF_-_Optima_100_++++.xmp
=== NAME  TestRoundTrip_XMP_NP3_XMP/AGF_-_Ultra_100_++.xmp
    roundtrip_test.go:144: Highlights: orig=-18 (expected loss: NP3 doesn't support this parameter)
=== NAME  TestRoundTrip_XMP_NP3_XMP/AGF_-_Ultra_100_-_warm.xmp
    roundtrip_test.go:144: Highlights: orig=-38 (expected loss: NP3 doesn't support this parameter)
=== NAME  TestRoundTrip_XMP_NP3_XMP/AGF_-_Ultra_100.xmp
    roundtrip_test.go:144: Blacks: orig=30 (expected loss: NP3 doesn't support this parameter)
=== NAME  TestRoundTrip_XMP_NP3_XMP/AGF_-_Ultra_100_-_warm.xmp
    roundtrip_test.go:144: Shadows: orig=25 (expected loss: NP3 doesn't support this parameter)
=== NAME  TestRoundTrip_XMP_NP3_XMP/AGF_-_Ultra_100_-_film.xmp
    roundtrip_test.go:144: Shadows: orig=15 (expected loss: NP3 doesn't support this parameter)
=== NAME  TestRoundTrip_XMP_NP3_XMP/AGF_-_Optima_100_++.xmp
    roundtrip_test.go:144: Highlights: orig=-27 (expected loss: NP3 doesn't support this parameter)
=== NAME  TestRoundTrip_XMP_NP3_XMP/AGF_-_Ultra_100_-_film.xmp
    roundtrip_test.go:144: Whites: orig=-18 (expected loss: NP3 doesn't support this parameter)
=== NAME  TestRoundTrip_XMP_NP3_XMP/AGF_-_Optima_100_++.xmp
    roundtrip_test.go:144: Shadows: orig=32 (expected loss: NP3 doesn't support this parameter)
    roundtrip_test.go:144: Whites: orig=-27 (expected loss: NP3 doesn't support this parameter)
=== NAME  TestRoundTrip_XMP_NP3_XMP/AGF_-_Chrome_RSX.xmp
    roundtrip_test.go:144: Highlights: orig=-37 (expected loss: NP3 doesn't support this parameter)
    roundtrip_test.go:144: Shadows: orig=17 (expected loss: NP3 doesn't support this parameter)
=== NAME  TestRoundTrip_XMP_NP3_XMP/AGF_-_Vista_Plus_++.xmp
    roundtrip_test.go:144: Highlights: orig=-35 (expected loss: NP3 doesn't support this parameter)
=== NAME  TestRoundTrip_XMP_NP3_XMP/AGF_-_Chrome_RSX.xmp
    roundtrip_test.go:144: Whites: orig=-12 (expected loss: NP3 doesn't support this parameter)
=== NAME  TestRoundTrip_XMP_NP3_XMP/AGF_-_Vista_Plus_++.xmp
    roundtrip_test.go:144: Shadows: orig=35 (expected loss: NP3 doesn't support this parameter)
=== NAME  TestRoundTrip_XMP_NP3_XMP/AGF_-_Ultra_100_-_boost.xmp
    roundtrip_test.go:144: Highlights: orig=-22 (expected loss: NP3 doesn't support this parameter)
=== NAME  TestRoundTrip_XMP_NP3_XMP/AGF_-_Ultra_100_-_film.xmp
    roundtrip_test.go:144: Blacks: orig=22 (expected loss: NP3 doesn't support this parameter)
=== NAME  TestRoundTrip_XMP_NP3_XMP/AGF_-_Chrome_RSX.xmp
    roundtrip_test.go:144: Blacks: orig=17 (expected loss: NP3 doesn't support this parameter)
=== CONT  TestRoundTrip_XMP_NP3_XMP/AGF_-_Chrome_RSX_-_film.xmp
=== CONT  TestRoundTrip_XMP_NP3_XMP/AGF_-_Chrome_RSX_+.xmp
=== CONT  TestRoundTrip_XMP_NP3_XMP/AGF_-_Chrome_RSX_-_cool.xmp
=== CONT  TestRoundTrip_XMP_NP3_XMP/AGF_-_Optima_100_+++.xmp
=== CONT  TestRoundTrip_XMP_NP3_XMP/AGF_-_Chrome_RSX_++.xmp
=== CONT  TestRoundTrip_XMP_NP3_XMP/AGF_-_Chrome_RSX_+++.xmp
=== NAME  TestRoundTrip_XMP_NP3_XMP/AGF_-_Chrome_RSX_-_warm.xmp
    roundtrip_test.go:144: Highlights: orig=-22 (expected loss: NP3 doesn't support this parameter)
    roundtrip_test.go:144: Shadows: orig=12 (expected loss: NP3 doesn't support this parameter)
=== NAME  TestRoundTrip_XMP_NP3_XMP/AGF_-_Vista_Plus_++++.xmp
    roundtrip_test.go:144: Whites: orig=-25 (expected loss: NP3 doesn't support this parameter)
    roundtrip_test.go:144: Blacks: orig=20 (expected loss: NP3 doesn't support this parameter)
=== CONT  TestRoundTrip_XMP_NP3_XMP/o_7.xmp
=== NAME  TestRoundTrip_XMP_NP3_XMP/AGF_-_Ultra_100_++.xmp
    roundtrip_test.go:144: Shadows: orig=18 (expected loss: NP3 doesn't support this parameter)
    roundtrip_test.go:144: Whites: orig=-18 (expected loss: NP3 doesn't support this parameter)
    roundtrip_test.go:144: Blacks: orig=28 (expected loss: NP3 doesn't support this parameter)
=== CONT  TestRoundTrip_XMP_NP3_XMP/--FL_MASTER-FUJI_ILFORD_HP5.xmp
=== CONT  TestRoundTrip_XMP_NP3_XMP/AGF_-_Chrome_RSX_++++.xmp
=== NAME  TestRoundTrip_XMP_NP3_XMP/AGF_-_Ultra_100_-_warm.xmp
    roundtrip_test.go:144: Whites: orig=-29 (expected loss: NP3 doesn't support this parameter)
=== NAME  TestRoundTrip_XMP_NP3_XMP/AGF_-_Optima_100_++.xmp
    roundtrip_test.go:144: Blacks: orig=42 (expected loss: NP3 doesn't support this parameter)
=== CONT  TestRoundTrip_XMP_NP3_XMP/COLOR_-_Neutral.xmp#01
=== NAME  TestRoundTrip_XMP_NP3_XMP/AGF_-_Vista_Plus_++.xmp
    roundtrip_test.go:144: Whites: orig=-22 (expected loss: NP3 doesn't support this parameter)
=== NAME  TestRoundTrip_XMP_NP3_XMP/AGF_-_Ultra_100_-_boost.xmp
    roundtrip_test.go:144: Shadows: orig=15 (expected loss: NP3 doesn't support this parameter)
=== NAME  TestRoundTrip_XMP_NP3_XMP/COLOR_-_Sea_Breeze.xmp#01
    roundtrip_test.go:144: Split toning hue: orig shadow=223, highlight=228 (NP3 has limited split toning support)
=== NAME  TestRoundTrip_XMP_NP3_XMP/AGF_-_Optima_100_+.xmp
    roundtrip_test.go:144: Whites: orig=-25 (expected loss: NP3 doesn't support this parameter)
=== NAME  TestRoundTrip_XMP_NP3_XMP/AGF_-_Chrome_RSX_-_warm.xmp
    roundtrip_test.go:144: Whites: orig=-17 (expected loss: NP3 doesn't support this parameter)
=== CONT  TestRoundTrip_XMP_NP3_XMP/COLOR_-_Morning.xmp#01
=== NAME  TestRoundTrip_XMP_NP3_XMP/AGF_-_Optima_100_++++.xmp
    roundtrip_test.go:144: Highlights: orig=-27 (expected loss: NP3 doesn't support this parameter)
=== NAME  TestRoundTrip_XMP_NP3_XMP/AGF_-_Ultra_100_-_boost.xmp
    roundtrip_test.go:144: Whites: orig=-22 (expected loss: NP3 doesn't support this parameter)
=== NAME  TestRoundTrip_XMP_NP3_XMP/AGF_-_Optima_100_++++.xmp
    roundtrip_test.go:144: Shadows: orig=27 (expected loss: NP3 doesn't support this parameter)
=== NAME  TestRoundTrip_XMP_NP3_XMP/AGF_-_Ultra_100_-_boost.xmp
    roundtrip_test.go:144: Blacks: orig=22 (expected loss: NP3 doesn't support this parameter)
=== CONT  TestRoundTrip_XMP_NP3_XMP/auto_wb___.xmp
=== NAME  TestRoundTrip_XMP_NP3_XMP/AGF_-_Chrome_RSX_++.xmp
    roundtrip_test.go:144: Highlights: orig=-33 (expected loss: NP3 doesn't support this parameter)
=== NAME  TestRoundTrip_XMP_NP3_XMP/AGF_-_Chrome_RSX_-_cool.xmp
    roundtrip_test.go:144: Highlights: orig=-22 (expected loss: NP3 doesn't support this parameter)
=== NAME  TestRoundTrip_XMP_NP3_XMP/AGF_-_Chrome_RSX_+.xmp
    roundtrip_test.go:144: Highlights: orig=-33 (expected loss: NP3 doesn't support this parameter)
    roundtrip_test.go:144: Shadows: orig=10 (expected loss: NP3 doesn't support this parameter)
=== CONT  TestRoundTrip_XMP_NP3_XMP/LIGHTING_-_Cloudy.xmp
=== NAME  TestRoundTrip_XMP_NP3_XMP/AGF_-_Chrome_RSX_+.xmp
    roundtrip_test.go:144: Whites: orig=-8 (expected loss: NP3 doesn't support this parameter)
    roundtrip_test.go:144: Blacks: orig=13 (expected loss: NP3 doesn't support this parameter)
=== NAME  TestRoundTrip_XMP_NP3_XMP/AGF_-_Optima_100_++++.xmp
    roundtrip_test.go:144: Whites: orig=-26 (expected loss: NP3 doesn't support this parameter)
=== NAME  TestRoundTrip_XMP_NP3_XMP/AGF_-_Optima_100_+++.xmp
    roundtrip_test.go:144: Highlights: orig=-27 (expected loss: NP3 doesn't support this parameter)
=== NAME  TestRoundTrip_XMP_NP3_XMP/AGF_-_Optima_100_++++.xmp
    roundtrip_test.go:144: Blacks: orig=37 (expected loss: NP3 doesn't support this parameter)
=== NAME  TestRoundTrip_XMP_NP3_XMP/AGF_-_Optima_100_+++.xmp
    roundtrip_test.go:144: Shadows: orig=27 (expected loss: NP3 doesn't support this parameter)
=== NAME  TestRoundTrip_XMP_NP3_XMP/COLOR_-_Morning.xmp#01
    roundtrip_test.go:144: Split toning saturation/balance: (expected loss: NP3 only supports hue)
=== CONT  TestRoundTrip_XMP_NP3_XMP/-SMOOTHER_DETAILS.xmp
=== NAME  TestRoundTrip_XMP_NP3_XMP/AGF_-_Optima_100_+++.xmp
    roundtrip_test.go:144: Whites: orig=-27 (expected loss: NP3 doesn't support this parameter)
    roundtrip_test.go:144: Blacks: orig=35 (expected loss: NP3 doesn't support this parameter)
=== NAME  TestRoundTrip_XMP_NP3_XMP/AGF_-_Vista_Plus_++.xmp
    roundtrip_test.go:144: Blacks: orig=22 (expected loss: NP3 doesn't support this parameter)
=== NAME  TestRoundTrip_XMP_NP3_XMP/AGF_-_Chrome_RSX_++++.xmp
    roundtrip_test.go:144: Vibrance reset to 0: orig=11 (may be due to Picture Control base mapping)
=== NAME  TestRoundTrip_XMP_NP3_XMP/COLOR_-_Neutral.xmp#01
    roundtrip_test.go:144: Split toning saturation/balance: (expected loss: NP3 only supports hue)
=== NAME  TestRoundTrip_XMP_NP3_XMP/AGF_-_Chrome_RSX_++++.xmp
    roundtrip_test.go:144: Highlights: orig=-33 (expected loss: NP3 doesn't support this parameter)
=== NAME  TestRoundTrip_XMP_NP3_XMP/COLOR_-_Neutral.xmp#01
    roundtrip_test.go:144: Split toning hue: orig shadow=242, highlight=45 (NP3 has limited split toning support)
=== CONT  TestRoundTrip_XMP_NP3_XMP/o_4.xmp
=== NAME  TestRoundTrip_XMP_NP3_XMP/AGF_-_Chrome_RSX_++++.xmp
    roundtrip_test.go:144: Shadows: orig=32 (expected loss: NP3 doesn't support this parameter)
=== NAME  TestRoundTrip_XMP_NP3_XMP/AGF_-_Optima_100_+.xmp
    roundtrip_test.go:144: Blacks: orig=38 (expected loss: NP3 doesn't support this parameter)
=== CONT  TestRoundTrip_XMP_NP3_XMP/o_3.xmp
=== CONT  TestRoundTrip_XMP_NP3_XMP/--FL_MASTER-FUJI_400H-Pushed-N.xmp
=== CONT  TestRoundTrip_XMP_NP3_XMP/--FL_MASTER-FUJI_800Z-Pushed-N.xmp
=== NAME  TestRoundTrip_XMP_NP3_XMP/--FL_MASTER-FUJI_ILFORD_HP5.xmp
    roundtrip_test.go:144: Vibrance reset to 0: orig=-100 (may be due to Picture Control base mapping)
=== NAME  TestRoundTrip_XMP_NP3_XMP/AGF_-_Chrome_RSX_-_warm.xmp
    roundtrip_test.go:144: Blacks: orig=33 (expected loss: NP3 doesn't support this parameter)
=== CONT  TestRoundTrip_XMP_NP3_XMP/--FL_MASTER-FUJI_800Z-Pushed-F.xmp
=== NAME  TestRoundTrip_XMP_NP3_XMP/AGF_-_Chrome_RSX_-_film.xmp
    roundtrip_test.go:144: Highlights: orig=-33 (expected loss: NP3 doesn't support this parameter)
    roundtrip_test.go:144: Shadows: orig=10 (expected loss: NP3 doesn't support this parameter)
=== CONT  TestRoundTrip_XMP_NP3_XMP/--MASTER_PACK_DEVELOPMENT_TOOLS------------.xmp
=== NAME  TestRoundTrip_XMP_NP3_XMP/AGF_-_Chrome_RSX_++.xmp
    roundtrip_test.go:144: Shadows: orig=8 (expected loss: NP3 doesn't support this parameter)
    roundtrip_test.go:144: Whites: orig=-8 (expected loss: NP3 doesn't support this parameter)
    roundtrip_test.go:144: Blacks: orig=8 (expected loss: NP3 doesn't support this parameter)
=== CONT  TestRoundTrip_XMP_NP3_XMP/--FL_MASTER-FUJI_800Z-Original.xmp
=== CONT  TestRoundTrip_XMP_NP3_XMP/FINISH_-_Bright.xmp
=== CONT  TestRoundTrip_XMP_NP3_XMP/LIGHTING_-_Auto_Set.xmp
=== NAME  TestRoundTrip_XMP_NP3_XMP/AGF_-_Chrome_RSX_+++.xmp
    roundtrip_test.go:144: Highlights: orig=-33 (expected loss: NP3 doesn't support this parameter)
    roundtrip_test.go:144: Shadows: orig=18 (expected loss: NP3 doesn't support this parameter)
    roundtrip_test.go:144: Whites: orig=-18 (expected loss: NP3 doesn't support this parameter)
    roundtrip_test.go:144: Blacks: orig=12 (expected loss: NP3 doesn't support this parameter)
=== NAME  TestRoundTrip_XMP_NP3_XMP/AGF_-_Chrome_RSX_-_cool.xmp
    roundtrip_test.go:144: Shadows: orig=12 (expected loss: NP3 doesn't support this parameter)
    roundtrip_test.go:144: Whites: orig=-17 (expected loss: NP3 doesn't support this parameter)
    roundtrip_test.go:144: Blacks: orig=33 (expected loss: NP3 doesn't support this parameter)
=== CONT  TestRoundTrip_XMP_NP3_XMP/Lens_off.xmp
=== CONT  TestRoundTrip_XMP_NP3_XMP/auto_tone___.xmp
=== CONT  TestRoundTrip_XMP_NP3_XMP/VIBRANCE_-__High.xmp
=== CONT  TestRoundTrip_XMP_NP3_XMP/-REDUCE_COLORS_SATURATION.xmp
=== CONT  TestRoundTrip_XMP_NP3_XMP/FINISH_-_Washed.xmp
=== CONT  TestRoundTrip_XMP_NP3_XMP/VIBRANCE__-_Low.xmp
=== NAME  TestRoundTrip_XMP_NP3_XMP/--FL_MASTER-FUJI_800Z-Pushed-N.xmp
    roundtrip_test.go:144: Highlights: orig=10 (expected loss: NP3 doesn't support this parameter)
=== CONT  TestRoundTrip_XMP_NP3_XMP/FINISH_-_Vintage.xmp
=== NAME  TestRoundTrip_XMP_NP3_XMP/--FL_MASTER-FUJI_800Z-Pushed-N.xmp
    roundtrip_test.go:144: Shadows: orig=-9 (expected loss: NP3 doesn't support this parameter)
    roundtrip_test.go:144: Whites: orig=-25 (expected loss: NP3 doesn't support this parameter)
=== CONT  TestRoundTrip_XMP_NP3_XMP/VIBRANCE__-_Mid.xmp
=== CONT  TestRoundTrip_XMP_NP3_XMP/SHARPEN_-_Mid.xmp
=== CONT  TestRoundTrip_XMP_NP3_XMP/FINISH_-_Strong.xmp
=== NAME  TestRoundTrip_XMP_NP3_XMP/COLOR_-_Morning.xmp#01
    roundtrip_test.go:144: Split toning hue: orig shadow=226, highlight=44 (NP3 has limited split toning support)
=== CONT  TestRoundTrip_XMP_NP3_XMP/LIGHTING_-_Tungsten.xmp
=== CONT  TestRoundTrip_XMP_NP3_XMP/-ADD_FILM_GRAINS.xmp
=== NAME  TestRoundTrip_XMP_NP3_XMP/--FL_MASTER-FUJI_800Z-Original.xmp
    roundtrip_test.go:144: Highlights: orig=10 (expected loss: NP3 doesn't support this parameter)
=== CONT  TestRoundTrip_XMP_NP3_XMP/o_5.xmp
=== CONT  TestRoundTrip_XMP_NP3_XMP/LIGHTING_-_Shade.xmp
=== NAME  TestRoundTrip_XMP_NP3_XMP/-REDUCE_COLORS_SATURATION.xmp
    roundtrip_test.go:144: Vibrance reset to 0: orig=-15 (may be due to Picture Control base mapping)
=== NAME  TestRoundTrip_XMP_NP3_XMP/--FL_MASTER-FUJI_800Z-Pushed-F.xmp
    roundtrip_test.go:144: Highlights: orig=10 (expected loss: NP3 doesn't support this parameter)
=== CONT  TestRoundTrip_XMP_NP3_XMP/LIGHTING_-_Flash.xmp
=== NAME  TestRoundTrip_XMP_NP3_XMP/--FL_MASTER-FUJI_800Z-Pushed-F.xmp
    roundtrip_test.go:144: Shadows: orig=-9 (expected loss: NP3 doesn't support this parameter)
    roundtrip_test.go:144: Whites: orig=-25 (expected loss: NP3 doesn't support this parameter)
=== CONT  TestRoundTrip_XMP_NP3_XMP/FINISH_-_Retro.xmp
=== CONT  TestRoundTrip_XMP_NP3_XMP/LIGHTING_-_Daylight.xmp
=== NAME  TestRoundTrip_XMP_NP3_XMP/VIBRANCE_-__High.xmp
    roundtrip_test.go:144: Vibrance reset to 0: orig=25 (may be due to Picture Control base mapping)
=== CONT  TestRoundTrip_XMP_NP3_XMP/COLOR_-_Lavender.xmp#01
=== CONT  TestRoundTrip_XMP_NP3_XMP/--FL_MASTER-FUJI_400H-Original.xmp
=== CONT  TestRoundTrip_XMP_NP3_XMP/COLOR_-_Pastel_Rouge.xmp#01
=== NAME  TestRoundTrip_XMP_NP3_XMP/AGF_-_Ultra_100_-_warm.xmp
    roundtrip_test.go:144: Blacks: orig=38 (expected loss: NP3 doesn't support this parameter)
=== NAME  TestRoundTrip_XMP_NP3_XMP/--FL_MASTER-FUJI_ILFORD_HP5.xmp
    roundtrip_test.go:144: Highlights: orig=-20 (expected loss: NP3 doesn't support this parameter)
    roundtrip_test.go:144: Shadows: orig=50 (expected loss: NP3 doesn't support this parameter)
    roundtrip_test.go:144: Blacks: orig=25 (expected loss: NP3 doesn't support this parameter)
=== NAME  TestRoundTrip_XMP_NP3_XMP/AGF_-_Chrome_RSX_-_film.xmp
    roundtrip_test.go:144: Whites: orig=-8 (expected loss: NP3 doesn't support this parameter)
=== CONT  TestRoundTrip_XMP_NP3_XMP/COLOR_-_Spearmint.xmp#01
=== NAME  TestRoundTrip_XMP_NP3_XMP/--FL_MASTER-FUJI_800Z-Original.xmp
    roundtrip_test.go:144: Shadows: orig=21 (expected loss: NP3 doesn't support this parameter)
=== NAME  TestRoundTrip_XMP_NP3_XMP/AGF_-_Chrome_RSX_-_film.xmp
    roundtrip_test.go:144: Blacks: orig=12 (expected loss: NP3 doesn't support this parameter)
=== NAME  TestRoundTrip_XMP_NP3_XMP/--FL_MASTER-FUJI_800Z-Original.xmp
    roundtrip_test.go:144: Whites: orig=-25 (expected loss: NP3 doesn't support this parameter)
=== CONT  TestRoundTrip_XMP_NP3_XMP/EXPOSURE__-_2.xmp
=== NAME  TestRoundTrip_XMP_NP3_XMP/--FL_MASTER-FUJI_800Z-Original.xmp
    roundtrip_test.go:144: Blacks: orig=21 (expected loss: NP3 doesn't support this parameter)
=== NAME  TestRoundTrip_XMP_NP3_XMP/AGF_-_Chrome_RSX_++++.xmp
    roundtrip_test.go:144: Whites: orig=-35 (expected loss: NP3 doesn't support this parameter)
=== CONT  TestRoundTrip_XMP_NP3_XMP/SHARPEN_-_High.xmp
=== NAME  TestRoundTrip_XMP_NP3_XMP/VIBRANCE__-_Low.xmp
    roundtrip_test.go:144: Vibrance reset to 0: orig=-10 (may be due to Picture Control base mapping)
=== CONT  TestRoundTrip_XMP_NP3_XMP/DETAIL_-_Mid.xmp
=== CONT  TestRoundTrip_XMP_NP3_XMP/--FL_MASTER-FUJI_400H-Pushed-F.xmp
=== CONT  TestRoundTrip_XMP_NP3_XMP/FINISH_-_Film.xmp
=== CONT  TestRoundTrip_XMP_NP3_XMP/Lens_on.xmp
=== CONT  TestRoundTrip_XMP_NP3_XMP/EXPOSURE__0.xmp
=== CONT  TestRoundTrip_XMP_NP3_XMP/AGF_-_Portrait_160_-_cool.xmp
=== CONT  TestRoundTrip_XMP_NP3_XMP/AGF_-_Portrait_160_-_film.xmp
=== NAME  TestRoundTrip_XMP_NP3_XMP/COLOR_-_Lavender.xmp#01
    roundtrip_test.go:144: Split toning saturation/balance: (expected loss: NP3 only supports hue)
=== CONT  TestRoundTrip_XMP_NP3_XMP/LIGHTING_-_As_Shot.xmp
=== NAME  TestRoundTrip_XMP_NP3_XMP/--FL_MASTER-FUJI_ILFORD_HP5.xmp
    roundtrip_test.go:144: Split toning hue: orig shadow=317, highlight=49 (NP3 has limited split toning support)
=== NAME  TestRoundTrip_XMP_NP3_XMP/COLOR_-_Lavender.xmp#01
    roundtrip_test.go:144: Split toning hue: orig shadow=223, highlight=51 (NP3 has limited split toning support)
=== CONT  TestRoundTrip_XMP_NP3_XMP/EXPOSURE_+_2.xmp
=== CONT  TestRoundTrip_XMP_NP3_XMP/AGF_-_Portrait_160_-_boost.xmp
=== NAME  TestRoundTrip_XMP_NP3_XMP/COLOR_-_Pastel_Rouge.xmp#01
    roundtrip_test.go:144: Split toning saturation/balance: (expected loss: NP3 only supports hue)
=== CONT  TestRoundTrip_XMP_NP3_XMP/FINISH_-_Basic.xmp
=== CONT  TestRoundTrip_XMP_NP3_XMP/EXPOSURE__-_1.xmp
=== CONT  TestRoundTrip_XMP_NP3_XMP/SHARPEN_-_Low.xmp
=== NAME  TestRoundTrip_XMP_NP3_XMP/--FL_MASTER-FUJI_400H-Original.xmp
    roundtrip_test.go:144: Highlights: orig=10 (expected loss: NP3 doesn't support this parameter)
=== NAME  TestRoundTrip_XMP_NP3_XMP/COLOR_-_Spearmint.xmp#01
    roundtrip_test.go:144: Split toning saturation/balance: (expected loss: NP3 only supports hue)
=== NAME  TestRoundTrip_XMP_NP3_XMP/COLOR_-_Pastel_Rouge.xmp#01
    roundtrip_test.go:144: Split toning hue: orig shadow=242, highlight=10 (NP3 has limited split toning support)
=== NAME  TestRoundTrip_XMP_NP3_XMP/AGF_-_Chrome_RSX_++++.xmp
    roundtrip_test.go:144: Blacks: orig=24 (expected loss: NP3 doesn't support this parameter)
=== NAME  TestRoundTrip_XMP_NP3_XMP/COLOR_-_Spearmint.xmp#01
    roundtrip_test.go:144: Split toning hue: orig shadow=179, highlight=111 (NP3 has limited split toning support)
=== CONT  TestRoundTrip_XMP_NP3_XMP/--FL_MASTER-FUJI_160NS-Pushed-N.xmp
=== CONT  TestRoundTrip_XMP_NP3_XMP/--FL_MASTER-FUJI_160NS-Pushed-F.xmp
=== CONT  TestRoundTrip_XMP_NP3_XMP/LIGHTING_-_Fluorescent.xmp
=== CONT  TestRoundTrip_XMP_NP3_XMP/EXPOSURE_+_1.xmp
=== NAME  TestRoundTrip_XMP_NP3_XMP/--FL_MASTER-FUJI_400H-Pushed-F.xmp
    roundtrip_test.go:144: Highlights: orig=-20 (expected loss: NP3 doesn't support this parameter)
    roundtrip_test.go:144: Shadows: orig=15 (expected loss: NP3 doesn't support this parameter)
    roundtrip_test.go:144: Blacks: orig=4 (expected loss: NP3 doesn't support this parameter)
=== NAME  TestRoundTrip_XMP_NP3_XMP/--FL_MASTER-FUJI_400H-Original.xmp
    roundtrip_test.go:144: Shadows: orig=-9 (expected loss: NP3 doesn't support this parameter)
    roundtrip_test.go:144: Whites: orig=-25 (expected loss: NP3 doesn't support this parameter)
=== NAME  TestRoundTrip_XMP_NP3_XMP/AGF_-_Portrait_160_-_boost.xmp
    roundtrip_test.go:144: Highlights: orig=-20 (expected loss: NP3 doesn't support this parameter)
=== NAME  TestRoundTrip_XMP_NP3_XMP/AGF_-_Portrait_160_-_film.xmp
    roundtrip_test.go:144: Highlights: orig=-20 (expected loss: NP3 doesn't support this parameter)
    roundtrip_test.go:144: Shadows: orig=10 (expected loss: NP3 doesn't support this parameter)
    roundtrip_test.go:144: Whites: orig=-15 (expected loss: NP3 doesn't support this parameter)
    roundtrip_test.go:144: Blacks: orig=30 (expected loss: NP3 doesn't support this parameter)
=== NAME  TestRoundTrip_XMP_NP3_XMP/AGF_-_Portrait_160_-_cool.xmp
    roundtrip_test.go:144: Highlights: orig=-22 (expected loss: NP3 doesn't support this parameter)
=== NAME  TestRoundTrip_XMP_NP3_XMP/--FL_MASTER-FUJI_160NS-Pushed-N.xmp
    roundtrip_test.go:144: Highlights: orig=-20 (expected loss: NP3 doesn't support this parameter)
=== NAME  TestRoundTrip_XMP_NP3_XMP/AGF_-_Portrait_160_-_cool.xmp
    roundtrip_test.go:144: Shadows: orig=10 (expected loss: NP3 doesn't support this parameter)
=== NAME  TestRoundTrip_XMP_NP3_XMP/--FL_MASTER-FUJI_160NS-Pushed-N.xmp
    roundtrip_test.go:144: Shadows: orig=25 (expected loss: NP3 doesn't support this parameter)
=== NAME  TestRoundTrip_XMP_NP3_XMP/AGF_-_Portrait_160_-_cool.xmp
    roundtrip_test.go:144: Whites: orig=-17 (expected loss: NP3 doesn't support this parameter)
=== NAME  TestRoundTrip_XMP_NP3_XMP/--FL_MASTER-FUJI_160NS-Pushed-N.xmp
    roundtrip_test.go:144: Whites: orig=10 (expected loss: NP3 doesn't support this parameter)
=== NAME  TestRoundTrip_XMP_NP3_XMP/--FL_MASTER-FUJI_160NS-Pushed-F.xmp
    roundtrip_test.go:144: Highlights: orig=-20 (expected loss: NP3 doesn't support this parameter)
=== NAME  TestRoundTrip_XMP_NP3_XMP/AGF_-_Portrait_160_-_cool.xmp
    roundtrip_test.go:144: Blacks: orig=35 (expected loss: NP3 doesn't support this parameter)
=== NAME  TestRoundTrip_XMP_NP3_XMP/AGF_-_Portrait_160_-_boost.xmp
    roundtrip_test.go:144: Shadows: orig=10 (expected loss: NP3 doesn't support this parameter)
=== NAME  TestRoundTrip_XMP_NP3_XMP/--FL_MASTER-FUJI_160NS-Pushed-N.xmp
    roundtrip_test.go:144: Blacks: orig=35 (expected loss: NP3 doesn't support this parameter)
=== NAME  TestRoundTrip_XMP_NP3_XMP/--FL_MASTER-FUJI_160NS-Pushed-F.xmp
    roundtrip_test.go:144: Shadows: orig=25 (expected loss: NP3 doesn't support this parameter)
    roundtrip_test.go:144: Whites: orig=10 (expected loss: NP3 doesn't support this parameter)
=== NAME  TestRoundTrip_XMP_NP3_XMP/AGF_-_Portrait_160_-_boost.xmp
    roundtrip_test.go:144: Whites: orig=-15 (expected loss: NP3 doesn't support this parameter)
    roundtrip_test.go:144: Blacks: orig=30 (expected loss: NP3 doesn't support this parameter)
=== NAME  TestRoundTrip_XMP_NP3_XMP/--FL_MASTER-FUJI_160NS-Pushed-F.xmp
    roundtrip_test.go:144: Blacks: orig=35 (expected loss: NP3 doesn't support this parameter)
--- FAIL: TestRoundTrip_XMP_NP3_XMP (0.10s)
    --- PASS: TestRoundTrip_XMP_NP3_XMP/--FL_MASTER-FUJI_160NS-Original.xmp (0.00s)
    --- PASS: TestRoundTrip_XMP_NP3_XMP/FUJ_-_Provia_100F_++.xmp (0.00s)
    --- PASS: TestRoundTrip_XMP_NP3_XMP/FUJ_-_PRO_160_++.xmp (0.00s)
    --- PASS: TestRoundTrip_XMP_NP3_XMP/FUJ_-_PRO_160_-_film.xmp (0.00s)
    --- PASS: TestRoundTrip_XMP_NP3_XMP/FUJ_-_Provia_100F_-_boost.xmp (0.00s)
    --- PASS: TestRoundTrip_XMP_NP3_XMP/FUJ_-_Provia_100F_++++.xmp (0.00s)
    --- PASS: TestRoundTrip_XMP_NP3_XMP/FUJ_-_Negative.xmp (0.00s)
    --- PASS: TestRoundTrip_XMP_NP3_XMP/FUJ_-_PRO_160_-_warm.xmp (0.00s)
    --- PASS: TestRoundTrip_XMP_NP3_XMP/FUJ_-_Negative_-_warm.xmp (0.00s)
    --- PASS: TestRoundTrip_XMP_NP3_XMP/FUJ_-_PRO_160_-_cool.xmp (0.00s)
    --- PASS: TestRoundTrip_XMP_NP3_XMP/FUJ_-_PRO_160_+++.xmp (0.00s)
    --- PASS: TestRoundTrip_XMP_NP3_XMP/FUJ_-_Negative_+.xmp (0.00s)
    --- PASS: TestRoundTrip_XMP_NP3_XMP/FUJ_-_Provia_100F_-_film.xmp (0.00s)
    --- PASS: TestRoundTrip_XMP_NP3_XMP/FUJ_-_PRO_160_-_boost.xmp (0.00s)
    --- PASS: TestRoundTrip_XMP_NP3_XMP/FUJ_-_PRO_160_+.xmp (0.00s)
    --- PASS: TestRoundTrip_XMP_NP3_XMP/FUJ_-_Provia_100F_-_cool.xmp (0.00s)
    --- PASS: TestRoundTrip_XMP_NP3_XMP/FUJ_-_Negative_-_film.xmp (0.00s)
    --- PASS: TestRoundTrip_XMP_NP3_XMP/FUJ_-_Fortia_50_++.xmp (0.00s)
    --- PASS: TestRoundTrip_XMP_NP3_XMP/FUJ_-_PRO_160.xmp (0.00s)
    --- PASS: TestRoundTrip_XMP_NP3_XMP/FUJ_-_PRO_160_++++.xmp (0.00s)
    --- PASS: TestRoundTrip_XMP_NP3_XMP/FUJ_-_Fortia_50_-_film.xmp (0.00s)
    --- PASS: TestRoundTrip_XMP_NP3_XMP/FUJ_-_Fortia_50_-_boost.xmp (0.00s)
    --- PASS: TestRoundTrip_XMP_NP3_XMP/FUJ_-_Fortia_50_+.xmp (0.00s)
    --- PASS: TestRoundTrip_XMP_NP3_XMP/FUJ_-_Fortia_50_-_cool.xmp (0.00s)
    --- PASS: TestRoundTrip_XMP_NP3_XMP/FUJ_-_Provia_100F_+.xmp (0.00s)
    --- PASS: TestRoundTrip_XMP_NP3_XMP/FUJ_-_Provia_100F_+++.xmp (0.00s)
    --- PASS: TestRoundTrip_XMP_NP3_XMP/FUJ_-_Negative_-_boost.xmp (0.00s)
    --- PASS: TestRoundTrip_XMP_NP3_XMP/FUJ_-_Color_100_-_warm.xmp (0.00s)
    --- PASS: TestRoundTrip_XMP_NP3_XMP/FUJ_-_Negative_+++.xmp (0.00s)
    --- PASS: TestRoundTrip_XMP_NP3_XMP/FUJ_-_Color_100_-_film.xmp (0.00s)
    --- PASS: TestRoundTrip_XMP_NP3_XMP/FUJ_-_Negative_++.xmp (0.00s)
    --- PASS: TestRoundTrip_XMP_NP3_XMP/FUJ_-_Astia_100F_-_warm.xmp (0.00s)
    --- PASS: TestRoundTrip_XMP_NP3_XMP/o_7.xmp#04 (0.00s)
    --- PASS: TestRoundTrip_XMP_NP3_XMP/Nikon_Z_f_Camera_Pure.xmp (0.00s)
    --- PASS: TestRoundTrip_XMP_NP3_XMP/Nikon_Z_f_Camera_Pop.xmp (0.00s)
    --- PASS: TestRoundTrip_XMP_NP3_XMP/FUJ_-_Color_100_-_cool.xmp (0.00s)
    --- PASS: TestRoundTrip_XMP_NP3_XMP/FUJ_-_Negative_-_cool.xmp (0.00s)
    --- PASS: TestRoundTrip_XMP_NP3_XMP/FUJ_-_Fortia_50.xmp (0.00s)
    --- PASS: TestRoundTrip_XMP_NP3_XMP/FUJ_-_Color_100.xmp (0.00s)
    --- FAIL: TestRoundTrip_XMP_NP3_XMP/FUJ_-_Color_100_-_boost.xmp (0.00s)
    --- PASS: TestRoundTrip_XMP_NP3_XMP/FUJ_-_Fortia_50_++++.xmp (0.00s)
    --- PASS: TestRoundTrip_XMP_NP3_XMP/FUJ_-_Color_100_+.xmp (0.00s)
    --- FAIL: TestRoundTrip_XMP_NP3_XMP/FUJ_-_Astia_100F_-_boost.xmp (0.00s)
    --- PASS: TestRoundTrip_XMP_NP3_XMP/FUJ_-_Astia_100F_+++.xmp (0.00s)
    --- PASS: TestRoundTrip_XMP_NP3_XMP/FUJ_-_Fortia_50_+++.xmp (0.00s)
    --- FAIL: TestRoundTrip_XMP_NP3_XMP/FUJ_-_Astia_100F_++.xmp (0.00s)
    --- PASS: TestRoundTrip_XMP_NP3_XMP/FUJ_-_Color_100_++.xmp (0.00s)
    --- PASS: TestRoundTrip_XMP_NP3_XMP/FUJ_-_Fortia_50_-_warm.xmp (0.00s)
    --- PASS: TestRoundTrip_XMP_NP3_XMP/Nikon_Z_f_Camera_Morning.xmp (0.00s)
    --- PASS: TestRoundTrip_XMP_NP3_XMP/FUJ_-_Negative_++++.xmp (0.00s)
    --- FAIL: TestRoundTrip_XMP_NP3_XMP/FUJ_-_Astia_100F_+.xmp (0.00s)
    --- PASS: TestRoundTrip_XMP_NP3_XMP/FUJ_-_Color_100_+++.xmp (0.00s)
    --- PASS: TestRoundTrip_XMP_NP3_XMP/FUJ_-_Astia_100F_-_film.xmp (0.00s)
    --- PASS: TestRoundTrip_XMP_NP3_XMP/Nikon_Z_f_Camera_Pink.xmp (0.00s)
    --- PASS: TestRoundTrip_XMP_NP3_XMP/Nikon_Z_f_Camera_Denim.xmp (0.00s)
    --- FAIL: TestRoundTrip_XMP_NP3_XMP/FUJ_-_Color_100_++++.xmp (0.00s)
    --- PASS: TestRoundTrip_XMP_NP3_XMP/Nikon_Z_f_Camera_Dramatic.xmp (0.00s)
    --- PASS: TestRoundTrip_XMP_NP3_XMP/FUJ_-_Astia_100F.xmp (0.00s)
    --- PASS: TestRoundTrip_XMP_NP3_XMP/Nikon_Z_f_Camera_Dream.xmp (0.00s)
    --- PASS: TestRoundTrip_XMP_NP3_XMP/Nikon_Z_f_Camera_Melancholic.xmp (0.00s)
    --- PASS: TestRoundTrip_XMP_NP3_XMP/Nikon_Z_f_Camera_Blue.xmp (0.00s)
    --- PASS: TestRoundTrip_XMP_NP3_XMP/Fuji_Pro_400H_Emulation_1.xmp (0.00s)
    --- PASS: TestRoundTrip_XMP_NP3_XMP/o_6.xmp#04 (0.00s)
    --- PASS: TestRoundTrip_XMP_NP3_XMP/o_5.xmp#04 (0.00s)
    --- PASS: TestRoundTrip_XMP_NP3_XMP/LIGHTING_-_Auto_Set.xmp#04 (0.00s)
    --- PASS: TestRoundTrip_XMP_NP3_XMP/FUJ_-_Astia_100F_-_cool.xmp (0.00s)
    --- PASS: TestRoundTrip_XMP_NP3_XMP/Fuji_Pro_400H_Emulation_3.xmp (0.00s)
    --- PASS: TestRoundTrip_XMP_NP3_XMP/FL_ILFORDHP5-Original.xmp (0.00s)
    --- PASS: TestRoundTrip_XMP_NP3_XMP/LIGHTING_-_As_Shot.xmp#04 (0.00s)
    --- PASS: TestRoundTrip_XMP_NP3_XMP/o_4.xmp#04 (0.00s)
    --- PASS: TestRoundTrip_XMP_NP3_XMP/Nikon_Z_f_Camera_Binary.xmp (0.00s)
    --- PASS: TestRoundTrip_XMP_NP3_XMP/Nikon_Z_f_Camera_Bleach.xmp (0.00s)
    --- PASS: TestRoundTrip_XMP_NP3_XMP/Nikon_Z_f_Camera_Carbon.xmp (0.00s)
    --- PASS: TestRoundTrip_XMP_NP3_XMP/Nikon_Z_f_Camera_Charcoal.xmp (0.00s)
    --- PASS: TestRoundTrip_XMP_NP3_XMP/Nikon_Z_f_Camera_Graphite.xmp (0.00s)
    --- PASS: TestRoundTrip_XMP_NP3_XMP/KDK_-_Tri-X_400_+.xmp#01 (0.00s)
    --- PASS: TestRoundTrip_XMP_NP3_XMP/Fuji_Pro_400H_Emulation_4.xmp (0.00s)
    --- PASS: TestRoundTrip_XMP_NP3_XMP/KDK_-_Tri-X_400_-_boost.xmp#01 (0.00s)
    --- PASS: TestRoundTrip_XMP_NP3_XMP/o_9.xmp#04 (0.00s)
    --- PASS: TestRoundTrip_XMP_NP3_XMP/o_3.xmp#04 (0.00s)
    --- PASS: TestRoundTrip_XMP_NP3_XMP/KDK_-_Tri-X_400_-_film.xmp#01 (0.00s)
    --- PASS: TestRoundTrip_XMP_NP3_XMP/KDK_-_Tri-X_400_+++.xmp#01 (0.00s)
    --- PASS: TestRoundTrip_XMP_NP3_XMP/KDK_-_Plus_125_-_film.xmp#01 (0.00s)
    --- PASS: TestRoundTrip_XMP_NP3_XMP/KDK_-_Tri-X_400.xmp#01 (0.00s)
    --- PASS: TestRoundTrip_XMP_NP3_XMP/KDK_-_Tri-X_400_++.xmp#01 (0.00s)
    --- PASS: TestRoundTrip_XMP_NP3_XMP/KDK_-_Plus_125.xmp#01 (0.00s)
    --- PASS: TestRoundTrip_XMP_NP3_XMP/KDK_-_Plus_125_-_boost.xmp#01 (0.00s)
    --- PASS: TestRoundTrip_XMP_NP3_XMP/FINISH_-_Retro.xmp#04 (0.00s)
    --- PASS: TestRoundTrip_XMP_NP3_XMP/Fuji_Pro_400H_Emulation_2.xmp (0.00s)
    --- PASS: TestRoundTrip_XMP_NP3_XMP/KDK_-_Plus_125_+.xmp#01 (0.00s)
    --- PASS: TestRoundTrip_XMP_NP3_XMP/o_2.xmp#04 (0.00s)
    --- PASS: TestRoundTrip_XMP_NP3_XMP/o_8.xmp#04 (0.00s)
    --- PASS: TestRoundTrip_XMP_NP3_XMP/FINISH_-_Bright.xmp#04 (0.00s)
    --- PASS: TestRoundTrip_XMP_NP3_XMP/o_1.xmp#04 (0.00s)
    --- PASS: TestRoundTrip_XMP_NP3_XMP/FINISH_-_Film.xmp#04 (0.00s)
    --- PASS: TestRoundTrip_XMP_NP3_XMP/EXPOSURE__0.xmp#04 (0.00s)
    --- PASS: TestRoundTrip_XMP_NP3_XMP/KDK_-_Plus_125_+++.xmp#01 (0.00s)
    --- PASS: TestRoundTrip_XMP_NP3_XMP/EXPOSURE__-_1.xmp#04 (0.00s)
    --- PASS: TestRoundTrip_XMP_NP3_XMP/EXPOSURE_+_2.xmp#04 (0.00s)
    --- PASS: TestRoundTrip_XMP_NP3_XMP/FINISH_-_Basic.xmp#04 (0.00s)
    --- PASS: TestRoundTrip_XMP_NP3_XMP/DETAIL_-_Mid.xmp#04 (0.00s)
    --- PASS: TestRoundTrip_XMP_NP3_XMP/DETAIL_-_Low.xmp#04 (0.00s)
    --- PASS: TestRoundTrip_XMP_NP3_XMP/Kodachrome.xmp (0.00s)
    --- PASS: TestRoundTrip_XMP_NP3_XMP/DETAIL_-_High.xmp#04 (0.00s)
    --- PASS: TestRoundTrip_XMP_NP3_XMP/CONTRAST_-_Mid.xmp#04 (0.00s)
    --- FAIL: TestRoundTrip_XMP_NP3_XMP/sample.xmp (0.00s)
    --- PASS: TestRoundTrip_XMP_NP3_XMP/EXPOSURE__-_2.xmp#04 (0.00s)
    --- PASS: TestRoundTrip_XMP_NP3_XMP/KDK_-_Plus_125_++.xmp#01 (0.00s)
    --- PASS: TestRoundTrip_XMP_NP3_XMP/o_3.xmp#03 (0.00s)
    --- PASS: TestRoundTrip_XMP_NP3_XMP/CONTRAST_-_Low.xmp#04 (0.00s)
    --- PASS: TestRoundTrip_XMP_NP3_XMP/EXPOSURE_+_1.xmp#04 (0.00s)
    --- PASS: TestRoundTrip_XMP_NP3_XMP/COLOR_-_Spearmint.xmp#04 (0.00s)
    --- PASS: TestRoundTrip_XMP_NP3_XMP/COLOR_-_Sea_Breeze.xmp#04 (0.00s)
    --- PASS: TestRoundTrip_XMP_NP3_XMP/o_2.xmp#03 (0.00s)
    --- PASS: TestRoundTrip_XMP_NP3_XMP/COLOR_-_Warm_Light.xmp#04 (0.00s)
    --- PASS: TestRoundTrip_XMP_NP3_XMP/o_9.xmp#03 (0.00s)
    --- PASS: TestRoundTrip_XMP_NP3_XMP/CONTRAST_-_High.xmp#04 (0.00s)
    --- PASS: TestRoundTrip_XMP_NP3_XMP/COLOR_-_Pastel_Rouge.xmp#04 (0.00s)
    --- PASS: TestRoundTrip_XMP_NP3_XMP/COLOR_-_Morning.xmp#04 (0.00s)
    --- PASS: TestRoundTrip_XMP_NP3_XMP/COLOR_-_Lavender.xmp#04 (0.00s)
    --- PASS: TestRoundTrip_XMP_NP3_XMP/o_7.xmp#03 (0.00s)
    --- PASS: TestRoundTrip_XMP_NP3_XMP/o_8.xmp#03 (0.00s)
    --- PASS: TestRoundTrip_XMP_NP3_XMP/o_6.xmp#03 (0.00s)
    --- PASS: TestRoundTrip_XMP_NP3_XMP/o_5.xmp#03 (0.00s)
    --- PASS: TestRoundTrip_XMP_NP3_XMP/COLOR_-_Neutral.xmp#04 (0.00s)
    --- PASS: TestRoundTrip_XMP_NP3_XMP/AGF_-_Vista_Plus.xmp#02 (0.01s)
    --- PASS: TestRoundTrip_XMP_NP3_XMP/o_4.xmp#03 (0.00s)
    --- PASS: TestRoundTrip_XMP_NP3_XMP/FL_FUJI_160NS-F.xmp (0.01s)
    --- FAIL: TestRoundTrip_XMP_NP3_XMP/FL_FUJI_400H-Original.xmp (0.01s)
    --- PASS: TestRoundTrip_XMP_NP3_XMP/FL_FUJI_160NS-N.xmp (0.01s)
    --- PASS: TestRoundTrip_XMP_NP3_XMP/FINISH_-_Strong.xmp#03 (0.00s)
    --- PASS: TestRoundTrip_XMP_NP3_XMP/FINISH_-_Retro.xmp#03 (0.00s)
    --- PASS: TestRoundTrip_XMP_NP3_XMP/o_7.xmp#02 (0.00s)
    --- PASS: TestRoundTrip_XMP_NP3_XMP/AGF_-_Ultra_100.xmp#02 (0.01s)
    --- PASS: TestRoundTrip_XMP_NP3_XMP/o_6.xmp#02 (0.00s)
    --- PASS: TestRoundTrip_XMP_NP3_XMP/o_5.xmp#02 (0.00s)
    --- PASS: TestRoundTrip_XMP_NP3_XMP/o_4.xmp#02 (0.00s)
    --- PASS: TestRoundTrip_XMP_NP3_XMP/FL_FUJI_PRO_800Z.xmp (0.01s)
    --- PASS: TestRoundTrip_XMP_NP3_XMP/FL_FUJI_PRO_800Z-N.xmp (0.01s)
    --- PASS: TestRoundTrip_XMP_NP3_XMP/o_3.xmp#02 (0.00s)
    --- PASS: TestRoundTrip_XMP_NP3_XMP/o_1.xmp#02 (0.00s)
    --- PASS: TestRoundTrip_XMP_NP3_XMP/KDK_-_Portra_160.xmp#02 (0.01s)
    --- PASS: TestRoundTrip_XMP_NP3_XMP/portrait.xmp (0.01s)
    --- PASS: TestRoundTrip_XMP_NP3_XMP/o_2.xmp#02 (0.00s)
    --- PASS: TestRoundTrip_XMP_NP3_XMP/KDK_-_Elite_100.xmp#02 (0.01s)
    --- PASS: TestRoundTrip_XMP_NP3_XMP/POL_-_Cinematic.xmp#02 (0.01s)
    --- PASS: TestRoundTrip_XMP_NP3_XMP/POL_-_Color_600.xmp#02 (0.01s)
    --- PASS: TestRoundTrip_XMP_NP3_XMP/o.xmp#02 (0.00s)
    --- PASS: TestRoundTrip_XMP_NP3_XMP/FL_FUJI_160NS-Original.xmp (0.01s)
    --- PASS: TestRoundTrip_XMP_NP3_XMP/KDK_-_Tri-X_400.xmp#02 (0.01s)
    --- PASS: TestRoundTrip_XMP_NP3_XMP/FL_FUJI_400H_-_Pushed.xmp (0.01s)
    --- PASS: TestRoundTrip_XMP_NP3_XMP/KDK_-_Portra_400.xmp#02 (0.01s)
    --- PASS: TestRoundTrip_XMP_NP3_XMP/o_8.xmp#02 (0.00s)
    --- PASS: TestRoundTrip_XMP_NP3_XMP/KDK_-_Ektar_100.xmp#02 (0.01s)
    --- PASS: TestRoundTrip_XMP_NP3_XMP/auto_tone_.xmp (0.00s)
    --- PASS: TestRoundTrip_XMP_NP3_XMP/VIBRANCE__-_Low.xmp#02 (0.00s)
    --- PASS: TestRoundTrip_XMP_NP3_XMP/o_.xmp#01 (0.00s)
    --- PASS: TestRoundTrip_XMP_NP3_XMP/FINISH_-_Bright.xmp#03 (0.00s)
    --- PASS: TestRoundTrip_XMP_NP3_XMP/VIBRANCE__-_Mid.xmp#02 (0.00s)
    --- PASS: TestRoundTrip_XMP_NP3_XMP/VIBRANCE_-__High.xmp#02 (0.00s)
    --- PASS: TestRoundTrip_XMP_NP3_XMP/FINISH_-_Basic.xmp#03 (0.00s)
    --- PASS: TestRoundTrip_XMP_NP3_XMP/KDK_-_Plus_125.xmp#02 (0.01s)
    --- PASS: TestRoundTrip_XMP_NP3_XMP/EXPOSURE_+_2.xmp#03 (0.00s)
    --- PASS: TestRoundTrip_XMP_NP3_XMP/EXPOSURE_+_1.xmp#03 (0.00s)
    --- PASS: TestRoundTrip_XMP_NP3_XMP/FINISH_-_Film.xmp#03 (0.00s)
    --- PASS: TestRoundTrip_XMP_NP3_XMP/auto_wb.xmp (0.00s)
    --- PASS: TestRoundTrip_XMP_NP3_XMP/SHARPEN_-_Mid.xmp#02 (0.00s)
    --- PASS: TestRoundTrip_XMP_NP3_XMP/DETAIL_-_Mid.xmp#03 (0.00s)
    --- PASS: TestRoundTrip_XMP_NP3_XMP/EXPOSURE__-_2.xmp#03 (0.00s)
    --- PASS: TestRoundTrip_XMP_NP3_XMP/SHARPEN_-_High.xmp#02 (0.00s)
    --- PASS: TestRoundTrip_XMP_NP3_XMP/EXPOSURE__-_1.xmp#03 (0.00s)
    --- PASS: TestRoundTrip_XMP_NP3_XMP/FUJ_-_XPro.xmp#02 (0.01s)
    --- PASS: TestRoundTrip_XMP_NP3_XMP/CONTRAST_-_Mid.xmp#03 (0.00s)
    --- PASS: TestRoundTrip_XMP_NP3_XMP/SHARPEN_-_Low.xmp#02 (0.00s)
    --- PASS: TestRoundTrip_XMP_NP3_XMP/KDK_-_Portra_800.xmp#02 (0.01s)
    --- PASS: TestRoundTrip_XMP_NP3_XMP/EXPOSURE__0.xmp#03 (0.00s)
    --- PASS: TestRoundTrip_XMP_NP3_XMP/CONTRAST_-_High.xmp#03 (0.00s)
    --- PASS: TestRoundTrip_XMP_NP3_XMP/LIGHTING_-_Daylight.xmp#02 (0.00s)
    --- PASS: TestRoundTrip_XMP_NP3_XMP/DETAIL_-_Low.xmp#03 (0.00s)
    --- PASS: TestRoundTrip_XMP_NP3_XMP/Lens_on.xmp#02 (0.00s)
    --- PASS: TestRoundTrip_XMP_NP3_XMP/LIGHTING_-_Cloudy.xmp#02 (0.00s)
    --- PASS: TestRoundTrip_XMP_NP3_XMP/LIGHTING_-_Tungsten.xmp#02 (0.00s)
    --- PASS: TestRoundTrip_XMP_NP3_XMP/LIGHTING_-_As_Shot.xmp#02 (0.00s)
    --- PASS: TestRoundTrip_XMP_NP3_XMP/DETAIL_-_High.xmp#03 (0.00s)
    --- PASS: TestRoundTrip_XMP_NP3_XMP/COLOR_-_Spearmint.xmp#03 (0.00s)
    --- PASS: TestRoundTrip_XMP_NP3_XMP/COLOR_-_Warm_Light.xmp#03 (0.00s)
    --- PASS: TestRoundTrip_XMP_NP3_XMP/COLOR_-_Spearmint.xmp#02 (0.00s)
    --- PASS: TestRoundTrip_XMP_NP3_XMP/Lens_off.xmp#02 (0.00s)
    --- PASS: TestRoundTrip_XMP_NP3_XMP/o_1.xmp#03 (0.00s)
    --- PASS: TestRoundTrip_XMP_NP3_XMP/CONTRAST_-_Low.xmp#03 (0.00s)
    --- PASS: TestRoundTrip_XMP_NP3_XMP/COLOR_-_Morning.xmp#03 (0.00s)
    --- PASS: TestRoundTrip_XMP_NP3_XMP/KDK_-_Portra.xmp#02 (0.01s)
    --- PASS: TestRoundTrip_XMP_NP3_XMP/o.xmp#03 (0.00s)
    --- PASS: TestRoundTrip_XMP_NP3_XMP/COLOR_-_Pastel_Rouge.xmp#03 (0.00s)
    --- PASS: TestRoundTrip_XMP_NP3_XMP/COLOR_-_Neutral.xmp#03 (0.00s)
    --- PASS: TestRoundTrip_XMP_NP3_XMP/LIGHTING_-_Shade.xmp#02 (0.00s)
    --- PASS: TestRoundTrip_XMP_NP3_XMP/COLOR_-_Lavender.xmp#03 (0.00s)
    --- PASS: TestRoundTrip_XMP_NP3_XMP/FL_FUJI_PRO_800Z-F.xmp (0.02s)
    --- PASS: TestRoundTrip_XMP_NP3_XMP/COLOR_-_Sea_Breeze.xmp#03 (0.00s)
    --- PASS: TestRoundTrip_XMP_NP3_XMP/o_9.xmp#02 (0.00s)
    --- PASS: TestRoundTrip_XMP_NP3_XMP/LIGHTING_-_Fluorescent.xmp#02 (0.00s)
    --- PASS: TestRoundTrip_XMP_NP3_XMP/o_.xmp#02 (0.00s)
    --- PASS: TestRoundTrip_XMP_NP3_XMP/LIGHTING_-_Auto_Set.xmp#02 (0.00s)
    --- PASS: TestRoundTrip_XMP_NP3_XMP/FUJ_-_Superia_400.xmp#02 (0.01s)
    --- PASS: TestRoundTrip_XMP_NP3_XMP/auto_tone___.xmp#01 (0.00s)
    --- PASS: TestRoundTrip_XMP_NP3_XMP/FUJ_-_Neopan_100_-_film.xmp (0.00s)
    --- PASS: TestRoundTrip_XMP_NP3_XMP/FUJ_-_Neopan_100_-_boost.xmp (0.00s)
    --- PASS: TestRoundTrip_XMP_NP3_XMP/VIBRANCE_-__High.xmp#03 (0.00s)
    --- PASS: TestRoundTrip_XMP_NP3_XMP/auto_wb___.xmp#01 (0.00s)
    --- PASS: TestRoundTrip_XMP_NP3_XMP/FUJ_-_Neopan_100.xmp (0.00s)
    --- PASS: TestRoundTrip_XMP_NP3_XMP/FUJ_-_Neopan_100_+.xmp (0.00s)
    --- PASS: TestRoundTrip_XMP_NP3_XMP/KDK_-_Gold_200.xmp#02 (0.01s)
    --- PASS: TestRoundTrip_XMP_NP3_XMP/FUJ_-_Neopan_100_++.xmp (0.00s)
    --- PASS: TestRoundTrip_XMP_NP3_XMP/FUJ_-_Velvia_100.xmp#02 (0.01s)
    --- PASS: TestRoundTrip_XMP_NP3_XMP/FUJ_-_Negative.xmp#02 (0.00s)
    --- PASS: TestRoundTrip_XMP_NP3_XMP/FUJ_-_Superia_800.xmp#02 (0.01s)
    --- PASS: TestRoundTrip_XMP_NP3_XMP/VIBRANCE__-_Low.xmp#03 (0.00s)
    --- PASS: TestRoundTrip_XMP_NP3_XMP/KDK_-_Echrome_64.xmp#02 (0.01s)
    --- PASS: TestRoundTrip_XMP_NP3_XMP/SHARPEN_-_Mid.xmp#03 (0.00s)
    --- PASS: TestRoundTrip_XMP_NP3_XMP/KDK_-_Portra_400_+++.xmp#01 (0.00s)
    --- PASS: TestRoundTrip_XMP_NP3_XMP/FUJ_-_Negative_-_film.xmp#02 (0.00s)
    --- PASS: TestRoundTrip_XMP_NP3_XMP/FUJ_-_Negative_-_boost.xmp#02 (0.00s)
    --- PASS: TestRoundTrip_XMP_NP3_XMP/POL_-_Color_600_-_boost.xmp#01 (0.00s)
    --- PASS: TestRoundTrip_XMP_NP3_XMP/KDK_-_Portra_800.xmp#01 (0.00s)
    --- PASS: TestRoundTrip_XMP_NP3_XMP/SHARPEN_-_Low.xmp#03 (0.00s)
    --- PASS: TestRoundTrip_XMP_NP3_XMP/Nikon_Z_f_Camera_Sunday.xmp (0.00s)
    --- PASS: TestRoundTrip_XMP_NP3_XMP/VIBRANCE__-_Mid.xmp#03 (0.00s)
    --- PASS: TestRoundTrip_XMP_NP3_XMP/SHARPEN_-_High.xmp#03 (0.00s)
    --- PASS: TestRoundTrip_XMP_NP3_XMP/POL_-_Color_Instant_-_warm.xmp#01 (0.00s)
    --- PASS: TestRoundTrip_XMP_NP3_XMP/KDK_-_Portra.xmp#01 (0.00s)
    --- PASS: TestRoundTrip_XMP_NP3_XMP/KDK_-_Portra_800_-_cool.xmp#01 (0.00s)
    --- PASS: TestRoundTrip_XMP_NP3_XMP/POL_-_Color_Instant_-_film.xmp#01 (0.00s)
    --- PASS: TestRoundTrip_XMP_NP3_XMP/o.xmp#04 (0.00s)
    --- PASS: TestRoundTrip_XMP_NP3_XMP/POL_-_Color_Instant.xmp#01 (0.00s)
    --- PASS: TestRoundTrip_XMP_NP3_XMP/POL_-_Color_Instant_-_cool.xmp#01 (0.00s)
    --- PASS: TestRoundTrip_XMP_NP3_XMP/FUJ_-_Negative_+.xmp#02 (0.00s)
    --- PASS: TestRoundTrip_XMP_NP3_XMP/Nikon_Z_f_Camera_Toy.xmp (0.00s)
    --- PASS: TestRoundTrip_XMP_NP3_XMP/o_.xmp#03 (0.00s)
    --- PASS: TestRoundTrip_XMP_NP3_XMP/auto_tone___.xmp#02 (0.00s)
    --- PASS: TestRoundTrip_XMP_NP3_XMP/FUJ_-_Provia_100F.xmp#02 (0.01s)
    --- PASS: TestRoundTrip_XMP_NP3_XMP/KDK_-_Elite_100_-_cool.xmp#01 (0.00s)
    --- PASS: TestRoundTrip_XMP_NP3_XMP/FUJ_-_Neopan_100_+++.xmp (0.00s)
    --- PASS: TestRoundTrip_XMP_NP3_XMP/KDK_-_Elite_100_-_boost.xmp#01 (0.00s)
    --- PASS: TestRoundTrip_XMP_NP3_XMP/POL_-_Color_Instant_++.xmp#01 (0.00s)
    --- PASS: TestRoundTrip_XMP_NP3_XMP/POL_-_Color_Instant_+.xmp#01 (0.00s)
    --- PASS: TestRoundTrip_XMP_NP3_XMP/POL_-_Color_Instant_-_boost.xmp#01 (0.00s)
    --- PASS: TestRoundTrip_XMP_NP3_XMP/KDK_-_Elite_100_++.xmp#01 (0.00s)
    --- PASS: TestRoundTrip_XMP_NP3_XMP/auto_wb___.xmp#02 (0.00s)
    --- PASS: TestRoundTrip_XMP_NP3_XMP/FUJ_-_Negative_+++.xmp#02 (0.00s)
    --- PASS: TestRoundTrip_XMP_NP3_XMP/POL_-_Color_600.xmp#01 (0.00s)
    --- PASS: TestRoundTrip_XMP_NP3_XMP/POL_-_Color_Instant_++++.xmp#01 (0.00s)
    --- PASS: TestRoundTrip_XMP_NP3_XMP/KDK_-_Echrome_64_-_boost.xmp#01 (0.00s)
    --- PASS: TestRoundTrip_XMP_NP3_XMP/KDK_-_Elite_100_++++.xmp#01 (0.00s)
    --- PASS: TestRoundTrip_XMP_NP3_XMP/KDK_-_Portra_800_-_warm.xmp#01 (0.00s)
    --- PASS: TestRoundTrip_XMP_NP3_XMP/KDK_-_Portra_800_+++.xmp#01 (0.00s)
    --- PASS: TestRoundTrip_XMP_NP3_XMP/FUJ_-_PRO_160.xmp#02 (0.01s)
    --- PASS: TestRoundTrip_XMP_NP3_XMP/FUJ_-_Negative_++.xmp#02 (0.00s)
    --- PASS: TestRoundTrip_XMP_NP3_XMP/KDK_-_Elite_100_+.xmp#01 (0.00s)
    --- PASS: TestRoundTrip_XMP_NP3_XMP/KDK_-_Portra_800_-_film.xmp#01 (0.00s)
    --- PASS: TestRoundTrip_XMP_NP3_XMP/KDK_-_Portra_800_+.xmp#01 (0.00s)
    --- PASS: TestRoundTrip_XMP_NP3_XMP/KDK_-_Elite_100_+++.xmp#01 (0.00s)
    --- PASS: TestRoundTrip_XMP_NP3_XMP/POL_-_Color_Instant_+++.xmp#01 (0.00s)
    --- PASS: TestRoundTrip_XMP_NP3_XMP/POL_-_Color_600_-_warm.xmp#01 (0.00s)
    --- PASS: TestRoundTrip_XMP_NP3_XMP/POL_-_Color_600_-_film.xmp#01 (0.00s)
    --- PASS: TestRoundTrip_XMP_NP3_XMP/FUJ_-_Astia_100F.xmp#02 (0.01s)
    --- PASS: TestRoundTrip_XMP_NP3_XMP/FUJ_-_Negative_1.xmp#01 (0.01s)
    --- PASS: TestRoundTrip_XMP_NP3_XMP/KDK_-_Ektar_100.xmp#01 (0.00s)
    --- PASS: TestRoundTrip_XMP_NP3_XMP/POL_-_Color_600_-_cool.xmp#01 (0.00s)
    --- PASS: TestRoundTrip_XMP_NP3_XMP/FUJ_-_Color_100.xmp#02 (0.01s)
    --- PASS: TestRoundTrip_XMP_NP3_XMP/KDK_-_Portra_800_++.xmp#01 (0.00s)
    --- PASS: TestRoundTrip_XMP_NP3_XMP/KDK_-_Portra_800_-_boost.xmp#01 (0.00s)
    --- PASS: TestRoundTrip_XMP_NP3_XMP/FUJ_-_Sensia_100.xmp#02 (0.01s)
    --- PASS: TestRoundTrip_XMP_NP3_XMP/FINISH_-_Washed.xmp#04 (0.00s)
    --- PASS: TestRoundTrip_XMP_NP3_XMP/KDK_-_Echrome_64_+++.xmp#01 (0.00s)
    --- PASS: TestRoundTrip_XMP_NP3_XMP/FINISH_-_Vintage.xmp#04 (0.00s)
    --- PASS: TestRoundTrip_XMP_NP3_XMP/FUJ_-_Neopan.xmp#01 (0.01s)
    --- PASS: TestRoundTrip_XMP_NP3_XMP/KDK_-_Echrome_200_+++.xmp#01 (0.00s)
    --- PASS: TestRoundTrip_XMP_NP3_XMP/KDK_-_Echrome_64_++.xmp#01 (0.00s)
    --- PASS: TestRoundTrip_XMP_NP3_XMP/KDK_-_Echrome_200_++.xmp#01 (0.00s)
    --- PASS: TestRoundTrip_XMP_NP3_XMP/FINISH_-_Strong.xmp#04 (0.00s)
    --- PASS: TestRoundTrip_XMP_NP3_XMP/FUJ_-_Negative.xmp#03 (0.01s)
    --- PASS: TestRoundTrip_XMP_NP3_XMP/FUJ_-_Fortia_50.xmp#02 (0.01s)
    --- PASS: TestRoundTrip_XMP_NP3_XMP/KDK_-_Echrome_64_+.xmp#01 (0.00s)
    --- PASS: TestRoundTrip_XMP_NP3_XMP/KDK_-_Echrome_200.xmp#01 (0.00s)
    --- PASS: TestRoundTrip_XMP_NP3_XMP/KDK_-_Echrome_64_++++.xmp#01 (0.00s)
    --- PASS: TestRoundTrip_XMP_NP3_XMP/FINISH_-_Retro.xmp#02 (0.00s)
    --- PASS: TestRoundTrip_XMP_NP3_XMP/FINISH_-_Bright.xmp#02 (0.00s)
    --- PASS: TestRoundTrip_XMP_NP3_XMP/FINISH_-_Film.xmp#02 (0.00s)
    --- PASS: TestRoundTrip_XMP_NP3_XMP/KDK_-_Echrome_200_++++.xmp#01 (0.00s)
    --- PASS: TestRoundTrip_XMP_NP3_XMP/KDK_-_Echrome_200_-_film.xmp#01 (0.00s)
    --- PASS: TestRoundTrip_XMP_NP3_XMP/KDK_-_Echrome_100_+++.xmp#01 (0.00s)
    --- PASS: TestRoundTrip_XMP_NP3_XMP/KDK_-_Echrome_-_boost.xmp#01 (0.00s)
    --- PASS: TestRoundTrip_XMP_NP3_XMP/KDK_-_Echrome_-_warm.xmp#01 (0.00s)
    --- PASS: TestRoundTrip_XMP_NP3_XMP/FINISH_-_Vintage.xmp#02 (0.00s)
    --- PASS: TestRoundTrip_XMP_NP3_XMP/FINISH_-_Strong.xmp#02 (0.00s)
    --- PASS: TestRoundTrip_XMP_NP3_XMP/FINISH_-_Washed.xmp#02 (0.00s)
    --- PASS: TestRoundTrip_XMP_NP3_XMP/KDK_-_Echrome_200_-_boost.xmp#01 (0.00s)
    --- PASS: TestRoundTrip_XMP_NP3_XMP/KDK_-_Echrome_100_++++.xmp#01 (0.00s)
    --- PASS: TestRoundTrip_XMP_NP3_XMP/KDK_-_Echrome_100_++.xmp#01 (0.00s)
    --- PASS: TestRoundTrip_XMP_NP3_XMP/EXPOSURE_+_2.xmp#02 (0.00s)
    --- PASS: TestRoundTrip_XMP_NP3_XMP/FINISH_-_Basic.xmp#02 (0.00s)
    --- PASS: TestRoundTrip_XMP_NP3_XMP/KDK_-_Ektar_100_-_cool.xmp#01 (0.00s)
    --- PASS: TestRoundTrip_XMP_NP3_XMP/KDK_-_Echrome_200_+.xmp#01 (0.00s)
    --- PASS: TestRoundTrip_XMP_NP3_XMP/KDK_-_Echrome_++++.xmp#01 (0.00s)
    --- PASS: TestRoundTrip_XMP_NP3_XMP/EXPOSURE__0.xmp#02 (0.00s)
    --- PASS: TestRoundTrip_XMP_NP3_XMP/KDK_-_Echrome_-_film.xmp#01 (0.00s)
    --- PASS: TestRoundTrip_XMP_NP3_XMP/EXPOSURE__-_1.xmp#02 (0.00s)
    --- PASS: TestRoundTrip_XMP_NP3_XMP/KDK_-_Echrome_++.xmp#01 (0.00s)
    --- PASS: TestRoundTrip_XMP_NP3_XMP/EXPOSURE__-_2.xmp#02 (0.00s)
    --- PASS: TestRoundTrip_XMP_NP3_XMP/KDK_-_Ektar_100_-_warm.xmp#01 (0.00s)
    --- PASS: TestRoundTrip_XMP_NP3_XMP/KDK_-_Echrome_+++.xmp#01 (0.00s)
    --- PASS: TestRoundTrip_XMP_NP3_XMP/KDK_-_Echrome_200_-_warm.xmp#01 (0.00s)
    --- PASS: TestRoundTrip_XMP_NP3_XMP/DETAIL_-_Mid.xmp#02 (0.00s)
    --- PASS: TestRoundTrip_XMP_NP3_XMP/COLOR_-_Lavender.xmp#02 (0.00s)
    --- PASS: TestRoundTrip_XMP_NP3_XMP/EXPOSURE_+_1.xmp#02 (0.00s)
    --- PASS: TestRoundTrip_XMP_NP3_XMP/KDK_-_Ektar_100_+.xmp#01 (0.00s)
    --- PASS: TestRoundTrip_XMP_NP3_XMP/KDK_-_Ektar_100_++.xmp#01 (0.00s)
    --- PASS: TestRoundTrip_XMP_NP3_XMP/KDK_-_Echrome_100.xmp#01 (0.00s)
    --- PASS: TestRoundTrip_XMP_NP3_XMP/DETAIL_-_Low.xmp#02 (0.00s)
    --- PASS: TestRoundTrip_XMP_NP3_XMP/DETAIL_-_High.xmp#02 (0.00s)
    --- PASS: TestRoundTrip_XMP_NP3_XMP/KDK_-_Ektar_100_+++.xmp#01 (0.00s)
    --- PASS: TestRoundTrip_XMP_NP3_XMP/KDK_-_Echrome_-_cool.xmp#01 (0.01s)
    --- PASS: TestRoundTrip_XMP_NP3_XMP/KDK_-_Echrome_200_-_cool.xmp#01 (0.01s)
    --- PASS: TestRoundTrip_XMP_NP3_XMP/KDK_-_Portra_400.xmp#01 (0.00s)
    --- PASS: TestRoundTrip_XMP_NP3_XMP/KDK_-_Ektar_100_-_film.xmp#01 (0.00s)
    --- PASS: TestRoundTrip_XMP_NP3_XMP/KDK_-_Echrome_+.xmp#01 (0.00s)
    --- PASS: TestRoundTrip_XMP_NP3_XMP/KDK_-_Ektar_100_-_boost.xmp#01 (0.00s)
    --- PASS: TestRoundTrip_XMP_NP3_XMP/KDK_-_Portra_400_-_warm.xmp#01 (0.00s)
    --- PASS: TestRoundTrip_XMP_NP3_XMP/KDK_-_Portra_800_++++.xmp#01 (0.00s)
    --- PASS: TestRoundTrip_XMP_NP3_XMP/POL_-_Color_600_++.xmp#01 (0.00s)
    --- PASS: TestRoundTrip_XMP_NP3_XMP/KDK_-_Portra_400_-_cool.xmp#01 (0.00s)
    --- PASS: TestRoundTrip_XMP_NP3_XMP/KDK_-_Echrome_100_-_cool.xmp#01 (0.00s)
    --- PASS: TestRoundTrip_XMP_NP3_XMP/POL_-_Cinematic.xmp#01 (0.00s)
    --- PASS: TestRoundTrip_XMP_NP3_XMP/POL_-_Color_600_+.xmp#01 (0.00s)
    --- PASS: TestRoundTrip_XMP_NP3_XMP/POL_-_Cinematic_-_film.xmp#01 (0.00s)
    --- PASS: TestRoundTrip_XMP_NP3_XMP/POL_-_Color_600_+++.xmp#01 (0.00s)
    --- PASS: TestRoundTrip_XMP_NP3_XMP/POL_-_Cinematic_-_warm.xmp#01 (0.00s)
    --- PASS: TestRoundTrip_XMP_NP3_XMP/KDK_-_Echrome_100_-_warm.xmp#01 (0.00s)
    --- PASS: TestRoundTrip_XMP_NP3_XMP/POL_-_Cinematic_+.xmp#01 (0.00s)
    --- PASS: TestRoundTrip_XMP_NP3_XMP/Nikon_Z_f_Camera_Somber.xmp (0.00s)
    --- PASS: TestRoundTrip_XMP_NP3_XMP/POL_-_Mono.xmp (0.01s)
    --- PASS: TestRoundTrip_XMP_NP3_XMP/POL_-_Mono_-_film.xmp (0.01s)
    --- PASS: TestRoundTrip_XMP_NP3_XMP/POL_-_Cinematic_++.xmp#01 (0.00s)
    --- PASS: TestRoundTrip_XMP_NP3_XMP/POL_-_Mono_+.xmp (0.01s)
    --- PASS: TestRoundTrip_XMP_NP3_XMP/KDK_-_Echrome_100_-_film.xmp#01 (0.00s)
    --- PASS: TestRoundTrip_XMP_NP3_XMP/KDK_-_Echrome.xmp#01 (0.00s)
    --- PASS: TestRoundTrip_XMP_NP3_XMP/POL_-_Color_Instant.xmp (0.01s)
    --- PASS: TestRoundTrip_XMP_NP3_XMP/POL_-_Mono_+++.xmp (0.01s)
    --- PASS: TestRoundTrip_XMP_NP3_XMP/POL_-_Mono_-_boost.xmp (0.01s)
    --- PASS: TestRoundTrip_XMP_NP3_XMP/KDK_-_Echrome_64.xmp#01 (0.00s)
    --- PASS: TestRoundTrip_XMP_NP3_XMP/KDK_-_Echrome_64_-_warm.xmp#01 (0.00s)
    --- PASS: TestRoundTrip_XMP_NP3_XMP/KDK_-_Echrome_100_+.xmp#01 (0.00s)
    --- PASS: TestRoundTrip_XMP_NP3_XMP/POL_-_Mono_++.xmp (0.01s)
    --- PASS: TestRoundTrip_XMP_NP3_XMP/KDK_-_Echrome_100_-_boost.xmp#01 (0.00s)
    --- PASS: TestRoundTrip_XMP_NP3_XMP/KDK_-_Ektar_100_++++.xmp#01 (0.00s)
    --- PASS: TestRoundTrip_XMP_NP3_XMP/POL_-_Color_Instant_+.xmp (0.01s)
    --- PASS: TestRoundTrip_XMP_NP3_XMP/KDK_-_Echrome_64_-_film.xmp#01 (0.00s)
    --- PASS: TestRoundTrip_XMP_NP3_XMP/VIBRANCE__-_Mid.xmp#04 (0.00s)
    --- PASS: TestRoundTrip_XMP_NP3_XMP/POL_-_Cinematic_-_boost.xmp#01 (0.00s)
    --- PASS: TestRoundTrip_XMP_NP3_XMP/VIBRANCE__-_Low.xmp#04 (0.00s)
    --- PASS: TestRoundTrip_XMP_NP3_XMP/POL_-_Color_Instant_-_warm.xmp (0.01s)
    --- PASS: TestRoundTrip_XMP_NP3_XMP/POL_-_Cinematic_-_cool.xmp#01 (0.01s)
    --- PASS: TestRoundTrip_XMP_NP3_XMP/POL_-_Color_Instant_-_film.xmp (0.01s)
    --- PASS: TestRoundTrip_XMP_NP3_XMP/KDK_-_Portra_400_-_film.xmp#01 (0.01s)
    --- PASS: TestRoundTrip_XMP_NP3_XMP/KDK_-_Echrome_64_-_cool.xmp#01 (0.00s)
    --- PASS: TestRoundTrip_XMP_NP3_XMP/SHARPEN_-_Low.xmp#04 (0.00s)
    --- PASS: TestRoundTrip_XMP_NP3_XMP/KDK_-_Kodachrome_64_-_film.xmp (0.00s)
    --- PASS: TestRoundTrip_XMP_NP3_XMP/SHARPEN_-_Mid.xmp#04 (0.00s)
    --- PASS: TestRoundTrip_XMP_NP3_XMP/KDK_-_Kodachrome_64_-_cool.xmp (0.00s)
    --- PASS: TestRoundTrip_XMP_NP3_XMP/VIBRANCE_-__High.xmp#04 (0.00s)
    --- PASS: TestRoundTrip_XMP_NP3_XMP/SHARPEN_-_High.xmp#04 (0.00s)
    --- PASS: TestRoundTrip_XMP_NP3_XMP/KDK_-_Kodachrome_64_-_color.xmp (0.00s)
    --- PASS: TestRoundTrip_XMP_NP3_XMP/POL_-_Color_Instant_-_cool.xmp (0.01s)
    --- PASS: TestRoundTrip_XMP_NP3_XMP/POL_-_Color_Instant_-_boost.xmp (0.01s)
    --- PASS: TestRoundTrip_XMP_NP3_XMP/POL_-_Cinematic_++++.xmp (0.01s)
    --- PASS: TestRoundTrip_XMP_NP3_XMP/KDK_-_Kodachrome_64_-_boost.xmp (0.00s)
    --- PASS: TestRoundTrip_XMP_NP3_XMP/POL_-_Color_600.xmp (0.01s)
    --- PASS: TestRoundTrip_XMP_NP3_XMP/KDK_-_Tri-X_400_-_film.xmp (0.01s)
    --- PASS: TestRoundTrip_XMP_NP3_XMP/POL_-_Color_600_-_warm.xmp (0.01s)
    --- PASS: TestRoundTrip_XMP_NP3_XMP/CONTRAST_-_Mid.xmp#02 (0.00s)
    --- PASS: TestRoundTrip_XMP_NP3_XMP/CONTRAST_-_Low.xmp#02 (0.00s)
    --- PASS: TestRoundTrip_XMP_NP3_XMP/LIGHTING_-_Flash.xmp#02 (0.00s)
    --- PASS: TestRoundTrip_XMP_NP3_XMP/POL_-_Color_Instant_++.xmp (0.01s)
    --- PASS: TestRoundTrip_XMP_NP3_XMP/POL_-_Color_Instant_+++.xmp (0.01s)
    --- PASS: TestRoundTrip_XMP_NP3_XMP/POL_-_Color_600_-_film.xmp (0.01s)
    --- PASS: TestRoundTrip_XMP_NP3_XMP/POL_-_Color_600_++.xmp (0.01s)
    --- PASS: TestRoundTrip_XMP_NP3_XMP/POL_-_Cinematic.xmp (0.01s)
    --- PASS: TestRoundTrip_XMP_NP3_XMP/POL_-_Color_600_-_boost.xmp (0.01s)
    --- PASS: TestRoundTrip_XMP_NP3_XMP/POL_-_Color_600_-_cool.xmp (0.01s)
    --- PASS: TestRoundTrip_XMP_NP3_XMP/KDK_-_Tri-X_400.xmp (0.01s)
    --- PASS: TestRoundTrip_XMP_NP3_XMP/POL_-_Color_600_+.xmp (0.01s)
    --- PASS: TestRoundTrip_XMP_NP3_XMP/KDK_-_Portra_400_-_film.xmp (0.01s)
    --- PASS: TestRoundTrip_XMP_NP3_XMP/KDK_-_Tri-X_400_+.xmp (0.01s)
    --- PASS: TestRoundTrip_XMP_NP3_XMP/CONTRAST_-_High.xmp#02 (0.00s)
    --- PASS: TestRoundTrip_XMP_NP3_XMP/KDK_-_Portra_400.xmp (0.01s)
    --- PASS: TestRoundTrip_XMP_NP3_XMP/COLOR_-_Warm_Light.xmp#02 (0.00s)
    --- PASS: TestRoundTrip_XMP_NP3_XMP/KDK_-_Tri-X_400_-_boost.xmp (0.01s)
    --- PASS: TestRoundTrip_XMP_NP3_XMP/POL_-_Color_Instant_++++.xmp (0.01s)
    --- PASS: TestRoundTrip_XMP_NP3_XMP/KDK_-_Kodachrome_64_++.xmp (0.00s)
    --- PASS: TestRoundTrip_XMP_NP3_XMP/KDK_-_Tri-X_400_++.xmp (0.01s)
    --- PASS: TestRoundTrip_XMP_NP3_XMP/KDK_-_Portra_800_++++.xmp (0.01s)
    --- PASS: TestRoundTrip_XMP_NP3_XMP/KDK_-_Portra_800_+++.xmp (0.01s)
    --- PASS: TestRoundTrip_XMP_NP3_XMP/POL_-_Mono.xmp#01 (0.00s)
    --- PASS: TestRoundTrip_XMP_NP3_XMP/KDK_-_Kodachrome_64_+.xmp (0.00s)
    --- PASS: TestRoundTrip_XMP_NP3_XMP/KDK_-_Portra_400_++++.xmp#01 (0.00s)
    --- PASS: TestRoundTrip_XMP_NP3_XMP/KDK_-_Portra_160_-_warm.xmp#01 (0.00s)
    --- PASS: TestRoundTrip_XMP_NP3_XMP/Nikon_Z_f_Camera_Sepia.xmp (0.00s)
    --- PASS: TestRoundTrip_XMP_NP3_XMP/Nikon_Z_f_Camera_Silence.xmp (0.00s)
    --- PASS: TestRoundTrip_XMP_NP3_XMP/KDK_-_Portra_160_-_cool.xmp#01 (0.00s)
    --- PASS: TestRoundTrip_XMP_NP3_XMP/KDK_-_Portra_160_-_film.xmp#01 (0.00s)
    --- PASS: TestRoundTrip_XMP_NP3_XMP/POL_-_Cinematic_-_warm.xmp (0.01s)
    --- PASS: TestRoundTrip_XMP_NP3_XMP/POL_-_Cinematic_+++.xmp#01 (0.00s)
    --- PASS: TestRoundTrip_XMP_NP3_XMP/KDK_-_Portra_160_-_boost.xmp#01 (0.00s)
    --- PASS: TestRoundTrip_XMP_NP3_XMP/KDK_-_Portra_160_-_boost.xmp (0.01s)
    --- PASS: TestRoundTrip_XMP_NP3_XMP/POL_-_Color_600_+++.xmp (0.01s)
    --- PASS: TestRoundTrip_XMP_NP3_XMP/KDK_-_Portra_160_++.xmp#01 (0.00s)
    --- PASS: TestRoundTrip_XMP_NP3_XMP/POL_-_Cinematic_-_film.xmp (0.01s)
    --- PASS: TestRoundTrip_XMP_NP3_XMP/KDK_-_Portra_160.xmp#01 (0.00s)
    --- PASS: TestRoundTrip_XMP_NP3_XMP/KDK_-_Portra_160_+.xmp#01 (0.00s)
    --- PASS: TestRoundTrip_XMP_NP3_XMP/KDK_-_Gold_200_-_cool.xmp#01 (0.00s)
    --- PASS: TestRoundTrip_XMP_NP3_XMP/POL_-_Cinematic_-_boost.xmp (0.01s)
    --- PASS: TestRoundTrip_XMP_NP3_XMP/KDK_-_Gold_200_-_film.xmp#01 (0.00s)
    --- PASS: TestRoundTrip_XMP_NP3_XMP/KDK_-_Plus_125_-_film.xmp (0.01s)
    --- PASS: TestRoundTrip_XMP_NP3_XMP/KDK_-_Gold_200.xmp#01 (0.01s)
    --- PASS: TestRoundTrip_XMP_NP3_XMP/KDK_-_Gold_200_-_boost.xmp#01 (0.00s)
    --- PASS: TestRoundTrip_XMP_NP3_XMP/KDK_-_Kodachrome_64_++++.xmp (0.01s)
    --- PASS: TestRoundTrip_XMP_NP3_XMP/KDK_-_Tri-X_400_+++.xmp (0.01s)
    --- PASS: TestRoundTrip_XMP_NP3_XMP/KDK_-_Portra_-_film.xmp#01 (0.00s)
    --- FAIL: TestRoundTrip_XMP_NP3_XMP/KDK_-_Gold_200_-_warm.xmp#01 (0.01s)
    --- PASS: TestRoundTrip_XMP_NP3_XMP/KDK_-_Kodachrome_64_+++.xmp (0.01s)
    --- PASS: TestRoundTrip_XMP_NP3_XMP/KDK_-_Portra_-_warm.xmp#01 (0.00s)
    --- PASS: TestRoundTrip_XMP_NP3_XMP/KDK_-_Portra_-_boost.xmp#01 (0.00s)
    --- PASS: TestRoundTrip_XMP_NP3_XMP/KDK_-_Portra_160_+++.xmp#01 (0.00s)
    --- PASS: TestRoundTrip_XMP_NP3_XMP/KDK_-_Portra_+.xmp#01 (0.00s)
    --- PASS: TestRoundTrip_XMP_NP3_XMP/KDK_-_Portra_800.xmp (0.01s)
    --- PASS: TestRoundTrip_XMP_NP3_XMP/KDK_-_Portra.xmp (0.01s)
    --- PASS: TestRoundTrip_XMP_NP3_XMP/KDK_-_Portra_400_-_warm.xmp (0.01s)
    --- PASS: TestRoundTrip_XMP_NP3_XMP/KDK_-_Gold_200_++.xmp#01 (0.00s)
    --- PASS: TestRoundTrip_XMP_NP3_XMP/POL_-_Cinematic_++++.xmp#01 (0.00s)
    --- PASS: TestRoundTrip_XMP_NP3_XMP/KDK_-_Portra_800_-_warm.xmp (0.01s)
    --- PASS: TestRoundTrip_XMP_NP3_XMP/KDK_-_Portra_800_-_film.xmp (0.01s)
    --- PASS: TestRoundTrip_XMP_NP3_XMP/POL_-_Cinematic_-_cool.xmp (0.01s)
    --- PASS: TestRoundTrip_XMP_NP3_XMP/KDK_-_Portra_160_++++.xmp#01 (0.01s)
    --- PASS: TestRoundTrip_XMP_NP3_XMP/KDK_-_Portra_++.xmp#01 (0.00s)
    --- PASS: TestRoundTrip_XMP_NP3_XMP/KDK_-_Portra_-_cool.xmp#01 (0.00s)
    --- PASS: TestRoundTrip_XMP_NP3_XMP/KDK_-_Gold_200_+++.xmp#01 (0.00s)
    --- PASS: TestRoundTrip_XMP_NP3_XMP/KDK_-_Gold_200_+.xmp#01 (0.00s)
    --- PASS: TestRoundTrip_XMP_NP3_XMP/Lens_off.xmp#03 (0.00s)
    --- PASS: TestRoundTrip_XMP_NP3_XMP/LIGHTING_-_Tungsten.xmp#03 (0.00s)
    --- PASS: TestRoundTrip_XMP_NP3_XMP/Lens_on.xmp#03 (0.00s)
    --- PASS: TestRoundTrip_XMP_NP3_XMP/KDK_-_Portra_400_-_cool.xmp (0.01s)
    --- PASS: TestRoundTrip_XMP_NP3_XMP/LIGHTING_-_Fluorescent.xmp#03 (0.00s)
    --- PASS: TestRoundTrip_XMP_NP3_XMP/LIGHTING_-_Flash.xmp#03 (0.00s)
    --- PASS: TestRoundTrip_XMP_NP3_XMP/LIGHTING_-_Daylight.xmp#03 (0.00s)
    --- PASS: TestRoundTrip_XMP_NP3_XMP/KDK_-_Portra_800_-_boost.xmp (0.01s)
    --- PASS: TestRoundTrip_XMP_NP3_XMP/KDK_-_Portra_400_+++.xmp (0.01s)
    --- PASS: TestRoundTrip_XMP_NP3_XMP/KDK_-_Portra_400_++.xmp (0.01s)
    --- PASS: TestRoundTrip_XMP_NP3_XMP/KDK_-_Portra_400_-_boost.xmp (0.01s)
    --- PASS: TestRoundTrip_XMP_NP3_XMP/LIGHTING_-_Shade.xmp#03 (0.00s)
    --- PASS: TestRoundTrip_XMP_NP3_XMP/LIGHTING_-_Cloudy.xmp#03 (0.00s)
    --- PASS: TestRoundTrip_XMP_NP3_XMP/KDK_-_Kodachrome_64_4.xmp (0.00s)
    --- PASS: TestRoundTrip_XMP_NP3_XMP/KDK_-_Portra_160.xmp (0.01s)
    --- PASS: TestRoundTrip_XMP_NP3_XMP/KDK_-_Portra_400_-_boost.xmp#01 (0.00s)
    --- PASS: TestRoundTrip_XMP_NP3_XMP/POL_-_Mono_+.xmp#01 (0.00s)
    --- PASS: TestRoundTrip_XMP_NP3_XMP/POL_-_Mono_-_boost.xmp#01 (0.00s)
    --- PASS: TestRoundTrip_XMP_NP3_XMP/POL_-_Mono_-_film.xmp#01 (0.00s)
    --- PASS: TestRoundTrip_XMP_NP3_XMP/KDK_-_Plus_125_-_boost.xmp (0.01s)
    --- PASS: TestRoundTrip_XMP_NP3_XMP/POL_-_Mono_++.xmp#01 (0.00s)
    --- PASS: TestRoundTrip_XMP_NP3_XMP/KDK_-_Portra_400_++++.xmp (0.01s)
    --- PASS: TestRoundTrip_XMP_NP3_XMP/KDK_-_Portra_800_+.xmp (0.01s)
    --- PASS: TestRoundTrip_XMP_NP3_XMP/KDK_-_Portra_800_++.xmp (0.01s)
    --- PASS: TestRoundTrip_XMP_NP3_XMP/KDK_-_Portra_800_-_cool.xmp (0.01s)
    --- PASS: TestRoundTrip_XMP_NP3_XMP/POL_-_Mono_+++.xmp#01 (0.00s)
    --- PASS: TestRoundTrip_XMP_NP3_XMP/KDK_-_Gold_200_-_film.xmp (0.01s)
    --- PASS: TestRoundTrip_XMP_NP3_XMP/KDK_-_Portra_400_+.xmp (0.01s)
    --- PASS: TestRoundTrip_XMP_NP3_XMP/LIGHTING_-_Auto_Set.xmp#03 (0.00s)
    --- PASS: TestRoundTrip_XMP_NP3_XMP/KDK_-_Gold_200_-_cool.xmp (0.01s)
    --- PASS: TestRoundTrip_XMP_NP3_XMP/KDK_-_Portra_160_-_warm.xmp (0.01s)
    --- PASS: TestRoundTrip_XMP_NP3_XMP/KDK_-_Portra_160_-_cool.xmp (0.01s)
    --- PASS: TestRoundTrip_XMP_NP3_XMP/KDK_-_Plus_125_+++.xmp (0.01s)
    --- PASS: TestRoundTrip_XMP_NP3_XMP/KDK_-_Kodachrome_64_6.xmp (0.01s)
    --- PASS: TestRoundTrip_XMP_NP3_XMP/KDK_-_Portra_++++.xmp#01 (0.00s)
    --- PASS: TestRoundTrip_XMP_NP3_XMP/KDK_-_Kodachrome_64.xmp#01 (0.00s)
    --- PASS: TestRoundTrip_XMP_NP3_XMP/KDK_-_Kodachrome_64_-_warm.xmp (0.00s)
    --- PASS: TestRoundTrip_XMP_NP3_XMP/KDK_-_Plus_125_+.xmp (0.01s)
    --- PASS: TestRoundTrip_XMP_NP3_XMP/KDK_-_Gold_200_++++.xmp#01 (0.00s)
    --- PASS: TestRoundTrip_XMP_NP3_XMP/KDK_-_Portra_+++.xmp#01 (0.00s)
    --- PASS: TestRoundTrip_XMP_NP3_XMP/KDK_-_Plus_125_++.xmp (0.01s)
    --- PASS: TestRoundTrip_XMP_NP3_XMP/KDK_-_Gold_200_-_boost.xmp (0.01s)
    --- PASS: TestRoundTrip_XMP_NP3_XMP/KDK_-_Elite_100.xmp (0.00s)
    --- PASS: TestRoundTrip_XMP_NP3_XMP/KDK_-_Gold_200_++++.xmp (0.01s)
    --- PASS: TestRoundTrip_XMP_NP3_XMP/KDK_-_Gold_200_+.xmp (0.01s)
    --- PASS: TestRoundTrip_XMP_NP3_XMP/KDK_-_Portra_160_+.xmp (0.01s)
    --- PASS: TestRoundTrip_XMP_NP3_XMP/KDK_-_Portra_400_+.xmp#01 (0.00s)
    --- PASS: TestRoundTrip_XMP_NP3_XMP/KDK_-_Elite_100_-_cool.xmp (0.01s)
    --- PASS: TestRoundTrip_XMP_NP3_XMP/KDK_-_Elite_100.xmp#01 (0.00s)
    --- PASS: TestRoundTrip_XMP_NP3_XMP/KDK_-_Portra_160_-_film.xmp (0.01s)
    --- PASS: TestRoundTrip_XMP_NP3_XMP/KDK_-_Kodachrome_64_5.xmp (0.01s)
    --- PASS: TestRoundTrip_XMP_NP3_XMP/KDK_-_Portra_160_++.xmp (0.01s)
    --- PASS: TestRoundTrip_XMP_NP3_XMP/KDK_-_Elite_100_-_film.xmp (0.01s)
    --- PASS: TestRoundTrip_XMP_NP3_XMP/KDK_-_Elite_100_-_warm.xmp#01 (0.00s)
    --- PASS: TestRoundTrip_XMP_NP3_XMP/KDK_-_Portra_160_+++.xmp (0.01s)
    --- PASS: TestRoundTrip_XMP_NP3_XMP/KDK_-_Portra_-_warm.xmp (0.01s)
    --- PASS: TestRoundTrip_XMP_NP3_XMP/KDK_-_Gold_200_++.xmp (0.01s)
    --- PASS: TestRoundTrip_XMP_NP3_XMP/KDK_-_Gold_200_+++.xmp (0.01s)
    --- PASS: TestRoundTrip_XMP_NP3_XMP/KDK_-_Kodachrome_64.xmp (0.01s)
    --- PASS: TestRoundTrip_XMP_NP3_XMP/KDK_-_Ektar_100.xmp (0.01s)
    --- PASS: TestRoundTrip_XMP_NP3_XMP/KDK_-_Elite_100_+++.xmp (0.01s)
    --- PASS: TestRoundTrip_XMP_NP3_XMP/KDK_-_Portra_160_++++.xmp (0.01s)
    --- PASS: TestRoundTrip_XMP_NP3_XMP/KDK_-_Ektar_100_-_film.xmp (0.01s)
    --- PASS: TestRoundTrip_XMP_NP3_XMP/KDK_-_Ektar_100_-_warm.xmp (0.01s)
    --- PASS: TestRoundTrip_XMP_NP3_XMP/KDK_-_Elite_100_-_warm.xmp (0.01s)
    --- PASS: TestRoundTrip_XMP_NP3_XMP/KDK_-_Kodachrome_64_1.xmp (0.01s)
    --- PASS: TestRoundTrip_XMP_NP3_XMP/KDK_-_Gold_200.xmp (0.01s)
    --- PASS: TestRoundTrip_XMP_NP3_XMP/KDK_-_Elite_100_-_film.xmp#01 (0.00s)
    --- PASS: TestRoundTrip_XMP_NP3_XMP/KDK_-_Portra_400_++.xmp#01 (0.00s)
    --- PASS: TestRoundTrip_XMP_NP3_XMP/KDK_-_Gold_200_-_warm.xmp (0.01s)
    --- PASS: TestRoundTrip_XMP_NP3_XMP/KDK_-_Echrome_200_-_boost.xmp (0.01s)
    --- PASS: TestRoundTrip_XMP_NP3_XMP/KDK_-_Elite_100_++++.xmp (0.01s)
    --- PASS: TestRoundTrip_XMP_NP3_XMP/KDK_-_Echrome_64.xmp (0.01s)
    --- PASS: TestRoundTrip_XMP_NP3_XMP/KDK_-_Kodachrome_64_3.xmp (0.01s)
    --- PASS: TestRoundTrip_XMP_NP3_XMP/KDK_-_Ektar_100_-_cool.xmp (0.01s)
    --- PASS: TestRoundTrip_XMP_NP3_XMP/KDK_-_Echrome_64_-_warm.xmp (0.01s)
    --- PASS: TestRoundTrip_XMP_NP3_XMP/KDK_-_Ektar_100_+.xmp (0.01s)
    --- PASS: TestRoundTrip_XMP_NP3_XMP/KDK_-_Ektar_100_+++.xmp (0.01s)
    --- PASS: TestRoundTrip_XMP_NP3_XMP/KDK_-_Ektar_100_-_boost.xmp (0.01s)
    --- PASS: TestRoundTrip_XMP_NP3_XMP/FUJ_-_XPro.xmp#01 (0.01s)
    --- PASS: TestRoundTrip_XMP_NP3_XMP/KDK_-_Echrome_100_++.xmp (0.01s)
    --- PASS: TestRoundTrip_XMP_NP3_XMP/KDK_-_Ektar_100_++.xmp (0.01s)
    --- PASS: TestRoundTrip_XMP_NP3_XMP/KDK_-_Elite_100_-_boost.xmp (0.01s)
    --- PASS: TestRoundTrip_XMP_NP3_XMP/KDK_-_Echrome_200_++.xmp (0.01s)
    --- PASS: TestRoundTrip_XMP_NP3_XMP/KDK_-_Echrome_200_+.xmp (0.01s)
    --- PASS: TestRoundTrip_XMP_NP3_XMP/FUJ_-_Velvia_100_-_warm.xmp#01 (0.01s)
    --- PASS: TestRoundTrip_XMP_NP3_XMP/FUJ_-_XPro_-_film.xmp#01 (0.01s)
    --- PASS: TestRoundTrip_XMP_NP3_XMP/KDK_-_Elite_100_++.xmp (0.01s)
    --- PASS: TestRoundTrip_XMP_NP3_XMP/KDK_-_Ektar_100_++++.xmp (0.01s)
    --- PASS: TestRoundTrip_XMP_NP3_XMP/FUJ_-_Velvia_100_-_cool.xmp#01 (0.01s)
    --- PASS: TestRoundTrip_XMP_NP3_XMP/KDK_-_Elite_100_+.xmp (0.01s)
    --- PASS: TestRoundTrip_XMP_NP3_XMP/KDK_-_Echrome_100_++++.xmp (0.01s)
    --- PASS: TestRoundTrip_XMP_NP3_XMP/FUJ_-_XPro_-_warm.xmp#01 (0.01s)
    --- PASS: TestRoundTrip_XMP_NP3_XMP/KDK_-_Echrome_200_++++.xmp (0.01s)
    --- PASS: TestRoundTrip_XMP_NP3_XMP/FINISH_-_Washed.xmp#03 (0.00s)
    --- PASS: TestRoundTrip_XMP_NP3_XMP/Lens_off.xmp#04 (0.00s)
    --- PASS: TestRoundTrip_XMP_NP3_XMP/Lens_on.xmp#04 (0.00s)
    --- PASS: TestRoundTrip_XMP_NP3_XMP/LIGHTING_-_As_Shot.xmp#03 (0.00s)
    --- PASS: TestRoundTrip_XMP_NP3_XMP/KDK_-_Echrome.xmp (0.01s)
    --- PASS: TestRoundTrip_XMP_NP3_XMP/LIGHTING_-_Tungsten.xmp#04 (0.00s)
    --- PASS: TestRoundTrip_XMP_NP3_XMP/KDK_-_Echrome_200_+++.xmp (0.01s)
    --- PASS: TestRoundTrip_XMP_NP3_XMP/KDK_-_Kodachrome_64_2.xmp (0.02s)
    --- PASS: TestRoundTrip_XMP_NP3_XMP/KDK_-_Echrome_-_warm.xmp (0.01s)
    --- PASS: TestRoundTrip_XMP_NP3_XMP/KDK_-_Echrome_100.xmp (0.01s)
    --- PASS: TestRoundTrip_XMP_NP3_XMP/KDK_-_Echrome_100_+++.xmp (0.01s)
    --- PASS: TestRoundTrip_XMP_NP3_XMP/LIGHTING_-_Shade.xmp#04 (0.00s)
    --- PASS: TestRoundTrip_XMP_NP3_XMP/FINISH_-_Vintage.xmp#03 (0.00s)
    --- PASS: TestRoundTrip_XMP_NP3_XMP/Nikon_Z_f_Camera_Red.xmp (0.00s)
    --- PASS: TestRoundTrip_XMP_NP3_XMP/FUJ_-_Velvia_100_-_boost.xmp#01 (0.01s)
    --- PASS: TestRoundTrip_XMP_NP3_XMP/KDK_-_Echrome_64_-_film.xmp (0.00s)
    --- PASS: TestRoundTrip_XMP_NP3_XMP/KDK_-_Echrome_100_-_warm.xmp (0.01s)
    --- PASS: TestRoundTrip_XMP_NP3_XMP/FUJ_-_Superia_800_-_film.xmp#01 (0.01s)
    --- PASS: TestRoundTrip_XMP_NP3_XMP/FUJ_-_XPro_-_cool.xmp#01 (0.01s)
    --- PASS: TestRoundTrip_XMP_NP3_XMP/FUJ_-_Superia_800_-_cool.xmp#01 (0.01s)
    --- PASS: TestRoundTrip_XMP_NP3_XMP/FUJ_-_Velvia_100_-_film.xmp#01 (0.01s)
    --- PASS: TestRoundTrip_XMP_NP3_XMP/KDK_-_Echrome_64_-_boost.xmp (0.01s)
    --- PASS: TestRoundTrip_XMP_NP3_XMP/KDK_-_Echrome_-_boost.xmp (0.01s)
    --- PASS: TestRoundTrip_XMP_NP3_XMP/FUJ_-_Velvia_100_++.xmp#01 (0.01s)
    --- PASS: TestRoundTrip_XMP_NP3_XMP/KDK_-_Echrome_-_film.xmp (0.01s)
    --- PASS: TestRoundTrip_XMP_NP3_XMP/FUJ_-_Superia_800_+.xmp#01 (0.01s)
    --- PASS: TestRoundTrip_XMP_NP3_XMP/FUJ_-_XPro_++++.xmp#01 (0.01s)
    --- PASS: TestRoundTrip_XMP_NP3_XMP/FUJ_-_XPro_+++.xmp#01 (0.01s)
    --- PASS: TestRoundTrip_XMP_NP3_XMP/FUJ_-_XPro_+.xmp#01 (0.01s)
    --- PASS: TestRoundTrip_XMP_NP3_XMP/FUJ_-_Superia_400_+.xmp#01 (0.01s)
    --- PASS: TestRoundTrip_XMP_NP3_XMP/FUJ_-_Superia_400_+++.xmp#01 (0.01s)
    --- PASS: TestRoundTrip_XMP_NP3_XMP/FUJ_-_Superia_400_-_boost.xmp#01 (0.01s)
    --- PASS: TestRoundTrip_XMP_NP3_XMP/FUJ_-_XPro_++.xmp#01 (0.01s)
    --- PASS: TestRoundTrip_XMP_NP3_XMP/FUJ_-_Superia_400_++.xmp#01 (0.01s)
    --- PASS: TestRoundTrip_XMP_NP3_XMP/FUJ_-_Superia_400_++++.xmp#01 (0.01s)
    --- PASS: TestRoundTrip_XMP_NP3_XMP/KDK_-_Echrome_64_-_cool.xmp (0.01s)
    --- PASS: TestRoundTrip_XMP_NP3_XMP/KDK_-_Echrome_-_cool.xmp (0.01s)
    --- PASS: TestRoundTrip_XMP_NP3_XMP/FUJ_-_Velvia_100.xmp#01 (0.01s)
    --- PASS: TestRoundTrip_XMP_NP3_XMP/FUJ_-_Velvia_100_+.xmp#01 (0.01s)
    --- PASS: TestRoundTrip_XMP_NP3_XMP/FUJ_-_Superia_800_-_boost.xmp#01 (0.01s)
    --- PASS: TestRoundTrip_XMP_NP3_XMP/FUJ_-_XPro_-_boost.xmp#01 (0.01s)
    --- PASS: TestRoundTrip_XMP_NP3_XMP/KDK_-_Echrome_+.xmp (0.01s)
    --- PASS: TestRoundTrip_XMP_NP3_XMP/FUJ_-_Superia_800_++.xmp#01 (0.01s)
    --- PASS: TestRoundTrip_XMP_NP3_XMP/LIGHTING_-_Fluorescent.xmp#04 (0.00s)
    --- PASS: TestRoundTrip_XMP_NP3_XMP/FUJ_-_Sensia_100_-_warm.xmp#01 (0.01s)
    --- PASS: TestRoundTrip_XMP_NP3_XMP/KDK_-_Echrome_++++.xmp (0.01s)
    --- PASS: TestRoundTrip_XMP_NP3_XMP/FUJ_-_Provia_100F_-_boost.xmp#01 (0.01s)
    --- PASS: TestRoundTrip_XMP_NP3_XMP/KDK_-_Echrome_++.xmp (0.01s)
    --- PASS: TestRoundTrip_XMP_NP3_XMP/FUJ_-_Sensia_100_-_boost.xmp#01 (0.01s)
    --- PASS: TestRoundTrip_XMP_NP3_XMP/FUJ_-_PRO_160_+++.xmp#01 (0.01s)
    --- PASS: TestRoundTrip_XMP_NP3_XMP/FUJ_-_PRO_160_-_cool.xmp#01 (0.01s)
    --- PASS: TestRoundTrip_XMP_NP3_XMP/FUJ_-_Provia_100F_+++.xmp#01 (0.01s)
    --- PASS: TestRoundTrip_XMP_NP3_XMP/KDK_-_Echrome_+++.xmp (0.01s)
    --- PASS: TestRoundTrip_XMP_NP3_XMP/FUJ_-_Sensia_100_-_cool.xmp#01 (0.01s)
    --- PASS: TestRoundTrip_XMP_NP3_XMP/LIGHTING_-_Daylight.xmp#04 (0.00s)
    --- PASS: TestRoundTrip_XMP_NP3_XMP/FUJ_-_PRO_160_+.xmp#01 (0.01s)
    --- PASS: TestRoundTrip_XMP_NP3_XMP/LIGHTING_-_Flash.xmp#04 (0.00s)
    --- PASS: TestRoundTrip_XMP_NP3_XMP/FUJ_-_PRO_160_-_boost.xmp#01 (0.01s)
    --- PASS: TestRoundTrip_XMP_NP3_XMP/FUJ_-_Sensia_100.xmp#01 (0.01s)
    --- PASS: TestRoundTrip_XMP_NP3_XMP/FUJ_-_Sensia_100_-_film.xmp#01 (0.01s)
    --- PASS: TestRoundTrip_XMP_NP3_XMP/FUJ_-_Provia_100F_+.xmp#01 (0.01s)
    --- PASS: TestRoundTrip_XMP_NP3_XMP/KDK_-_Portra_-_film.xmp (0.01s)
    --- PASS: TestRoundTrip_XMP_NP3_XMP/FUJ_-_Provia_100F_++.xmp#01 (0.01s)
    --- PASS: TestRoundTrip_XMP_NP3_XMP/FUJ_-_Sensia_100_+.xmp#01 (0.01s)
    --- PASS: TestRoundTrip_XMP_NP3_XMP/FUJ_-_Neopan.xmp (0.01s)
    --- PASS: TestRoundTrip_XMP_NP3_XMP/FUJ_-_Superia_800_+++.xmp#01 (0.01s)
    --- PASS: TestRoundTrip_XMP_NP3_XMP/KDK_-_Portra_-_cool.xmp (0.01s)
    --- PASS: TestRoundTrip_XMP_NP3_XMP/FUJ_-_Provia_100F_++++.xmp#01 (0.01s)
    --- PASS: TestRoundTrip_XMP_NP3_XMP/FUJ_-_Sensia_100_+++.xmp#01 (0.01s)
    --- PASS: TestRoundTrip_XMP_NP3_XMP/FUJ_-_Sensia_100_++.xmp#01 (0.01s)
    --- PASS: TestRoundTrip_XMP_NP3_XMP/KDK_-_Portra_-_boost.xmp (0.01s)
    --- PASS: TestRoundTrip_XMP_NP3_XMP/FUJ_-_PRO_160_++++.xmp#01 (0.01s)
    --- PASS: TestRoundTrip_XMP_NP3_XMP/FUJ_-_PRO_160_-_warm.xmp#01 (0.01s)
    --- PASS: TestRoundTrip_XMP_NP3_XMP/KDK_-_Echrome_100_-_film.xmp (0.01s)
    --- PASS: TestRoundTrip_XMP_NP3_XMP/KDK_-_Portra_++.xmp (0.01s)
    --- PASS: TestRoundTrip_XMP_NP3_XMP/KDK_-_Portra_+.xmp (0.01s)
    --- PASS: TestRoundTrip_XMP_NP3_XMP/FUJ_-_Neopan_-_film.xmp (0.01s)
    --- PASS: TestRoundTrip_XMP_NP3_XMP/FUJ_-_Neopan_-_boost.xmp (0.01s)
    --- PASS: TestRoundTrip_XMP_NP3_XMP/FUJ_-_PRO_160_++.xmp#01 (0.01s)
    --- PASS: TestRoundTrip_XMP_NP3_XMP/KDK_-_Echrome_100_-_cool.xmp (0.01s)
    --- PASS: TestRoundTrip_XMP_NP3_XMP/FUJ_-_Negative_++.xmp#01 (0.01s)
    --- PASS: TestRoundTrip_XMP_NP3_XMP/KDK_-_Plus_125.xmp (0.01s)
    --- PASS: TestRoundTrip_XMP_NP3_XMP/FUJ_-_Sensia_100_++++.xmp#01 (0.01s)
    --- PASS: TestRoundTrip_XMP_NP3_XMP/KDK_-_Echrome_100_+.xmp (0.01s)
    --- PASS: TestRoundTrip_XMP_NP3_XMP/FUJ_-_Negative_-_film_1.xmp (0.01s)
    --- PASS: TestRoundTrip_XMP_NP3_XMP/FUJ_-_Negative_+++_1.xmp (0.01s)
    --- PASS: TestRoundTrip_XMP_NP3_XMP/FUJ_-_PRO_160.xmp#01 (0.01s)
    --- PASS: TestRoundTrip_XMP_NP3_XMP/FUJ_-_Negative_++_1.xmp (0.01s)
    --- PASS: TestRoundTrip_XMP_NP3_XMP/FUJ_-_Negative_+++.xmp#01 (0.01s)
    --- PASS: TestRoundTrip_XMP_NP3_XMP/KDK_-_Portra_++++.xmp (0.01s)
    --- PASS: TestRoundTrip_XMP_NP3_XMP/KDK_-_Echrome_100_-_boost.xmp (0.01s)
    --- PASS: TestRoundTrip_XMP_NP3_XMP/FUJ_-_Provia_100F.xmp#01 (0.01s)
    --- PASS: TestRoundTrip_XMP_NP3_XMP/KDK_-_Portra_+++.xmp (0.01s)
    --- PASS: TestRoundTrip_XMP_NP3_XMP/FUJ_-_Fortia_50.xmp#01 (0.00s)
    --- PASS: TestRoundTrip_XMP_NP3_XMP/FUJ_-_Velvia_100_++++.xmp#01 (0.00s)
    --- PASS: TestRoundTrip_XMP_NP3_XMP/FUJ_-_Velvia_100_+++.xmp#01 (0.01s)
    --- PASS: TestRoundTrip_XMP_NP3_XMP/FUJ_-_Negative_++++.xmp#01 (0.01s)
    --- PASS: TestRoundTrip_XMP_NP3_XMP/FUJ_-_Negative_-_cool.xmp#01 (0.01s)
    --- PASS: TestRoundTrip_XMP_NP3_XMP/FUJ_-_Provia_100F_-_film.xmp#01 (0.01s)
    --- PASS: TestRoundTrip_XMP_NP3_XMP/FUJ_-_Fortia_50_-_film.xmp#01 (0.01s)
    --- PASS: TestRoundTrip_XMP_NP3_XMP/FUJ_-_Negative_-_boost.xmp#01 (0.01s)
    --- PASS: TestRoundTrip_XMP_NP3_XMP/FUJ_-_Fortia_50_-_warm.xmp#01 (0.01s)
    --- PASS: TestRoundTrip_XMP_NP3_XMP/FUJ_-_Negative_-_boost_1.xmp (0.01s)
    --- PASS: TestRoundTrip_XMP_NP3_XMP/FUJ_-_Superia_800_-_warm.xmp#01 (0.01s)
    --- PASS: TestRoundTrip_XMP_NP3_XMP/FUJ_-_Provia_100F_-_warm.xmp#01 (0.02s)
    --- PASS: TestRoundTrip_XMP_NP3_XMP/FUJ_-_Superia_800.xmp#01 (0.01s)
    --- PASS: TestRoundTrip_XMP_NP3_XMP/FUJ_-_Fortia_50_-_cool.xmp#01 (0.01s)
    --- PASS: TestRoundTrip_XMP_NP3_XMP/FUJ_-_PRO_160_-_film.xmp#01 (0.01s)
    --- PASS: TestRoundTrip_XMP_NP3_XMP/FUJ_-_Negative_+.xmp#01 (0.01s)
    --- PASS: TestRoundTrip_XMP_NP3_XMP/FUJ_-_Fortia_50_+.xmp#01 (0.01s)
    --- PASS: TestRoundTrip_XMP_NP3_XMP/FUJ_-_Provia_100F_-_cool.xmp#01 (0.01s)
    --- PASS: TestRoundTrip_XMP_NP3_XMP/FUJ_-_Negative_+_1.xmp (0.01s)
    --- PASS: TestRoundTrip_XMP_NP3_XMP/FUJ_-_Color_100_-_warm.xmp#01 (0.01s)
    --- PASS: TestRoundTrip_XMP_NP3_XMP/FUJ_-_Fortia_50_++.xmp#01 (0.01s)
    --- PASS: TestRoundTrip_XMP_NP3_XMP/FUJ_-_Color_100_++++.xmp#01 (0.01s)
    --- PASS: TestRoundTrip_XMP_NP3_XMP/FUJ_-_Color_100_++.xmp#01 (0.01s)
    --- PASS: TestRoundTrip_XMP_NP3_XMP/FUJ_-_Astia_100F_-_cool.xmp#01 (0.01s)
    --- PASS: TestRoundTrip_XMP_NP3_XMP/FUJ_-_Negative_-_film.xmp#01 (0.01s)
    --- PASS: TestRoundTrip_XMP_NP3_XMP/FUJ_-_Color_100_+++.xmp#01 (0.01s)
    --- PASS: TestRoundTrip_XMP_NP3_XMP/LIGHTING_-_Cloudy.xmp#04 (0.00s)
    --- PASS: TestRoundTrip_XMP_NP3_XMP/FUJ_-_Fortia_50_-_boost.xmp#01 (0.01s)
    --- PASS: TestRoundTrip_XMP_NP3_XMP/FUJ_-_Color_100.xmp#01 (0.01s)
    --- PASS: TestRoundTrip_XMP_NP3_XMP/FUJ_-_Color_100_-_film.xmp#01 (0.01s)
    --- PASS: TestRoundTrip_XMP_NP3_XMP/AGF_-_Vista_Plus_-_film.xmp#01 (0.01s)
    --- PASS: TestRoundTrip_XMP_NP3_XMP/AGF_-_Vista_Plus.xmp#01 (0.01s)
    --- PASS: TestRoundTrip_XMP_NP3_XMP/AGF_-_Ultra_100_-_film.xmp#01 (0.01s)
    --- PASS: TestRoundTrip_XMP_NP3_XMP/FUJ_-_Color_100_-_boost.xmp#01 (0.01s)
    --- PASS: TestRoundTrip_XMP_NP3_XMP/AGF_-_Vista_Plus_-_boost.xmp#01 (0.01s)
    --- PASS: TestRoundTrip_XMP_NP3_XMP/AGF_-_Ultra_100.xmp#01 (0.01s)
    --- PASS: TestRoundTrip_XMP_NP3_XMP/AGF_-_Vista_Plus_-_warm.xmp#01 (0.01s)
    --- PASS: TestRoundTrip_XMP_NP3_XMP/AGF_-_Vista_Plus_+++.xmp#01 (0.01s)
    --- PASS: TestRoundTrip_XMP_NP3_XMP/AGF_-_Vista_Plus_++++.xmp#01 (0.01s)
    --- PASS: TestRoundTrip_XMP_NP3_XMP/FUJ_-_Fortia_50_+++.xmp#01 (0.01s)
    --- PASS: TestRoundTrip_XMP_NP3_XMP/FUJ_-_Astia_100F_-_boost.xmp#01 (0.01s)
    --- PASS: TestRoundTrip_XMP_NP3_XMP/AGF_-_Portrait_160_++++.xmp#01 (0.01s)
    --- PASS: TestRoundTrip_XMP_NP3_XMP/AGF_-_Ultra_100_+++.xmp#01 (0.01s)
    --- PASS: TestRoundTrip_XMP_NP3_XMP/FUJ_-_Fortia_50_++++.xmp#01 (0.01s)
    --- PASS: TestRoundTrip_XMP_NP3_XMP/AGF_-_Vista_Plus_-_cool.xmp#01 (0.01s)
    --- PASS: TestRoundTrip_XMP_NP3_XMP/AGF_-_Portrait_160_-_cool.xmp#01 (0.01s)
    --- PASS: TestRoundTrip_XMP_NP3_XMP/FUJ_-_Color_100_-_cool.xmp#01 (0.01s)
    --- PASS: TestRoundTrip_XMP_NP3_XMP/AGF_-_Ultra_100_-_warm.xmp#01 (0.01s)
    --- PASS: TestRoundTrip_XMP_NP3_XMP/AGF_-_Portrait_160_-_warm.xmp#01 (0.01s)
    --- PASS: TestRoundTrip_XMP_NP3_XMP/FUJ_-_Color_100_+.xmp#01 (0.01s)
    --- PASS: TestRoundTrip_XMP_NP3_XMP/AGF_-_Optima_100_-_cool.xmp#01 (0.00s)
    --- PASS: TestRoundTrip_XMP_NP3_XMP/AGF_-_Portrait_160.xmp#01 (0.01s)
    --- PASS: TestRoundTrip_XMP_NP3_XMP/AGF_-_Optima_100_-_warm.xmp#01 (0.01s)
    --- PASS: TestRoundTrip_XMP_NP3_XMP/o_7.xmp#01 (0.00s)
    --- PASS: TestRoundTrip_XMP_NP3_XMP/o_8.xmp#01 (0.00s)
    --- PASS: TestRoundTrip_XMP_NP3_XMP/FUJ_-_Provia_100F_-_warm.xmp (0.00s)
    --- PASS: TestRoundTrip_XMP_NP3_XMP/o_9.xmp#01 (0.00s)
    --- PASS: TestRoundTrip_XMP_NP3_XMP/o_6.xmp#01 (0.00s)
    --- PASS: TestRoundTrip_XMP_NP3_XMP/o_4.xmp#01 (0.00s)
    --- PASS: TestRoundTrip_XMP_NP3_XMP/AGF_-_Optima_100_-_film.xmp#01 (0.01s)
    --- PASS: TestRoundTrip_XMP_NP3_XMP/o_1.xmp#01 (0.00s)
    --- PASS: TestRoundTrip_XMP_NP3_XMP/o_5.xmp#01 (0.00s)
    --- PASS: TestRoundTrip_XMP_NP3_XMP/auto_wb__.xmp (0.00s)
    --- PASS: TestRoundTrip_XMP_NP3_XMP/AGF_-_Optima_100_-_boost.xmp#01 (0.01s)
    --- PASS: TestRoundTrip_XMP_NP3_XMP/o__.xmp (0.00s)
    --- PASS: TestRoundTrip_XMP_NP3_XMP/auto_tone__.xmp (0.00s)
    --- PASS: TestRoundTrip_XMP_NP3_XMP/VIBRANCE_-__High.xmp#01 (0.00s)
    --- PASS: TestRoundTrip_XMP_NP3_XMP/o.xmp#01 (0.00s)
    --- PASS: TestRoundTrip_XMP_NP3_XMP/o_3.xmp#01 (0.00s)
    --- PASS: TestRoundTrip_XMP_NP3_XMP/AGF_-_Vista_Plus_++.xmp#01 (0.01s)
    --- PASS: TestRoundTrip_XMP_NP3_XMP/SHARPEN_-_High.xmp#01 (0.00s)
    --- PASS: TestRoundTrip_XMP_NP3_XMP/SHARPEN_-_Mid.xmp#01 (0.00s)
    --- PASS: TestRoundTrip_XMP_NP3_XMP/o_2.xmp#01 (0.00s)
    --- PASS: TestRoundTrip_XMP_NP3_XMP/AGF_-_Ultra_100_++++.xmp#01 (0.01s)
    --- PASS: TestRoundTrip_XMP_NP3_XMP/AGF_-_Optima_100.xmp#01 (0.01s)
    --- PASS: TestRoundTrip_XMP_NP3_XMP/VIBRANCE__-_Low.xmp#01 (0.00s)
    --- PASS: TestRoundTrip_XMP_NP3_XMP/AGF_-_Vista_Plus_+.xmp#01 (0.02s)
    --- PASS: TestRoundTrip_XMP_NP3_XMP/AGF_-_Portrait_160_-_film.xmp#01 (0.01s)
    --- PASS: TestRoundTrip_XMP_NP3_XMP/AGF_-_Chrome_RSX_+.xmp#01 (0.01s)
    --- PASS: TestRoundTrip_XMP_NP3_XMP/SHARPEN_-_Low.xmp#01 (0.00s)
    --- PASS: TestRoundTrip_XMP_NP3_XMP/AGF_-_Chrome_RSX_-_film.xmp#01 (0.01s)
    --- PASS: TestRoundTrip_XMP_NP3_XMP/AGF_-_Optima_100_++.xmp#01 (0.01s)
    --- PASS: TestRoundTrip_XMP_NP3_XMP/VIBRANCE__-_Mid.xmp#01 (0.00s)
    --- PASS: TestRoundTrip_XMP_NP3_XMP/AGF_-_Chrome_RSX.xmp#01 (0.01s)
    --- PASS: TestRoundTrip_XMP_NP3_XMP/Lens_off.xmp#01 (0.00s)
    --- PASS: TestRoundTrip_XMP_NP3_XMP/LIGHTING_-_Tungsten.xmp#01 (0.00s)
    --- PASS: TestRoundTrip_XMP_NP3_XMP/LIGHTING_-_As_Shot.xmp#01 (0.00s)
    --- PASS: TestRoundTrip_XMP_NP3_XMP/FUJ_-_XPro.xmp (0.00s)
    --- PASS: TestRoundTrip_XMP_NP3_XMP/AGF_-_Optima_100_+.xmp#01 (0.01s)
    --- PASS: TestRoundTrip_XMP_NP3_XMP/FUJ_-_XPro_-_film.xmp (0.00s)
    --- PASS: TestRoundTrip_XMP_NP3_XMP/AGF_-_Chrome_RSX_-_boost.xmp#01 (0.01s)
    --- PASS: TestRoundTrip_XMP_NP3_XMP/FUJ_-_XPro_-_warm.xmp (0.00s)
    --- PASS: TestRoundTrip_XMP_NP3_XMP/AGF_-_Chrome_RSX_++.xmp#01 (0.01s)
    --- PASS: TestRoundTrip_XMP_NP3_XMP/Lens_on.xmp#01 (0.00s)
    --- PASS: TestRoundTrip_XMP_NP3_XMP/FUJ_-_XPro_-_cool.xmp (0.00s)
    --- PASS: TestRoundTrip_XMP_NP3_XMP/AGF_-_Chrome_RSX_+++.xmp#01 (0.01s)
    --- PASS: TestRoundTrip_XMP_NP3_XMP/FUJ_-_XPro_++.xmp (0.00s)
    --- PASS: TestRoundTrip_XMP_NP3_XMP/COLOR_-_Sea_Breeze.xmp#02 (0.00s)
    --- PASS: TestRoundTrip_XMP_NP3_XMP/AGF_-_Optima_100_++++.xmp#01 (0.01s)
    --- PASS: TestRoundTrip_XMP_NP3_XMP/FUJ_-_Astia_100F_-_film.xmp#01 (0.01s)
    --- PASS: TestRoundTrip_XMP_NP3_XMP/AGF_-_Chrome_RSX_++++.xmp#01 (0.01s)
    --- PASS: TestRoundTrip_XMP_NP3_XMP/FUJ_-_XPro_++++.xmp (0.00s)
    --- PASS: TestRoundTrip_XMP_NP3_XMP/AGF_-_Chrome_RSX_-_warm.xmp#01 (0.01s)
    --- PASS: TestRoundTrip_XMP_NP3_XMP/FUJ_-_Astia_100F_-_warm.xmp#01 (0.01s)
    --- PASS: TestRoundTrip_XMP_NP3_XMP/FUJ_-_Velvia_100.xmp (0.00s)
    --- PASS: TestRoundTrip_XMP_NP3_XMP/FUJ_-_XPro_-_boost.xmp (0.00s)
    --- PASS: TestRoundTrip_XMP_NP3_XMP/FUJ_-_XPro_+++.xmp (0.00s)
    --- PASS: TestRoundTrip_XMP_NP3_XMP/FUJ_-_Velvia_100_-_warm.xmp (0.00s)
    --- PASS: TestRoundTrip_XMP_NP3_XMP/FUJ_-_Velvia_100_-_film.xmp (0.00s)
    --- PASS: TestRoundTrip_XMP_NP3_XMP/FUJ_-_Velvia_100_-_boost.xmp (0.00s)
    --- PASS: TestRoundTrip_XMP_NP3_XMP/FUJ_-_Velvia_100_++.xmp (0.00s)
    --- PASS: TestRoundTrip_XMP_NP3_XMP/AGF_-_Optima_100_+++.xmp#01 (0.01s)
    --- PASS: TestRoundTrip_XMP_NP3_XMP/FUJ_-_Velvia_100_+.xmp (0.00s)
    --- PASS: TestRoundTrip_XMP_NP3_XMP/AGF_-_Portrait_160_-_boost.xmp#01 (0.01s)
    --- PASS: TestRoundTrip_XMP_NP3_XMP/FUJ_-_XPro_+.xmp (0.00s)
    --- PASS: TestRoundTrip_XMP_NP3_XMP/AGF_-_Chrome_RSX_-_cool.xmp#01 (0.01s)
    --- PASS: TestRoundTrip_XMP_NP3_XMP/FUJ_-_Velvia_100_+++.xmp (0.00s)
    --- PASS: TestRoundTrip_XMP_NP3_XMP/FUJ_-_Velvia_100_++++.xmp (0.00s)
    --- PASS: TestRoundTrip_XMP_NP3_XMP/FUJ_-_Neopan_++.xmp (0.01s)
    --- PASS: TestRoundTrip_XMP_NP3_XMP/AGF_-_Portrait_160_+.xmp#01 (0.01s)
    --- PASS: TestRoundTrip_XMP_NP3_XMP/FUJ_-_Superia_800_++.xmp (0.00s)
    --- PASS: TestRoundTrip_XMP_NP3_XMP/FUJ_-_Superia_800.xmp (0.00s)
    --- PASS: TestRoundTrip_XMP_NP3_XMP/FUJ_-_Superia_800_-_boost.xmp (0.00s)
    --- PASS: TestRoundTrip_XMP_NP3_XMP/FUJ_-_Negative_1.xmp (0.01s)
    --- PASS: TestRoundTrip_XMP_NP3_XMP/FUJ_-_Superia_800_-_warm.xmp (0.00s)
    --- PASS: TestRoundTrip_XMP_NP3_XMP/FUJ_-_Superia_400.xmp (0.00s)
    --- PASS: TestRoundTrip_XMP_NP3_XMP/FUJ_-_Superia_800_-_film.xmp (0.00s)
    --- PASS: TestRoundTrip_XMP_NP3_XMP/FUJ_-_Superia_400_-_warm.xmp (0.00s)
    --- PASS: TestRoundTrip_XMP_NP3_XMP/AGF_-_Portrait_160_++.xmp#01 (0.01s)
    --- PASS: TestRoundTrip_XMP_NP3_XMP/FUJ_-_Superia_400_-_film.xmp (0.00s)
    --- PASS: TestRoundTrip_XMP_NP3_XMP/FUJ_-_Superia_800_+.xmp (0.00s)
    --- PASS: TestRoundTrip_XMP_NP3_XMP/AGF_-_Portrait_160_+++.xmp#01 (0.01s)
    --- PASS: TestRoundTrip_XMP_NP3_XMP/FUJ_-_Superia_400_-_boost.xmp (0.00s)
    --- PASS: TestRoundTrip_XMP_NP3_XMP/FUJ_-_Astia_100F_+.xmp#01 (0.01s)
    --- PASS: TestRoundTrip_XMP_NP3_XMP/FUJ_-_Astia_100F_++.xmp#01 (0.01s)
    --- PASS: TestRoundTrip_XMP_NP3_XMP/FUJ_-_Superia_400_-_cool.xmp (0.00s)
    --- PASS: TestRoundTrip_XMP_NP3_XMP/FUJ_-_Neopan_+++.xmp (0.01s)
    --- PASS: TestRoundTrip_XMP_NP3_XMP/KDK_-_Echrome_64_++++.xmp (0.01s)
    --- PASS: TestRoundTrip_XMP_NP3_XMP/COLOR_-_Morning.xmp#02 (0.00s)
    --- PASS: TestRoundTrip_XMP_NP3_XMP/FUJ_-_Superia_800_+++.xmp (0.00s)
    --- PASS: TestRoundTrip_XMP_NP3_XMP/FUJ_-_Superia_400_++.xmp (0.00s)
    --- PASS: TestRoundTrip_XMP_NP3_XMP/FUJ_-_Sensia_100_+.xmp (0.00s)
    --- PASS: TestRoundTrip_XMP_NP3_XMP/FUJ_-_Sensia_100_-_warm.xmp (0.00s)
    --- PASS: TestRoundTrip_XMP_NP3_XMP/COLOR_-_Neutral.xmp (0.00s)
    --- PASS: TestRoundTrip_XMP_NP3_XMP/FUJ_-_Sensia_100_+++.xmp (0.00s)
    --- PASS: TestRoundTrip_XMP_NP3_XMP/POL_-_Cinematic_+++.xmp (0.00s)
    --- PASS: TestRoundTrip_XMP_NP3_XMP/DETAIL_-_Low.xmp (0.00s)
    --- PASS: TestRoundTrip_XMP_NP3_XMP/FUJ_-_Negative_-_warm.xmp#01 (0.01s)
    --- PASS: TestRoundTrip_XMP_NP3_XMP/FUJ_-_Negative.xmp#01 (0.01s)
    --- PASS: TestRoundTrip_XMP_NP3_XMP/FUJ_-_Sensia_100.xmp (0.00s)
    --- PASS: TestRoundTrip_XMP_NP3_XMP/FUJ_-_Superia_400_+++.xmp (0.00s)
    --- PASS: TestRoundTrip_XMP_NP3_XMP/COLOR_-_Neutral.xmp#02 (0.00s)
    --- PASS: TestRoundTrip_XMP_NP3_XMP/POL_-_Cinematic_+.xmp (0.01s)
    --- PASS: TestRoundTrip_XMP_NP3_XMP/FUJ_-_Superia_400_++++.xmp (0.01s)
    --- PASS: TestRoundTrip_XMP_NP3_XMP/FUJ_-_Superia_400_+.xmp (0.00s)
    --- PASS: TestRoundTrip_XMP_NP3_XMP/POL_-_Cinematic_++.xmp (0.01s)
    --- PASS: TestRoundTrip_XMP_NP3_XMP/FUJ_-_Superia_800_++++.xmp (0.01s)
    --- PASS: TestRoundTrip_XMP_NP3_XMP/FUJ_-_Neopan_+.xmp (0.01s)
    --- PASS: TestRoundTrip_XMP_NP3_XMP/FUJ_-_Superia_800_-_cool.xmp (0.00s)
    --- PASS: TestRoundTrip_XMP_NP3_XMP/o_1.xmp (0.00s)
    --- PASS: TestRoundTrip_XMP_NP3_XMP/o_2.xmp (0.00s)
    --- PASS: TestRoundTrip_XMP_NP3_XMP/FUJ_-_Sensia_100_-_film.xmp (0.00s)
    --- PASS: TestRoundTrip_XMP_NP3_XMP/FINISH_-_Strong.xmp#01 (0.00s)
    --- PASS: TestRoundTrip_XMP_NP3_XMP/FUJ_-_Astia_100F_++++.xmp#01 (0.01s)
    --- PASS: TestRoundTrip_XMP_NP3_XMP/o.xmp (0.00s)
    --- PASS: TestRoundTrip_XMP_NP3_XMP/COLOR_-_Pastel_Rouge.xmp#02 (0.01s)
    --- PASS: TestRoundTrip_XMP_NP3_XMP/FUJ_-_Velvia_100_-_cool.xmp (0.00s)
    --- PASS: TestRoundTrip_XMP_NP3_XMP/FUJ_-_Astia_100F_+++.xmp#01 (0.01s)
    --- PASS: TestRoundTrip_XMP_NP3_XMP/FINISH_-_Washed.xmp#01 (0.00s)
    --- PASS: TestRoundTrip_XMP_NP3_XMP/FUJ_-_Sensia_100_-_boost.xmp (0.00s)
    --- PASS: TestRoundTrip_XMP_NP3_XMP/LIGHTING_-_Shade.xmp#01 (0.00s)
    --- PASS: TestRoundTrip_XMP_NP3_XMP/FUJ_-_Astia_100F_++++.xmp (0.00s)
    --- PASS: TestRoundTrip_XMP_NP3_XMP/LIGHTING_-_Fluorescent.xmp#01 (0.00s)
    --- PASS: TestRoundTrip_XMP_NP3_XMP/FUJ_-_Sensia_100_++++.xmp (0.00s)
    --- PASS: TestRoundTrip_XMP_NP3_XMP/LIGHTING_-_Flash.xmp#01 (0.00s)
    --- PASS: TestRoundTrip_XMP_NP3_XMP/FUJ_-_Sensia_100_-_cool.xmp (0.00s)
    --- PASS: TestRoundTrip_XMP_NP3_XMP/LIGHTING_-_Daylight.xmp#01 (0.00s)
    --- PASS: TestRoundTrip_XMP_NP3_XMP/o_.xmp (0.00s)
    --- PASS: TestRoundTrip_XMP_NP3_XMP/CONTRAST_-_Low.xmp (0.00s)
    --- PASS: TestRoundTrip_XMP_NP3_XMP/DETAIL_-_High.xmp (0.00s)
    --- PASS: TestRoundTrip_XMP_NP3_XMP/COLOR_-_Sea_Breeze.xmp (0.00s)
    --- PASS: TestRoundTrip_XMP_NP3_XMP/LIGHTING_-_Cloudy.xmp#01 (0.00s)
    --- PASS: TestRoundTrip_XMP_NP3_XMP/COLOR_-_Morning.xmp (0.00s)
    --- PASS: TestRoundTrip_XMP_NP3_XMP/CONTRAST_-_High.xmp (0.00s)
    --- PASS: TestRoundTrip_XMP_NP3_XMP/CONTRAST_-_Mid.xmp (0.00s)
    --- PASS: TestRoundTrip_XMP_NP3_XMP/COLOR_-_Warm_Light.xmp (0.00s)
    --- PASS: TestRoundTrip_XMP_NP3_XMP/FUJ_-_Provia_100F.xmp (0.00s)
    --- PASS: TestRoundTrip_XMP_NP3_XMP/FINISH_-_Vintage.xmp#01 (0.00s)
    --- PASS: TestRoundTrip_XMP_NP3_XMP/AGF_-_Vista_Plus_-_film.xmp (0.00s)
    --- PASS: TestRoundTrip_XMP_NP3_XMP/FUJ_-_Sensia_100_++.xmp (0.00s)
    --- PASS: TestRoundTrip_XMP_NP3_XMP/COLOR_-_Spearmint.xmp (0.00s)
    --- PASS: TestRoundTrip_XMP_NP3_XMP/FINISH_-_Retro.xmp#01 (0.00s)
    --- PASS: TestRoundTrip_XMP_NP3_XMP/AGF_-_Vista_Plus_-_cool.xmp (0.00s)
    --- PASS: TestRoundTrip_XMP_NP3_XMP/AGF_-_Vista_Plus_-_boost.xmp (0.00s)
    --- PASS: TestRoundTrip_XMP_NP3_XMP/AGF_-_Portrait_160_+.xmp (0.00s)
    --- PASS: TestRoundTrip_XMP_NP3_XMP/LIGHTING_-_Auto_Set.xmp#01 (0.00s)
    --- PASS: TestRoundTrip_XMP_NP3_XMP/FINISH_-_Film.xmp#01 (0.00s)
    --- PASS: TestRoundTrip_XMP_NP3_XMP/COLOR_-_Lavender.xmp (0.00s)
    --- PASS: TestRoundTrip_XMP_NP3_XMP/AGF_-_Vista_Plus.xmp (0.00s)
    --- PASS: TestRoundTrip_XMP_NP3_XMP/AGF_-_Vista_Plus_-_warm.xmp (0.00s)
    --- PASS: TestRoundTrip_XMP_NP3_XMP/FINISH_-_Bright.xmp#01 (0.00s)
    --- PASS: TestRoundTrip_XMP_NP3_XMP/EXPOSURE_+_2.xmp#01 (0.00s)
    --- PASS: TestRoundTrip_XMP_NP3_XMP/FINISH_-_Basic.xmp#01 (0.00s)
    --- PASS: TestRoundTrip_XMP_NP3_XMP/FUJ_-_Superia_400_-_warm.xmp#01 (0.01s)
    --- PASS: TestRoundTrip_XMP_NP3_XMP/EXPOSURE_+_1.xmp#01 (0.00s)
    --- PASS: TestRoundTrip_XMP_NP3_XMP/COLOR_-_Pastel_Rouge.xmp (0.00s)
    --- PASS: TestRoundTrip_XMP_NP3_XMP/AGF_-_Optima_100.xmp (0.00s)
    --- PASS: TestRoundTrip_XMP_NP3_XMP/AGF_-_Ultra_100_+.xmp (0.00s)
    --- PASS: TestRoundTrip_XMP_NP3_XMP/FUJ_-_Superia_400.xmp#01 (0.01s)
    --- PASS: TestRoundTrip_XMP_NP3_XMP/AGF_-_Ultra_100_++++.xmp (0.00s)
    --- PASS: TestRoundTrip_XMP_NP3_XMP/AGF_-_Ultra_100_-_boost.xmp#01 (0.00s)
    --- PASS: TestRoundTrip_XMP_NP3_XMP/AGF_-_Portrait_160_++++.xmp (0.00s)
    --- PASS: TestRoundTrip_XMP_NP3_XMP/AGF_-_Portrait_160_++.xmp (0.00s)
    --- PASS: TestRoundTrip_XMP_NP3_XMP/AGF_-_Chrome_RSX_-_boost.xmp (0.00s)
    --- PASS: TestRoundTrip_XMP_NP3_XMP/AGF_-_Portrait_160.xmp (0.00s)
    --- PASS: TestRoundTrip_XMP_NP3_XMP/AGF_-_Portrait_160_-_warm.xmp (0.00s)
    --- PASS: TestRoundTrip_XMP_NP3_XMP/AGF_-_Ultra_100_+++.xmp (0.00s)
    --- PASS: TestRoundTrip_XMP_NP3_XMP/AGF_-_Optima_100_-_warm.xmp (0.00s)
    --- PASS: TestRoundTrip_XMP_NP3_XMP/AGF_-_Vista_Plus_+.xmp (0.00s)
    --- PASS: TestRoundTrip_XMP_NP3_XMP/AGF_-_Ultra_100_-_cool.xmp#01 (0.01s)
    --- PASS: TestRoundTrip_XMP_NP3_XMP/AGF_-_Ultra_100_++.xmp#01 (0.00s)
    --- PASS: TestRoundTrip_XMP_NP3_XMP/CONTRAST_-_Mid.xmp#01 (0.00s)
    --- PASS: TestRoundTrip_XMP_NP3_XMP/EXPOSURE__0.xmp#01 (0.00s)
    --- PASS: TestRoundTrip_XMP_NP3_XMP/FUJ_-_Superia_400_-_cool.xmp#01 (0.01s)
    --- PASS: TestRoundTrip_XMP_NP3_XMP/DETAIL_-_Mid.xmp#01 (0.00s)
    --- PASS: TestRoundTrip_XMP_NP3_XMP/AGF_-_Ultra_100_+.xmp#01 (0.01s)
    --- PASS: TestRoundTrip_XMP_NP3_XMP/DETAIL_-_High.xmp#01 (0.00s)
    --- PASS: TestRoundTrip_XMP_NP3_XMP/KDK_-_Echrome_64_+.xmp (0.01s)
    --- PASS: TestRoundTrip_XMP_NP3_XMP/AGF_-_Portrait_160_+++.xmp (0.00s)
    --- PASS: TestRoundTrip_XMP_NP3_XMP/KDK_-_Echrome_64_+++.xmp (0.01s)
    --- PASS: TestRoundTrip_XMP_NP3_XMP/CONTRAST_-_High.xmp#01 (0.00s)
    --- PASS: TestRoundTrip_XMP_NP3_XMP/EXPOSURE__-_1.xmp#01 (0.00s)
    --- PASS: TestRoundTrip_XMP_NP3_XMP/DETAIL_-_Low.xmp#01 (0.00s)
    --- PASS: TestRoundTrip_XMP_NP3_XMP/CONTRAST_-_Low.xmp#01 (0.00s)
    --- PASS: TestRoundTrip_XMP_NP3_XMP/EXPOSURE__-_2.xmp#01 (0.00s)
    --- PASS: TestRoundTrip_XMP_NP3_XMP/AGF_-_Vista_Plus_+++.xmp (0.00s)
    --- PASS: TestRoundTrip_XMP_NP3_XMP/o_9.xmp (0.00s)
    --- PASS: TestRoundTrip_XMP_NP3_XMP/AGF_-_Optima_100_-_film.xmp (0.00s)
    --- PASS: TestRoundTrip_XMP_NP3_XMP/AGF_-_Ultra_100_-_cool.xmp (0.00s)
    --- PASS: TestRoundTrip_XMP_NP3_XMP/KDK_-_Echrome_64_++.xmp (0.01s)
    --- PASS: TestRoundTrip_XMP_NP3_XMP/AGF_-_Optima_100_-_boost.xmp (0.00s)
    --- PASS: TestRoundTrip_XMP_NP3_XMP/AGF_-_Optima_100_-_cool.xmp (0.00s)
    --- PASS: TestRoundTrip_XMP_NP3_XMP/COLOR_-_Warm_Light.xmp#01 (0.00s)
    --- PASS: TestRoundTrip_XMP_NP3_XMP/AGF_-_Ultra_100.xmp (0.00s)
    --- PASS: TestRoundTrip_XMP_NP3_XMP/AGF_-_Ultra_100_-_film.xmp (0.00s)
    --- PASS: TestRoundTrip_XMP_NP3_XMP/o_6.xmp (0.00s)
    --- PASS: TestRoundTrip_XMP_NP3_XMP/AGF_-_Chrome_RSX.xmp (0.00s)
    --- PASS: TestRoundTrip_XMP_NP3_XMP/o_8.xmp (0.00s)
    --- PASS: TestRoundTrip_XMP_NP3_XMP/KDK_-_Echrome_200.xmp (0.01s)
    --- PASS: TestRoundTrip_XMP_NP3_XMP/AGF_-_Vista_Plus_++++.xmp (0.00s)
    --- PASS: TestRoundTrip_XMP_NP3_XMP/AGF_-_Ultra_100_++.xmp (0.00s)
    --- PASS: TestRoundTrip_XMP_NP3_XMP/FUJ_-_Astia_100F.xmp#01 (0.01s)
    --- PASS: TestRoundTrip_XMP_NP3_XMP/AGF_-_Optima_100_++.xmp (0.00s)
    --- PASS: TestRoundTrip_XMP_NP3_XMP/COLOR_-_Sea_Breeze.xmp#01 (0.00s)
    --- PASS: TestRoundTrip_XMP_NP3_XMP/AGF_-_Ultra_100_-_boost.xmp (0.00s)
    --- PASS: TestRoundTrip_XMP_NP3_XMP/o_7.xmp (0.00s)
    --- PASS: TestRoundTrip_XMP_NP3_XMP/AGF_-_Chrome_RSX_+.xmp (0.00s)
    --- PASS: TestRoundTrip_XMP_NP3_XMP/FUJ_-_Superia_400_-_film.xmp#01 (0.01s)
    --- PASS: TestRoundTrip_XMP_NP3_XMP/AGF_-_Optima_100_++++.xmp (0.00s)
    --- PASS: TestRoundTrip_XMP_NP3_XMP/AGF_-_Optima_100_+++.xmp (0.00s)
    --- PASS: TestRoundTrip_XMP_NP3_XMP/AGF_-_Vista_Plus_++.xmp (0.00s)
    --- PASS: TestRoundTrip_XMP_NP3_XMP/COLOR_-_Neutral.xmp#01 (0.00s)
    --- PASS: TestRoundTrip_XMP_NP3_XMP/auto_wb___.xmp (0.00s)
    --- PASS: TestRoundTrip_XMP_NP3_XMP/AGF_-_Optima_100_+.xmp (0.00s)
    --- PASS: TestRoundTrip_XMP_NP3_XMP/LIGHTING_-_Cloudy.xmp (0.00s)
    --- PASS: TestRoundTrip_XMP_NP3_XMP/AGF_-_Chrome_RSX_-_warm.xmp (0.00s)
    --- PASS: TestRoundTrip_XMP_NP3_XMP/-SMOOTHER_DETAILS.xmp (0.00s)
    --- PASS: TestRoundTrip_XMP_NP3_XMP/AGF_-_Chrome_RSX_++.xmp (0.00s)
    --- PASS: TestRoundTrip_XMP_NP3_XMP/o_4.xmp (0.00s)
    --- PASS: TestRoundTrip_XMP_NP3_XMP/o_3.xmp (0.00s)
    --- PASS: TestRoundTrip_XMP_NP3_XMP/AGF_-_Chrome_RSX_+++.xmp (0.00s)
    --- PASS: TestRoundTrip_XMP_NP3_XMP/AGF_-_Chrome_RSX_-_cool.xmp (0.00s)
    --- PASS: TestRoundTrip_XMP_NP3_XMP/--FL_MASTER-FUJI_400H-Pushed-N.xmp (0.00s)
    --- PASS: TestRoundTrip_XMP_NP3_XMP/LIGHTING_-_Auto_Set.xmp (0.00s)
    --- PASS: TestRoundTrip_XMP_NP3_XMP/FINISH_-_Bright.xmp (0.00s)
    --- PASS: TestRoundTrip_XMP_NP3_XMP/--MASTER_PACK_DEVELOPMENT_TOOLS------------.xmp (0.00s)
    --- PASS: TestRoundTrip_XMP_NP3_XMP/--FL_MASTER-FUJI_800Z-Pushed-N.xmp (0.00s)
    --- PASS: TestRoundTrip_XMP_NP3_XMP/KDK_-_Echrome_200_-_warm.xmp (0.01s)
    --- PASS: TestRoundTrip_XMP_NP3_XMP/COLOR_-_Morning.xmp#01 (0.00s)
    --- PASS: TestRoundTrip_XMP_NP3_XMP/Lens_off.xmp (0.00s)
    --- PASS: TestRoundTrip_XMP_NP3_XMP/auto_tone___.xmp (0.00s)
    --- PASS: TestRoundTrip_XMP_NP3_XMP/-REDUCE_COLORS_SATURATION.xmp (0.00s)
    --- PASS: TestRoundTrip_XMP_NP3_XMP/FINISH_-_Washed.xmp (0.00s)
    --- PASS: TestRoundTrip_XMP_NP3_XMP/FINISH_-_Vintage.xmp (0.00s)
    --- PASS: TestRoundTrip_XMP_NP3_XMP/--FL_MASTER-FUJI_800Z-Pushed-F.xmp (0.00s)
    --- PASS: TestRoundTrip_XMP_NP3_XMP/VIBRANCE__-_Mid.xmp (0.00s)
    --- PASS: TestRoundTrip_XMP_NP3_XMP/VIBRANCE_-__High.xmp (0.00s)
    --- PASS: TestRoundTrip_XMP_NP3_XMP/SHARPEN_-_Mid.xmp (0.00s)
    --- PASS: TestRoundTrip_XMP_NP3_XMP/FINISH_-_Strong.xmp (0.00s)
    --- PASS: TestRoundTrip_XMP_NP3_XMP/AGF_-_Ultra_100_-_warm.xmp (0.00s)
    --- PASS: TestRoundTrip_XMP_NP3_XMP/AGF_-_Chrome_RSX_-_film.xmp (0.00s)
    --- PASS: TestRoundTrip_XMP_NP3_XMP/LIGHTING_-_Tungsten.xmp (0.00s)
    --- PASS: TestRoundTrip_XMP_NP3_XMP/LIGHTING_-_Shade.xmp (0.00s)
    --- PASS: TestRoundTrip_XMP_NP3_XMP/o_5.xmp (0.00s)
    --- PASS: TestRoundTrip_XMP_NP3_XMP/--FL_MASTER-FUJI_800Z-Original.xmp (0.00s)
    --- PASS: TestRoundTrip_XMP_NP3_XMP/VIBRANCE__-_Low.xmp (0.00s)
    --- PASS: TestRoundTrip_XMP_NP3_XMP/LIGHTING_-_Flash.xmp (0.00s)
    --- PASS: TestRoundTrip_XMP_NP3_XMP/-ADD_FILM_GRAINS.xmp (0.00s)
    --- PASS: TestRoundTrip_XMP_NP3_XMP/LIGHTING_-_Daylight.xmp (0.00s)
    --- PASS: TestRoundTrip_XMP_NP3_XMP/FINISH_-_Retro.xmp (0.00s)
    --- PASS: TestRoundTrip_XMP_NP3_XMP/--FL_MASTER-FUJI_ILFORD_HP5.xmp (0.00s)
    --- PASS: TestRoundTrip_XMP_NP3_XMP/COLOR_-_Lavender.xmp#01 (0.00s)
    --- PASS: TestRoundTrip_XMP_NP3_XMP/COLOR_-_Pastel_Rouge.xmp#01 (0.00s)
    --- PASS: TestRoundTrip_XMP_NP3_XMP/AGF_-_Chrome_RSX_++++.xmp (0.00s)
    --- PASS: TestRoundTrip_XMP_NP3_XMP/COLOR_-_Spearmint.xmp#01 (0.00s)
    --- PASS: TestRoundTrip_XMP_NP3_XMP/FUJ_-_Superia_800_++++.xmp#01 (0.01s)
    --- PASS: TestRoundTrip_XMP_NP3_XMP/EXPOSURE__-_2.xmp (0.00s)
    --- PASS: TestRoundTrip_XMP_NP3_XMP/DETAIL_-_Mid.xmp (0.00s)
    --- PASS: TestRoundTrip_XMP_NP3_XMP/SHARPEN_-_High.xmp (0.00s)
    --- PASS: TestRoundTrip_XMP_NP3_XMP/EXPOSURE__-_1.xmp (0.00s)
    --- PASS: TestRoundTrip_XMP_NP3_XMP/--FL_MASTER-FUJI_400H-Pushed-F.xmp (0.00s)
    --- PASS: TestRoundTrip_XMP_NP3_XMP/KDK_-_Echrome_200_-_film.xmp (0.01s)
    --- PASS: TestRoundTrip_XMP_NP3_XMP/--FL_MASTER-FUJI_400H-Original.xmp (0.00s)
    --- PASS: TestRoundTrip_XMP_NP3_XMP/SHARPEN_-_Low.xmp (0.00s)
    --- PASS: TestRoundTrip_XMP_NP3_XMP/LIGHTING_-_Fluorescent.xmp (0.00s)
    --- PASS: TestRoundTrip_XMP_NP3_XMP/KDK_-_Echrome_200_-_cool.xmp (0.01s)
    --- PASS: TestRoundTrip_XMP_NP3_XMP/Lens_on.xmp (0.00s)
    --- PASS: TestRoundTrip_XMP_NP3_XMP/LIGHTING_-_As_Shot.xmp (0.00s)
    --- PASS: TestRoundTrip_XMP_NP3_XMP/FINISH_-_Basic.xmp (0.00s)
    --- PASS: TestRoundTrip_XMP_NP3_XMP/EXPOSURE__0.xmp (0.00s)
    --- PASS: TestRoundTrip_XMP_NP3_XMP/EXPOSURE_+_2.xmp (0.00s)
    --- PASS: TestRoundTrip_XMP_NP3_XMP/EXPOSURE_+_1.xmp (0.00s)
    --- PASS: TestRoundTrip_XMP_NP3_XMP/FINISH_-_Film.xmp (0.00s)
    --- PASS: TestRoundTrip_XMP_NP3_XMP/AGF_-_Portrait_160_-_film.xmp (0.00s)
    --- PASS: TestRoundTrip_XMP_NP3_XMP/AGF_-_Portrait_160_-_cool.xmp (0.00s)
    --- PASS: TestRoundTrip_XMP_NP3_XMP/--FL_MASTER-FUJI_160NS-Pushed-N.xmp (0.00s)
    --- PASS: TestRoundTrip_XMP_NP3_XMP/AGF_-_Portrait_160_-_boost.xmp (0.00s)
    --- PASS: TestRoundTrip_XMP_NP3_XMP/--FL_MASTER-FUJI_160NS-Pushed-F.xmp (0.00s)
FAIL
FAIL	github.com/justin/recipe/internal/converter	0.478s
FAIL
